ï»¿2026-09-23T08:49:02.3404972Z Current runner version: '2.337.0'
2026-09-23T08:49:02.3425931Z ##[group]Runner Image Provisioner
2026-09-23T08:49:02.3426908Z Hosted Compute Agent
2026-09-23T08:49:02.3427408Z Version: 20260828.587
2026-09-23T08:49:02.3428003Z Commit: abac92662cab4cc7352de4f9f9d2e2419aad9c29
2026-09-23T08:49:02.3428608Z Build Date: 2026-08-28T16:44:25Z
2026-09-23T08:49:02.3429158Z Worker ID: {1832b28a-58d2-4bdd-833f-e497faed537f}
2026-09-23T08:49:02.3429875Z Azure Region: westus
2026-09-23T08:49:02.3430349Z ##[endgroup]
2026-09-23T08:49:02.3431774Z ##[group]Operating System
2026-09-23T08:49:02.3432297Z Ubuntu
2026-09-23T08:49:02.3432722Z 24.04.5
2026-09-23T08:49:02.3433246Z LTS
2026-09-23T08:49:02.3433681Z ##[endgroup]
2026-09-23T08:49:02.3434436Z ##[group]Runner Image
2026-09-23T08:49:02.3434960Z Image: ubuntu-24.04
2026-09-23T08:49:02.3435488Z Version: 20260920.314.1
2026-09-23T08:49:02.3436684Z Included Software: https://github.com/actions/runner-images/blob/ubuntu24/20260920.314/images/ubuntu/Ubuntu2404-Readme.md
2026-09-23T08:49:02.3437946Z Image Release: https://github.com/actions/runner-images/releases/tag/ubuntu24%2F20260920.314
2026-09-23T08:49:02.3438748Z ##[endgroup]
2026-09-23T08:49:02.3439780Z ##[group]GITHUB_TOKEN Permissions
2026-09-23T08:49:02.3441549Z Contents: read
2026-09-23T08:49:02.3442028Z Metadata: read
2026-09-23T08:49:02.3442580Z Packages: read
2026-09-23T08:49:02.3443074Z ##[endgroup]
2026-09-23T08:49:02.3444819Z Secret source: Actions
2026-09-23T08:49:02.3445613Z Cache mode: write
2026-09-23T08:49:02.3446651Z Prepare workflow directory
2026-09-23T08:49:02.3706991Z Prepare all required actions
2026-09-23T08:49:02.3745649Z Getting action download info
2026-09-23T08:49:02.7261107Z Download action repository 'actions/checkout@v4' (SHA:11d5960a326750d5838078e36cf38b85af677262)
2026-09-23T08:49:03.0006648Z Download action repository 'actions/setup-python@v5' (SHA:a26af69be951a213d495a4c3e4e4022e16d87065)
2026-09-23T08:49:03.2047348Z Complete job name: test-f3 (KeyError #74)
2026-09-23T08:49:03.2752200Z Node 20 is being deprecated. This workflow is running with Node 24 by default. If you need to temporarily use Node 20, you can set the ACTIONS_ALLOW_USE_UNSECURE_NODE_VERSION=true environment variable. For more information see: https://github.blog/changelog/2025-09-19-deprecation-of-node-20-on-github-actions-runners/
2026-09-23T08:49:03.2762609Z ##[group]Run actions/checkout@v4
2026-09-23T08:49:03.2763567Z with:
2026-09-23T08:49:03.2764059Z   fetch-depth: 1
2026-09-23T08:49:03.2764452Z   repository: DhruvHegde/log-generation
2026-09-23T08:49:03.2767983Z   token: ***
2026-09-23T08:49:03.2768335Z   ssh-strict: true
2026-09-23T08:49:03.2768687Z   ssh-user: git
2026-09-23T08:49:03.2769038Z   persist-credentials: true
2026-09-23T08:49:03.2769421Z   clean: true
2026-09-23T08:49:03.2769774Z   sparse-checkout-cone-mode: true
2026-09-23T08:49:03.2770181Z   fetch-tags: false
2026-09-23T08:49:03.2770538Z   show-progress: true
2026-09-23T08:49:03.2770901Z   lfs: false
2026-09-23T08:49:03.2771292Z   submodules: false
2026-09-23T08:49:03.2771679Z   set-safe-directory: true
2026-09-23T08:49:03.2772079Z   allow-unsafe-pr-checkout: false
2026-09-23T08:49:03.2772703Z ##[endgroup]
2026-09-23T08:49:03.3638380Z Syncing repository: DhruvHegde/log-generation
2026-09-23T08:49:03.3640801Z ##[group]Getting Git version info
2026-09-23T08:49:03.3641757Z Working directory is '/home/runner/work/log-generation/log-generation'
2026-09-23T08:49:03.3643206Z [command]/usr/bin/git version
2026-09-23T08:49:03.3719065Z git version 2.55.0
2026-09-23T08:49:03.3737221Z ##[endgroup]
2026-09-23T08:49:03.3751941Z Temporarily overriding HOME='/home/runner/work/_temp/126e84ce-5d30-4a08-a705-60ee3cc60ebd' before making global git config changes
2026-09-23T08:49:03.3753708Z Adding repository directory to the temporary git global config as a safe directory
2026-09-23T08:49:03.3757414Z [command]/usr/bin/git config --global --add safe.directory /home/runner/work/log-generation/log-generation
2026-09-23T08:49:03.3807119Z Deleting the contents of '/home/runner/work/log-generation/log-generation'
2026-09-23T08:49:03.3810833Z ##[group]Initializing the repository
2026-09-23T08:49:03.3816464Z [command]/usr/bin/git init /home/runner/work/log-generation/log-generation
2026-09-23T08:49:03.4485969Z hint: Using 'master' as the name for the initial branch. This default branch name
2026-09-23T08:49:03.4488002Z hint: will change to "main" in Git 3.0. To configure the initial branch name
2026-09-23T08:49:03.4491422Z hint: to use in all of your new repositories, which will suppress this warning,
2026-09-23T08:49:03.4492417Z hint: call:
2026-09-23T08:49:03.4492932Z hint:
2026-09-23T08:49:03.4493587Z hint: 	git config --global init.defaultBranch <name>
2026-09-23T08:49:03.4494360Z hint:
2026-09-23T08:49:03.4495123Z hint: Names commonly chosen instead of 'master' are 'main', 'trunk' and
2026-09-23T08:49:03.4496302Z hint: 'development'. The just-created branch can be renamed via this command:
2026-09-23T08:49:03.4497805Z hint:
2026-09-23T08:49:03.4498488Z hint: 	git branch -m <name>
2026-09-23T08:49:03.4499110Z hint:
2026-09-23T08:49:03.4499886Z hint: Disable this message with "git config set advice.defaultBranchName false"
2026-09-23T08:49:03.4501286Z Initialized empty Git repository in /home/runner/work/log-generation/log-generation/.git/
2026-09-23T08:49:03.4504726Z [command]/usr/bin/git remote add origin https://github.com/DhruvHegde/log-generation
2026-09-23T08:49:03.4554254Z ##[endgroup]
2026-09-23T08:49:03.4555060Z ##[group]Disabling automatic garbage collection
2026-09-23T08:49:03.4558180Z [command]/usr/bin/git config --local gc.auto 0
2026-09-23T08:49:03.4590084Z ##[endgroup]
2026-09-23T08:49:03.4591103Z ##[group]Setting up auth
2026-09-23T08:49:03.4596128Z [command]/usr/bin/git config --local --name-only --get-regexp core\.sshCommand
2026-09-23T08:49:03.4626114Z [command]/usr/bin/git submodule foreach --recursive sh -c "git config --local --name-only --get-regexp 'core\.sshCommand' && git config --local --unset-all 'core.sshCommand' || :"
2026-09-23T08:49:03.5119980Z [command]/usr/bin/git config --local --name-only --get-regexp http\.https\:\/\/github\.com\/\.extraheader
2026-09-23T08:49:03.5154965Z [command]/usr/bin/git submodule foreach --recursive sh -c "git config --local --name-only --get-regexp 'http\.https\:\/\/github\.com\/\.extraheader' && git config --local --unset-all 'http.https://github.com/.extraheader' || :"
2026-09-23T08:49:03.5355088Z [command]/usr/bin/git config --local --name-only --get-regexp ^includeIf\.gitdir:
2026-09-23T08:49:03.5388507Z [command]/usr/bin/git submodule foreach --recursive git config --local --show-origin --name-only --get-regexp remote.origin.url
2026-09-23T08:49:03.5585918Z [command]/usr/bin/git config --local http.https://github.com/.extraheader AUTHORIZATION: basic ***
2026-09-23T08:49:03.5734871Z ##[endgroup]
2026-09-23T08:49:03.5735555Z ##[group]Fetching the repository
2026-09-23T08:49:03.5743913Z [command]/usr/bin/git -c protocol.version=2 fetch --no-tags --prune --no-recurse-submodules --depth=1 origin +43f20917de93b9aad51cf79a69ad5239c5632917:refs/remotes/origin/feature/f3-test-failures
2026-09-23T08:49:04.9597567Z From https://github.com/DhruvHegde/log-generation
2026-09-23T08:49:04.9607630Z  * [new ref]         43f20917de93b9aad51cf79a69ad5239c5632917 -> origin/feature/f3-test-failures
2026-09-23T08:49:04.9610455Z ##[endgroup]
2026-09-23T08:49:04.9611471Z ##[group]Determining the checkout info
2026-09-23T08:49:04.9612578Z ##[endgroup]
2026-09-23T08:49:04.9613125Z [command]/usr/bin/git sparse-checkout disable
2026-09-23T08:49:04.9681357Z [command]/usr/bin/git config --local --unset-all extensions.worktreeConfig
2026-09-23T08:49:04.9713102Z ##[group]Checking out the ref
2026-09-23T08:49:04.9723583Z [command]/usr/bin/git checkout --progress --force -B feature/f3-test-failures refs/remotes/origin/feature/f3-test-failures
2026-09-23T08:49:05.0039752Z Switched to a new branch 'feature/f3-test-failures'
2026-09-23T08:49:05.0043150Z branch 'feature/f3-test-failures' set up to track 'origin/feature/f3-test-failures'.
2026-09-23T08:49:05.0050664Z ##[endgroup]
2026-09-23T08:49:05.0091764Z [command]/usr/bin/git log -1 --format=%H
2026-09-23T08:49:05.0113844Z 43f20917de93b9aad51cf79a69ad5239c5632917
2026-09-23T08:49:05.0407889Z Node 20 is being deprecated. This workflow is running with Node 24 by default. If you need to temporarily use Node 20, you can set the ACTIONS_ALLOW_USE_UNSECURE_NODE_VERSION=true environment variable. For more information see: https://github.blog/changelog/2025-09-19-deprecation-of-node-20-on-github-actions-runners/
2026-09-23T08:49:05.0411541Z ##[group]Run actions/setup-python@v5
2026-09-23T08:49:05.0412483Z with:
2026-09-23T08:49:05.0413256Z   python-version: 3.11
2026-09-23T08:49:05.0414117Z   check-latest: false
2026-09-23T08:49:05.0420859Z   token: ***
2026-09-23T08:49:05.0421688Z   update-environment: true
2026-09-23T08:49:05.0422603Z   allow-prereleases: false
2026-09-23T08:49:05.0423491Z   freethreaded: false
2026-09-23T08:49:05.0424314Z ##[endgroup]
2026-09-23T08:49:05.1487467Z ##[group]Installed versions
2026-09-23T08:49:05.2510636Z (node:2021) [DEP0040] DeprecationWarning: The `punycode` module is deprecated. Please use a userland alternative instead.
2026-09-23T08:49:05.2511603Z (Use `node --trace-deprecation ...` to show where the warning was created)
2026-09-23T08:49:05.2512156Z Successfully set up CPython (3.11.16)
2026-09-23T08:49:05.2512644Z ##[endgroup]
2026-09-23T08:49:05.2731684Z ##[group]Run pip install --no-cache-dir pytest
2026-09-23T08:49:05.2732396Z [36;1mpip install --no-cache-dir pytest[0m
2026-09-23T08:49:05.3018570Z shell: /usr/bin/bash -e {0}
2026-09-23T08:49:05.3018910Z env:
2026-09-23T08:49:05.3019199Z   pythonLocation: /opt/hostedtoolcache/Python/3.11.16/x64
2026-09-23T08:49:05.3019597Z   PKG_CONFIG_PATH: /opt/hostedtoolcache/Python/3.11.16/x64/lib/pkgconfig
2026-09-23T08:49:05.3019987Z   Python_ROOT_DIR: /opt/hostedtoolcache/Python/3.11.16/x64
2026-09-23T08:49:05.3020324Z   Python2_ROOT_DIR: /opt/hostedtoolcache/Python/3.11.16/x64
2026-09-23T08:49:05.3020655Z   Python3_ROOT_DIR: /opt/hostedtoolcache/Python/3.11.16/x64
2026-09-23T08:49:05.3021026Z   LD_LIBRARY_PATH: /opt/hostedtoolcache/Python/3.11.16/x64/lib
2026-09-23T08:49:05.3021336Z ##[endgroup]
2026-09-23T08:49:06.8202203Z Collecting pytest
2026-09-23T08:49:06.9064478Z   Downloading pytest-9.1.1-py3-none-any.whl.metadata (7.6 kB)
2026-09-23T08:49:06.9217035Z Collecting iniconfig>=1.0.1 (from pytest)
2026-09-23T08:49:06.9409553Z   Downloading iniconfig-2.3.0-py3-none-any.whl.metadata (2.5 kB)
2026-09-23T08:49:06.9567065Z Collecting packaging>=22 (from pytest)
2026-09-23T08:49:06.9764288Z   Downloading packaging-26.3-py3-none-any.whl.metadata (3.5 kB)
2026-09-23T08:49:06.9903354Z Collecting pluggy<2,>=1.5 (from pytest)
2026-09-23T08:49:07.0101997Z   Downloading pluggy-1.6.0-py3-none-any.whl.metadata (4.8 kB)
2026-09-23T08:49:07.0294041Z Collecting pygments>=2.7.2 (from pytest)
2026-09-23T08:49:07.0483979Z   Downloading pygments-2.21.0-py3-none-any.whl.metadata (2.5 kB)
2026-09-23T08:49:07.0702214Z Downloading pytest-9.1.1-py3-none-any.whl (386 kB)
2026-09-23T08:49:07.1602012Z Downloading pluggy-1.6.0-py3-none-any.whl (20 kB)
2026-09-23T08:49:07.1793888Z Downloading iniconfig-2.3.0-py3-none-any.whl (7.5 kB)
2026-09-23T08:49:07.1986114Z Downloading packaging-26.3-py3-none-any.whl (129 kB)
2026-09-23T08:49:07.2198269Z Downloading pygments-2.21.0-py3-none-any.whl (1.3 MB)
2026-09-23T08:49:07.2727705Z    ââââââââââââââââââââââââââââââââââââââââ 1.3/1.3 MB 21.8 MB/s  0:00:00
2026-09-23T08:49:07.3831640Z Installing collected packages: pygments, pluggy, packaging, iniconfig, pytest
2026-09-23T08:49:08.2140586Z 
2026-09-23T08:49:08.2148537Z Successfully installed iniconfig-2.3.0 packaging-26.3 pluggy-1.6.0 pygments-2.21.0 pytest-9.1.1
2026-09-23T08:49:08.2606016Z ##[group]Run python automation/inject_mutation.py --error-type "KeyError"
2026-09-23T08:49:08.2606704Z [36;1mpython automation/inject_mutation.py --error-type "KeyError"[0m
2026-09-23T08:49:08.2665351Z shell: /usr/bin/bash -e {0}
2026-09-23T08:49:08.2665573Z env:
2026-09-23T08:49:08.2665795Z   pythonLocation: /opt/hostedtoolcache/Python/3.11.16/x64
2026-09-23T08:49:08.2666328Z   PKG_CONFIG_PATH: /opt/hostedtoolcache/Python/3.11.16/x64/lib/pkgconfig
2026-09-23T08:49:08.2666843Z   Python_ROOT_DIR: /opt/hostedtoolcache/Python/3.11.16/x64
2026-09-23T08:49:08.2667141Z   Python2_ROOT_DIR: /opt/hostedtoolcache/Python/3.11.16/x64
2026-09-23T08:49:08.2667454Z   Python3_ROOT_DIR: /opt/hostedtoolcache/Python/3.11.16/x64
2026-09-23T08:49:08.2667751Z   LD_LIBRARY_PATH: /opt/hostedtoolcache/Python/3.11.16/x64/lib
2026-09-23T08:49:08.2668033Z ##[endgroup]
2026-09-23T08:49:08.2948684Z [Mutation Injected] Successfully injected KeyError into tests/test_app.py
2026-09-23T08:49:08.3009139Z ##[group]Run pytest tests/test_app.py -v
2026-09-23T08:49:08.3009425Z [36;1mpytest tests/test_app.py -v[0m
2026-09-23T08:49:08.3066118Z shell: /usr/bin/bash -e {0}
2026-09-23T08:49:08.3066330Z env:
2026-09-23T08:49:08.3066750Z   pythonLocation: /opt/hostedtoolcache/Python/3.11.16/x64
2026-09-23T08:49:08.3067103Z   PKG_CONFIG_PATH: /opt/hostedtoolcache/Python/3.11.16/x64/lib/pkgconfig
2026-09-23T08:49:08.3067447Z   Python_ROOT_DIR: /opt/hostedtoolcache/Python/3.11.16/x64
2026-09-23T08:49:08.3067744Z   Python2_ROOT_DIR: /opt/hostedtoolcache/Python/3.11.16/x64
2026-09-23T08:49:08.3068031Z   Python3_ROOT_DIR: /opt/hostedtoolcache/Python/3.11.16/x64
2026-09-23T08:49:08.3068338Z   LD_LIBRARY_PATH: /opt/hostedtoolcache/Python/3.11.16/x64/lib
2026-09-23T08:49:08.3068605Z ##[endgroup]
2026-09-23T08:49:09.4788329Z ============================= test session starts ==============================
2026-09-23T08:49:09.4789144Z platform linux -- Python 3.11.16, pytest-9.1.1, pluggy-1.6.0 -- /opt/hostedtoolcache/Python/3.11.16/x64/bin/python
2026-09-23T08:49:09.4789722Z cachedir: .pytest_cache
2026-09-23T08:49:09.4790063Z rootdir: /home/runner/work/log-generation/log-generation
2026-09-23T08:49:09.4790451Z configfile: pytest.ini
2026-09-23T08:49:09.4854569Z collecting ... collected 6 items
2026-09-23T08:49:09.4854839Z 
2026-09-23T08:49:09.4862115Z tests/test_app.py::test_calculate_division PASSED                        [ 16%]
2026-09-23T08:49:09.4868133Z tests/test_app.py::test_convert_to_int PASSED                            [ 33%]
2026-09-23T08:49:09.4874129Z tests/test_app.py::test_get_list_item PASSED                             [ 50%]
2026-09-23T08:49:09.4879868Z tests/test_app.py::test_get_dict_value PASSED                            [ 66%]
2026-09-23T08:49:09.4885302Z tests/test_app.py::test_assert_positive PASSED                           [ 83%]
2026-09-23T08:49:09.5120979Z tests/test_app.py::test_key_error FAILED                                 [100%]
2026-09-23T08:49:09.5121393Z 
2026-09-23T08:49:09.5121614Z =================================== FAILURES ===================================
2026-09-23T08:49:09.5122143Z ________________________________ test_key_error ________________________________
2026-09-23T08:49:09.5122484Z 
2026-09-23T08:49:09.5122614Z     def test_key_error():
2026-09-23T08:49:09.5122946Z         """Injected synthetic KeyError."""
2026-09-23T08:49:09.5123347Z         from src.app import get_dict_value
2026-09-23T08:49:09.5123728Z         config = {"env": "staging", "retries": 3}
2026-09-23T08:49:09.5124133Z >       get_dict_value(config, "missing_auth_token")
2026-09-23T08:49:09.5124420Z 
2026-09-23T08:49:09.5124564Z tests/test_app.py:140: 
2026-09-23T08:49:09.5124934Z _ _ _ _ _ _ _ _ _ _ _ _ _ _ _ _ _ _ _ _ _ _ _ _ _ _ _ _ _ _ _ _ _ _ _ _ _ _ _ _ 
2026-09-23T08:49:09.5125229Z 
2026-09-23T08:49:09.5125415Z d = {'env': 'staging', 'retries': 3}, key = 'missing_auth_token'
2026-09-23T08:49:09.5125699Z 
2026-09-23T08:49:09.5125821Z     def get_dict_value(d, key):
2026-09-23T08:49:09.5126130Z >       return d[key]
2026-09-23T08:49:09.5126594Z                ^^^^^^
2026-09-23T08:49:09.5126869Z E       KeyError: 'missing_auth_token'
2026-09-23T08:49:09.5127102Z 
2026-09-23T08:49:09.5127212Z src/app.py:11: KeyError
2026-09-23T08:49:09.5127602Z =========================== short test summary info ============================
2026-09-23T08:49:09.5128163Z FAILED tests/test_app.py::test_key_error - KeyError: 'missing_auth_token'
2026-09-23T08:49:09.5129035Z ========================= 1 failed, 5 passed in 0.03s ==========================
2026-09-23T08:49:09.5299713Z ##[error]Process completed with exit code 1.
2026-09-23T08:49:09.5416901Z Node 20 is being deprecated. This workflow is running with Node 24 by default. If you need to temporarily use Node 20, you can set the ACTIONS_ALLOW_USE_UNSECURE_NODE_VERSION=true environment variable. For more information see: https://github.blog/changelog/2025-09-19-deprecation-of-node-20-on-github-actions-runners/
2026-09-23T08:49:09.5417847Z Post job cleanup.
2026-09-23T08:49:09.6101757Z [command]/usr/bin/git version
2026-09-23T08:49:09.6137515Z git version 2.55.0
2026-09-23T08:49:09.6198377Z Temporarily overriding HOME='/home/runner/work/_temp/41f142e5-3292-48e7-9662-577f130b1125' before making global git config changes
2026-09-23T08:49:09.6199661Z Adding repository directory to the temporary git global config as a safe directory
2026-09-23T08:49:09.6203046Z [command]/usr/bin/git config --global --add safe.directory /home/runner/work/log-generation/log-generation
2026-09-23T08:49:09.6391222Z [command]/usr/bin/git config --local --name-only --get-regexp core\.sshCommand
2026-09-23T08:49:09.6428412Z [command]/usr/bin/git submodule foreach --recursive sh -c "git config --local --name-only --get-regexp 'core\.sshCommand' && git config --local --unset-all 'core.sshCommand' || :"
2026-09-23T08:49:09.6681786Z [command]/usr/bin/git config --local --name-only --get-regexp http\.https\:\/\/github\.com\/\.extraheader
2026-09-23T08:49:09.6708331Z http.https://github.com/.extraheader
2026-09-23T08:49:09.6718962Z [command]/usr/bin/git config --local --unset-all http.https://github.com/.extraheader
2026-09-23T08:49:09.7190745Z [command]/usr/bin/git submodule foreach --recursive sh -c "git config --local --name-only --get-regexp 'http\.https\:\/\/github\.com\/\.extraheader' && git config --local --unset-all 'http.https://github.com/.extraheader' || :"
2026-09-23T08:49:09.7407211Z [command]/usr/bin/git config --local --name-only --get-regexp ^includeIf\.gitdir:
2026-09-23T08:49:09.7441312Z [command]/usr/bin/git submodule foreach --recursive git config --local --show-origin --name-only --get-regexp remote.origin.url
2026-09-23T08:49:09.7780513Z Cleaning up orphan processes
2026-09-23T08:49:09.8038631Z ##[warning]Node.js 20 is deprecated. The following actions target Node.js 20 but are being forced to run on Node.js 24: actions/checkout@v4, actions/setup-python@v5. For more information see: https://github.blog/changelog/2025-09-19-deprecation-of-node-20-on-github-actions-runners/
