ï»¿2026-09-23T08:45:35.8880482Z Current runner version: '2.337.0'
2026-09-23T08:45:35.8907892Z ##[group]Runner Image Provisioner
2026-09-23T08:45:35.8908798Z Hosted Compute Agent
2026-09-23T08:45:35.8909512Z Version: 20260828.587
2026-09-23T08:45:35.8910257Z Commit: abac92662cab4cc7352de4f9f9d2e2419aad9c29
2026-09-23T08:45:35.8911061Z Build Date: 2026-08-28T16:44:25Z
2026-09-23T08:45:35.8911891Z Worker ID: {4cdbaef4-0649-47a6-a2a0-5a7026343c05}
2026-09-23T08:45:35.8912691Z Azure Region: northcentralus
2026-09-23T08:45:35.8913387Z ##[endgroup]
2026-09-23T08:45:35.8914842Z ##[group]Operating System
2026-09-23T08:45:35.8915704Z Ubuntu
2026-09-23T08:45:35.8916355Z 24.04.5
2026-09-23T08:45:35.8916925Z LTS
2026-09-23T08:45:35.8917861Z ##[endgroup]
2026-09-23T08:45:35.8918575Z ##[group]Runner Image
2026-09-23T08:45:35.8919298Z Image: ubuntu-24.04
2026-09-23T08:45:35.8919966Z Version: 20260907.300.1
2026-09-23T08:45:35.8921301Z Included Software: https://github.com/actions/runner-images/blob/ubuntu24/20260907.300/images/ubuntu/Ubuntu2404-Readme.md
2026-09-23T08:45:35.8922943Z Image Release: https://github.com/actions/runner-images/releases/tag/ubuntu24%2F20260907.300
2026-09-23T08:45:35.8924008Z ##[endgroup]
2026-09-23T08:45:35.8925430Z ##[group]GITHUB_TOKEN Permissions
2026-09-23T08:45:35.8927746Z Contents: read
2026-09-23T08:45:35.8928518Z Metadata: read
2026-09-23T08:45:35.8929162Z Packages: read
2026-09-23T08:45:35.8929760Z ##[endgroup]
2026-09-23T08:45:35.8932080Z Secret source: Actions
2026-09-23T08:45:35.8933101Z Cache mode: write
2026-09-23T08:45:35.8934224Z Prepare workflow directory
2026-09-23T08:45:35.9355967Z Prepare all required actions
2026-09-23T08:45:35.9425749Z Getting action download info
2026-09-23T08:45:36.1790301Z Download action repository 'actions/checkout@v4' (SHA:11d5960a326750d5838078e36cf38b85af677262)
2026-09-23T08:45:36.2669645Z Download action repository 'actions/setup-python@v5' (SHA:a26af69be951a213d495a4c3e4e4022e16d87065)
2026-09-23T08:45:36.4652645Z Complete job name: test-f3 (ValueError #238)
2026-09-23T08:45:36.5418090Z Node 20 is being deprecated. This workflow is running with Node 24 by default. If you need to temporarily use Node 20, you can set the ACTIONS_ALLOW_USE_UNSECURE_NODE_VERSION=true environment variable. For more information see: https://github.blog/changelog/2025-09-19-deprecation-of-node-20-on-github-actions-runners/
2026-09-23T08:45:36.5427107Z ##[group]Run actions/checkout@v4
2026-09-23T08:45:36.5427821Z with:
2026-09-23T08:45:36.5428249Z   fetch-depth: 1
2026-09-23T08:45:36.5428734Z   repository: DhruvHegde/log-generation
2026-09-23T08:45:36.5432638Z   token: ***
2026-09-23T08:45:36.5433080Z   ssh-strict: true
2026-09-23T08:45:36.5433533Z   ssh-user: git
2026-09-23T08:45:36.5433973Z   persist-credentials: true
2026-09-23T08:45:36.5434459Z   clean: true
2026-09-23T08:45:36.5434905Z   sparse-checkout-cone-mode: true
2026-09-23T08:45:36.5435629Z   fetch-tags: false
2026-09-23T08:45:36.5436090Z   show-progress: true
2026-09-23T08:45:36.5436540Z   lfs: false
2026-09-23T08:45:36.5436991Z   submodules: false
2026-09-23T08:45:36.5437471Z   set-safe-directory: true
2026-09-23T08:45:36.5437974Z   allow-unsafe-pr-checkout: false
2026-09-23T08:45:36.5438678Z ##[endgroup]
2026-09-23T08:45:36.6493773Z Syncing repository: DhruvHegde/log-generation
2026-09-23T08:45:36.6496265Z ##[group]Getting Git version info
2026-09-23T08:45:36.6497453Z Working directory is '/home/runner/work/log-generation/log-generation'
2026-09-23T08:45:36.6498870Z [command]/usr/bin/git version
2026-09-23T08:45:36.6536177Z git version 2.55.0
2026-09-23T08:45:36.6556117Z ##[endgroup]
2026-09-23T08:45:36.6571217Z Temporarily overriding HOME='/home/runner/work/_temp/936d2399-4595-41b8-a524-4de030959a06' before making global git config changes
2026-09-23T08:45:36.6573549Z Adding repository directory to the temporary git global config as a safe directory
2026-09-23T08:45:36.6576613Z [command]/usr/bin/git config --global --add safe.directory /home/runner/work/log-generation/log-generation
2026-09-23T08:45:36.6624009Z Deleting the contents of '/home/runner/work/log-generation/log-generation'
2026-09-23T08:45:36.6632790Z ##[group]Initializing the repository
2026-09-23T08:45:36.6644241Z [command]/usr/bin/git init /home/runner/work/log-generation/log-generation
2026-09-23T08:45:36.6715739Z hint: Using 'master' as the name for the initial branch. This default branch name
2026-09-23T08:45:36.6717608Z hint: will change to "main" in Git 3.0. To configure the initial branch name
2026-09-23T08:45:36.6719438Z hint: to use in all of your new repositories, which will suppress this warning,
2026-09-23T08:45:36.6720891Z hint: call:
2026-09-23T08:45:36.6721715Z hint:
2026-09-23T08:45:36.6722717Z hint: 	git config --global init.defaultBranch <name>
2026-09-23T08:45:36.6723969Z hint:
2026-09-23T08:45:36.6725367Z hint: Names commonly chosen instead of 'master' are 'main', 'trunk' and
2026-09-23T08:45:36.6727185Z hint: 'development'. The just-created branch can be renamed via this command:
2026-09-23T08:45:36.6728704Z hint:
2026-09-23T08:45:36.6729718Z hint: 	git branch -m <name>
2026-09-23T08:45:36.6730750Z hint:
2026-09-23T08:45:36.6731967Z hint: Disable this message with "git config set advice.defaultBranchName false"
2026-09-23T08:45:36.6734005Z Initialized empty Git repository in /home/runner/work/log-generation/log-generation/.git/
2026-09-23T08:45:36.6737737Z [command]/usr/bin/git remote add origin https://github.com/DhruvHegde/log-generation
2026-09-23T08:45:36.6776102Z ##[endgroup]
2026-09-23T08:45:36.6777245Z ##[group]Disabling automatic garbage collection
2026-09-23T08:45:36.6780789Z [command]/usr/bin/git config --local gc.auto 0
2026-09-23T08:45:36.6815542Z ##[endgroup]
2026-09-23T08:45:36.6816602Z ##[group]Setting up auth
2026-09-23T08:45:36.6823878Z [command]/usr/bin/git config --local --name-only --get-regexp core\.sshCommand
2026-09-23T08:45:36.6860159Z [command]/usr/bin/git submodule foreach --recursive sh -c "git config --local --name-only --get-regexp 'core\.sshCommand' && git config --local --unset-all 'core.sshCommand' || :"
2026-09-23T08:45:36.7228151Z [command]/usr/bin/git config --local --name-only --get-regexp http\.https\:\/\/github\.com\/\.extraheader
2026-09-23T08:45:36.7268807Z [command]/usr/bin/git submodule foreach --recursive sh -c "git config --local --name-only --get-regexp 'http\.https\:\/\/github\.com\/\.extraheader' && git config --local --unset-all 'http.https://github.com/.extraheader' || :"
2026-09-23T08:45:36.7535715Z [command]/usr/bin/git config --local --name-only --get-regexp ^includeIf\.gitdir:
2026-09-23T08:45:36.7574534Z [command]/usr/bin/git submodule foreach --recursive git config --local --show-origin --name-only --get-regexp remote.origin.url
2026-09-23T08:45:36.7819879Z [command]/usr/bin/git config --local http.https://github.com/.extraheader AUTHORIZATION: basic ***
2026-09-23T08:45:36.7863223Z ##[endgroup]
2026-09-23T08:45:36.7864442Z ##[group]Fetching the repository
2026-09-23T08:45:36.7874858Z [command]/usr/bin/git -c protocol.version=2 fetch --no-tags --prune --no-recurse-submodules --depth=1 origin +dfcb6f158e4bd8054252a4da5d0a9edc2ab15d57:refs/remotes/origin/feature/f3-test-failures
2026-09-23T08:45:37.0957329Z From https://github.com/DhruvHegde/log-generation
2026-09-23T08:45:37.0958590Z  * [new ref]         dfcb6f158e4bd8054252a4da5d0a9edc2ab15d57 -> origin/feature/f3-test-failures
2026-09-23T08:45:37.0963674Z ##[endgroup]
2026-09-23T08:45:37.0965044Z ##[group]Determining the checkout info
2026-09-23T08:45:37.0966294Z ##[endgroup]
2026-09-23T08:45:37.0971488Z [command]/usr/bin/git sparse-checkout disable
2026-09-23T08:45:37.1023683Z [command]/usr/bin/git config --local --unset-all extensions.worktreeConfig
2026-09-23T08:45:37.1060266Z ##[group]Checking out the ref
2026-09-23T08:45:37.1104240Z [command]/usr/bin/git checkout --progress --force -B feature/f3-test-failures refs/remotes/origin/feature/f3-test-failures
2026-09-23T08:45:37.1183069Z Switched to a new branch 'feature/f3-test-failures'
2026-09-23T08:45:37.1187571Z branch 'feature/f3-test-failures' set up to track 'origin/feature/f3-test-failures'.
2026-09-23T08:45:37.1194519Z ##[endgroup]
2026-09-23T08:45:37.1240767Z [command]/usr/bin/git log -1 --format=%H
2026-09-23T08:45:37.1271604Z dfcb6f158e4bd8054252a4da5d0a9edc2ab15d57
2026-09-23T08:45:37.1578432Z Node 20 is being deprecated. This workflow is running with Node 24 by default. If you need to temporarily use Node 20, you can set the ACTIONS_ALLOW_USE_UNSECURE_NODE_VERSION=true environment variable. For more information see: https://github.blog/changelog/2025-09-19-deprecation-of-node-20-on-github-actions-runners/
2026-09-23T08:45:37.1581775Z ##[group]Run actions/setup-python@v5
2026-09-23T08:45:37.1582374Z with:
2026-09-23T08:45:37.1582843Z   python-version: 3.11
2026-09-23T08:45:37.1583351Z   check-latest: false
2026-09-23T08:45:37.1587713Z   token: ***
2026-09-23T08:45:37.1588193Z   update-environment: true
2026-09-23T08:45:37.1588736Z   allow-prereleases: false
2026-09-23T08:45:37.1589265Z   freethreaded: false
2026-09-23T08:45:37.1589761Z ##[endgroup]
2026-09-23T08:45:37.2929035Z ##[group]Installed versions
2026-09-23T08:45:37.3019467Z (node:2250) [DEP0040] DeprecationWarning: The `punycode` module is deprecated. Please use a userland alternative instead.
2026-09-23T08:45:37.3020995Z (Use `node --trace-deprecation ...` to show where the warning was created)
2026-09-23T08:45:37.3022221Z Successfully set up CPython (3.11.16)
2026-09-23T08:45:37.3040335Z ##[endgroup]
2026-09-23T08:45:37.3247069Z ##[group]Run pip install --no-cache-dir pytest
2026-09-23T08:45:37.3248008Z [36;1mpip install --no-cache-dir pytest[0m
2026-09-23T08:45:37.3303265Z shell: /usr/bin/bash -e {0}
2026-09-23T08:45:37.3304218Z env:
2026-09-23T08:45:37.3305145Z   pythonLocation: /opt/hostedtoolcache/Python/3.11.16/x64
2026-09-23T08:45:37.3306879Z   PKG_CONFIG_PATH: /opt/hostedtoolcache/Python/3.11.16/x64/lib/pkgconfig
2026-09-23T08:45:37.3308401Z   Python_ROOT_DIR: /opt/hostedtoolcache/Python/3.11.16/x64
2026-09-23T08:45:37.3309774Z   Python2_ROOT_DIR: /opt/hostedtoolcache/Python/3.11.16/x64
2026-09-23T08:45:37.3311114Z   Python3_ROOT_DIR: /opt/hostedtoolcache/Python/3.11.16/x64
2026-09-23T08:45:37.3413550Z   LD_LIBRARY_PATH: /opt/hostedtoolcache/Python/3.11.16/x64/lib
2026-09-23T08:45:37.3414909Z ##[endgroup]
2026-09-23T08:45:38.1496818Z Collecting pytest
2026-09-23T08:45:38.2001229Z   Downloading pytest-9.1.1-py3-none-any.whl.metadata (7.6 kB)
2026-09-23T08:45:38.2096218Z Collecting iniconfig>=1.0.1 (from pytest)
2026-09-23T08:45:38.2138206Z   Downloading iniconfig-2.3.0-py3-none-any.whl.metadata (2.5 kB)
2026-09-23T08:45:38.2237563Z Collecting packaging>=22 (from pytest)
2026-09-23T08:45:38.2276964Z   Downloading packaging-26.3-py3-none-any.whl.metadata (3.5 kB)
2026-09-23T08:45:38.2354985Z Collecting pluggy<2,>=1.5 (from pytest)
2026-09-23T08:45:38.2392810Z   Downloading pluggy-1.6.0-py3-none-any.whl.metadata (4.8 kB)
2026-09-23T08:45:38.2525150Z Collecting pygments>=2.7.2 (from pytest)
2026-09-23T08:45:38.2562664Z   Downloading pygments-2.21.0-py3-none-any.whl.metadata (2.5 kB)
2026-09-23T08:45:38.2623736Z Downloading pytest-9.1.1-py3-none-any.whl (386 kB)
2026-09-23T08:45:38.2799092Z Downloading pluggy-1.6.0-py3-none-any.whl (20 kB)
2026-09-23T08:45:38.2838958Z Downloading iniconfig-2.3.0-py3-none-any.whl (7.5 kB)
2026-09-23T08:45:38.2880754Z Downloading packaging-26.3-py3-none-any.whl (129 kB)
2026-09-23T08:45:38.2923461Z Downloading pygments-2.21.0-py3-none-any.whl (1.3 MB)
2026-09-23T08:45:38.3142172Z    ââââââââââââââââââââââââââââââââââââââââ 1.3/1.3 MB 67.4 MB/s  0:00:00
2026-09-23T08:45:38.3776580Z Installing collected packages: pygments, pluggy, packaging, iniconfig, pytest
2026-09-23T08:45:39.3473437Z 
2026-09-23T08:45:39.3483155Z Successfully installed iniconfig-2.3.0 packaging-26.3 pluggy-1.6.0 pygments-2.21.0 pytest-9.1.1
2026-09-23T08:45:39.4084894Z ##[group]Run python automation/inject_mutation.py --error-type "ValueError"
2026-09-23T08:45:39.4085763Z [36;1mpython automation/inject_mutation.py --error-type "ValueError"[0m
2026-09-23T08:45:39.4128051Z shell: /usr/bin/bash -e {0}
2026-09-23T08:45:39.4128332Z env:
2026-09-23T08:45:39.4128635Z   pythonLocation: /opt/hostedtoolcache/Python/3.11.16/x64
2026-09-23T08:45:39.4129357Z   PKG_CONFIG_PATH: /opt/hostedtoolcache/Python/3.11.16/x64/lib/pkgconfig
2026-09-23T08:45:39.4129831Z   Python_ROOT_DIR: /opt/hostedtoolcache/Python/3.11.16/x64
2026-09-23T08:45:39.4130239Z   Python2_ROOT_DIR: /opt/hostedtoolcache/Python/3.11.16/x64
2026-09-23T08:45:39.4130647Z   Python3_ROOT_DIR: /opt/hostedtoolcache/Python/3.11.16/x64
2026-09-23T08:45:39.4131037Z   LD_LIBRARY_PATH: /opt/hostedtoolcache/Python/3.11.16/x64/lib
2026-09-23T08:45:39.4131379Z ##[endgroup]
2026-09-23T08:45:39.4452283Z [Mutation Injected] Successfully injected ValueError into tests/test_app.py
2026-09-23T08:45:39.4525801Z ##[group]Run pytest tests/test_app.py -v
2026-09-23T08:45:39.4526209Z [36;1mpytest tests/test_app.py -v[0m
2026-09-23T08:45:39.4567675Z shell: /usr/bin/bash -e {0}
2026-09-23T08:45:39.4567945Z env:
2026-09-23T08:45:39.4568231Z   pythonLocation: /opt/hostedtoolcache/Python/3.11.16/x64
2026-09-23T08:45:39.4568688Z   PKG_CONFIG_PATH: /opt/hostedtoolcache/Python/3.11.16/x64/lib/pkgconfig
2026-09-23T08:45:39.4569159Z   Python_ROOT_DIR: /opt/hostedtoolcache/Python/3.11.16/x64
2026-09-23T08:45:39.4569550Z   Python2_ROOT_DIR: /opt/hostedtoolcache/Python/3.11.16/x64
2026-09-23T08:45:39.4569924Z   Python3_ROOT_DIR: /opt/hostedtoolcache/Python/3.11.16/x64
2026-09-23T08:45:39.4570305Z   LD_LIBRARY_PATH: /opt/hostedtoolcache/Python/3.11.16/x64/lib
2026-09-23T08:45:39.4570641Z ##[endgroup]
2026-09-23T08:45:39.6826114Z ============================= test session starts ==============================
2026-09-23T08:45:39.6827246Z platform linux -- Python 3.11.16, pytest-9.1.1, pluggy-1.6.0 -- /opt/hostedtoolcache/Python/3.11.16/x64/bin/python
2026-09-23T08:45:39.6828062Z cachedir: .pytest_cache
2026-09-23T08:45:39.6828582Z rootdir: /home/runner/work/log-generation/log-generation
2026-09-23T08:45:39.6829110Z configfile: pytest.ini
2026-09-23T08:45:39.6908567Z collecting ... collected 6 items
2026-09-23T08:45:39.6908870Z 
2026-09-23T08:45:39.6917265Z tests/test_app.py::test_calculate_division PASSED                        [ 16%]
2026-09-23T08:45:39.6923678Z tests/test_app.py::test_convert_to_int PASSED                            [ 33%]
2026-09-23T08:45:39.6930303Z tests/test_app.py::test_get_list_item PASSED                             [ 50%]
2026-09-23T08:45:39.6936281Z tests/test_app.py::test_get_dict_value PASSED                            [ 66%]
2026-09-23T08:45:39.6942073Z tests/test_app.py::test_assert_positive PASSED                           [ 83%]
2026-09-23T08:45:39.7261866Z tests/test_app.py::test_value_error FAILED                               [100%]
2026-09-23T08:45:39.7262439Z 
2026-09-23T08:45:39.7262728Z =================================== FAILURES ===================================
2026-09-23T08:45:39.7263450Z _______________________________ test_value_error _______________________________
2026-09-23T08:45:39.7263898Z 
2026-09-23T08:45:39.7264065Z     def test_value_error():
2026-09-23T08:45:39.7264477Z         """Injected synthetic ValueError."""
2026-09-23T08:45:39.7265015Z         from src.app import convert_to_int
2026-09-23T08:45:39.7265844Z >       convert_to_int("unparseable_alphanumeric_0x99")
2026-09-23T08:45:39.7266234Z 
2026-09-23T08:45:39.7266389Z tests/test_app.py:137: 
2026-09-23T08:45:39.7266852Z _ _ _ _ _ _ _ _ _ _ _ _ _ _ _ _ _ _ _ _ _ _ _ _ _ _ _ _ _ _ _ _ _ _ _ _ _ _ _ _ 
2026-09-23T08:45:39.7267265Z 
2026-09-23T08:45:39.7267454Z val = 'unparseable_alphanumeric_0x99'
2026-09-23T08:45:39.7267776Z 
2026-09-23T08:45:39.7267948Z     def convert_to_int(val):
2026-09-23T08:45:39.7268337Z >       return int(val)
2026-09-23T08:45:39.7268674Z                ^^^^^^^^
2026-09-23T08:45:39.7269255Z E       ValueError: invalid literal for int() with base 10: 'unparseable_alphanumeric_0x99'
2026-09-23T08:45:39.7269805Z 
2026-09-23T08:45:39.7269952Z src/app.py:5: ValueError
2026-09-23T08:45:39.7270430Z =========================== short test summary info ============================
2026-09-23T08:45:39.7271504Z FAILED tests/test_app.py::test_value_error - ValueError: invalid literal for int() with base 10: 'unparseable_alphanumeric_0x99'
2026-09-23T08:45:39.7272995Z ========================= 1 failed, 5 passed in 0.03s ==========================
2026-09-23T08:45:39.7483846Z ##[error]Process completed with exit code 1.
2026-09-23T08:45:39.7628526Z Node 20 is being deprecated. This workflow is running with Node 24 by default. If you need to temporarily use Node 20, you can set the ACTIONS_ALLOW_USE_UNSECURE_NODE_VERSION=true environment variable. For more information see: https://github.blog/changelog/2025-09-19-deprecation-of-node-20-on-github-actions-runners/
2026-09-23T08:45:39.7629731Z Post job cleanup.
2026-09-23T08:45:39.8496961Z [command]/usr/bin/git version
2026-09-23T08:45:39.8541310Z git version 2.55.0
2026-09-23T08:45:39.8579228Z Temporarily overriding HOME='/home/runner/work/_temp/b3cdfd13-a0b8-4f7d-ac05-aaa3251947de' before making global git config changes
2026-09-23T08:45:39.8580647Z Adding repository directory to the temporary git global config as a safe directory
2026-09-23T08:45:39.8584651Z [command]/usr/bin/git config --global --add safe.directory /home/runner/work/log-generation/log-generation
2026-09-23T08:45:39.8627775Z [command]/usr/bin/git config --local --name-only --get-regexp core\.sshCommand
2026-09-23T08:45:39.8674006Z [command]/usr/bin/git submodule foreach --recursive sh -c "git config --local --name-only --get-regexp 'core\.sshCommand' && git config --local --unset-all 'core.sshCommand' || :"
2026-09-23T08:45:39.8940114Z [command]/usr/bin/git config --local --name-only --get-regexp http\.https\:\/\/github\.com\/\.extraheader
2026-09-23T08:45:39.8968901Z http.https://github.com/.extraheader
2026-09-23T08:45:39.8980495Z [command]/usr/bin/git config --local --unset-all http.https://github.com/.extraheader
2026-09-23T08:45:39.9023377Z [command]/usr/bin/git submodule foreach --recursive sh -c "git config --local --name-only --get-regexp 'http\.https\:\/\/github\.com\/\.extraheader' && git config --local --unset-all 'http.https://github.com/.extraheader' || :"
2026-09-23T08:45:39.9303815Z [command]/usr/bin/git config --local --name-only --get-regexp ^includeIf\.gitdir:
2026-09-23T08:45:39.9347827Z [command]/usr/bin/git submodule foreach --recursive git config --local --show-origin --name-only --get-regexp remote.origin.url
2026-09-23T08:45:39.9795533Z Cleaning up orphan processes
2026-09-23T08:45:40.0082507Z ##[warning]Node.js 20 is deprecated. The following actions target Node.js 20 but are being forced to run on Node.js 24: actions/checkout@v4, actions/setup-python@v5. For more information see: https://github.blog/changelog/2025-09-19-deprecation-of-node-20-on-github-actions-runners/
