ï»¿2026-09-23T08:44:12.6730318Z Current runner version: '2.337.0'
2026-09-23T08:44:12.6754871Z ##[group]Runner Image Provisioner
2026-09-23T08:44:12.6755763Z Hosted Compute Agent
2026-09-23T08:44:12.6756350Z Version: 20260828.587
2026-09-23T08:44:12.6757079Z Commit: abac92662cab4cc7352de4f9f9d2e2419aad9c29
2026-09-23T08:44:12.6757851Z Build Date: 2026-08-28T16:44:25Z
2026-09-23T08:44:12.6758769Z Worker ID: {f06b7e8f-7f51-414b-a026-7df32e1422fb}
2026-09-23T08:44:12.6759560Z Azure Region: westcentralus
2026-09-23T08:44:12.6760193Z ##[endgroup]
2026-09-23T08:44:12.6762090Z ##[group]Operating System
2026-09-23T08:44:12.6762786Z Ubuntu
2026-09-23T08:44:12.6763380Z 24.04.5
2026-09-23T08:44:12.6763918Z LTS
2026-09-23T08:44:12.6764777Z ##[endgroup]
2026-09-23T08:44:12.6765372Z ##[group]Runner Image
2026-09-23T08:44:12.6765998Z Image: ubuntu-24.04
2026-09-23T08:44:12.6766610Z Version: 20260907.300.1
2026-09-23T08:44:12.6767886Z Included Software: https://github.com/actions/runner-images/blob/ubuntu24/20260907.300/images/ubuntu/Ubuntu2404-Readme.md
2026-09-23T08:44:12.6769972Z Image Release: https://github.com/actions/runner-images/releases/tag/ubuntu24%2F20260907.300
2026-09-23T08:44:12.6770963Z ##[endgroup]
2026-09-23T08:44:12.6772186Z ##[group]GITHUB_TOKEN Permissions
2026-09-23T08:44:12.6774427Z Contents: read
2026-09-23T08:44:12.6775115Z Metadata: read
2026-09-23T08:44:12.6775724Z Packages: read
2026-09-23T08:44:12.6776275Z ##[endgroup]
2026-09-23T08:44:12.6778344Z Secret source: Actions
2026-09-23T08:44:12.6779595Z Cache mode: write
2026-09-23T08:44:12.6780761Z Prepare workflow directory
2026-09-23T08:44:12.7115835Z Prepare all required actions
2026-09-23T08:44:12.7163136Z Getting action download info
2026-09-23T08:44:13.0411934Z Download action repository 'actions/checkout@v4' (SHA:11d5960a326750d5838078e36cf38b85af677262)
2026-09-23T08:44:13.1511468Z Download action repository 'actions/setup-python@v5' (SHA:a26af69be951a213d495a4c3e4e4022e16d87065)
2026-09-23T08:44:13.3354186Z Complete job name: test-f3 (KeyError #100)
2026-09-23T08:44:13.4123987Z Node 20 is being deprecated. This workflow is running with Node 24 by default. If you need to temporarily use Node 20, you can set the ACTIONS_ALLOW_USE_UNSECURE_NODE_VERSION=true environment variable. For more information see: https://github.blog/changelog/2025-09-19-deprecation-of-node-20-on-github-actions-runners/
2026-09-23T08:44:13.4132773Z ##[group]Run actions/checkout@v4
2026-09-23T08:44:13.4133510Z with:
2026-09-23T08:44:13.4133931Z   fetch-depth: 1
2026-09-23T08:44:13.4134404Z   repository: DhruvHegde/log-generation
2026-09-23T08:44:13.4138177Z   token: ***
2026-09-23T08:44:13.4139102Z   ssh-strict: true
2026-09-23T08:44:13.4139552Z   ssh-user: git
2026-09-23T08:44:13.4139997Z   persist-credentials: true
2026-09-23T08:44:13.4140474Z   clean: true
2026-09-23T08:44:13.4140911Z   sparse-checkout-cone-mode: true
2026-09-23T08:44:13.4141419Z   fetch-tags: false
2026-09-23T08:44:13.4141859Z   show-progress: true
2026-09-23T08:44:13.4142297Z   lfs: false
2026-09-23T08:44:13.4142741Z   submodules: false
2026-09-23T08:44:13.4143196Z   set-safe-directory: true
2026-09-23T08:44:13.4143703Z   allow-unsafe-pr-checkout: false
2026-09-23T08:44:13.4144554Z ##[endgroup]
2026-09-23T08:44:13.5186040Z Syncing repository: DhruvHegde/log-generation
2026-09-23T08:44:13.5189294Z ##[group]Getting Git version info
2026-09-23T08:44:13.5190559Z Working directory is '/home/runner/work/log-generation/log-generation'
2026-09-23T08:44:13.5192354Z [command]/usr/bin/git version
2026-09-23T08:44:13.5280712Z git version 2.55.0
2026-09-23T08:44:13.5316290Z ##[endgroup]
2026-09-23T08:44:13.5344712Z Temporarily overriding HOME='/home/runner/work/_temp/cdcf0749-16b7-4aea-b5a0-287085a389d1' before making global git config changes
2026-09-23T08:44:13.5353188Z Adding repository directory to the temporary git global config as a safe directory
2026-09-23T08:44:13.5355846Z [command]/usr/bin/git config --global --add safe.directory /home/runner/work/log-generation/log-generation
2026-09-23T08:44:13.5408900Z Deleting the contents of '/home/runner/work/log-generation/log-generation'
2026-09-23T08:44:13.5416034Z ##[group]Initializing the repository
2026-09-23T08:44:13.5421743Z [command]/usr/bin/git init /home/runner/work/log-generation/log-generation
2026-09-23T08:44:13.5581086Z hint: Using 'master' as the name for the initial branch. This default branch name
2026-09-23T08:44:13.5582849Z hint: will change to "main" in Git 3.0. To configure the initial branch name
2026-09-23T08:44:13.5584500Z hint: to use in all of your new repositories, which will suppress this warning,
2026-09-23T08:44:13.5585747Z hint: call:
2026-09-23T08:44:13.5586411Z hint:
2026-09-23T08:44:13.5587427Z hint: 	git config --global init.defaultBranch <name>
2026-09-23T08:44:13.5589248Z hint:
2026-09-23T08:44:13.5590430Z hint: Names commonly chosen instead of 'master' are 'main', 'trunk' and
2026-09-23T08:44:13.5592106Z hint: 'development'. The just-created branch can be renamed via this command:
2026-09-23T08:44:13.5593425Z hint:
2026-09-23T08:44:13.5594505Z hint: 	git branch -m <name>
2026-09-23T08:44:13.5595575Z hint:
2026-09-23T08:44:13.5596703Z hint: Disable this message with "git config set advice.defaultBranchName false"
2026-09-23T08:44:13.5598926Z Initialized empty Git repository in /home/runner/work/log-generation/log-generation/.git/
2026-09-23T08:44:13.5603625Z [command]/usr/bin/git remote add origin https://github.com/DhruvHegde/log-generation
2026-09-23T08:44:13.5673636Z ##[endgroup]
2026-09-23T08:44:13.5675010Z ##[group]Disabling automatic garbage collection
2026-09-23T08:44:13.5677359Z [command]/usr/bin/git config --local gc.auto 0
2026-09-23T08:44:13.5720607Z ##[endgroup]
2026-09-23T08:44:13.5721879Z ##[group]Setting up auth
2026-09-23T08:44:13.5727701Z [command]/usr/bin/git config --local --name-only --get-regexp core\.sshCommand
2026-09-23T08:44:13.5774865Z [command]/usr/bin/git submodule foreach --recursive sh -c "git config --local --name-only --get-regexp 'core\.sshCommand' && git config --local --unset-all 'core.sshCommand' || :"
2026-09-23T08:44:13.6218207Z [command]/usr/bin/git config --local --name-only --get-regexp http\.https\:\/\/github\.com\/\.extraheader
2026-09-23T08:44:13.6265109Z [command]/usr/bin/git submodule foreach --recursive sh -c "git config --local --name-only --get-regexp 'http\.https\:\/\/github\.com\/\.extraheader' && git config --local --unset-all 'http.https://github.com/.extraheader' || :"
2026-09-23T08:44:13.6507671Z [command]/usr/bin/git config --local --name-only --get-regexp ^includeIf\.gitdir:
2026-09-23T08:44:13.6545601Z [command]/usr/bin/git submodule foreach --recursive git config --local --show-origin --name-only --get-regexp remote.origin.url
2026-09-23T08:44:13.6765334Z [command]/usr/bin/git config --local http.https://github.com/.extraheader AUTHORIZATION: basic ***
2026-09-23T08:44:13.6803656Z ##[endgroup]
2026-09-23T08:44:13.6804481Z ##[group]Fetching the repository
2026-09-23T08:44:13.6814497Z [command]/usr/bin/git -c protocol.version=2 fetch --no-tags --prune --no-recurse-submodules --depth=1 origin +dfcb6f158e4bd8054252a4da5d0a9edc2ab15d57:refs/remotes/origin/feature/f3-test-failures
2026-09-23T08:44:14.1423869Z From https://github.com/DhruvHegde/log-generation
2026-09-23T08:44:14.1425089Z  * [new ref]         dfcb6f158e4bd8054252a4da5d0a9edc2ab15d57 -> origin/feature/f3-test-failures
2026-09-23T08:44:14.1429248Z ##[endgroup]
2026-09-23T08:44:14.1430167Z ##[group]Determining the checkout info
2026-09-23T08:44:14.1432082Z ##[endgroup]
2026-09-23T08:44:14.1438601Z [command]/usr/bin/git sparse-checkout disable
2026-09-23T08:44:14.1493620Z [command]/usr/bin/git config --local --unset-all extensions.worktreeConfig
2026-09-23T08:44:14.1526026Z ##[group]Checking out the ref
2026-09-23T08:44:14.1530706Z [command]/usr/bin/git checkout --progress --force -B feature/f3-test-failures refs/remotes/origin/feature/f3-test-failures
2026-09-23T08:44:14.1607979Z Switched to a new branch 'feature/f3-test-failures'
2026-09-23T08:44:14.1614585Z branch 'feature/f3-test-failures' set up to track 'origin/feature/f3-test-failures'.
2026-09-23T08:44:14.1619430Z ##[endgroup]
2026-09-23T08:44:14.1660972Z [command]/usr/bin/git log -1 --format=%H
2026-09-23T08:44:14.1686663Z dfcb6f158e4bd8054252a4da5d0a9edc2ab15d57
2026-09-23T08:44:14.1959295Z Node 20 is being deprecated. This workflow is running with Node 24 by default. If you need to temporarily use Node 20, you can set the ACTIONS_ALLOW_USE_UNSECURE_NODE_VERSION=true environment variable. For more information see: https://github.blog/changelog/2025-09-19-deprecation-of-node-20-on-github-actions-runners/
2026-09-23T08:44:14.1962024Z ##[group]Run actions/setup-python@v5
2026-09-23T08:44:14.1962552Z with:
2026-09-23T08:44:14.1962956Z   python-version: 3.11
2026-09-23T08:44:14.1963415Z   check-latest: false
2026-09-23T08:44:14.1967094Z   token: ***
2026-09-23T08:44:14.1967524Z   update-environment: true
2026-09-23T08:44:14.1968020Z   allow-prereleases: false
2026-09-23T08:44:14.1968826Z   freethreaded: false
2026-09-23T08:44:14.1969288Z ##[endgroup]
2026-09-23T08:44:14.3294280Z ##[group]Installed versions
2026-09-23T08:44:14.3421190Z (node:2302) [DEP0040] DeprecationWarning: The `punycode` module is deprecated. Please use a userland alternative instead.
2026-09-23T08:44:14.3423894Z (Use `node --trace-deprecation ...` to show where the warning was created)
2026-09-23T08:44:14.3426972Z Successfully set up CPython (3.11.16)
2026-09-23T08:44:14.3428742Z ##[endgroup]
2026-09-23T08:44:14.3610667Z ##[group]Run pip install --no-cache-dir pytest
2026-09-23T08:44:14.3611577Z [36;1mpip install --no-cache-dir pytest[0m
2026-09-23T08:44:14.3668678Z shell: /usr/bin/bash -e {0}
2026-09-23T08:44:14.3669341Z env:
2026-09-23T08:44:14.3669988Z   pythonLocation: /opt/hostedtoolcache/Python/3.11.16/x64
2026-09-23T08:44:14.3671028Z   PKG_CONFIG_PATH: /opt/hostedtoolcache/Python/3.11.16/x64/lib/pkgconfig
2026-09-23T08:44:14.3672870Z   Python_ROOT_DIR: /opt/hostedtoolcache/Python/3.11.16/x64
2026-09-23T08:44:14.3674207Z   Python2_ROOT_DIR: /opt/hostedtoolcache/Python/3.11.16/x64
2026-09-23T08:44:14.3675514Z   Python3_ROOT_DIR: /opt/hostedtoolcache/Python/3.11.16/x64
2026-09-23T08:44:14.3676905Z   LD_LIBRARY_PATH: /opt/hostedtoolcache/Python/3.11.16/x64/lib
2026-09-23T08:44:14.3678088Z ##[endgroup]
2026-09-23T08:44:15.3701475Z Collecting pytest
2026-09-23T08:44:15.4641235Z   Downloading pytest-9.1.1-py3-none-any.whl.metadata (7.6 kB)
2026-09-23T08:44:15.4878253Z Collecting iniconfig>=1.0.1 (from pytest)
2026-09-23T08:44:15.5069767Z   Downloading iniconfig-2.3.0-py3-none-any.whl.metadata (2.5 kB)
2026-09-23T08:44:15.5331468Z Collecting packaging>=22 (from pytest)
2026-09-23T08:44:15.5523712Z   Downloading packaging-26.3-py3-none-any.whl.metadata (3.5 kB)
2026-09-23T08:44:15.5758934Z Collecting pluggy<2,>=1.5 (from pytest)
2026-09-23T08:44:15.5947347Z   Downloading pluggy-1.6.0-py3-none-any.whl.metadata (4.8 kB)
2026-09-23T08:44:15.6252191Z Collecting pygments>=2.7.2 (from pytest)
2026-09-23T08:44:15.6442848Z   Downloading pygments-2.21.0-py3-none-any.whl.metadata (2.5 kB)
2026-09-23T08:44:15.6660294Z Downloading pytest-9.1.1-py3-none-any.whl (386 kB)
2026-09-23T08:44:15.7460946Z Downloading pluggy-1.6.0-py3-none-any.whl (20 kB)
2026-09-23T08:44:15.7651828Z Downloading iniconfig-2.3.0-py3-none-any.whl (7.5 kB)
2026-09-23T08:44:15.7840704Z Downloading packaging-26.3-py3-none-any.whl (129 kB)
2026-09-23T08:44:15.8051380Z Downloading pygments-2.21.0-py3-none-any.whl (1.3 MB)
2026-09-23T08:44:15.8617641Z    ââââââââââââââââââââââââââââââââââââââââ 1.3/1.3 MB 20.5 MB/s  0:00:00
2026-09-23T08:44:15.9259113Z Installing collected packages: pygments, pluggy, packaging, iniconfig, pytest
2026-09-23T08:44:16.8694132Z 
2026-09-23T08:44:16.8707773Z Successfully installed iniconfig-2.3.0 packaging-26.3 pluggy-1.6.0 pygments-2.21.0 pytest-9.1.1
2026-09-23T08:44:16.9233148Z ##[group]Run python automation/inject_mutation.py --error-type "KeyError"
2026-09-23T08:44:16.9233752Z [36;1mpython automation/inject_mutation.py --error-type "KeyError"[0m
2026-09-23T08:44:16.9272903Z shell: /usr/bin/bash -e {0}
2026-09-23T08:44:16.9273173Z env:
2026-09-23T08:44:16.9273462Z   pythonLocation: /opt/hostedtoolcache/Python/3.11.16/x64
2026-09-23T08:44:16.9274124Z   PKG_CONFIG_PATH: /opt/hostedtoolcache/Python/3.11.16/x64/lib/pkgconfig
2026-09-23T08:44:16.9274567Z   Python_ROOT_DIR: /opt/hostedtoolcache/Python/3.11.16/x64
2026-09-23T08:44:16.9274955Z   Python2_ROOT_DIR: /opt/hostedtoolcache/Python/3.11.16/x64
2026-09-23T08:44:16.9275357Z   Python3_ROOT_DIR: /opt/hostedtoolcache/Python/3.11.16/x64
2026-09-23T08:44:16.9275748Z   LD_LIBRARY_PATH: /opt/hostedtoolcache/Python/3.11.16/x64/lib
2026-09-23T08:44:16.9276078Z ##[endgroup]
2026-09-23T08:44:16.9573368Z [Mutation Injected] Successfully injected KeyError into tests/test_app.py
2026-09-23T08:44:16.9641750Z ##[group]Run pytest tests/test_app.py -v
2026-09-23T08:44:16.9642131Z [36;1mpytest tests/test_app.py -v[0m
2026-09-23T08:44:16.9677515Z shell: /usr/bin/bash -e {0}
2026-09-23T08:44:16.9677791Z env:
2026-09-23T08:44:16.9678072Z   pythonLocation: /opt/hostedtoolcache/Python/3.11.16/x64
2026-09-23T08:44:16.9678920Z   PKG_CONFIG_PATH: /opt/hostedtoolcache/Python/3.11.16/x64/lib/pkgconfig
2026-09-23T08:44:16.9679400Z   Python_ROOT_DIR: /opt/hostedtoolcache/Python/3.11.16/x64
2026-09-23T08:44:16.9679804Z   Python2_ROOT_DIR: /opt/hostedtoolcache/Python/3.11.16/x64
2026-09-23T08:44:16.9680201Z   Python3_ROOT_DIR: /opt/hostedtoolcache/Python/3.11.16/x64
2026-09-23T08:44:16.9680598Z   LD_LIBRARY_PATH: /opt/hostedtoolcache/Python/3.11.16/x64/lib
2026-09-23T08:44:16.9680937Z ##[endgroup]
2026-09-23T08:44:17.3824275Z ============================= test session starts ==============================
2026-09-23T08:44:17.3825168Z platform linux -- Python 3.11.16, pytest-9.1.1, pluggy-1.6.0 -- /opt/hostedtoolcache/Python/3.11.16/x64/bin/python
2026-09-23T08:44:17.3825875Z cachedir: .pytest_cache
2026-09-23T08:44:17.3826289Z rootdir: /home/runner/work/log-generation/log-generation
2026-09-23T08:44:17.3826721Z configfile: pytest.ini
2026-09-23T08:44:17.3934804Z collecting ... collected 6 items
2026-09-23T08:44:17.3935418Z 
2026-09-23T08:44:17.3949895Z tests/test_app.py::test_calculate_division PASSED                        [ 16%]
2026-09-23T08:44:17.3969777Z tests/test_app.py::test_convert_to_int PASSED                            [ 33%]
2026-09-23T08:44:17.3989683Z tests/test_app.py::test_get_list_item PASSED                             [ 50%]
2026-09-23T08:44:17.4019677Z tests/test_app.py::test_get_dict_value PASSED                            [ 66%]
2026-09-23T08:44:17.4049754Z tests/test_app.py::test_assert_positive PASSED                           [ 83%]
2026-09-23T08:44:17.4242447Z tests/test_app.py::test_key_error FAILED                                 [100%]
2026-09-23T08:44:17.4243080Z 
2026-09-23T08:44:17.4243379Z =================================== FAILURES ===================================
2026-09-23T08:44:17.4244193Z ________________________________ test_key_error ________________________________
2026-09-23T08:44:17.4244721Z 
2026-09-23T08:44:17.4244901Z     def test_key_error():
2026-09-23T08:44:17.4245391Z         """Injected synthetic KeyError."""
2026-09-23T08:44:17.4245960Z         from src.app import get_dict_value
2026-09-23T08:44:17.4246522Z         config = {"env": "staging", "retries": 3}
2026-09-23T08:44:17.4247158Z >       get_dict_value(config, "missing_auth_token")
2026-09-23T08:44:17.4247589Z 
2026-09-23T08:44:17.4248176Z tests/test_app.py:138: 
2026-09-23T08:44:17.4248988Z _ _ _ _ _ _ _ _ _ _ _ _ _ _ _ _ _ _ _ _ _ _ _ _ _ _ _ _ _ _ _ _ _ _ _ _ _ _ _ _ 
2026-09-23T08:44:17.4249486Z 
2026-09-23T08:44:17.4250017Z d = {'env': 'staging', 'retries': 3}, key = 'missing_auth_token'
2026-09-23T08:44:17.4250679Z 
2026-09-23T08:44:17.4251203Z     def get_dict_value(d, key):
2026-09-23T08:44:17.4251703Z >       return d[key]
2026-09-23T08:44:17.4252253Z                ^^^^^^
2026-09-23T08:44:17.4252837Z E       KeyError: 'missing_auth_token'
2026-09-23T08:44:17.4253363Z 
2026-09-23T08:44:17.4256057Z src/app.py:11: KeyError
2026-09-23T08:44:17.4257124Z =========================== short test summary info ============================
2026-09-23T08:44:17.4258288Z FAILED tests/test_app.py::test_key_error - KeyError: 'missing_auth_token'
2026-09-23T08:44:17.4259469Z ========================= 1 failed, 5 passed in 0.03s ==========================
2026-09-23T08:44:17.4439720Z ##[error]Process completed with exit code 1.
2026-09-23T08:44:17.4576910Z Node 20 is being deprecated. This workflow is running with Node 24 by default. If you need to temporarily use Node 20, you can set the ACTIONS_ALLOW_USE_UNSECURE_NODE_VERSION=true environment variable. For more information see: https://github.blog/changelog/2025-09-19-deprecation-of-node-20-on-github-actions-runners/
2026-09-23T08:44:17.4579451Z Post job cleanup.
2026-09-23T08:44:17.5450656Z [command]/usr/bin/git version
2026-09-23T08:44:17.5495342Z git version 2.55.0
2026-09-23T08:44:17.5539220Z Temporarily overriding HOME='/home/runner/work/_temp/ae9802ed-199d-4efa-bc21-82aeb0706fe9' before making global git config changes
2026-09-23T08:44:17.5540870Z Adding repository directory to the temporary git global config as a safe directory
2026-09-23T08:44:17.5544854Z [command]/usr/bin/git config --global --add safe.directory /home/runner/work/log-generation/log-generation
2026-09-23T08:44:17.5584813Z [command]/usr/bin/git config --local --name-only --get-regexp core\.sshCommand
2026-09-23T08:44:17.5621174Z [command]/usr/bin/git submodule foreach --recursive sh -c "git config --local --name-only --get-regexp 'core\.sshCommand' && git config --local --unset-all 'core.sshCommand' || :"
2026-09-23T08:44:17.5872627Z [command]/usr/bin/git config --local --name-only --get-regexp http\.https\:\/\/github\.com\/\.extraheader
2026-09-23T08:44:17.5907888Z http.https://github.com/.extraheader
2026-09-23T08:44:17.5920369Z [command]/usr/bin/git config --local --unset-all http.https://github.com/.extraheader
2026-09-23T08:44:17.5960202Z [command]/usr/bin/git submodule foreach --recursive sh -c "git config --local --name-only --get-regexp 'http\.https\:\/\/github\.com\/\.extraheader' && git config --local --unset-all 'http.https://github.com/.extraheader' || :"
2026-09-23T08:44:17.6206409Z [command]/usr/bin/git config --local --name-only --get-regexp ^includeIf\.gitdir:
2026-09-23T08:44:17.6243604Z [command]/usr/bin/git submodule foreach --recursive git config --local --show-origin --name-only --get-regexp remote.origin.url
2026-09-23T08:44:17.6626665Z Cleaning up orphan processes
2026-09-23T08:44:17.6940091Z ##[warning]Node.js 20 is deprecated. The following actions target Node.js 20 but are being forced to run on Node.js 24: actions/checkout@v4, actions/setup-python@v5. For more information see: https://github.blog/changelog/2025-09-19-deprecation-of-node-20-on-github-actions-runners/
