ï»¿2026-09-23T08:48:47.7278169Z Current runner version: '2.337.0'
2026-09-23T08:48:47.7316984Z ##[group]Runner Image Provisioner
2026-09-23T08:48:47.7318329Z Hosted Compute Agent
2026-09-23T08:48:47.7319367Z Version: 20260828.587
2026-09-23T08:48:47.7320687Z Commit: abac92662cab4cc7352de4f9f9d2e2419aad9c29
2026-09-23T08:48:47.7322087Z Build Date: 2026-08-28T16:44:25Z
2026-09-23T08:48:47.7323455Z Worker ID: {5c552a5f-700d-4074-9bb8-19a27b4811a7}
2026-09-23T08:48:47.7325424Z Azure Region: eastus
2026-09-23T08:48:47.7326443Z ##[endgroup]
2026-09-23T08:48:47.7328708Z ##[group]Operating System
2026-09-23T08:48:47.7329804Z Ubuntu
2026-09-23T08:48:47.7331064Z 24.04.5
2026-09-23T08:48:47.7332065Z LTS
2026-09-23T08:48:47.7333006Z ##[endgroup]
2026-09-23T08:48:47.7333974Z ##[group]Runner Image
2026-09-23T08:48:47.7334957Z Image: ubuntu-24.04
2026-09-23T08:48:47.7335946Z Version: 20260907.300.1
2026-09-23T08:48:47.7338194Z Included Software: https://github.com/actions/runner-images/blob/ubuntu24/20260907.300/images/ubuntu/Ubuntu2404-Readme.md
2026-09-23T08:48:47.7341232Z Image Release: https://github.com/actions/runner-images/releases/tag/ubuntu24%2F20260907.300
2026-09-23T08:48:47.7342948Z ##[endgroup]
2026-09-23T08:48:47.7345034Z ##[group]GITHUB_TOKEN Permissions
2026-09-23T08:48:47.7348282Z Contents: read
2026-09-23T08:48:47.7349368Z Metadata: read
2026-09-23T08:48:47.7350621Z Packages: read
2026-09-23T08:48:47.7351585Z ##[endgroup]
2026-09-23T08:48:47.7354791Z Secret source: Actions
2026-09-23T08:48:47.7356488Z Cache mode: write
2026-09-23T08:48:47.7358196Z Prepare workflow directory
2026-09-23T08:48:47.7853638Z Prepare all required actions
2026-09-23T08:48:47.7927187Z Getting action download info
2026-09-23T08:48:47.9895485Z Download action repository 'actions/checkout@v4' (SHA:11d5960a326750d5838078e36cf38b85af677262)
2026-09-23T08:48:48.1057355Z Download action repository 'actions/setup-python@v5' (SHA:a26af69be951a213d495a4c3e4e4022e16d87065)
2026-09-23T08:48:48.2936131Z Complete job name: test-f3 (ValueError #76)
2026-09-23T08:48:48.3729088Z Node 20 is being deprecated. This workflow is running with Node 24 by default. If you need to temporarily use Node 20, you can set the ACTIONS_ALLOW_USE_UNSECURE_NODE_VERSION=true environment variable. For more information see: https://github.blog/changelog/2025-09-19-deprecation-of-node-20-on-github-actions-runners/
2026-09-23T08:48:48.3738237Z ##[group]Run actions/checkout@v4
2026-09-23T08:48:48.3738992Z with:
2026-09-23T08:48:48.3739420Z   fetch-depth: 1
2026-09-23T08:48:48.3739897Z   repository: DhruvHegde/log-generation
2026-09-23T08:48:48.3744218Z   token: ***
2026-09-23T08:48:48.3744653Z   ssh-strict: true
2026-09-23T08:48:48.3745086Z   ssh-user: git
2026-09-23T08:48:48.3745528Z   persist-credentials: true
2026-09-23T08:48:48.3746004Z   clean: true
2026-09-23T08:48:48.3746444Z   sparse-checkout-cone-mode: true
2026-09-23T08:48:48.3746955Z   fetch-tags: false
2026-09-23T08:48:48.3747389Z   show-progress: true
2026-09-23T08:48:48.3747822Z   lfs: false
2026-09-23T08:48:48.3748273Z   submodules: false
2026-09-23T08:48:48.3748728Z   set-safe-directory: true
2026-09-23T08:48:48.3749226Z   allow-unsafe-pr-checkout: false
2026-09-23T08:48:48.3750016Z ##[endgroup]
2026-09-23T08:48:48.4774937Z Syncing repository: DhruvHegde/log-generation
2026-09-23T08:48:48.4777771Z ##[group]Getting Git version info
2026-09-23T08:48:48.4779020Z Working directory is '/home/runner/work/log-generation/log-generation'
2026-09-23T08:48:48.4781058Z [command]/usr/bin/git version
2026-09-23T08:48:48.4880041Z git version 2.55.0
2026-09-23T08:48:48.4915874Z ##[endgroup]
2026-09-23T08:48:48.4926560Z Temporarily overriding HOME='/home/runner/work/_temp/874ca751-b335-455b-a142-35b33393b926' before making global git config changes
2026-09-23T08:48:48.4929281Z Adding repository directory to the temporary git global config as a safe directory
2026-09-23T08:48:48.4933437Z [command]/usr/bin/git config --global --add safe.directory /home/runner/work/log-generation/log-generation
2026-09-23T08:48:48.4993616Z Deleting the contents of '/home/runner/work/log-generation/log-generation'
2026-09-23T08:48:48.4997038Z ##[group]Initializing the repository
2026-09-23T08:48:48.5010012Z [command]/usr/bin/git init /home/runner/work/log-generation/log-generation
2026-09-23T08:48:48.5138398Z hint: Using 'master' as the name for the initial branch. This default branch name
2026-09-23T08:48:48.5141132Z hint: will change to "main" in Git 3.0. To configure the initial branch name
2026-09-23T08:48:48.5143147Z hint: to use in all of your new repositories, which will suppress this warning,
2026-09-23T08:48:48.5145374Z hint: call:
2026-09-23T08:48:48.5146610Z hint:
2026-09-23T08:48:48.5147947Z hint: 	git config --global init.defaultBranch <name>
2026-09-23T08:48:48.5149369Z hint:
2026-09-23T08:48:48.5150919Z hint: Names commonly chosen instead of 'master' are 'main', 'trunk' and
2026-09-23T08:48:48.5152910Z hint: 'development'. The just-created branch can be renamed via this command:
2026-09-23T08:48:48.5154460Z hint:
2026-09-23T08:48:48.5155676Z hint: 	git branch -m <name>
2026-09-23T08:48:48.5156815Z hint:
2026-09-23T08:48:48.5158267Z hint: Disable this message with "git config set advice.defaultBranchName false"
2026-09-23T08:48:48.5159669Z Initialized empty Git repository in /home/runner/work/log-generation/log-generation/.git/
2026-09-23T08:48:48.5164387Z [command]/usr/bin/git remote add origin https://github.com/DhruvHegde/log-generation
2026-09-23T08:48:48.5218704Z ##[endgroup]
2026-09-23T08:48:48.5220006Z ##[group]Disabling automatic garbage collection
2026-09-23T08:48:48.5224177Z [command]/usr/bin/git config --local gc.auto 0
2026-09-23T08:48:48.5258662Z ##[endgroup]
2026-09-23T08:48:48.5260047Z ##[group]Setting up auth
2026-09-23T08:48:48.5266864Z [command]/usr/bin/git config --local --name-only --get-regexp core\.sshCommand
2026-09-23T08:48:48.5311291Z [command]/usr/bin/git submodule foreach --recursive sh -c "git config --local --name-only --get-regexp 'core\.sshCommand' && git config --local --unset-all 'core.sshCommand' || :"
2026-09-23T08:48:48.5758112Z [command]/usr/bin/git config --local --name-only --get-regexp http\.https\:\/\/github\.com\/\.extraheader
2026-09-23T08:48:48.5797325Z [command]/usr/bin/git submodule foreach --recursive sh -c "git config --local --name-only --get-regexp 'http\.https\:\/\/github\.com\/\.extraheader' && git config --local --unset-all 'http.https://github.com/.extraheader' || :"
2026-09-23T08:48:48.6028777Z [command]/usr/bin/git config --local --name-only --get-regexp ^includeIf\.gitdir:
2026-09-23T08:48:48.6067522Z [command]/usr/bin/git submodule foreach --recursive git config --local --show-origin --name-only --get-regexp remote.origin.url
2026-09-23T08:48:48.6297453Z [command]/usr/bin/git config --local http.https://github.com/.extraheader AUTHORIZATION: basic ***
2026-09-23T08:48:48.6338189Z ##[endgroup]
2026-09-23T08:48:48.6339318Z ##[group]Fetching the repository
2026-09-23T08:48:48.6349083Z [command]/usr/bin/git -c protocol.version=2 fetch --no-tags --prune --no-recurse-submodules --depth=1 origin +43f20917de93b9aad51cf79a69ad5239c5632917:refs/remotes/origin/feature/f3-test-failures
2026-09-23T08:48:48.9235544Z From https://github.com/DhruvHegde/log-generation
2026-09-23T08:48:48.9237608Z  * [new ref]         43f20917de93b9aad51cf79a69ad5239c5632917 -> origin/feature/f3-test-failures
2026-09-23T08:48:48.9241686Z ##[endgroup]
2026-09-23T08:48:48.9243205Z ##[group]Determining the checkout info
2026-09-23T08:48:48.9245001Z ##[endgroup]
2026-09-23T08:48:48.9248981Z [command]/usr/bin/git sparse-checkout disable
2026-09-23T08:48:48.9302141Z [command]/usr/bin/git config --local --unset-all extensions.worktreeConfig
2026-09-23T08:48:48.9334811Z ##[group]Checking out the ref
2026-09-23T08:48:48.9340504Z [command]/usr/bin/git checkout --progress --force -B feature/f3-test-failures refs/remotes/origin/feature/f3-test-failures
2026-09-23T08:48:48.9742285Z Switched to a new branch 'feature/f3-test-failures'
2026-09-23T08:48:48.9748791Z branch 'feature/f3-test-failures' set up to track 'origin/feature/f3-test-failures'.
2026-09-23T08:48:48.9756667Z ##[endgroup]
2026-09-23T08:48:48.9831891Z [command]/usr/bin/git log -1 --format=%H
2026-09-23T08:48:48.9851422Z 43f20917de93b9aad51cf79a69ad5239c5632917
2026-09-23T08:48:49.0150787Z Node 20 is being deprecated. This workflow is running with Node 24 by default. If you need to temporarily use Node 20, you can set the ACTIONS_ALLOW_USE_UNSECURE_NODE_VERSION=true environment variable. For more information see: https://github.blog/changelog/2025-09-19-deprecation-of-node-20-on-github-actions-runners/
2026-09-23T08:48:49.0154426Z ##[group]Run actions/setup-python@v5
2026-09-23T08:48:49.0155119Z with:
2026-09-23T08:48:49.0155616Z   python-version: 3.11
2026-09-23T08:48:49.0156192Z   check-latest: false
2026-09-23T08:48:49.0161516Z   token: ***
2026-09-23T08:48:49.0162008Z   update-environment: true
2026-09-23T08:48:49.0162577Z   allow-prereleases: false
2026-09-23T08:48:49.0163122Z   freethreaded: false
2026-09-23T08:48:49.0163618Z ##[endgroup]
2026-09-23T08:48:49.1529120Z ##[group]Installed versions
2026-09-23T08:48:49.1642318Z (node:2236) [DEP0040] DeprecationWarning: The `punycode` module is deprecated. Please use a userland alternative instead.
2026-09-23T08:48:49.1644937Z (Use `node --trace-deprecation ...` to show where the warning was created)
2026-09-23T08:48:49.1646378Z Successfully set up CPython (3.11.16)
2026-09-23T08:48:49.1647998Z ##[endgroup]
2026-09-23T08:48:49.1814513Z ##[group]Run pip install --no-cache-dir pytest
2026-09-23T08:48:49.1815527Z [36;1mpip install --no-cache-dir pytest[0m
2026-09-23T08:48:49.1875809Z shell: /usr/bin/bash -e {0}
2026-09-23T08:48:49.1877238Z env:
2026-09-23T08:48:49.1878354Z   pythonLocation: /opt/hostedtoolcache/Python/3.11.16/x64
2026-09-23T08:48:49.1879991Z   PKG_CONFIG_PATH: /opt/hostedtoolcache/Python/3.11.16/x64/lib/pkgconfig
2026-09-23T08:48:49.1883185Z   Python_ROOT_DIR: /opt/hostedtoolcache/Python/3.11.16/x64
2026-09-23T08:48:49.1884695Z   Python2_ROOT_DIR: /opt/hostedtoolcache/Python/3.11.16/x64
2026-09-23T08:48:49.1886560Z   Python3_ROOT_DIR: /opt/hostedtoolcache/Python/3.11.16/x64
2026-09-23T08:48:49.1888056Z   LD_LIBRARY_PATH: /opt/hostedtoolcache/Python/3.11.16/x64/lib
2026-09-23T08:48:49.1979228Z ##[endgroup]
2026-09-23T08:48:50.1221459Z Collecting pytest
2026-09-23T08:48:50.1769055Z   Downloading pytest-9.1.1-py3-none-any.whl.metadata (7.6 kB)
2026-09-23T08:48:50.1889853Z Collecting iniconfig>=1.0.1 (from pytest)
2026-09-23T08:48:50.1933819Z   Downloading iniconfig-2.3.0-py3-none-any.whl.metadata (2.5 kB)
2026-09-23T08:48:50.2048325Z Collecting packaging>=22 (from pytest)
2026-09-23T08:48:50.2091353Z   Downloading packaging-26.3-py3-none-any.whl.metadata (3.5 kB)
2026-09-23T08:48:50.2181523Z Collecting pluggy<2,>=1.5 (from pytest)
2026-09-23T08:48:50.2251466Z   Downloading pluggy-1.6.0-py3-none-any.whl.metadata (4.8 kB)
2026-09-23T08:48:50.2397398Z Collecting pygments>=2.7.2 (from pytest)
2026-09-23T08:48:50.2438247Z   Downloading pygments-2.21.0-py3-none-any.whl.metadata (2.5 kB)
2026-09-23T08:48:50.2505279Z Downloading pytest-9.1.1-py3-none-any.whl (386 kB)
2026-09-23T08:48:50.2717275Z Downloading pluggy-1.6.0-py3-none-any.whl (20 kB)
2026-09-23T08:48:50.2757883Z Downloading iniconfig-2.3.0-py3-none-any.whl (7.5 kB)
2026-09-23T08:48:50.2797120Z Downloading packaging-26.3-py3-none-any.whl (129 kB)
2026-09-23T08:48:50.2856492Z Downloading pygments-2.21.0-py3-none-any.whl (1.3 MB)
2026-09-23T08:48:50.3042929Z    ââââââââââââââââââââââââââââââââââââââââ 1.3/1.3 MB 79.6 MB/s  0:00:00
2026-09-23T08:48:50.3725784Z Installing collected packages: pygments, pluggy, packaging, iniconfig, pytest
2026-09-23T08:48:51.3994663Z 
2026-09-23T08:48:51.4003923Z Successfully installed iniconfig-2.3.0 packaging-26.3 pluggy-1.6.0 pygments-2.21.0 pytest-9.1.1
2026-09-23T08:48:51.4582907Z ##[group]Run python automation/inject_mutation.py --error-type "ValueError"
2026-09-23T08:48:51.4583532Z [36;1mpython automation/inject_mutation.py --error-type "ValueError"[0m
2026-09-23T08:48:51.4622224Z shell: /usr/bin/bash -e {0}
2026-09-23T08:48:51.4622489Z env:
2026-09-23T08:48:51.4622773Z   pythonLocation: /opt/hostedtoolcache/Python/3.11.16/x64
2026-09-23T08:48:51.4623476Z   PKG_CONFIG_PATH: /opt/hostedtoolcache/Python/3.11.16/x64/lib/pkgconfig
2026-09-23T08:48:51.4623953Z   Python_ROOT_DIR: /opt/hostedtoolcache/Python/3.11.16/x64
2026-09-23T08:48:51.4624354Z   Python2_ROOT_DIR: /opt/hostedtoolcache/Python/3.11.16/x64
2026-09-23T08:48:51.4624763Z   Python3_ROOT_DIR: /opt/hostedtoolcache/Python/3.11.16/x64
2026-09-23T08:48:51.4625157Z   LD_LIBRARY_PATH: /opt/hostedtoolcache/Python/3.11.16/x64/lib
2026-09-23T08:48:51.4625488Z ##[endgroup]
2026-09-23T08:48:51.4927855Z [Mutation Injected] Successfully injected ValueError into tests/test_app.py
2026-09-23T08:48:51.5000143Z ##[group]Run pytest tests/test_app.py -v
2026-09-23T08:48:51.5000839Z [36;1mpytest tests/test_app.py -v[0m
2026-09-23T08:48:51.5038996Z shell: /usr/bin/bash -e {0}
2026-09-23T08:48:51.5039274Z env:
2026-09-23T08:48:51.5039548Z   pythonLocation: /opt/hostedtoolcache/Python/3.11.16/x64
2026-09-23T08:48:51.5040016Z   PKG_CONFIG_PATH: /opt/hostedtoolcache/Python/3.11.16/x64/lib/pkgconfig
2026-09-23T08:48:51.5040706Z   Python_ROOT_DIR: /opt/hostedtoolcache/Python/3.11.16/x64
2026-09-23T08:48:51.5041104Z   Python2_ROOT_DIR: /opt/hostedtoolcache/Python/3.11.16/x64
2026-09-23T08:48:51.5041491Z   Python3_ROOT_DIR: /opt/hostedtoolcache/Python/3.11.16/x64
2026-09-23T08:48:51.5041883Z   LD_LIBRARY_PATH: /opt/hostedtoolcache/Python/3.11.16/x64/lib
2026-09-23T08:48:51.5042221Z ##[endgroup]
2026-09-23T08:48:51.7425774Z ============================= test session starts ==============================
2026-09-23T08:48:51.7427264Z platform linux -- Python 3.11.16, pytest-9.1.1, pluggy-1.6.0 -- /opt/hostedtoolcache/Python/3.11.16/x64/bin/python
2026-09-23T08:48:51.7428275Z cachedir: .pytest_cache
2026-09-23T08:48:51.7428922Z rootdir: /home/runner/work/log-generation/log-generation
2026-09-23T08:48:51.7429584Z configfile: pytest.ini
2026-09-23T08:48:51.7517568Z collecting ... collected 6 items
2026-09-23T08:48:51.7518047Z 
2026-09-23T08:48:51.7527502Z tests/test_app.py::test_calculate_division PASSED                        [ 16%]
2026-09-23T08:48:51.7535442Z tests/test_app.py::test_convert_to_int PASSED                            [ 33%]
2026-09-23T08:48:51.7543731Z tests/test_app.py::test_get_list_item PASSED                             [ 50%]
2026-09-23T08:48:51.7551487Z tests/test_app.py::test_get_dict_value PASSED                            [ 66%]
2026-09-23T08:48:51.7558655Z tests/test_app.py::test_assert_positive PASSED                           [ 83%]
2026-09-23T08:48:51.7849068Z tests/test_app.py::test_value_error FAILED                               [100%]
2026-09-23T08:48:51.7849792Z 
2026-09-23T08:48:51.7850102Z =================================== FAILURES ===================================
2026-09-23T08:48:51.7851147Z _______________________________ test_value_error _______________________________
2026-09-23T08:48:51.7851696Z 
2026-09-23T08:48:51.7851886Z     def test_value_error():
2026-09-23T08:48:51.7852374Z         """Injected synthetic ValueError."""
2026-09-23T08:48:51.7852970Z         from src.app import convert_to_int
2026-09-23T08:48:51.7853620Z >       convert_to_int("unparseable_alphanumeric_0x99")
2026-09-23T08:48:51.7854075Z 
2026-09-23T08:48:51.7854277Z tests/test_app.py:139: 
2026-09-23T08:48:51.7854794Z _ _ _ _ _ _ _ _ _ _ _ _ _ _ _ _ _ _ _ _ _ _ _ _ _ _ _ _ _ _ _ _ _ _ _ _ _ _ _ _ 
2026-09-23T08:48:51.7855251Z 
2026-09-23T08:48:51.7855472Z val = 'unparseable_alphanumeric_0x99'
2026-09-23T08:48:51.7855863Z 
2026-09-23T08:48:51.7856068Z     def convert_to_int(val):
2026-09-23T08:48:51.7856522Z >       return int(val)
2026-09-23T08:48:51.7856928Z                ^^^^^^^^
2026-09-23T08:48:51.7857653Z E       ValueError: invalid literal for int() with base 10: 'unparseable_alphanumeric_0x99'
2026-09-23T08:48:51.7858322Z 
2026-09-23T08:48:51.7858506Z src/app.py:5: ValueError
2026-09-23T08:48:51.7859085Z =========================== short test summary info ============================
2026-09-23T08:48:51.7860593Z FAILED tests/test_app.py::test_value_error - ValueError: invalid literal for int() with base 10: 'unparseable_alphanumeric_0x99'
2026-09-23T08:48:51.7862210Z ========================= 1 failed, 5 passed in 0.03s ==========================
2026-09-23T08:48:51.8067579Z ##[error]Process completed with exit code 1.
2026-09-23T08:48:51.8216805Z Node 20 is being deprecated. This workflow is running with Node 24 by default. If you need to temporarily use Node 20, you can set the ACTIONS_ALLOW_USE_UNSECURE_NODE_VERSION=true environment variable. For more information see: https://github.blog/changelog/2025-09-19-deprecation-of-node-20-on-github-actions-runners/
2026-09-23T08:48:51.8218099Z Post job cleanup.
2026-09-23T08:48:51.9098719Z [command]/usr/bin/git version
2026-09-23T08:48:51.9145400Z git version 2.55.0
2026-09-23T08:48:51.9189405Z Temporarily overriding HOME='/home/runner/work/_temp/80b4809c-d602-47ba-bff8-4abd667432a5' before making global git config changes
2026-09-23T08:48:51.9191109Z Adding repository directory to the temporary git global config as a safe directory
2026-09-23T08:48:51.9196251Z [command]/usr/bin/git config --global --add safe.directory /home/runner/work/log-generation/log-generation
2026-09-23T08:48:51.9238106Z [command]/usr/bin/git config --local --name-only --get-regexp core\.sshCommand
2026-09-23T08:48:51.9277476Z [command]/usr/bin/git submodule foreach --recursive sh -c "git config --local --name-only --get-regexp 'core\.sshCommand' && git config --local --unset-all 'core.sshCommand' || :"
2026-09-23T08:48:51.9548661Z [command]/usr/bin/git config --local --name-only --get-regexp http\.https\:\/\/github\.com\/\.extraheader
2026-09-23T08:48:51.9584720Z http.https://github.com/.extraheader
2026-09-23T08:48:51.9597991Z [command]/usr/bin/git config --local --unset-all http.https://github.com/.extraheader
2026-09-23T08:48:51.9639932Z [command]/usr/bin/git submodule foreach --recursive sh -c "git config --local --name-only --get-regexp 'http\.https\:\/\/github\.com\/\.extraheader' && git config --local --unset-all 'http.https://github.com/.extraheader' || :"
2026-09-23T08:48:51.9921262Z [command]/usr/bin/git config --local --name-only --get-regexp ^includeIf\.gitdir:
2026-09-23T08:48:51.9963194Z [command]/usr/bin/git submodule foreach --recursive git config --local --show-origin --name-only --get-regexp remote.origin.url
2026-09-23T08:48:52.0358459Z Cleaning up orphan processes
2026-09-23T08:48:52.0645683Z ##[warning]Node.js 20 is deprecated. The following actions target Node.js 20 but are being forced to run on Node.js 24: actions/checkout@v4, actions/setup-python@v5. For more information see: https://github.blog/changelog/2025-09-19-deprecation-of-node-20-on-github-actions-runners/
