ï»¿2026-09-23T08:43:31.1088173Z Current runner version: '2.337.0'
2026-09-23T08:43:31.1113891Z ##[group]Runner Image Provisioner
2026-09-23T08:43:31.1114737Z Hosted Compute Agent
2026-09-23T08:43:31.1115339Z Version: 20260828.587
2026-09-23T08:43:31.1116050Z Commit: abac92662cab4cc7352de4f9f9d2e2419aad9c29
2026-09-23T08:43:31.1116816Z Build Date: 2026-08-28T16:44:25Z
2026-09-23T08:43:31.1117787Z Worker ID: {16552826-a802-4eac-9f8c-0637a00bc85b}
2026-09-23T08:43:31.1118547Z Azure Region: westus
2026-09-23T08:43:31.1119141Z ##[endgroup]
2026-09-23T08:43:31.1120998Z ##[group]Operating System
2026-09-23T08:43:31.1121669Z Ubuntu
2026-09-23T08:43:31.1122260Z 24.04.5
2026-09-23T08:43:31.1122788Z LTS
2026-09-23T08:43:31.1123619Z ##[endgroup]
2026-09-23T08:43:31.1124269Z ##[group]Runner Image
2026-09-23T08:43:31.1124890Z Image: ubuntu-24.04
2026-09-23T08:43:31.1125493Z Version: 20260907.300.1
2026-09-23T08:43:31.1126808Z Included Software: https://github.com/actions/runner-images/blob/ubuntu24/20260907.300/images/ubuntu/Ubuntu2404-Readme.md
2026-09-23T08:43:31.1128801Z Image Release: https://github.com/actions/runner-images/releases/tag/ubuntu24%2F20260907.300
2026-09-23T08:43:31.1129768Z ##[endgroup]
2026-09-23T08:43:31.1130981Z ##[group]GITHUB_TOKEN Permissions
2026-09-23T08:43:31.1133169Z Contents: read
2026-09-23T08:43:31.1133851Z Metadata: read
2026-09-23T08:43:31.1134417Z Packages: read
2026-09-23T08:43:31.1134954Z ##[endgroup]
2026-09-23T08:43:31.1137076Z Secret source: Actions
2026-09-23T08:43:31.1138550Z Cache mode: write
2026-09-23T08:43:31.1139773Z Prepare workflow directory
2026-09-23T08:43:31.1473296Z Prepare all required actions
2026-09-23T08:43:31.1523377Z Getting action download info
2026-09-23T08:43:31.5168512Z Download action repository 'actions/checkout@v4' (SHA:11d5960a326750d5838078e36cf38b85af677262)
2026-09-23T08:43:31.6432797Z Download action repository 'actions/setup-python@v5' (SHA:a26af69be951a213d495a4c3e4e4022e16d87065)
2026-09-23T08:43:31.8233918Z Complete job name: test-f3 (FileNotFoundError #40)
2026-09-23T08:43:31.8996714Z Node 20 is being deprecated. This workflow is running with Node 24 by default. If you need to temporarily use Node 20, you can set the ACTIONS_ALLOW_USE_UNSECURE_NODE_VERSION=true environment variable. For more information see: https://github.blog/changelog/2025-09-19-deprecation-of-node-20-on-github-actions-runners/
2026-09-23T08:43:31.9005644Z ##[group]Run actions/checkout@v4
2026-09-23T08:43:31.9006534Z with:
2026-09-23T08:43:31.9006977Z   fetch-depth: 1
2026-09-23T08:43:31.9007455Z   repository: DhruvHegde/log-generation
2026-09-23T08:43:31.9011491Z   token: ***
2026-09-23T08:43:31.9011927Z   ssh-strict: true
2026-09-23T08:43:31.9012362Z   ssh-user: git
2026-09-23T08:43:31.9012806Z   persist-credentials: true
2026-09-23T08:43:31.9013289Z   clean: true
2026-09-23T08:43:31.9013738Z   sparse-checkout-cone-mode: true
2026-09-23T08:43:31.9014253Z   fetch-tags: false
2026-09-23T08:43:31.9014690Z   show-progress: true
2026-09-23T08:43:31.9015132Z   lfs: false
2026-09-23T08:43:31.9015573Z   submodules: false
2026-09-23T08:43:31.9016031Z   set-safe-directory: true
2026-09-23T08:43:31.9016533Z   allow-unsafe-pr-checkout: false
2026-09-23T08:43:31.9017308Z ##[endgroup]
2026-09-23T08:43:32.0026748Z Syncing repository: DhruvHegde/log-generation
2026-09-23T08:43:32.0030336Z ##[group]Getting Git version info
2026-09-23T08:43:32.0031468Z Working directory is '/home/runner/work/log-generation/log-generation'
2026-09-23T08:43:32.0032566Z [command]/usr/bin/git version
2026-09-23T08:43:32.0104664Z git version 2.55.0
2026-09-23T08:43:32.0126268Z ##[endgroup]
2026-09-23T08:43:32.0144712Z Temporarily overriding HOME='/home/runner/work/_temp/14cb140e-242f-4138-9da9-ce130bd468c4' before making global git config changes
2026-09-23T08:43:32.0147218Z Adding repository directory to the temporary git global config as a safe directory
2026-09-23T08:43:32.0150175Z [command]/usr/bin/git config --global --add safe.directory /home/runner/work/log-generation/log-generation
2026-09-23T08:43:32.0205755Z Deleting the contents of '/home/runner/work/log-generation/log-generation'
2026-09-23T08:43:32.0211185Z ##[group]Initializing the repository
2026-09-23T08:43:32.0215076Z [command]/usr/bin/git init /home/runner/work/log-generation/log-generation
2026-09-23T08:43:32.0347106Z hint: Using 'master' as the name for the initial branch. This default branch name
2026-09-23T08:43:32.0349237Z hint: will change to "main" in Git 3.0. To configure the initial branch name
2026-09-23T08:43:32.0351269Z hint: to use in all of your new repositories, which will suppress this warning,
2026-09-23T08:43:32.0352945Z hint: call:
2026-09-23T08:43:32.0353699Z hint:
2026-09-23T08:43:32.0354805Z hint: 	git config --global init.defaultBranch <name>
2026-09-23T08:43:32.0356159Z hint:
2026-09-23T08:43:32.0357487Z hint: Names commonly chosen instead of 'master' are 'main', 'trunk' and
2026-09-23T08:43:32.0359701Z hint: 'development'. The just-created branch can be renamed via this command:
2026-09-23T08:43:32.0361137Z hint:
2026-09-23T08:43:32.0361898Z hint: 	git branch -m <name>
2026-09-23T08:43:32.0362734Z hint:
2026-09-23T08:43:32.0363800Z hint: Disable this message with "git config set advice.defaultBranchName false"
2026-09-23T08:43:32.0365366Z Initialized empty Git repository in /home/runner/work/log-generation/log-generation/.git/
2026-09-23T08:43:32.0375223Z [command]/usr/bin/git remote add origin https://github.com/DhruvHegde/log-generation
2026-09-23T08:43:32.0431553Z ##[endgroup]
2026-09-23T08:43:32.0432864Z ##[group]Disabling automatic garbage collection
2026-09-23T08:43:32.0435552Z [command]/usr/bin/git config --local gc.auto 0
2026-09-23T08:43:32.0471280Z ##[endgroup]
2026-09-23T08:43:32.0472545Z ##[group]Setting up auth
2026-09-23T08:43:32.0476951Z [command]/usr/bin/git config --local --name-only --get-regexp core\.sshCommand
2026-09-23T08:43:32.0511125Z [command]/usr/bin/git submodule foreach --recursive sh -c "git config --local --name-only --get-regexp 'core\.sshCommand' && git config --local --unset-all 'core.sshCommand' || :"
2026-09-23T08:43:32.0980972Z [command]/usr/bin/git config --local --name-only --get-regexp http\.https\:\/\/github\.com\/\.extraheader
2026-09-23T08:43:32.1028519Z [command]/usr/bin/git submodule foreach --recursive sh -c "git config --local --name-only --get-regexp 'http\.https\:\/\/github\.com\/\.extraheader' && git config --local --unset-all 'http.https://github.com/.extraheader' || :"
2026-09-23T08:43:32.1253179Z [command]/usr/bin/git config --local --name-only --get-regexp ^includeIf\.gitdir:
2026-09-23T08:43:32.1288278Z [command]/usr/bin/git submodule foreach --recursive git config --local --show-origin --name-only --get-regexp remote.origin.url
2026-09-23T08:43:32.1511503Z [command]/usr/bin/git config --local http.https://github.com/.extraheader AUTHORIZATION: basic ***
2026-09-23T08:43:32.1550220Z ##[endgroup]
2026-09-23T08:43:32.1551230Z ##[group]Fetching the repository
2026-09-23T08:43:32.1560082Z [command]/usr/bin/git -c protocol.version=2 fetch --no-tags --prune --no-recurse-submodules --depth=1 origin +dfcb6f158e4bd8054252a4da5d0a9edc2ab15d57:refs/remotes/origin/feature/f3-test-failures
2026-09-23T08:43:32.6376898Z From https://github.com/DhruvHegde/log-generation
2026-09-23T08:43:32.6379093Z  * [new ref]         dfcb6f158e4bd8054252a4da5d0a9edc2ab15d57 -> origin/feature/f3-test-failures
2026-09-23T08:43:32.6382912Z ##[endgroup]
2026-09-23T08:43:32.6384580Z ##[group]Determining the checkout info
2026-09-23T08:43:32.6386363Z ##[endgroup]
2026-09-23T08:43:32.6394273Z [command]/usr/bin/git sparse-checkout disable
2026-09-23T08:43:32.6447468Z [command]/usr/bin/git config --local --unset-all extensions.worktreeConfig
2026-09-23T08:43:32.6479841Z ##[group]Checking out the ref
2026-09-23T08:43:32.6485663Z [command]/usr/bin/git checkout --progress --force -B feature/f3-test-failures refs/remotes/origin/feature/f3-test-failures
2026-09-23T08:43:32.6566316Z Switched to a new branch 'feature/f3-test-failures'
2026-09-23T08:43:32.6573572Z branch 'feature/f3-test-failures' set up to track 'origin/feature/f3-test-failures'.
2026-09-23T08:43:32.6578540Z ##[endgroup]
2026-09-23T08:43:32.6620068Z [command]/usr/bin/git log -1 --format=%H
2026-09-23T08:43:32.6646433Z dfcb6f158e4bd8054252a4da5d0a9edc2ab15d57
2026-09-23T08:43:32.6911792Z Node 20 is being deprecated. This workflow is running with Node 24 by default. If you need to temporarily use Node 20, you can set the ACTIONS_ALLOW_USE_UNSECURE_NODE_VERSION=true environment variable. For more information see: https://github.blog/changelog/2025-09-19-deprecation-of-node-20-on-github-actions-runners/
2026-09-23T08:43:32.6914377Z ##[group]Run actions/setup-python@v5
2026-09-23T08:43:32.6914898Z with:
2026-09-23T08:43:32.6915306Z   python-version: 3.11
2026-09-23T08:43:32.6915759Z   check-latest: false
2026-09-23T08:43:32.6919766Z   token: ***
2026-09-23T08:43:32.6920197Z   update-environment: true
2026-09-23T08:43:32.6920681Z   allow-prereleases: false
2026-09-23T08:43:32.6921153Z   freethreaded: false
2026-09-23T08:43:32.6921593Z ##[endgroup]
2026-09-23T08:43:32.8270658Z ##[group]Installed versions
2026-09-23T08:43:32.8383096Z (node:2257) [DEP0040] DeprecationWarning: The `punycode` module is deprecated. Please use a userland alternative instead.
2026-09-23T08:43:32.8385033Z (Use `node --trace-deprecation ...` to show where the warning was created)
2026-09-23T08:43:32.8385834Z Successfully set up CPython (3.11.16)
2026-09-23T08:43:32.8386756Z ##[endgroup]
2026-09-23T08:43:32.8554431Z ##[group]Run pip install --no-cache-dir pytest
2026-09-23T08:43:32.8555215Z [36;1mpip install --no-cache-dir pytest[0m
2026-09-23T08:43:32.8612234Z shell: /usr/bin/bash -e {0}
2026-09-23T08:43:32.8612766Z env:
2026-09-23T08:43:32.8613297Z   pythonLocation: /opt/hostedtoolcache/Python/3.11.16/x64
2026-09-23T08:43:32.8614134Z   PKG_CONFIG_PATH: /opt/hostedtoolcache/Python/3.11.16/x64/lib/pkgconfig
2026-09-23T08:43:32.8614967Z   Python_ROOT_DIR: /opt/hostedtoolcache/Python/3.11.16/x64
2026-09-23T08:43:32.8615733Z   Python2_ROOT_DIR: /opt/hostedtoolcache/Python/3.11.16/x64
2026-09-23T08:43:32.8616555Z   Python3_ROOT_DIR: /opt/hostedtoolcache/Python/3.11.16/x64
2026-09-23T08:43:32.8617349Z   LD_LIBRARY_PATH: /opt/hostedtoolcache/Python/3.11.16/x64/lib
2026-09-23T08:43:32.8618362Z ##[endgroup]
2026-09-23T08:43:36.3013674Z Collecting pytest
2026-09-23T08:43:36.4008032Z   Downloading pytest-9.1.1-py3-none-any.whl.metadata (7.6 kB)
2026-09-23T08:43:36.4264396Z Collecting iniconfig>=1.0.1 (from pytest)
2026-09-23T08:43:36.4465571Z   Downloading iniconfig-2.3.0-py3-none-any.whl.metadata (2.5 kB)
2026-09-23T08:43:36.4751565Z Collecting packaging>=22 (from pytest)
2026-09-23T08:43:36.4955323Z   Downloading packaging-26.3-py3-none-any.whl.metadata (3.5 kB)
2026-09-23T08:43:36.5213578Z Collecting pluggy<2,>=1.5 (from pytest)
2026-09-23T08:43:36.5414422Z   Downloading pluggy-1.6.0-py3-none-any.whl.metadata (4.8 kB)
2026-09-23T08:43:36.5748188Z Collecting pygments>=2.7.2 (from pytest)
2026-09-23T08:43:36.5946868Z   Downloading pygments-2.21.0-py3-none-any.whl.metadata (2.5 kB)
2026-09-23T08:43:36.6172101Z Downloading pytest-9.1.1-py3-none-any.whl (386 kB)
2026-09-23T08:43:36.7053249Z Downloading pluggy-1.6.0-py3-none-any.whl (20 kB)
2026-09-23T08:43:36.7256974Z Downloading iniconfig-2.3.0-py3-none-any.whl (7.5 kB)
2026-09-23T08:43:36.7458237Z Downloading packaging-26.3-py3-none-any.whl (129 kB)
2026-09-23T08:43:36.7675606Z Downloading pygments-2.21.0-py3-none-any.whl (1.3 MB)
2026-09-23T08:43:36.8127878Z    ââââââââââââââââââââââââââââââââââââââââ 1.3/1.3 MB 26.0 MB/s  0:00:00
2026-09-23T08:43:37.0398982Z Installing collected packages: pygments, pluggy, packaging, iniconfig, pytest
2026-09-23T08:43:38.0120360Z 
2026-09-23T08:43:38.0131505Z Successfully installed iniconfig-2.3.0 packaging-26.3 pluggy-1.6.0 pygments-2.21.0 pytest-9.1.1
2026-09-23T08:43:38.0612440Z ##[group]Run python automation/inject_mutation.py --error-type "FileNotFoundError"
2026-09-23T08:43:38.0613174Z [36;1mpython automation/inject_mutation.py --error-type "FileNotFoundError"[0m
2026-09-23T08:43:38.0652118Z shell: /usr/bin/bash -e {0}
2026-09-23T08:43:38.0652426Z env:
2026-09-23T08:43:38.0652948Z   pythonLocation: /opt/hostedtoolcache/Python/3.11.16/x64
2026-09-23T08:43:38.0653442Z   PKG_CONFIG_PATH: /opt/hostedtoolcache/Python/3.11.16/x64/lib/pkgconfig
2026-09-23T08:43:38.0653922Z   Python_ROOT_DIR: /opt/hostedtoolcache/Python/3.11.16/x64
2026-09-23T08:43:38.0654356Z   Python2_ROOT_DIR: /opt/hostedtoolcache/Python/3.11.16/x64
2026-09-23T08:43:38.0654815Z   Python3_ROOT_DIR: /opt/hostedtoolcache/Python/3.11.16/x64
2026-09-23T08:43:38.0655250Z   LD_LIBRARY_PATH: /opt/hostedtoolcache/Python/3.11.16/x64/lib
2026-09-23T08:43:38.0655650Z ##[endgroup]
2026-09-23T08:43:38.0953297Z [Mutation Injected] Successfully injected FileNotFoundError into tests/test_app.py
2026-09-23T08:43:38.1022818Z ##[group]Run pytest tests/test_app.py -v
2026-09-23T08:43:38.1023239Z [36;1mpytest tests/test_app.py -v[0m
2026-09-23T08:43:38.1059477Z shell: /usr/bin/bash -e {0}
2026-09-23T08:43:38.1059785Z env:
2026-09-23T08:43:38.1060103Z   pythonLocation: /opt/hostedtoolcache/Python/3.11.16/x64
2026-09-23T08:43:38.1060613Z   PKG_CONFIG_PATH: /opt/hostedtoolcache/Python/3.11.16/x64/lib/pkgconfig
2026-09-23T08:43:38.1061090Z   Python_ROOT_DIR: /opt/hostedtoolcache/Python/3.11.16/x64
2026-09-23T08:43:38.1061525Z   Python2_ROOT_DIR: /opt/hostedtoolcache/Python/3.11.16/x64
2026-09-23T08:43:38.1061960Z   Python3_ROOT_DIR: /opt/hostedtoolcache/Python/3.11.16/x64
2026-09-23T08:43:38.1062431Z   LD_LIBRARY_PATH: /opt/hostedtoolcache/Python/3.11.16/x64/lib
2026-09-23T08:43:38.1062833Z ##[endgroup]
2026-09-23T08:43:38.5606913Z ============================= test session starts ==============================
2026-09-23T08:43:38.5608727Z platform linux -- Python 3.11.16, pytest-9.1.1, pluggy-1.6.0 -- /opt/hostedtoolcache/Python/3.11.16/x64/bin/python
2026-09-23T08:43:38.5609982Z cachedir: .pytest_cache
2026-09-23T08:43:38.5610789Z rootdir: /home/runner/work/log-generation/log-generation
2026-09-23T08:43:38.5612603Z configfile: pytest.ini
2026-09-23T08:43:38.5694737Z collecting ... collected 6 items
2026-09-23T08:43:38.5695568Z 
2026-09-23T08:43:38.5704133Z tests/test_app.py::test_calculate_division PASSED                        [ 16%]
2026-09-23T08:43:38.5712996Z tests/test_app.py::test_convert_to_int PASSED                            [ 33%]
2026-09-23T08:43:38.5720898Z tests/test_app.py::test_get_list_item PASSED                             [ 50%]
2026-09-23T08:43:38.5728276Z tests/test_app.py::test_get_dict_value PASSED                            [ 66%]
2026-09-23T08:43:38.5735264Z tests/test_app.py::test_assert_positive PASSED                           [ 83%]
2026-09-23T08:43:38.5980135Z tests/test_app.py::test_file_not_found_error FAILED                      [100%]
2026-09-23T08:43:38.5980789Z 
2026-09-23T08:43:38.5981055Z =================================== FAILURES ===================================
2026-09-23T08:43:38.5981776Z __________________________ test_file_not_found_error ___________________________
2026-09-23T08:43:38.5982295Z 
2026-09-23T08:43:38.5982480Z     def test_file_not_found_error():
2026-09-23T08:43:38.5983079Z         """Injected synthetic FileNotFoundError."""
2026-09-23T08:43:38.5983704Z         from src.app import read_config_file
2026-09-23T08:43:38.5984416Z >       read_config_file("fixtures/non_existent_pipeline_config.json")
2026-09-23T08:43:38.5984938Z 
2026-09-23T08:43:38.5985115Z tests/test_app.py:137: 
2026-09-23T08:43:38.5985624Z _ _ _ _ _ _ _ _ _ _ _ _ _ _ _ _ _ _ _ _ _ _ _ _ _ _ _ _ _ _ _ _ _ _ _ _ _ _ _ _ 
2026-09-23T08:43:38.5986083Z 
2026-09-23T08:43:38.5986329Z path = 'fixtures/non_existent_pipeline_config.json'
2026-09-23T08:43:38.5986762Z 
2026-09-23T08:43:38.5986935Z     def read_config_file(path):
2026-09-23T08:43:38.5987391Z >       with open(path, "r") as f:
2026-09-23T08:43:38.5988126Z              ^^^^^^^^^^^^^^^
2026-09-23T08:43:38.5988967Z E       FileNotFoundError: [Errno 2] No such file or directory: 'fixtures/non_existent_pipeline_config.json'
2026-09-23T08:43:38.5989717Z 
2026-09-23T08:43:38.5989913Z src/app.py:17: FileNotFoundError
2026-09-23T08:43:38.5990513Z =========================== short test summary info ============================
2026-09-23T08:43:38.5992250Z FAILED tests/test_app.py::test_file_not_found_error - FileNotFoundError: [Errno 2] No such file or directory: 'fixtures/non_existent_pipeline_config.json'
2026-09-23T08:43:38.5993581Z ========================= 1 failed, 5 passed in 0.03s ==========================
2026-09-23T08:43:38.6166165Z ##[error]Process completed with exit code 1.
2026-09-23T08:43:38.6309733Z Node 20 is being deprecated. This workflow is running with Node 24 by default. If you need to temporarily use Node 20, you can set the ACTIONS_ALLOW_USE_UNSECURE_NODE_VERSION=true environment variable. For more information see: https://github.blog/changelog/2025-09-19-deprecation-of-node-20-on-github-actions-runners/
2026-09-23T08:43:38.6311013Z Post job cleanup.
2026-09-23T08:43:38.7175100Z [command]/usr/bin/git version
2026-09-23T08:43:38.7216775Z git version 2.55.0
2026-09-23T08:43:38.7286752Z Temporarily overriding HOME='/home/runner/work/_temp/740827d1-ba27-49fa-b6db-844c725cf2f1' before making global git config changes
2026-09-23T08:43:38.7288447Z Adding repository directory to the temporary git global config as a safe directory
2026-09-23T08:43:38.7291873Z [command]/usr/bin/git config --global --add safe.directory /home/runner/work/log-generation/log-generation
2026-09-23T08:43:38.7333127Z [command]/usr/bin/git config --local --name-only --get-regexp core\.sshCommand
2026-09-23T08:43:38.7368488Z [command]/usr/bin/git submodule foreach --recursive sh -c "git config --local --name-only --get-regexp 'core\.sshCommand' && git config --local --unset-all 'core.sshCommand' || :"
2026-09-23T08:43:38.7624323Z [command]/usr/bin/git config --local --name-only --get-regexp http\.https\:\/\/github\.com\/\.extraheader
2026-09-23T08:43:38.7653936Z http.https://github.com/.extraheader
2026-09-23T08:43:38.7665615Z [command]/usr/bin/git config --local --unset-all http.https://github.com/.extraheader
2026-09-23T08:43:38.7710868Z [command]/usr/bin/git submodule foreach --recursive sh -c "git config --local --name-only --get-regexp 'http\.https\:\/\/github\.com\/\.extraheader' && git config --local --unset-all 'http.https://github.com/.extraheader' || :"
2026-09-23T08:43:38.7973356Z [command]/usr/bin/git config --local --name-only --get-regexp ^includeIf\.gitdir:
2026-09-23T08:43:38.8024335Z [command]/usr/bin/git submodule foreach --recursive git config --local --show-origin --name-only --get-regexp remote.origin.url
2026-09-23T08:43:38.8406340Z Cleaning up orphan processes
2026-09-23T08:43:38.8704895Z ##[warning]Node.js 20 is deprecated. The following actions target Node.js 20 but are being forced to run on Node.js 24: actions/checkout@v4, actions/setup-python@v5. For more information see: https://github.blog/changelog/2025-09-19-deprecation-of-node-20-on-github-actions-runners/
