ï»¿2026-09-23T08:49:40.0263491Z Current runner version: '2.337.0'
2026-09-23T08:49:40.0289963Z ##[group]Runner Image Provisioner
2026-09-23T08:49:40.0291148Z Hosted Compute Agent
2026-09-23T08:49:40.0291906Z Version: 20260828.587
2026-09-23T08:49:40.0292611Z Commit: abac92662cab4cc7352de4f9f9d2e2419aad9c29
2026-09-23T08:49:40.0293345Z Build Date: 2026-08-28T16:44:25Z
2026-09-23T08:49:40.0294119Z Worker ID: {9252f98d-9e1a-4a80-a721-7c81a8322b8e}
2026-09-23T08:49:40.0294855Z Azure Region: canadaeast
2026-09-23T08:49:40.0295551Z ##[endgroup]
2026-09-23T08:49:40.0297391Z ##[group]Operating System
2026-09-23T08:49:40.0298035Z Ubuntu
2026-09-23T08:49:40.0298672Z 24.04.5
2026-09-23T08:49:40.0299249Z LTS
2026-09-23T08:49:40.0300213Z ##[endgroup]
2026-09-23T08:49:40.0301281Z ##[group]Runner Image
2026-09-23T08:49:40.0301973Z Image: ubuntu-24.04
2026-09-23T08:49:40.0302645Z Version: 20260907.300.1
2026-09-23T08:49:40.0303948Z Included Software: https://github.com/actions/runner-images/blob/ubuntu24/20260907.300/images/ubuntu/Ubuntu2404-Readme.md
2026-09-23T08:49:40.0305636Z Image Release: https://github.com/actions/runner-images/releases/tag/ubuntu24%2F20260907.300
2026-09-23T08:49:40.0306612Z ##[endgroup]
2026-09-23T08:49:40.0307932Z ##[group]GITHUB_TOKEN Permissions
2026-09-23T08:49:40.0310207Z Contents: read
2026-09-23T08:49:40.0311367Z Metadata: read
2026-09-23T08:49:40.0311964Z Packages: read
2026-09-23T08:49:40.0312585Z ##[endgroup]
2026-09-23T08:49:40.0314755Z Secret source: Actions
2026-09-23T08:49:40.0315692Z Cache mode: write
2026-09-23T08:49:40.0316959Z Prepare workflow directory
2026-09-23T08:49:40.0732573Z Prepare all required actions
2026-09-23T08:49:40.0805187Z Getting action download info
2026-09-23T08:49:40.3362964Z Download action repository 'actions/checkout@v4' (SHA:11d5960a326750d5838078e36cf38b85af677262)
2026-09-23T08:49:40.4527625Z Download action repository 'actions/setup-python@v5' (SHA:a26af69be951a213d495a4c3e4e4022e16d87065)
2026-09-23T08:49:40.6445169Z Complete job name: test-f3 (KeyError #165)
2026-09-23T08:49:40.7221741Z Node 20 is being deprecated. This workflow is running with Node 24 by default. If you need to temporarily use Node 20, you can set the ACTIONS_ALLOW_USE_UNSECURE_NODE_VERSION=true environment variable. For more information see: https://github.blog/changelog/2025-09-19-deprecation-of-node-20-on-github-actions-runners/
2026-09-23T08:49:40.7230441Z ##[group]Run actions/checkout@v4
2026-09-23T08:49:40.7231512Z with:
2026-09-23T08:49:40.7231980Z   fetch-depth: 1
2026-09-23T08:49:40.7232486Z   repository: DhruvHegde/log-generation
2026-09-23T08:49:40.7236113Z   token: ***
2026-09-23T08:49:40.7236569Z   ssh-strict: true
2026-09-23T08:49:40.7237022Z   ssh-user: git
2026-09-23T08:49:40.7237492Z   persist-credentials: true
2026-09-23T08:49:40.7238005Z   clean: true
2026-09-23T08:49:40.7238477Z   sparse-checkout-cone-mode: true
2026-09-23T08:49:40.7239022Z   fetch-tags: false
2026-09-23T08:49:40.7239485Z   show-progress: true
2026-09-23T08:49:40.7239948Z   lfs: false
2026-09-23T08:49:40.7240412Z   submodules: false
2026-09-23T08:49:40.7241069Z   set-safe-directory: true
2026-09-23T08:49:40.7241604Z   allow-unsafe-pr-checkout: false
2026-09-23T08:49:40.7242402Z ##[endgroup]
2026-09-23T08:49:40.8290250Z Syncing repository: DhruvHegde/log-generation
2026-09-23T08:49:40.8292705Z ##[group]Getting Git version info
2026-09-23T08:49:40.8293568Z Working directory is '/home/runner/work/log-generation/log-generation'
2026-09-23T08:49:40.8294710Z [command]/usr/bin/git version
2026-09-23T08:49:40.8396358Z git version 2.55.0
2026-09-23T08:49:40.8420275Z ##[endgroup]
2026-09-23T08:49:40.8439377Z Temporarily overriding HOME='/home/runner/work/_temp/68fdc875-cb4c-40b5-bfd2-a25c56debf18' before making global git config changes
2026-09-23T08:49:40.8442163Z Adding repository directory to the temporary git global config as a safe directory
2026-09-23T08:49:40.8445657Z [command]/usr/bin/git config --global --add safe.directory /home/runner/work/log-generation/log-generation
2026-09-23T08:49:40.8510630Z Deleting the contents of '/home/runner/work/log-generation/log-generation'
2026-09-23T08:49:40.8519944Z ##[group]Initializing the repository
2026-09-23T08:49:40.8521598Z [command]/usr/bin/git init /home/runner/work/log-generation/log-generation
2026-09-23T08:49:40.8664377Z hint: Using 'master' as the name for the initial branch. This default branch name
2026-09-23T08:49:40.8665958Z hint: will change to "main" in Git 3.0. To configure the initial branch name
2026-09-23T08:49:40.8666952Z hint: to use in all of your new repositories, which will suppress this warning,
2026-09-23T08:49:40.8667729Z hint: call:
2026-09-23T08:49:40.8668151Z hint:
2026-09-23T08:49:40.8668697Z hint: 	git config --global init.defaultBranch <name>
2026-09-23T08:49:40.8669347Z hint:
2026-09-23T08:49:40.8669961Z hint: Names commonly chosen instead of 'master' are 'main', 'trunk' and
2026-09-23T08:49:40.8671435Z hint: 'development'. The just-created branch can be renamed via this command:
2026-09-23T08:49:40.8672241Z hint:
2026-09-23T08:49:40.8672722Z hint: 	git branch -m <name>
2026-09-23T08:49:40.8673239Z hint:
2026-09-23T08:49:40.8673903Z hint: Disable this message with "git config set advice.defaultBranchName false"
2026-09-23T08:49:40.8680385Z Initialized empty Git repository in /home/runner/work/log-generation/log-generation/.git/
2026-09-23T08:49:40.8695648Z [command]/usr/bin/git remote add origin https://github.com/DhruvHegde/log-generation
2026-09-23T08:49:40.8753941Z ##[endgroup]
2026-09-23T08:49:40.8755263Z ##[group]Disabling automatic garbage collection
2026-09-23T08:49:40.8758577Z [command]/usr/bin/git config --local gc.auto 0
2026-09-23T08:49:40.8794980Z ##[endgroup]
2026-09-23T08:49:40.8796346Z ##[group]Setting up auth
2026-09-23T08:49:40.8803937Z [command]/usr/bin/git config --local --name-only --get-regexp core\.sshCommand
2026-09-23T08:49:40.8843400Z [command]/usr/bin/git submodule foreach --recursive sh -c "git config --local --name-only --get-regexp 'core\.sshCommand' && git config --local --unset-all 'core.sshCommand' || :"
2026-09-23T08:49:40.9264689Z [command]/usr/bin/git config --local --name-only --get-regexp http\.https\:\/\/github\.com\/\.extraheader
2026-09-23T08:49:40.9302156Z [command]/usr/bin/git submodule foreach --recursive sh -c "git config --local --name-only --get-regexp 'http\.https\:\/\/github\.com\/\.extraheader' && git config --local --unset-all 'http.https://github.com/.extraheader' || :"
2026-09-23T08:49:40.9526308Z [command]/usr/bin/git config --local --name-only --get-regexp ^includeIf\.gitdir:
2026-09-23T08:49:40.9563441Z [command]/usr/bin/git submodule foreach --recursive git config --local --show-origin --name-only --get-regexp remote.origin.url
2026-09-23T08:49:40.9788867Z [command]/usr/bin/git config --local http.https://github.com/.extraheader AUTHORIZATION: basic ***
2026-09-23T08:49:40.9828026Z ##[endgroup]
2026-09-23T08:49:40.9837214Z ##[group]Fetching the repository
2026-09-23T08:49:40.9838995Z [command]/usr/bin/git -c protocol.version=2 fetch --no-tags --prune --no-recurse-submodules --depth=1 origin +43f20917de93b9aad51cf79a69ad5239c5632917:refs/remotes/origin/feature/f3-test-failures
2026-09-23T08:49:41.4611490Z From https://github.com/DhruvHegde/log-generation
2026-09-23T08:49:41.4612676Z  * [new ref]         43f20917de93b9aad51cf79a69ad5239c5632917 -> origin/feature/f3-test-failures
2026-09-23T08:49:41.4615757Z ##[endgroup]
2026-09-23T08:49:41.4616661Z ##[group]Determining the checkout info
2026-09-23T08:49:41.4624762Z ##[endgroup]
2026-09-23T08:49:41.4627313Z [command]/usr/bin/git sparse-checkout disable
2026-09-23T08:49:41.4741031Z [command]/usr/bin/git config --local --unset-all extensions.worktreeConfig
2026-09-23T08:49:41.4744317Z ##[group]Checking out the ref
2026-09-23T08:49:41.4746178Z [command]/usr/bin/git checkout --progress --force -B feature/f3-test-failures refs/remotes/origin/feature/f3-test-failures
2026-09-23T08:49:41.5151935Z Switched to a new branch 'feature/f3-test-failures'
2026-09-23T08:49:41.5158716Z branch 'feature/f3-test-failures' set up to track 'origin/feature/f3-test-failures'.
2026-09-23T08:49:41.5168037Z ##[endgroup]
2026-09-23T08:49:41.5215542Z [command]/usr/bin/git log -1 --format=%H
2026-09-23T08:49:41.5242361Z 43f20917de93b9aad51cf79a69ad5239c5632917
2026-09-23T08:49:41.5612389Z Node 20 is being deprecated. This workflow is running with Node 24 by default. If you need to temporarily use Node 20, you can set the ACTIONS_ALLOW_USE_UNSECURE_NODE_VERSION=true environment variable. For more information see: https://github.blog/changelog/2025-09-19-deprecation-of-node-20-on-github-actions-runners/
2026-09-23T08:49:41.5619648Z ##[group]Run actions/setup-python@v5
2026-09-23T08:49:41.5621003Z with:
2026-09-23T08:49:41.5621844Z   python-version: 3.11
2026-09-23T08:49:41.5622821Z   check-latest: false
2026-09-23T08:49:41.5632306Z   token: ***
2026-09-23T08:49:41.5633246Z   update-environment: true
2026-09-23T08:49:41.5634330Z   allow-prereleases: false
2026-09-23T08:49:41.5635378Z   freethreaded: false
2026-09-23T08:49:41.5636322Z ##[endgroup]
2026-09-23T08:49:41.6994149Z ##[group]Installed versions
2026-09-23T08:49:41.7105913Z (node:2311) [DEP0040] DeprecationWarning: The `punycode` module is deprecated. Please use a userland alternative instead.
2026-09-23T08:49:41.7110917Z (Use `node --trace-deprecation ...` to show where the warning was created)
2026-09-23T08:49:41.7113832Z Successfully set up CPython (3.11.16)
2026-09-23T08:49:41.7116605Z ##[endgroup]
2026-09-23T08:49:41.7320548Z ##[group]Run pip install --no-cache-dir pytest
2026-09-23T08:49:41.7322284Z [36;1mpip install --no-cache-dir pytest[0m
2026-09-23T08:49:41.7393046Z shell: /usr/bin/bash -e {0}
2026-09-23T08:49:41.7394184Z env:
2026-09-23T08:49:41.7395502Z   pythonLocation: /opt/hostedtoolcache/Python/3.11.16/x64
2026-09-23T08:49:41.7398426Z   PKG_CONFIG_PATH: /opt/hostedtoolcache/Python/3.11.16/x64/lib/pkgconfig
2026-09-23T08:49:41.7403001Z   Python_ROOT_DIR: /opt/hostedtoolcache/Python/3.11.16/x64
2026-09-23T08:49:41.7405743Z   Python2_ROOT_DIR: /opt/hostedtoolcache/Python/3.11.16/x64
2026-09-23T08:49:41.7492238Z   Python3_ROOT_DIR: /opt/hostedtoolcache/Python/3.11.16/x64
2026-09-23T08:49:41.7494478Z   LD_LIBRARY_PATH: /opt/hostedtoolcache/Python/3.11.16/x64/lib
2026-09-23T08:49:41.7495906Z ##[endgroup]
2026-09-23T08:49:42.7104707Z Collecting pytest
2026-09-23T08:49:42.7677611Z   Downloading pytest-9.1.1-py3-none-any.whl.metadata (7.6 kB)
2026-09-23T08:49:42.7784971Z Collecting iniconfig>=1.0.1 (from pytest)
2026-09-23T08:49:42.7844677Z   Downloading iniconfig-2.3.0-py3-none-any.whl.metadata (2.5 kB)
2026-09-23T08:49:42.7990701Z Collecting packaging>=22 (from pytest)
2026-09-23T08:49:42.8049558Z   Downloading packaging-26.3-py3-none-any.whl.metadata (3.5 kB)
2026-09-23T08:49:42.8150103Z Collecting pluggy<2,>=1.5 (from pytest)
2026-09-23T08:49:42.8207955Z   Downloading pluggy-1.6.0-py3-none-any.whl.metadata (4.8 kB)
2026-09-23T08:49:42.8380346Z Collecting pygments>=2.7.2 (from pytest)
2026-09-23T08:49:42.8442118Z   Downloading pygments-2.21.0-py3-none-any.whl.metadata (2.5 kB)
2026-09-23T08:49:42.8528016Z Downloading pytest-9.1.1-py3-none-any.whl (386 kB)
2026-09-23T08:49:42.8840771Z Downloading pluggy-1.6.0-py3-none-any.whl (20 kB)
2026-09-23T08:49:42.8900311Z Downloading iniconfig-2.3.0-py3-none-any.whl (7.5 kB)
2026-09-23T08:49:42.8958417Z Downloading packaging-26.3-py3-none-any.whl (129 kB)
2026-09-23T08:49:42.9058340Z Downloading pygments-2.21.0-py3-none-any.whl (1.3 MB)
2026-09-23T08:49:42.9482731Z    ââââââââââââââââââââââââââââââââââââââââ 1.3/1.3 MB 32.2 MB/s  0:00:00
2026-09-23T08:49:43.0195351Z Installing collected packages: pygments, pluggy, packaging, iniconfig, pytest
2026-09-23T08:49:43.9828613Z 
2026-09-23T08:49:43.9839809Z Successfully installed iniconfig-2.3.0 packaging-26.3 pluggy-1.6.0 pygments-2.21.0 pytest-9.1.1
2026-09-23T08:49:44.0392068Z ##[group]Run python automation/inject_mutation.py --error-type "KeyError"
2026-09-23T08:49:44.0392700Z [36;1mpython automation/inject_mutation.py --error-type "KeyError"[0m
2026-09-23T08:49:44.0431983Z shell: /usr/bin/bash -e {0}
2026-09-23T08:49:44.0432243Z env:
2026-09-23T08:49:44.0432535Z   pythonLocation: /opt/hostedtoolcache/Python/3.11.16/x64
2026-09-23T08:49:44.0433222Z   PKG_CONFIG_PATH: /opt/hostedtoolcache/Python/3.11.16/x64/lib/pkgconfig
2026-09-23T08:49:44.0433667Z   Python_ROOT_DIR: /opt/hostedtoolcache/Python/3.11.16/x64
2026-09-23T08:49:44.0434062Z   Python2_ROOT_DIR: /opt/hostedtoolcache/Python/3.11.16/x64
2026-09-23T08:49:44.0434476Z   Python3_ROOT_DIR: /opt/hostedtoolcache/Python/3.11.16/x64
2026-09-23T08:49:44.0434867Z   LD_LIBRARY_PATH: /opt/hostedtoolcache/Python/3.11.16/x64/lib
2026-09-23T08:49:44.0435236Z ##[endgroup]
2026-09-23T08:49:44.0737644Z [Mutation Injected] Successfully injected KeyError into tests/test_app.py
2026-09-23T08:49:44.0810392Z ##[group]Run pytest tests/test_app.py -v
2026-09-23T08:49:44.0811104Z [36;1mpytest tests/test_app.py -v[0m
2026-09-23T08:49:44.0850087Z shell: /usr/bin/bash -e {0}
2026-09-23T08:49:44.0850353Z env:
2026-09-23T08:49:44.0850633Z   pythonLocation: /opt/hostedtoolcache/Python/3.11.16/x64
2026-09-23T08:49:44.0851374Z   PKG_CONFIG_PATH: /opt/hostedtoolcache/Python/3.11.16/x64/lib/pkgconfig
2026-09-23T08:49:44.0851847Z   Python_ROOT_DIR: /opt/hostedtoolcache/Python/3.11.16/x64
2026-09-23T08:49:44.0852247Z   Python2_ROOT_DIR: /opt/hostedtoolcache/Python/3.11.16/x64
2026-09-23T08:49:44.0852642Z   Python3_ROOT_DIR: /opt/hostedtoolcache/Python/3.11.16/x64
2026-09-23T08:49:44.0853044Z   LD_LIBRARY_PATH: /opt/hostedtoolcache/Python/3.11.16/x64/lib
2026-09-23T08:49:44.0853386Z ##[endgroup]
2026-09-23T08:49:44.4274626Z ============================= test session starts ==============================
2026-09-23T08:49:44.4275554Z platform linux -- Python 3.11.16, pytest-9.1.1, pluggy-1.6.0 -- /opt/hostedtoolcache/Python/3.11.16/x64/bin/python
2026-09-23T08:49:44.4276450Z cachedir: .pytest_cache
2026-09-23T08:49:44.4276877Z rootdir: /home/runner/work/log-generation/log-generation
2026-09-23T08:49:44.4277318Z configfile: pytest.ini
2026-09-23T08:49:44.4365218Z collecting ... collected 6 items
2026-09-23T08:49:44.4365489Z 
2026-09-23T08:49:44.4374786Z tests/test_app.py::test_calculate_division PASSED                        [ 16%]
2026-09-23T08:49:44.4383567Z tests/test_app.py::test_convert_to_int PASSED                            [ 33%]
2026-09-23T08:49:44.4392608Z tests/test_app.py::test_get_list_item PASSED                             [ 50%]
2026-09-23T08:49:44.4399673Z tests/test_app.py::test_get_dict_value PASSED                            [ 66%]
2026-09-23T08:49:44.4407067Z tests/test_app.py::test_assert_positive PASSED                           [ 83%]
2026-09-23T08:49:44.4708281Z tests/test_app.py::test_key_error FAILED                                 [100%]
2026-09-23T08:49:44.4708859Z 
2026-09-23T08:49:44.4709113Z =================================== FAILURES ===================================
2026-09-23T08:49:44.4709779Z ________________________________ test_key_error ________________________________
2026-09-23T08:49:44.4710234Z 
2026-09-23T08:49:44.4710400Z     def test_key_error():
2026-09-23T08:49:44.4711088Z         """Injected synthetic KeyError."""
2026-09-23T08:49:44.4711658Z         from src.app import get_dict_value
2026-09-23T08:49:44.4712181Z         config = {"env": "staging", "retries": 3}
2026-09-23T08:49:44.4712767Z >       get_dict_value(config, "missing_auth_token")
2026-09-23T08:49:44.4713160Z 
2026-09-23T08:49:44.4713336Z tests/test_app.py:140: 
2026-09-23T08:49:44.4713832Z _ _ _ _ _ _ _ _ _ _ _ _ _ _ _ _ _ _ _ _ _ _ _ _ _ _ _ _ _ _ _ _ _ _ _ _ _ _ _ _ 
2026-09-23T08:49:44.4714285Z 
2026-09-23T08:49:44.4714545Z d = {'env': 'staging', 'retries': 3}, key = 'missing_auth_token'
2026-09-23T08:49:44.4714989Z 
2026-09-23T08:49:44.4715173Z     def get_dict_value(d, key):
2026-09-23T08:49:44.4715623Z >       return d[key]
2026-09-23T08:49:44.4715983Z                ^^^^^^
2026-09-23T08:49:44.4716375Z E       KeyError: 'missing_auth_token'
2026-09-23T08:49:44.4716702Z 
2026-09-23T08:49:44.4716867Z src/app.py:11: KeyError
2026-09-23T08:49:44.4717367Z =========================== short test summary info ============================
2026-09-23T08:49:44.4718486Z FAILED tests/test_app.py::test_key_error - KeyError: 'missing_auth_token'
2026-09-23T08:49:44.4719309Z ========================= 1 failed, 5 passed in 0.03s ==========================
2026-09-23T08:49:44.4909514Z ##[error]Process completed with exit code 1.
2026-09-23T08:49:44.5056996Z Node 20 is being deprecated. This workflow is running with Node 24 by default. If you need to temporarily use Node 20, you can set the ACTIONS_ALLOW_USE_UNSECURE_NODE_VERSION=true environment variable. For more information see: https://github.blog/changelog/2025-09-19-deprecation-of-node-20-on-github-actions-runners/
2026-09-23T08:49:44.5058256Z Post job cleanup.
2026-09-23T08:49:44.5911726Z [command]/usr/bin/git version
2026-09-23T08:49:44.5954106Z git version 2.55.0
2026-09-23T08:49:44.5998818Z Temporarily overriding HOME='/home/runner/work/_temp/f07fe118-0753-42ed-a3d2-9c239c10e568' before making global git config changes
2026-09-23T08:49:44.5999904Z Adding repository directory to the temporary git global config as a safe directory
2026-09-23T08:49:44.6005094Z [command]/usr/bin/git config --global --add safe.directory /home/runner/work/log-generation/log-generation
2026-09-23T08:49:44.6047074Z [command]/usr/bin/git config --local --name-only --get-regexp core\.sshCommand
2026-09-23T08:49:44.6087572Z [command]/usr/bin/git submodule foreach --recursive sh -c "git config --local --name-only --get-regexp 'core\.sshCommand' && git config --local --unset-all 'core.sshCommand' || :"
2026-09-23T08:49:44.6382153Z [command]/usr/bin/git config --local --name-only --get-regexp http\.https\:\/\/github\.com\/\.extraheader
2026-09-23T08:49:44.6411941Z http.https://github.com/.extraheader
2026-09-23T08:49:44.6425833Z [command]/usr/bin/git config --local --unset-all http.https://github.com/.extraheader
2026-09-23T08:49:44.6475183Z [command]/usr/bin/git submodule foreach --recursive sh -c "git config --local --name-only --get-regexp 'http\.https\:\/\/github\.com\/\.extraheader' && git config --local --unset-all 'http.https://github.com/.extraheader' || :"
2026-09-23T08:49:44.6736291Z [command]/usr/bin/git config --local --name-only --get-regexp ^includeIf\.gitdir:
2026-09-23T08:49:44.6781393Z [command]/usr/bin/git submodule foreach --recursive git config --local --show-origin --name-only --get-regexp remote.origin.url
2026-09-23T08:49:44.7278467Z Cleaning up orphan processes
2026-09-23T08:49:44.7594223Z ##[warning]Node.js 20 is deprecated. The following actions target Node.js 20 but are being forced to run on Node.js 24: actions/checkout@v4, actions/setup-python@v5. For more information see: https://github.blog/changelog/2025-09-19-deprecation-of-node-20-on-github-actions-runners/
