ï»¿2026-09-23T08:50:32.4686568Z Current runner version: '2.337.0'
2026-09-23T08:50:32.4711655Z ##[group]Runner Image Provisioner
2026-09-23T08:50:32.4712539Z Hosted Compute Agent
2026-09-23T08:50:32.4713181Z Version: 20260828.587
2026-09-23T08:50:32.4713840Z Commit: abac92662cab4cc7352de4f9f9d2e2419aad9c29
2026-09-23T08:50:32.4715044Z Build Date: 2026-08-28T16:44:25Z
2026-09-23T08:50:32.4715758Z Worker ID: {694b8575-6a8d-41f0-83c2-f273bf129d67}
2026-09-23T08:50:32.4716518Z Azure Region: eastus2
2026-09-23T08:50:32.4717161Z ##[endgroup]
2026-09-23T08:50:32.4718675Z ##[group]Operating System
2026-09-23T08:50:32.4719379Z Ubuntu
2026-09-23T08:50:32.4719896Z 24.04.5
2026-09-23T08:50:32.4720724Z LTS
2026-09-23T08:50:32.4721357Z ##[endgroup]
2026-09-23T08:50:32.4721940Z ##[group]Runner Image
2026-09-23T08:50:32.4722587Z Image: ubuntu-24.04
2026-09-23T08:50:32.4723165Z Version: 20260920.314.1
2026-09-23T08:50:32.4724818Z Included Software: https://github.com/actions/runner-images/blob/ubuntu24/20260920.314/images/ubuntu/Ubuntu2404-Readme.md
2026-09-23T08:50:32.4726444Z Image Release: https://github.com/actions/runner-images/releases/tag/ubuntu24%2F20260920.314
2026-09-23T08:50:32.4727459Z ##[endgroup]
2026-09-23T08:50:32.4728607Z ##[group]GITHUB_TOKEN Permissions
2026-09-23T08:50:32.4730858Z Contents: read
2026-09-23T08:50:32.4731460Z Metadata: read
2026-09-23T08:50:32.4732000Z Packages: read
2026-09-23T08:50:32.4732622Z ##[endgroup]
2026-09-23T08:50:32.4734888Z Secret source: Actions
2026-09-23T08:50:32.4735962Z Cache mode: write
2026-09-23T08:50:32.4736925Z Prepare workflow directory
2026-09-23T08:50:32.5062768Z Prepare all required actions
2026-09-23T08:50:32.5110124Z Getting action download info
2026-09-23T08:50:32.7349409Z Download action repository 'actions/checkout@v4' (SHA:11d5960a326750d5838078e36cf38b85af677262)
2026-09-23T08:50:32.8502879Z Download action repository 'actions/setup-python@v5' (SHA:a26af69be951a213d495a4c3e4e4022e16d87065)
2026-09-23T08:50:33.0655957Z Complete job name: test-f3 (AttributeError #211)
2026-09-23T08:50:33.1418519Z Node 20 is being deprecated. This workflow is running with Node 24 by default. If you need to temporarily use Node 20, you can set the ACTIONS_ALLOW_USE_UNSECURE_NODE_VERSION=true environment variable. For more information see: https://github.blog/changelog/2025-09-19-deprecation-of-node-20-on-github-actions-runners/
2026-09-23T08:50:33.1427443Z ##[group]Run actions/checkout@v4
2026-09-23T08:50:33.1428187Z with:
2026-09-23T08:50:33.1428622Z   fetch-depth: 1
2026-09-23T08:50:33.1429114Z   repository: DhruvHegde/log-generation
2026-09-23T08:50:33.1432835Z   token: ***
2026-09-23T08:50:33.1433273Z   ssh-strict: true
2026-09-23T08:50:33.1433720Z   ssh-user: git
2026-09-23T08:50:33.1434374Z   persist-credentials: true
2026-09-23T08:50:33.1434886Z   clean: true
2026-09-23T08:50:33.1435339Z   sparse-checkout-cone-mode: true
2026-09-23T08:50:33.1435863Z   fetch-tags: false
2026-09-23T08:50:33.1436382Z   show-progress: true
2026-09-23T08:50:33.1436892Z   lfs: false
2026-09-23T08:50:33.1437402Z   submodules: false
2026-09-23T08:50:33.1437937Z   set-safe-directory: true
2026-09-23T08:50:33.1438500Z   allow-unsafe-pr-checkout: false
2026-09-23T08:50:33.1439403Z ##[endgroup]
2026-09-23T08:50:33.2429337Z Syncing repository: DhruvHegde/log-generation
2026-09-23T08:50:33.2431824Z ##[group]Getting Git version info
2026-09-23T08:50:33.2433050Z Working directory is '/home/runner/work/log-generation/log-generation'
2026-09-23T08:50:33.2435052Z [command]/usr/bin/git version
2026-09-23T08:50:33.2513642Z git version 2.55.0
2026-09-23T08:50:33.2547545Z ##[endgroup]
2026-09-23T08:50:33.2555622Z Temporarily overriding HOME='/home/runner/work/_temp/1116761a-5c2c-44df-b282-14176d266c66' before making global git config changes
2026-09-23T08:50:33.2558345Z Adding repository directory to the temporary git global config as a safe directory
2026-09-23T08:50:33.2560579Z [command]/usr/bin/git config --global --add safe.directory /home/runner/work/log-generation/log-generation
2026-09-23T08:50:33.2618074Z Deleting the contents of '/home/runner/work/log-generation/log-generation'
2026-09-23T08:50:33.2621959Z ##[group]Initializing the repository
2026-09-23T08:50:33.2626157Z [command]/usr/bin/git init /home/runner/work/log-generation/log-generation
2026-09-23T08:50:33.2759763Z hint: Using 'master' as the name for the initial branch. This default branch name
2026-09-23T08:50:33.2761626Z hint: will change to "main" in Git 3.0. To configure the initial branch name
2026-09-23T08:50:33.2763394Z hint: to use in all of your new repositories, which will suppress this warning,
2026-09-23T08:50:33.2765019Z hint: call:
2026-09-23T08:50:33.2765899Z hint:
2026-09-23T08:50:33.2767192Z hint: 	git config --global init.defaultBranch <name>
2026-09-23T08:50:33.2768368Z hint:
2026-09-23T08:50:33.2769519Z hint: Names commonly chosen instead of 'master' are 'main', 'trunk' and
2026-09-23T08:50:33.2771278Z hint: 'development'. The just-created branch can be renamed via this command:
2026-09-23T08:50:33.2772630Z hint:
2026-09-23T08:50:33.2773377Z hint: 	git branch -m <name>
2026-09-23T08:50:33.2774472Z hint:
2026-09-23T08:50:33.2775584Z hint: Disable this message with "git config set advice.defaultBranchName false"
2026-09-23T08:50:33.2777552Z Initialized empty Git repository in /home/runner/work/log-generation/log-generation/.git/
2026-09-23T08:50:33.2779432Z [command]/usr/bin/git remote add origin https://github.com/DhruvHegde/log-generation
2026-09-23T08:50:33.2837757Z ##[endgroup]
2026-09-23T08:50:33.2839180Z ##[group]Disabling automatic garbage collection
2026-09-23T08:50:33.2841021Z [command]/usr/bin/git config --local gc.auto 0
2026-09-23T08:50:33.2873244Z ##[endgroup]
2026-09-23T08:50:33.2874737Z ##[group]Setting up auth
2026-09-23T08:50:33.2880438Z [command]/usr/bin/git config --local --name-only --get-regexp core\.sshCommand
2026-09-23T08:50:33.2913473Z [command]/usr/bin/git submodule foreach --recursive sh -c "git config --local --name-only --get-regexp 'core\.sshCommand' && git config --local --unset-all 'core.sshCommand' || :"
2026-09-23T08:50:33.3302326Z [command]/usr/bin/git config --local --name-only --get-regexp http\.https\:\/\/github\.com\/\.extraheader
2026-09-23T08:50:33.3342068Z [command]/usr/bin/git submodule foreach --recursive sh -c "git config --local --name-only --get-regexp 'http\.https\:\/\/github\.com\/\.extraheader' && git config --local --unset-all 'http.https://github.com/.extraheader' || :"
2026-09-23T08:50:33.3561259Z [command]/usr/bin/git config --local --name-only --get-regexp ^includeIf\.gitdir:
2026-09-23T08:50:33.3597809Z [command]/usr/bin/git submodule foreach --recursive git config --local --show-origin --name-only --get-regexp remote.origin.url
2026-09-23T08:50:33.3815356Z [command]/usr/bin/git config --local http.https://github.com/.extraheader AUTHORIZATION: basic ***
2026-09-23T08:50:33.3856095Z ##[endgroup]
2026-09-23T08:50:33.3856937Z ##[group]Fetching the repository
2026-09-23T08:50:33.3866049Z [command]/usr/bin/git -c protocol.version=2 fetch --no-tags --prune --no-recurse-submodules --depth=1 origin +43f20917de93b9aad51cf79a69ad5239c5632917:refs/remotes/origin/feature/f3-test-failures
2026-09-23T08:50:33.7079583Z From https://github.com/DhruvHegde/log-generation
2026-09-23T08:50:33.7080665Z  * [new ref]         43f20917de93b9aad51cf79a69ad5239c5632917 -> origin/feature/f3-test-failures
2026-09-23T08:50:33.7086887Z ##[endgroup]
2026-09-23T08:50:33.7088333Z ##[group]Determining the checkout info
2026-09-23T08:50:33.7089971Z ##[endgroup]
2026-09-23T08:50:33.7095095Z [command]/usr/bin/git sparse-checkout disable
2026-09-23T08:50:33.7150554Z [command]/usr/bin/git config --local --unset-all extensions.worktreeConfig
2026-09-23T08:50:33.7182607Z ##[group]Checking out the ref
2026-09-23T08:50:33.7188226Z [command]/usr/bin/git checkout --progress --force -B feature/f3-test-failures refs/remotes/origin/feature/f3-test-failures
2026-09-23T08:50:33.7575639Z Switched to a new branch 'feature/f3-test-failures'
2026-09-23T08:50:33.7582666Z branch 'feature/f3-test-failures' set up to track 'origin/feature/f3-test-failures'.
2026-09-23T08:50:33.7589755Z ##[endgroup]
2026-09-23T08:50:33.7629240Z [command]/usr/bin/git log -1 --format=%H
2026-09-23T08:50:33.7654770Z 43f20917de93b9aad51cf79a69ad5239c5632917
2026-09-23T08:50:33.7924032Z Node 20 is being deprecated. This workflow is running with Node 24 by default. If you need to temporarily use Node 20, you can set the ACTIONS_ALLOW_USE_UNSECURE_NODE_VERSION=true environment variable. For more information see: https://github.blog/changelog/2025-09-19-deprecation-of-node-20-on-github-actions-runners/
2026-09-23T08:50:33.7926957Z ##[group]Run actions/setup-python@v5
2026-09-23T08:50:33.7927495Z with:
2026-09-23T08:50:33.7927903Z   python-version: 3.11
2026-09-23T08:50:33.7928376Z   check-latest: false
2026-09-23T08:50:33.7931902Z   token: ***
2026-09-23T08:50:33.7932328Z   update-environment: true
2026-09-23T08:50:33.7932818Z   allow-prereleases: false
2026-09-23T08:50:33.7933306Z   freethreaded: false
2026-09-23T08:50:33.7933754Z ##[endgroup]
2026-09-23T08:50:33.9213634Z ##[group]Installed versions
2026-09-23T08:50:33.9719817Z (node:2262) [DEP0040] DeprecationWarning: The `punycode` module is deprecated. Please use a userland alternative instead.
2026-09-23T08:50:33.9723079Z (Use `node --trace-deprecation ...` to show where the warning was created)
2026-09-23T08:50:33.9725222Z Successfully set up CPython (3.11.16)
2026-09-23T08:50:33.9727408Z ##[endgroup]
2026-09-23T08:50:33.9919490Z ##[group]Run pip install --no-cache-dir pytest
2026-09-23T08:50:33.9921164Z [36;1mpip install --no-cache-dir pytest[0m
2026-09-23T08:50:34.0305621Z shell: /usr/bin/bash -e {0}
2026-09-23T08:50:34.0306846Z env:
2026-09-23T08:50:34.0308000Z   pythonLocation: /opt/hostedtoolcache/Python/3.11.16/x64
2026-09-23T08:50:34.0310031Z   PKG_CONFIG_PATH: /opt/hostedtoolcache/Python/3.11.16/x64/lib/pkgconfig
2026-09-23T08:50:34.0312036Z   Python_ROOT_DIR: /opt/hostedtoolcache/Python/3.11.16/x64
2026-09-23T08:50:34.0313827Z   Python2_ROOT_DIR: /opt/hostedtoolcache/Python/3.11.16/x64
2026-09-23T08:50:34.0381545Z   Python3_ROOT_DIR: /opt/hostedtoolcache/Python/3.11.16/x64
2026-09-23T08:50:34.0384528Z   LD_LIBRARY_PATH: /opt/hostedtoolcache/Python/3.11.16/x64/lib
2026-09-23T08:50:34.0386891Z ##[endgroup]
2026-09-23T08:50:36.9092313Z Collecting pytest
2026-09-23T08:50:36.9668197Z   Downloading pytest-9.1.1-py3-none-any.whl.metadata (7.6 kB)
2026-09-23T08:50:36.9783704Z Collecting iniconfig>=1.0.1 (from pytest)
2026-09-23T08:50:36.9855035Z   Downloading iniconfig-2.3.0-py3-none-any.whl.metadata (2.5 kB)
2026-09-23T08:50:36.9997870Z Collecting packaging>=22 (from pytest)
2026-09-23T08:50:37.0067786Z   Downloading packaging-26.3-py3-none-any.whl.metadata (3.5 kB)
2026-09-23T08:50:37.0181388Z Collecting pluggy<2,>=1.5 (from pytest)
2026-09-23T08:50:37.0289636Z   Downloading pluggy-1.6.0-py3-none-any.whl.metadata (4.8 kB)
2026-09-23T08:50:37.0470464Z Collecting pygments>=2.7.2 (from pytest)
2026-09-23T08:50:37.0539778Z   Downloading pygments-2.21.0-py3-none-any.whl.metadata (2.5 kB)
2026-09-23T08:50:37.0638152Z Downloading pytest-9.1.1-py3-none-any.whl (386 kB)
2026-09-23T08:50:37.0921820Z Downloading pluggy-1.6.0-py3-none-any.whl (20 kB)
2026-09-23T08:50:37.0992337Z Downloading iniconfig-2.3.0-py3-none-any.whl (7.5 kB)
2026-09-23T08:50:37.1063615Z Downloading packaging-26.3-py3-none-any.whl (129 kB)
2026-09-23T08:50:37.1134672Z Downloading pygments-2.21.0-py3-none-any.whl (1.3 MB)
2026-09-23T08:50:37.1309479Z    ââââââââââââââââââââââââââââââââââââââââ 1.3/1.3 MB 69.0 MB/s  0:00:00
2026-09-23T08:50:37.3170106Z Installing collected packages: pygments, pluggy, packaging, iniconfig, pytest
2026-09-23T08:50:38.2804715Z 
2026-09-23T08:50:38.2814504Z Successfully installed iniconfig-2.3.0 packaging-26.3 pluggy-1.6.0 pygments-2.21.0 pytest-9.1.1
2026-09-23T08:50:38.3327540Z ##[group]Run python automation/inject_mutation.py --error-type "AttributeError"
2026-09-23T08:50:38.3328189Z [36;1mpython automation/inject_mutation.py --error-type "AttributeError"[0m
2026-09-23T08:50:38.3395133Z shell: /usr/bin/bash -e {0}
2026-09-23T08:50:38.3395397Z env:
2026-09-23T08:50:38.3395909Z   pythonLocation: /opt/hostedtoolcache/Python/3.11.16/x64
2026-09-23T08:50:38.3396352Z   PKG_CONFIG_PATH: /opt/hostedtoolcache/Python/3.11.16/x64/lib/pkgconfig
2026-09-23T08:50:38.3396776Z   Python_ROOT_DIR: /opt/hostedtoolcache/Python/3.11.16/x64
2026-09-23T08:50:38.3397156Z   Python2_ROOT_DIR: /opt/hostedtoolcache/Python/3.11.16/x64
2026-09-23T08:50:38.3397549Z   Python3_ROOT_DIR: /opt/hostedtoolcache/Python/3.11.16/x64
2026-09-23T08:50:38.3397932Z   LD_LIBRARY_PATH: /opt/hostedtoolcache/Python/3.11.16/x64/lib
2026-09-23T08:50:38.3398253Z ##[endgroup]
2026-09-23T08:50:38.3718112Z [Mutation Injected] Successfully injected AttributeError into tests/test_app.py
2026-09-23T08:50:38.3789210Z ##[group]Run pytest tests/test_app.py -v
2026-09-23T08:50:38.3789581Z [36;1mpytest tests/test_app.py -v[0m
2026-09-23T08:50:38.3849245Z shell: /usr/bin/bash -e {0}
2026-09-23T08:50:38.3849501Z env:
2026-09-23T08:50:38.3849769Z   pythonLocation: /opt/hostedtoolcache/Python/3.11.16/x64
2026-09-23T08:50:38.3850221Z   PKG_CONFIG_PATH: /opt/hostedtoolcache/Python/3.11.16/x64/lib/pkgconfig
2026-09-23T08:50:38.3850682Z   Python_ROOT_DIR: /opt/hostedtoolcache/Python/3.11.16/x64
2026-09-23T08:50:38.3851088Z   Python2_ROOT_DIR: /opt/hostedtoolcache/Python/3.11.16/x64
2026-09-23T08:50:38.3851501Z   Python3_ROOT_DIR: /opt/hostedtoolcache/Python/3.11.16/x64
2026-09-23T08:50:38.3851890Z   LD_LIBRARY_PATH: /opt/hostedtoolcache/Python/3.11.16/x64/lib
2026-09-23T08:50:38.3852219Z ##[endgroup]
2026-09-23T08:50:38.8023042Z ============================= test session starts ==============================
2026-09-23T08:50:38.8023781Z platform linux -- Python 3.11.16, pytest-9.1.1, pluggy-1.6.0 -- /opt/hostedtoolcache/Python/3.11.16/x64/bin/python
2026-09-23T08:50:38.8024669Z cachedir: .pytest_cache
2026-09-23T08:50:38.8025034Z rootdir: /home/runner/work/log-generation/log-generation
2026-09-23T08:50:38.8025389Z configfile: pytest.ini
2026-09-23T08:50:38.8109932Z collecting ... collected 6 items
2026-09-23T08:50:38.8110239Z 
2026-09-23T08:50:38.8120541Z tests/test_app.py::test_calculate_division PASSED                        [ 16%]
2026-09-23T08:50:38.8130180Z tests/test_app.py::test_convert_to_int PASSED                            [ 33%]
2026-09-23T08:50:38.8137896Z tests/test_app.py::test_get_list_item PASSED                             [ 50%]
2026-09-23T08:50:38.8145005Z tests/test_app.py::test_get_dict_value PASSED                            [ 66%]
2026-09-23T08:50:38.8151803Z tests/test_app.py::test_assert_positive PASSED                           [ 83%]
2026-09-23T08:50:38.8419246Z tests/test_app.py::test_attribute_error FAILED                           [100%]
2026-09-23T08:50:38.8419850Z 
2026-09-23T08:50:38.8420111Z =================================== FAILURES ===================================
2026-09-23T08:50:38.8420779Z _____________________________ test_attribute_error _____________________________
2026-09-23T08:50:38.8421236Z 
2026-09-23T08:50:38.8421407Z     def test_attribute_error():
2026-09-23T08:50:38.8421882Z         """Injected synthetic AttributeError."""
2026-09-23T08:50:38.8422473Z         from src.app import get_object_attribute
2026-09-23T08:50:38.8423013Z >       get_object_attribute(object())
2026-09-23T08:50:38.8423336Z 
2026-09-23T08:50:38.8423503Z tests/test_app.py:139: 
2026-09-23T08:50:38.8424017Z _ _ _ _ _ _ _ _ _ _ _ _ _ _ _ _ _ _ _ _ _ _ _ _ _ _ _ _ _ _ _ _ _ _ _ _ _ _ _ _ 
2026-09-23T08:50:38.8424721Z 
2026-09-23T08:50:38.8424956Z obj = <object object at 0x7f6bb112d370>
2026-09-23T08:50:38.8425294Z 
2026-09-23T08:50:38.8425477Z     def get_object_attribute(obj):
2026-09-23T08:50:38.8425949Z >       return obj.non_existent_attribute
2026-09-23T08:50:38.8426421Z                ^^^^^^^^^^^^^^^^^^^^^^^^^^
2026-09-23T08:50:38.8427081Z E       AttributeError: 'object' object has no attribute 'non_existent_attribute'
2026-09-23T08:50:38.8427649Z 
2026-09-23T08:50:38.8427831Z src/app.py:14: AttributeError
2026-09-23T08:50:38.8428367Z =========================== short test summary info ============================
2026-09-23T08:50:38.8429731Z FAILED tests/test_app.py::test_attribute_error - AttributeError: 'object' object has no attribute 'non_existent_attribute'
2026-09-23T08:50:38.8430800Z ========================= 1 failed, 5 passed in 0.03s ==========================
2026-09-23T08:50:38.8611754Z ##[error]Process completed with exit code 1.
2026-09-23T08:50:38.8749779Z Node 20 is being deprecated. This workflow is running with Node 24 by default. If you need to temporarily use Node 20, you can set the ACTIONS_ALLOW_USE_UNSECURE_NODE_VERSION=true environment variable. For more information see: https://github.blog/changelog/2025-09-19-deprecation-of-node-20-on-github-actions-runners/
2026-09-23T08:50:38.8751062Z Post job cleanup.
2026-09-23T08:50:38.9569795Z [command]/usr/bin/git version
2026-09-23T08:50:38.9624903Z git version 2.55.0
2026-09-23T08:50:38.9658778Z Temporarily overriding HOME='/home/runner/work/_temp/ff8f9603-45b0-4d4d-af64-cd2553a1bbfd' before making global git config changes
2026-09-23T08:50:38.9660271Z Adding repository directory to the temporary git global config as a safe directory
2026-09-23T08:50:38.9672237Z [command]/usr/bin/git config --global --add safe.directory /home/runner/work/log-generation/log-generation
2026-09-23T08:50:38.9703379Z [command]/usr/bin/git config --local --name-only --get-regexp core\.sshCommand
2026-09-23T08:50:38.9740131Z [command]/usr/bin/git submodule foreach --recursive sh -c "git config --local --name-only --get-regexp 'core\.sshCommand' && git config --local --unset-all 'core.sshCommand' || :"
2026-09-23T08:50:39.0020839Z [command]/usr/bin/git config --local --name-only --get-regexp http\.https\:\/\/github\.com\/\.extraheader
2026-09-23T08:50:39.0026658Z http.https://github.com/.extraheader
2026-09-23T08:50:39.0047763Z [command]/usr/bin/git config --local --unset-all http.https://github.com/.extraheader
2026-09-23T08:50:39.0092019Z [command]/usr/bin/git submodule foreach --recursive sh -c "git config --local --name-only --get-regexp 'http\.https\:\/\/github\.com\/\.extraheader' && git config --local --unset-all 'http.https://github.com/.extraheader' || :"
2026-09-23T08:50:39.0399379Z [command]/usr/bin/git config --local --name-only --get-regexp ^includeIf\.gitdir:
2026-09-23T08:50:39.0440884Z [command]/usr/bin/git submodule foreach --recursive git config --local --show-origin --name-only --get-regexp remote.origin.url
2026-09-23T08:50:39.0907882Z Cleaning up orphan processes
2026-09-23T08:50:39.1177858Z ##[warning]Node.js 20 is deprecated. The following actions target Node.js 20 but are being forced to run on Node.js 24: actions/checkout@v4, actions/setup-python@v5. For more information see: https://github.blog/changelog/2025-09-19-deprecation-of-node-20-on-github-actions-runners/
