ï»¿2026-09-23T08:44:05.0614240Z Current runner version: '2.337.0'
2026-09-23T08:44:05.0652344Z ##[group]Runner Image Provisioner
2026-09-23T08:44:05.0653641Z Hosted Compute Agent
2026-09-23T08:44:05.0654524Z Version: 20260828.587
2026-09-23T08:44:05.0656081Z Commit: abac92662cab4cc7352de4f9f9d2e2419aad9c29
2026-09-23T08:44:05.0657394Z Build Date: 2026-08-28T16:44:25Z
2026-09-23T08:44:05.0658613Z Worker ID: {a17a5a65-902d-4e18-8b92-64a42ce40837}
2026-09-23T08:44:05.0659852Z Azure Region: eastus
2026-09-23T08:44:05.0660923Z ##[endgroup]
2026-09-23T08:44:05.0664315Z ##[group]Operating System
2026-09-23T08:44:05.0665615Z Ubuntu
2026-09-23T08:44:05.0666637Z 24.04.5
2026-09-23T08:44:05.0667575Z LTS
2026-09-23T08:44:05.0668397Z ##[endgroup]
2026-09-23T08:44:05.0669405Z ##[group]Runner Image
2026-09-23T08:44:05.0670419Z Image: ubuntu-24.04
2026-09-23T08:44:05.0671530Z Version: 20260907.300.1
2026-09-23T08:44:05.0673538Z Included Software: https://github.com/actions/runner-images/blob/ubuntu24/20260907.300/images/ubuntu/Ubuntu2404-Readme.md
2026-09-23T08:44:05.0676715Z Image Release: https://github.com/actions/runner-images/releases/tag/ubuntu24%2F20260907.300
2026-09-23T08:44:05.0678393Z ##[endgroup]
2026-09-23T08:44:05.0680442Z ##[group]GITHUB_TOKEN Permissions
2026-09-23T08:44:05.0683551Z Contents: read
2026-09-23T08:44:05.0684607Z Metadata: read
2026-09-23T08:44:05.0685843Z Packages: read
2026-09-23T08:44:05.0686808Z ##[endgroup]
2026-09-23T08:44:05.0689894Z Secret source: Actions
2026-09-23T08:44:05.0691530Z Cache mode: write
2026-09-23T08:44:05.0693208Z Prepare workflow directory
2026-09-23T08:44:05.1176306Z Prepare all required actions
2026-09-23T08:44:05.1249714Z Getting action download info
2026-09-23T08:44:05.3360321Z Download action repository 'actions/checkout@v4' (SHA:11d5960a326750d5838078e36cf38b85af677262)
2026-09-23T08:44:05.4566055Z Download action repository 'actions/setup-python@v5' (SHA:a26af69be951a213d495a4c3e4e4022e16d87065)
2026-09-23T08:44:05.6458646Z Complete job name: test-f3 (TypeError #27)
2026-09-23T08:44:05.7247882Z Node 20 is being deprecated. This workflow is running with Node 24 by default. If you need to temporarily use Node 20, you can set the ACTIONS_ALLOW_USE_UNSECURE_NODE_VERSION=true environment variable. For more information see: https://github.blog/changelog/2025-09-19-deprecation-of-node-20-on-github-actions-runners/
2026-09-23T08:44:05.7257081Z ##[group]Run actions/checkout@v4
2026-09-23T08:44:05.7257845Z with:
2026-09-23T08:44:05.7258263Z   fetch-depth: 1
2026-09-23T08:44:05.7258729Z   repository: DhruvHegde/log-generation
2026-09-23T08:44:05.7262776Z   token: ***
2026-09-23T08:44:05.7263206Z   ssh-strict: true
2026-09-23T08:44:05.7263641Z   ssh-user: git
2026-09-23T08:44:05.7264084Z   persist-credentials: true
2026-09-23T08:44:05.7264571Z   clean: true
2026-09-23T08:44:05.7265225Z   sparse-checkout-cone-mode: true
2026-09-23T08:44:05.7265739Z   fetch-tags: false
2026-09-23T08:44:05.7266172Z   show-progress: true
2026-09-23T08:44:05.7266606Z   lfs: false
2026-09-23T08:44:05.7267068Z   submodules: false
2026-09-23T08:44:05.7267530Z   set-safe-directory: true
2026-09-23T08:44:05.7268038Z   allow-unsafe-pr-checkout: false
2026-09-23T08:44:05.7268870Z ##[endgroup]
2026-09-23T08:44:05.8330589Z Syncing repository: DhruvHegde/log-generation
2026-09-23T08:44:05.8333250Z ##[group]Getting Git version info
2026-09-23T08:44:05.8334506Z Working directory is '/home/runner/work/log-generation/log-generation'
2026-09-23T08:44:05.8336595Z [command]/usr/bin/git version
2026-09-23T08:44:05.8427373Z git version 2.55.0
2026-09-23T08:44:05.8454519Z ##[endgroup]
2026-09-23T08:44:05.8472386Z Temporarily overriding HOME='/home/runner/work/_temp/d06e977b-5976-4823-ac7a-88d23c9cee78' before making global git config changes
2026-09-23T08:44:05.8475391Z Adding repository directory to the temporary git global config as a safe directory
2026-09-23T08:44:05.8479274Z [command]/usr/bin/git config --global --add safe.directory /home/runner/work/log-generation/log-generation
2026-09-23T08:44:05.8558097Z Deleting the contents of '/home/runner/work/log-generation/log-generation'
2026-09-23T08:44:05.8559885Z ##[group]Initializing the repository
2026-09-23T08:44:05.8560694Z [command]/usr/bin/git init /home/runner/work/log-generation/log-generation
2026-09-23T08:44:05.8682914Z hint: Using 'master' as the name for the initial branch. This default branch name
2026-09-23T08:44:05.8684956Z hint: will change to "main" in Git 3.0. To configure the initial branch name
2026-09-23T08:44:05.8686674Z hint: to use in all of your new repositories, which will suppress this warning,
2026-09-23T08:44:05.8687970Z hint: call:
2026-09-23T08:44:05.8688695Z hint:
2026-09-23T08:44:05.8689579Z hint: 	git config --global init.defaultBranch <name>
2026-09-23T08:44:05.8690462Z hint:
2026-09-23T08:44:05.8691067Z hint: Names commonly chosen instead of 'master' are 'main', 'trunk' and
2026-09-23T08:44:05.8692497Z hint: 'development'. The just-created branch can be renamed via this command:
2026-09-23T08:44:05.8693506Z hint:
2026-09-23T08:44:05.8693967Z hint: 	git branch -m <name>
2026-09-23T08:44:05.8694476Z hint:
2026-09-23T08:44:05.8695786Z hint: Disable this message with "git config set advice.defaultBranchName false"
2026-09-23T08:44:05.8697072Z Initialized empty Git repository in /home/runner/work/log-generation/log-generation/.git/
2026-09-23T08:44:05.8701949Z [command]/usr/bin/git remote add origin https://github.com/DhruvHegde/log-generation
2026-09-23T08:44:05.8753908Z ##[endgroup]
2026-09-23T08:44:05.8755040Z ##[group]Disabling automatic garbage collection
2026-09-23T08:44:05.8759025Z [command]/usr/bin/git config --local gc.auto 0
2026-09-23T08:44:05.8791297Z ##[endgroup]
2026-09-23T08:44:05.8792034Z ##[group]Setting up auth
2026-09-23T08:44:05.8799761Z [command]/usr/bin/git config --local --name-only --get-regexp core\.sshCommand
2026-09-23T08:44:05.8834326Z [command]/usr/bin/git submodule foreach --recursive sh -c "git config --local --name-only --get-regexp 'core\.sshCommand' && git config --local --unset-all 'core.sshCommand' || :"
2026-09-23T08:44:05.9279404Z [command]/usr/bin/git config --local --name-only --get-regexp http\.https\:\/\/github\.com\/\.extraheader
2026-09-23T08:44:05.9316931Z [command]/usr/bin/git submodule foreach --recursive sh -c "git config --local --name-only --get-regexp 'http\.https\:\/\/github\.com\/\.extraheader' && git config --local --unset-all 'http.https://github.com/.extraheader' || :"
2026-09-23T08:44:05.9550838Z [command]/usr/bin/git config --local --name-only --get-regexp ^includeIf\.gitdir:
2026-09-23T08:44:05.9587452Z [command]/usr/bin/git submodule foreach --recursive git config --local --show-origin --name-only --get-regexp remote.origin.url
2026-09-23T08:44:05.9817653Z [command]/usr/bin/git config --local http.https://github.com/.extraheader AUTHORIZATION: basic ***
2026-09-23T08:44:05.9858906Z ##[endgroup]
2026-09-23T08:44:05.9860416Z ##[group]Fetching the repository
2026-09-23T08:44:05.9870969Z [command]/usr/bin/git -c protocol.version=2 fetch --no-tags --prune --no-recurse-submodules --depth=1 origin +dfcb6f158e4bd8054252a4da5d0a9edc2ab15d57:refs/remotes/origin/feature/f3-test-failures
2026-09-23T08:44:06.2185406Z From https://github.com/DhruvHegde/log-generation
2026-09-23T08:44:06.2186776Z  * [new ref]         dfcb6f158e4bd8054252a4da5d0a9edc2ab15d57 -> origin/feature/f3-test-failures
2026-09-23T08:44:06.2190169Z ##[endgroup]
2026-09-23T08:44:06.2191218Z ##[group]Determining the checkout info
2026-09-23T08:44:06.2192735Z ##[endgroup]
2026-09-23T08:44:06.2199498Z [command]/usr/bin/git sparse-checkout disable
2026-09-23T08:44:06.2267978Z [command]/usr/bin/git config --local --unset-all extensions.worktreeConfig
2026-09-23T08:44:06.2302328Z ##[group]Checking out the ref
2026-09-23T08:44:06.2307697Z [command]/usr/bin/git checkout --progress --force -B feature/f3-test-failures refs/remotes/origin/feature/f3-test-failures
2026-09-23T08:44:06.2391205Z Switched to a new branch 'feature/f3-test-failures'
2026-09-23T08:44:06.2397455Z branch 'feature/f3-test-failures' set up to track 'origin/feature/f3-test-failures'.
2026-09-23T08:44:06.2403801Z ##[endgroup]
2026-09-23T08:44:06.2451710Z [command]/usr/bin/git log -1 --format=%H
2026-09-23T08:44:06.2479326Z dfcb6f158e4bd8054252a4da5d0a9edc2ab15d57
2026-09-23T08:44:06.2770865Z Node 20 is being deprecated. This workflow is running with Node 24 by default. If you need to temporarily use Node 20, you can set the ACTIONS_ALLOW_USE_UNSECURE_NODE_VERSION=true environment variable. For more information see: https://github.blog/changelog/2025-09-19-deprecation-of-node-20-on-github-actions-runners/
2026-09-23T08:44:06.2773697Z ##[group]Run actions/setup-python@v5
2026-09-23T08:44:06.2774274Z with:
2026-09-23T08:44:06.2775028Z   python-version: 3.11
2026-09-23T08:44:06.2775595Z   check-latest: false
2026-09-23T08:44:06.2779803Z   token: ***
2026-09-23T08:44:06.2780291Z   update-environment: true
2026-09-23T08:44:06.2780834Z   allow-prereleases: false
2026-09-23T08:44:06.2781360Z   freethreaded: false
2026-09-23T08:44:06.2781856Z ##[endgroup]
2026-09-23T08:44:06.4133653Z ##[group]Installed versions
2026-09-23T08:44:06.4242849Z (node:2253) [DEP0040] DeprecationWarning: The `punycode` module is deprecated. Please use a userland alternative instead.
2026-09-23T08:44:06.4245593Z (Use `node --trace-deprecation ...` to show where the warning was created)
2026-09-23T08:44:06.4247114Z Successfully set up CPython (3.11.16)
2026-09-23T08:44:06.4248740Z ##[endgroup]
2026-09-23T08:44:06.4475084Z ##[group]Run pip install --no-cache-dir pytest
2026-09-23T08:44:06.4476490Z [36;1mpip install --no-cache-dir pytest[0m
2026-09-23T08:44:06.4544196Z shell: /usr/bin/bash -e {0}
2026-09-23T08:44:06.4545364Z env:
2026-09-23T08:44:06.4546288Z   pythonLocation: /opt/hostedtoolcache/Python/3.11.16/x64
2026-09-23T08:44:06.4547917Z   PKG_CONFIG_PATH: /opt/hostedtoolcache/Python/3.11.16/x64/lib/pkgconfig
2026-09-23T08:44:06.4549555Z   Python_ROOT_DIR: /opt/hostedtoolcache/Python/3.11.16/x64
2026-09-23T08:44:06.4551039Z   Python2_ROOT_DIR: /opt/hostedtoolcache/Python/3.11.16/x64
2026-09-23T08:44:06.4647322Z   Python3_ROOT_DIR: /opt/hostedtoolcache/Python/3.11.16/x64
2026-09-23T08:44:06.4648865Z   LD_LIBRARY_PATH: /opt/hostedtoolcache/Python/3.11.16/x64/lib
2026-09-23T08:44:06.4650116Z ##[endgroup]
2026-09-23T08:44:07.5719415Z Collecting pytest
2026-09-23T08:44:07.6187336Z   Downloading pytest-9.1.1-py3-none-any.whl.metadata (7.6 kB)
2026-09-23T08:44:07.6272469Z Collecting iniconfig>=1.0.1 (from pytest)
2026-09-23T08:44:07.6307440Z   Downloading iniconfig-2.3.0-py3-none-any.whl.metadata (2.5 kB)
2026-09-23T08:44:07.6416773Z Collecting packaging>=22 (from pytest)
2026-09-23T08:44:07.6449895Z   Downloading packaging-26.3-py3-none-any.whl.metadata (3.5 kB)
2026-09-23T08:44:07.6532729Z Collecting pluggy<2,>=1.5 (from pytest)
2026-09-23T08:44:07.6562560Z   Downloading pluggy-1.6.0-py3-none-any.whl.metadata (4.8 kB)
2026-09-23T08:44:07.6699754Z Collecting pygments>=2.7.2 (from pytest)
2026-09-23T08:44:07.6733922Z   Downloading pygments-2.21.0-py3-none-any.whl.metadata (2.5 kB)
2026-09-23T08:44:07.6792566Z Downloading pytest-9.1.1-py3-none-any.whl (386 kB)
2026-09-23T08:44:07.6963591Z Downloading pluggy-1.6.0-py3-none-any.whl (20 kB)
2026-09-23T08:44:07.6997552Z Downloading iniconfig-2.3.0-py3-none-any.whl (7.5 kB)
2026-09-23T08:44:07.7027831Z Downloading packaging-26.3-py3-none-any.whl (129 kB)
2026-09-23T08:44:07.7059809Z Downloading pygments-2.21.0-py3-none-any.whl (1.3 MB)
2026-09-23T08:44:07.7129511Z    ââââââââââââââââââââââââââââââââââââââââ 1.3/1.3 MB 289.9 MB/s  0:00:00
2026-09-23T08:44:07.7864047Z Installing collected packages: pygments, pluggy, packaging, iniconfig, pytest
2026-09-23T08:44:08.7911141Z 
2026-09-23T08:44:08.7921183Z Successfully installed iniconfig-2.3.0 packaging-26.3 pluggy-1.6.0 pygments-2.21.0 pytest-9.1.1
2026-09-23T08:44:08.8453034Z ##[group]Run python automation/inject_mutation.py --error-type "TypeError"
2026-09-23T08:44:08.8453662Z [36;1mpython automation/inject_mutation.py --error-type "TypeError"[0m
2026-09-23T08:44:08.8493267Z shell: /usr/bin/bash -e {0}
2026-09-23T08:44:08.8493541Z env:
2026-09-23T08:44:08.8493833Z   pythonLocation: /opt/hostedtoolcache/Python/3.11.16/x64
2026-09-23T08:44:08.8494546Z   PKG_CONFIG_PATH: /opt/hostedtoolcache/Python/3.11.16/x64/lib/pkgconfig
2026-09-23T08:44:08.8495348Z   Python_ROOT_DIR: /opt/hostedtoolcache/Python/3.11.16/x64
2026-09-23T08:44:08.8495730Z   Python2_ROOT_DIR: /opt/hostedtoolcache/Python/3.11.16/x64
2026-09-23T08:44:08.8496139Z   Python3_ROOT_DIR: /opt/hostedtoolcache/Python/3.11.16/x64
2026-09-23T08:44:08.8496529Z   LD_LIBRARY_PATH: /opt/hostedtoolcache/Python/3.11.16/x64/lib
2026-09-23T08:44:08.8496898Z ##[endgroup]
2026-09-23T08:44:08.8800584Z [Mutation Injected] Successfully injected TypeError into tests/test_app.py
2026-09-23T08:44:08.8873570Z ##[group]Run pytest tests/test_app.py -v
2026-09-23T08:44:08.8873961Z [36;1mpytest tests/test_app.py -v[0m
2026-09-23T08:44:08.8912599Z shell: /usr/bin/bash -e {0}
2026-09-23T08:44:08.8912869Z env:
2026-09-23T08:44:08.8913149Z   pythonLocation: /opt/hostedtoolcache/Python/3.11.16/x64
2026-09-23T08:44:08.8913613Z   PKG_CONFIG_PATH: /opt/hostedtoolcache/Python/3.11.16/x64/lib/pkgconfig
2026-09-23T08:44:08.8914085Z   Python_ROOT_DIR: /opt/hostedtoolcache/Python/3.11.16/x64
2026-09-23T08:44:08.8914485Z   Python2_ROOT_DIR: /opt/hostedtoolcache/Python/3.11.16/x64
2026-09-23T08:44:08.8915220Z   Python3_ROOT_DIR: /opt/hostedtoolcache/Python/3.11.16/x64
2026-09-23T08:44:08.8915640Z   LD_LIBRARY_PATH: /opt/hostedtoolcache/Python/3.11.16/x64/lib
2026-09-23T08:44:08.8915993Z ##[endgroup]
2026-09-23T08:44:09.3150213Z ============================= test session starts ==============================
2026-09-23T08:44:09.3151202Z platform linux -- Python 3.11.16, pytest-9.1.1, pluggy-1.6.0 -- /opt/hostedtoolcache/Python/3.11.16/x64/bin/python
2026-09-23T08:44:09.3151951Z cachedir: .pytest_cache
2026-09-23T08:44:09.3152363Z rootdir: /home/runner/work/log-generation/log-generation
2026-09-23T08:44:09.3152830Z configfile: pytest.ini
2026-09-23T08:44:09.3237072Z collecting ... collected 6 items
2026-09-23T08:44:09.3237477Z 
2026-09-23T08:44:09.3245369Z tests/test_app.py::test_calculate_division PASSED                        [ 16%]
2026-09-23T08:44:09.3252687Z tests/test_app.py::test_convert_to_int PASSED                            [ 33%]
2026-09-23T08:44:09.3260224Z tests/test_app.py::test_get_list_item PASSED                             [ 50%]
2026-09-23T08:44:09.3267144Z tests/test_app.py::test_get_dict_value PASSED                            [ 66%]
2026-09-23T08:44:09.3273613Z tests/test_app.py::test_assert_positive PASSED                           [ 83%]
2026-09-23T08:44:09.3567340Z tests/test_app.py::test_type_error FAILED                                [100%]
2026-09-23T08:44:09.3568571Z 
2026-09-23T08:44:09.3569207Z =================================== FAILURES ===================================
2026-09-23T08:44:09.3569962Z _______________________________ test_type_error ________________________________
2026-09-23T08:44:09.3570424Z 
2026-09-23T08:44:09.3570591Z     def test_type_error():
2026-09-23T08:44:09.3571031Z         """Injected synthetic TypeError."""
2026-09-23T08:44:09.3571569Z         from src.app import calculate_division
2026-09-23T08:44:09.3572121Z >       calculate_division("invalid_string", 5)
2026-09-23T08:44:09.3572509Z 
2026-09-23T08:44:09.3572672Z tests/test_app.py:137: 
2026-09-23T08:44:09.3573172Z _ _ _ _ _ _ _ _ _ _ _ _ _ _ _ _ _ _ _ _ _ _ _ _ _ _ _ _ _ _ _ _ _ _ _ _ _ _ _ _ 
2026-09-23T08:44:09.3573601Z 
2026-09-23T08:44:09.3573764Z a = 'invalid_string', b = 5
2026-09-23T08:44:09.3574042Z 
2026-09-23T08:44:09.3574227Z     def calculate_division(a, b):
2026-09-23T08:44:09.3574884Z >       return a / b
2026-09-23T08:44:09.3575272Z                ^^^^^
2026-09-23T08:44:09.3575788Z E       TypeError: unsupported operand type(s) for /: 'str' and 'int'
2026-09-23T08:44:09.3576393Z 
2026-09-23T08:44:09.3576558Z src/app.py:2: TypeError
2026-09-23T08:44:09.3577052Z =========================== short test summary info ============================
2026-09-23T08:44:09.3578165Z FAILED tests/test_app.py::test_type_error - TypeError: unsupported operand type(s) for /: 'str' and 'int'
2026-09-23T08:44:09.3580254Z ========================= 1 failed, 5 passed in 0.03s ==========================
2026-09-23T08:44:09.3775508Z ##[error]Process completed with exit code 1.
2026-09-23T08:44:09.3923966Z Node 20 is being deprecated. This workflow is running with Node 24 by default. If you need to temporarily use Node 20, you can set the ACTIONS_ALLOW_USE_UNSECURE_NODE_VERSION=true environment variable. For more information see: https://github.blog/changelog/2025-09-19-deprecation-of-node-20-on-github-actions-runners/
2026-09-23T08:44:09.3925546Z Post job cleanup.
2026-09-23T08:44:09.4808285Z [command]/usr/bin/git version
2026-09-23T08:44:09.4855657Z git version 2.55.0
2026-09-23T08:44:09.4900126Z Temporarily overriding HOME='/home/runner/work/_temp/4866378b-7c3d-4ed9-bb6c-fc84b10f2aab' before making global git config changes
2026-09-23T08:44:09.4901537Z Adding repository directory to the temporary git global config as a safe directory
2026-09-23T08:44:09.4906375Z [command]/usr/bin/git config --global --add safe.directory /home/runner/work/log-generation/log-generation
2026-09-23T08:44:09.4947861Z [command]/usr/bin/git config --local --name-only --get-regexp core\.sshCommand
2026-09-23T08:44:09.4986384Z [command]/usr/bin/git submodule foreach --recursive sh -c "git config --local --name-only --get-regexp 'core\.sshCommand' && git config --local --unset-all 'core.sshCommand' || :"
2026-09-23T08:44:09.5247507Z [command]/usr/bin/git config --local --name-only --get-regexp http\.https\:\/\/github\.com\/\.extraheader
2026-09-23T08:44:09.5277665Z http.https://github.com/.extraheader
2026-09-23T08:44:09.5296645Z [command]/usr/bin/git config --local --unset-all http.https://github.com/.extraheader
2026-09-23T08:44:09.5338151Z [command]/usr/bin/git submodule foreach --recursive sh -c "git config --local --name-only --get-regexp 'http\.https\:\/\/github\.com\/\.extraheader' && git config --local --unset-all 'http.https://github.com/.extraheader' || :"
2026-09-23T08:44:09.5605102Z [command]/usr/bin/git config --local --name-only --get-regexp ^includeIf\.gitdir:
2026-09-23T08:44:09.5648584Z [command]/usr/bin/git submodule foreach --recursive git config --local --show-origin --name-only --get-regexp remote.origin.url
2026-09-23T08:44:09.6092665Z Cleaning up orphan processes
2026-09-23T08:44:09.6370763Z ##[warning]Node.js 20 is deprecated. The following actions target Node.js 20 but are being forced to run on Node.js 24: actions/checkout@v4, actions/setup-python@v5. For more information see: https://github.blog/changelog/2025-09-19-deprecation-of-node-20-on-github-actions-runners/
