ï»¿2026-09-23T08:48:24.7330653Z Current runner version: '2.337.0'
2026-09-23T08:48:24.7345897Z ##[group]Runner Image Provisioner
2026-09-23T08:48:24.7346401Z Hosted Compute Agent
2026-09-23T08:48:24.7346979Z Version: 20260828.587
2026-09-23T08:48:24.7347354Z Commit: abac92662cab4cc7352de4f9f9d2e2419aad9c29
2026-09-23T08:48:24.7347768Z Build Date: 2026-08-28T16:44:25Z
2026-09-23T08:48:24.7348250Z Worker ID: {ea68b93c-fda3-4e62-8c4c-9b1d7a385dd5}
2026-09-23T08:48:24.7348657Z Azure Region: centralus
2026-09-23T08:48:24.7349016Z ##[endgroup]
2026-09-23T08:48:24.7349983Z ##[group]Operating System
2026-09-23T08:48:24.7350333Z Ubuntu
2026-09-23T08:48:24.7350704Z 24.04.5
2026-09-23T08:48:24.7351006Z LTS
2026-09-23T08:48:24.7351513Z ##[endgroup]
2026-09-23T08:48:24.7351871Z ##[group]Runner Image
2026-09-23T08:48:24.7352252Z Image: ubuntu-24.04
2026-09-23T08:48:24.7352659Z Version: 20260907.300.1
2026-09-23T08:48:24.7353348Z Included Software: https://github.com/actions/runner-images/blob/ubuntu24/20260907.300/images/ubuntu/Ubuntu2404-Readme.md
2026-09-23T08:48:24.7354215Z Image Release: https://github.com/actions/runner-images/releases/tag/ubuntu24%2F20260907.300
2026-09-23T08:48:24.7354771Z ##[endgroup]
2026-09-23T08:48:24.7355484Z ##[group]GITHUB_TOKEN Permissions
2026-09-23T08:48:24.7357004Z Contents: read
2026-09-23T08:48:24.7357389Z Metadata: read
2026-09-23T08:48:24.7357711Z Packages: read
2026-09-23T08:48:24.7358052Z ##[endgroup]
2026-09-23T08:48:24.7359351Z Secret source: Actions
2026-09-23T08:48:24.7359869Z Cache mode: write
2026-09-23T08:48:24.7360528Z Prepare workflow directory
2026-09-23T08:48:24.7553328Z Prepare all required actions
2026-09-23T08:48:24.7582598Z Getting action download info
2026-09-23T08:48:25.0083150Z Download action repository 'actions/checkout@v4' (SHA:11d5960a326750d5838078e36cf38b85af677262)
2026-09-23T08:48:25.0996552Z Download action repository 'actions/setup-python@v5' (SHA:a26af69be951a213d495a4c3e4e4022e16d87065)
2026-09-23T08:48:25.2511807Z Complete job name: test-f3 (KeyError #123)
2026-09-23T08:48:25.2931267Z Node 20 is being deprecated. This workflow is running with Node 24 by default. If you need to temporarily use Node 20, you can set the ACTIONS_ALLOW_USE_UNSECURE_NODE_VERSION=true environment variable. For more information see: https://github.blog/changelog/2025-09-19-deprecation-of-node-20-on-github-actions-runners/
2026-09-23T08:48:25.2936033Z ##[group]Run actions/checkout@v4
2026-09-23T08:48:25.2936368Z with:
2026-09-23T08:48:25.2936590Z   fetch-depth: 1
2026-09-23T08:48:25.2936972Z   repository: DhruvHegde/log-generation
2026-09-23T08:48:25.2939040Z   token: ***
2026-09-23T08:48:25.2939262Z   ssh-strict: true
2026-09-23T08:48:25.2939489Z   ssh-user: git
2026-09-23T08:48:25.2939724Z   persist-credentials: true
2026-09-23T08:48:25.2939980Z   clean: true
2026-09-23T08:48:25.2940216Z   sparse-checkout-cone-mode: true
2026-09-23T08:48:25.2940485Z   fetch-tags: false
2026-09-23T08:48:25.2940719Z   show-progress: true
2026-09-23T08:48:25.2940952Z   lfs: false
2026-09-23T08:48:25.2941191Z   submodules: false
2026-09-23T08:48:25.2941437Z   set-safe-directory: true
2026-09-23T08:48:25.2941870Z   allow-unsafe-pr-checkout: false
2026-09-23T08:48:25.2942463Z ##[endgroup]
2026-09-23T08:48:25.3558504Z Syncing repository: DhruvHegde/log-generation
2026-09-23T08:48:25.3559486Z ##[group]Getting Git version info
2026-09-23T08:48:25.3559876Z Working directory is '/home/runner/work/log-generation/log-generation'
2026-09-23T08:48:25.3560420Z [command]/usr/bin/git version
2026-09-23T08:48:25.3642678Z git version 2.55.0
2026-09-23T08:48:25.3656282Z ##[endgroup]
2026-09-23T08:48:25.3666536Z Temporarily overriding HOME='/home/runner/work/_temp/f8342b94-0724-45fc-900d-424e3f39fe71' before making global git config changes
2026-09-23T08:48:25.3667725Z Adding repository directory to the temporary git global config as a safe directory
2026-09-23T08:48:25.3670453Z [command]/usr/bin/git config --global --add safe.directory /home/runner/work/log-generation/log-generation
2026-09-23T08:48:25.3714823Z Deleting the contents of '/home/runner/work/log-generation/log-generation'
2026-09-23T08:48:25.3717616Z ##[group]Initializing the repository
2026-09-23T08:48:25.3721042Z [command]/usr/bin/git init /home/runner/work/log-generation/log-generation
2026-09-23T08:48:25.3835853Z hint: Using 'master' as the name for the initial branch. This default branch name
2026-09-23T08:48:25.3837880Z hint: will change to "main" in Git 3.0. To configure the initial branch name
2026-09-23T08:48:25.3839029Z hint: to use in all of your new repositories, which will suppress this warning,
2026-09-23T08:48:25.3839636Z hint: call:
2026-09-23T08:48:25.3840063Z hint:
2026-09-23T08:48:25.3840535Z hint: 	git config --global init.defaultBranch <name>
2026-09-23T08:48:25.3841091Z hint:
2026-09-23T08:48:25.3841803Z hint: Names commonly chosen instead of 'master' are 'main', 'trunk' and
2026-09-23T08:48:25.3842788Z hint: 'development'. The just-created branch can be renamed via this command:
2026-09-23T08:48:25.3843611Z hint:
2026-09-23T08:48:25.3844104Z hint: 	git branch -m <name>
2026-09-23T08:48:25.3844619Z hint:
2026-09-23T08:48:25.3845269Z hint: Disable this message with "git config set advice.defaultBranchName false"
2026-09-23T08:48:25.3846311Z Initialized empty Git repository in /home/runner/work/log-generation/log-generation/.git/
2026-09-23T08:48:25.3850802Z [command]/usr/bin/git remote add origin https://github.com/DhruvHegde/log-generation
2026-09-23T08:48:25.3892100Z ##[endgroup]
2026-09-23T08:48:25.3892743Z ##[group]Disabling automatic garbage collection
2026-09-23T08:48:25.3897457Z [command]/usr/bin/git config --local gc.auto 0
2026-09-23T08:48:25.3920908Z ##[endgroup]
2026-09-23T08:48:25.3921505Z ##[group]Setting up auth
2026-09-23T08:48:25.3925892Z [command]/usr/bin/git config --local --name-only --get-regexp core\.sshCommand
2026-09-23T08:48:25.3955043Z [command]/usr/bin/git submodule foreach --recursive sh -c "git config --local --name-only --get-regexp 'core\.sshCommand' && git config --local --unset-all 'core.sshCommand' || :"
2026-09-23T08:48:25.4250558Z [command]/usr/bin/git config --local --name-only --get-regexp http\.https\:\/\/github\.com\/\.extraheader
2026-09-23T08:48:25.4277998Z [command]/usr/bin/git submodule foreach --recursive sh -c "git config --local --name-only --get-regexp 'http\.https\:\/\/github\.com\/\.extraheader' && git config --local --unset-all 'http.https://github.com/.extraheader' || :"
2026-09-23T08:48:25.4441138Z [command]/usr/bin/git config --local --name-only --get-regexp ^includeIf\.gitdir:
2026-09-23T08:48:25.4467128Z [command]/usr/bin/git submodule foreach --recursive git config --local --show-origin --name-only --get-regexp remote.origin.url
2026-09-23T08:48:25.4630080Z [command]/usr/bin/git config --local http.https://github.com/.extraheader AUTHORIZATION: basic ***
2026-09-23T08:48:25.4658329Z ##[endgroup]
2026-09-23T08:48:25.4658861Z ##[group]Fetching the repository
2026-09-23T08:48:25.4664083Z [command]/usr/bin/git -c protocol.version=2 fetch --no-tags --prune --no-recurse-submodules --depth=1 origin +43f20917de93b9aad51cf79a69ad5239c5632917:refs/remotes/origin/feature/f3-test-failures
2026-09-23T08:48:25.9389389Z From https://github.com/DhruvHegde/log-generation
2026-09-23T08:48:25.9389993Z  * [new ref]         43f20917de93b9aad51cf79a69ad5239c5632917 -> origin/feature/f3-test-failures
2026-09-23T08:48:25.9393161Z ##[endgroup]
2026-09-23T08:48:25.9393591Z ##[group]Determining the checkout info
2026-09-23T08:48:25.9394906Z ##[endgroup]
2026-09-23T08:48:25.9399416Z [command]/usr/bin/git sparse-checkout disable
2026-09-23T08:48:25.9440675Z [command]/usr/bin/git config --local --unset-all extensions.worktreeConfig
2026-09-23T08:48:25.9467609Z ##[group]Checking out the ref
2026-09-23T08:48:25.9471138Z [command]/usr/bin/git checkout --progress --force -B feature/f3-test-failures refs/remotes/origin/feature/f3-test-failures
2026-09-23T08:48:25.9743986Z Switched to a new branch 'feature/f3-test-failures'
2026-09-23T08:48:25.9748787Z branch 'feature/f3-test-failures' set up to track 'origin/feature/f3-test-failures'.
2026-09-23T08:48:25.9753572Z ##[endgroup]
2026-09-23T08:48:25.9784908Z [command]/usr/bin/git log -1 --format=%H
2026-09-23T08:48:25.9805725Z 43f20917de93b9aad51cf79a69ad5239c5632917
2026-09-23T08:48:25.9994681Z Node 20 is being deprecated. This workflow is running with Node 24 by default. If you need to temporarily use Node 20, you can set the ACTIONS_ALLOW_USE_UNSECURE_NODE_VERSION=true environment variable. For more information see: https://github.blog/changelog/2025-09-19-deprecation-of-node-20-on-github-actions-runners/
2026-09-23T08:48:25.9996189Z ##[group]Run actions/setup-python@v5
2026-09-23T08:48:25.9996488Z with:
2026-09-23T08:48:25.9996851Z   python-version: 3.11
2026-09-23T08:48:25.9997117Z   check-latest: false
2026-09-23T08:48:25.9999374Z   token: ***
2026-09-23T08:48:25.9999625Z   update-environment: true
2026-09-23T08:48:25.9999910Z   allow-prereleases: false
2026-09-23T08:48:26.0000181Z   freethreaded: false
2026-09-23T08:48:26.0000440Z ##[endgroup]
2026-09-23T08:48:26.0779405Z ##[group]Installed versions
2026-09-23T08:48:26.0841575Z (node:2025) [DEP0040] DeprecationWarning: The `punycode` module is deprecated. Please use a userland alternative instead.
2026-09-23T08:48:26.0842856Z (Use `node --trace-deprecation ...` to show where the warning was created)
2026-09-23T08:48:26.0843581Z Successfully set up CPython (3.11.16)
2026-09-23T08:48:26.0844372Z ##[endgroup]
2026-09-23T08:48:26.0981893Z ##[group]Run pip install --no-cache-dir pytest
2026-09-23T08:48:26.0982401Z [36;1mpip install --no-cache-dir pytest[0m
2026-09-23T08:48:26.1043500Z shell: /usr/bin/bash -e {0}
2026-09-23T08:48:26.1044637Z env:
2026-09-23T08:48:26.1045293Z   pythonLocation: /opt/hostedtoolcache/Python/3.11.16/x64
2026-09-23T08:48:26.1046080Z   PKG_CONFIG_PATH: /opt/hostedtoolcache/Python/3.11.16/x64/lib/pkgconfig
2026-09-23T08:48:26.1047122Z   Python_ROOT_DIR: /opt/hostedtoolcache/Python/3.11.16/x64
2026-09-23T08:48:26.1047837Z   Python2_ROOT_DIR: /opt/hostedtoolcache/Python/3.11.16/x64
2026-09-23T08:48:26.1048452Z   Python3_ROOT_DIR: /opt/hostedtoolcache/Python/3.11.16/x64
2026-09-23T08:48:26.1049065Z   LD_LIBRARY_PATH: /opt/hostedtoolcache/Python/3.11.16/x64/lib
2026-09-23T08:48:26.1049511Z ##[endgroup]
2026-09-23T08:48:27.1742758Z Collecting pytest
2026-09-23T08:48:27.2529233Z   Downloading pytest-9.1.1-py3-none-any.whl.metadata (7.6 kB)
2026-09-23T08:48:27.2651516Z Collecting iniconfig>=1.0.1 (from pytest)
2026-09-23T08:48:27.2777024Z   Downloading iniconfig-2.3.0-py3-none-any.whl.metadata (2.5 kB)
2026-09-23T08:48:27.2905741Z Collecting packaging>=22 (from pytest)
2026-09-23T08:48:27.3031266Z   Downloading packaging-26.3-py3-none-any.whl.metadata (3.5 kB)
2026-09-23T08:48:27.3158585Z Collecting pluggy<2,>=1.5 (from pytest)
2026-09-23T08:48:27.3284225Z   Downloading pluggy-1.6.0-py3-none-any.whl.metadata (4.8 kB)
2026-09-23T08:48:27.3440303Z Collecting pygments>=2.7.2 (from pytest)
2026-09-23T08:48:27.3567642Z   Downloading pygments-2.21.0-py3-none-any.whl.metadata (2.5 kB)
2026-09-23T08:48:27.3708685Z Downloading pytest-9.1.1-py3-none-any.whl (386 kB)
2026-09-23T08:48:27.4346324Z Downloading pluggy-1.6.0-py3-none-any.whl (20 kB)
2026-09-23T08:48:27.4473835Z Downloading iniconfig-2.3.0-py3-none-any.whl (7.5 kB)
2026-09-23T08:48:27.4606517Z Downloading packaging-26.3-py3-none-any.whl (129 kB)
2026-09-23T08:48:27.4757382Z Downloading pygments-2.21.0-py3-none-any.whl (1.3 MB)
2026-09-23T08:48:27.5235672Z    ââââââââââââââââââââââââââââââââââââââââ 1.3/1.3 MB 30.3 MB/s  0:00:00
2026-09-23T08:48:27.6242876Z Installing collected packages: pygments, pluggy, packaging, iniconfig, pytest
2026-09-23T08:48:28.2459754Z 
2026-09-23T08:48:28.2466264Z Successfully installed iniconfig-2.3.0 packaging-26.3 pluggy-1.6.0 pygments-2.21.0 pytest-9.1.1
2026-09-23T08:48:28.2911601Z ##[group]Run python automation/inject_mutation.py --error-type "KeyError"
2026-09-23T08:48:28.2911954Z [36;1mpython automation/inject_mutation.py --error-type "KeyError"[0m
2026-09-23T08:48:28.2944710Z shell: /usr/bin/bash -e {0}
2026-09-23T08:48:28.2944852Z env:
2026-09-23T08:48:28.2945013Z   pythonLocation: /opt/hostedtoolcache/Python/3.11.16/x64
2026-09-23T08:48:28.2945430Z   PKG_CONFIG_PATH: /opt/hostedtoolcache/Python/3.11.16/x64/lib/pkgconfig
2026-09-23T08:48:28.2945666Z   Python_ROOT_DIR: /opt/hostedtoolcache/Python/3.11.16/x64
2026-09-23T08:48:28.2945877Z   Python2_ROOT_DIR: /opt/hostedtoolcache/Python/3.11.16/x64
2026-09-23T08:48:28.2946096Z   Python3_ROOT_DIR: /opt/hostedtoolcache/Python/3.11.16/x64
2026-09-23T08:48:28.2946309Z   LD_LIBRARY_PATH: /opt/hostedtoolcache/Python/3.11.16/x64/lib
2026-09-23T08:48:28.2946491Z ##[endgroup]
2026-09-23T08:48:28.3152884Z [Mutation Injected] Successfully injected KeyError into tests/test_app.py
2026-09-23T08:48:28.3200618Z ##[group]Run pytest tests/test_app.py -v
2026-09-23T08:48:28.3200812Z [36;1mpytest tests/test_app.py -v[0m
2026-09-23T08:48:28.3228434Z shell: /usr/bin/bash -e {0}
2026-09-23T08:48:28.3228574Z env:
2026-09-23T08:48:28.3228726Z   pythonLocation: /opt/hostedtoolcache/Python/3.11.16/x64
2026-09-23T08:48:28.3228966Z   PKG_CONFIG_PATH: /opt/hostedtoolcache/Python/3.11.16/x64/lib/pkgconfig
2026-09-23T08:48:28.3229222Z   Python_ROOT_DIR: /opt/hostedtoolcache/Python/3.11.16/x64
2026-09-23T08:48:28.3229463Z   Python2_ROOT_DIR: /opt/hostedtoolcache/Python/3.11.16/x64
2026-09-23T08:48:28.3229683Z   Python3_ROOT_DIR: /opt/hostedtoolcache/Python/3.11.16/x64
2026-09-23T08:48:28.3229899Z   LD_LIBRARY_PATH: /opt/hostedtoolcache/Python/3.11.16/x64/lib
2026-09-23T08:48:28.3230107Z ##[endgroup]
2026-09-23T08:48:28.4649613Z ============================= test session starts ==============================
2026-09-23T08:48:28.4650192Z platform linux -- Python 3.11.16, pytest-9.1.1, pluggy-1.6.0 -- /opt/hostedtoolcache/Python/3.11.16/x64/bin/python
2026-09-23T08:48:28.4650485Z cachedir: .pytest_cache
2026-09-23T08:48:28.4650674Z rootdir: /home/runner/work/log-generation/log-generation
2026-09-23T08:48:28.4650866Z configfile: pytest.ini
2026-09-23T08:48:28.4699383Z collecting ... collected 6 items
2026-09-23T08:48:28.4699657Z 
2026-09-23T08:48:28.4704339Z tests/test_app.py::test_calculate_division PASSED                        [ 16%]
2026-09-23T08:48:28.4708053Z tests/test_app.py::test_convert_to_int PASSED                            [ 33%]
2026-09-23T08:48:28.4711840Z tests/test_app.py::test_get_list_item PASSED                             [ 50%]
2026-09-23T08:48:28.4715709Z tests/test_app.py::test_get_dict_value PASSED                            [ 66%]
2026-09-23T08:48:28.4719199Z tests/test_app.py::test_assert_positive PASSED                           [ 83%]
2026-09-23T08:48:28.4911142Z tests/test_app.py::test_key_error FAILED                                 [100%]
2026-09-23T08:48:28.4911439Z 
2026-09-23T08:48:28.4911577Z =================================== FAILURES ===================================
2026-09-23T08:48:28.4911931Z ________________________________ test_key_error ________________________________
2026-09-23T08:48:28.4912083Z 
2026-09-23T08:48:28.4912149Z     def test_key_error():
2026-09-23T08:48:28.4912298Z         """Injected synthetic KeyError."""
2026-09-23T08:48:28.4912472Z         from src.app import get_dict_value
2026-09-23T08:48:28.4912639Z         config = {"env": "staging", "retries": 3}
2026-09-23T08:48:28.4912843Z >       get_dict_value(config, "missing_auth_token")
2026-09-23T08:48:28.4912966Z 
2026-09-23T08:48:28.4913026Z tests/test_app.py:140: 
2026-09-23T08:48:28.4913187Z _ _ _ _ _ _ _ _ _ _ _ _ _ _ _ _ _ _ _ _ _ _ _ _ _ _ _ _ _ _ _ _ _ _ _ _ _ _ _ _ 
2026-09-23T08:48:28.4913318Z 
2026-09-23T08:48:28.4913429Z d = {'env': 'staging', 'retries': 3}, key = 'missing_auth_token'
2026-09-23T08:48:28.4913567Z 
2026-09-23T08:48:28.4913629Z     def get_dict_value(d, key):
2026-09-23T08:48:28.4913775Z >       return d[key]
2026-09-23T08:48:28.4913896Z                ^^^^^^
2026-09-23T08:48:28.4914033Z E       KeyError: 'missing_auth_token'
2026-09-23T08:48:28.4914218Z 
2026-09-23T08:48:28.4914284Z src/app.py:11: KeyError
2026-09-23T08:48:28.4914447Z =========================== short test summary info ============================
2026-09-23T08:48:28.4914887Z FAILED tests/test_app.py::test_key_error - KeyError: 'missing_auth_token'
2026-09-23T08:48:28.4915132Z ========================= 1 failed, 5 passed in 0.02s ==========================
2026-09-23T08:48:28.5055425Z ##[error]Process completed with exit code 1.
2026-09-23T08:48:28.5150027Z Node 20 is being deprecated. This workflow is running with Node 24 by default. If you need to temporarily use Node 20, you can set the ACTIONS_ALLOW_USE_UNSECURE_NODE_VERSION=true environment variable. For more information see: https://github.blog/changelog/2025-09-19-deprecation-of-node-20-on-github-actions-runners/
2026-09-23T08:48:28.5150697Z Post job cleanup.
2026-09-23T08:48:28.5738537Z [command]/usr/bin/git version
2026-09-23T08:48:28.5769869Z git version 2.55.0
2026-09-23T08:48:28.5793186Z Temporarily overriding HOME='/home/runner/work/_temp/f1a44cce-a159-49ce-804a-8eea4c411ee4' before making global git config changes
2026-09-23T08:48:28.5793977Z Adding repository directory to the temporary git global config as a safe directory
2026-09-23T08:48:28.5796167Z [command]/usr/bin/git config --global --add safe.directory /home/runner/work/log-generation/log-generation
2026-09-23T08:48:28.5827585Z [command]/usr/bin/git config --local --name-only --get-regexp core\.sshCommand
2026-09-23T08:48:28.5858175Z [command]/usr/bin/git submodule foreach --recursive sh -c "git config --local --name-only --get-regexp 'core\.sshCommand' && git config --local --unset-all 'core.sshCommand' || :"
2026-09-23T08:48:28.6058456Z [command]/usr/bin/git config --local --name-only --get-regexp http\.https\:\/\/github\.com\/\.extraheader
2026-09-23T08:48:28.6079560Z http.https://github.com/.extraheader
2026-09-23T08:48:28.6087787Z [command]/usr/bin/git config --local --unset-all http.https://github.com/.extraheader
2026-09-23T08:48:28.6115928Z [command]/usr/bin/git submodule foreach --recursive sh -c "git config --local --name-only --get-regexp 'http\.https\:\/\/github\.com\/\.extraheader' && git config --local --unset-all 'http.https://github.com/.extraheader' || :"
2026-09-23T08:48:28.6313019Z [command]/usr/bin/git config --local --name-only --get-regexp ^includeIf\.gitdir:
2026-09-23T08:48:28.6342273Z [command]/usr/bin/git submodule foreach --recursive git config --local --show-origin --name-only --get-regexp remote.origin.url
2026-09-23T08:48:28.6623080Z Cleaning up orphan processes
2026-09-23T08:48:28.6809747Z ##[warning]Node.js 20 is deprecated. The following actions target Node.js 20 but are being forced to run on Node.js 24: actions/checkout@v4, actions/setup-python@v5. For more information see: https://github.blog/changelog/2025-09-19-deprecation-of-node-20-on-github-actions-runners/
