ï»¿2026-09-23T08:44:35.4419771Z Current runner version: '2.337.0'
2026-09-23T08:44:35.4438452Z ##[group]Runner Image Provisioner
2026-09-23T08:44:35.4439158Z Hosted Compute Agent
2026-09-23T08:44:35.4439701Z Version: 20260828.587
2026-09-23T08:44:35.4440220Z Commit: abac92662cab4cc7352de4f9f9d2e2419aad9c29
2026-09-23T08:44:35.4440809Z Build Date: 2026-08-28T16:44:25Z
2026-09-23T08:44:35.4441430Z Worker ID: {0dfa3f38-6519-40ea-afff-cf16ce78f7cd}
2026-09-23T08:44:35.4442019Z Azure Region: westus3
2026-09-23T08:44:35.4442497Z ##[endgroup]
2026-09-23T08:44:35.4443880Z ##[group]Operating System
2026-09-23T08:44:35.4444436Z Ubuntu
2026-09-23T08:44:35.4444905Z 24.04.5
2026-09-23T08:44:35.4445330Z LTS
2026-09-23T08:44:35.4445989Z ##[endgroup]
2026-09-23T08:44:35.4446717Z ##[group]Runner Image
2026-09-23T08:44:35.4447382Z Image: ubuntu-24.04
2026-09-23T08:44:35.4447865Z Version: 20260920.314.1
2026-09-23T08:44:35.4448896Z Included Software: https://github.com/actions/runner-images/blob/ubuntu24/20260920.314/images/ubuntu/Ubuntu2404-Readme.md
2026-09-23T08:44:35.4450145Z Image Release: https://github.com/actions/runner-images/releases/tag/ubuntu24%2F20260920.314
2026-09-23T08:44:35.4450934Z ##[endgroup]
2026-09-23T08:44:35.4451933Z ##[group]GITHUB_TOKEN Permissions
2026-09-23T08:44:35.4453846Z Contents: read
2026-09-23T08:44:35.4454343Z Metadata: read
2026-09-23T08:44:35.4454857Z Packages: read
2026-09-23T08:44:35.4455404Z ##[endgroup]
2026-09-23T08:44:35.4457294Z Secret source: Actions
2026-09-23T08:44:35.4458027Z Cache mode: write
2026-09-23T08:44:35.4458918Z Prepare workflow directory
2026-09-23T08:44:35.4735084Z Prepare all required actions
2026-09-23T08:44:35.4778271Z Getting action download info
2026-09-23T08:44:35.8076066Z Download action repository 'actions/checkout@v4' (SHA:11d5960a326750d5838078e36cf38b85af677262)
2026-09-23T08:44:35.9084753Z Download action repository 'actions/setup-python@v5' (SHA:a26af69be951a213d495a4c3e4e4022e16d87065)
2026-09-23T08:44:36.1214569Z Complete job name: test-f3 (FileNotFoundError #101)
2026-09-23T08:44:36.1814127Z Node 20 is being deprecated. This workflow is running with Node 24 by default. If you need to temporarily use Node 20, you can set the ACTIONS_ALLOW_USE_UNSECURE_NODE_VERSION=true environment variable. For more information see: https://github.blog/changelog/2025-09-19-deprecation-of-node-20-on-github-actions-runners/
2026-09-23T08:44:36.1822224Z ##[group]Run actions/checkout@v4
2026-09-23T08:44:36.1822962Z with:
2026-09-23T08:44:36.1823496Z   fetch-depth: 1
2026-09-23T08:44:36.1824041Z   repository: DhruvHegde/log-generation
2026-09-23T08:44:36.1827744Z   token: ***
2026-09-23T08:44:36.1828283Z   ssh-strict: true
2026-09-23T08:44:36.1828766Z   ssh-user: git
2026-09-23T08:44:36.1829302Z   persist-credentials: true
2026-09-23T08:44:36.1829840Z   clean: true
2026-09-23T08:44:36.1830311Z   sparse-checkout-cone-mode: true
2026-09-23T08:44:36.1830886Z   fetch-tags: false
2026-09-23T08:44:36.1831378Z   show-progress: true
2026-09-23T08:44:36.1831860Z   lfs: false
2026-09-23T08:44:36.1832457Z   submodules: false
2026-09-23T08:44:36.1832959Z   set-safe-directory: true
2026-09-23T08:44:36.1833510Z   allow-unsafe-pr-checkout: false
2026-09-23T08:44:36.1834218Z ##[endgroup]
2026-09-23T08:44:36.2700274Z Syncing repository: DhruvHegde/log-generation
2026-09-23T08:44:36.2701880Z ##[group]Getting Git version info
2026-09-23T08:44:36.2702945Z Working directory is '/home/runner/work/log-generation/log-generation'
2026-09-23T08:44:36.2704008Z [command]/usr/bin/git version
2026-09-23T08:44:36.2746686Z git version 2.55.0
2026-09-23T08:44:36.2764959Z ##[endgroup]
2026-09-23T08:44:36.2778504Z Temporarily overriding HOME='/home/runner/work/_temp/b26c57e9-3528-4e8c-b220-fdf8d2a863f5' before making global git config changes
2026-09-23T08:44:36.2780307Z Adding repository directory to the temporary git global config as a safe directory
2026-09-23T08:44:36.2783669Z [command]/usr/bin/git config --global --add safe.directory /home/runner/work/log-generation/log-generation
2026-09-23T08:44:36.2827619Z Deleting the contents of '/home/runner/work/log-generation/log-generation'
2026-09-23T08:44:36.2839027Z ##[group]Initializing the repository
2026-09-23T08:44:36.2843802Z [command]/usr/bin/git init /home/runner/work/log-generation/log-generation
2026-09-23T08:44:36.2922355Z hint: Using 'master' as the name for the initial branch. This default branch name
2026-09-23T08:44:36.2927259Z hint: will change to "main" in Git 3.0. To configure the initial branch name
2026-09-23T08:44:36.2928878Z hint: to use in all of your new repositories, which will suppress this warning,
2026-09-23T08:44:36.2929989Z hint: call:
2026-09-23T08:44:36.2930766Z hint:
2026-09-23T08:44:36.2931740Z hint: 	git config --global init.defaultBranch <name>
2026-09-23T08:44:36.2932657Z hint:
2026-09-23T08:44:36.2933557Z hint: Names commonly chosen instead of 'master' are 'main', 'trunk' and
2026-09-23T08:44:36.2934887Z hint: 'development'. The just-created branch can be renamed via this command:
2026-09-23T08:44:36.2936031Z hint:
2026-09-23T08:44:36.2936987Z hint: 	git branch -m <name>
2026-09-23T08:44:36.2937950Z hint:
2026-09-23T08:44:36.2939542Z hint: Disable this message with "git config set advice.defaultBranchName false"
2026-09-23T08:44:36.2941099Z Initialized empty Git repository in /home/runner/work/log-generation/log-generation/.git/
2026-09-23T08:44:36.2943829Z [command]/usr/bin/git remote add origin https://github.com/DhruvHegde/log-generation
2026-09-23T08:44:36.2970469Z ##[endgroup]
2026-09-23T08:44:36.2971577Z ##[group]Disabling automatic garbage collection
2026-09-23T08:44:36.2973952Z [command]/usr/bin/git config --local gc.auto 0
2026-09-23T08:44:36.2999337Z ##[endgroup]
2026-09-23T08:44:36.3000434Z ##[group]Setting up auth
2026-09-23T08:44:36.3005252Z [command]/usr/bin/git config --local --name-only --get-regexp core\.sshCommand
2026-09-23T08:44:36.3031523Z [command]/usr/bin/git submodule foreach --recursive sh -c "git config --local --name-only --get-regexp 'core\.sshCommand' && git config --local --unset-all 'core.sshCommand' || :"
2026-09-23T08:44:36.3328262Z [command]/usr/bin/git config --local --name-only --get-regexp http\.https\:\/\/github\.com\/\.extraheader
2026-09-23T08:44:36.3353646Z [command]/usr/bin/git submodule foreach --recursive sh -c "git config --local --name-only --get-regexp 'http\.https\:\/\/github\.com\/\.extraheader' && git config --local --unset-all 'http.https://github.com/.extraheader' || :"
2026-09-23T08:44:36.3524537Z [command]/usr/bin/git config --local --name-only --get-regexp ^includeIf\.gitdir:
2026-09-23T08:44:36.3550804Z [command]/usr/bin/git submodule foreach --recursive git config --local --show-origin --name-only --get-regexp remote.origin.url
2026-09-23T08:44:36.3710814Z [command]/usr/bin/git config --local http.https://github.com/.extraheader AUTHORIZATION: basic ***
2026-09-23T08:44:36.3739656Z ##[endgroup]
2026-09-23T08:44:36.3740639Z ##[group]Fetching the repository
2026-09-23T08:44:36.3747577Z [command]/usr/bin/git -c protocol.version=2 fetch --no-tags --prune --no-recurse-submodules --depth=1 origin +dfcb6f158e4bd8054252a4da5d0a9edc2ab15d57:refs/remotes/origin/feature/f3-test-failures
2026-09-23T08:44:36.8292611Z From https://github.com/DhruvHegde/log-generation
2026-09-23T08:44:36.8293816Z  * [new ref]         dfcb6f158e4bd8054252a4da5d0a9edc2ab15d57 -> origin/feature/f3-test-failures
2026-09-23T08:44:36.8296300Z ##[endgroup]
2026-09-23T08:44:36.8297342Z ##[group]Determining the checkout info
2026-09-23T08:44:36.8298647Z ##[endgroup]
2026-09-23T08:44:36.8303427Z [command]/usr/bin/git sparse-checkout disable
2026-09-23T08:44:36.8345363Z [command]/usr/bin/git config --local --unset-all extensions.worktreeConfig
2026-09-23T08:44:36.8369194Z ##[group]Checking out the ref
2026-09-23T08:44:36.8373696Z [command]/usr/bin/git checkout --progress --force -B feature/f3-test-failures refs/remotes/origin/feature/f3-test-failures
2026-09-23T08:44:36.8585724Z Switched to a new branch 'feature/f3-test-failures'
2026-09-23T08:44:36.8588586Z branch 'feature/f3-test-failures' set up to track 'origin/feature/f3-test-failures'.
2026-09-23T08:44:36.8592642Z ##[endgroup]
2026-09-23T08:44:36.8625430Z [command]/usr/bin/git log -1 --format=%H
2026-09-23T08:44:36.8645330Z dfcb6f158e4bd8054252a4da5d0a9edc2ab15d57
2026-09-23T08:44:36.8867836Z Node 20 is being deprecated. This workflow is running with Node 24 by default. If you need to temporarily use Node 20, you can set the ACTIONS_ALLOW_USE_UNSECURE_NODE_VERSION=true environment variable. For more information see: https://github.blog/changelog/2025-09-19-deprecation-of-node-20-on-github-actions-runners/
2026-09-23T08:44:36.8870039Z ##[group]Run actions/setup-python@v5
2026-09-23T08:44:36.8870558Z with:
2026-09-23T08:44:36.8871031Z   python-version: 3.11
2026-09-23T08:44:36.8871510Z   check-latest: false
2026-09-23T08:44:36.8874528Z   token: ***
2026-09-23T08:44:36.8874965Z   update-environment: true
2026-09-23T08:44:36.8875486Z   allow-prereleases: false
2026-09-23T08:44:36.8875968Z   freethreaded: false
2026-09-23T08:44:36.8876753Z ##[endgroup]
2026-09-23T08:44:36.9983968Z ##[group]Installed versions
2026-09-23T08:44:37.0438888Z (node:2028) [DEP0040] DeprecationWarning: The `punycode` module is deprecated. Please use a userland alternative instead.
2026-09-23T08:44:37.0440695Z (Use `node --trace-deprecation ...` to show where the warning was created)
2026-09-23T08:44:37.0441748Z Successfully set up CPython (3.11.16)
2026-09-23T08:44:37.0442933Z ##[endgroup]
2026-09-23T08:44:37.0602485Z ##[group]Run pip install --no-cache-dir pytest
2026-09-23T08:44:37.0603559Z [36;1mpip install --no-cache-dir pytest[0m
2026-09-23T08:44:37.0874451Z shell: /usr/bin/bash -e {0}
2026-09-23T08:44:37.0874970Z env:
2026-09-23T08:44:37.0875460Z   pythonLocation: /opt/hostedtoolcache/Python/3.11.16/x64
2026-09-23T08:44:37.0876237Z   PKG_CONFIG_PATH: /opt/hostedtoolcache/Python/3.11.16/x64/lib/pkgconfig
2026-09-23T08:44:37.0877225Z   Python_ROOT_DIR: /opt/hostedtoolcache/Python/3.11.16/x64
2026-09-23T08:44:37.0877915Z   Python2_ROOT_DIR: /opt/hostedtoolcache/Python/3.11.16/x64
2026-09-23T08:44:37.0878610Z   Python3_ROOT_DIR: /opt/hostedtoolcache/Python/3.11.16/x64
2026-09-23T08:44:37.0879322Z   LD_LIBRARY_PATH: /opt/hostedtoolcache/Python/3.11.16/x64/lib
2026-09-23T08:44:37.0879928Z ##[endgroup]
2026-09-23T08:44:39.5314955Z Collecting pytest
2026-09-23T08:44:39.5940756Z   Downloading pytest-9.1.1-py3-none-any.whl.metadata (7.6 kB)
2026-09-23T08:44:39.6073183Z Collecting iniconfig>=1.0.1 (from pytest)
2026-09-23T08:44:39.6172997Z   Downloading iniconfig-2.3.0-py3-none-any.whl.metadata (2.5 kB)
2026-09-23T08:44:39.6324894Z Collecting packaging>=22 (from pytest)
2026-09-23T08:44:39.6426046Z   Downloading packaging-26.3-py3-none-any.whl.metadata (3.5 kB)
2026-09-23T08:44:39.6557946Z Collecting pluggy<2,>=1.5 (from pytest)
2026-09-23T08:44:39.6656643Z   Downloading pluggy-1.6.0-py3-none-any.whl.metadata (4.8 kB)
2026-09-23T08:44:39.6843438Z Collecting pygments>=2.7.2 (from pytest)
2026-09-23T08:44:39.6942722Z   Downloading pygments-2.21.0-py3-none-any.whl.metadata (2.5 kB)
2026-09-23T08:44:39.7062747Z Downloading pytest-9.1.1-py3-none-any.whl (386 kB)
2026-09-23T08:44:39.7534644Z Downloading pluggy-1.6.0-py3-none-any.whl (20 kB)
2026-09-23T08:44:39.7635100Z Downloading iniconfig-2.3.0-py3-none-any.whl (7.5 kB)
2026-09-23T08:44:39.7734757Z Downloading packaging-26.3-py3-none-any.whl (129 kB)
2026-09-23T08:44:39.7849885Z Downloading pygments-2.21.0-py3-none-any.whl (1.3 MB)
2026-09-23T08:44:39.8145122Z    ââââââââââââââââââââââââââââââââââââââââ 1.3/1.3 MB 53.9 MB/s  0:00:00
2026-09-23T08:44:39.9526643Z Installing collected packages: pygments, pluggy, packaging, iniconfig, pytest
2026-09-23T08:44:40.6327061Z 
2026-09-23T08:44:40.6335196Z Successfully installed iniconfig-2.3.0 packaging-26.3 pluggy-1.6.0 pygments-2.21.0 pytest-9.1.1
2026-09-23T08:44:40.6875597Z ##[group]Run python automation/inject_mutation.py --error-type "FileNotFoundError"
2026-09-23T08:44:40.6876283Z [36;1mpython automation/inject_mutation.py --error-type "FileNotFoundError"[0m
2026-09-23T08:44:40.6913903Z shell: /usr/bin/bash -e {0}
2026-09-23T08:44:40.6914393Z env:
2026-09-23T08:44:40.6914909Z   pythonLocation: /opt/hostedtoolcache/Python/3.11.16/x64
2026-09-23T08:44:40.6915400Z   PKG_CONFIG_PATH: /opt/hostedtoolcache/Python/3.11.16/x64/lib/pkgconfig
2026-09-23T08:44:40.6915876Z   Python_ROOT_DIR: /opt/hostedtoolcache/Python/3.11.16/x64
2026-09-23T08:44:40.6916294Z   Python2_ROOT_DIR: /opt/hostedtoolcache/Python/3.11.16/x64
2026-09-23T08:44:40.6917042Z   Python3_ROOT_DIR: /opt/hostedtoolcache/Python/3.11.16/x64
2026-09-23T08:44:40.6917474Z   LD_LIBRARY_PATH: /opt/hostedtoolcache/Python/3.11.16/x64/lib
2026-09-23T08:44:40.6917880Z ##[endgroup]
2026-09-23T08:44:40.7182186Z [Mutation Injected] Successfully injected FileNotFoundError into tests/test_app.py
2026-09-23T08:44:40.7249695Z ##[group]Run pytest tests/test_app.py -v
2026-09-23T08:44:40.7250165Z [36;1mpytest tests/test_app.py -v[0m
2026-09-23T08:44:40.7279050Z shell: /usr/bin/bash -e {0}
2026-09-23T08:44:40.7279414Z env:
2026-09-23T08:44:40.7279813Z   pythonLocation: /opt/hostedtoolcache/Python/3.11.16/x64
2026-09-23T08:44:40.7280325Z   PKG_CONFIG_PATH: /opt/hostedtoolcache/Python/3.11.16/x64/lib/pkgconfig
2026-09-23T08:44:40.7280793Z   Python_ROOT_DIR: /opt/hostedtoolcache/Python/3.11.16/x64
2026-09-23T08:44:40.7281268Z   Python2_ROOT_DIR: /opt/hostedtoolcache/Python/3.11.16/x64
2026-09-23T08:44:40.7281735Z   Python3_ROOT_DIR: /opt/hostedtoolcache/Python/3.11.16/x64
2026-09-23T08:44:40.7282178Z   LD_LIBRARY_PATH: /opt/hostedtoolcache/Python/3.11.16/x64/lib
2026-09-23T08:44:40.7282568Z ##[endgroup]
2026-09-23T08:44:41.3237364Z ============================= test session starts ==============================
2026-09-23T08:44:41.3239058Z platform linux -- Python 3.11.16, pytest-9.1.1, pluggy-1.6.0 -- /opt/hostedtoolcache/Python/3.11.16/x64/bin/python
2026-09-23T08:44:41.3240069Z cachedir: .pytest_cache
2026-09-23T08:44:41.3240564Z rootdir: /home/runner/work/log-generation/log-generation
2026-09-23T08:44:41.3241157Z configfile: pytest.ini
2026-09-23T08:44:41.3303503Z collecting ... collected 6 items
2026-09-23T08:44:41.3304169Z 
2026-09-23T08:44:41.3309970Z tests/test_app.py::test_calculate_division PASSED                        [ 16%]
2026-09-23T08:44:41.3315807Z tests/test_app.py::test_convert_to_int PASSED                            [ 33%]
2026-09-23T08:44:41.3321573Z tests/test_app.py::test_get_list_item PASSED                             [ 50%]
2026-09-23T08:44:41.3326666Z tests/test_app.py::test_get_dict_value PASSED                            [ 66%]
2026-09-23T08:44:41.3331655Z tests/test_app.py::test_assert_positive PASSED                           [ 83%]
2026-09-23T08:44:41.3529359Z tests/test_app.py::test_file_not_found_error FAILED                      [100%]
2026-09-23T08:44:41.3529892Z 
2026-09-23T08:44:41.3530163Z =================================== FAILURES ===================================
2026-09-23T08:44:41.3530692Z __________________________ test_file_not_found_error ___________________________
2026-09-23T08:44:41.3531173Z 
2026-09-23T08:44:41.3531334Z     def test_file_not_found_error():
2026-09-23T08:44:41.3531820Z         """Injected synthetic FileNotFoundError."""
2026-09-23T08:44:41.3532436Z         from src.app import read_config_file
2026-09-23T08:44:41.3532996Z >       read_config_file("fixtures/non_existent_pipeline_config.json")
2026-09-23T08:44:41.3533363Z 
2026-09-23T08:44:41.3533538Z tests/test_app.py:137: 
2026-09-23T08:44:41.3534062Z _ _ _ _ _ _ _ _ _ _ _ _ _ _ _ _ _ _ _ _ _ _ _ _ _ _ _ _ _ _ _ _ _ _ _ _ _ _ _ _ 
2026-09-23T08:44:41.3534425Z 
2026-09-23T08:44:41.3534629Z path = 'fixtures/non_existent_pipeline_config.json'
2026-09-23T08:44:41.3534951Z 
2026-09-23T08:44:41.3535132Z     def read_config_file(path):
2026-09-23T08:44:41.3535553Z >       with open(path, "r") as f:
2026-09-23T08:44:41.3536020Z              ^^^^^^^^^^^^^^^
2026-09-23T08:44:41.3536895Z E       FileNotFoundError: [Errno 2] No such file or directory: 'fixtures/non_existent_pipeline_config.json'
2026-09-23T08:44:41.3537398Z 
2026-09-23T08:44:41.3537610Z src/app.py:17: FileNotFoundError
2026-09-23T08:44:41.3538213Z =========================== short test summary info ============================
2026-09-23T08:44:41.3539552Z FAILED tests/test_app.py::test_file_not_found_error - FileNotFoundError: [Errno 2] No such file or directory: 'fixtures/non_existent_pipeline_config.json'
2026-09-23T08:44:41.3540573Z ========================= 1 failed, 5 passed in 0.02s ==========================
2026-09-23T08:44:41.3719542Z ##[error]Process completed with exit code 1.
2026-09-23T08:44:41.3841018Z Node 20 is being deprecated. This workflow is running with Node 24 by default. If you need to temporarily use Node 20, you can set the ACTIONS_ALLOW_USE_UNSECURE_NODE_VERSION=true environment variable. For more information see: https://github.blog/changelog/2025-09-19-deprecation-of-node-20-on-github-actions-runners/
2026-09-23T08:44:41.3842055Z Post job cleanup.
2026-09-23T08:44:41.4565471Z [command]/usr/bin/git version
2026-09-23T08:44:41.4602354Z git version 2.55.0
2026-09-23T08:44:41.4638777Z Temporarily overriding HOME='/home/runner/work/_temp/d913316f-3fa2-4ab3-b482-c826a8545431' before making global git config changes
2026-09-23T08:44:41.4640282Z Adding repository directory to the temporary git global config as a safe directory
2026-09-23T08:44:41.4643531Z [command]/usr/bin/git config --global --add safe.directory /home/runner/work/log-generation/log-generation
2026-09-23T08:44:41.4675459Z [command]/usr/bin/git config --local --name-only --get-regexp core\.sshCommand
2026-09-23T08:44:41.4701892Z [command]/usr/bin/git submodule foreach --recursive sh -c "git config --local --name-only --get-regexp 'core\.sshCommand' && git config --local --unset-all 'core.sshCommand' || :"
2026-09-23T08:44:41.4891810Z [command]/usr/bin/git config --local --name-only --get-regexp http\.https\:\/\/github\.com\/\.extraheader
2026-09-23T08:44:41.4909901Z http.https://github.com/.extraheader
2026-09-23T08:44:41.4918987Z [command]/usr/bin/git config --local --unset-all http.https://github.com/.extraheader
2026-09-23T08:44:41.4956753Z [command]/usr/bin/git submodule foreach --recursive sh -c "git config --local --name-only --get-regexp 'http\.https\:\/\/github\.com\/\.extraheader' && git config --local --unset-all 'http.https://github.com/.extraheader' || :"
2026-09-23T08:44:41.5132999Z [command]/usr/bin/git config --local --name-only --get-regexp ^includeIf\.gitdir:
2026-09-23T08:44:41.5173679Z [command]/usr/bin/git submodule foreach --recursive git config --local --show-origin --name-only --get-regexp remote.origin.url
2026-09-23T08:44:41.5483694Z Cleaning up orphan processes
2026-09-23T08:44:41.5694334Z ##[warning]Node.js 20 is deprecated. The following actions target Node.js 20 but are being forced to run on Node.js 24: actions/checkout@v4, actions/setup-python@v5. For more information see: https://github.blog/changelog/2025-09-19-deprecation-of-node-20-on-github-actions-runners/
