ï»¿2026-09-23T08:51:06.8460775Z Current runner version: '2.337.0'
2026-09-23T08:51:06.8487170Z ##[group]Runner Image Provisioner
2026-09-23T08:51:06.8488090Z Hosted Compute Agent
2026-09-23T08:51:06.8488740Z Version: 20260828.587
2026-09-23T08:51:06.8489483Z Commit: abac92662cab4cc7352de4f9f9d2e2419aad9c29
2026-09-23T08:51:06.8490251Z Build Date: 2026-08-28T16:44:25Z
2026-09-23T08:51:06.8490972Z Worker ID: {54321397-767c-45a0-a921-7ba7079144c2}
2026-09-23T08:51:06.8491722Z Azure Region: westcentralus
2026-09-23T08:51:06.8492364Z ##[endgroup]
2026-09-23T08:51:06.8494765Z ##[group]Operating System
2026-09-23T08:51:06.8495487Z Ubuntu
2026-09-23T08:51:06.8496095Z 24.04.5
2026-09-23T08:51:06.8496645Z LTS
2026-09-23T08:51:06.8497173Z ##[endgroup]
2026-09-23T08:51:06.8498371Z ##[group]Runner Image
2026-09-23T08:51:06.8499015Z Image: ubuntu-24.04
2026-09-23T08:51:06.8499626Z Version: 20260907.300.1
2026-09-23T08:51:06.8501010Z Included Software: https://github.com/actions/runner-images/blob/ubuntu24/20260907.300/images/ubuntu/Ubuntu2404-Readme.md
2026-09-23T08:51:06.8502747Z Image Release: https://github.com/actions/runner-images/releases/tag/ubuntu24%2F20260907.300
2026-09-23T08:51:06.8503970Z ##[endgroup]
2026-09-23T08:51:06.8505282Z ##[group]GITHUB_TOKEN Permissions
2026-09-23T08:51:06.8507651Z Contents: read
2026-09-23T08:51:06.8508352Z Metadata: read
2026-09-23T08:51:06.8508956Z Packages: read
2026-09-23T08:51:06.8509522Z ##[endgroup]
2026-09-23T08:51:06.8511808Z Secret source: Actions
2026-09-23T08:51:06.8512812Z Cache mode: write
2026-09-23T08:51:06.8514441Z Prepare workflow directory
2026-09-23T08:51:06.8875827Z Prepare all required actions
2026-09-23T08:51:06.8926760Z Getting action download info
2026-09-23T08:51:07.2127557Z Download action repository 'actions/checkout@v4' (SHA:11d5960a326750d5838078e36cf38b85af677262)
2026-09-23T08:51:07.3852527Z Download action repository 'actions/setup-python@v5' (SHA:a26af69be951a213d495a4c3e4e4022e16d87065)
2026-09-23T08:51:07.6244724Z Complete job name: test-f3 (TypeError #235)
2026-09-23T08:51:07.7057744Z Node 20 is being deprecated. This workflow is running with Node 24 by default. If you need to temporarily use Node 20, you can set the ACTIONS_ALLOW_USE_UNSECURE_NODE_VERSION=true environment variable. For more information see: https://github.blog/changelog/2025-09-19-deprecation-of-node-20-on-github-actions-runners/
2026-09-23T08:51:07.7066877Z ##[group]Run actions/checkout@v4
2026-09-23T08:51:07.7067643Z with:
2026-09-23T08:51:07.7068078Z   fetch-depth: 1
2026-09-23T08:51:07.7068629Z   repository: DhruvHegde/log-generation
2026-09-23T08:51:07.7072948Z   token: ***
2026-09-23T08:51:07.7073746Z   ssh-strict: true
2026-09-23T08:51:07.7074273Z   ssh-user: git
2026-09-23T08:51:07.7074807Z   persist-credentials: true
2026-09-23T08:51:07.7075301Z   clean: true
2026-09-23T08:51:07.7075755Z   sparse-checkout-cone-mode: true
2026-09-23T08:51:07.7076280Z   fetch-tags: false
2026-09-23T08:51:07.7076731Z   show-progress: true
2026-09-23T08:51:07.7077180Z   lfs: false
2026-09-23T08:51:07.7077651Z   submodules: false
2026-09-23T08:51:07.7078170Z   set-safe-directory: true
2026-09-23T08:51:07.7078691Z   allow-unsafe-pr-checkout: false
2026-09-23T08:51:07.7079524Z ##[endgroup]
2026-09-23T08:51:07.8128289Z Syncing repository: DhruvHegde/log-generation
2026-09-23T08:51:07.8130943Z ##[group]Getting Git version info
2026-09-23T08:51:07.8132204Z Working directory is '/home/runner/work/log-generation/log-generation'
2026-09-23T08:51:07.8134312Z [command]/usr/bin/git version
2026-09-23T08:51:07.8262399Z git version 2.55.0
2026-09-23T08:51:07.8287023Z ##[endgroup]
2026-09-23T08:51:07.8310341Z Temporarily overriding HOME='/home/runner/work/_temp/8b378dff-867b-4eb2-a7fd-ac234ab26f33' before making global git config changes
2026-09-23T08:51:07.8312770Z Adding repository directory to the temporary git global config as a safe directory
2026-09-23T08:51:07.8316810Z [command]/usr/bin/git config --global --add safe.directory /home/runner/work/log-generation/log-generation
2026-09-23T08:51:07.8379136Z Deleting the contents of '/home/runner/work/log-generation/log-generation'
2026-09-23T08:51:07.8391021Z ##[group]Initializing the repository
2026-09-23T08:51:07.8400108Z [command]/usr/bin/git init /home/runner/work/log-generation/log-generation
2026-09-23T08:51:07.8535787Z hint: Using 'master' as the name for the initial branch. This default branch name
2026-09-23T08:51:07.8537560Z hint: will change to "main" in Git 3.0. To configure the initial branch name
2026-09-23T08:51:07.8539208Z hint: to use in all of your new repositories, which will suppress this warning,
2026-09-23T08:51:07.8540795Z hint: call:
2026-09-23T08:51:07.8541449Z hint:
2026-09-23T08:51:07.8542253Z hint: 	git config --global init.defaultBranch <name>
2026-09-23T08:51:07.8543506Z hint:
2026-09-23T08:51:07.8544524Z hint: Names commonly chosen instead of 'master' are 'main', 'trunk' and
2026-09-23T08:51:07.8546115Z hint: 'development'. The just-created branch can be renamed via this command:
2026-09-23T08:51:07.8547323Z hint:
2026-09-23T08:51:07.8548079Z hint: 	git branch -m <name>
2026-09-23T08:51:07.8548922Z hint:
2026-09-23T08:51:07.8549935Z hint: Disable this message with "git config set advice.defaultBranchName false"
2026-09-23T08:51:07.8552707Z Initialized empty Git repository in /home/runner/work/log-generation/log-generation/.git/
2026-09-23T08:51:07.8555976Z [command]/usr/bin/git remote add origin https://github.com/DhruvHegde/log-generation
2026-09-23T08:51:07.8628164Z ##[endgroup]
2026-09-23T08:51:07.8629350Z ##[group]Disabling automatic garbage collection
2026-09-23T08:51:07.8630741Z [command]/usr/bin/git config --local gc.auto 0
2026-09-23T08:51:07.8681357Z ##[endgroup]
2026-09-23T08:51:07.8682609Z ##[group]Setting up auth
2026-09-23T08:51:07.8685471Z [command]/usr/bin/git config --local --name-only --get-regexp core\.sshCommand
2026-09-23T08:51:07.8726839Z [command]/usr/bin/git submodule foreach --recursive sh -c "git config --local --name-only --get-regexp 'core\.sshCommand' && git config --local --unset-all 'core.sshCommand' || :"
2026-09-23T08:51:07.9257500Z [command]/usr/bin/git config --local --name-only --get-regexp http\.https\:\/\/github\.com\/\.extraheader
2026-09-23T08:51:07.9303563Z [command]/usr/bin/git submodule foreach --recursive sh -c "git config --local --name-only --get-regexp 'http\.https\:\/\/github\.com\/\.extraheader' && git config --local --unset-all 'http.https://github.com/.extraheader' || :"
2026-09-23T08:51:07.9577762Z [command]/usr/bin/git config --local --name-only --get-regexp ^includeIf\.gitdir:
2026-09-23T08:51:07.9617636Z [command]/usr/bin/git submodule foreach --recursive git config --local --show-origin --name-only --get-regexp remote.origin.url
2026-09-23T08:51:07.9851009Z [command]/usr/bin/git config --local http.https://github.com/.extraheader AUTHORIZATION: basic ***
2026-09-23T08:51:07.9890958Z ##[endgroup]
2026-09-23T08:51:07.9892062Z ##[group]Fetching the repository
2026-09-23T08:51:07.9901778Z [command]/usr/bin/git -c protocol.version=2 fetch --no-tags --prune --no-recurse-submodules --depth=1 origin +43f20917de93b9aad51cf79a69ad5239c5632917:refs/remotes/origin/feature/f3-test-failures
2026-09-23T08:51:08.7582019Z From https://github.com/DhruvHegde/log-generation
2026-09-23T08:51:08.7585811Z  * [new ref]         43f20917de93b9aad51cf79a69ad5239c5632917 -> origin/feature/f3-test-failures
2026-09-23T08:51:08.7590800Z ##[endgroup]
2026-09-23T08:51:08.7592944Z ##[group]Determining the checkout info
2026-09-23T08:51:08.7595629Z ##[endgroup]
2026-09-23T08:51:08.7597723Z [command]/usr/bin/git sparse-checkout disable
2026-09-23T08:51:08.7654608Z [command]/usr/bin/git config --local --unset-all extensions.worktreeConfig
2026-09-23T08:51:08.7690669Z ##[group]Checking out the ref
2026-09-23T08:51:08.7695612Z [command]/usr/bin/git checkout --progress --force -B feature/f3-test-failures refs/remotes/origin/feature/f3-test-failures
2026-09-23T08:51:08.8136585Z Switched to a new branch 'feature/f3-test-failures'
2026-09-23T08:51:08.8144921Z branch 'feature/f3-test-failures' set up to track 'origin/feature/f3-test-failures'.
2026-09-23T08:51:08.8159071Z ##[endgroup]
2026-09-23T08:51:08.8207719Z [command]/usr/bin/git log -1 --format=%H
2026-09-23T08:51:08.8238206Z 43f20917de93b9aad51cf79a69ad5239c5632917
2026-09-23T08:51:08.8632626Z Node 20 is being deprecated. This workflow is running with Node 24 by default. If you need to temporarily use Node 20, you can set the ACTIONS_ALLOW_USE_UNSECURE_NODE_VERSION=true environment variable. For more information see: https://github.blog/changelog/2025-09-19-deprecation-of-node-20-on-github-actions-runners/
2026-09-23T08:51:08.8639286Z ##[group]Run actions/setup-python@v5
2026-09-23T08:51:08.8640514Z with:
2026-09-23T08:51:08.8641410Z   python-version: 3.11
2026-09-23T08:51:08.8642449Z   check-latest: false
2026-09-23T08:51:08.8653832Z   token: ***
2026-09-23T08:51:08.8654833Z   update-environment: true
2026-09-23T08:51:08.8655968Z   allow-prereleases: false
2026-09-23T08:51:08.8657071Z   freethreaded: false
2026-09-23T08:51:08.8658106Z ##[endgroup]
2026-09-23T08:51:09.0060854Z ##[group]Installed versions
2026-09-23T08:51:09.0503544Z (node:2337) [DEP0040] DeprecationWarning: The `punycode` module is deprecated. Please use a userland alternative instead.
2026-09-23T08:51:09.0508456Z (Use `node --trace-deprecation ...` to show where the warning was created)
2026-09-23T08:51:09.0511224Z Successfully set up CPython (3.11.16)
2026-09-23T08:51:09.0514319Z ##[endgroup]
2026-09-23T08:51:09.0819810Z ##[group]Run pip install --no-cache-dir pytest
2026-09-23T08:51:09.0822417Z [36;1mpip install --no-cache-dir pytest[0m
2026-09-23T08:51:09.0936005Z shell: /usr/bin/bash -e {0}
2026-09-23T08:51:09.0938071Z env:
2026-09-23T08:51:09.1033929Z   pythonLocation: /opt/hostedtoolcache/Python/3.11.16/x64
2026-09-23T08:51:09.1036690Z   PKG_CONFIG_PATH: /opt/hostedtoolcache/Python/3.11.16/x64/lib/pkgconfig
2026-09-23T08:51:09.1039666Z   Python_ROOT_DIR: /opt/hostedtoolcache/Python/3.11.16/x64
2026-09-23T08:51:09.1042496Z   Python2_ROOT_DIR: /opt/hostedtoolcache/Python/3.11.16/x64
2026-09-23T08:51:09.1045626Z   Python3_ROOT_DIR: /opt/hostedtoolcache/Python/3.11.16/x64
2026-09-23T08:51:09.1048632Z   LD_LIBRARY_PATH: /opt/hostedtoolcache/Python/3.11.16/x64/lib
2026-09-23T08:51:09.1050936Z ##[endgroup]
2026-09-23T08:51:12.1569009Z Collecting pytest
2026-09-23T08:51:12.2692366Z   Downloading pytest-9.1.1-py3-none-any.whl.metadata (7.6 kB)
2026-09-23T08:51:12.2941233Z Collecting iniconfig>=1.0.1 (from pytest)
2026-09-23T08:51:12.3136745Z   Downloading iniconfig-2.3.0-py3-none-any.whl.metadata (2.5 kB)
2026-09-23T08:51:12.3408872Z Collecting packaging>=22 (from pytest)
2026-09-23T08:51:12.3603947Z   Downloading packaging-26.3-py3-none-any.whl.metadata (3.5 kB)
2026-09-23T08:51:12.3852902Z Collecting pluggy<2,>=1.5 (from pytest)
2026-09-23T08:51:12.4048108Z   Downloading pluggy-1.6.0-py3-none-any.whl.metadata (4.8 kB)
2026-09-23T08:51:12.4360411Z Collecting pygments>=2.7.2 (from pytest)
2026-09-23T08:51:12.4556191Z   Downloading pygments-2.21.0-py3-none-any.whl.metadata (2.5 kB)
2026-09-23T08:51:12.4778834Z Downloading pytest-9.1.1-py3-none-any.whl (386 kB)
2026-09-23T08:51:12.5584846Z Downloading pluggy-1.6.0-py3-none-any.whl (20 kB)
2026-09-23T08:51:12.5779670Z Downloading iniconfig-2.3.0-py3-none-any.whl (7.5 kB)
2026-09-23T08:51:12.5975809Z Downloading packaging-26.3-py3-none-any.whl (129 kB)
2026-09-23T08:51:12.6187265Z Downloading pygments-2.21.0-py3-none-any.whl (1.3 MB)
2026-09-23T08:51:12.6749981Z    ââââââââââââââââââââââââââââââââââââââââ 1.3/1.3 MB 20.4 MB/s  0:00:00
2026-09-23T08:51:12.8466225Z Installing collected packages: pygments, pluggy, packaging, iniconfig, pytest
2026-09-23T08:51:13.8408640Z 
2026-09-23T08:51:13.8418238Z Successfully installed iniconfig-2.3.0 packaging-26.3 pluggy-1.6.0 pygments-2.21.0 pytest-9.1.1
2026-09-23T08:51:13.9042728Z ##[group]Run python automation/inject_mutation.py --error-type "TypeError"
2026-09-23T08:51:13.9043630Z [36;1mpython automation/inject_mutation.py --error-type "TypeError"[0m
2026-09-23T08:51:13.9083665Z shell: /usr/bin/bash -e {0}
2026-09-23T08:51:13.9083933Z env:
2026-09-23T08:51:13.9084214Z   pythonLocation: /opt/hostedtoolcache/Python/3.11.16/x64
2026-09-23T08:51:13.9084923Z   PKG_CONFIG_PATH: /opt/hostedtoolcache/Python/3.11.16/x64/lib/pkgconfig
2026-09-23T08:51:13.9085353Z   Python_ROOT_DIR: /opt/hostedtoolcache/Python/3.11.16/x64
2026-09-23T08:51:13.9085734Z   Python2_ROOT_DIR: /opt/hostedtoolcache/Python/3.11.16/x64
2026-09-23T08:51:13.9086133Z   Python3_ROOT_DIR: /opt/hostedtoolcache/Python/3.11.16/x64
2026-09-23T08:51:13.9086519Z   LD_LIBRARY_PATH: /opt/hostedtoolcache/Python/3.11.16/x64/lib
2026-09-23T08:51:13.9086871Z ##[endgroup]
2026-09-23T08:51:13.9403997Z [Mutation Injected] Successfully injected TypeError into tests/test_app.py
2026-09-23T08:51:13.9481785Z ##[group]Run pytest tests/test_app.py -v
2026-09-23T08:51:13.9482175Z [36;1mpytest tests/test_app.py -v[0m
2026-09-23T08:51:13.9521553Z shell: /usr/bin/bash -e {0}
2026-09-23T08:51:13.9521814Z env:
2026-09-23T08:51:13.9522092Z   pythonLocation: /opt/hostedtoolcache/Python/3.11.16/x64
2026-09-23T08:51:13.9522533Z   PKG_CONFIG_PATH: /opt/hostedtoolcache/Python/3.11.16/x64/lib/pkgconfig
2026-09-23T08:51:13.9522980Z   Python_ROOT_DIR: /opt/hostedtoolcache/Python/3.11.16/x64
2026-09-23T08:51:13.9523613Z   Python2_ROOT_DIR: /opt/hostedtoolcache/Python/3.11.16/x64
2026-09-23T08:51:13.9524003Z   Python3_ROOT_DIR: /opt/hostedtoolcache/Python/3.11.16/x64
2026-09-23T08:51:13.9524393Z   LD_LIBRARY_PATH: /opt/hostedtoolcache/Python/3.11.16/x64/lib
2026-09-23T08:51:13.9524716Z ##[endgroup]
2026-09-23T08:51:14.6015246Z ============================= test session starts ==============================
2026-09-23T08:51:14.6016699Z platform linux -- Python 3.11.16, pytest-9.1.1, pluggy-1.6.0 -- /opt/hostedtoolcache/Python/3.11.16/x64/bin/python
2026-09-23T08:51:14.6017769Z cachedir: .pytest_cache
2026-09-23T08:51:14.6018303Z rootdir: /home/runner/work/log-generation/log-generation
2026-09-23T08:51:14.6018932Z configfile: pytest.ini
2026-09-23T08:51:14.6110817Z collecting ... collected 6 items
2026-09-23T08:51:14.6111193Z 
2026-09-23T08:51:14.6121697Z tests/test_app.py::test_calculate_division PASSED                        [ 16%]
2026-09-23T08:51:14.6130072Z tests/test_app.py::test_convert_to_int PASSED                            [ 33%]
2026-09-23T08:51:14.6138287Z tests/test_app.py::test_get_list_item PASSED                             [ 50%]
2026-09-23T08:51:14.6145879Z tests/test_app.py::test_get_dict_value PASSED                            [ 66%]
2026-09-23T08:51:14.6153619Z tests/test_app.py::test_assert_positive PASSED                           [ 83%]
2026-09-23T08:51:14.6484304Z tests/test_app.py::test_type_error FAILED                                [100%]
2026-09-23T08:51:14.6485255Z 
2026-09-23T08:51:14.6485879Z =================================== FAILURES ===================================
2026-09-23T08:51:14.6486687Z _______________________________ test_type_error ________________________________
2026-09-23T08:51:14.6487214Z 
2026-09-23T08:51:14.6487400Z     def test_type_error():
2026-09-23T08:51:14.6487867Z         """Injected synthetic TypeError."""
2026-09-23T08:51:14.6488482Z         from src.app import calculate_division
2026-09-23T08:51:14.6489070Z >       calculate_division("invalid_string", 5)
2026-09-23T08:51:14.6489478Z 
2026-09-23T08:51:14.6489647Z tests/test_app.py:139: 
2026-09-23T08:51:14.6490435Z _ _ _ _ _ _ _ _ _ _ _ _ _ _ _ _ _ _ _ _ _ _ _ _ _ _ _ _ _ _ _ _ _ _ _ _ _ _ _ _ 
2026-09-23T08:51:14.6491102Z 
2026-09-23T08:51:14.6491437Z a = 'invalid_string', b = 5
2026-09-23T08:51:14.6491749Z 
2026-09-23T08:51:14.6491932Z     def calculate_division(a, b):
2026-09-23T08:51:14.6492588Z >       return a / b
2026-09-23T08:51:14.6492988Z                ^^^^^
2026-09-23T08:51:14.6494016Z E       TypeError: unsupported operand type(s) for /: 'str' and 'int'
2026-09-23T08:51:14.6494706Z 
2026-09-23T08:51:14.6495157Z src/app.py:2: TypeError
2026-09-23T08:51:14.6495702Z =========================== short test summary info ============================
2026-09-23T08:51:14.6496796Z FAILED tests/test_app.py::test_type_error - TypeError: unsupported operand type(s) for /: 'str' and 'int'
2026-09-23T08:51:14.6498277Z ========================= 1 failed, 5 passed in 0.03s ==========================
2026-09-23T08:51:14.6695847Z ##[error]Process completed with exit code 1.
2026-09-23T08:51:14.6840901Z Node 20 is being deprecated. This workflow is running with Node 24 by default. If you need to temporarily use Node 20, you can set the ACTIONS_ALLOW_USE_UNSECURE_NODE_VERSION=true environment variable. For more information see: https://github.blog/changelog/2025-09-19-deprecation-of-node-20-on-github-actions-runners/
2026-09-23T08:51:14.6842152Z Post job cleanup.
2026-09-23T08:51:14.7785849Z [command]/usr/bin/git version
2026-09-23T08:51:14.7832426Z git version 2.55.0
2026-09-23T08:51:14.7875599Z Temporarily overriding HOME='/home/runner/work/_temp/c46b12e1-52d9-4644-a481-3bb90f3c39e4' before making global git config changes
2026-09-23T08:51:14.7876951Z Adding repository directory to the temporary git global config as a safe directory
2026-09-23T08:51:14.7882606Z [command]/usr/bin/git config --global --add safe.directory /home/runner/work/log-generation/log-generation
2026-09-23T08:51:14.7927858Z [command]/usr/bin/git config --local --name-only --get-regexp core\.sshCommand
2026-09-23T08:51:14.7969960Z [command]/usr/bin/git submodule foreach --recursive sh -c "git config --local --name-only --get-regexp 'core\.sshCommand' && git config --local --unset-all 'core.sshCommand' || :"
2026-09-23T08:51:14.8236645Z [command]/usr/bin/git config --local --name-only --get-regexp http\.https\:\/\/github\.com\/\.extraheader
2026-09-23T08:51:14.8271488Z http.https://github.com/.extraheader
2026-09-23T08:51:14.8285890Z [command]/usr/bin/git config --local --unset-all http.https://github.com/.extraheader
2026-09-23T08:51:14.8322355Z [command]/usr/bin/git submodule foreach --recursive sh -c "git config --local --name-only --get-regexp 'http\.https\:\/\/github\.com\/\.extraheader' && git config --local --unset-all 'http.https://github.com/.extraheader' || :"
2026-09-23T08:51:14.8585405Z [command]/usr/bin/git config --local --name-only --get-regexp ^includeIf\.gitdir:
2026-09-23T08:51:14.8628016Z [command]/usr/bin/git submodule foreach --recursive git config --local --show-origin --name-only --get-regexp remote.origin.url
2026-09-23T08:51:14.9053504Z Cleaning up orphan processes
2026-09-23T08:51:14.9337285Z ##[warning]Node.js 20 is deprecated. The following actions target Node.js 20 but are being forced to run on Node.js 24: actions/checkout@v4, actions/setup-python@v5. For more information see: https://github.blog/changelog/2025-09-19-deprecation-of-node-20-on-github-actions-runners/
