ï»¿2026-09-23T08:49:41.0936089Z Current runner version: '2.337.0'
2026-09-23T08:49:41.0956441Z ##[group]Runner Image Provisioner
2026-09-23T08:49:41.0957156Z Hosted Compute Agent
2026-09-23T08:49:41.0957625Z Version: 20260828.587
2026-09-23T08:49:41.0958257Z Commit: abac92662cab4cc7352de4f9f9d2e2419aad9c29
2026-09-23T08:49:41.0958874Z Build Date: 2026-08-28T16:44:25Z
2026-09-23T08:49:41.0959496Z Worker ID: {07fe36f4-733f-473d-b9fb-db299c1e3523}
2026-09-23T08:49:41.0960116Z Azure Region: westus
2026-09-23T08:49:41.0960561Z ##[endgroup]
2026-09-23T08:49:41.0961899Z ##[group]Operating System
2026-09-23T08:49:41.0962414Z Ubuntu
2026-09-23T08:49:41.0962893Z 24.04.5
2026-09-23T08:49:41.0963358Z LTS
2026-09-23T08:49:41.0964036Z ##[endgroup]
2026-09-23T08:49:41.0964686Z ##[group]Runner Image
2026-09-23T08:49:41.0965188Z Image: ubuntu-24.04
2026-09-23T08:49:41.0965726Z Version: 20260907.300.1
2026-09-23T08:49:41.0966744Z Included Software: https://github.com/actions/runner-images/blob/ubuntu24/20260907.300/images/ubuntu/Ubuntu2404-Readme.md
2026-09-23T08:49:41.0968032Z Image Release: https://github.com/actions/runner-images/releases/tag/ubuntu24%2F20260907.300
2026-09-23T08:49:41.0968846Z ##[endgroup]
2026-09-23T08:49:41.0969849Z ##[group]GITHUB_TOKEN Permissions
2026-09-23T08:49:41.0971616Z Contents: read
2026-09-23T08:49:41.0972211Z Metadata: read
2026-09-23T08:49:41.0972696Z Packages: read
2026-09-23T08:49:41.0973138Z ##[endgroup]
2026-09-23T08:49:41.0975245Z Secret source: Actions
2026-09-23T08:49:41.0976015Z Cache mode: write
2026-09-23T08:49:41.0976971Z Prepare workflow directory
2026-09-23T08:49:41.1233996Z Prepare all required actions
2026-09-23T08:49:41.1272958Z Getting action download info
2026-09-23T08:49:41.4973861Z Download action repository 'actions/checkout@v4' (SHA:11d5960a326750d5838078e36cf38b85af677262)
2026-09-23T08:49:41.8433418Z Download action repository 'actions/setup-python@v5' (SHA:a26af69be951a213d495a4c3e4e4022e16d87065)
2026-09-23T08:49:42.1821234Z Complete job name: test-f3 (ZeroDivisionError #146)
2026-09-23T08:49:42.2424932Z Node 20 is being deprecated. This workflow is running with Node 24 by default. If you need to temporarily use Node 20, you can set the ACTIONS_ALLOW_USE_UNSECURE_NODE_VERSION=true environment variable. For more information see: https://github.blog/changelog/2025-09-19-deprecation-of-node-20-on-github-actions-runners/
2026-09-23T08:49:42.2431758Z ##[group]Run actions/checkout@v4
2026-09-23T08:49:42.2432300Z with:
2026-09-23T08:49:42.2432638Z   fetch-depth: 1
2026-09-23T08:49:42.2433012Z   repository: DhruvHegde/log-generation
2026-09-23T08:49:42.2436199Z   token: ***
2026-09-23T08:49:42.2436571Z   ssh-strict: true
2026-09-23T08:49:42.2436919Z   ssh-user: git
2026-09-23T08:49:42.2437273Z   persist-credentials: true
2026-09-23T08:49:42.2437653Z   clean: true
2026-09-23T08:49:42.2438000Z   sparse-checkout-cone-mode: true
2026-09-23T08:49:42.2438399Z   fetch-tags: false
2026-09-23T08:49:42.2438749Z   show-progress: true
2026-09-23T08:49:42.2439094Z   lfs: false
2026-09-23T08:49:42.2439451Z   submodules: false
2026-09-23T08:49:42.2439830Z   set-safe-directory: true
2026-09-23T08:49:42.2440218Z   allow-unsafe-pr-checkout: false
2026-09-23T08:49:42.2440779Z ##[endgroup]
2026-09-23T08:49:42.3234823Z Syncing repository: DhruvHegde/log-generation
2026-09-23T08:49:42.3236400Z ##[group]Getting Git version info
2026-09-23T08:49:42.3237015Z Working directory is '/home/runner/work/log-generation/log-generation'
2026-09-23T08:49:42.3237896Z [command]/usr/bin/git version
2026-09-23T08:49:42.3315485Z git version 2.55.0
2026-09-23T08:49:42.3333569Z ##[endgroup]
2026-09-23T08:49:42.3348063Z Temporarily overriding HOME='/home/runner/work/_temp/df293b86-4dbf-46a4-8b82-f88aad7c391f' before making global git config changes
2026-09-23T08:49:42.3349178Z Adding repository directory to the temporary git global config as a safe directory
2026-09-23T08:49:42.3353075Z [command]/usr/bin/git config --global --add safe.directory /home/runner/work/log-generation/log-generation
2026-09-23T08:49:42.3395699Z Deleting the contents of '/home/runner/work/log-generation/log-generation'
2026-09-23T08:49:42.3400295Z ##[group]Initializing the repository
2026-09-23T08:49:42.3403663Z [command]/usr/bin/git init /home/runner/work/log-generation/log-generation
2026-09-23T08:49:42.3476406Z hint: Using 'master' as the name for the initial branch. This default branch name
2026-09-23T08:49:42.3477812Z hint: will change to "main" in Git 3.0. To configure the initial branch name
2026-09-23T08:49:42.3479563Z hint: to use in all of your new repositories, which will suppress this warning,
2026-09-23T08:49:42.3480641Z hint: call:
2026-09-23T08:49:42.3481098Z hint:
2026-09-23T08:49:42.3481646Z hint: 	git config --global init.defaultBranch <name>
2026-09-23T08:49:42.3482259Z hint:
2026-09-23T08:49:42.3482839Z hint: Names commonly chosen instead of 'master' are 'main', 'trunk' and
2026-09-23T08:49:42.3483700Z hint: 'development'. The just-created branch can be renamed via this command:
2026-09-23T08:49:42.3484694Z hint:
2026-09-23T08:49:42.3485294Z hint: 	git branch -m <name>
2026-09-23T08:49:42.3485805Z hint:
2026-09-23T08:49:42.3486296Z hint: Disable this message with "git config set advice.defaultBranchName false"
2026-09-23T08:49:42.3487349Z Initialized empty Git repository in /home/runner/work/log-generation/log-generation/.git/
2026-09-23T08:49:42.3489267Z [command]/usr/bin/git remote add origin https://github.com/DhruvHegde/log-generation
2026-09-23T08:49:42.3527971Z ##[endgroup]
2026-09-23T08:49:42.3528597Z ##[group]Disabling automatic garbage collection
2026-09-23T08:49:42.3531584Z [command]/usr/bin/git config --local gc.auto 0
2026-09-23T08:49:42.3558735Z ##[endgroup]
2026-09-23T08:49:42.3559320Z ##[group]Setting up auth
2026-09-23T08:49:42.3565616Z [command]/usr/bin/git config --local --name-only --get-regexp core\.sshCommand
2026-09-23T08:49:42.3593017Z [command]/usr/bin/git submodule foreach --recursive sh -c "git config --local --name-only --get-regexp 'core\.sshCommand' && git config --local --unset-all 'core.sshCommand' || :"
2026-09-23T08:49:42.3900696Z [command]/usr/bin/git config --local --name-only --get-regexp http\.https\:\/\/github\.com\/\.extraheader
2026-09-23T08:49:42.3937970Z [command]/usr/bin/git submodule foreach --recursive sh -c "git config --local --name-only --get-regexp 'http\.https\:\/\/github\.com\/\.extraheader' && git config --local --unset-all 'http.https://github.com/.extraheader' || :"
2026-09-23T08:49:42.4155551Z [command]/usr/bin/git config --local --name-only --get-regexp ^includeIf\.gitdir:
2026-09-23T08:49:42.4187715Z [command]/usr/bin/git submodule foreach --recursive git config --local --show-origin --name-only --get-regexp remote.origin.url
2026-09-23T08:49:42.4382184Z [command]/usr/bin/git config --local http.https://github.com/.extraheader AUTHORIZATION: basic ***
2026-09-23T08:49:42.4417738Z ##[endgroup]
2026-09-23T08:49:42.4418467Z ##[group]Fetching the repository
2026-09-23T08:49:42.4426046Z [command]/usr/bin/git -c protocol.version=2 fetch --no-tags --prune --no-recurse-submodules --depth=1 origin +43f20917de93b9aad51cf79a69ad5239c5632917:refs/remotes/origin/feature/f3-test-failures
2026-09-23T08:49:43.1570492Z From https://github.com/DhruvHegde/log-generation
2026-09-23T08:49:43.1572688Z  * [new ref]         43f20917de93b9aad51cf79a69ad5239c5632917 -> origin/feature/f3-test-failures
2026-09-23T08:49:43.1577164Z ##[endgroup]
2026-09-23T08:49:43.1578989Z ##[group]Determining the checkout info
2026-09-23T08:49:43.1581040Z ##[endgroup]
2026-09-23T08:49:43.1584880Z [command]/usr/bin/git sparse-checkout disable
2026-09-23T08:49:43.1632032Z [command]/usr/bin/git config --local --unset-all extensions.worktreeConfig
2026-09-23T08:49:43.1662603Z ##[group]Checking out the ref
2026-09-23T08:49:43.1667631Z [command]/usr/bin/git checkout --progress --force -B feature/f3-test-failures refs/remotes/origin/feature/f3-test-failures
2026-09-23T08:49:43.1985455Z Switched to a new branch 'feature/f3-test-failures'
2026-09-23T08:49:43.1988395Z branch 'feature/f3-test-failures' set up to track 'origin/feature/f3-test-failures'.
2026-09-23T08:49:43.1995650Z ##[endgroup]
2026-09-23T08:49:43.2035406Z [command]/usr/bin/git log -1 --format=%H
2026-09-23T08:49:43.2061321Z 43f20917de93b9aad51cf79a69ad5239c5632917
2026-09-23T08:49:43.2358305Z Node 20 is being deprecated. This workflow is running with Node 24 by default. If you need to temporarily use Node 20, you can set the ACTIONS_ALLOW_USE_UNSECURE_NODE_VERSION=true environment variable. For more information see: https://github.blog/changelog/2025-09-19-deprecation-of-node-20-on-github-actions-runners/
2026-09-23T08:49:43.2362630Z ##[group]Run actions/setup-python@v5
2026-09-23T08:49:43.2363476Z with:
2026-09-23T08:49:43.2364336Z   python-version: 3.11
2026-09-23T08:49:43.2365068Z   check-latest: false
2026-09-23T08:49:43.2372111Z   token: ***
2026-09-23T08:49:43.2372782Z   update-environment: true
2026-09-23T08:49:43.2373572Z   allow-prereleases: false
2026-09-23T08:49:43.2374512Z   freethreaded: false
2026-09-23T08:49:43.2375203Z ##[endgroup]
2026-09-23T08:49:43.3462983Z ##[group]Installed versions
2026-09-23T08:49:43.3541303Z (node:2052) [DEP0040] DeprecationWarning: The `punycode` module is deprecated. Please use a userland alternative instead.
2026-09-23T08:49:43.3543744Z (Use `node --trace-deprecation ...` to show where the warning was created)
2026-09-23T08:49:43.3545559Z Successfully set up CPython (3.11.16)
2026-09-23T08:49:43.3547491Z ##[endgroup]
2026-09-23T08:49:43.3706387Z ##[group]Run pip install --no-cache-dir pytest
2026-09-23T08:49:43.3707573Z [36;1mpip install --no-cache-dir pytest[0m
2026-09-23T08:49:43.3761513Z shell: /usr/bin/bash -e {0}
2026-09-23T08:49:43.3762812Z env:
2026-09-23T08:49:43.3763970Z   pythonLocation: /opt/hostedtoolcache/Python/3.11.16/x64
2026-09-23T08:49:43.3765976Z   PKG_CONFIG_PATH: /opt/hostedtoolcache/Python/3.11.16/x64/lib/pkgconfig
2026-09-23T08:49:43.3767351Z   Python_ROOT_DIR: /opt/hostedtoolcache/Python/3.11.16/x64
2026-09-23T08:49:43.3768549Z   Python2_ROOT_DIR: /opt/hostedtoolcache/Python/3.11.16/x64
2026-09-23T08:49:43.3770023Z   Python3_ROOT_DIR: /opt/hostedtoolcache/Python/3.11.16/x64
2026-09-23T08:49:43.3771824Z   LD_LIBRARY_PATH: /opt/hostedtoolcache/Python/3.11.16/x64/lib
2026-09-23T08:49:43.3773160Z ##[endgroup]
2026-09-23T08:49:46.6056855Z Collecting pytest
2026-09-23T08:49:46.6740315Z   Downloading pytest-9.1.1-py3-none-any.whl.metadata (7.6 kB)
2026-09-23T08:49:46.6982436Z Collecting iniconfig>=1.0.1 (from pytest)
2026-09-23T08:49:46.7092473Z   Downloading iniconfig-2.3.0-py3-none-any.whl.metadata (2.5 kB)
2026-09-23T08:49:46.7351412Z Collecting packaging>=22 (from pytest)
2026-09-23T08:49:46.7460990Z   Downloading packaging-26.3-py3-none-any.whl.metadata (3.5 kB)
2026-09-23T08:49:46.7702375Z Collecting pluggy<2,>=1.5 (from pytest)
2026-09-23T08:49:46.7812853Z   Downloading pluggy-1.6.0-py3-none-any.whl.metadata (4.8 kB)
2026-09-23T08:49:46.8099295Z Collecting pygments>=2.7.2 (from pytest)
2026-09-23T08:49:46.8210275Z   Downloading pygments-2.21.0-py3-none-any.whl.metadata (2.5 kB)
2026-09-23T08:49:46.8344571Z Downloading pytest-9.1.1-py3-none-any.whl (386 kB)
2026-09-23T08:49:46.8802287Z Downloading pluggy-1.6.0-py3-none-any.whl (20 kB)
2026-09-23T08:49:46.8909935Z Downloading iniconfig-2.3.0-py3-none-any.whl (7.5 kB)
2026-09-23T08:49:46.9018161Z Downloading packaging-26.3-py3-none-any.whl (129 kB)
2026-09-23T08:49:46.9135106Z Downloading pygments-2.21.0-py3-none-any.whl (1.3 MB)
2026-09-23T08:49:46.9432532Z    ââââââââââââââââââââââââââââââââââââââââ 1.3/1.3 MB 38.8 MB/s  0:00:00
2026-09-23T08:49:47.1245220Z Installing collected packages: pygments, pluggy, packaging, iniconfig, pytest
2026-09-23T08:49:47.9081894Z 
2026-09-23T08:49:47.9090018Z Successfully installed iniconfig-2.3.0 packaging-26.3 pluggy-1.6.0 pygments-2.21.0 pytest-9.1.1
2026-09-23T08:49:47.9608462Z ##[group]Run python automation/inject_mutation.py --error-type "ZeroDivisionError"
2026-09-23T08:49:47.9608980Z [36;1mpython automation/inject_mutation.py --error-type "ZeroDivisionError"[0m
2026-09-23T08:49:47.9643500Z shell: /usr/bin/bash -e {0}
2026-09-23T08:49:47.9643720Z env:
2026-09-23T08:49:47.9644275Z   pythonLocation: /opt/hostedtoolcache/Python/3.11.16/x64
2026-09-23T08:49:47.9644646Z   PKG_CONFIG_PATH: /opt/hostedtoolcache/Python/3.11.16/x64/lib/pkgconfig
2026-09-23T08:49:47.9644979Z   Python_ROOT_DIR: /opt/hostedtoolcache/Python/3.11.16/x64
2026-09-23T08:49:47.9645274Z   Python2_ROOT_DIR: /opt/hostedtoolcache/Python/3.11.16/x64
2026-09-23T08:49:47.9645581Z   Python3_ROOT_DIR: /opt/hostedtoolcache/Python/3.11.16/x64
2026-09-23T08:49:47.9645875Z   LD_LIBRARY_PATH: /opt/hostedtoolcache/Python/3.11.16/x64/lib
2026-09-23T08:49:47.9646155Z ##[endgroup]
2026-09-23T08:49:47.9898480Z [Mutation Injected] Successfully injected ZeroDivisionError into tests/test_app.py
2026-09-23T08:49:47.9956560Z ##[group]Run pytest tests/test_app.py -v
2026-09-23T08:49:47.9956851Z [36;1mpytest tests/test_app.py -v[0m
2026-09-23T08:49:47.9988916Z shell: /usr/bin/bash -e {0}
2026-09-23T08:49:47.9989127Z env:
2026-09-23T08:49:47.9989350Z   pythonLocation: /opt/hostedtoolcache/Python/3.11.16/x64
2026-09-23T08:49:47.9989711Z   PKG_CONFIG_PATH: /opt/hostedtoolcache/Python/3.11.16/x64/lib/pkgconfig
2026-09-23T08:49:47.9990046Z   Python_ROOT_DIR: /opt/hostedtoolcache/Python/3.11.16/x64
2026-09-23T08:49:47.9990342Z   Python2_ROOT_DIR: /opt/hostedtoolcache/Python/3.11.16/x64
2026-09-23T08:49:47.9990645Z   Python3_ROOT_DIR: /opt/hostedtoolcache/Python/3.11.16/x64
2026-09-23T08:49:47.9990949Z   LD_LIBRARY_PATH: /opt/hostedtoolcache/Python/3.11.16/x64/lib
2026-09-23T08:49:47.9991213Z ##[endgroup]
2026-09-23T08:49:48.4118991Z ============================= test session starts ==============================
2026-09-23T08:49:48.4119917Z platform linux -- Python 3.11.16, pytest-9.1.1, pluggy-1.6.0 -- /opt/hostedtoolcache/Python/3.11.16/x64/bin/python
2026-09-23T08:49:48.4120606Z cachedir: .pytest_cache
2026-09-23T08:49:48.4120996Z rootdir: /home/runner/work/log-generation/log-generation
2026-09-23T08:49:48.4121430Z configfile: pytest.ini
2026-09-23T08:49:48.4192525Z collecting ... collected 6 items
2026-09-23T08:49:48.4193149Z 
2026-09-23T08:49:48.4200206Z tests/test_app.py::test_calculate_division PASSED                        [ 16%]
2026-09-23T08:49:48.4206726Z tests/test_app.py::test_convert_to_int PASSED                            [ 33%]
2026-09-23T08:49:48.4212669Z tests/test_app.py::test_get_list_item PASSED                             [ 50%]
2026-09-23T08:49:48.4218805Z tests/test_app.py::test_get_dict_value PASSED                            [ 66%]
2026-09-23T08:49:48.4223810Z tests/test_app.py::test_assert_positive PASSED                           [ 83%]
2026-09-23T08:49:48.4564484Z tests/test_app.py::test_zero_division_error FAILED                       [100%]
2026-09-23T08:49:48.4564916Z 
2026-09-23T08:49:48.4565124Z =================================== FAILURES ===================================
2026-09-23T08:49:48.4565634Z ___________________________ test_zero_division_error ___________________________
2026-09-23T08:49:48.4565953Z 
2026-09-23T08:49:48.4566089Z     def test_zero_division_error():
2026-09-23T08:49:48.4566430Z         """Injected synthetic ZeroDivisionError."""
2026-09-23T08:49:48.4566830Z         from src.app import calculate_division
2026-09-23T08:49:48.4567153Z >       calculate_division(42, 0)
2026-09-23T08:49:48.4567345Z 
2026-09-23T08:49:48.4567444Z tests/test_app.py:139: 
2026-09-23T08:49:48.4567805Z _ _ _ _ _ _ _ _ _ _ _ _ _ _ _ _ _ _ _ _ _ _ _ _ _ _ _ _ _ _ _ _ _ _ _ _ _ _ _ _ 
2026-09-23T08:49:48.4568087Z 
2026-09-23T08:49:48.4568175Z a = 42, b = 0
2026-09-23T08:49:48.4568321Z 
2026-09-23T08:49:48.4568430Z     def calculate_division(a, b):
2026-09-23T08:49:48.4568720Z >       return a / b
2026-09-23T08:49:48.4568945Z                ^^^^^
2026-09-23T08:49:48.4569201Z E       ZeroDivisionError: division by zero
2026-09-23T08:49:48.4569404Z 
2026-09-23T08:49:48.4569528Z src/app.py:2: ZeroDivisionError
2026-09-23T08:49:48.4569860Z =========================== short test summary info ============================
2026-09-23T08:49:48.4570437Z FAILED tests/test_app.py::test_zero_division_error - ZeroDivisionError: division by zero
2026-09-23T08:49:48.4571301Z ========================= 1 failed, 5 passed in 0.03s ==========================
2026-09-23T08:49:48.4787602Z ##[error]Process completed with exit code 1.
2026-09-23T08:49:48.4901963Z Node 20 is being deprecated. This workflow is running with Node 24 by default. If you need to temporarily use Node 20, you can set the ACTIONS_ALLOW_USE_UNSECURE_NODE_VERSION=true environment variable. For more information see: https://github.blog/changelog/2025-09-19-deprecation-of-node-20-on-github-actions-runners/
2026-09-23T08:49:48.4902863Z Post job cleanup.
2026-09-23T08:49:48.5620286Z [command]/usr/bin/git version
2026-09-23T08:49:48.5656782Z git version 2.55.0
2026-09-23T08:49:48.5689779Z Temporarily overriding HOME='/home/runner/work/_temp/dc67fc3d-ae73-4739-91fc-5ca3c866ceee' before making global git config changes
2026-09-23T08:49:48.5690737Z Adding repository directory to the temporary git global config as a safe directory
2026-09-23T08:49:48.5695113Z [command]/usr/bin/git config --global --add safe.directory /home/runner/work/log-generation/log-generation
2026-09-23T08:49:48.5727811Z [command]/usr/bin/git config --local --name-only --get-regexp core\.sshCommand
2026-09-23T08:49:48.5756603Z [command]/usr/bin/git submodule foreach --recursive sh -c "git config --local --name-only --get-regexp 'core\.sshCommand' && git config --local --unset-all 'core.sshCommand' || :"
2026-09-23T08:49:48.5972940Z [command]/usr/bin/git config --local --name-only --get-regexp http\.https\:\/\/github\.com\/\.extraheader
2026-09-23T08:49:48.5995798Z http.https://github.com/.extraheader
2026-09-23T08:49:48.6004861Z [command]/usr/bin/git config --local --unset-all http.https://github.com/.extraheader
2026-09-23T08:49:48.6033144Z [command]/usr/bin/git submodule foreach --recursive sh -c "git config --local --name-only --get-regexp 'http\.https\:\/\/github\.com\/\.extraheader' && git config --local --unset-all 'http.https://github.com/.extraheader' || :"
2026-09-23T08:49:48.6247972Z [command]/usr/bin/git config --local --name-only --get-regexp ^includeIf\.gitdir:
2026-09-23T08:49:48.6283189Z [command]/usr/bin/git submodule foreach --recursive git config --local --show-origin --name-only --get-regexp remote.origin.url
2026-09-23T08:49:48.6617354Z Cleaning up orphan processes
2026-09-23T08:49:48.6850031Z ##[warning]Node.js 20 is deprecated. The following actions target Node.js 20 but are being forced to run on Node.js 24: actions/checkout@v4, actions/setup-python@v5. For more information see: https://github.blog/changelog/2025-09-19-deprecation-of-node-20-on-github-actions-runners/
