ï»¿2026-09-23T08:49:20.5647151Z Current runner version: '2.337.0'
2026-09-23T08:49:20.5671859Z ##[group]Runner Image Provisioner
2026-09-23T08:49:20.5672677Z Hosted Compute Agent
2026-09-23T08:49:20.5673199Z Version: 20260828.587
2026-09-23T08:49:20.5673794Z Commit: abac92662cab4cc7352de4f9f9d2e2419aad9c29
2026-09-23T08:49:20.5674503Z Build Date: 2026-08-28T16:44:25Z
2026-09-23T08:49:20.5675099Z Worker ID: {e9d0b0a4-7361-4641-b069-10bb75de6cba}
2026-09-23T08:49:20.5675797Z Azure Region: westus3
2026-09-23T08:49:20.5676313Z ##[endgroup]
2026-09-23T08:49:20.5677960Z ##[group]Operating System
2026-09-23T08:49:20.5678520Z Ubuntu
2026-09-23T08:49:20.5678975Z 24.04.5
2026-09-23T08:49:20.5679724Z LTS
2026-09-23T08:49:20.5680180Z ##[endgroup]
2026-09-23T08:49:20.5680977Z ##[group]Runner Image
2026-09-23T08:49:20.5681545Z Image: ubuntu-24.04
2026-09-23T08:49:20.5682049Z Version: 20260907.300.1
2026-09-23T08:49:20.5683215Z Included Software: https://github.com/actions/runner-images/blob/ubuntu24/20260907.300/images/ubuntu/Ubuntu2404-Readme.md
2026-09-23T08:49:20.5684613Z Image Release: https://github.com/actions/runner-images/releases/tag/ubuntu24%2F20260907.300
2026-09-23T08:49:20.5685470Z ##[endgroup]
2026-09-23T08:49:20.5686581Z ##[group]GITHUB_TOKEN Permissions
2026-09-23T08:49:20.5688708Z Contents: read
2026-09-23T08:49:20.5689362Z Metadata: read
2026-09-23T08:49:20.5689950Z Packages: read
2026-09-23T08:49:20.5690459Z ##[endgroup]
2026-09-23T08:49:20.5692584Z Secret source: Actions
2026-09-23T08:49:20.5693420Z Cache mode: write
2026-09-23T08:49:20.5694306Z Prepare workflow directory
2026-09-23T08:49:20.6015673Z Prepare all required actions
2026-09-23T08:49:20.6063621Z Getting action download info
2026-09-23T08:49:20.9539965Z Download action repository 'actions/checkout@v4' (SHA:11d5960a326750d5838078e36cf38b85af677262)
2026-09-23T08:49:21.0569409Z Download action repository 'actions/setup-python@v5' (SHA:a26af69be951a213d495a4c3e4e4022e16d87065)
2026-09-23T08:49:21.2029057Z Complete job name: test-f3 (IndexError #163)
2026-09-23T08:49:21.2681798Z Node 20 is being deprecated. This workflow is running with Node 24 by default. If you need to temporarily use Node 20, you can set the ACTIONS_ALLOW_USE_UNSECURE_NODE_VERSION=true environment variable. For more information see: https://github.blog/changelog/2025-09-19-deprecation-of-node-20-on-github-actions-runners/
2026-09-23T08:49:21.2690283Z ##[group]Run actions/checkout@v4
2026-09-23T08:49:21.2691110Z with:
2026-09-23T08:49:21.2691634Z   fetch-depth: 1
2026-09-23T08:49:21.2692170Z   repository: DhruvHegde/log-generation
2026-09-23T08:49:21.2695605Z   token: ***
2026-09-23T08:49:21.2696044Z   ssh-strict: true
2026-09-23T08:49:21.2696545Z   ssh-user: git
2026-09-23T08:49:21.2697037Z   persist-credentials: true
2026-09-23T08:49:21.2697586Z   clean: true
2026-09-23T08:49:21.2698260Z   sparse-checkout-cone-mode: true
2026-09-23T08:49:21.2698780Z   fetch-tags: false
2026-09-23T08:49:21.2699408Z   show-progress: true
2026-09-23T08:49:21.2699909Z   lfs: false
2026-09-23T08:49:21.2700470Z   submodules: false
2026-09-23T08:49:21.2700957Z   set-safe-directory: true
2026-09-23T08:49:21.2701499Z   allow-unsafe-pr-checkout: false
2026-09-23T08:49:21.2702339Z ##[endgroup]
2026-09-23T08:49:21.3729571Z Syncing repository: DhruvHegde/log-generation
2026-09-23T08:49:21.3731888Z ##[group]Getting Git version info
2026-09-23T08:49:21.3732619Z Working directory is '/home/runner/work/log-generation/log-generation'
2026-09-23T08:49:21.3733823Z [command]/usr/bin/git version
2026-09-23T08:49:21.3777733Z git version 2.55.0
2026-09-23T08:49:21.3801193Z ##[endgroup]
2026-09-23T08:49:21.3816418Z Temporarily overriding HOME='/home/runner/work/_temp/8c1e4ff9-60bc-40f9-a8db-583371f7eed6' before making global git config changes
2026-09-23T08:49:21.3818453Z Adding repository directory to the temporary git global config as a safe directory
2026-09-23T08:49:21.3822576Z [command]/usr/bin/git config --global --add safe.directory /home/runner/work/log-generation/log-generation
2026-09-23T08:49:21.3874663Z Deleting the contents of '/home/runner/work/log-generation/log-generation'
2026-09-23T08:49:21.3878709Z ##[group]Initializing the repository
2026-09-23T08:49:21.3884087Z [command]/usr/bin/git init /home/runner/work/log-generation/log-generation
2026-09-23T08:49:21.3976680Z hint: Using 'master' as the name for the initial branch. This default branch name
2026-09-23T08:49:21.3977762Z hint: will change to "main" in Git 3.0. To configure the initial branch name
2026-09-23T08:49:21.3978627Z hint: to use in all of your new repositories, which will suppress this warning,
2026-09-23T08:49:21.3979448Z hint: call:
2026-09-23T08:49:21.3979826Z hint:
2026-09-23T08:49:21.3980303Z hint: 	git config --global init.defaultBranch <name>
2026-09-23T08:49:21.3981078Z hint:
2026-09-23T08:49:21.3982094Z hint: Names commonly chosen instead of 'master' are 'main', 'trunk' and
2026-09-23T08:49:21.3983614Z hint: 'development'. The just-created branch can be renamed via this command:
2026-09-23T08:49:21.3984894Z hint:
2026-09-23T08:49:21.3985632Z hint: 	git branch -m <name>
2026-09-23T08:49:21.3986405Z hint:
2026-09-23T08:49:21.3987365Z hint: Disable this message with "git config set advice.defaultBranchName false"
2026-09-23T08:49:21.3989154Z Initialized empty Git repository in /home/runner/work/log-generation/log-generation/.git/
2026-09-23T08:49:21.4001804Z [command]/usr/bin/git remote add origin https://github.com/DhruvHegde/log-generation
2026-09-23T08:49:21.4039890Z ##[endgroup]
2026-09-23T08:49:21.4041170Z ##[group]Disabling automatic garbage collection
2026-09-23T08:49:21.4044858Z [command]/usr/bin/git config --local gc.auto 0
2026-09-23T08:49:21.4070158Z ##[endgroup]
2026-09-23T08:49:21.4071349Z ##[group]Setting up auth
2026-09-23T08:49:21.4076993Z [command]/usr/bin/git config --local --name-only --get-regexp core\.sshCommand
2026-09-23T08:49:21.4104458Z [command]/usr/bin/git submodule foreach --recursive sh -c "git config --local --name-only --get-regexp 'core\.sshCommand' && git config --local --unset-all 'core.sshCommand' || :"
2026-09-23T08:49:21.4416142Z [command]/usr/bin/git config --local --name-only --get-regexp http\.https\:\/\/github\.com\/\.extraheader
2026-09-23T08:49:21.4448738Z [command]/usr/bin/git submodule foreach --recursive sh -c "git config --local --name-only --get-regexp 'http\.https\:\/\/github\.com\/\.extraheader' && git config --local --unset-all 'http.https://github.com/.extraheader' || :"
2026-09-23T08:49:21.4639372Z [command]/usr/bin/git config --local --name-only --get-regexp ^includeIf\.gitdir:
2026-09-23T08:49:21.4667847Z [command]/usr/bin/git submodule foreach --recursive git config --local --show-origin --name-only --get-regexp remote.origin.url
2026-09-23T08:49:21.4840448Z [command]/usr/bin/git config --local http.https://github.com/.extraheader AUTHORIZATION: basic ***
2026-09-23T08:49:21.4870386Z ##[endgroup]
2026-09-23T08:49:21.4871838Z ##[group]Fetching the repository
2026-09-23T08:49:21.4881122Z [command]/usr/bin/git -c protocol.version=2 fetch --no-tags --prune --no-recurse-submodules --depth=1 origin +43f20917de93b9aad51cf79a69ad5239c5632917:refs/remotes/origin/feature/f3-test-failures
2026-09-23T08:49:22.3132393Z From https://github.com/DhruvHegde/log-generation
2026-09-23T08:49:22.3134689Z  * [new ref]         43f20917de93b9aad51cf79a69ad5239c5632917 -> origin/feature/f3-test-failures
2026-09-23T08:49:22.3139501Z ##[endgroup]
2026-09-23T08:49:22.3141257Z ##[group]Determining the checkout info
2026-09-23T08:49:22.3143252Z ##[endgroup]
2026-09-23T08:49:22.3148664Z [command]/usr/bin/git sparse-checkout disable
2026-09-23T08:49:22.3187938Z [command]/usr/bin/git config --local --unset-all extensions.worktreeConfig
2026-09-23T08:49:22.3212596Z ##[group]Checking out the ref
2026-09-23T08:49:22.3215684Z [command]/usr/bin/git checkout --progress --force -B feature/f3-test-failures refs/remotes/origin/feature/f3-test-failures
2026-09-23T08:49:22.3496569Z Switched to a new branch 'feature/f3-test-failures'
2026-09-23T08:49:22.3500402Z branch 'feature/f3-test-failures' set up to track 'origin/feature/f3-test-failures'.
2026-09-23T08:49:22.3505972Z ##[endgroup]
2026-09-23T08:49:22.3536211Z [command]/usr/bin/git log -1 --format=%H
2026-09-23T08:49:22.3555005Z 43f20917de93b9aad51cf79a69ad5239c5632917
2026-09-23T08:49:22.3886353Z Node 20 is being deprecated. This workflow is running with Node 24 by default. If you need to temporarily use Node 20, you can set the ACTIONS_ALLOW_USE_UNSECURE_NODE_VERSION=true environment variable. For more information see: https://github.blog/changelog/2025-09-19-deprecation-of-node-20-on-github-actions-runners/
2026-09-23T08:49:22.3891783Z ##[group]Run actions/setup-python@v5
2026-09-23T08:49:22.3892927Z with:
2026-09-23T08:49:22.3893803Z   python-version: 3.11
2026-09-23T08:49:22.3894799Z   check-latest: false
2026-09-23T08:49:22.3903685Z   token: ***
2026-09-23T08:49:22.3904628Z   update-environment: true
2026-09-23T08:49:22.3905720Z   allow-prereleases: false
2026-09-23T08:49:22.3906759Z   freethreaded: false
2026-09-23T08:49:22.3907711Z ##[endgroup]
2026-09-23T08:49:22.5191490Z ##[group]Installed versions
2026-09-23T08:49:22.5285627Z (node:2174) [DEP0040] DeprecationWarning: The `punycode` module is deprecated. Please use a userland alternative instead.
2026-09-23T08:49:22.5288092Z (Use `node --trace-deprecation ...` to show where the warning was created)
2026-09-23T08:49:22.5290416Z Successfully set up CPython (3.11.16)
2026-09-23T08:49:22.5293074Z ##[endgroup]
2026-09-23T08:49:22.5464513Z ##[group]Run pip install --no-cache-dir pytest
2026-09-23T08:49:22.5465652Z [36;1mpip install --no-cache-dir pytest[0m
2026-09-23T08:49:22.5506672Z shell: /usr/bin/bash -e {0}
2026-09-23T08:49:22.5507510Z env:
2026-09-23T08:49:22.5508405Z   pythonLocation: /opt/hostedtoolcache/Python/3.11.16/x64
2026-09-23T08:49:22.5509706Z   PKG_CONFIG_PATH: /opt/hostedtoolcache/Python/3.11.16/x64/lib/pkgconfig
2026-09-23T08:49:22.5510771Z   Python_ROOT_DIR: /opt/hostedtoolcache/Python/3.11.16/x64
2026-09-23T08:49:22.5511757Z   Python2_ROOT_DIR: /opt/hostedtoolcache/Python/3.11.16/x64
2026-09-23T08:49:22.5512760Z   Python3_ROOT_DIR: /opt/hostedtoolcache/Python/3.11.16/x64
2026-09-23T08:49:22.5513763Z   LD_LIBRARY_PATH: /opt/hostedtoolcache/Python/3.11.16/x64/lib
2026-09-23T08:49:22.5514646Z ##[endgroup]
2026-09-23T08:49:24.9243329Z Collecting pytest
2026-09-23T08:49:24.9977758Z   Downloading pytest-9.1.1-py3-none-any.whl.metadata (7.6 kB)
2026-09-23T08:49:25.0129853Z Collecting iniconfig>=1.0.1 (from pytest)
2026-09-23T08:49:25.0236475Z   Downloading iniconfig-2.3.0-py3-none-any.whl.metadata (2.5 kB)
2026-09-23T08:49:25.0410194Z Collecting packaging>=22 (from pytest)
2026-09-23T08:49:25.0513541Z   Downloading packaging-26.3-py3-none-any.whl.metadata (3.5 kB)
2026-09-23T08:49:25.0659575Z Collecting pluggy<2,>=1.5 (from pytest)
2026-09-23T08:49:25.0760364Z   Downloading pluggy-1.6.0-py3-none-any.whl.metadata (4.8 kB)
2026-09-23T08:49:25.0958103Z Collecting pygments>=2.7.2 (from pytest)
2026-09-23T08:49:25.1056822Z   Downloading pygments-2.21.0-py3-none-any.whl.metadata (2.5 kB)
2026-09-23T08:49:25.1180069Z Downloading pytest-9.1.1-py3-none-any.whl (386 kB)
2026-09-23T08:49:25.1620761Z Downloading pluggy-1.6.0-py3-none-any.whl (20 kB)
2026-09-23T08:49:25.1725796Z Downloading iniconfig-2.3.0-py3-none-any.whl (7.5 kB)
2026-09-23T08:49:25.1829337Z Downloading packaging-26.3-py3-none-any.whl (129 kB)
2026-09-23T08:49:25.1935024Z Downloading pygments-2.21.0-py3-none-any.whl (1.3 MB)
2026-09-23T08:49:25.2231370Z    ââââââââââââââââââââââââââââââââââââââââ 1.3/1.3 MB 53.7 MB/s  0:00:00
2026-09-23T08:49:25.3894939Z Installing collected packages: pygments, pluggy, packaging, iniconfig, pytest
2026-09-23T08:49:26.1939836Z 
2026-09-23T08:49:26.1949413Z Successfully installed iniconfig-2.3.0 packaging-26.3 pluggy-1.6.0 pygments-2.21.0 pytest-9.1.1
2026-09-23T08:49:26.2461984Z ##[group]Run python automation/inject_mutation.py --error-type "IndexError"
2026-09-23T08:49:26.2462546Z [36;1mpython automation/inject_mutation.py --error-type "IndexError"[0m
2026-09-23T08:49:26.2486540Z shell: /usr/bin/bash -e {0}
2026-09-23T08:49:26.2486811Z env:
2026-09-23T08:49:26.2487088Z   pythonLocation: /opt/hostedtoolcache/Python/3.11.16/x64
2026-09-23T08:49:26.2487686Z   PKG_CONFIG_PATH: /opt/hostedtoolcache/Python/3.11.16/x64/lib/pkgconfig
2026-09-23T08:49:26.2488093Z   Python_ROOT_DIR: /opt/hostedtoolcache/Python/3.11.16/x64
2026-09-23T08:49:26.2488461Z   Python2_ROOT_DIR: /opt/hostedtoolcache/Python/3.11.16/x64
2026-09-23T08:49:26.2488826Z   Python3_ROOT_DIR: /opt/hostedtoolcache/Python/3.11.16/x64
2026-09-23T08:49:26.2489388Z   LD_LIBRARY_PATH: /opt/hostedtoolcache/Python/3.11.16/x64/lib
2026-09-23T08:49:26.2489769Z ##[endgroup]
2026-09-23T08:49:26.2751145Z [Mutation Injected] Successfully injected IndexError into tests/test_app.py
2026-09-23T08:49:26.2814752Z ##[group]Run pytest tests/test_app.py -v
2026-09-23T08:49:26.2815091Z [36;1mpytest tests/test_app.py -v[0m
2026-09-23T08:49:26.2838228Z shell: /usr/bin/bash -e {0}
2026-09-23T08:49:26.2838493Z env:
2026-09-23T08:49:26.2838771Z   pythonLocation: /opt/hostedtoolcache/Python/3.11.16/x64
2026-09-23T08:49:26.2839318Z   PKG_CONFIG_PATH: /opt/hostedtoolcache/Python/3.11.16/x64/lib/pkgconfig
2026-09-23T08:49:26.2839751Z   Python_ROOT_DIR: /opt/hostedtoolcache/Python/3.11.16/x64
2026-09-23T08:49:26.2840118Z   Python2_ROOT_DIR: /opt/hostedtoolcache/Python/3.11.16/x64
2026-09-23T08:49:26.2840480Z   Python3_ROOT_DIR: /opt/hostedtoolcache/Python/3.11.16/x64
2026-09-23T08:49:26.2840846Z   LD_LIBRARY_PATH: /opt/hostedtoolcache/Python/3.11.16/x64/lib
2026-09-23T08:49:26.2841154Z ##[endgroup]
2026-09-23T08:49:26.6478453Z ============================= test session starts ==============================
2026-09-23T08:49:26.6480286Z platform linux -- Python 3.11.16, pytest-9.1.1, pluggy-1.6.0 -- /opt/hostedtoolcache/Python/3.11.16/x64/bin/python
2026-09-23T08:49:26.6481436Z cachedir: .pytest_cache
2026-09-23T08:49:26.6482578Z rootdir: /home/runner/work/log-generation/log-generation
2026-09-23T08:49:26.6483189Z configfile: pytest.ini
2026-09-23T08:49:26.6556532Z collecting ... collected 6 items
2026-09-23T08:49:26.6557079Z 
2026-09-23T08:49:26.6564514Z tests/test_app.py::test_calculate_division PASSED                        [ 16%]
2026-09-23T08:49:26.6571076Z tests/test_app.py::test_convert_to_int PASSED                            [ 33%]
2026-09-23T08:49:26.6577481Z tests/test_app.py::test_get_list_item PASSED                             [ 50%]
2026-09-23T08:49:26.6583623Z tests/test_app.py::test_get_dict_value PASSED                            [ 66%]
2026-09-23T08:49:26.6589585Z tests/test_app.py::test_assert_positive PASSED                           [ 83%]
2026-09-23T08:49:26.6820271Z tests/test_app.py::test_index_error FAILED                               [100%]
2026-09-23T08:49:26.6822238Z 
2026-09-23T08:49:26.6822628Z =================================== FAILURES ===================================
2026-09-23T08:49:26.6823518Z _______________________________ test_index_error _______________________________
2026-09-23T08:49:26.6824055Z 
2026-09-23T08:49:26.6824224Z     def test_index_error():
2026-09-23T08:49:26.6824685Z         """Injected synthetic IndexError."""
2026-09-23T08:49:26.6825330Z         from src.app import get_list_item
2026-09-23T08:49:26.6825822Z         dataset = [10, 20, 30]
2026-09-23T08:49:26.6826255Z >       get_list_item(dataset, 999)
2026-09-23T08:49:26.6826552Z 
2026-09-23T08:49:26.6826723Z tests/test_app.py:140: 
2026-09-23T08:49:26.6827203Z _ _ _ _ _ _ _ _ _ _ _ _ _ _ _ _ _ _ _ _ _ _ _ _ _ _ _ _ _ _ _ _ _ _ _ _ _ _ _ _ 
2026-09-23T08:49:26.6827630Z 
2026-09-23T08:49:26.6827804Z lst = [10, 20, 30], index = 999
2026-09-23T08:49:26.6828087Z 
2026-09-23T08:49:26.6828252Z     def get_list_item(lst, index):
2026-09-23T08:49:26.6828683Z >       return lst[index]
2026-09-23T08:49:26.6829069Z                ^^^^^^^^^^
2026-09-23T08:49:26.6829690Z E       IndexError: list index out of range
2026-09-23T08:49:26.6830028Z 
2026-09-23T08:49:26.6830194Z src/app.py:8: IndexError
2026-09-23T08:49:26.6830688Z =========================== short test summary info ============================
2026-09-23T08:49:26.6831521Z FAILED tests/test_app.py::test_index_error - IndexError: list index out of range
2026-09-23T08:49:26.6832551Z ========================= 1 failed, 5 passed in 0.03s ==========================
2026-09-23T08:49:26.7023183Z ##[error]Process completed with exit code 1.
2026-09-23T08:49:26.7153229Z Node 20 is being deprecated. This workflow is running with Node 24 by default. If you need to temporarily use Node 20, you can set the ACTIONS_ALLOW_USE_UNSECURE_NODE_VERSION=true environment variable. For more information see: https://github.blog/changelog/2025-09-19-deprecation-of-node-20-on-github-actions-runners/
2026-09-23T08:49:26.7154370Z Post job cleanup.
2026-09-23T08:49:26.7961572Z [command]/usr/bin/git version
2026-09-23T08:49:26.7999610Z git version 2.55.0
2026-09-23T08:49:26.8039176Z Temporarily overriding HOME='/home/runner/work/_temp/f19e6807-980e-4ae5-ab45-c72ab7cba5e2' before making global git config changes
2026-09-23T08:49:26.8041129Z Adding repository directory to the temporary git global config as a safe directory
2026-09-23T08:49:26.8045569Z [command]/usr/bin/git config --global --add safe.directory /home/runner/work/log-generation/log-generation
2026-09-23T08:49:26.8081449Z [command]/usr/bin/git config --local --name-only --get-regexp core\.sshCommand
2026-09-23T08:49:26.8112876Z [command]/usr/bin/git submodule foreach --recursive sh -c "git config --local --name-only --get-regexp 'core\.sshCommand' && git config --local --unset-all 'core.sshCommand' || :"
2026-09-23T08:49:26.8311275Z [command]/usr/bin/git config --local --name-only --get-regexp http\.https\:\/\/github\.com\/\.extraheader
2026-09-23T08:49:26.8330398Z http.https://github.com/.extraheader
2026-09-23T08:49:26.8343935Z [command]/usr/bin/git config --local --unset-all http.https://github.com/.extraheader
2026-09-23T08:49:26.8368674Z [command]/usr/bin/git submodule foreach --recursive sh -c "git config --local --name-only --get-regexp 'http\.https\:\/\/github\.com\/\.extraheader' && git config --local --unset-all 'http.https://github.com/.extraheader' || :"
2026-09-23T08:49:26.8580352Z [command]/usr/bin/git config --local --name-only --get-regexp ^includeIf\.gitdir:
2026-09-23T08:49:26.8610600Z [command]/usr/bin/git submodule foreach --recursive git config --local --show-origin --name-only --get-regexp remote.origin.url
2026-09-23T08:49:26.8961170Z Cleaning up orphan processes
2026-09-23T08:49:26.9176504Z ##[warning]Node.js 20 is deprecated. The following actions target Node.js 20 but are being forced to run on Node.js 24: actions/checkout@v4, actions/setup-python@v5. For more information see: https://github.blog/changelog/2025-09-19-deprecation-of-node-20-on-github-actions-runners/
