ï»¿2026-09-23T08:45:29.4635066Z Current runner version: '2.337.0'
2026-09-23T08:45:29.4669353Z ##[group]Runner Image Provisioner
2026-09-23T08:45:29.4671121Z Hosted Compute Agent
2026-09-23T08:45:29.4672101Z Version: 20260828.587
2026-09-23T08:45:29.4673084Z Commit: abac92662cab4cc7352de4f9f9d2e2419aad9c29
2026-09-23T08:45:29.4674487Z Build Date: 2026-08-28T16:44:25Z
2026-09-23T08:45:29.4675634Z Worker ID: {0c0c4a7d-ef60-4719-8034-540da4eb28e4}
2026-09-23T08:45:29.4677451Z Azure Region: eastus
2026-09-23T08:45:29.4678780Z ##[endgroup]
2026-09-23T08:45:29.4681060Z ##[group]Operating System
2026-09-23T08:45:29.4682183Z Ubuntu
2026-09-23T08:45:29.4683083Z 24.04.5
2026-09-23T08:45:29.4684110Z LTS
2026-09-23T08:45:29.4684933Z ##[endgroup]
2026-09-23T08:45:29.4685868Z ##[group]Runner Image
2026-09-23T08:45:29.4686924Z Image: ubuntu-24.04
2026-09-23T08:45:29.4687884Z Version: 20260907.300.1
2026-09-23T08:45:29.4690334Z Included Software: https://github.com/actions/runner-images/blob/ubuntu24/20260907.300/images/ubuntu/Ubuntu2404-Readme.md
2026-09-23T08:45:29.4693129Z Image Release: https://github.com/actions/runner-images/releases/tag/ubuntu24%2F20260907.300
2026-09-23T08:45:29.4694794Z ##[endgroup]
2026-09-23T08:45:29.4696883Z ##[group]GITHUB_TOKEN Permissions
2026-09-23T08:45:29.4700171Z Contents: read
2026-09-23T08:45:29.4701229Z Metadata: read
2026-09-23T08:45:29.4702113Z Packages: read
2026-09-23T08:45:29.4703033Z ##[endgroup]
2026-09-23T08:45:29.4706065Z Secret source: Actions
2026-09-23T08:45:29.4707596Z Cache mode: write
2026-09-23T08:45:29.4709366Z Prepare workflow directory
2026-09-23T08:45:29.5174672Z Prepare all required actions
2026-09-23T08:45:29.5244764Z Getting action download info
2026-09-23T08:45:29.7290152Z Download action repository 'actions/checkout@v4' (SHA:11d5960a326750d5838078e36cf38b85af677262)
2026-09-23T08:45:30.1646189Z Download action repository 'actions/setup-python@v5' (SHA:a26af69be951a213d495a4c3e4e4022e16d87065)
2026-09-23T08:45:30.3934327Z Complete job name: test-f3 (AssertionError #197)
2026-09-23T08:45:30.4739042Z Node 20 is being deprecated. This workflow is running with Node 24 by default. If you need to temporarily use Node 20, you can set the ACTIONS_ALLOW_USE_UNSECURE_NODE_VERSION=true environment variable. For more information see: https://github.blog/changelog/2025-09-19-deprecation-of-node-20-on-github-actions-runners/
2026-09-23T08:45:30.4748394Z ##[group]Run actions/checkout@v4
2026-09-23T08:45:30.4749276Z with:
2026-09-23T08:45:30.4749755Z   fetch-depth: 1
2026-09-23T08:45:30.4750312Z   repository: DhruvHegde/log-generation
2026-09-23T08:45:30.4754479Z   token: ***
2026-09-23T08:45:30.4754955Z   ssh-strict: true
2026-09-23T08:45:30.4755432Z   ssh-user: git
2026-09-23T08:45:30.4755922Z   persist-credentials: true
2026-09-23T08:45:30.4756449Z   clean: true
2026-09-23T08:45:30.4756925Z   sparse-checkout-cone-mode: true
2026-09-23T08:45:30.4757486Z   fetch-tags: false
2026-09-23T08:45:30.4758151Z   show-progress: true
2026-09-23T08:45:30.4758663Z   lfs: false
2026-09-23T08:45:30.4759158Z   submodules: false
2026-09-23T08:45:30.4759675Z   set-safe-directory: true
2026-09-23T08:45:30.4760231Z   allow-unsafe-pr-checkout: false
2026-09-23T08:45:30.4761085Z ##[endgroup]
2026-09-23T08:45:30.5769538Z Syncing repository: DhruvHegde/log-generation
2026-09-23T08:45:30.5772454Z ##[group]Getting Git version info
2026-09-23T08:45:30.5773851Z Working directory is '/home/runner/work/log-generation/log-generation'
2026-09-23T08:45:30.5775887Z [command]/usr/bin/git version
2026-09-23T08:45:30.6963743Z git version 2.55.0
2026-09-23T08:45:30.6986951Z ##[endgroup]
2026-09-23T08:45:30.7002179Z Temporarily overriding HOME='/home/runner/work/_temp/003189d5-0608-4879-9c5c-90eb4898c6e4' before making global git config changes
2026-09-23T08:45:30.7003824Z Adding repository directory to the temporary git global config as a safe directory
2026-09-23T08:45:30.7008300Z [command]/usr/bin/git config --global --add safe.directory /home/runner/work/log-generation/log-generation
2026-09-23T08:45:30.7250196Z Deleting the contents of '/home/runner/work/log-generation/log-generation'
2026-09-23T08:45:30.7255007Z ##[group]Initializing the repository
2026-09-23T08:45:30.7259149Z [command]/usr/bin/git init /home/runner/work/log-generation/log-generation
2026-09-23T08:45:30.7848597Z hint: Using 'master' as the name for the initial branch. This default branch name
2026-09-23T08:45:30.7850340Z hint: will change to "main" in Git 3.0. To configure the initial branch name
2026-09-23T08:45:30.7851655Z hint: to use in all of your new repositories, which will suppress this warning,
2026-09-23T08:45:30.7852687Z hint: call:
2026-09-23T08:45:30.7853232Z hint:
2026-09-23T08:45:30.7853946Z hint: 	git config --global init.defaultBranch <name>
2026-09-23T08:45:30.7854793Z hint:
2026-09-23T08:45:30.7855581Z hint: Names commonly chosen instead of 'master' are 'main', 'trunk' and
2026-09-23T08:45:30.7856899Z hint: 'development'. The just-created branch can be renamed via this command:
2026-09-23T08:45:30.7858176Z hint:
2026-09-23T08:45:30.7858918Z hint: 	git branch -m <name>
2026-09-23T08:45:30.7859527Z hint:
2026-09-23T08:45:30.7860206Z hint: Disable this message with "git config set advice.defaultBranchName false"
2026-09-23T08:45:30.7866115Z Initialized empty Git repository in /home/runner/work/log-generation/log-generation/.git/
2026-09-23T08:45:30.7876580Z [command]/usr/bin/git remote add origin https://github.com/DhruvHegde/log-generation
2026-09-23T08:45:30.8148343Z ##[endgroup]
2026-09-23T08:45:30.8149378Z ##[group]Disabling automatic garbage collection
2026-09-23T08:45:30.8153297Z [command]/usr/bin/git config --local gc.auto 0
2026-09-23T08:45:30.8185443Z ##[endgroup]
2026-09-23T08:45:30.8186261Z ##[group]Setting up auth
2026-09-23T08:45:30.8192560Z [command]/usr/bin/git config --local --name-only --get-regexp core\.sshCommand
2026-09-23T08:45:30.8272249Z [command]/usr/bin/git submodule foreach --recursive sh -c "git config --local --name-only --get-regexp 'core\.sshCommand' && git config --local --unset-all 'core.sshCommand' || :"
2026-09-23T08:45:31.0221651Z [command]/usr/bin/git config --local --name-only --get-regexp http\.https\:\/\/github\.com\/\.extraheader
2026-09-23T08:45:31.0262354Z [command]/usr/bin/git submodule foreach --recursive sh -c "git config --local --name-only --get-regexp 'http\.https\:\/\/github\.com\/\.extraheader' && git config --local --unset-all 'http.https://github.com/.extraheader' || :"
2026-09-23T08:45:31.0482931Z [command]/usr/bin/git config --local --name-only --get-regexp ^includeIf\.gitdir:
2026-09-23T08:45:31.0518648Z [command]/usr/bin/git submodule foreach --recursive git config --local --show-origin --name-only --get-regexp remote.origin.url
2026-09-23T08:45:31.0742120Z [command]/usr/bin/git config --local http.https://github.com/.extraheader AUTHORIZATION: basic ***
2026-09-23T08:45:31.0781906Z ##[endgroup]
2026-09-23T08:45:31.0784407Z ##[group]Fetching the repository
2026-09-23T08:45:31.0795638Z [command]/usr/bin/git -c protocol.version=2 fetch --no-tags --prune --no-recurse-submodules --depth=1 origin +dfcb6f158e4bd8054252a4da5d0a9edc2ab15d57:refs/remotes/origin/feature/f3-test-failures
2026-09-23T08:45:31.4291634Z From https://github.com/DhruvHegde/log-generation
2026-09-23T08:45:31.4293942Z  * [new ref]         dfcb6f158e4bd8054252a4da5d0a9edc2ab15d57 -> origin/feature/f3-test-failures
2026-09-23T08:45:31.4299846Z ##[endgroup]
2026-09-23T08:45:31.4302685Z ##[group]Determining the checkout info
2026-09-23T08:45:31.4305379Z ##[endgroup]
2026-09-23T08:45:31.4306942Z [command]/usr/bin/git sparse-checkout disable
2026-09-23T08:45:31.4500208Z [command]/usr/bin/git config --local --unset-all extensions.worktreeConfig
2026-09-23T08:45:31.4537759Z ##[group]Checking out the ref
2026-09-23T08:45:31.4542304Z [command]/usr/bin/git checkout --progress --force -B feature/f3-test-failures refs/remotes/origin/feature/f3-test-failures
2026-09-23T08:45:31.4644384Z Switched to a new branch 'feature/f3-test-failures'
2026-09-23T08:45:31.4650711Z branch 'feature/f3-test-failures' set up to track 'origin/feature/f3-test-failures'.
2026-09-23T08:45:31.4658501Z ##[endgroup]
2026-09-23T08:45:31.4701916Z [command]/usr/bin/git log -1 --format=%H
2026-09-23T08:45:31.4729577Z dfcb6f158e4bd8054252a4da5d0a9edc2ab15d57
2026-09-23T08:45:31.5121158Z Node 20 is being deprecated. This workflow is running with Node 24 by default. If you need to temporarily use Node 20, you can set the ACTIONS_ALLOW_USE_UNSECURE_NODE_VERSION=true environment variable. For more information see: https://github.blog/changelog/2025-09-19-deprecation-of-node-20-on-github-actions-runners/
2026-09-23T08:45:31.5129464Z ##[group]Run actions/setup-python@v5
2026-09-23T08:45:31.5130675Z with:
2026-09-23T08:45:31.5131604Z   python-version: 3.11
2026-09-23T08:45:31.5132724Z   check-latest: false
2026-09-23T08:45:31.5143282Z   token: ***
2026-09-23T08:45:31.5144393Z   update-environment: true
2026-09-23T08:45:31.5145657Z   allow-prereleases: false
2026-09-23T08:45:31.5146855Z   freethreaded: false
2026-09-23T08:45:31.5148146Z ##[endgroup]
2026-09-23T08:45:31.6521265Z ##[group]Installed versions
2026-09-23T08:45:31.7034834Z (node:2252) [DEP0040] DeprecationWarning: The `punycode` module is deprecated. Please use a userland alternative instead.
2026-09-23T08:45:31.7039371Z (Use `node --trace-deprecation ...` to show where the warning was created)
2026-09-23T08:45:31.7042964Z Successfully set up CPython (3.11.16)
2026-09-23T08:45:31.7046604Z ##[endgroup]
2026-09-23T08:45:31.7255151Z ##[group]Run pip install --no-cache-dir pytest
2026-09-23T08:45:31.7335325Z [36;1mpip install --no-cache-dir pytest[0m
2026-09-23T08:45:31.7455249Z shell: /usr/bin/bash -e {0}
2026-09-23T08:45:31.7456344Z env:
2026-09-23T08:45:31.7457426Z   pythonLocation: /opt/hostedtoolcache/Python/3.11.16/x64
2026-09-23T08:45:31.7459563Z   PKG_CONFIG_PATH: /opt/hostedtoolcache/Python/3.11.16/x64/lib/pkgconfig
2026-09-23T08:45:31.7461381Z   Python_ROOT_DIR: /opt/hostedtoolcache/Python/3.11.16/x64
2026-09-23T08:45:31.7462987Z   Python2_ROOT_DIR: /opt/hostedtoolcache/Python/3.11.16/x64
2026-09-23T08:45:31.7464623Z   Python3_ROOT_DIR: /opt/hostedtoolcache/Python/3.11.16/x64
2026-09-23T08:45:31.7466296Z   LD_LIBRARY_PATH: /opt/hostedtoolcache/Python/3.11.16/x64/lib
2026-09-23T08:45:31.7467705Z ##[endgroup]
2026-09-23T08:45:34.6944011Z Collecting pytest
2026-09-23T08:45:34.7482014Z   Downloading pytest-9.1.1-py3-none-any.whl.metadata (7.6 kB)
2026-09-23T08:45:34.7568953Z Collecting iniconfig>=1.0.1 (from pytest)
2026-09-23T08:45:34.7605661Z   Downloading iniconfig-2.3.0-py3-none-any.whl.metadata (2.5 kB)
2026-09-23T08:45:34.7708521Z Collecting packaging>=22 (from pytest)
2026-09-23T08:45:34.7745557Z   Downloading packaging-26.3-py3-none-any.whl.metadata (3.5 kB)
2026-09-23T08:45:34.7823079Z Collecting pluggy<2,>=1.5 (from pytest)
2026-09-23T08:45:34.7858202Z   Downloading pluggy-1.6.0-py3-none-any.whl.metadata (4.8 kB)
2026-09-23T08:45:34.7989758Z Collecting pygments>=2.7.2 (from pytest)
2026-09-23T08:45:34.8026674Z   Downloading pygments-2.21.0-py3-none-any.whl.metadata (2.5 kB)
2026-09-23T08:45:34.8090423Z Downloading pytest-9.1.1-py3-none-any.whl (386 kB)
2026-09-23T08:45:34.8254700Z Downloading pluggy-1.6.0-py3-none-any.whl (20 kB)
2026-09-23T08:45:34.8290494Z Downloading iniconfig-2.3.0-py3-none-any.whl (7.5 kB)
2026-09-23T08:45:34.8325773Z Downloading packaging-26.3-py3-none-any.whl (129 kB)
2026-09-23T08:45:34.8378511Z Downloading pygments-2.21.0-py3-none-any.whl (1.3 MB)
2026-09-23T08:45:34.8540386Z    ââââââââââââââââââââââââââââââââââââââââ 1.3/1.3 MB 96.6 MB/s  0:00:00
2026-09-23T08:45:35.0184460Z Installing collected packages: pygments, pluggy, packaging, iniconfig, pytest
2026-09-23T08:45:35.9747758Z 
2026-09-23T08:45:35.9756987Z Successfully installed iniconfig-2.3.0 packaging-26.3 pluggy-1.6.0 pygments-2.21.0 pytest-9.1.1
2026-09-23T08:45:36.0291487Z ##[group]Run python automation/inject_mutation.py --error-type "AssertionError"
2026-09-23T08:45:36.0292121Z [36;1mpython automation/inject_mutation.py --error-type "AssertionError"[0m
2026-09-23T08:45:36.0328980Z shell: /usr/bin/bash -e {0}
2026-09-23T08:45:36.0329245Z env:
2026-09-23T08:45:36.0329699Z   pythonLocation: /opt/hostedtoolcache/Python/3.11.16/x64
2026-09-23T08:45:36.0330143Z   PKG_CONFIG_PATH: /opt/hostedtoolcache/Python/3.11.16/x64/lib/pkgconfig
2026-09-23T08:45:36.0330593Z   Python_ROOT_DIR: /opt/hostedtoolcache/Python/3.11.16/x64
2026-09-23T08:45:36.0330992Z   Python2_ROOT_DIR: /opt/hostedtoolcache/Python/3.11.16/x64
2026-09-23T08:45:36.0331390Z   Python3_ROOT_DIR: /opt/hostedtoolcache/Python/3.11.16/x64
2026-09-23T08:45:36.0331782Z   LD_LIBRARY_PATH: /opt/hostedtoolcache/Python/3.11.16/x64/lib
2026-09-23T08:45:36.0332130Z ##[endgroup]
2026-09-23T08:45:36.0628697Z [Mutation Injected] Successfully injected AssertionError into tests/test_app.py
2026-09-23T08:45:36.0700514Z ##[group]Run pytest tests/test_app.py -v
2026-09-23T08:45:36.0700896Z [36;1mpytest tests/test_app.py -v[0m
2026-09-23T08:45:36.0737079Z shell: /usr/bin/bash -e {0}
2026-09-23T08:45:36.0737335Z env:
2026-09-23T08:45:36.0737610Z   pythonLocation: /opt/hostedtoolcache/Python/3.11.16/x64
2026-09-23T08:45:36.0738275Z   PKG_CONFIG_PATH: /opt/hostedtoolcache/Python/3.11.16/x64/lib/pkgconfig
2026-09-23T08:45:36.0738741Z   Python_ROOT_DIR: /opt/hostedtoolcache/Python/3.11.16/x64
2026-09-23T08:45:36.0739134Z   Python2_ROOT_DIR: /opt/hostedtoolcache/Python/3.11.16/x64
2026-09-23T08:45:36.0739525Z   Python3_ROOT_DIR: /opt/hostedtoolcache/Python/3.11.16/x64
2026-09-23T08:45:36.0739927Z   LD_LIBRARY_PATH: /opt/hostedtoolcache/Python/3.11.16/x64/lib
2026-09-23T08:45:36.0740254Z ##[endgroup]
2026-09-23T08:45:36.4455266Z ============================= test session starts ==============================
2026-09-23T08:45:36.4456159Z platform linux -- Python 3.11.16, pytest-9.1.1, pluggy-1.6.0 -- /opt/hostedtoolcache/Python/3.11.16/x64/bin/python
2026-09-23T08:45:36.4456853Z cachedir: .pytest_cache
2026-09-23T08:45:36.4457237Z rootdir: /home/runner/work/log-generation/log-generation
2026-09-23T08:45:36.4457671Z configfile: pytest.ini
2026-09-23T08:45:36.4553463Z collecting ... collected 6 items
2026-09-23T08:45:36.4553919Z 
2026-09-23T08:45:36.4565287Z tests/test_app.py::test_calculate_division PASSED                        [ 16%]
2026-09-23T08:45:36.4575709Z tests/test_app.py::test_convert_to_int PASSED                            [ 33%]
2026-09-23T08:45:36.4586163Z tests/test_app.py::test_get_list_item PASSED                             [ 50%]
2026-09-23T08:45:36.4596049Z tests/test_app.py::test_get_dict_value PASSED                            [ 66%]
2026-09-23T08:45:36.4605714Z tests/test_app.py::test_assert_positive PASSED                           [ 83%]
2026-09-23T08:45:36.4893054Z tests/test_app.py::test_assertion_failure FAILED                         [100%]
2026-09-23T08:45:36.4893842Z 
2026-09-23T08:45:36.4894250Z =================================== FAILURES ===================================
2026-09-23T08:45:36.4895249Z ____________________________ test_assertion_failure ____________________________
2026-09-23T08:45:36.4895869Z 
2026-09-23T08:45:36.4896089Z     def test_assertion_failure():
2026-09-23T08:45:36.4896625Z         """Injected synthetic AssertionError."""
2026-09-23T08:45:36.4897222Z         expected_status = 200
2026-09-23T08:45:36.4897690Z         actual_status = 500
2026-09-23T08:45:36.4898815Z >       assert actual_status == expected_status, f"Expected {expected_status}, received {actual_status}"
2026-09-23T08:45:36.4899795Z E       AssertionError: Expected 200, received 500
2026-09-23T08:45:36.4900402Z E       assert 500 == 200
2026-09-23T08:45:36.4900681Z 
2026-09-23T08:45:36.4900889Z tests/test_app.py:138: AssertionError
2026-09-23T08:45:36.4901523Z =========================== short test summary info ============================
2026-09-23T08:45:36.4902576Z FAILED tests/test_app.py::test_assertion_failure - AssertionError: Expected 200, received 500
2026-09-23T08:45:36.4903452Z assert 500 == 200
2026-09-23T08:45:36.4903967Z ========================= 1 failed, 5 passed in 0.03s ==========================
2026-09-23T08:45:36.5090595Z ##[error]Process completed with exit code 1.
2026-09-23T08:45:36.5230567Z Node 20 is being deprecated. This workflow is running with Node 24 by default. If you need to temporarily use Node 20, you can set the ACTIONS_ALLOW_USE_UNSECURE_NODE_VERSION=true environment variable. For more information see: https://github.blog/changelog/2025-09-19-deprecation-of-node-20-on-github-actions-runners/
2026-09-23T08:45:36.5231997Z Post job cleanup.
2026-09-23T08:45:36.6070669Z [command]/usr/bin/git version
2026-09-23T08:45:36.6112212Z git version 2.55.0
2026-09-23T08:45:36.6150726Z Temporarily overriding HOME='/home/runner/work/_temp/a875d4cf-1320-4bc8-b9d8-d89d58bb4bea' before making global git config changes
2026-09-23T08:45:36.6152072Z Adding repository directory to the temporary git global config as a safe directory
2026-09-23T08:45:36.6155690Z [command]/usr/bin/git config --global --add safe.directory /home/runner/work/log-generation/log-generation
2026-09-23T08:45:36.6195046Z [command]/usr/bin/git config --local --name-only --get-regexp core\.sshCommand
2026-09-23T08:45:36.6229650Z [command]/usr/bin/git submodule foreach --recursive sh -c "git config --local --name-only --get-regexp 'core\.sshCommand' && git config --local --unset-all 'core.sshCommand' || :"
2026-09-23T08:45:36.6479481Z [command]/usr/bin/git config --local --name-only --get-regexp http\.https\:\/\/github\.com\/\.extraheader
2026-09-23T08:45:36.6510255Z http.https://github.com/.extraheader
2026-09-23T08:45:36.6522956Z [command]/usr/bin/git config --local --unset-all http.https://github.com/.extraheader
2026-09-23T08:45:36.6563348Z [command]/usr/bin/git submodule foreach --recursive sh -c "git config --local --name-only --get-regexp 'http\.https\:\/\/github\.com\/\.extraheader' && git config --local --unset-all 'http.https://github.com/.extraheader' || :"
2026-09-23T08:45:36.6853716Z [command]/usr/bin/git config --local --name-only --get-regexp ^includeIf\.gitdir:
2026-09-23T08:45:36.6895202Z [command]/usr/bin/git submodule foreach --recursive git config --local --show-origin --name-only --get-regexp remote.origin.url
2026-09-23T08:45:36.7285609Z Cleaning up orphan processes
2026-09-23T08:45:36.7565728Z ##[warning]Node.js 20 is deprecated. The following actions target Node.js 20 but are being forced to run on Node.js 24: actions/checkout@v4, actions/setup-python@v5. For more information see: https://github.blog/changelog/2025-09-19-deprecation-of-node-20-on-github-actions-runners/
