ï»¿2026-09-23T08:45:28.6716679Z Current runner version: '2.337.0'
2026-09-23T08:45:28.6734207Z ##[group]Runner Image Provisioner
2026-09-23T08:45:28.6734907Z Hosted Compute Agent
2026-09-23T08:45:28.6735321Z Version: 20260828.587
2026-09-23T08:45:28.6735765Z Commit: abac92662cab4cc7352de4f9f9d2e2419aad9c29
2026-09-23T08:45:28.6736284Z Build Date: 2026-08-28T16:44:25Z
2026-09-23T08:45:28.6736767Z Worker ID: {4b47435e-09e3-48a4-abbb-6c5b6afe4706}
2026-09-23T08:45:28.6737329Z Azure Region: centralus
2026-09-23T08:45:28.6737758Z ##[endgroup]
2026-09-23T08:45:28.6738940Z ##[group]Operating System
2026-09-23T08:45:28.6739377Z Ubuntu
2026-09-23T08:45:28.6739759Z 24.04.5
2026-09-23T08:45:28.6740138Z LTS
2026-09-23T08:45:28.6740491Z ##[endgroup]
2026-09-23T08:45:28.6741084Z ##[group]Runner Image
2026-09-23T08:45:28.6741839Z Image: ubuntu-24.04
2026-09-23T08:45:28.6742263Z Version: 20260907.300.1
2026-09-23T08:45:28.6743160Z Included Software: https://github.com/actions/runner-images/blob/ubuntu24/20260907.300/images/ubuntu/Ubuntu2404-Readme.md
2026-09-23T08:45:28.6744201Z Image Release: https://github.com/actions/runner-images/releases/tag/ubuntu24%2F20260907.300
2026-09-23T08:45:28.6744877Z ##[endgroup]
2026-09-23T08:45:28.6745726Z ##[group]GITHUB_TOKEN Permissions
2026-09-23T08:45:28.6747553Z Contents: read
2026-09-23T08:45:28.6747988Z Metadata: read
2026-09-23T08:45:28.6748395Z Packages: read
2026-09-23T08:45:28.6748799Z ##[endgroup]
2026-09-23T08:45:28.6750260Z Secret source: Actions
2026-09-23T08:45:28.6750901Z Cache mode: write
2026-09-23T08:45:28.6751904Z Prepare workflow directory
2026-09-23T08:45:28.6979405Z Prepare all required actions
2026-09-23T08:45:28.7016763Z Getting action download info
2026-09-23T08:45:28.9597462Z Download action repository 'actions/checkout@v4' (SHA:11d5960a326750d5838078e36cf38b85af677262)
2026-09-23T08:45:29.6928184Z Download action repository 'actions/setup-python@v5' (SHA:a26af69be951a213d495a4c3e4e4022e16d87065)
2026-09-23T08:45:29.9273543Z Complete job name: test-f3 (FileNotFoundError #200)
2026-09-23T08:45:29.9854287Z Node 20 is being deprecated. This workflow is running with Node 24 by default. If you need to temporarily use Node 20, you can set the ACTIONS_ALLOW_USE_UNSECURE_NODE_VERSION=true environment variable. For more information see: https://github.blog/changelog/2025-09-19-deprecation-of-node-20-on-github-actions-runners/
2026-09-23T08:45:29.9860623Z ##[group]Run actions/checkout@v4
2026-09-23T08:45:29.9861254Z with:
2026-09-23T08:45:29.9861859Z   fetch-depth: 1
2026-09-23T08:45:29.9862321Z   repository: DhruvHegde/log-generation
2026-09-23T08:45:29.9865331Z   token: ***
2026-09-23T08:45:29.9865715Z   ssh-strict: true
2026-09-23T08:45:29.9866117Z   ssh-user: git
2026-09-23T08:45:29.9866535Z   persist-credentials: true
2026-09-23T08:45:29.9866986Z   clean: true
2026-09-23T08:45:29.9867390Z   sparse-checkout-cone-mode: true
2026-09-23T08:45:29.9867849Z   fetch-tags: false
2026-09-23T08:45:29.9868271Z   show-progress: true
2026-09-23T08:45:29.9868669Z   lfs: false
2026-09-23T08:45:29.9869174Z   submodules: false
2026-09-23T08:45:29.9869594Z   set-safe-directory: true
2026-09-23T08:45:29.9870022Z   allow-unsafe-pr-checkout: false
2026-09-23T08:45:29.9870631Z ##[endgroup]
2026-09-23T08:45:30.0633308Z Syncing repository: DhruvHegde/log-generation
2026-09-23T08:45:30.0634777Z ##[group]Getting Git version info
2026-09-23T08:45:30.0635491Z Working directory is '/home/runner/work/log-generation/log-generation'
2026-09-23T08:45:30.0636381Z [command]/usr/bin/git version
2026-09-23T08:45:30.1042954Z git version 2.55.0
2026-09-23T08:45:30.1052064Z ##[endgroup]
2026-09-23T08:45:30.1063876Z Temporarily overriding HOME='/home/runner/work/_temp/9de9b665-9a49-449e-89ad-68f121449381' before making global git config changes
2026-09-23T08:45:30.1066036Z Adding repository directory to the temporary git global config as a safe directory
2026-09-23T08:45:30.1067639Z [command]/usr/bin/git config --global --add safe.directory /home/runner/work/log-generation/log-generation
2026-09-23T08:45:30.1106120Z Deleting the contents of '/home/runner/work/log-generation/log-generation'
2026-09-23T08:45:30.1108706Z ##[group]Initializing the repository
2026-09-23T08:45:30.1111147Z [command]/usr/bin/git init /home/runner/work/log-generation/log-generation
2026-09-23T08:45:30.2338254Z hint: Using 'master' as the name for the initial branch. This default branch name
2026-09-23T08:45:30.2339627Z hint: will change to "main" in Git 3.0. To configure the initial branch name
2026-09-23T08:45:30.2340437Z hint: to use in all of your new repositories, which will suppress this warning,
2026-09-23T08:45:30.2341188Z hint: call:
2026-09-23T08:45:30.2341893Z hint:
2026-09-23T08:45:30.2342537Z hint: 	git config --global init.defaultBranch <name>
2026-09-23T08:45:30.2343134Z hint:
2026-09-23T08:45:30.2343767Z hint: Names commonly chosen instead of 'master' are 'main', 'trunk' and
2026-09-23T08:45:30.2344643Z hint: 'development'. The just-created branch can be renamed via this command:
2026-09-23T08:45:30.2345274Z hint:
2026-09-23T08:45:30.2345695Z hint: 	git branch -m <name>
2026-09-23T08:45:30.2346221Z hint:
2026-09-23T08:45:30.2346855Z hint: Disable this message with "git config set advice.defaultBranchName false"
2026-09-23T08:45:30.2347875Z Initialized empty Git repository in /home/runner/work/log-generation/log-generation/.git/
2026-09-23T08:45:30.2349501Z [command]/usr/bin/git remote add origin https://github.com/DhruvHegde/log-generation
2026-09-23T08:45:30.2414861Z ##[endgroup]
2026-09-23T08:45:30.2415571Z ##[group]Disabling automatic garbage collection
2026-09-23T08:45:30.2417091Z [command]/usr/bin/git config --local gc.auto 0
2026-09-23T08:45:30.2437897Z ##[endgroup]
2026-09-23T08:45:30.2438608Z ##[group]Setting up auth
2026-09-23T08:45:30.2442849Z [command]/usr/bin/git config --local --name-only --get-regexp core\.sshCommand
2026-09-23T08:45:30.2464373Z [command]/usr/bin/git submodule foreach --recursive sh -c "git config --local --name-only --get-regexp 'core\.sshCommand' && git config --local --unset-all 'core.sshCommand' || :"
2026-09-23T08:45:30.2737457Z [command]/usr/bin/git config --local --name-only --get-regexp http\.https\:\/\/github\.com\/\.extraheader
2026-09-23T08:45:30.2760701Z [command]/usr/bin/git submodule foreach --recursive sh -c "git config --local --name-only --get-regexp 'http\.https\:\/\/github\.com\/\.extraheader' && git config --local --unset-all 'http.https://github.com/.extraheader' || :"
2026-09-23T08:45:30.2908212Z [command]/usr/bin/git config --local --name-only --get-regexp ^includeIf\.gitdir:
2026-09-23T08:45:30.2931674Z [command]/usr/bin/git submodule foreach --recursive git config --local --show-origin --name-only --get-regexp remote.origin.url
2026-09-23T08:45:30.3077342Z [command]/usr/bin/git config --local http.https://github.com/.extraheader AUTHORIZATION: basic ***
2026-09-23T08:45:30.3101777Z ##[endgroup]
2026-09-23T08:45:30.3109081Z ##[group]Fetching the repository
2026-09-23T08:45:30.3110797Z [command]/usr/bin/git -c protocol.version=2 fetch --no-tags --prune --no-recurse-submodules --depth=1 origin +dfcb6f158e4bd8054252a4da5d0a9edc2ab15d57:refs/remotes/origin/feature/f3-test-failures
2026-09-23T08:45:30.6374387Z From https://github.com/DhruvHegde/log-generation
2026-09-23T08:45:30.6376942Z  * [new ref]         dfcb6f158e4bd8054252a4da5d0a9edc2ab15d57 -> origin/feature/f3-test-failures
2026-09-23T08:45:30.6381625Z ##[endgroup]
2026-09-23T08:45:30.6383496Z ##[group]Determining the checkout info
2026-09-23T08:45:30.6385471Z ##[endgroup]
2026-09-23T08:45:30.6386756Z [command]/usr/bin/git sparse-checkout disable
2026-09-23T08:45:30.6428829Z [command]/usr/bin/git config --local --unset-all extensions.worktreeConfig
2026-09-23T08:45:30.6453505Z ##[group]Checking out the ref
2026-09-23T08:45:30.6457337Z [command]/usr/bin/git checkout --progress --force -B feature/f3-test-failures refs/remotes/origin/feature/f3-test-failures
2026-09-23T08:45:30.6792255Z Switched to a new branch 'feature/f3-test-failures'
2026-09-23T08:45:30.6796002Z branch 'feature/f3-test-failures' set up to track 'origin/feature/f3-test-failures'.
2026-09-23T08:45:30.6800047Z ##[endgroup]
2026-09-23T08:45:30.6829256Z [command]/usr/bin/git log -1 --format=%H
2026-09-23T08:45:30.6846539Z dfcb6f158e4bd8054252a4da5d0a9edc2ab15d57
2026-09-23T08:45:30.7232764Z Node 20 is being deprecated. This workflow is running with Node 24 by default. If you need to temporarily use Node 20, you can set the ACTIONS_ALLOW_USE_UNSECURE_NODE_VERSION=true environment variable. For more information see: https://github.blog/changelog/2025-09-19-deprecation-of-node-20-on-github-actions-runners/
2026-09-23T08:45:30.7237143Z ##[group]Run actions/setup-python@v5
2026-09-23T08:45:30.7238185Z with:
2026-09-23T08:45:30.7239043Z   python-version: 3.11
2026-09-23T08:45:30.7239933Z   check-latest: false
2026-09-23T08:45:30.7246652Z   token: ***
2026-09-23T08:45:30.7247690Z   update-environment: true
2026-09-23T08:45:30.7248623Z   allow-prereleases: false
2026-09-23T08:45:30.7249608Z   freethreaded: false
2026-09-23T08:45:30.7250452Z ##[endgroup]
2026-09-23T08:45:30.8343303Z ##[group]Installed versions
2026-09-23T08:45:30.8538141Z (node:2037) [DEP0040] DeprecationWarning: The `punycode` module is deprecated. Please use a userland alternative instead.
2026-09-23T08:45:30.8540722Z Successfully set up CPython (3.11.16)
2026-09-23T08:45:30.8543147Z ##[endgroup]
2026-09-23T08:45:30.8571352Z (Use `node --trace-deprecation ...` to show where the warning was created)
2026-09-23T08:45:30.8687799Z ##[group]Run pip install --no-cache-dir pytest
2026-09-23T08:45:30.8689800Z [36;1mpip install --no-cache-dir pytest[0m
2026-09-23T08:45:30.9099021Z shell: /usr/bin/bash -e {0}
2026-09-23T08:45:30.9100000Z env:
2026-09-23T08:45:30.9100915Z   pythonLocation: /opt/hostedtoolcache/Python/3.11.16/x64
2026-09-23T08:45:30.9102405Z   PKG_CONFIG_PATH: /opt/hostedtoolcache/Python/3.11.16/x64/lib/pkgconfig
2026-09-23T08:45:30.9103706Z   Python_ROOT_DIR: /opt/hostedtoolcache/Python/3.11.16/x64
2026-09-23T08:45:30.9104866Z   Python2_ROOT_DIR: /opt/hostedtoolcache/Python/3.11.16/x64
2026-09-23T08:45:30.9105993Z   Python3_ROOT_DIR: /opt/hostedtoolcache/Python/3.11.16/x64
2026-09-23T08:45:30.9107202Z   LD_LIBRARY_PATH: /opt/hostedtoolcache/Python/3.11.16/x64/lib
2026-09-23T08:45:30.9108256Z ##[endgroup]
2026-09-23T08:45:33.5431298Z Collecting pytest
2026-09-23T08:45:33.6237017Z   Downloading pytest-9.1.1-py3-none-any.whl.metadata (7.6 kB)
2026-09-23T08:45:33.6394134Z Collecting iniconfig>=1.0.1 (from pytest)
2026-09-23T08:45:33.6546465Z   Downloading iniconfig-2.3.0-py3-none-any.whl.metadata (2.5 kB)
2026-09-23T08:45:33.6716873Z Collecting packaging>=22 (from pytest)
2026-09-23T08:45:33.6867438Z   Downloading packaging-26.3-py3-none-any.whl.metadata (3.5 kB)
2026-09-23T08:45:33.7024958Z Collecting pluggy<2,>=1.5 (from pytest)
2026-09-23T08:45:33.7175450Z   Downloading pluggy-1.6.0-py3-none-any.whl.metadata (4.8 kB)
2026-09-23T08:45:33.7367034Z Collecting pygments>=2.7.2 (from pytest)
2026-09-23T08:45:33.7516737Z   Downloading pygments-2.21.0-py3-none-any.whl.metadata (2.5 kB)
2026-09-23T08:45:33.7684648Z Downloading pytest-9.1.1-py3-none-any.whl (386 kB)
2026-09-23T08:45:33.8401004Z Downloading pluggy-1.6.0-py3-none-any.whl (20 kB)
2026-09-23T08:45:33.8550984Z Downloading iniconfig-2.3.0-py3-none-any.whl (7.5 kB)
2026-09-23T08:45:33.8701956Z Downloading packaging-26.3-py3-none-any.whl (129 kB)
2026-09-23T08:45:33.8872105Z Downloading pygments-2.21.0-py3-none-any.whl (1.3 MB)
2026-09-23T08:45:33.9218023Z    ââââââââââââââââââââââââââââââââââââââââ 1.3/1.3 MB 34.6 MB/s  0:00:00
2026-09-23T08:45:34.0445670Z Installing collected packages: pygments, pluggy, packaging, iniconfig, pytest
2026-09-23T08:45:34.8144570Z 
2026-09-23T08:45:34.8151339Z Successfully installed iniconfig-2.3.0 packaging-26.3 pluggy-1.6.0 pygments-2.21.0 pytest-9.1.1
2026-09-23T08:45:34.8691855Z ##[group]Run python automation/inject_mutation.py --error-type "FileNotFoundError"
2026-09-23T08:45:34.8692417Z [36;1mpython automation/inject_mutation.py --error-type "FileNotFoundError"[0m
2026-09-23T08:45:34.8712862Z shell: /usr/bin/bash -e {0}
2026-09-23T08:45:34.8713129Z env:
2026-09-23T08:45:34.8713547Z   pythonLocation: /opt/hostedtoolcache/Python/3.11.16/x64
2026-09-23T08:45:34.8713989Z   PKG_CONFIG_PATH: /opt/hostedtoolcache/Python/3.11.16/x64/lib/pkgconfig
2026-09-23T08:45:34.8714352Z   Python_ROOT_DIR: /opt/hostedtoolcache/Python/3.11.16/x64
2026-09-23T08:45:34.8714720Z   Python2_ROOT_DIR: /opt/hostedtoolcache/Python/3.11.16/x64
2026-09-23T08:45:34.8715069Z   Python3_ROOT_DIR: /opt/hostedtoolcache/Python/3.11.16/x64
2026-09-23T08:45:34.8715404Z   LD_LIBRARY_PATH: /opt/hostedtoolcache/Python/3.11.16/x64/lib
2026-09-23T08:45:34.8715752Z ##[endgroup]
2026-09-23T08:45:34.8921653Z [Mutation Injected] Successfully injected FileNotFoundError into tests/test_app.py
2026-09-23T08:45:34.8974008Z ##[group]Run pytest tests/test_app.py -v
2026-09-23T08:45:34.8974324Z [36;1mpytest tests/test_app.py -v[0m
2026-09-23T08:45:34.8989571Z shell: /usr/bin/bash -e {0}
2026-09-23T08:45:34.8989829Z env:
2026-09-23T08:45:34.8990082Z   pythonLocation: /opt/hostedtoolcache/Python/3.11.16/x64
2026-09-23T08:45:34.8990486Z   PKG_CONFIG_PATH: /opt/hostedtoolcache/Python/3.11.16/x64/lib/pkgconfig
2026-09-23T08:45:34.8990826Z   Python_ROOT_DIR: /opt/hostedtoolcache/Python/3.11.16/x64
2026-09-23T08:45:34.8991192Z   Python2_ROOT_DIR: /opt/hostedtoolcache/Python/3.11.16/x64
2026-09-23T08:45:34.8991655Z   Python3_ROOT_DIR: /opt/hostedtoolcache/Python/3.11.16/x64
2026-09-23T08:45:34.8992037Z   LD_LIBRARY_PATH: /opt/hostedtoolcache/Python/3.11.16/x64/lib
2026-09-23T08:45:34.8992324Z ##[endgroup]
2026-09-23T08:45:36.0262277Z ============================= test session starts ==============================
2026-09-23T08:45:36.0263172Z platform linux -- Python 3.11.16, pytest-9.1.1, pluggy-1.6.0 -- /opt/hostedtoolcache/Python/3.11.16/x64/bin/python
2026-09-23T08:45:36.0263824Z cachedir: .pytest_cache
2026-09-23T08:45:36.0264212Z rootdir: /home/runner/work/log-generation/log-generation
2026-09-23T08:45:36.0264624Z configfile: pytest.ini
2026-09-23T08:45:36.0318333Z collecting ... collected 6 items
2026-09-23T08:45:36.0318619Z 
2026-09-23T08:45:36.0324342Z tests/test_app.py::test_calculate_division PASSED                        [ 16%]
2026-09-23T08:45:36.0328439Z tests/test_app.py::test_convert_to_int PASSED                            [ 33%]
2026-09-23T08:45:36.0333032Z tests/test_app.py::test_get_list_item PASSED                             [ 50%]
2026-09-23T08:45:36.0336803Z tests/test_app.py::test_get_dict_value PASSED                            [ 66%]
2026-09-23T08:45:36.0340552Z tests/test_app.py::test_assert_positive PASSED                           [ 83%]
2026-09-23T08:45:36.0529702Z tests/test_app.py::test_file_not_found_error FAILED                      [100%]
2026-09-23T08:45:36.0530314Z 
2026-09-23T08:45:36.0530639Z =================================== FAILURES ===================================
2026-09-23T08:45:36.0531766Z __________________________ test_file_not_found_error ___________________________
2026-09-23T08:45:36.0532427Z 
2026-09-23T08:45:36.0532601Z     def test_file_not_found_error():
2026-09-23T08:45:36.0533042Z         """Injected synthetic FileNotFoundError."""
2026-09-23T08:45:36.0533667Z         from src.app import read_config_file
2026-09-23T08:45:36.0534223Z >       read_config_file("fixtures/non_existent_pipeline_config.json")
2026-09-23T08:45:36.0534577Z 
2026-09-23T08:45:36.0534773Z tests/test_app.py:137: 
2026-09-23T08:45:36.0535261Z _ _ _ _ _ _ _ _ _ _ _ _ _ _ _ _ _ _ _ _ _ _ _ _ _ _ _ _ _ _ _ _ _ _ _ _ _ _ _ _ 
2026-09-23T08:45:36.0535607Z 
2026-09-23T08:45:36.0535793Z path = 'fixtures/non_existent_pipeline_config.json'
2026-09-23T08:45:36.0536144Z 
2026-09-23T08:45:36.0536270Z     def read_config_file(path):
2026-09-23T08:45:36.0536724Z >       with open(path, "r") as f:
2026-09-23T08:45:36.0537206Z              ^^^^^^^^^^^^^^^
2026-09-23T08:45:36.0537874Z E       FileNotFoundError: [Errno 2] No such file or directory: 'fixtures/non_existent_pipeline_config.json'
2026-09-23T08:45:36.0538362Z 
2026-09-23T08:45:36.0538593Z src/app.py:17: FileNotFoundError
2026-09-23T08:45:36.0539107Z =========================== short test summary info ============================
2026-09-23T08:45:36.0540367Z FAILED tests/test_app.py::test_file_not_found_error - FileNotFoundError: [Errno 2] No such file or directory: 'fixtures/non_existent_pipeline_config.json'
2026-09-23T08:45:36.0541258Z ========================= 1 failed, 5 passed in 0.02s ==========================
2026-09-23T08:45:36.0723420Z ##[error]Process completed with exit code 1.
2026-09-23T08:45:36.0836341Z Node 20 is being deprecated. This workflow is running with Node 24 by default. If you need to temporarily use Node 20, you can set the ACTIONS_ALLOW_USE_UNSECURE_NODE_VERSION=true environment variable. For more information see: https://github.blog/changelog/2025-09-19-deprecation-of-node-20-on-github-actions-runners/
2026-09-23T08:45:36.0837268Z Post job cleanup.
2026-09-23T08:45:36.1437677Z [command]/usr/bin/git version
2026-09-23T08:45:36.1467140Z git version 2.55.0
2026-09-23T08:45:36.1491167Z Temporarily overriding HOME='/home/runner/work/_temp/b6acd151-f1af-44d3-abeb-297dff594c91' before making global git config changes
2026-09-23T08:45:36.1492440Z Adding repository directory to the temporary git global config as a safe directory
2026-09-23T08:45:36.1495372Z [command]/usr/bin/git config --global --add safe.directory /home/runner/work/log-generation/log-generation
2026-09-23T08:45:36.1521178Z [command]/usr/bin/git config --local --name-only --get-regexp core\.sshCommand
2026-09-23T08:45:36.1544017Z [command]/usr/bin/git submodule foreach --recursive sh -c "git config --local --name-only --get-regexp 'core\.sshCommand' && git config --local --unset-all 'core.sshCommand' || :"
2026-09-23T08:45:36.1713232Z [command]/usr/bin/git config --local --name-only --get-regexp http\.https\:\/\/github\.com\/\.extraheader
2026-09-23T08:45:36.1728519Z http.https://github.com/.extraheader
2026-09-23T08:45:36.1736474Z [command]/usr/bin/git config --local --unset-all http.https://github.com/.extraheader
2026-09-23T08:45:36.1757446Z [command]/usr/bin/git submodule foreach --recursive sh -c "git config --local --name-only --get-regexp 'http\.https\:\/\/github\.com\/\.extraheader' && git config --local --unset-all 'http.https://github.com/.extraheader' || :"
2026-09-23T08:45:36.1911983Z [command]/usr/bin/git config --local --name-only --get-regexp ^includeIf\.gitdir:
2026-09-23T08:45:36.1936230Z [command]/usr/bin/git submodule foreach --recursive git config --local --show-origin --name-only --get-regexp remote.origin.url
2026-09-23T08:45:36.2177426Z Cleaning up orphan processes
2026-09-23T08:45:36.2372706Z ##[warning]Node.js 20 is deprecated. The following actions target Node.js 20 but are being forced to run on Node.js 24: actions/checkout@v4, actions/setup-python@v5. For more information see: https://github.blog/changelog/2025-09-19-deprecation-of-node-20-on-github-actions-runners/
