ï»¿2026-09-23T08:49:05.9781779Z Current runner version: '2.337.0'
2026-09-23T08:49:05.9806221Z ##[group]Runner Image Provisioner
2026-09-23T08:49:05.9807716Z Hosted Compute Agent
2026-09-23T08:49:05.9808337Z Version: 20260828.587
2026-09-23T08:49:05.9809027Z Commit: abac92662cab4cc7352de4f9f9d2e2419aad9c29
2026-09-23T08:49:05.9809790Z Build Date: 2026-08-28T16:44:25Z
2026-09-23T08:49:05.9810477Z Worker ID: {228d8abe-7511-4d35-996c-c67317cef104}
2026-09-23T08:49:05.9811316Z Azure Region: westus
2026-09-23T08:49:05.9811940Z ##[endgroup]
2026-09-23T08:49:05.9813861Z ##[group]Operating System
2026-09-23T08:49:05.9814547Z Ubuntu
2026-09-23T08:49:05.9815117Z 24.04.5
2026-09-23T08:49:05.9815688Z LTS
2026-09-23T08:49:05.9816209Z ##[endgroup]
2026-09-23T08:49:05.9817436Z ##[group]Runner Image
2026-09-23T08:49:05.9818175Z Image: ubuntu-24.04
2026-09-23T08:49:05.9818794Z Version: 20260907.300.1
2026-09-23T08:49:05.9820111Z Included Software: https://github.com/actions/runner-images/blob/ubuntu24/20260907.300/images/ubuntu/Ubuntu2404-Readme.md
2026-09-23T08:49:05.9821694Z Image Release: https://github.com/actions/runner-images/releases/tag/ubuntu24%2F20260907.300
2026-09-23T08:49:05.9822839Z ##[endgroup]
2026-09-23T08:49:05.9824071Z ##[group]GITHUB_TOKEN Permissions
2026-09-23T08:49:05.9826258Z Contents: read
2026-09-23T08:49:05.9827135Z Metadata: read
2026-09-23T08:49:05.9827807Z Packages: read
2026-09-23T08:49:05.9828425Z ##[endgroup]
2026-09-23T08:49:05.9830519Z Secret source: Actions
2026-09-23T08:49:05.9831575Z Cache mode: write
2026-09-23T08:49:05.9832672Z Prepare workflow directory
2026-09-23T08:49:06.0174668Z Prepare all required actions
2026-09-23T08:49:06.0225093Z Getting action download info
2026-09-23T08:49:06.3879335Z Download action repository 'actions/checkout@v4' (SHA:11d5960a326750d5838078e36cf38b85af677262)
2026-09-23T08:49:06.5201561Z Download action repository 'actions/setup-python@v5' (SHA:a26af69be951a213d495a4c3e4e4022e16d87065)
2026-09-23T08:49:06.7020772Z Complete job name: test-f3 (AssertionError #97)
2026-09-23T08:49:06.7791380Z Node 20 is being deprecated. This workflow is running with Node 24 by default. If you need to temporarily use Node 20, you can set the ACTIONS_ALLOW_USE_UNSECURE_NODE_VERSION=true environment variable. For more information see: https://github.blog/changelog/2025-09-19-deprecation-of-node-20-on-github-actions-runners/
2026-09-23T08:49:06.7800426Z ##[group]Run actions/checkout@v4
2026-09-23T08:49:06.7801187Z with:
2026-09-23T08:49:06.7801631Z   fetch-depth: 1
2026-09-23T08:49:06.7802131Z   repository: DhruvHegde/log-generation
2026-09-23T08:49:06.7805923Z   token: ***
2026-09-23T08:49:06.7806376Z   ssh-strict: true
2026-09-23T08:49:06.7807025Z   ssh-user: git
2026-09-23T08:49:06.7807489Z   persist-credentials: true
2026-09-23T08:49:06.7807995Z   clean: true
2026-09-23T08:49:06.7808457Z   sparse-checkout-cone-mode: true
2026-09-23T08:49:06.7808989Z   fetch-tags: false
2026-09-23T08:49:06.7809445Z   show-progress: true
2026-09-23T08:49:06.7809905Z   lfs: false
2026-09-23T08:49:06.7810369Z   submodules: false
2026-09-23T08:49:06.7810847Z   set-safe-directory: true
2026-09-23T08:49:06.7811362Z   allow-unsafe-pr-checkout: false
2026-09-23T08:49:06.7812143Z ##[endgroup]
2026-09-23T08:49:06.8848915Z Syncing repository: DhruvHegde/log-generation
2026-09-23T08:49:06.8850811Z ##[group]Getting Git version info
2026-09-23T08:49:06.8851644Z Working directory is '/home/runner/work/log-generation/log-generation'
2026-09-23T08:49:06.8852789Z [command]/usr/bin/git version
2026-09-23T08:49:06.8932979Z git version 2.55.0
2026-09-23T08:49:06.8967393Z ##[endgroup]
2026-09-23T08:49:06.8974700Z Temporarily overriding HOME='/home/runner/work/_temp/d19b8431-6db3-4471-a654-791ca01d7051' before making global git config changes
2026-09-23T08:49:06.8977362Z Adding repository directory to the temporary git global config as a safe directory
2026-09-23T08:49:06.8981962Z [command]/usr/bin/git config --global --add safe.directory /home/runner/work/log-generation/log-generation
2026-09-23T08:49:06.9035201Z Deleting the contents of '/home/runner/work/log-generation/log-generation'
2026-09-23T08:49:06.9040461Z ##[group]Initializing the repository
2026-09-23T08:49:06.9044568Z [command]/usr/bin/git init /home/runner/work/log-generation/log-generation
2026-09-23T08:49:06.9169620Z hint: Using 'master' as the name for the initial branch. This default branch name
2026-09-23T08:49:06.9172156Z hint: will change to "main" in Git 3.0. To configure the initial branch name
2026-09-23T08:49:06.9174233Z hint: to use in all of your new repositories, which will suppress this warning,
2026-09-23T08:49:06.9175721Z hint: call:
2026-09-23T08:49:06.9176828Z hint:
2026-09-23T08:49:06.9178085Z hint: 	git config --global init.defaultBranch <name>
2026-09-23T08:49:06.9179321Z hint:
2026-09-23T08:49:06.9180486Z hint: Names commonly chosen instead of 'master' are 'main', 'trunk' and
2026-09-23T08:49:06.9182404Z hint: 'development'. The just-created branch can be renamed via this command:
2026-09-23T08:49:06.9183894Z hint:
2026-09-23T08:49:06.9184828Z hint: 	git branch -m <name>
2026-09-23T08:49:06.9185826Z hint:
2026-09-23T08:49:06.9187275Z hint: Disable this message with "git config set advice.defaultBranchName false"
2026-09-23T08:49:06.9189500Z Initialized empty Git repository in /home/runner/work/log-generation/log-generation/.git/
2026-09-23T08:49:06.9193323Z [command]/usr/bin/git remote add origin https://github.com/DhruvHegde/log-generation
2026-09-23T08:49:06.9237991Z ##[endgroup]
2026-09-23T08:49:06.9239329Z ##[group]Disabling automatic garbage collection
2026-09-23T08:49:06.9242905Z [command]/usr/bin/git config --local gc.auto 0
2026-09-23T08:49:06.9275984Z ##[endgroup]
2026-09-23T08:49:06.9278142Z ##[group]Setting up auth
2026-09-23T08:49:06.9284774Z [command]/usr/bin/git config --local --name-only --get-regexp core\.sshCommand
2026-09-23T08:49:06.9328818Z [command]/usr/bin/git submodule foreach --recursive sh -c "git config --local --name-only --get-regexp 'core\.sshCommand' && git config --local --unset-all 'core.sshCommand' || :"
2026-09-23T08:49:06.9754457Z [command]/usr/bin/git config --local --name-only --get-regexp http\.https\:\/\/github\.com\/\.extraheader
2026-09-23T08:49:06.9793548Z [command]/usr/bin/git submodule foreach --recursive sh -c "git config --local --name-only --get-regexp 'http\.https\:\/\/github\.com\/\.extraheader' && git config --local --unset-all 'http.https://github.com/.extraheader' || :"
2026-09-23T08:49:07.0018537Z [command]/usr/bin/git config --local --name-only --get-regexp ^includeIf\.gitdir:
2026-09-23T08:49:07.0055974Z [command]/usr/bin/git submodule foreach --recursive git config --local --show-origin --name-only --get-regexp remote.origin.url
2026-09-23T08:49:07.0281402Z [command]/usr/bin/git config --local http.https://github.com/.extraheader AUTHORIZATION: basic ***
2026-09-23T08:49:07.0324342Z ##[endgroup]
2026-09-23T08:49:07.0325605Z ##[group]Fetching the repository
2026-09-23T08:49:07.0339165Z [command]/usr/bin/git -c protocol.version=2 fetch --no-tags --prune --no-recurse-submodules --depth=1 origin +43f20917de93b9aad51cf79a69ad5239c5632917:refs/remotes/origin/feature/f3-test-failures
2026-09-23T08:49:07.6014716Z From https://github.com/DhruvHegde/log-generation
2026-09-23T08:49:07.6015925Z  * [new ref]         43f20917de93b9aad51cf79a69ad5239c5632917 -> origin/feature/f3-test-failures
2026-09-23T08:49:07.6020944Z ##[endgroup]
2026-09-23T08:49:07.6021994Z ##[group]Determining the checkout info
2026-09-23T08:49:07.6023623Z ##[endgroup]
2026-09-23T08:49:07.6029510Z [command]/usr/bin/git sparse-checkout disable
2026-09-23T08:49:07.6083947Z [command]/usr/bin/git config --local --unset-all extensions.worktreeConfig
2026-09-23T08:49:07.6115369Z ##[group]Checking out the ref
2026-09-23T08:49:07.6120167Z [command]/usr/bin/git checkout --progress --force -B feature/f3-test-failures refs/remotes/origin/feature/f3-test-failures
2026-09-23T08:49:07.6519951Z Switched to a new branch 'feature/f3-test-failures'
2026-09-23T08:49:07.6525261Z branch 'feature/f3-test-failures' set up to track 'origin/feature/f3-test-failures'.
2026-09-23T08:49:07.6532251Z ##[endgroup]
2026-09-23T08:49:07.6579668Z [command]/usr/bin/git log -1 --format=%H
2026-09-23T08:49:07.6606410Z 43f20917de93b9aad51cf79a69ad5239c5632917
2026-09-23T08:49:07.6895408Z Node 20 is being deprecated. This workflow is running with Node 24 by default. If you need to temporarily use Node 20, you can set the ACTIONS_ALLOW_USE_UNSECURE_NODE_VERSION=true environment variable. For more information see: https://github.blog/changelog/2025-09-19-deprecation-of-node-20-on-github-actions-runners/
2026-09-23T08:49:07.6898832Z ##[group]Run actions/setup-python@v5
2026-09-23T08:49:07.6899490Z with:
2026-09-23T08:49:07.6899990Z   python-version: 3.11
2026-09-23T08:49:07.6900523Z   check-latest: false
2026-09-23T08:49:07.6904426Z   token: ***
2026-09-23T08:49:07.6904942Z   update-environment: true
2026-09-23T08:49:07.6905516Z   allow-prereleases: false
2026-09-23T08:49:07.6906078Z   freethreaded: false
2026-09-23T08:49:07.6906752Z ##[endgroup]
2026-09-23T08:49:07.8220180Z ##[group]Installed versions
2026-09-23T08:49:07.8332578Z (node:2247) [DEP0040] DeprecationWarning: The `punycode` module is deprecated. Please use a userland alternative instead.
2026-09-23T08:49:07.8334658Z (Use `node --trace-deprecation ...` to show where the warning was created)
2026-09-23T08:49:07.8335597Z Successfully set up CPython (3.11.16)
2026-09-23T08:49:07.8337080Z ##[endgroup]
2026-09-23T08:49:07.8517870Z ##[group]Run pip install --no-cache-dir pytest
2026-09-23T08:49:07.8519210Z [36;1mpip install --no-cache-dir pytest[0m
2026-09-23T08:49:07.8585323Z shell: /usr/bin/bash -e {0}
2026-09-23T08:49:07.8586229Z env:
2026-09-23T08:49:07.8587398Z   pythonLocation: /opt/hostedtoolcache/Python/3.11.16/x64
2026-09-23T08:49:07.8588866Z   PKG_CONFIG_PATH: /opt/hostedtoolcache/Python/3.11.16/x64/lib/pkgconfig
2026-09-23T08:49:07.8590326Z   Python_ROOT_DIR: /opt/hostedtoolcache/Python/3.11.16/x64
2026-09-23T08:49:07.8591681Z   Python2_ROOT_DIR: /opt/hostedtoolcache/Python/3.11.16/x64
2026-09-23T08:49:07.8593009Z   Python3_ROOT_DIR: /opt/hostedtoolcache/Python/3.11.16/x64
2026-09-23T08:49:07.8594380Z   LD_LIBRARY_PATH: /opt/hostedtoolcache/Python/3.11.16/x64/lib
2026-09-23T08:49:07.8692433Z ##[endgroup]
2026-09-23T08:49:08.9290924Z Collecting pytest
2026-09-23T08:49:09.0250230Z   Downloading pytest-9.1.1-py3-none-any.whl.metadata (7.6 kB)
2026-09-23T08:49:09.0507069Z Collecting iniconfig>=1.0.1 (from pytest)
2026-09-23T08:49:09.0700134Z   Downloading iniconfig-2.3.0-py3-none-any.whl.metadata (2.5 kB)
2026-09-23T08:49:09.0983393Z Collecting packaging>=22 (from pytest)
2026-09-23T08:49:09.1174310Z   Downloading packaging-26.3-py3-none-any.whl.metadata (3.5 kB)
2026-09-23T08:49:09.1432366Z Collecting pluggy<2,>=1.5 (from pytest)
2026-09-23T08:49:09.1623011Z   Downloading pluggy-1.6.0-py3-none-any.whl.metadata (4.8 kB)
2026-09-23T08:49:09.1946085Z Collecting pygments>=2.7.2 (from pytest)
2026-09-23T08:49:09.2137668Z   Downloading pygments-2.21.0-py3-none-any.whl.metadata (2.5 kB)
2026-09-23T08:49:09.2356855Z Downloading pytest-9.1.1-py3-none-any.whl (386 kB)
2026-09-23T08:49:09.3234920Z Downloading pluggy-1.6.0-py3-none-any.whl (20 kB)
2026-09-23T08:49:09.3425941Z Downloading iniconfig-2.3.0-py3-none-any.whl (7.5 kB)
2026-09-23T08:49:09.3620130Z Downloading packaging-26.3-py3-none-any.whl (129 kB)
2026-09-23T08:49:09.3833547Z Downloading pygments-2.21.0-py3-none-any.whl (1.3 MB)
2026-09-23T08:49:09.4267923Z    ââââââââââââââââââââââââââââââââââââââââ 1.3/1.3 MB 27.3 MB/s  0:00:00
2026-09-23T08:49:09.4912767Z Installing collected packages: pygments, pluggy, packaging, iniconfig, pytest
2026-09-23T08:49:10.4587457Z 
2026-09-23T08:49:10.4598038Z Successfully installed iniconfig-2.3.0 packaging-26.3 pluggy-1.6.0 pygments-2.21.0 pytest-9.1.1
2026-09-23T08:49:10.5119535Z ##[group]Run python automation/inject_mutation.py --error-type "AssertionError"
2026-09-23T08:49:10.5120186Z [36;1mpython automation/inject_mutation.py --error-type "AssertionError"[0m
2026-09-23T08:49:10.5159182Z shell: /usr/bin/bash -e {0}
2026-09-23T08:49:10.5159441Z env:
2026-09-23T08:49:10.5159921Z   pythonLocation: /opt/hostedtoolcache/Python/3.11.16/x64
2026-09-23T08:49:10.5160372Z   PKG_CONFIG_PATH: /opt/hostedtoolcache/Python/3.11.16/x64/lib/pkgconfig
2026-09-23T08:49:10.5160809Z   Python_ROOT_DIR: /opt/hostedtoolcache/Python/3.11.16/x64
2026-09-23T08:49:10.5161194Z   Python2_ROOT_DIR: /opt/hostedtoolcache/Python/3.11.16/x64
2026-09-23T08:49:10.5161596Z   Python3_ROOT_DIR: /opt/hostedtoolcache/Python/3.11.16/x64
2026-09-23T08:49:10.5161983Z   LD_LIBRARY_PATH: /opt/hostedtoolcache/Python/3.11.16/x64/lib
2026-09-23T08:49:10.5162331Z ##[endgroup]
2026-09-23T08:49:10.5457059Z [Mutation Injected] Successfully injected AssertionError into tests/test_app.py
2026-09-23T08:49:10.5526984Z ##[group]Run pytest tests/test_app.py -v
2026-09-23T08:49:10.5527391Z [36;1mpytest tests/test_app.py -v[0m
2026-09-23T08:49:10.5562385Z shell: /usr/bin/bash -e {0}
2026-09-23T08:49:10.5562645Z env:
2026-09-23T08:49:10.5562917Z   pythonLocation: /opt/hostedtoolcache/Python/3.11.16/x64
2026-09-23T08:49:10.5563369Z   PKG_CONFIG_PATH: /opt/hostedtoolcache/Python/3.11.16/x64/lib/pkgconfig
2026-09-23T08:49:10.5563837Z   Python_ROOT_DIR: /opt/hostedtoolcache/Python/3.11.16/x64
2026-09-23T08:49:10.5564227Z   Python2_ROOT_DIR: /opt/hostedtoolcache/Python/3.11.16/x64
2026-09-23T08:49:10.5564626Z   Python3_ROOT_DIR: /opt/hostedtoolcache/Python/3.11.16/x64
2026-09-23T08:49:10.5565022Z   LD_LIBRARY_PATH: /opt/hostedtoolcache/Python/3.11.16/x64/lib
2026-09-23T08:49:10.5565349Z ##[endgroup]
2026-09-23T08:49:10.7901367Z ============================= test session starts ==============================
2026-09-23T08:49:10.7902846Z platform linux -- Python 3.11.16, pytest-9.1.1, pluggy-1.6.0 -- /opt/hostedtoolcache/Python/3.11.16/x64/bin/python
2026-09-23T08:49:10.7904032Z cachedir: .pytest_cache
2026-09-23T08:49:10.7904756Z rootdir: /home/runner/work/log-generation/log-generation
2026-09-23T08:49:10.7905411Z configfile: pytest.ini
2026-09-23T08:49:10.7996056Z collecting ... collected 6 items
2026-09-23T08:49:10.7996825Z 
2026-09-23T08:49:10.8017642Z tests/test_app.py::test_calculate_division PASSED                        [ 16%]
2026-09-23T08:49:10.8018891Z tests/test_app.py::test_convert_to_int PASSED                            [ 33%]
2026-09-23T08:49:10.8021094Z tests/test_app.py::test_get_list_item PASSED                             [ 50%]
2026-09-23T08:49:10.8029065Z tests/test_app.py::test_get_dict_value PASSED                            [ 66%]
2026-09-23T08:49:10.8037534Z tests/test_app.py::test_assert_positive PASSED                           [ 83%]
2026-09-23T08:49:10.8307731Z tests/test_app.py::test_assertion_failure FAILED                         [100%]
2026-09-23T08:49:10.8308435Z 
2026-09-23T08:49:10.8308687Z =================================== FAILURES ===================================
2026-09-23T08:49:10.8309368Z ____________________________ test_assertion_failure ____________________________
2026-09-23T08:49:10.8309828Z 
2026-09-23T08:49:10.8310002Z     def test_assertion_failure():
2026-09-23T08:49:10.8310500Z         """Injected synthetic AssertionError."""
2026-09-23T08:49:10.8311051Z         expected_status = 200
2026-09-23T08:49:10.8311465Z         actual_status = 500
2026-09-23T08:49:10.8312234Z >       assert actual_status == expected_status, f"Expected {expected_status}, received {actual_status}"
2026-09-23T08:49:10.8313140Z E       AssertionError: Expected 200, received 500
2026-09-23T08:49:10.8313685Z E       assert 500 == 200
2026-09-23T08:49:10.8313947Z 
2026-09-23T08:49:10.8314132Z tests/test_app.py:140: AssertionError
2026-09-23T08:49:10.8314801Z =========================== short test summary info ============================
2026-09-23T08:49:10.8315787Z FAILED tests/test_app.py::test_assertion_failure - AssertionError: Expected 200, received 500
2026-09-23T08:49:10.8316830Z assert 500 == 200
2026-09-23T08:49:10.8317317Z ========================= 1 failed, 5 passed in 0.03s ==========================
2026-09-23T08:49:10.8503852Z ##[error]Process completed with exit code 1.
2026-09-23T08:49:10.8650907Z Node 20 is being deprecated. This workflow is running with Node 24 by default. If you need to temporarily use Node 20, you can set the ACTIONS_ALLOW_USE_UNSECURE_NODE_VERSION=true environment variable. For more information see: https://github.blog/changelog/2025-09-19-deprecation-of-node-20-on-github-actions-runners/
2026-09-23T08:49:10.8652352Z Post job cleanup.
2026-09-23T08:49:10.9494528Z [command]/usr/bin/git version
2026-09-23T08:49:10.9538711Z git version 2.55.0
2026-09-23T08:49:10.9576376Z Temporarily overriding HOME='/home/runner/work/_temp/de38fd98-b386-4489-b745-ae46116296a7' before making global git config changes
2026-09-23T08:49:10.9577909Z Adding repository directory to the temporary git global config as a safe directory
2026-09-23T08:49:10.9582008Z [command]/usr/bin/git config --global --add safe.directory /home/runner/work/log-generation/log-generation
2026-09-23T08:49:10.9621236Z [command]/usr/bin/git config --local --name-only --get-regexp core\.sshCommand
2026-09-23T08:49:10.9657239Z [command]/usr/bin/git submodule foreach --recursive sh -c "git config --local --name-only --get-regexp 'core\.sshCommand' && git config --local --unset-all 'core.sshCommand' || :"
2026-09-23T08:49:10.9909085Z [command]/usr/bin/git config --local --name-only --get-regexp http\.https\:\/\/github\.com\/\.extraheader
2026-09-23T08:49:10.9936959Z http.https://github.com/.extraheader
2026-09-23T08:49:10.9950373Z [command]/usr/bin/git config --local --unset-all http.https://github.com/.extraheader
2026-09-23T08:49:10.9987015Z [command]/usr/bin/git submodule foreach --recursive sh -c "git config --local --name-only --get-regexp 'http\.https\:\/\/github\.com\/\.extraheader' && git config --local --unset-all 'http.https://github.com/.extraheader' || :"
2026-09-23T08:49:11.0278145Z [command]/usr/bin/git config --local --name-only --get-regexp ^includeIf\.gitdir:
2026-09-23T08:49:11.0313674Z [command]/usr/bin/git submodule foreach --recursive git config --local --show-origin --name-only --get-regexp remote.origin.url
2026-09-23T08:49:11.0732177Z Cleaning up orphan processes
2026-09-23T08:49:11.1028660Z ##[warning]Node.js 20 is deprecated. The following actions target Node.js 20 but are being forced to run on Node.js 24: actions/checkout@v4, actions/setup-python@v5. For more information see: https://github.blog/changelog/2025-09-19-deprecation-of-node-20-on-github-actions-runners/
