ï»¿2026-09-23T08:49:57.0651853Z Current runner version: '2.337.0'
2026-09-23T08:49:57.0667440Z ##[group]Runner Image Provisioner
2026-09-23T08:49:57.0667934Z Hosted Compute Agent
2026-09-23T08:49:57.0668302Z Version: 20260828.587
2026-09-23T08:49:57.0668700Z Commit: abac92662cab4cc7352de4f9f9d2e2419aad9c29
2026-09-23T08:49:57.0669114Z Build Date: 2026-08-28T16:44:25Z
2026-09-23T08:49:57.0669748Z Worker ID: {09f7c0dc-9ca5-4a47-bfab-421feec9c7ba}
2026-09-23T08:49:57.0670196Z Azure Region: centralus
2026-09-23T08:49:57.0670530Z ##[endgroup]
2026-09-23T08:49:57.0671493Z ##[group]Operating System
2026-09-23T08:49:57.0671847Z Ubuntu
2026-09-23T08:49:57.0672136Z 24.04.5
2026-09-23T08:49:57.0672511Z LTS
2026-09-23T08:49:57.0672804Z ##[endgroup]
2026-09-23T08:49:57.0673333Z ##[group]Runner Image
2026-09-23T08:49:57.0673703Z Image: ubuntu-24.04
2026-09-23T08:49:57.0674017Z Version: 20260907.300.1
2026-09-23T08:49:57.0674809Z Included Software: https://github.com/actions/runner-images/blob/ubuntu24/20260907.300/images/ubuntu/Ubuntu2404-Readme.md
2026-09-23T08:49:57.0675640Z Image Release: https://github.com/actions/runner-images/releases/tag/ubuntu24%2F20260907.300
2026-09-23T08:49:57.0676207Z ##[endgroup]
2026-09-23T08:49:57.0676878Z ##[group]GITHUB_TOKEN Permissions
2026-09-23T08:49:57.0678147Z Contents: read
2026-09-23T08:49:57.0678459Z Metadata: read
2026-09-23T08:49:57.0678833Z Packages: read
2026-09-23T08:49:57.0679259Z ##[endgroup]
2026-09-23T08:49:57.0680489Z Secret source: Actions
2026-09-23T08:49:57.0681057Z Cache mode: write
2026-09-23T08:49:57.0681653Z Prepare workflow directory
2026-09-23T08:49:57.0884961Z Prepare all required actions
2026-09-23T08:49:57.0914697Z Getting action download info
2026-09-23T08:49:57.3185951Z Download action repository 'actions/checkout@v4' (SHA:11d5960a326750d5838078e36cf38b85af677262)
2026-09-23T08:49:57.4456486Z Download action repository 'actions/setup-python@v5' (SHA:a26af69be951a213d495a4c3e4e4022e16d87065)
2026-09-23T08:49:57.5952502Z Complete job name: test-f3 (KeyError #228)
2026-09-23T08:49:57.6380506Z Node 20 is being deprecated. This workflow is running with Node 24 by default. If you need to temporarily use Node 20, you can set the ACTIONS_ALLOW_USE_UNSECURE_NODE_VERSION=true environment variable. For more information see: https://github.blog/changelog/2025-09-19-deprecation-of-node-20-on-github-actions-runners/
2026-09-23T08:49:57.6385467Z ##[group]Run actions/checkout@v4
2026-09-23T08:49:57.6385801Z with:
2026-09-23T08:49:57.6386020Z   fetch-depth: 1
2026-09-23T08:49:57.6386265Z   repository: DhruvHegde/log-generation
2026-09-23T08:49:57.6388309Z   token: ***
2026-09-23T08:49:57.6388530Z   ssh-strict: true
2026-09-23T08:49:57.6388757Z   ssh-user: git
2026-09-23T08:49:57.6388990Z   persist-credentials: true
2026-09-23T08:49:57.6389416Z   clean: true
2026-09-23T08:49:57.6389648Z   sparse-checkout-cone-mode: true
2026-09-23T08:49:57.6389918Z   fetch-tags: false
2026-09-23T08:49:57.6390149Z   show-progress: true
2026-09-23T08:49:57.6390382Z   lfs: false
2026-09-23T08:49:57.6390618Z   submodules: false
2026-09-23T08:49:57.6390856Z   set-safe-directory: true
2026-09-23T08:49:57.6391120Z   allow-unsafe-pr-checkout: false
2026-09-23T08:49:57.6391464Z ##[endgroup]
2026-09-23T08:49:57.6994561Z Syncing repository: DhruvHegde/log-generation
2026-09-23T08:49:57.6995941Z ##[group]Getting Git version info
2026-09-23T08:49:57.6996538Z Working directory is '/home/runner/work/log-generation/log-generation'
2026-09-23T08:49:57.6997393Z [command]/usr/bin/git version
2026-09-23T08:49:57.7140278Z git version 2.55.0
2026-09-23T08:49:57.7161426Z ##[endgroup]
2026-09-23T08:49:57.7174227Z Temporarily overriding HOME='/home/runner/work/_temp/9c4ab65a-f23e-4bd0-8881-7d66022e4fb3' before making global git config changes
2026-09-23T08:49:57.7175379Z Adding repository directory to the temporary git global config as a safe directory
2026-09-23T08:49:57.7178190Z [command]/usr/bin/git config --global --add safe.directory /home/runner/work/log-generation/log-generation
2026-09-23T08:49:57.7220307Z Deleting the contents of '/home/runner/work/log-generation/log-generation'
2026-09-23T08:49:57.7225556Z ##[group]Initializing the repository
2026-09-23T08:49:57.7233189Z [command]/usr/bin/git init /home/runner/work/log-generation/log-generation
2026-09-23T08:49:57.7323907Z hint: Using 'master' as the name for the initial branch. This default branch name
2026-09-23T08:49:57.7324766Z hint: will change to "main" in Git 3.0. To configure the initial branch name
2026-09-23T08:49:57.7325737Z hint: to use in all of your new repositories, which will suppress this warning,
2026-09-23T08:49:57.7326112Z hint: call:
2026-09-23T08:49:57.7326323Z hint:
2026-09-23T08:49:57.7326606Z hint: 	git config --global init.defaultBranch <name>
2026-09-23T08:49:57.7326927Z hint:
2026-09-23T08:49:57.7327227Z hint: Names commonly chosen instead of 'master' are 'main', 'trunk' and
2026-09-23T08:49:57.7327701Z hint: 'development'. The just-created branch can be renamed via this command:
2026-09-23T08:49:57.7328076Z hint:
2026-09-23T08:49:57.7328324Z hint: 	git branch -m <name>
2026-09-23T08:49:57.7330886Z hint:
2026-09-23T08:49:57.7331404Z hint: Disable this message with "git config set advice.defaultBranchName false"
2026-09-23T08:49:57.7332177Z Initialized empty Git repository in /home/runner/work/log-generation/log-generation/.git/
2026-09-23T08:49:57.7339828Z [command]/usr/bin/git remote add origin https://github.com/DhruvHegde/log-generation
2026-09-23T08:49:57.7382171Z ##[endgroup]
2026-09-23T08:49:57.7382681Z ##[group]Disabling automatic garbage collection
2026-09-23T08:49:57.7384838Z [command]/usr/bin/git config --local gc.auto 0
2026-09-23T08:49:57.7411750Z ##[endgroup]
2026-09-23T08:49:57.7412196Z ##[group]Setting up auth
2026-09-23T08:49:57.7417077Z [command]/usr/bin/git config --local --name-only --get-regexp core\.sshCommand
2026-09-23T08:49:57.7446071Z [command]/usr/bin/git submodule foreach --recursive sh -c "git config --local --name-only --get-regexp 'core\.sshCommand' && git config --local --unset-all 'core.sshCommand' || :"
2026-09-23T08:49:57.7717235Z [command]/usr/bin/git config --local --name-only --get-regexp http\.https\:\/\/github\.com\/\.extraheader
2026-09-23T08:49:57.7742733Z [command]/usr/bin/git submodule foreach --recursive sh -c "git config --local --name-only --get-regexp 'http\.https\:\/\/github\.com\/\.extraheader' && git config --local --unset-all 'http.https://github.com/.extraheader' || :"
2026-09-23T08:49:57.7905402Z [command]/usr/bin/git config --local --name-only --get-regexp ^includeIf\.gitdir:
2026-09-23T08:49:57.7932840Z [command]/usr/bin/git submodule foreach --recursive git config --local --show-origin --name-only --get-regexp remote.origin.url
2026-09-23T08:49:57.8098544Z [command]/usr/bin/git config --local http.https://github.com/.extraheader AUTHORIZATION: basic ***
2026-09-23T08:49:57.8126655Z ##[endgroup]
2026-09-23T08:49:57.8127295Z ##[group]Fetching the repository
2026-09-23T08:49:57.8132926Z [command]/usr/bin/git -c protocol.version=2 fetch --no-tags --prune --no-recurse-submodules --depth=1 origin +43f20917de93b9aad51cf79a69ad5239c5632917:refs/remotes/origin/feature/f3-test-failures
2026-09-23T08:49:58.3544849Z From https://github.com/DhruvHegde/log-generation
2026-09-23T08:49:58.3545795Z  * [new ref]         43f20917de93b9aad51cf79a69ad5239c5632917 -> origin/feature/f3-test-failures
2026-09-23T08:49:58.3554995Z ##[endgroup]
2026-09-23T08:49:58.3555435Z ##[group]Determining the checkout info
2026-09-23T08:49:58.3555922Z ##[endgroup]
2026-09-23T08:49:58.3563894Z [command]/usr/bin/git sparse-checkout disable
2026-09-23T08:49:58.3596858Z [command]/usr/bin/git config --local --unset-all extensions.worktreeConfig
2026-09-23T08:49:58.3620159Z ##[group]Checking out the ref
2026-09-23T08:49:58.3658075Z [command]/usr/bin/git checkout --progress --force -B feature/f3-test-failures refs/remotes/origin/feature/f3-test-failures
2026-09-23T08:49:58.3930023Z Switched to a new branch 'feature/f3-test-failures'
2026-09-23T08:49:58.3934366Z branch 'feature/f3-test-failures' set up to track 'origin/feature/f3-test-failures'.
2026-09-23T08:49:58.3939946Z ##[endgroup]
2026-09-23T08:49:58.3971554Z [command]/usr/bin/git log -1 --format=%H
2026-09-23T08:49:58.3991876Z 43f20917de93b9aad51cf79a69ad5239c5632917
2026-09-23T08:49:58.4172268Z Node 20 is being deprecated. This workflow is running with Node 24 by default. If you need to temporarily use Node 20, you can set the ACTIONS_ALLOW_USE_UNSECURE_NODE_VERSION=true environment variable. For more information see: https://github.blog/changelog/2025-09-19-deprecation-of-node-20-on-github-actions-runners/
2026-09-23T08:49:58.4173794Z ##[group]Run actions/setup-python@v5
2026-09-23T08:49:58.4174089Z with:
2026-09-23T08:49:58.4174332Z   python-version: 3.11
2026-09-23T08:49:58.4174596Z   check-latest: false
2026-09-23T08:49:58.4176718Z   token: ***
2026-09-23T08:49:58.4176964Z   update-environment: true
2026-09-23T08:49:58.4177250Z   allow-prereleases: false
2026-09-23T08:49:58.4177520Z   freethreaded: false
2026-09-23T08:49:58.4177780Z ##[endgroup]
2026-09-23T08:49:58.5009380Z ##[group]Installed versions
2026-09-23T08:49:58.5068350Z (node:2021) [DEP0040] DeprecationWarning: The `punycode` module is deprecated. Please use a userland alternative instead.
2026-09-23T08:49:58.5069672Z (Use `node --trace-deprecation ...` to show where the warning was created)
2026-09-23T08:49:58.5070255Z Successfully set up CPython (3.11.16)
2026-09-23T08:49:58.5071151Z ##[endgroup]
2026-09-23T08:49:58.5235068Z ##[group]Run pip install --no-cache-dir pytest
2026-09-23T08:49:58.5236068Z [36;1mpip install --no-cache-dir pytest[0m
2026-09-23T08:49:58.5291823Z shell: /usr/bin/bash -e {0}
2026-09-23T08:49:58.5292220Z env:
2026-09-23T08:49:58.5292547Z   pythonLocation: /opt/hostedtoolcache/Python/3.11.16/x64
2026-09-23T08:49:58.5293020Z   PKG_CONFIG_PATH: /opt/hostedtoolcache/Python/3.11.16/x64/lib/pkgconfig
2026-09-23T08:49:58.5293482Z   Python_ROOT_DIR: /opt/hostedtoolcache/Python/3.11.16/x64
2026-09-23T08:49:58.5293893Z   Python2_ROOT_DIR: /opt/hostedtoolcache/Python/3.11.16/x64
2026-09-23T08:49:58.5294311Z   Python3_ROOT_DIR: /opt/hostedtoolcache/Python/3.11.16/x64
2026-09-23T08:49:58.5294759Z   LD_LIBRARY_PATH: /opt/hostedtoolcache/Python/3.11.16/x64/lib
2026-09-23T08:49:58.5295123Z ##[endgroup]
2026-09-23T08:49:59.2130671Z Collecting pytest
2026-09-23T08:49:59.2768364Z   Downloading pytest-9.1.1-py3-none-any.whl.metadata (7.6 kB)
2026-09-23T08:49:59.2900485Z Collecting iniconfig>=1.0.1 (from pytest)
2026-09-23T08:49:59.3025823Z   Downloading iniconfig-2.3.0-py3-none-any.whl.metadata (2.5 kB)
2026-09-23T08:49:59.3160147Z Collecting packaging>=22 (from pytest)
2026-09-23T08:49:59.3284783Z   Downloading packaging-26.3-py3-none-any.whl.metadata (3.5 kB)
2026-09-23T08:49:59.3411020Z Collecting pluggy<2,>=1.5 (from pytest)
2026-09-23T08:49:59.3537949Z   Downloading pluggy-1.6.0-py3-none-any.whl.metadata (4.8 kB)
2026-09-23T08:49:59.3699074Z Collecting pygments>=2.7.2 (from pytest)
2026-09-23T08:49:59.3824119Z   Downloading pygments-2.21.0-py3-none-any.whl.metadata (2.5 kB)
2026-09-23T08:49:59.3965986Z Downloading pytest-9.1.1-py3-none-any.whl (386 kB)
2026-09-23T08:49:59.4570149Z Downloading pluggy-1.6.0-py3-none-any.whl (20 kB)
2026-09-23T08:49:59.4694385Z Downloading iniconfig-2.3.0-py3-none-any.whl (7.5 kB)
2026-09-23T08:49:59.4819625Z Downloading packaging-26.3-py3-none-any.whl (129 kB)
2026-09-23T08:49:59.4960982Z Downloading pygments-2.21.0-py3-none-any.whl (1.3 MB)
2026-09-23T08:49:59.5328469Z    ââââââââââââââââââââââââââââââââââââââââ 1.3/1.3 MB 41.8 MB/s  0:00:00
2026-09-23T08:49:59.5796985Z Installing collected packages: pygments, pluggy, packaging, iniconfig, pytest
2026-09-23T08:50:00.1416961Z 
2026-09-23T08:50:00.1425548Z Successfully installed iniconfig-2.3.0 packaging-26.3 pluggy-1.6.0 pygments-2.21.0 pytest-9.1.1
2026-09-23T08:50:00.2005288Z ##[group]Run python automation/inject_mutation.py --error-type "KeyError"
2026-09-23T08:50:00.2006585Z [36;1mpython automation/inject_mutation.py --error-type "KeyError"[0m
2026-09-23T08:50:00.2039339Z shell: /usr/bin/bash -e {0}
2026-09-23T08:50:00.2039996Z env:
2026-09-23T08:50:00.2040681Z   pythonLocation: /opt/hostedtoolcache/Python/3.11.16/x64
2026-09-23T08:50:00.2041998Z   PKG_CONFIG_PATH: /opt/hostedtoolcache/Python/3.11.16/x64/lib/pkgconfig
2026-09-23T08:50:00.2043098Z   Python_ROOT_DIR: /opt/hostedtoolcache/Python/3.11.16/x64
2026-09-23T08:50:00.2044094Z   Python2_ROOT_DIR: /opt/hostedtoolcache/Python/3.11.16/x64
2026-09-23T08:50:00.2045100Z   Python3_ROOT_DIR: /opt/hostedtoolcache/Python/3.11.16/x64
2026-09-23T08:50:00.2046122Z   LD_LIBRARY_PATH: /opt/hostedtoolcache/Python/3.11.16/x64/lib
2026-09-23T08:50:00.2047027Z ##[endgroup]
2026-09-23T08:50:00.2258888Z [Mutation Injected] Successfully injected KeyError into tests/test_app.py
2026-09-23T08:50:00.2330889Z ##[group]Run pytest tests/test_app.py -v
2026-09-23T08:50:00.2331687Z [36;1mpytest tests/test_app.py -v[0m
2026-09-23T08:50:00.2360977Z shell: /usr/bin/bash -e {0}
2026-09-23T08:50:00.2361562Z env:
2026-09-23T08:50:00.2362184Z   pythonLocation: /opt/hostedtoolcache/Python/3.11.16/x64
2026-09-23T08:50:00.2363237Z   PKG_CONFIG_PATH: /opt/hostedtoolcache/Python/3.11.16/x64/lib/pkgconfig
2026-09-23T08:50:00.2364335Z   Python_ROOT_DIR: /opt/hostedtoolcache/Python/3.11.16/x64
2026-09-23T08:50:00.2365294Z   Python2_ROOT_DIR: /opt/hostedtoolcache/Python/3.11.16/x64
2026-09-23T08:50:00.2366255Z   Python3_ROOT_DIR: /opt/hostedtoolcache/Python/3.11.16/x64
2026-09-23T08:50:00.2367220Z   LD_LIBRARY_PATH: /opt/hostedtoolcache/Python/3.11.16/x64/lib
2026-09-23T08:50:00.2368046Z ##[endgroup]
2026-09-23T08:50:00.3750580Z ============================= test session starts ==============================
2026-09-23T08:50:00.3752774Z platform linux -- Python 3.11.16, pytest-9.1.1, pluggy-1.6.0 -- /opt/hostedtoolcache/Python/3.11.16/x64/bin/python
2026-09-23T08:50:00.3754054Z cachedir: .pytest_cache
2026-09-23T08:50:00.3754790Z rootdir: /home/runner/work/log-generation/log-generation
2026-09-23T08:50:00.3755644Z configfile: pytest.ini
2026-09-23T08:50:00.3799692Z collecting ... collected 6 items
2026-09-23T08:50:00.3800310Z 
2026-09-23T08:50:00.3805241Z tests/test_app.py::test_calculate_division PASSED                        [ 16%]
2026-09-23T08:50:00.3808536Z tests/test_app.py::test_convert_to_int PASSED                            [ 33%]
2026-09-23T08:50:00.3812307Z tests/test_app.py::test_get_list_item PASSED                             [ 50%]
2026-09-23T08:50:00.3815396Z tests/test_app.py::test_get_dict_value PASSED                            [ 66%]
2026-09-23T08:50:00.3818528Z tests/test_app.py::test_assert_positive PASSED                           [ 83%]
2026-09-23T08:50:00.4013010Z tests/test_app.py::test_key_error FAILED                                 [100%]
2026-09-23T08:50:00.4014148Z 
2026-09-23T08:50:00.4014703Z =================================== FAILURES ===================================
2026-09-23T08:50:00.4016123Z ________________________________ test_key_error ________________________________
2026-09-23T08:50:00.4016795Z 
2026-09-23T08:50:00.4017053Z     def test_key_error():
2026-09-23T08:50:00.4017686Z         """Injected synthetic KeyError."""
2026-09-23T08:50:00.4018440Z         from src.app import get_dict_value
2026-09-23T08:50:00.4019392Z         config = {"env": "staging", "retries": 3}
2026-09-23T08:50:00.4020199Z >       get_dict_value(config, "missing_auth_token")
2026-09-23T08:50:00.4020729Z 
2026-09-23T08:50:00.4020969Z tests/test_app.py:140: 
2026-09-23T08:50:00.4021686Z _ _ _ _ _ _ _ _ _ _ _ _ _ _ _ _ _ _ _ _ _ _ _ _ _ _ _ _ _ _ _ _ _ _ _ _ _ _ _ _ 
2026-09-23T08:50:00.4022302Z 
2026-09-23T08:50:00.4022704Z d = {'env': 'staging', 'retries': 3}, key = 'missing_auth_token'
2026-09-23T08:50:00.4023339Z 
2026-09-23T08:50:00.4023590Z     def get_dict_value(d, key):
2026-09-23T08:50:00.4024221Z >       return d[key]
2026-09-23T08:50:00.4024753Z                ^^^^^^
2026-09-23T08:50:00.4025345Z E       KeyError: 'missing_auth_token'
2026-09-23T08:50:00.4025798Z 
2026-09-23T08:50:00.4026034Z src/app.py:11: KeyError
2026-09-23T08:50:00.4026754Z =========================== short test summary info ============================
2026-09-23T08:50:00.4028095Z FAILED tests/test_app.py::test_key_error - KeyError: 'missing_auth_token'
2026-09-23T08:50:00.4029325Z ========================= 1 failed, 5 passed in 0.02s ==========================
2026-09-23T08:50:00.4153991Z ##[error]Process completed with exit code 1.
2026-09-23T08:50:00.4319840Z Node 20 is being deprecated. This workflow is running with Node 24 by default. If you need to temporarily use Node 20, you can set the ACTIONS_ALLOW_USE_UNSECURE_NODE_VERSION=true environment variable. For more information see: https://github.blog/changelog/2025-09-19-deprecation-of-node-20-on-github-actions-runners/
2026-09-23T08:50:00.4322333Z Post job cleanup.
2026-09-23T08:50:00.4838752Z [command]/usr/bin/git version
2026-09-23T08:50:00.4883664Z git version 2.55.0
2026-09-23T08:50:00.4890640Z Temporarily overriding HOME='/home/runner/work/_temp/2c4006a9-1e91-4031-9cd9-dbfb7d8788c1' before making global git config changes
2026-09-23T08:50:00.4893270Z Adding repository directory to the temporary git global config as a safe directory
2026-09-23T08:50:00.4895825Z [command]/usr/bin/git config --global --add safe.directory /home/runner/work/log-generation/log-generation
2026-09-23T08:50:00.4923547Z [command]/usr/bin/git config --local --name-only --get-regexp core\.sshCommand
2026-09-23T08:50:00.4951334Z [command]/usr/bin/git submodule foreach --recursive sh -c "git config --local --name-only --get-regexp 'core\.sshCommand' && git config --local --unset-all 'core.sshCommand' || :"
2026-09-23T08:50:00.5134574Z [command]/usr/bin/git config --local --name-only --get-regexp http\.https\:\/\/github\.com\/\.extraheader
2026-09-23T08:50:00.5154893Z http.https://github.com/.extraheader
2026-09-23T08:50:00.5163697Z [command]/usr/bin/git config --local --unset-all http.https://github.com/.extraheader
2026-09-23T08:50:00.5188294Z [command]/usr/bin/git submodule foreach --recursive sh -c "git config --local --name-only --get-regexp 'http\.https\:\/\/github\.com\/\.extraheader' && git config --local --unset-all 'http.https://github.com/.extraheader' || :"
2026-09-23T08:50:00.5367313Z [command]/usr/bin/git config --local --name-only --get-regexp ^includeIf\.gitdir:
2026-09-23T08:50:00.5394827Z [command]/usr/bin/git submodule foreach --recursive git config --local --show-origin --name-only --get-regexp remote.origin.url
2026-09-23T08:50:00.5693707Z Cleaning up orphan processes
2026-09-23T08:50:00.5944069Z ##[warning]Node.js 20 is deprecated. The following actions target Node.js 20 but are being forced to run on Node.js 24: actions/checkout@v4, actions/setup-python@v5. For more information see: https://github.blog/changelog/2025-09-19-deprecation-of-node-20-on-github-actions-runners/
