ï»¿2026-09-23T08:43:49.6803242Z Current runner version: '2.337.0'
2026-09-23T08:43:49.6820385Z ##[group]Runner Image Provisioner
2026-09-23T08:43:49.6820949Z Hosted Compute Agent
2026-09-23T08:43:49.6821307Z Version: 20260828.587
2026-09-23T08:43:49.6821756Z Commit: abac92662cab4cc7352de4f9f9d2e2419aad9c29
2026-09-23T08:43:49.6822198Z Build Date: 2026-08-28T16:44:25Z
2026-09-23T08:43:49.6822633Z Worker ID: {583a00d9-841a-454c-b2e1-a1a3b2b5ab39}
2026-09-23T08:43:49.6823095Z Azure Region: centralus
2026-09-23T08:43:49.6823449Z ##[endgroup]
2026-09-23T08:43:49.6824487Z ##[group]Operating System
2026-09-23T08:43:49.6824851Z Ubuntu
2026-09-23T08:43:49.6825156Z 24.04.5
2026-09-23T08:43:49.6825548Z LTS
2026-09-23T08:43:49.6825861Z ##[endgroup]
2026-09-23T08:43:49.6826516Z ##[group]Runner Image
2026-09-23T08:43:49.6826882Z Image: ubuntu-24.04
2026-09-23T08:43:49.6827214Z Version: 20260907.300.1
2026-09-23T08:43:49.6828044Z Included Software: https://github.com/actions/runner-images/blob/ubuntu24/20260907.300/images/ubuntu/Ubuntu2404-Readme.md
2026-09-23T08:43:49.6829222Z Image Release: https://github.com/actions/runner-images/releases/tag/ubuntu24%2F20260907.300
2026-09-23T08:43:49.6829780Z ##[endgroup]
2026-09-23T08:43:49.6830522Z ##[group]GITHUB_TOKEN Permissions
2026-09-23T08:43:49.6831955Z Contents: read
2026-09-23T08:43:49.6832290Z Metadata: read
2026-09-23T08:43:49.6832688Z Packages: read
2026-09-23T08:43:49.6833029Z ##[endgroup]
2026-09-23T08:43:49.6834405Z Secret source: Actions
2026-09-23T08:43:49.6834975Z Cache mode: write
2026-09-23T08:43:49.6835620Z Prepare workflow directory
2026-09-23T08:43:49.7037945Z Prepare all required actions
2026-09-23T08:43:49.7068969Z Getting action download info
2026-09-23T08:43:49.9272070Z Download action repository 'actions/checkout@v4' (SHA:11d5960a326750d5838078e36cf38b85af677262)
2026-09-23T08:43:50.0096574Z Download action repository 'actions/setup-python@v5' (SHA:a26af69be951a213d495a4c3e4e4022e16d87065)
2026-09-23T08:43:50.1578613Z Complete job name: test-f3 (AttributeError #7)
2026-09-23T08:43:50.2025263Z Node 20 is being deprecated. This workflow is running with Node 24 by default. If you need to temporarily use Node 20, you can set the ACTIONS_ALLOW_USE_UNSECURE_NODE_VERSION=true environment variable. For more information see: https://github.blog/changelog/2025-09-19-deprecation-of-node-20-on-github-actions-runners/
2026-09-23T08:43:50.2030640Z ##[group]Run actions/checkout@v4
2026-09-23T08:43:50.2031000Z with:
2026-09-23T08:43:50.2031230Z   fetch-depth: 1
2026-09-23T08:43:50.2031490Z   repository: DhruvHegde/log-generation
2026-09-23T08:43:50.2033654Z   token: ***
2026-09-23T08:43:50.2033889Z   ssh-strict: true
2026-09-23T08:43:50.2034126Z   ssh-user: git
2026-09-23T08:43:50.2034374Z   persist-credentials: true
2026-09-23T08:43:50.2034640Z   clean: true
2026-09-23T08:43:50.2034887Z   sparse-checkout-cone-mode: true
2026-09-23T08:43:50.2035171Z   fetch-tags: false
2026-09-23T08:43:50.2035413Z   show-progress: true
2026-09-23T08:43:50.2035659Z   lfs: false
2026-09-23T08:43:50.2035918Z   submodules: false
2026-09-23T08:43:50.2036175Z   set-safe-directory: true
2026-09-23T08:43:50.2036453Z   allow-unsafe-pr-checkout: false
2026-09-23T08:43:50.2036804Z ##[endgroup]
2026-09-23T08:43:50.2701336Z Syncing repository: DhruvHegde/log-generation
2026-09-23T08:43:50.2702754Z ##[group]Getting Git version info
2026-09-23T08:43:50.2703390Z Working directory is '/home/runner/work/log-generation/log-generation'
2026-09-23T08:43:50.2704284Z [command]/usr/bin/git version
2026-09-23T08:43:50.2777421Z git version 2.55.0
2026-09-23T08:43:50.2791782Z ##[endgroup]
2026-09-23T08:43:50.2802344Z Temporarily overriding HOME='/home/runner/work/_temp/47abbe03-a5de-4c51-ad34-10ffca831ad6' before making global git config changes
2026-09-23T08:43:50.2803493Z Adding repository directory to the temporary git global config as a safe directory
2026-09-23T08:43:50.2805932Z [command]/usr/bin/git config --global --add safe.directory /home/runner/work/log-generation/log-generation
2026-09-23T08:43:50.2853655Z Deleting the contents of '/home/runner/work/log-generation/log-generation'
2026-09-23T08:43:50.2860280Z ##[group]Initializing the repository
2026-09-23T08:43:50.2860764Z [command]/usr/bin/git init /home/runner/work/log-generation/log-generation
2026-09-23T08:43:50.2971008Z hint: Using 'master' as the name for the initial branch. This default branch name
2026-09-23T08:43:50.2971731Z hint: will change to "main" in Git 3.0. To configure the initial branch name
2026-09-23T08:43:50.2972242Z hint: to use in all of your new repositories, which will suppress this warning,
2026-09-23T08:43:50.2972899Z hint: call:
2026-09-23T08:43:50.2973121Z hint:
2026-09-23T08:43:50.2973420Z hint: 	git config --global init.defaultBranch <name>
2026-09-23T08:43:50.2973753Z hint:
2026-09-23T08:43:50.2974068Z hint: Names commonly chosen instead of 'master' are 'main', 'trunk' and
2026-09-23T08:43:50.2974559Z hint: 'development'. The just-created branch can be renamed via this command:
2026-09-23T08:43:50.2974951Z hint:
2026-09-23T08:43:50.2975206Z hint: 	git branch -m <name>
2026-09-23T08:43:50.2975466Z hint:
2026-09-23T08:43:50.2975799Z hint: Disable this message with "git config set advice.defaultBranchName false"
2026-09-23T08:43:50.2980804Z Initialized empty Git repository in /home/runner/work/log-generation/log-generation/.git/
2026-09-23T08:43:50.2988519Z [command]/usr/bin/git remote add origin https://github.com/DhruvHegde/log-generation
2026-09-23T08:43:50.3035817Z ##[endgroup]
2026-09-23T08:43:50.3036491Z ##[group]Disabling automatic garbage collection
2026-09-23T08:43:50.3038498Z [command]/usr/bin/git config --local gc.auto 0
2026-09-23T08:43:50.3063040Z ##[endgroup]
2026-09-23T08:43:50.3063687Z ##[group]Setting up auth
2026-09-23T08:43:50.3067504Z [command]/usr/bin/git config --local --name-only --get-regexp core\.sshCommand
2026-09-23T08:43:50.3099360Z [command]/usr/bin/git submodule foreach --recursive sh -c "git config --local --name-only --get-regexp 'core\.sshCommand' && git config --local --unset-all 'core.sshCommand' || :"
2026-09-23T08:43:50.3400055Z [command]/usr/bin/git config --local --name-only --get-regexp http\.https\:\/\/github\.com\/\.extraheader
2026-09-23T08:43:50.3429277Z [command]/usr/bin/git submodule foreach --recursive sh -c "git config --local --name-only --get-regexp 'http\.https\:\/\/github\.com\/\.extraheader' && git config --local --unset-all 'http.https://github.com/.extraheader' || :"
2026-09-23T08:43:50.3602935Z [command]/usr/bin/git config --local --name-only --get-regexp ^includeIf\.gitdir:
2026-09-23T08:43:50.3630779Z [command]/usr/bin/git submodule foreach --recursive git config --local --show-origin --name-only --get-regexp remote.origin.url
2026-09-23T08:43:50.3803657Z [command]/usr/bin/git config --local http.https://github.com/.extraheader AUTHORIZATION: basic ***
2026-09-23T08:43:50.3834194Z ##[endgroup]
2026-09-23T08:43:50.3834872Z ##[group]Fetching the repository
2026-09-23T08:43:50.3840545Z [command]/usr/bin/git -c protocol.version=2 fetch --no-tags --prune --no-recurse-submodules --depth=1 origin +dfcb6f158e4bd8054252a4da5d0a9edc2ab15d57:refs/remotes/origin/feature/f3-test-failures
2026-09-23T08:43:50.7584450Z From https://github.com/DhruvHegde/log-generation
2026-09-23T08:43:50.7585464Z  * [new ref]         dfcb6f158e4bd8054252a4da5d0a9edc2ab15d57 -> origin/feature/f3-test-failures
2026-09-23T08:43:50.7600679Z ##[endgroup]
2026-09-23T08:43:50.7601151Z ##[group]Determining the checkout info
2026-09-23T08:43:50.7601684Z ##[endgroup]
2026-09-23T08:43:50.7603177Z [command]/usr/bin/git sparse-checkout disable
2026-09-23T08:43:50.7646722Z [command]/usr/bin/git config --local --unset-all extensions.worktreeConfig
2026-09-23T08:43:50.7674852Z ##[group]Checking out the ref
2026-09-23T08:43:50.7675836Z [command]/usr/bin/git checkout --progress --force -B feature/f3-test-failures refs/remotes/origin/feature/f3-test-failures
2026-09-23T08:43:50.7737017Z Switched to a new branch 'feature/f3-test-failures'
2026-09-23T08:43:50.7742338Z branch 'feature/f3-test-failures' set up to track 'origin/feature/f3-test-failures'.
2026-09-23T08:43:50.7745948Z ##[endgroup]
2026-09-23T08:43:50.7777805Z [command]/usr/bin/git log -1 --format=%H
2026-09-23T08:43:50.7800290Z dfcb6f158e4bd8054252a4da5d0a9edc2ab15d57
2026-09-23T08:43:50.7990912Z Node 20 is being deprecated. This workflow is running with Node 24 by default. If you need to temporarily use Node 20, you can set the ACTIONS_ALLOW_USE_UNSECURE_NODE_VERSION=true environment variable. For more information see: https://github.blog/changelog/2025-09-19-deprecation-of-node-20-on-github-actions-runners/
2026-09-23T08:43:50.7992473Z ##[group]Run actions/setup-python@v5
2026-09-23T08:43:50.7992781Z with:
2026-09-23T08:43:50.7993035Z   python-version: 3.11
2026-09-23T08:43:50.7993311Z   check-latest: false
2026-09-23T08:43:50.7995505Z   token: ***
2026-09-23T08:43:50.7995766Z   update-environment: true
2026-09-23T08:43:50.7996059Z   allow-prereleases: false
2026-09-23T08:43:50.7996339Z   freethreaded: false
2026-09-23T08:43:50.7996610Z ##[endgroup]
2026-09-23T08:43:50.8816287Z ##[group]Installed versions
2026-09-23T08:43:50.8912035Z (node:2039) [DEP0040] DeprecationWarning: The `punycode` module is deprecated. Please use a userland alternative instead.
2026-09-23T08:43:50.8913371Z (Use `node --trace-deprecation ...` to show where the warning was created)
2026-09-23T08:43:50.8914305Z Successfully set up CPython (3.11.16)
2026-09-23T08:43:50.8915206Z ##[endgroup]
2026-09-23T08:43:50.9051636Z ##[group]Run pip install --no-cache-dir pytest
2026-09-23T08:43:50.9052130Z [36;1mpip install --no-cache-dir pytest[0m
2026-09-23T08:43:50.9108527Z shell: /usr/bin/bash -e {0}
2026-09-23T08:43:50.9109321Z env:
2026-09-23T08:43:50.9109917Z   pythonLocation: /opt/hostedtoolcache/Python/3.11.16/x64
2026-09-23T08:43:50.9111234Z   PKG_CONFIG_PATH: /opt/hostedtoolcache/Python/3.11.16/x64/lib/pkgconfig
2026-09-23T08:43:50.9112297Z   Python_ROOT_DIR: /opt/hostedtoolcache/Python/3.11.16/x64
2026-09-23T08:43:50.9113194Z   Python2_ROOT_DIR: /opt/hostedtoolcache/Python/3.11.16/x64
2026-09-23T08:43:50.9113743Z   Python3_ROOT_DIR: /opt/hostedtoolcache/Python/3.11.16/x64
2026-09-23T08:43:50.9114596Z   LD_LIBRARY_PATH: /opt/hostedtoolcache/Python/3.11.16/x64/lib
2026-09-23T08:43:50.9115508Z ##[endgroup]
2026-09-23T08:43:51.6223610Z Collecting pytest
2026-09-23T08:43:51.7144601Z   Downloading pytest-9.1.1-py3-none-any.whl.metadata (7.6 kB)
2026-09-23T08:43:51.7321735Z Collecting iniconfig>=1.0.1 (from pytest)
2026-09-23T08:43:51.7446375Z   Downloading iniconfig-2.3.0-py3-none-any.whl.metadata (2.5 kB)
2026-09-23T08:43:51.7656821Z Collecting packaging>=22 (from pytest)
2026-09-23T08:43:51.7783623Z   Downloading packaging-26.3-py3-none-any.whl.metadata (3.5 kB)
2026-09-23T08:43:51.7962079Z Collecting pluggy<2,>=1.5 (from pytest)
2026-09-23T08:43:51.8084760Z   Downloading pluggy-1.6.0-py3-none-any.whl.metadata (4.8 kB)
2026-09-23T08:43:51.8327697Z Collecting pygments>=2.7.2 (from pytest)
2026-09-23T08:43:51.8455051Z   Downloading pygments-2.21.0-py3-none-any.whl.metadata (2.5 kB)
2026-09-23T08:43:51.8604742Z Downloading pytest-9.1.1-py3-none-any.whl (386 kB)
2026-09-23T08:43:51.9203232Z Downloading pluggy-1.6.0-py3-none-any.whl (20 kB)
2026-09-23T08:43:51.9331217Z Downloading iniconfig-2.3.0-py3-none-any.whl (7.5 kB)
2026-09-23T08:43:51.9457290Z Downloading packaging-26.3-py3-none-any.whl (129 kB)
2026-09-23T08:43:51.9598768Z Downloading pygments-2.21.0-py3-none-any.whl (1.3 MB)
2026-09-23T08:43:51.9960650Z    ââââââââââââââââââââââââââââââââââââââââ 1.3/1.3 MB 42.0 MB/s  0:00:00
2026-09-23T08:43:52.0409626Z Installing collected packages: pygments, pluggy, packaging, iniconfig, pytest
2026-09-23T08:43:52.6251485Z 
2026-09-23T08:43:52.6257118Z Successfully installed iniconfig-2.3.0 packaging-26.3 pluggy-1.6.0 pygments-2.21.0 pytest-9.1.1
2026-09-23T08:43:52.6650970Z ##[group]Run python automation/inject_mutation.py --error-type "AttributeError"
2026-09-23T08:43:52.6651337Z [36;1mpython automation/inject_mutation.py --error-type "AttributeError"[0m
2026-09-23T08:43:52.6683487Z shell: /usr/bin/bash -e {0}
2026-09-23T08:43:52.6683629Z env:
2026-09-23T08:43:52.6683941Z   pythonLocation: /opt/hostedtoolcache/Python/3.11.16/x64
2026-09-23T08:43:52.6684178Z   PKG_CONFIG_PATH: /opt/hostedtoolcache/Python/3.11.16/x64/lib/pkgconfig
2026-09-23T08:43:52.6684426Z   Python_ROOT_DIR: /opt/hostedtoolcache/Python/3.11.16/x64
2026-09-23T08:43:52.6684635Z   Python2_ROOT_DIR: /opt/hostedtoolcache/Python/3.11.16/x64
2026-09-23T08:43:52.6684849Z   Python3_ROOT_DIR: /opt/hostedtoolcache/Python/3.11.16/x64
2026-09-23T08:43:52.6685059Z   LD_LIBRARY_PATH: /opt/hostedtoolcache/Python/3.11.16/x64/lib
2026-09-23T08:43:52.6685238Z ##[endgroup]
2026-09-23T08:43:52.6888053Z [Mutation Injected] Successfully injected AttributeError into tests/test_app.py
2026-09-23T08:43:52.6935557Z ##[group]Run pytest tests/test_app.py -v
2026-09-23T08:43:52.6935752Z [36;1mpytest tests/test_app.py -v[0m
2026-09-23T08:43:52.6963398Z shell: /usr/bin/bash -e {0}
2026-09-23T08:43:52.6963540Z env:
2026-09-23T08:43:52.6963694Z   pythonLocation: /opt/hostedtoolcache/Python/3.11.16/x64
2026-09-23T08:43:52.6963931Z   PKG_CONFIG_PATH: /opt/hostedtoolcache/Python/3.11.16/x64/lib/pkgconfig
2026-09-23T08:43:52.6964178Z   Python_ROOT_DIR: /opt/hostedtoolcache/Python/3.11.16/x64
2026-09-23T08:43:52.6964391Z   Python2_ROOT_DIR: /opt/hostedtoolcache/Python/3.11.16/x64
2026-09-23T08:43:52.6964601Z   Python3_ROOT_DIR: /opt/hostedtoolcache/Python/3.11.16/x64
2026-09-23T08:43:52.6964841Z   LD_LIBRARY_PATH: /opt/hostedtoolcache/Python/3.11.16/x64/lib
2026-09-23T08:43:52.6965025Z ##[endgroup]
2026-09-23T08:43:52.8381461Z ============================= test session starts ==============================
2026-09-23T08:43:52.8382166Z platform linux -- Python 3.11.16, pytest-9.1.1, pluggy-1.6.0 -- /opt/hostedtoolcache/Python/3.11.16/x64/bin/python
2026-09-23T08:43:52.8382628Z cachedir: .pytest_cache
2026-09-23T08:43:52.8382918Z rootdir: /home/runner/work/log-generation/log-generation
2026-09-23T08:43:52.8383457Z configfile: pytest.ini
2026-09-23T08:43:52.8429085Z collecting ... collected 6 items
2026-09-23T08:43:52.8429289Z 
2026-09-23T08:43:52.8433884Z tests/test_app.py::test_calculate_division PASSED                        [ 16%]
2026-09-23T08:43:52.8437657Z tests/test_app.py::test_convert_to_int PASSED                            [ 33%]
2026-09-23T08:43:52.8441716Z tests/test_app.py::test_get_list_item PASSED                             [ 50%]
2026-09-23T08:43:52.8445289Z tests/test_app.py::test_get_dict_value PASSED                            [ 66%]
2026-09-23T08:43:52.8448718Z tests/test_app.py::test_assert_positive PASSED                           [ 83%]
2026-09-23T08:43:52.8622090Z tests/test_app.py::test_attribute_error FAILED                           [100%]
2026-09-23T08:43:52.8622396Z 
2026-09-23T08:43:52.8622537Z =================================== FAILURES ===================================
2026-09-23T08:43:52.8622881Z _____________________________ test_attribute_error _____________________________
2026-09-23T08:43:52.8623102Z 
2026-09-23T08:43:52.8623194Z     def test_attribute_error():
2026-09-23T08:43:52.8623432Z         """Injected synthetic AttributeError."""
2026-09-23T08:43:52.8623727Z         from src.app import get_object_attribute
2026-09-23T08:43:52.8623990Z >       get_object_attribute(object())
2026-09-23T08:43:52.8624149Z 
2026-09-23T08:43:52.8624236Z tests/test_app.py:137: 
2026-09-23T08:43:52.8624485Z _ _ _ _ _ _ _ _ _ _ _ _ _ _ _ _ _ _ _ _ _ _ _ _ _ _ _ _ _ _ _ _ _ _ _ _ _ _ _ _ 
2026-09-23T08:43:52.8624689Z 
2026-09-23T08:43:52.8624789Z obj = <object object at 0x7fb49fe9d370>
2026-09-23T08:43:52.8624980Z 
2026-09-23T08:43:52.8625082Z     def get_object_attribute(obj):
2026-09-23T08:43:52.8625319Z >       return obj.non_existent_attribute
2026-09-23T08:43:52.8625570Z                ^^^^^^^^^^^^^^^^^^^^^^^^^^
2026-09-23T08:43:52.8625904Z E       AttributeError: 'object' object has no attribute 'non_existent_attribute'
2026-09-23T08:43:52.8626176Z 
2026-09-23T08:43:52.8626268Z src/app.py:14: AttributeError
2026-09-23T08:43:52.8626539Z =========================== short test summary info ============================
2026-09-23T08:43:52.8627313Z FAILED tests/test_app.py::test_attribute_error - AttributeError: 'object' object has no attribute 'non_existent_attribute'
2026-09-23T08:43:52.8627832Z ========================= 1 failed, 5 passed in 0.02s ==========================
2026-09-23T08:43:52.8753646Z ##[error]Process completed with exit code 1.
2026-09-23T08:43:52.8844567Z Node 20 is being deprecated. This workflow is running with Node 24 by default. If you need to temporarily use Node 20, you can set the ACTIONS_ALLOW_USE_UNSECURE_NODE_VERSION=true environment variable. For more information see: https://github.blog/changelog/2025-09-19-deprecation-of-node-20-on-github-actions-runners/
2026-09-23T08:43:52.8845211Z Post job cleanup.
2026-09-23T08:43:52.9379872Z [command]/usr/bin/git version
2026-09-23T08:43:52.9409794Z git version 2.55.0
2026-09-23T08:43:52.9432231Z Temporarily overriding HOME='/home/runner/work/_temp/52e9c946-55c5-4236-affa-99ca43e22349' before making global git config changes
2026-09-23T08:43:52.9432899Z Adding repository directory to the temporary git global config as a safe directory
2026-09-23T08:43:52.9435907Z [command]/usr/bin/git config --global --add safe.directory /home/runner/work/log-generation/log-generation
2026-09-23T08:43:52.9465500Z [command]/usr/bin/git config --local --name-only --get-regexp core\.sshCommand
2026-09-23T08:43:52.9499517Z [command]/usr/bin/git submodule foreach --recursive sh -c "git config --local --name-only --get-regexp 'core\.sshCommand' && git config --local --unset-all 'core.sshCommand' || :"
2026-09-23T08:43:52.9704123Z [command]/usr/bin/git config --local --name-only --get-regexp http\.https\:\/\/github\.com\/\.extraheader
2026-09-23T08:43:52.9732697Z http.https://github.com/.extraheader
2026-09-23T08:43:52.9741511Z [command]/usr/bin/git config --local --unset-all http.https://github.com/.extraheader
2026-09-23T08:43:52.9768808Z [command]/usr/bin/git submodule foreach --recursive sh -c "git config --local --name-only --get-regexp 'http\.https\:\/\/github\.com\/\.extraheader' && git config --local --unset-all 'http.https://github.com/.extraheader' || :"
2026-09-23T08:43:52.9990591Z [command]/usr/bin/git config --local --name-only --get-regexp ^includeIf\.gitdir:
2026-09-23T08:43:53.0018111Z [command]/usr/bin/git submodule foreach --recursive git config --local --show-origin --name-only --get-regexp remote.origin.url
2026-09-23T08:43:53.0302071Z Cleaning up orphan processes
2026-09-23T08:43:53.0480814Z ##[warning]Node.js 20 is deprecated. The following actions target Node.js 20 but are being forced to run on Node.js 24: actions/checkout@v4, actions/setup-python@v5. For more information see: https://github.blog/changelog/2025-09-19-deprecation-of-node-20-on-github-actions-runners/
