ï»¿2026-09-23T08:48:03.6078825Z Current runner version: '2.337.0'
2026-09-23T08:48:03.6102661Z ##[group]Runner Image Provisioner
2026-09-23T08:48:03.6103432Z Hosted Compute Agent
2026-09-23T08:48:03.6103984Z Version: 20260828.587
2026-09-23T08:48:03.6104630Z Commit: abac92662cab4cc7352de4f9f9d2e2419aad9c29
2026-09-23T08:48:03.6105310Z Build Date: 2026-08-28T16:44:25Z
2026-09-23T08:48:03.6105943Z Worker ID: {3e7d161d-6ed4-4f94-bbde-a3bb05974824}
2026-09-23T08:48:03.6106617Z Azure Region: westus3
2026-09-23T08:48:03.6107136Z ##[endgroup]
2026-09-23T08:48:03.6108738Z ##[group]Operating System
2026-09-23T08:48:03.6109318Z Ubuntu
2026-09-23T08:48:03.6109831Z 24.04.5
2026-09-23T08:48:03.6110307Z LTS
2026-09-23T08:48:03.6110782Z ##[endgroup]
2026-09-23T08:48:03.6111791Z ##[group]Runner Image
2026-09-23T08:48:03.6112336Z Image: ubuntu-24.04
2026-09-23T08:48:03.6112858Z Version: 20260920.314.1
2026-09-23T08:48:03.6114045Z Included Software: https://github.com/actions/runner-images/blob/ubuntu24/20260920.314/images/ubuntu/Ubuntu2404-Readme.md
2026-09-23T08:48:03.6115453Z Image Release: https://github.com/actions/runner-images/releases/tag/ubuntu24%2F20260920.314
2026-09-23T08:48:03.6116317Z ##[endgroup]
2026-09-23T08:48:03.6117393Z ##[group]GITHUB_TOKEN Permissions
2026-09-23T08:48:03.6119519Z Contents: read
2026-09-23T08:48:03.6120077Z Metadata: read
2026-09-23T08:48:03.6120597Z Packages: read
2026-09-23T08:48:03.6121090Z ##[endgroup]
2026-09-23T08:48:03.6123175Z Secret source: Actions
2026-09-23T08:48:03.6124059Z Cache mode: write
2026-09-23T08:48:03.6124998Z Prepare workflow directory
2026-09-23T08:48:03.6442301Z Prepare all required actions
2026-09-23T08:48:03.6489173Z Getting action download info
2026-09-23T08:48:03.9643620Z Download action repository 'actions/checkout@v4' (SHA:11d5960a326750d5838078e36cf38b85af677262)
2026-09-23T08:48:04.0356216Z Download action repository 'actions/setup-python@v5' (SHA:a26af69be951a213d495a4c3e4e4022e16d87065)
2026-09-23T08:48:04.1894092Z Complete job name: test-f3 (AssertionError #19)
2026-09-23T08:48:04.2583426Z Node 20 is being deprecated. This workflow is running with Node 24 by default. If you need to temporarily use Node 20, you can set the ACTIONS_ALLOW_USE_UNSECURE_NODE_VERSION=true environment variable. For more information see: https://github.blog/changelog/2025-09-19-deprecation-of-node-20-on-github-actions-runners/
2026-09-23T08:48:04.2591879Z ##[group]Run actions/checkout@v4
2026-09-23T08:48:04.2592708Z with:
2026-09-23T08:48:04.2593184Z   fetch-depth: 1
2026-09-23T08:48:04.2593726Z   repository: DhruvHegde/log-generation
2026-09-23T08:48:04.2597314Z   token: ***
2026-09-23T08:48:04.2597777Z   ssh-strict: true
2026-09-23T08:48:04.2598271Z   ssh-user: git
2026-09-23T08:48:04.2598765Z   persist-credentials: true
2026-09-23T08:48:04.2599306Z   clean: true
2026-09-23T08:48:04.2599811Z   sparse-checkout-cone-mode: true
2026-09-23T08:48:04.2600361Z   fetch-tags: false
2026-09-23T08:48:04.2601015Z   show-progress: true
2026-09-23T08:48:04.2601908Z   lfs: false
2026-09-23T08:48:04.2602512Z   submodules: false
2026-09-23T08:48:04.2603277Z   set-safe-directory: true
2026-09-23T08:48:04.2603861Z   allow-unsafe-pr-checkout: false
2026-09-23T08:48:04.2605107Z ##[endgroup]
2026-09-23T08:48:04.3610431Z Syncing repository: DhruvHegde/log-generation
2026-09-23T08:48:04.3613881Z ##[group]Getting Git version info
2026-09-23T08:48:04.3615177Z Working directory is '/home/runner/work/log-generation/log-generation'
2026-09-23T08:48:04.3616981Z [command]/usr/bin/git version
2026-09-23T08:48:04.3639009Z git version 2.55.0
2026-09-23T08:48:04.3658382Z ##[endgroup]
2026-09-23T08:48:04.3672693Z Temporarily overriding HOME='/home/runner/work/_temp/19953a75-90de-4a8b-84a8-32f3f735eed9' before making global git config changes
2026-09-23T08:48:04.3675179Z Adding repository directory to the temporary git global config as a safe directory
2026-09-23T08:48:04.3678116Z [command]/usr/bin/git config --global --add safe.directory /home/runner/work/log-generation/log-generation
2026-09-23T08:48:04.3724096Z Deleting the contents of '/home/runner/work/log-generation/log-generation'
2026-09-23T08:48:04.3728736Z ##[group]Initializing the repository
2026-09-23T08:48:04.3732249Z [command]/usr/bin/git init /home/runner/work/log-generation/log-generation
2026-09-23T08:48:04.3832437Z hint: Using 'master' as the name for the initial branch. This default branch name
2026-09-23T08:48:04.3834580Z hint: will change to "main" in Git 3.0. To configure the initial branch name
2026-09-23T08:48:04.3836729Z hint: to use in all of your new repositories, which will suppress this warning,
2026-09-23T08:48:04.3838214Z hint: call:
2026-09-23T08:48:04.3839109Z hint:
2026-09-23T08:48:04.3840173Z hint: 	git config --global init.defaultBranch <name>
2026-09-23T08:48:04.3841564Z hint:
2026-09-23T08:48:04.3842891Z hint: Names commonly chosen instead of 'master' are 'main', 'trunk' and
2026-09-23T08:48:04.3845669Z hint: 'development'. The just-created branch can be renamed via this command:
2026-09-23T08:48:04.3847154Z hint:
2026-09-23T08:48:04.3847721Z hint: 	git branch -m <name>
2026-09-23T08:48:04.3848882Z hint:
2026-09-23T08:48:04.3850184Z hint: Disable this message with "git config set advice.defaultBranchName false"
2026-09-23T08:48:04.3852517Z Initialized empty Git repository in /home/runner/work/log-generation/log-generation/.git/
2026-09-23T08:48:04.3856068Z [command]/usr/bin/git remote add origin https://github.com/DhruvHegde/log-generation
2026-09-23T08:48:04.3888587Z ##[endgroup]
2026-09-23T08:48:04.3889885Z ##[group]Disabling automatic garbage collection
2026-09-23T08:48:04.3893463Z [command]/usr/bin/git config --local gc.auto 0
2026-09-23T08:48:04.3920094Z ##[endgroup]
2026-09-23T08:48:04.3921275Z ##[group]Setting up auth
2026-09-23T08:48:04.3932199Z [command]/usr/bin/git config --local --name-only --get-regexp core\.sshCommand
2026-09-23T08:48:04.3955177Z [command]/usr/bin/git submodule foreach --recursive sh -c "git config --local --name-only --get-regexp 'core\.sshCommand' && git config --local --unset-all 'core.sshCommand' || :"
2026-09-23T08:48:04.4260072Z [command]/usr/bin/git config --local --name-only --get-regexp http\.https\:\/\/github\.com\/\.extraheader
2026-09-23T08:48:04.4290094Z [command]/usr/bin/git submodule foreach --recursive sh -c "git config --local --name-only --get-regexp 'http\.https\:\/\/github\.com\/\.extraheader' && git config --local --unset-all 'http.https://github.com/.extraheader' || :"
2026-09-23T08:48:04.4489959Z [command]/usr/bin/git config --local --name-only --get-regexp ^includeIf\.gitdir:
2026-09-23T08:48:04.4519459Z [command]/usr/bin/git submodule foreach --recursive git config --local --show-origin --name-only --get-regexp remote.origin.url
2026-09-23T08:48:04.4694260Z [command]/usr/bin/git config --local http.https://github.com/.extraheader AUTHORIZATION: basic ***
2026-09-23T08:48:04.4726300Z ##[endgroup]
2026-09-23T08:48:04.4727064Z ##[group]Fetching the repository
2026-09-23T08:48:04.4736222Z [command]/usr/bin/git -c protocol.version=2 fetch --no-tags --prune --no-recurse-submodules --depth=1 origin +43f20917de93b9aad51cf79a69ad5239c5632917:refs/remotes/origin/feature/f3-test-failures
2026-09-23T08:48:05.2415680Z From https://github.com/DhruvHegde/log-generation
2026-09-23T08:48:05.2418636Z  * [new ref]         43f20917de93b9aad51cf79a69ad5239c5632917 -> origin/feature/f3-test-failures
2026-09-23T08:48:05.2425136Z ##[endgroup]
2026-09-23T08:48:05.2427475Z ##[group]Determining the checkout info
2026-09-23T08:48:05.2429764Z ##[endgroup]
2026-09-23T08:48:05.2430756Z [command]/usr/bin/git sparse-checkout disable
2026-09-23T08:48:05.2475125Z [command]/usr/bin/git config --local --unset-all extensions.worktreeConfig
2026-09-23T08:48:05.2501871Z ##[group]Checking out the ref
2026-09-23T08:48:05.2506875Z [command]/usr/bin/git checkout --progress --force -B feature/f3-test-failures refs/remotes/origin/feature/f3-test-failures
2026-09-23T08:48:05.2800661Z Switched to a new branch 'feature/f3-test-failures'
2026-09-23T08:48:05.2804441Z branch 'feature/f3-test-failures' set up to track 'origin/feature/f3-test-failures'.
2026-09-23T08:48:05.2813552Z ##[endgroup]
2026-09-23T08:48:05.2849598Z [command]/usr/bin/git log -1 --format=%H
2026-09-23T08:48:05.2870160Z 43f20917de93b9aad51cf79a69ad5239c5632917
2026-09-23T08:48:05.3219791Z Node 20 is being deprecated. This workflow is running with Node 24 by default. If you need to temporarily use Node 20, you can set the ACTIONS_ALLOW_USE_UNSECURE_NODE_VERSION=true environment variable. For more information see: https://github.blog/changelog/2025-09-19-deprecation-of-node-20-on-github-actions-runners/
2026-09-23T08:48:05.3225540Z ##[group]Run actions/setup-python@v5
2026-09-23T08:48:05.3226721Z with:
2026-09-23T08:48:05.3227613Z   python-version: 3.11
2026-09-23T08:48:05.3228620Z   check-latest: false
2026-09-23T08:48:05.3237618Z   token: ***
2026-09-23T08:48:05.3238572Z   update-environment: true
2026-09-23T08:48:05.3239671Z   allow-prereleases: false
2026-09-23T08:48:05.3240733Z   freethreaded: false
2026-09-23T08:48:05.3241754Z ##[endgroup]
2026-09-23T08:48:05.4518162Z ##[group]Installed versions
2026-09-23T08:48:05.4617835Z (node:2236) [DEP0040] DeprecationWarning: The `punycode` module is deprecated. Please use a userland alternative instead.
2026-09-23T08:48:05.4622450Z (Use `node --trace-deprecation ...` to show where the warning was created)
2026-09-23T08:48:05.4625191Z Successfully set up CPython (3.11.16)
2026-09-23T08:48:05.4628399Z ##[endgroup]
2026-09-23T08:48:05.4809847Z ##[group]Run pip install --no-cache-dir pytest
2026-09-23T08:48:05.4811781Z [36;1mpip install --no-cache-dir pytest[0m
2026-09-23T08:48:05.5036700Z shell: /usr/bin/bash -e {0}
2026-09-23T08:48:05.5037869Z env:
2026-09-23T08:48:05.5038953Z   pythonLocation: /opt/hostedtoolcache/Python/3.11.16/x64
2026-09-23T08:48:05.5040737Z   PKG_CONFIG_PATH: /opt/hostedtoolcache/Python/3.11.16/x64/lib/pkgconfig
2026-09-23T08:48:05.5042647Z   Python_ROOT_DIR: /opt/hostedtoolcache/Python/3.11.16/x64
2026-09-23T08:48:05.5044257Z   Python2_ROOT_DIR: /opt/hostedtoolcache/Python/3.11.16/x64
2026-09-23T08:48:05.5045875Z   Python3_ROOT_DIR: /opt/hostedtoolcache/Python/3.11.16/x64
2026-09-23T08:48:05.5047536Z   LD_LIBRARY_PATH: /opt/hostedtoolcache/Python/3.11.16/x64/lib
2026-09-23T08:48:05.5048919Z ##[endgroup]
2026-09-23T08:48:06.3008642Z Collecting pytest
2026-09-23T08:48:06.3771995Z   Downloading pytest-9.1.1-py3-none-any.whl.metadata (7.6 kB)
2026-09-23T08:48:06.3920770Z Collecting iniconfig>=1.0.1 (from pytest)
2026-09-23T08:48:06.4026889Z   Downloading iniconfig-2.3.0-py3-none-any.whl.metadata (2.5 kB)
2026-09-23T08:48:06.4198438Z Collecting packaging>=22 (from pytest)
2026-09-23T08:48:06.4302283Z   Downloading packaging-26.3-py3-none-any.whl.metadata (3.5 kB)
2026-09-23T08:48:06.4452472Z Collecting pluggy<2,>=1.5 (from pytest)
2026-09-23T08:48:06.4555291Z   Downloading pluggy-1.6.0-py3-none-any.whl.metadata (4.8 kB)
2026-09-23T08:48:06.4767370Z Collecting pygments>=2.7.2 (from pytest)
2026-09-23T08:48:06.4872326Z   Downloading pygments-2.21.0-py3-none-any.whl.metadata (2.5 kB)
2026-09-23T08:48:06.4999482Z Downloading pytest-9.1.1-py3-none-any.whl (386 kB)
2026-09-23T08:48:06.5439714Z Downloading pluggy-1.6.0-py3-none-any.whl (20 kB)
2026-09-23T08:48:06.5542843Z Downloading iniconfig-2.3.0-py3-none-any.whl (7.5 kB)
2026-09-23T08:48:06.5645587Z Downloading packaging-26.3-py3-none-any.whl (129 kB)
2026-09-23T08:48:06.5758684Z Downloading pygments-2.21.0-py3-none-any.whl (1.3 MB)
2026-09-23T08:48:06.6014028Z    ââââââââââââââââââââââââââââââââââââââââ 1.3/1.3 MB 45.5 MB/s  0:00:00
2026-09-23T08:48:06.6609079Z Installing collected packages: pygments, pluggy, packaging, iniconfig, pytest
2026-09-23T08:48:07.4867700Z 
2026-09-23T08:48:07.4876252Z Successfully installed iniconfig-2.3.0 packaging-26.3 pluggy-1.6.0 pygments-2.21.0 pytest-9.1.1
2026-09-23T08:48:07.5442034Z ##[group]Run python automation/inject_mutation.py --error-type "AssertionError"
2026-09-23T08:48:07.5442652Z [36;1mpython automation/inject_mutation.py --error-type "AssertionError"[0m
2026-09-23T08:48:07.5482504Z shell: /usr/bin/bash -e {0}
2026-09-23T08:48:07.5482798Z env:
2026-09-23T08:48:07.5483253Z   pythonLocation: /opt/hostedtoolcache/Python/3.11.16/x64
2026-09-23T08:48:07.5483682Z   PKG_CONFIG_PATH: /opt/hostedtoolcache/Python/3.11.16/x64/lib/pkgconfig
2026-09-23T08:48:07.5484106Z   Python_ROOT_DIR: /opt/hostedtoolcache/Python/3.11.16/x64
2026-09-23T08:48:07.5484481Z   Python2_ROOT_DIR: /opt/hostedtoolcache/Python/3.11.16/x64
2026-09-23T08:48:07.5484878Z   Python3_ROOT_DIR: /opt/hostedtoolcache/Python/3.11.16/x64
2026-09-23T08:48:07.5485250Z   LD_LIBRARY_PATH: /opt/hostedtoolcache/Python/3.11.16/x64/lib
2026-09-23T08:48:07.5485569Z ##[endgroup]
2026-09-23T08:48:07.5762706Z [Mutation Injected] Successfully injected AssertionError into tests/test_app.py
2026-09-23T08:48:07.5829874Z ##[group]Run pytest tests/test_app.py -v
2026-09-23T08:48:07.5830275Z [36;1mpytest tests/test_app.py -v[0m
2026-09-23T08:48:07.5869940Z shell: /usr/bin/bash -e {0}
2026-09-23T08:48:07.5870225Z env:
2026-09-23T08:48:07.5870512Z   pythonLocation: /opt/hostedtoolcache/Python/3.11.16/x64
2026-09-23T08:48:07.5870939Z   PKG_CONFIG_PATH: /opt/hostedtoolcache/Python/3.11.16/x64/lib/pkgconfig
2026-09-23T08:48:07.5871504Z   Python_ROOT_DIR: /opt/hostedtoolcache/Python/3.11.16/x64
2026-09-23T08:48:07.5871899Z   Python2_ROOT_DIR: /opt/hostedtoolcache/Python/3.11.16/x64
2026-09-23T08:48:07.5872273Z   Python3_ROOT_DIR: /opt/hostedtoolcache/Python/3.11.16/x64
2026-09-23T08:48:07.5872658Z   LD_LIBRARY_PATH: /opt/hostedtoolcache/Python/3.11.16/x64/lib
2026-09-23T08:48:07.5872996Z ##[endgroup]
2026-09-23T08:48:07.9317121Z ============================= test session starts ==============================
2026-09-23T08:48:07.9318181Z platform linux -- Python 3.11.16, pytest-9.1.1, pluggy-1.6.0 -- /opt/hostedtoolcache/Python/3.11.16/x64/bin/python
2026-09-23T08:48:07.9318899Z cachedir: .pytest_cache
2026-09-23T08:48:07.9319294Z rootdir: /home/runner/work/log-generation/log-generation
2026-09-23T08:48:07.9319724Z configfile: pytest.ini
2026-09-23T08:48:07.9398595Z collecting ... collected 6 items
2026-09-23T08:48:07.9399202Z 
2026-09-23T08:48:07.9406560Z tests/test_app.py::test_calculate_division PASSED                        [ 16%]
2026-09-23T08:48:07.9412408Z tests/test_app.py::test_convert_to_int PASSED                            [ 33%]
2026-09-23T08:48:07.9418213Z tests/test_app.py::test_get_list_item PASSED                             [ 50%]
2026-09-23T08:48:07.9423852Z tests/test_app.py::test_get_dict_value PASSED                            [ 66%]
2026-09-23T08:48:07.9429152Z tests/test_app.py::test_assert_positive PASSED                           [ 83%]
2026-09-23T08:48:07.9652421Z tests/test_app.py::test_assertion_failure FAILED                         [100%]
2026-09-23T08:48:07.9653074Z 
2026-09-23T08:48:07.9653304Z =================================== FAILURES ===================================
2026-09-23T08:48:07.9653820Z ____________________________ test_assertion_failure ____________________________
2026-09-23T08:48:07.9654129Z 
2026-09-23T08:48:07.9654279Z     def test_assertion_failure():
2026-09-23T08:48:07.9654639Z         """Injected synthetic AssertionError."""
2026-09-23T08:48:07.9655015Z         expected_status = 200
2026-09-23T08:48:07.9655320Z         actual_status = 500
2026-09-23T08:48:07.9655879Z >       assert actual_status == expected_status, f"Expected {expected_status}, received {actual_status}"
2026-09-23T08:48:07.9656479Z E       AssertionError: Expected 200, received 500
2026-09-23T08:48:07.9656841Z E       assert 500 == 200
2026-09-23T08:48:07.9657018Z 
2026-09-23T08:48:07.9657198Z tests/test_app.py:140: AssertionError
2026-09-23T08:48:07.9657644Z =========================== short test summary info ============================
2026-09-23T08:48:07.9658289Z FAILED tests/test_app.py::test_assertion_failure - AssertionError: Expected 200, received 500
2026-09-23T08:48:07.9658802Z assert 500 == 200
2026-09-23T08:48:07.9659163Z ========================= 1 failed, 5 passed in 0.02s ==========================
2026-09-23T08:48:07.9864973Z ##[error]Process completed with exit code 1.
2026-09-23T08:48:08.0009284Z Node 20 is being deprecated. This workflow is running with Node 24 by default. If you need to temporarily use Node 20, you can set the ACTIONS_ALLOW_USE_UNSECURE_NODE_VERSION=true environment variable. For more information see: https://github.blog/changelog/2025-09-19-deprecation-of-node-20-on-github-actions-runners/
2026-09-23T08:48:08.0010581Z Post job cleanup.
2026-09-23T08:48:08.0882115Z [command]/usr/bin/git version
2026-09-23T08:48:08.0903652Z git version 2.55.0
2026-09-23T08:48:08.0948209Z Temporarily overriding HOME='/home/runner/work/_temp/d5857621-ecd2-49b5-a40a-67885d10c8b1' before making global git config changes
2026-09-23T08:48:08.0949262Z Adding repository directory to the temporary git global config as a safe directory
2026-09-23T08:48:08.0955098Z [command]/usr/bin/git config --global --add safe.directory /home/runner/work/log-generation/log-generation
2026-09-23T08:48:08.0995804Z [command]/usr/bin/git config --local --name-only --get-regexp core\.sshCommand
2026-09-23T08:48:08.1030883Z [command]/usr/bin/git submodule foreach --recursive sh -c "git config --local --name-only --get-regexp 'core\.sshCommand' && git config --local --unset-all 'core.sshCommand' || :"
2026-09-23T08:48:08.1231247Z [command]/usr/bin/git config --local --name-only --get-regexp http\.https\:\/\/github\.com\/\.extraheader
2026-09-23T08:48:08.1258593Z http.https://github.com/.extraheader
2026-09-23T08:48:08.1277253Z [command]/usr/bin/git config --local --unset-all http.https://github.com/.extraheader
2026-09-23T08:48:08.1310834Z [command]/usr/bin/git submodule foreach --recursive sh -c "git config --local --name-only --get-regexp 'http\.https\:\/\/github\.com\/\.extraheader' && git config --local --unset-all 'http.https://github.com/.extraheader' || :"
2026-09-23T08:48:08.1508186Z [command]/usr/bin/git config --local --name-only --get-regexp ^includeIf\.gitdir:
2026-09-23T08:48:08.1542231Z [command]/usr/bin/git submodule foreach --recursive git config --local --show-origin --name-only --get-regexp remote.origin.url
2026-09-23T08:48:08.1902913Z Cleaning up orphan processes
2026-09-23T08:48:08.2133920Z ##[warning]Node.js 20 is deprecated. The following actions target Node.js 20 but are being forced to run on Node.js 24: actions/checkout@v4, actions/setup-python@v5. For more information see: https://github.blog/changelog/2025-09-19-deprecation-of-node-20-on-github-actions-runners/
