ï»¿2026-09-23T08:49:08.8413194Z Current runner version: '2.337.0'
2026-09-23T08:49:08.8439649Z ##[group]Runner Image Provisioner
2026-09-23T08:49:08.8440533Z Hosted Compute Agent
2026-09-23T08:49:08.8441120Z Version: 20260828.587
2026-09-23T08:49:08.8441862Z Commit: abac92662cab4cc7352de4f9f9d2e2419aad9c29
2026-09-23T08:49:08.8442616Z Build Date: 2026-08-28T16:44:25Z
2026-09-23T08:49:08.8443387Z Worker ID: {bc899c54-1bf4-4716-a485-e3f58a968a15}
2026-09-23T08:49:08.8444331Z Azure Region: westcentralus
2026-09-23T08:49:08.8444985Z ##[endgroup]
2026-09-23T08:49:08.8446746Z ##[group]Operating System
2026-09-23T08:49:08.8447406Z Ubuntu
2026-09-23T08:49:08.8448065Z 24.04.5
2026-09-23T08:49:08.8448628Z LTS
2026-09-23T08:49:08.8449579Z ##[endgroup]
2026-09-23T08:49:08.8450185Z ##[group]Runner Image
2026-09-23T08:49:08.8450850Z Image: ubuntu-24.04
2026-09-23T08:49:08.8451494Z Version: 20260907.300.1
2026-09-23T08:49:08.8452812Z Included Software: https://github.com/actions/runner-images/blob/ubuntu24/20260907.300/images/ubuntu/Ubuntu2404-Readme.md
2026-09-23T08:49:08.8454842Z Image Release: https://github.com/actions/runner-images/releases/tag/ubuntu24%2F20260907.300
2026-09-23T08:49:08.8455905Z ##[endgroup]
2026-09-23T08:49:08.8457256Z ##[group]GITHUB_TOKEN Permissions
2026-09-23T08:49:08.8459606Z Contents: read
2026-09-23T08:49:08.8460306Z Metadata: read
2026-09-23T08:49:08.8460894Z Packages: read
2026-09-23T08:49:08.8461490Z ##[endgroup]
2026-09-23T08:49:08.8463714Z Secret source: Actions
2026-09-23T08:49:08.8464867Z Cache mode: write
2026-09-23T08:49:08.8466030Z Prepare workflow directory
2026-09-23T08:49:08.8849619Z Prepare all required actions
2026-09-23T08:49:08.8897311Z Getting action download info
2026-09-23T08:49:09.1927191Z Download action repository 'actions/checkout@v4' (SHA:11d5960a326750d5838078e36cf38b85af677262)
2026-09-23T08:49:09.3067228Z Download action repository 'actions/setup-python@v5' (SHA:a26af69be951a213d495a4c3e4e4022e16d87065)
2026-09-23T08:49:09.4941618Z Complete job name: test-f3 (TypeError #83)
2026-09-23T08:49:09.5765150Z Node 20 is being deprecated. This workflow is running with Node 24 by default. If you need to temporarily use Node 20, you can set the ACTIONS_ALLOW_USE_UNSECURE_NODE_VERSION=true environment variable. For more information see: https://github.blog/changelog/2025-09-19-deprecation-of-node-20-on-github-actions-runners/
2026-09-23T08:49:09.5773696Z ##[group]Run actions/checkout@v4
2026-09-23T08:49:09.5774598Z with:
2026-09-23T08:49:09.5775017Z   fetch-depth: 1
2026-09-23T08:49:09.5775500Z   repository: DhruvHegde/log-generation
2026-09-23T08:49:09.5779595Z   token: ***
2026-09-23T08:49:09.5780033Z   ssh-strict: true
2026-09-23T08:49:09.5780482Z   ssh-user: git
2026-09-23T08:49:09.5780926Z   persist-credentials: true
2026-09-23T08:49:09.5781408Z   clean: true
2026-09-23T08:49:09.5781859Z   sparse-checkout-cone-mode: true
2026-09-23T08:49:09.5782378Z   fetch-tags: false
2026-09-23T08:49:09.5782826Z   show-progress: true
2026-09-23T08:49:09.5783277Z   lfs: false
2026-09-23T08:49:09.5783726Z   submodules: false
2026-09-23T08:49:09.5784391Z   set-safe-directory: true
2026-09-23T08:49:09.5784907Z   allow-unsafe-pr-checkout: false
2026-09-23T08:49:09.5785675Z ##[endgroup]
2026-09-23T08:49:09.6842029Z Syncing repository: DhruvHegde/log-generation
2026-09-23T08:49:09.6844973Z ##[group]Getting Git version info
2026-09-23T08:49:09.6846343Z Working directory is '/home/runner/work/log-generation/log-generation'
2026-09-23T08:49:09.6848110Z [command]/usr/bin/git version
2026-09-23T08:49:09.6886445Z git version 2.55.0
2026-09-23T08:49:09.6908355Z ##[endgroup]
2026-09-23T08:49:09.6926279Z Temporarily overriding HOME='/home/runner/work/_temp/65f6557c-4b57-4ef2-91b0-64576d95902a' before making global git config changes
2026-09-23T08:49:09.6928877Z Adding repository directory to the temporary git global config as a safe directory
2026-09-23T08:49:09.6933407Z [command]/usr/bin/git config --global --add safe.directory /home/runner/work/log-generation/log-generation
2026-09-23T08:49:09.6986189Z Deleting the contents of '/home/runner/work/log-generation/log-generation'
2026-09-23T08:49:09.6990993Z ##[group]Initializing the repository
2026-09-23T08:49:09.6995376Z [command]/usr/bin/git init /home/runner/work/log-generation/log-generation
2026-09-23T08:49:09.7083812Z hint: Using 'master' as the name for the initial branch. This default branch name
2026-09-23T08:49:09.7085655Z hint: will change to "main" in Git 3.0. To configure the initial branch name
2026-09-23T08:49:09.7088133Z hint: to use in all of your new repositories, which will suppress this warning,
2026-09-23T08:49:09.7089322Z hint: call:
2026-09-23T08:49:09.7089956Z hint:
2026-09-23T08:49:09.7090782Z hint: 	git config --global init.defaultBranch <name>
2026-09-23T08:49:09.7091784Z hint:
2026-09-23T08:49:09.7092708Z hint: Names commonly chosen instead of 'master' are 'main', 'trunk' and
2026-09-23T08:49:09.7094772Z hint: 'development'. The just-created branch can be renamed via this command:
2026-09-23T08:49:09.7096266Z hint:
2026-09-23T08:49:09.7097208Z hint: 	git branch -m <name>
2026-09-23T08:49:09.7098226Z hint:
2026-09-23T08:49:09.7099441Z hint: Disable this message with "git config set advice.defaultBranchName false"
2026-09-23T08:49:09.7101369Z Initialized empty Git repository in /home/runner/work/log-generation/log-generation/.git/
2026-09-23T08:49:09.7103770Z [command]/usr/bin/git remote add origin https://github.com/DhruvHegde/log-generation
2026-09-23T08:49:09.7143058Z ##[endgroup]
2026-09-23T08:49:09.7144500Z ##[group]Disabling automatic garbage collection
2026-09-23T08:49:09.7148080Z [command]/usr/bin/git config --local gc.auto 0
2026-09-23T08:49:09.7184481Z ##[endgroup]
2026-09-23T08:49:09.7185617Z ##[group]Setting up auth
2026-09-23T08:49:09.7192724Z [command]/usr/bin/git config --local --name-only --get-regexp core\.sshCommand
2026-09-23T08:49:09.7229758Z [command]/usr/bin/git submodule foreach --recursive sh -c "git config --local --name-only --get-regexp 'core\.sshCommand' && git config --local --unset-all 'core.sshCommand' || :"
2026-09-23T08:49:09.7571563Z [command]/usr/bin/git config --local --name-only --get-regexp http\.https\:\/\/github\.com\/\.extraheader
2026-09-23T08:49:09.7615605Z [command]/usr/bin/git submodule foreach --recursive sh -c "git config --local --name-only --get-regexp 'http\.https\:\/\/github\.com\/\.extraheader' && git config --local --unset-all 'http.https://github.com/.extraheader' || :"
2026-09-23T08:49:09.7892115Z [command]/usr/bin/git config --local --name-only --get-regexp ^includeIf\.gitdir:
2026-09-23T08:49:09.7932174Z [command]/usr/bin/git submodule foreach --recursive git config --local --show-origin --name-only --get-regexp remote.origin.url
2026-09-23T08:49:09.8186857Z [command]/usr/bin/git config --local http.https://github.com/.extraheader AUTHORIZATION: basic ***
2026-09-23T08:49:09.8229567Z ##[endgroup]
2026-09-23T08:49:09.8230411Z ##[group]Fetching the repository
2026-09-23T08:49:09.8240056Z [command]/usr/bin/git -c protocol.version=2 fetch --no-tags --prune --no-recurse-submodules --depth=1 origin +43f20917de93b9aad51cf79a69ad5239c5632917:refs/remotes/origin/feature/f3-test-failures
2026-09-23T08:49:10.7180489Z From https://github.com/DhruvHegde/log-generation
2026-09-23T08:49:10.7206340Z  * [new ref]         43f20917de93b9aad51cf79a69ad5239c5632917 -> origin/feature/f3-test-failures
2026-09-23T08:49:10.7217287Z ##[endgroup]
2026-09-23T08:49:10.7218514Z ##[group]Determining the checkout info
2026-09-23T08:49:10.7219795Z ##[endgroup]
2026-09-23T08:49:10.7220578Z [command]/usr/bin/git sparse-checkout disable
2026-09-23T08:49:10.7249067Z [command]/usr/bin/git config --local --unset-all extensions.worktreeConfig
2026-09-23T08:49:10.7286149Z ##[group]Checking out the ref
2026-09-23T08:49:10.7291232Z [command]/usr/bin/git checkout --progress --force -B feature/f3-test-failures refs/remotes/origin/feature/f3-test-failures
2026-09-23T08:49:10.7691427Z Switched to a new branch 'feature/f3-test-failures'
2026-09-23T08:49:10.7693871Z branch 'feature/f3-test-failures' set up to track 'origin/feature/f3-test-failures'.
2026-09-23T08:49:10.7702536Z ##[endgroup]
2026-09-23T08:49:10.7748491Z [command]/usr/bin/git log -1 --format=%H
2026-09-23T08:49:10.7778059Z 43f20917de93b9aad51cf79a69ad5239c5632917
2026-09-23T08:49:10.8134887Z Node 20 is being deprecated. This workflow is running with Node 24 by default. If you need to temporarily use Node 20, you can set the ACTIONS_ALLOW_USE_UNSECURE_NODE_VERSION=true environment variable. For more information see: https://github.blog/changelog/2025-09-19-deprecation-of-node-20-on-github-actions-runners/
2026-09-23T08:49:10.8140012Z ##[group]Run actions/setup-python@v5
2026-09-23T08:49:10.8141200Z with:
2026-09-23T08:49:10.8142156Z   python-version: 3.11
2026-09-23T08:49:10.8143229Z   check-latest: false
2026-09-23T08:49:10.8151955Z   token: ***
2026-09-23T08:49:10.8152978Z   update-environment: true
2026-09-23T08:49:10.8154282Z   allow-prereleases: false
2026-09-23T08:49:10.8155389Z   freethreaded: false
2026-09-23T08:49:10.8156410Z ##[endgroup]
2026-09-23T08:49:10.9519375Z ##[group]Installed versions
2026-09-23T08:49:10.9598193Z (node:2311) [DEP0040] DeprecationWarning: The `punycode` module is deprecated. Please use a userland alternative instead.
2026-09-23T08:49:10.9601448Z (Use `node --trace-deprecation ...` to show where the warning was created)
2026-09-23T08:49:10.9603748Z Successfully set up CPython (3.11.16)
2026-09-23T08:49:10.9606632Z ##[endgroup]
2026-09-23T08:49:10.9888912Z ##[group]Run pip install --no-cache-dir pytest
2026-09-23T08:49:10.9891051Z [36;1mpip install --no-cache-dir pytest[0m
2026-09-23T08:49:10.9967821Z shell: /usr/bin/bash -e {0}
2026-09-23T08:49:10.9968917Z env:
2026-09-23T08:49:10.9970188Z   pythonLocation: /opt/hostedtoolcache/Python/3.11.16/x64
2026-09-23T08:49:10.9972177Z   PKG_CONFIG_PATH: /opt/hostedtoolcache/Python/3.11.16/x64/lib/pkgconfig
2026-09-23T08:49:10.9974842Z   Python_ROOT_DIR: /opt/hostedtoolcache/Python/3.11.16/x64
2026-09-23T08:49:10.9976961Z   Python2_ROOT_DIR: /opt/hostedtoolcache/Python/3.11.16/x64
2026-09-23T08:49:10.9978488Z   Python3_ROOT_DIR: /opt/hostedtoolcache/Python/3.11.16/x64
2026-09-23T08:49:10.9980073Z   LD_LIBRARY_PATH: /opt/hostedtoolcache/Python/3.11.16/x64/lib
2026-09-23T08:49:10.9981600Z ##[endgroup]
2026-09-23T08:49:13.9792789Z Collecting pytest
2026-09-23T08:49:14.0929675Z   Downloading pytest-9.1.1-py3-none-any.whl.metadata (7.6 kB)
2026-09-23T08:49:14.1174796Z Collecting iniconfig>=1.0.1 (from pytest)
2026-09-23T08:49:14.1366370Z   Downloading iniconfig-2.3.0-py3-none-any.whl.metadata (2.5 kB)
2026-09-23T08:49:14.1619506Z Collecting packaging>=22 (from pytest)
2026-09-23T08:49:14.1809829Z   Downloading packaging-26.3-py3-none-any.whl.metadata (3.5 kB)
2026-09-23T08:49:14.2039801Z Collecting pluggy<2,>=1.5 (from pytest)
2026-09-23T08:49:14.2228421Z   Downloading pluggy-1.6.0-py3-none-any.whl.metadata (4.8 kB)
2026-09-23T08:49:14.2521150Z Collecting pygments>=2.7.2 (from pytest)
2026-09-23T08:49:14.2709756Z   Downloading pygments-2.21.0-py3-none-any.whl.metadata (2.5 kB)
2026-09-23T08:49:14.2923252Z Downloading pytest-9.1.1-py3-none-any.whl (386 kB)
2026-09-23T08:49:14.3748539Z Downloading pluggy-1.6.0-py3-none-any.whl (20 kB)
2026-09-23T08:49:14.3935960Z Downloading iniconfig-2.3.0-py3-none-any.whl (7.5 kB)
2026-09-23T08:49:14.4124375Z Downloading packaging-26.3-py3-none-any.whl (129 kB)
2026-09-23T08:49:14.4330097Z Downloading pygments-2.21.0-py3-none-any.whl (1.3 MB)
2026-09-23T08:49:14.4752448Z    ââââââââââââââââââââââââââââââââââââââââ 1.3/1.3 MB 27.8 MB/s  0:00:00
2026-09-23T08:49:14.6493134Z Installing collected packages: pygments, pluggy, packaging, iniconfig, pytest
2026-09-23T08:49:15.6261092Z 
2026-09-23T08:49:15.6270676Z Successfully installed iniconfig-2.3.0 packaging-26.3 pluggy-1.6.0 pygments-2.21.0 pytest-9.1.1
2026-09-23T08:49:15.6817301Z ##[group]Run python automation/inject_mutation.py --error-type "TypeError"
2026-09-23T08:49:15.6817920Z [36;1mpython automation/inject_mutation.py --error-type "TypeError"[0m
2026-09-23T08:49:15.6860274Z shell: /usr/bin/bash -e {0}
2026-09-23T08:49:15.6860564Z env:
2026-09-23T08:49:15.6860860Z   pythonLocation: /opt/hostedtoolcache/Python/3.11.16/x64
2026-09-23T08:49:15.6861569Z   PKG_CONFIG_PATH: /opt/hostedtoolcache/Python/3.11.16/x64/lib/pkgconfig
2026-09-23T08:49:15.6862022Z   Python_ROOT_DIR: /opt/hostedtoolcache/Python/3.11.16/x64
2026-09-23T08:49:15.6862406Z   Python2_ROOT_DIR: /opt/hostedtoolcache/Python/3.11.16/x64
2026-09-23T08:49:15.6862807Z   Python3_ROOT_DIR: /opt/hostedtoolcache/Python/3.11.16/x64
2026-09-23T08:49:15.6863189Z   LD_LIBRARY_PATH: /opt/hostedtoolcache/Python/3.11.16/x64/lib
2026-09-23T08:49:15.6863543Z ##[endgroup]
2026-09-23T08:49:15.7189551Z [Mutation Injected] Successfully injected TypeError into tests/test_app.py
2026-09-23T08:49:15.7264861Z ##[group]Run pytest tests/test_app.py -v
2026-09-23T08:49:15.7265438Z [36;1mpytest tests/test_app.py -v[0m
2026-09-23T08:49:15.7311870Z shell: /usr/bin/bash -e {0}
2026-09-23T08:49:15.7312153Z env:
2026-09-23T08:49:15.7312551Z   pythonLocation: /opt/hostedtoolcache/Python/3.11.16/x64
2026-09-23T08:49:15.7313017Z   PKG_CONFIG_PATH: /opt/hostedtoolcache/Python/3.11.16/x64/lib/pkgconfig
2026-09-23T08:49:15.7313589Z   Python_ROOT_DIR: /opt/hostedtoolcache/Python/3.11.16/x64
2026-09-23T08:49:15.7314211Z   Python2_ROOT_DIR: /opt/hostedtoolcache/Python/3.11.16/x64
2026-09-23T08:49:15.7314649Z   Python3_ROOT_DIR: /opt/hostedtoolcache/Python/3.11.16/x64
2026-09-23T08:49:15.7315165Z   LD_LIBRARY_PATH: /opt/hostedtoolcache/Python/3.11.16/x64/lib
2026-09-23T08:49:15.7315510Z ##[endgroup]
2026-09-23T08:49:16.1503448Z ============================= test session starts ==============================
2026-09-23T08:49:16.1504840Z platform linux -- Python 3.11.16, pytest-9.1.1, pluggy-1.6.0 -- /opt/hostedtoolcache/Python/3.11.16/x64/bin/python
2026-09-23T08:49:16.1505747Z cachedir: .pytest_cache
2026-09-23T08:49:16.1506243Z rootdir: /home/runner/work/log-generation/log-generation
2026-09-23T08:49:16.1506786Z configfile: pytest.ini
2026-09-23T08:49:16.1586736Z collecting ... collected 6 items
2026-09-23T08:49:16.1587122Z 
2026-09-23T08:49:16.1595037Z tests/test_app.py::test_calculate_division PASSED                        [ 16%]
2026-09-23T08:49:16.1601773Z tests/test_app.py::test_convert_to_int PASSED                            [ 33%]
2026-09-23T08:49:16.1608960Z tests/test_app.py::test_get_list_item PASSED                             [ 50%]
2026-09-23T08:49:16.1615286Z tests/test_app.py::test_get_dict_value PASSED                            [ 66%]
2026-09-23T08:49:16.1621407Z tests/test_app.py::test_assert_positive PASSED                           [ 83%]
2026-09-23T08:49:16.1906363Z tests/test_app.py::test_type_error FAILED                                [100%]
2026-09-23T08:49:16.1906902Z 
2026-09-23T08:49:16.1907194Z =================================== FAILURES ===================================
2026-09-23T08:49:16.1907833Z _______________________________ test_type_error ________________________________
2026-09-23T08:49:16.1908245Z 
2026-09-23T08:49:16.1908395Z     def test_type_error():
2026-09-23T08:49:16.1908775Z         """Injected synthetic TypeError."""
2026-09-23T08:49:16.1909299Z         from src.app import calculate_division
2026-09-23T08:49:16.1909816Z >       calculate_division("invalid_string", 5)
2026-09-23T08:49:16.1910163Z 
2026-09-23T08:49:16.1910310Z tests/test_app.py:139: 
2026-09-23T08:49:16.1910787Z _ _ _ _ _ _ _ _ _ _ _ _ _ _ _ _ _ _ _ _ _ _ _ _ _ _ _ _ _ _ _ _ _ _ _ _ _ _ _ _ 
2026-09-23T08:49:16.1911188Z 
2026-09-23T08:49:16.1911347Z a = 'invalid_string', b = 5
2026-09-23T08:49:16.1911576Z 
2026-09-23T08:49:16.1911751Z     def calculate_division(a, b):
2026-09-23T08:49:16.1912154Z >       return a / b
2026-09-23T08:49:16.1912473Z                ^^^^^
2026-09-23T08:49:16.1912892Z E       TypeError: unsupported operand type(s) for /: 'str' and 'int'
2026-09-23T08:49:16.1913314Z 
2026-09-23T08:49:16.1913455Z src/app.py:2: TypeError
2026-09-23T08:49:16.1913906Z =========================== short test summary info ============================
2026-09-23T08:49:16.1915208Z FAILED tests/test_app.py::test_type_error - TypeError: unsupported operand type(s) for /: 'str' and 'int'
2026-09-23T08:49:16.1916384Z ========================= 1 failed, 5 passed in 0.03s ==========================
2026-09-23T08:49:16.2116915Z ##[error]Process completed with exit code 1.
2026-09-23T08:49:16.2260193Z Node 20 is being deprecated. This workflow is running with Node 24 by default. If you need to temporarily use Node 20, you can set the ACTIONS_ALLOW_USE_UNSECURE_NODE_VERSION=true environment variable. For more information see: https://github.blog/changelog/2025-09-19-deprecation-of-node-20-on-github-actions-runners/
2026-09-23T08:49:16.2261343Z Post job cleanup.
2026-09-23T08:49:16.3099313Z [command]/usr/bin/git version
2026-09-23T08:49:16.3141985Z git version 2.55.0
2026-09-23T08:49:16.3179731Z Temporarily overriding HOME='/home/runner/work/_temp/8f955ac3-4564-4b1f-ab55-02cbbdb23ac6' before making global git config changes
2026-09-23T08:49:16.3181127Z Adding repository directory to the temporary git global config as a safe directory
2026-09-23T08:49:16.3184616Z [command]/usr/bin/git config --global --add safe.directory /home/runner/work/log-generation/log-generation
2026-09-23T08:49:16.3225548Z [command]/usr/bin/git config --local --name-only --get-regexp core\.sshCommand
2026-09-23T08:49:16.3261879Z [command]/usr/bin/git submodule foreach --recursive sh -c "git config --local --name-only --get-regexp 'core\.sshCommand' && git config --local --unset-all 'core.sshCommand' || :"
2026-09-23T08:49:16.3534584Z [command]/usr/bin/git config --local --name-only --get-regexp http\.https\:\/\/github\.com\/\.extraheader
2026-09-23T08:49:16.3562445Z http.https://github.com/.extraheader
2026-09-23T08:49:16.3574719Z [command]/usr/bin/git config --local --unset-all http.https://github.com/.extraheader
2026-09-23T08:49:16.3610099Z [command]/usr/bin/git submodule foreach --recursive sh -c "git config --local --name-only --get-regexp 'http\.https\:\/\/github\.com\/\.extraheader' && git config --local --unset-all 'http.https://github.com/.extraheader' || :"
2026-09-23T08:49:16.3925757Z [command]/usr/bin/git config --local --name-only --get-regexp ^includeIf\.gitdir:
2026-09-23T08:49:16.3967022Z [command]/usr/bin/git submodule foreach --recursive git config --local --show-origin --name-only --get-regexp remote.origin.url
2026-09-23T08:49:16.4369197Z Cleaning up orphan processes
2026-09-23T08:49:16.4682076Z ##[warning]Node.js 20 is deprecated. The following actions target Node.js 20 but are being forced to run on Node.js 24: actions/checkout@v4, actions/setup-python@v5. For more information see: https://github.blog/changelog/2025-09-19-deprecation-of-node-20-on-github-actions-runners/
