ï»¿2026-09-23T08:49:35.9722458Z Current runner version: '2.337.0'
2026-09-23T08:49:35.9757792Z ##[group]Runner Image Provisioner
2026-09-23T08:49:35.9759101Z Hosted Compute Agent
2026-09-23T08:49:35.9760297Z Version: 20260828.587
2026-09-23T08:49:35.9761350Z Commit: abac92662cab4cc7352de4f9f9d2e2419aad9c29
2026-09-23T08:49:35.9762784Z Build Date: 2026-08-28T16:44:25Z
2026-09-23T08:49:35.9764398Z Worker ID: {1fe11d0f-b38f-40f3-a352-75252ba7ccd3}
2026-09-23T08:49:35.9765813Z Azure Region: eastus
2026-09-23T08:49:35.9766872Z ##[endgroup]
2026-09-23T08:49:35.9769396Z ##[group]Operating System
2026-09-23T08:49:35.9770623Z Ubuntu
2026-09-23T08:49:35.9771537Z 24.04.5
2026-09-23T08:49:35.9772533Z LTS
2026-09-23T08:49:35.9773484Z ##[endgroup]
2026-09-23T08:49:35.9774754Z ##[group]Runner Image
2026-09-23T08:49:35.9775796Z Image: ubuntu-24.04
2026-09-23T08:49:35.9776732Z Version: 20260907.300.1
2026-09-23T08:49:35.9778934Z Included Software: https://github.com/actions/runner-images/blob/ubuntu24/20260907.300/images/ubuntu/Ubuntu2404-Readme.md
2026-09-23T08:49:35.9781815Z Image Release: https://github.com/actions/runner-images/releases/tag/ubuntu24%2F20260907.300
2026-09-23T08:49:35.9783597Z ##[endgroup]
2026-09-23T08:49:35.9785935Z ##[group]GITHUB_TOKEN Permissions
2026-09-23T08:49:35.9788729Z Contents: read
2026-09-23T08:49:35.9789799Z Metadata: read
2026-09-23T08:49:35.9790835Z Packages: read
2026-09-23T08:49:35.9791896Z ##[endgroup]
2026-09-23T08:49:35.9795605Z Secret source: Actions
2026-09-23T08:49:35.9797427Z Cache mode: write
2026-09-23T08:49:35.9798702Z Prepare workflow directory
2026-09-23T08:49:36.0294873Z Prepare all required actions
2026-09-23T08:49:36.0368787Z Getting action download info
2026-09-23T08:49:36.2123573Z Download action repository 'actions/checkout@v4' (SHA:11d5960a326750d5838078e36cf38b85af677262)
2026-09-23T08:49:36.3247803Z Download action repository 'actions/setup-python@v5' (SHA:a26af69be951a213d495a4c3e4e4022e16d87065)
2026-09-23T08:49:36.5126876Z Complete job name: test-f3 (KeyError #174)
2026-09-23T08:49:36.5893087Z Node 20 is being deprecated. This workflow is running with Node 24 by default. If you need to temporarily use Node 20, you can set the ACTIONS_ALLOW_USE_UNSECURE_NODE_VERSION=true environment variable. For more information see: https://github.blog/changelog/2025-09-19-deprecation-of-node-20-on-github-actions-runners/
2026-09-23T08:49:36.5901702Z ##[group]Run actions/checkout@v4
2026-09-23T08:49:36.5902472Z with:
2026-09-23T08:49:36.5902916Z   fetch-depth: 1
2026-09-23T08:49:36.5903420Z   repository: DhruvHegde/log-generation
2026-09-23T08:49:36.5907484Z   token: ***
2026-09-23T08:49:36.5907940Z   ssh-strict: true
2026-09-23T08:49:36.5908399Z   ssh-user: git
2026-09-23T08:49:36.5908869Z   persist-credentials: true
2026-09-23T08:49:36.5909373Z   clean: true
2026-09-23T08:49:36.5909846Z   sparse-checkout-cone-mode: true
2026-09-23T08:49:36.5910384Z   fetch-tags: false
2026-09-23T08:49:36.5910853Z   show-progress: true
2026-09-23T08:49:36.5911314Z   lfs: false
2026-09-23T08:49:36.5911774Z   submodules: false
2026-09-23T08:49:36.5912257Z   set-safe-directory: true
2026-09-23T08:49:36.5912798Z   allow-unsafe-pr-checkout: false
2026-09-23T08:49:36.5913628Z ##[endgroup]
2026-09-23T08:49:36.6933392Z Syncing repository: DhruvHegde/log-generation
2026-09-23T08:49:36.6936325Z ##[group]Getting Git version info
2026-09-23T08:49:36.6937653Z Working directory is '/home/runner/work/log-generation/log-generation'
2026-09-23T08:49:36.6939328Z [command]/usr/bin/git version
2026-09-23T08:49:36.7071825Z git version 2.55.0
2026-09-23T08:49:36.7096246Z ##[endgroup]
2026-09-23T08:49:36.7123009Z Temporarily overriding HOME='/home/runner/work/_temp/8a2a2cb7-ab41-4afa-8997-3b496fa12060' before making global git config changes
2026-09-23T08:49:36.7125902Z Adding repository directory to the temporary git global config as a safe directory
2026-09-23T08:49:36.7129621Z [command]/usr/bin/git config --global --add safe.directory /home/runner/work/log-generation/log-generation
2026-09-23T08:49:36.7179548Z Deleting the contents of '/home/runner/work/log-generation/log-generation'
2026-09-23T08:49:36.7186065Z ##[group]Initializing the repository
2026-09-23T08:49:36.7191208Z [command]/usr/bin/git init /home/runner/work/log-generation/log-generation
2026-09-23T08:49:36.7299178Z hint: Using 'master' as the name for the initial branch. This default branch name
2026-09-23T08:49:36.7300959Z hint: will change to "main" in Git 3.0. To configure the initial branch name
2026-09-23T08:49:36.7301994Z hint: to use in all of your new repositories, which will suppress this warning,
2026-09-23T08:49:36.7302794Z hint: call:
2026-09-23T08:49:36.7303218Z hint:
2026-09-23T08:49:36.7303772Z hint: 	git config --global init.defaultBranch <name>
2026-09-23T08:49:36.7304903Z hint:
2026-09-23T08:49:36.7305530Z hint: Names commonly chosen instead of 'master' are 'main', 'trunk' and
2026-09-23T08:49:36.7306522Z hint: 'development'. The just-created branch can be renamed via this command:
2026-09-23T08:49:36.7307287Z hint:
2026-09-23T08:49:36.7307754Z hint: 	git branch -m <name>
2026-09-23T08:49:36.7308281Z hint:
2026-09-23T08:49:36.7308932Z hint: Disable this message with "git config set advice.defaultBranchName false"
2026-09-23T08:49:36.7315049Z Initialized empty Git repository in /home/runner/work/log-generation/log-generation/.git/
2026-09-23T08:49:36.7325052Z [command]/usr/bin/git remote add origin https://github.com/DhruvHegde/log-generation
2026-09-23T08:49:36.7374435Z ##[endgroup]
2026-09-23T08:49:36.7375805Z ##[group]Disabling automatic garbage collection
2026-09-23T08:49:36.7379002Z [command]/usr/bin/git config --local gc.auto 0
2026-09-23T08:49:36.7411759Z ##[endgroup]
2026-09-23T08:49:36.7413095Z ##[group]Setting up auth
2026-09-23T08:49:36.7421017Z [command]/usr/bin/git config --local --name-only --get-regexp core\.sshCommand
2026-09-23T08:49:36.7460181Z [command]/usr/bin/git submodule foreach --recursive sh -c "git config --local --name-only --get-regexp 'core\.sshCommand' && git config --local --unset-all 'core.sshCommand' || :"
2026-09-23T08:49:36.7858604Z [command]/usr/bin/git config --local --name-only --get-regexp http\.https\:\/\/github\.com\/\.extraheader
2026-09-23T08:49:36.7896180Z [command]/usr/bin/git submodule foreach --recursive sh -c "git config --local --name-only --get-regexp 'http\.https\:\/\/github\.com\/\.extraheader' && git config --local --unset-all 'http.https://github.com/.extraheader' || :"
2026-09-23T08:49:36.8121560Z [command]/usr/bin/git config --local --name-only --get-regexp ^includeIf\.gitdir:
2026-09-23T08:49:36.8158343Z [command]/usr/bin/git submodule foreach --recursive git config --local --show-origin --name-only --get-regexp remote.origin.url
2026-09-23T08:49:36.8384333Z [command]/usr/bin/git config --local http.https://github.com/.extraheader AUTHORIZATION: basic ***
2026-09-23T08:49:36.8422752Z ##[endgroup]
2026-09-23T08:49:36.8423594Z ##[group]Fetching the repository
2026-09-23T08:49:36.8434434Z [command]/usr/bin/git -c protocol.version=2 fetch --no-tags --prune --no-recurse-submodules --depth=1 origin +43f20917de93b9aad51cf79a69ad5239c5632917:refs/remotes/origin/feature/f3-test-failures
2026-09-23T08:49:37.0826972Z From https://github.com/DhruvHegde/log-generation
2026-09-23T08:49:37.0828274Z  * [new ref]         43f20917de93b9aad51cf79a69ad5239c5632917 -> origin/feature/f3-test-failures
2026-09-23T08:49:37.0834476Z ##[endgroup]
2026-09-23T08:49:37.0836225Z ##[group]Determining the checkout info
2026-09-23T08:49:37.0837859Z ##[endgroup]
2026-09-23T08:49:37.0845465Z [command]/usr/bin/git sparse-checkout disable
2026-09-23T08:49:37.0895546Z [command]/usr/bin/git config --local --unset-all extensions.worktreeConfig
2026-09-23T08:49:37.0933169Z ##[group]Checking out the ref
2026-09-23T08:49:37.0935022Z [command]/usr/bin/git checkout --progress --force -B feature/f3-test-failures refs/remotes/origin/feature/f3-test-failures
2026-09-23T08:49:37.1326537Z Switched to a new branch 'feature/f3-test-failures'
2026-09-23T08:49:37.1331923Z branch 'feature/f3-test-failures' set up to track 'origin/feature/f3-test-failures'.
2026-09-23T08:49:37.1339146Z ##[endgroup]
2026-09-23T08:49:37.1382848Z [command]/usr/bin/git log -1 --format=%H
2026-09-23T08:49:37.1410529Z 43f20917de93b9aad51cf79a69ad5239c5632917
2026-09-23T08:49:37.1695786Z Node 20 is being deprecated. This workflow is running with Node 24 by default. If you need to temporarily use Node 20, you can set the ACTIONS_ALLOW_USE_UNSECURE_NODE_VERSION=true environment variable. For more information see: https://github.blog/changelog/2025-09-19-deprecation-of-node-20-on-github-actions-runners/
2026-09-23T08:49:37.1698815Z ##[group]Run actions/setup-python@v5
2026-09-23T08:49:37.1699435Z with:
2026-09-23T08:49:37.1699933Z   python-version: 3.11
2026-09-23T08:49:37.1700481Z   check-latest: false
2026-09-23T08:49:37.1704664Z   token: ***
2026-09-23T08:49:37.1705209Z   update-environment: true
2026-09-23T08:49:37.1705807Z   allow-prereleases: false
2026-09-23T08:49:37.1706377Z   freethreaded: false
2026-09-23T08:49:37.1706899Z ##[endgroup]
2026-09-23T08:49:37.3030275Z ##[group]Installed versions
2026-09-23T08:49:37.3120417Z (node:2301) [DEP0040] DeprecationWarning: The `punycode` module is deprecated. Please use a userland alternative instead.
2026-09-23T08:49:37.3122932Z (Use `node --trace-deprecation ...` to show where the warning was created)
2026-09-23T08:49:37.3124988Z Successfully set up CPython (3.11.16)
2026-09-23T08:49:37.3126853Z ##[endgroup]
2026-09-23T08:49:37.3317843Z ##[group]Run pip install --no-cache-dir pytest
2026-09-23T08:49:37.3318826Z [36;1mpip install --no-cache-dir pytest[0m
2026-09-23T08:49:37.3372509Z shell: /usr/bin/bash -e {0}
2026-09-23T08:49:37.3373163Z env:
2026-09-23T08:49:37.3374264Z   pythonLocation: /opt/hostedtoolcache/Python/3.11.16/x64
2026-09-23T08:49:37.3375305Z   PKG_CONFIG_PATH: /opt/hostedtoolcache/Python/3.11.16/x64/lib/pkgconfig
2026-09-23T08:49:37.3376233Z   Python_ROOT_DIR: /opt/hostedtoolcache/Python/3.11.16/x64
2026-09-23T08:49:37.3377099Z   Python2_ROOT_DIR: /opt/hostedtoolcache/Python/3.11.16/x64
2026-09-23T08:49:37.3469991Z   Python3_ROOT_DIR: /opt/hostedtoolcache/Python/3.11.16/x64
2026-09-23T08:49:37.3471801Z   LD_LIBRARY_PATH: /opt/hostedtoolcache/Python/3.11.16/x64/lib
2026-09-23T08:49:37.3473161Z ##[endgroup]
2026-09-23T08:49:39.5322830Z Collecting pytest
2026-09-23T08:49:39.5808535Z   Downloading pytest-9.1.1-py3-none-any.whl.metadata (7.6 kB)
2026-09-23T08:49:39.5890855Z Collecting iniconfig>=1.0.1 (from pytest)
2026-09-23T08:49:39.5931414Z   Downloading iniconfig-2.3.0-py3-none-any.whl.metadata (2.5 kB)
2026-09-23T08:49:39.6034800Z Collecting packaging>=22 (from pytest)
2026-09-23T08:49:39.6073364Z   Downloading packaging-26.3-py3-none-any.whl.metadata (3.5 kB)
2026-09-23T08:49:39.6155460Z Collecting pluggy<2,>=1.5 (from pytest)
2026-09-23T08:49:39.6193259Z   Downloading pluggy-1.6.0-py3-none-any.whl.metadata (4.8 kB)
2026-09-23T08:49:39.6324403Z Collecting pygments>=2.7.2 (from pytest)
2026-09-23T08:49:39.6361677Z   Downloading pygments-2.21.0-py3-none-any.whl.metadata (2.5 kB)
2026-09-23T08:49:39.6424874Z Downloading pytest-9.1.1-py3-none-any.whl (386 kB)
2026-09-23T08:49:39.6585963Z Downloading pluggy-1.6.0-py3-none-any.whl (20 kB)
2026-09-23T08:49:39.6629152Z Downloading iniconfig-2.3.0-py3-none-any.whl (7.5 kB)
2026-09-23T08:49:39.6667981Z Downloading packaging-26.3-py3-none-any.whl (129 kB)
2026-09-23T08:49:39.6723061Z Downloading pygments-2.21.0-py3-none-any.whl (1.3 MB)
2026-09-23T08:49:39.6897290Z    ââââââââââââââââââââââââââââââââââââââââ 1.3/1.3 MB 80.9 MB/s  0:00:00
2026-09-23T08:49:39.8459686Z Installing collected packages: pygments, pluggy, packaging, iniconfig, pytest
2026-09-23T08:49:40.8684753Z 
2026-09-23T08:49:40.8695291Z Successfully installed iniconfig-2.3.0 packaging-26.3 pluggy-1.6.0 pygments-2.21.0 pytest-9.1.1
2026-09-23T08:49:40.9188901Z ##[group]Run python automation/inject_mutation.py --error-type "KeyError"
2026-09-23T08:49:40.9189516Z [36;1mpython automation/inject_mutation.py --error-type "KeyError"[0m
2026-09-23T08:49:40.9228162Z shell: /usr/bin/bash -e {0}
2026-09-23T08:49:40.9228431Z env:
2026-09-23T08:49:40.9228738Z   pythonLocation: /opt/hostedtoolcache/Python/3.11.16/x64
2026-09-23T08:49:40.9229427Z   PKG_CONFIG_PATH: /opt/hostedtoolcache/Python/3.11.16/x64/lib/pkgconfig
2026-09-23T08:49:40.9229865Z   Python_ROOT_DIR: /opt/hostedtoolcache/Python/3.11.16/x64
2026-09-23T08:49:40.9230260Z   Python2_ROOT_DIR: /opt/hostedtoolcache/Python/3.11.16/x64
2026-09-23T08:49:40.9230664Z   Python3_ROOT_DIR: /opt/hostedtoolcache/Python/3.11.16/x64
2026-09-23T08:49:40.9231055Z   LD_LIBRARY_PATH: /opt/hostedtoolcache/Python/3.11.16/x64/lib
2026-09-23T08:49:40.9231410Z ##[endgroup]
2026-09-23T08:49:40.9532098Z [Mutation Injected] Successfully injected KeyError into tests/test_app.py
2026-09-23T08:49:40.9602324Z ##[group]Run pytest tests/test_app.py -v
2026-09-23T08:49:40.9602685Z [36;1mpytest tests/test_app.py -v[0m
2026-09-23T08:49:40.9638017Z shell: /usr/bin/bash -e {0}
2026-09-23T08:49:40.9638277Z env:
2026-09-23T08:49:40.9638548Z   pythonLocation: /opt/hostedtoolcache/Python/3.11.16/x64
2026-09-23T08:49:40.9638992Z   PKG_CONFIG_PATH: /opt/hostedtoolcache/Python/3.11.16/x64/lib/pkgconfig
2026-09-23T08:49:40.9639452Z   Python_ROOT_DIR: /opt/hostedtoolcache/Python/3.11.16/x64
2026-09-23T08:49:40.9639828Z   Python2_ROOT_DIR: /opt/hostedtoolcache/Python/3.11.16/x64
2026-09-23T08:49:40.9640207Z   Python3_ROOT_DIR: /opt/hostedtoolcache/Python/3.11.16/x64
2026-09-23T08:49:40.9640621Z   LD_LIBRARY_PATH: /opt/hostedtoolcache/Python/3.11.16/x64/lib
2026-09-23T08:49:40.9640955Z ##[endgroup]
2026-09-23T08:49:41.3352561Z ============================= test session starts ==============================
2026-09-23T08:49:41.3353463Z platform linux -- Python 3.11.16, pytest-9.1.1, pluggy-1.6.0 -- /opt/hostedtoolcache/Python/3.11.16/x64/bin/python
2026-09-23T08:49:41.3354327Z cachedir: .pytest_cache
2026-09-23T08:49:41.3354714Z rootdir: /home/runner/work/log-generation/log-generation
2026-09-23T08:49:41.3355145Z configfile: pytest.ini
2026-09-23T08:49:41.3443386Z collecting ... collected 6 items
2026-09-23T08:49:41.3443769Z 
2026-09-23T08:49:41.3451995Z tests/test_app.py::test_calculate_division PASSED                        [ 16%]
2026-09-23T08:49:41.3459559Z tests/test_app.py::test_convert_to_int PASSED                            [ 33%]
2026-09-23T08:49:41.3467185Z tests/test_app.py::test_get_list_item PASSED                             [ 50%]
2026-09-23T08:49:41.3473966Z tests/test_app.py::test_get_dict_value PASSED                            [ 66%]
2026-09-23T08:49:41.3480936Z tests/test_app.py::test_assert_positive PASSED                           [ 83%]
2026-09-23T08:49:41.3747859Z tests/test_app.py::test_key_error FAILED                                 [100%]
2026-09-23T08:49:41.3748507Z 
2026-09-23T08:49:41.3748803Z =================================== FAILURES ===================================
2026-09-23T08:49:41.3749361Z ________________________________ test_key_error ________________________________
2026-09-23T08:49:41.3749740Z 
2026-09-23T08:49:41.3749863Z     def test_key_error():
2026-09-23T08:49:41.3750192Z         """Injected synthetic KeyError."""
2026-09-23T08:49:41.3750617Z         from src.app import get_dict_value
2026-09-23T08:49:41.3751005Z         config = {"env": "staging", "retries": 3}
2026-09-23T08:49:41.3751433Z >       get_dict_value(config, "missing_auth_token")
2026-09-23T08:49:41.3751723Z 
2026-09-23T08:49:41.3751865Z tests/test_app.py:140: 
2026-09-23T08:49:41.3752231Z _ _ _ _ _ _ _ _ _ _ _ _ _ _ _ _ _ _ _ _ _ _ _ _ _ _ _ _ _ _ _ _ _ _ _ _ _ _ _ _ 
2026-09-23T08:49:41.3752535Z 
2026-09-23T08:49:41.3752719Z d = {'env': 'staging', 'retries': 3}, key = 'missing_auth_token'
2026-09-23T08:49:41.3753027Z 
2026-09-23T08:49:41.3753140Z     def get_dict_value(d, key):
2026-09-23T08:49:41.3753431Z >       return d[key]
2026-09-23T08:49:41.3753691Z                ^^^^^^
2026-09-23T08:49:41.3754150Z E       KeyError: 'missing_auth_token'
2026-09-23T08:49:41.3754382Z 
2026-09-23T08:49:41.3754497Z src/app.py:11: KeyError
2026-09-23T08:49:41.3754843Z =========================== short test summary info ============================
2026-09-23T08:49:41.3755400Z FAILED tests/test_app.py::test_key_error - KeyError: 'missing_auth_token'
2026-09-23T08:49:41.3756159Z ========================= 1 failed, 5 passed in 0.03s ==========================
2026-09-23T08:49:41.3934645Z ##[error]Process completed with exit code 1.
2026-09-23T08:49:41.4081349Z Node 20 is being deprecated. This workflow is running with Node 24 by default. If you need to temporarily use Node 20, you can set the ACTIONS_ALLOW_USE_UNSECURE_NODE_VERSION=true environment variable. For more information see: https://github.blog/changelog/2025-09-19-deprecation-of-node-20-on-github-actions-runners/
2026-09-23T08:49:41.4082607Z Post job cleanup.
2026-09-23T08:49:41.4929764Z [command]/usr/bin/git version
2026-09-23T08:49:41.4974599Z git version 2.55.0
2026-09-23T08:49:41.5016356Z Temporarily overriding HOME='/home/runner/work/_temp/d838d2bb-1c01-485c-9ca7-f0a86fe063da' before making global git config changes
2026-09-23T08:49:41.5017942Z Adding repository directory to the temporary git global config as a safe directory
2026-09-23T08:49:41.5021873Z [command]/usr/bin/git config --global --add safe.directory /home/runner/work/log-generation/log-generation
2026-09-23T08:49:41.5074880Z [command]/usr/bin/git config --local --name-only --get-regexp core\.sshCommand
2026-09-23T08:49:41.5096949Z [command]/usr/bin/git submodule foreach --recursive sh -c "git config --local --name-only --get-regexp 'core\.sshCommand' && git config --local --unset-all 'core.sshCommand' || :"
2026-09-23T08:49:41.5357562Z [command]/usr/bin/git config --local --name-only --get-regexp http\.https\:\/\/github\.com\/\.extraheader
2026-09-23T08:49:41.5385645Z http.https://github.com/.extraheader
2026-09-23T08:49:41.5398795Z [command]/usr/bin/git config --local --unset-all http.https://github.com/.extraheader
2026-09-23T08:49:41.5442365Z [command]/usr/bin/git submodule foreach --recursive sh -c "git config --local --name-only --get-regexp 'http\.https\:\/\/github\.com\/\.extraheader' && git config --local --unset-all 'http.https://github.com/.extraheader' || :"
2026-09-23T08:49:41.5700440Z [command]/usr/bin/git config --local --name-only --get-regexp ^includeIf\.gitdir:
2026-09-23T08:49:41.5748013Z [command]/usr/bin/git submodule foreach --recursive git config --local --show-origin --name-only --get-regexp remote.origin.url
2026-09-23T08:49:41.6149686Z Cleaning up orphan processes
2026-09-23T08:49:41.6412845Z ##[warning]Node.js 20 is deprecated. The following actions target Node.js 20 but are being forced to run on Node.js 24: actions/checkout@v4, actions/setup-python@v5. For more information see: https://github.blog/changelog/2025-09-19-deprecation-of-node-20-on-github-actions-runners/
