ï»¿2026-09-23T08:48:31.3174625Z Current runner version: '2.337.0'
2026-09-23T08:48:31.3199403Z ##[group]Runner Image Provisioner
2026-09-23T08:48:31.3200305Z Hosted Compute Agent
2026-09-23T08:48:31.3200929Z Version: 20260828.587
2026-09-23T08:48:31.3201592Z Commit: abac92662cab4cc7352de4f9f9d2e2419aad9c29
2026-09-23T08:48:31.3202387Z Build Date: 2026-08-28T16:44:25Z
2026-09-23T08:48:31.3203100Z Worker ID: {2740512f-7f32-494c-b29d-4e70e1f123d2}
2026-09-23T08:48:31.3203809Z Azure Region: northcentralus
2026-09-23T08:48:31.3204480Z ##[endgroup]
2026-09-23T08:48:31.3206339Z ##[group]Operating System
2026-09-23T08:48:31.3207119Z Ubuntu
2026-09-23T08:48:31.3207692Z 24.04.5
2026-09-23T08:48:31.3208574Z LTS
2026-09-23T08:48:31.3209138Z ##[endgroup]
2026-09-23T08:48:31.3209697Z ##[group]Runner Image
2026-09-23T08:48:31.3210379Z Image: ubuntu-24.04
2026-09-23T08:48:31.3210966Z Version: 20260907.300.1
2026-09-23T08:48:31.3212281Z Included Software: https://github.com/actions/runner-images/blob/ubuntu24/20260907.300/images/ubuntu/Ubuntu2404-Readme.md
2026-09-23T08:48:31.3213828Z Image Release: https://github.com/actions/runner-images/releases/tag/ubuntu24%2F20260907.300
2026-09-23T08:48:31.3215230Z ##[endgroup]
2026-09-23T08:48:31.3216575Z ##[group]GITHUB_TOKEN Permissions
2026-09-23T08:48:31.3218851Z Contents: read
2026-09-23T08:48:31.3219480Z Metadata: read
2026-09-23T08:48:31.3220117Z Packages: read
2026-09-23T08:48:31.3220976Z ##[endgroup]
2026-09-23T08:48:31.3224295Z Secret source: Actions
2026-09-23T08:48:31.3226349Z Cache mode: write
2026-09-23T08:48:31.3227721Z Prepare workflow directory
2026-09-23T08:48:31.3576638Z Prepare all required actions
2026-09-23T08:48:31.3624785Z Getting action download info
2026-09-23T08:48:31.6859720Z Download action repository 'actions/checkout@v4' (SHA:11d5960a326750d5838078e36cf38b85af677262)
2026-09-23T08:48:31.8148155Z Download action repository 'actions/setup-python@v5' (SHA:a26af69be951a213d495a4c3e4e4022e16d87065)
2026-09-23T08:48:31.9941941Z Complete job name: test-f3 (FileNotFoundError #45)
2026-09-23T08:48:32.0753305Z Node 20 is being deprecated. This workflow is running with Node 24 by default. If you need to temporarily use Node 20, you can set the ACTIONS_ALLOW_USE_UNSECURE_NODE_VERSION=true environment variable. For more information see: https://github.blog/changelog/2025-09-19-deprecation-of-node-20-on-github-actions-runners/
2026-09-23T08:48:32.0762376Z ##[group]Run actions/checkout@v4
2026-09-23T08:48:32.0763221Z with:
2026-09-23T08:48:32.0763703Z   fetch-depth: 1
2026-09-23T08:48:32.0764231Z   repository: DhruvHegde/log-generation
2026-09-23T08:48:32.0768717Z   token: ***
2026-09-23T08:48:32.0769205Z   ssh-strict: true
2026-09-23T08:48:32.0769694Z   ssh-user: git
2026-09-23T08:48:32.0770193Z   persist-credentials: true
2026-09-23T08:48:32.0770737Z   clean: true
2026-09-23T08:48:32.0771240Z   sparse-checkout-cone-mode: true
2026-09-23T08:48:32.0771813Z   fetch-tags: false
2026-09-23T08:48:32.0772322Z   show-progress: true
2026-09-23T08:48:32.0772815Z   lfs: false
2026-09-23T08:48:32.0773311Z   submodules: false
2026-09-23T08:48:32.0773823Z   set-safe-directory: true
2026-09-23T08:48:32.0774375Z   allow-unsafe-pr-checkout: false
2026-09-23T08:48:32.0775704Z ##[endgroup]
2026-09-23T08:48:32.1814058Z Syncing repository: DhruvHegde/log-generation
2026-09-23T08:48:32.1817125Z ##[group]Getting Git version info
2026-09-23T08:48:32.1818519Z Working directory is '/home/runner/work/log-generation/log-generation'
2026-09-23T08:48:32.1820460Z [command]/usr/bin/git version
2026-09-23T08:48:32.1856529Z git version 2.55.0
2026-09-23T08:48:32.1881594Z ##[endgroup]
2026-09-23T08:48:32.1896113Z Temporarily overriding HOME='/home/runner/work/_temp/99d2387c-5c6a-4169-b36c-4c0268bba847' before making global git config changes
2026-09-23T08:48:32.1898809Z Adding repository directory to the temporary git global config as a safe directory
2026-09-23T08:48:32.1902804Z [command]/usr/bin/git config --global --add safe.directory /home/runner/work/log-generation/log-generation
2026-09-23T08:48:32.1953874Z Deleting the contents of '/home/runner/work/log-generation/log-generation'
2026-09-23T08:48:32.1959464Z ##[group]Initializing the repository
2026-09-23T08:48:32.1964001Z [command]/usr/bin/git init /home/runner/work/log-generation/log-generation
2026-09-23T08:48:32.2063205Z hint: Using 'master' as the name for the initial branch. This default branch name
2026-09-23T08:48:32.2065568Z hint: will change to "main" in Git 3.0. To configure the initial branch name
2026-09-23T08:48:32.2067903Z hint: to use in all of your new repositories, which will suppress this warning,
2026-09-23T08:48:32.2069859Z hint: call:
2026-09-23T08:48:32.2070770Z hint:
2026-09-23T08:48:32.2071978Z hint: 	git config --global init.defaultBranch <name>
2026-09-23T08:48:32.2073374Z hint:
2026-09-23T08:48:32.2074615Z hint: Names commonly chosen instead of 'master' are 'main', 'trunk' and
2026-09-23T08:48:32.2076930Z hint: 'development'. The just-created branch can be renamed via this command:
2026-09-23T08:48:32.2078615Z hint:
2026-09-23T08:48:32.2079589Z hint: 	git branch -m <name>
2026-09-23T08:48:32.2080663Z hint:
2026-09-23T08:48:32.2081964Z hint: Disable this message with "git config set advice.defaultBranchName false"
2026-09-23T08:48:32.2084118Z Initialized empty Git repository in /home/runner/work/log-generation/log-generation/.git/
2026-09-23T08:48:32.2088197Z [command]/usr/bin/git remote add origin https://github.com/DhruvHegde/log-generation
2026-09-23T08:48:32.2123045Z ##[endgroup]
2026-09-23T08:48:32.2124664Z ##[group]Disabling automatic garbage collection
2026-09-23T08:48:32.2126573Z [command]/usr/bin/git config --local gc.auto 0
2026-09-23T08:48:32.2156640Z ##[endgroup]
2026-09-23T08:48:32.2158253Z ##[group]Setting up auth
2026-09-23T08:48:32.2162231Z [command]/usr/bin/git config --local --name-only --get-regexp core\.sshCommand
2026-09-23T08:48:32.2194390Z [command]/usr/bin/git submodule foreach --recursive sh -c "git config --local --name-only --get-regexp 'core\.sshCommand' && git config --local --unset-all 'core.sshCommand' || :"
2026-09-23T08:48:32.2555406Z [command]/usr/bin/git config --local --name-only --get-regexp http\.https\:\/\/github\.com\/\.extraheader
2026-09-23T08:48:32.2592193Z [command]/usr/bin/git submodule foreach --recursive sh -c "git config --local --name-only --get-regexp 'http\.https\:\/\/github\.com\/\.extraheader' && git config --local --unset-all 'http.https://github.com/.extraheader' || :"
2026-09-23T08:48:32.2838536Z [command]/usr/bin/git config --local --name-only --get-regexp ^includeIf\.gitdir:
2026-09-23T08:48:32.2877510Z [command]/usr/bin/git submodule foreach --recursive git config --local --show-origin --name-only --get-regexp remote.origin.url
2026-09-23T08:48:32.3103139Z [command]/usr/bin/git config --local http.https://github.com/.extraheader AUTHORIZATION: basic ***
2026-09-23T08:48:32.3140544Z ##[endgroup]
2026-09-23T08:48:32.3141584Z ##[group]Fetching the repository
2026-09-23T08:48:32.3151013Z [command]/usr/bin/git -c protocol.version=2 fetch --no-tags --prune --no-recurse-submodules --depth=1 origin +43f20917de93b9aad51cf79a69ad5239c5632917:refs/remotes/origin/feature/f3-test-failures
2026-09-23T08:48:32.7637736Z From https://github.com/DhruvHegde/log-generation
2026-09-23T08:48:32.7638973Z  * [new ref]         43f20917de93b9aad51cf79a69ad5239c5632917 -> origin/feature/f3-test-failures
2026-09-23T08:48:32.7642226Z ##[endgroup]
2026-09-23T08:48:32.7643190Z ##[group]Determining the checkout info
2026-09-23T08:48:32.7645488Z ##[endgroup]
2026-09-23T08:48:32.7651617Z [command]/usr/bin/git sparse-checkout disable
2026-09-23T08:48:32.7706593Z [command]/usr/bin/git config --local --unset-all extensions.worktreeConfig
2026-09-23T08:48:32.7743752Z ##[group]Checking out the ref
2026-09-23T08:48:32.7748891Z [command]/usr/bin/git checkout --progress --force -B feature/f3-test-failures refs/remotes/origin/feature/f3-test-failures
2026-09-23T08:48:32.8140380Z Switched to a new branch 'feature/f3-test-failures'
2026-09-23T08:48:32.8145739Z branch 'feature/f3-test-failures' set up to track 'origin/feature/f3-test-failures'.
2026-09-23T08:48:32.8192612Z ##[endgroup]
2026-09-23T08:48:32.8195982Z [command]/usr/bin/git log -1 --format=%H
2026-09-23T08:48:32.8222579Z 43f20917de93b9aad51cf79a69ad5239c5632917
2026-09-23T08:48:32.8556128Z Node 20 is being deprecated. This workflow is running with Node 24 by default. If you need to temporarily use Node 20, you can set the ACTIONS_ALLOW_USE_UNSECURE_NODE_VERSION=true environment variable. For more information see: https://github.blog/changelog/2025-09-19-deprecation-of-node-20-on-github-actions-runners/
2026-09-23T08:48:32.8561731Z ##[group]Run actions/setup-python@v5
2026-09-23T08:48:32.8562594Z with:
2026-09-23T08:48:32.8563149Z   python-version: 3.11
2026-09-23T08:48:32.8563839Z   check-latest: false
2026-09-23T08:48:32.8574242Z   token: ***
2026-09-23T08:48:32.8574865Z   update-environment: true
2026-09-23T08:48:32.8575766Z   allow-prereleases: false
2026-09-23T08:48:32.8576538Z   freethreaded: false
2026-09-23T08:48:32.8577187Z ##[endgroup]
2026-09-23T08:48:32.9920455Z ##[group]Installed versions
2026-09-23T08:48:33.0019063Z (node:2273) [DEP0040] DeprecationWarning: The `punycode` module is deprecated. Please use a userland alternative instead.
2026-09-23T08:48:33.0022959Z Successfully set up CPython (3.11.16)
2026-09-23T08:48:33.0025904Z ##[endgroup]
2026-09-23T08:48:33.0043463Z (Use `node --trace-deprecation ...` to show where the warning was created)
2026-09-23T08:48:33.0279550Z ##[group]Run pip install --no-cache-dir pytest
2026-09-23T08:48:33.0281962Z [36;1mpip install --no-cache-dir pytest[0m
2026-09-23T08:48:33.0350680Z shell: /usr/bin/bash -e {0}
2026-09-23T08:48:33.0351898Z env:
2026-09-23T08:48:33.0353096Z   pythonLocation: /opt/hostedtoolcache/Python/3.11.16/x64
2026-09-23T08:48:33.0445254Z   PKG_CONFIG_PATH: /opt/hostedtoolcache/Python/3.11.16/x64/lib/pkgconfig
2026-09-23T08:48:33.0449773Z   Python_ROOT_DIR: /opt/hostedtoolcache/Python/3.11.16/x64
2026-09-23T08:48:33.0452599Z   Python2_ROOT_DIR: /opt/hostedtoolcache/Python/3.11.16/x64
2026-09-23T08:48:33.0455489Z   Python3_ROOT_DIR: /opt/hostedtoolcache/Python/3.11.16/x64
2026-09-23T08:48:33.0457378Z   LD_LIBRARY_PATH: /opt/hostedtoolcache/Python/3.11.16/x64/lib
2026-09-23T08:48:33.0458889Z ##[endgroup]
2026-09-23T08:48:33.8039189Z Collecting pytest
2026-09-23T08:48:33.8500242Z   Downloading pytest-9.1.1-py3-none-any.whl.metadata (7.6 kB)
2026-09-23T08:48:33.8580785Z Collecting iniconfig>=1.0.1 (from pytest)
2026-09-23T08:48:33.8614462Z   Downloading iniconfig-2.3.0-py3-none-any.whl.metadata (2.5 kB)
2026-09-23T08:48:33.8717144Z Collecting packaging>=22 (from pytest)
2026-09-23T08:48:33.8750499Z   Downloading packaging-26.3-py3-none-any.whl.metadata (3.5 kB)
2026-09-23T08:48:33.8834170Z Collecting pluggy<2,>=1.5 (from pytest)
2026-09-23T08:48:33.8866871Z   Downloading pluggy-1.6.0-py3-none-any.whl.metadata (4.8 kB)
2026-09-23T08:48:33.8997493Z Collecting pygments>=2.7.2 (from pytest)
2026-09-23T08:48:33.9030302Z   Downloading pygments-2.21.0-py3-none-any.whl.metadata (2.5 kB)
2026-09-23T08:48:33.9087069Z Downloading pytest-9.1.1-py3-none-any.whl (386 kB)
2026-09-23T08:48:33.9258009Z Downloading pluggy-1.6.0-py3-none-any.whl (20 kB)
2026-09-23T08:48:33.9290599Z Downloading iniconfig-2.3.0-py3-none-any.whl (7.5 kB)
2026-09-23T08:48:33.9324007Z Downloading packaging-26.3-py3-none-any.whl (129 kB)
2026-09-23T08:48:33.9358432Z Downloading pygments-2.21.0-py3-none-any.whl (1.3 MB)
2026-09-23T08:48:33.9492756Z    ââââââââââââââââââââââââââââââââââââââââ 1.3/1.3 MB 111.4 MB/s  0:00:00
2026-09-23T08:48:34.0092490Z Installing collected packages: pygments, pluggy, packaging, iniconfig, pytest
2026-09-23T08:48:35.0113946Z 
2026-09-23T08:48:35.0128076Z Successfully installed iniconfig-2.3.0 packaging-26.3 pluggy-1.6.0 pygments-2.21.0 pytest-9.1.1
2026-09-23T08:48:35.0663145Z ##[group]Run python automation/inject_mutation.py --error-type "FileNotFoundError"
2026-09-23T08:48:35.0663886Z [36;1mpython automation/inject_mutation.py --error-type "FileNotFoundError"[0m
2026-09-23T08:48:35.0703692Z shell: /usr/bin/bash -e {0}
2026-09-23T08:48:35.0704002Z env:
2026-09-23T08:48:35.0704553Z   pythonLocation: /opt/hostedtoolcache/Python/3.11.16/x64
2026-09-23T08:48:35.0705363Z   PKG_CONFIG_PATH: /opt/hostedtoolcache/Python/3.11.16/x64/lib/pkgconfig
2026-09-23T08:48:35.0705889Z   Python_ROOT_DIR: /opt/hostedtoolcache/Python/3.11.16/x64
2026-09-23T08:48:35.0706337Z   Python2_ROOT_DIR: /opt/hostedtoolcache/Python/3.11.16/x64
2026-09-23T08:48:35.0706783Z   Python3_ROOT_DIR: /opt/hostedtoolcache/Python/3.11.16/x64
2026-09-23T08:48:35.0707225Z   LD_LIBRARY_PATH: /opt/hostedtoolcache/Python/3.11.16/x64/lib
2026-09-23T08:48:35.0707596Z ##[endgroup]
2026-09-23T08:48:35.1007270Z [Mutation Injected] Successfully injected FileNotFoundError into tests/test_app.py
2026-09-23T08:48:35.1077697Z ##[group]Run pytest tests/test_app.py -v
2026-09-23T08:48:35.1078148Z [36;1mpytest tests/test_app.py -v[0m
2026-09-23T08:48:35.1113719Z shell: /usr/bin/bash -e {0}
2026-09-23T08:48:35.1114037Z env:
2026-09-23T08:48:35.1114366Z   pythonLocation: /opt/hostedtoolcache/Python/3.11.16/x64
2026-09-23T08:48:35.1114885Z   PKG_CONFIG_PATH: /opt/hostedtoolcache/Python/3.11.16/x64/lib/pkgconfig
2026-09-23T08:48:35.1115686Z   Python_ROOT_DIR: /opt/hostedtoolcache/Python/3.11.16/x64
2026-09-23T08:48:35.1116137Z   Python2_ROOT_DIR: /opt/hostedtoolcache/Python/3.11.16/x64
2026-09-23T08:48:35.1116586Z   Python3_ROOT_DIR: /opt/hostedtoolcache/Python/3.11.16/x64
2026-09-23T08:48:35.1117047Z   LD_LIBRARY_PATH: /opt/hostedtoolcache/Python/3.11.16/x64/lib
2026-09-23T08:48:35.1117426Z ##[endgroup]
2026-09-23T08:48:35.3304078Z ============================= test session starts ==============================
2026-09-23T08:48:35.3305640Z platform linux -- Python 3.11.16, pytest-9.1.1, pluggy-1.6.0 -- /opt/hostedtoolcache/Python/3.11.16/x64/bin/python
2026-09-23T08:48:35.3306704Z cachedir: .pytest_cache
2026-09-23T08:48:35.3307294Z rootdir: /home/runner/work/log-generation/log-generation
2026-09-23T08:48:35.3307958Z configfile: pytest.ini
2026-09-23T08:48:35.3395858Z collecting ... collected 6 items
2026-09-23T08:48:35.3396606Z 
2026-09-23T08:48:35.3406113Z tests/test_app.py::test_calculate_division PASSED                        [ 16%]
2026-09-23T08:48:35.3414539Z tests/test_app.py::test_convert_to_int PASSED                            [ 33%]
2026-09-23T08:48:35.3423449Z tests/test_app.py::test_get_list_item PASSED                             [ 50%]
2026-09-23T08:48:35.3431902Z tests/test_app.py::test_get_dict_value PASSED                            [ 66%]
2026-09-23T08:48:35.3440138Z tests/test_app.py::test_assert_positive PASSED                           [ 83%]
2026-09-23T08:48:35.3679518Z tests/test_app.py::test_file_not_found_error FAILED                      [100%]
2026-09-23T08:48:35.3680124Z 
2026-09-23T08:48:35.3680401Z =================================== FAILURES ===================================
2026-09-23T08:48:35.3681151Z __________________________ test_file_not_found_error ___________________________
2026-09-23T08:48:35.3681678Z 
2026-09-23T08:48:35.3681910Z     def test_file_not_found_error():
2026-09-23T08:48:35.3682490Z         """Injected synthetic FileNotFoundError."""
2026-09-23T08:48:35.3683090Z         from src.app import read_config_file
2026-09-23T08:48:35.3683820Z >       read_config_file("fixtures/non_existent_pipeline_config.json")
2026-09-23T08:48:35.3684351Z 
2026-09-23T08:48:35.3684539Z tests/test_app.py:139: 
2026-09-23T08:48:35.3685323Z _ _ _ _ _ _ _ _ _ _ _ _ _ _ _ _ _ _ _ _ _ _ _ _ _ _ _ _ _ _ _ _ _ _ _ _ _ _ _ _ 
2026-09-23T08:48:35.3685803Z 
2026-09-23T08:48:35.3686076Z path = 'fixtures/non_existent_pipeline_config.json'
2026-09-23T08:48:35.3686527Z 
2026-09-23T08:48:35.3686725Z     def read_config_file(path):
2026-09-23T08:48:35.3687205Z >       with open(path, "r") as f:
2026-09-23T08:48:35.3687713Z              ^^^^^^^^^^^^^^^
2026-09-23T08:48:35.3688566Z E       FileNotFoundError: [Errno 2] No such file or directory: 'fixtures/non_existent_pipeline_config.json'
2026-09-23T08:48:35.3689322Z 
2026-09-23T08:48:35.3689524Z src/app.py:17: FileNotFoundError
2026-09-23T08:48:35.3690130Z =========================== short test summary info ============================
2026-09-23T08:48:35.3691793Z FAILED tests/test_app.py::test_file_not_found_error - FileNotFoundError: [Errno 2] No such file or directory: 'fixtures/non_existent_pipeline_config.json'
2026-09-23T08:48:35.3693136Z ========================= 1 failed, 5 passed in 0.03s ==========================
2026-09-23T08:48:35.3866347Z ##[error]Process completed with exit code 1.
2026-09-23T08:48:35.4008899Z Node 20 is being deprecated. This workflow is running with Node 24 by default. If you need to temporarily use Node 20, you can set the ACTIONS_ALLOW_USE_UNSECURE_NODE_VERSION=true environment variable. For more information see: https://github.blog/changelog/2025-09-19-deprecation-of-node-20-on-github-actions-runners/
2026-09-23T08:48:35.4010163Z Post job cleanup.
2026-09-23T08:48:35.4836308Z [command]/usr/bin/git version
2026-09-23T08:48:35.4878733Z git version 2.55.0
2026-09-23T08:48:35.4917472Z Temporarily overriding HOME='/home/runner/work/_temp/a80273c4-a4d3-439b-be53-9115c46991e1' before making global git config changes
2026-09-23T08:48:35.4919244Z Adding repository directory to the temporary git global config as a safe directory
2026-09-23T08:48:35.4922888Z [command]/usr/bin/git config --global --add safe.directory /home/runner/work/log-generation/log-generation
2026-09-23T08:48:35.4962298Z [command]/usr/bin/git config --local --name-only --get-regexp core\.sshCommand
2026-09-23T08:48:35.4998179Z [command]/usr/bin/git submodule foreach --recursive sh -c "git config --local --name-only --get-regexp 'core\.sshCommand' && git config --local --unset-all 'core.sshCommand' || :"
2026-09-23T08:48:35.5250581Z [command]/usr/bin/git config --local --name-only --get-regexp http\.https\:\/\/github\.com\/\.extraheader
2026-09-23T08:48:35.5279282Z http.https://github.com/.extraheader
2026-09-23T08:48:35.5296104Z [command]/usr/bin/git config --local --unset-all http.https://github.com/.extraheader
2026-09-23T08:48:35.5328666Z [command]/usr/bin/git submodule foreach --recursive sh -c "git config --local --name-only --get-regexp 'http\.https\:\/\/github\.com\/\.extraheader' && git config --local --unset-all 'http.https://github.com/.extraheader' || :"
2026-09-23T08:48:35.5582407Z [command]/usr/bin/git config --local --name-only --get-regexp ^includeIf\.gitdir:
2026-09-23T08:48:35.5622751Z [command]/usr/bin/git submodule foreach --recursive git config --local --show-origin --name-only --get-regexp remote.origin.url
2026-09-23T08:48:35.6010708Z Cleaning up orphan processes
2026-09-23T08:48:35.6280997Z ##[warning]Node.js 20 is deprecated. The following actions target Node.js 20 but are being forced to run on Node.js 24: actions/checkout@v4, actions/setup-python@v5. For more information see: https://github.blog/changelog/2025-09-19-deprecation-of-node-20-on-github-actions-runners/
