ï»¿2026-09-23T08:48:21.9540842Z Current runner version: '2.337.0'
2026-09-23T08:48:21.9576585Z ##[group]Runner Image Provisioner
2026-09-23T08:48:21.9577867Z Hosted Compute Agent
2026-09-23T08:48:21.9578855Z Version: 20260828.587
2026-09-23T08:48:21.9580021Z Commit: abac92662cab4cc7352de4f9f9d2e2419aad9c29
2026-09-23T08:48:21.9581539Z Build Date: 2026-08-28T16:44:25Z
2026-09-23T08:48:21.9582770Z Worker ID: {251d59cd-9e7b-4a90-a255-bdcdbd38a1fc}
2026-09-23T08:48:21.9584079Z Azure Region: eastus
2026-09-23T08:48:21.9585018Z ##[endgroup]
2026-09-23T08:48:21.9588131Z ##[group]Operating System
2026-09-23T08:48:21.9589224Z Ubuntu
2026-09-23T08:48:21.9590408Z 24.04.5
2026-09-23T08:48:21.9591273Z LTS
2026-09-23T08:48:21.9592160Z ##[endgroup]
2026-09-23T08:48:21.9593250Z ##[group]Runner Image
2026-09-23T08:48:21.9594266Z Image: ubuntu-24.04
2026-09-23T08:48:21.9595221Z Version: 20260907.300.1
2026-09-23T08:48:21.9597339Z Included Software: https://github.com/actions/runner-images/blob/ubuntu24/20260907.300/images/ubuntu/Ubuntu2404-Readme.md
2026-09-23T08:48:21.9600423Z Image Release: https://github.com/actions/runner-images/releases/tag/ubuntu24%2F20260907.300
2026-09-23T08:48:21.9602158Z ##[endgroup]
2026-09-23T08:48:21.9604229Z ##[group]GITHUB_TOKEN Permissions
2026-09-23T08:48:21.9607148Z Contents: read
2026-09-23T08:48:21.9608215Z Metadata: read
2026-09-23T08:48:21.9609124Z Packages: read
2026-09-23T08:48:21.9610385Z ##[endgroup]
2026-09-23T08:48:21.9613388Z Secret source: Actions
2026-09-23T08:48:21.9615060Z Cache mode: write
2026-09-23T08:48:21.9616580Z Prepare workflow directory
2026-09-23T08:48:22.0096583Z Prepare all required actions
2026-09-23T08:48:22.0168655Z Getting action download info
2026-09-23T08:48:22.2370331Z Download action repository 'actions/checkout@v4' (SHA:11d5960a326750d5838078e36cf38b85af677262)
2026-09-23T08:48:22.3378039Z Download action repository 'actions/setup-python@v5' (SHA:a26af69be951a213d495a4c3e4e4022e16d87065)
2026-09-23T08:48:22.5206343Z Complete job name: test-f3 (IndexError #48)
2026-09-23T08:48:22.5973372Z Node 20 is being deprecated. This workflow is running with Node 24 by default. If you need to temporarily use Node 20, you can set the ACTIONS_ALLOW_USE_UNSECURE_NODE_VERSION=true environment variable. For more information see: https://github.blog/changelog/2025-09-19-deprecation-of-node-20-on-github-actions-runners/
2026-09-23T08:48:22.5982232Z ##[group]Run actions/checkout@v4
2026-09-23T08:48:22.5982978Z with:
2026-09-23T08:48:22.5983403Z   fetch-depth: 1
2026-09-23T08:48:22.5983867Z   repository: DhruvHegde/log-generation
2026-09-23T08:48:22.5987838Z   token: ***
2026-09-23T08:48:22.5988268Z   ssh-strict: true
2026-09-23T08:48:22.5988701Z   ssh-user: git
2026-09-23T08:48:22.5989147Z   persist-credentials: true
2026-09-23T08:48:22.5989632Z   clean: true
2026-09-23T08:48:22.5990078Z   sparse-checkout-cone-mode: true
2026-09-23T08:48:22.5990926Z   fetch-tags: false
2026-09-23T08:48:22.5991380Z   show-progress: true
2026-09-23T08:48:22.5991822Z   lfs: false
2026-09-23T08:48:22.5992261Z   submodules: false
2026-09-23T08:48:22.5992726Z   set-safe-directory: true
2026-09-23T08:48:22.5993227Z   allow-unsafe-pr-checkout: false
2026-09-23T08:48:22.5994028Z ##[endgroup]
2026-09-23T08:48:22.7036802Z Syncing repository: DhruvHegde/log-generation
2026-09-23T08:48:22.7039394Z ##[group]Getting Git version info
2026-09-23T08:48:22.7040925Z Working directory is '/home/runner/work/log-generation/log-generation'
2026-09-23T08:48:22.7042729Z [command]/usr/bin/git version
2026-09-23T08:48:22.7106139Z git version 2.55.0
2026-09-23T08:48:22.7128597Z ##[endgroup]
2026-09-23T08:48:22.7153169Z Temporarily overriding HOME='/home/runner/work/_temp/703fd825-eda1-49a6-86d2-bfdf8b6c6e70' before making global git config changes
2026-09-23T08:48:22.7156462Z Adding repository directory to the temporary git global config as a safe directory
2026-09-23T08:48:22.7158993Z [command]/usr/bin/git config --global --add safe.directory /home/runner/work/log-generation/log-generation
2026-09-23T08:48:22.7211593Z Deleting the contents of '/home/runner/work/log-generation/log-generation'
2026-09-23T08:48:22.7214225Z ##[group]Initializing the repository
2026-09-23T08:48:22.7215720Z [command]/usr/bin/git init /home/runner/work/log-generation/log-generation
2026-09-23T08:48:22.7323569Z hint: Using 'master' as the name for the initial branch. This default branch name
2026-09-23T08:48:22.7325636Z hint: will change to "main" in Git 3.0. To configure the initial branch name
2026-09-23T08:48:22.7327419Z hint: to use in all of your new repositories, which will suppress this warning,
2026-09-23T08:48:22.7328822Z hint: call:
2026-09-23T08:48:22.7329806Z hint:
2026-09-23T08:48:22.7331189Z hint: 	git config --global init.defaultBranch <name>
2026-09-23T08:48:22.7332368Z hint:
2026-09-23T08:48:22.7333487Z hint: Names commonly chosen instead of 'master' are 'main', 'trunk' and
2026-09-23T08:48:22.7335226Z hint: 'development'. The just-created branch can be renamed via this command:
2026-09-23T08:48:22.7336578Z hint:
2026-09-23T08:48:22.7337349Z hint: 	git branch -m <name>
2026-09-23T08:48:22.7338185Z hint:
2026-09-23T08:48:22.7339301Z hint: Disable this message with "git config set advice.defaultBranchName false"
2026-09-23T08:48:22.7341121Z Initialized empty Git repository in /home/runner/work/log-generation/log-generation/.git/
2026-09-23T08:48:22.7345062Z [command]/usr/bin/git remote add origin https://github.com/DhruvHegde/log-generation
2026-09-23T08:48:22.7393213Z ##[endgroup]
2026-09-23T08:48:22.7394614Z ##[group]Disabling automatic garbage collection
2026-09-23T08:48:22.7397627Z [command]/usr/bin/git config --local gc.auto 0
2026-09-23T08:48:22.7429610Z ##[endgroup]
2026-09-23T08:48:22.7431237Z ##[group]Setting up auth
2026-09-23T08:48:22.7438187Z [command]/usr/bin/git config --local --name-only --get-regexp core\.sshCommand
2026-09-23T08:48:22.7471943Z [command]/usr/bin/git submodule foreach --recursive sh -c "git config --local --name-only --get-regexp 'core\.sshCommand' && git config --local --unset-all 'core.sshCommand' || :"
2026-09-23T08:48:22.7842314Z [command]/usr/bin/git config --local --name-only --get-regexp http\.https\:\/\/github\.com\/\.extraheader
2026-09-23T08:48:22.7879722Z [command]/usr/bin/git submodule foreach --recursive sh -c "git config --local --name-only --get-regexp 'http\.https\:\/\/github\.com\/\.extraheader' && git config --local --unset-all 'http.https://github.com/.extraheader' || :"
2026-09-23T08:48:22.8108300Z [command]/usr/bin/git config --local --name-only --get-regexp ^includeIf\.gitdir:
2026-09-23T08:48:22.8147711Z [command]/usr/bin/git submodule foreach --recursive git config --local --show-origin --name-only --get-regexp remote.origin.url
2026-09-23T08:48:22.8373064Z [command]/usr/bin/git config --local http.https://github.com/.extraheader AUTHORIZATION: basic ***
2026-09-23T08:48:22.8411037Z ##[endgroup]
2026-09-23T08:48:22.8411913Z ##[group]Fetching the repository
2026-09-23T08:48:22.8421012Z [command]/usr/bin/git -c protocol.version=2 fetch --no-tags --prune --no-recurse-submodules --depth=1 origin +43f20917de93b9aad51cf79a69ad5239c5632917:refs/remotes/origin/feature/f3-test-failures
2026-09-23T08:48:23.1252240Z From https://github.com/DhruvHegde/log-generation
2026-09-23T08:48:23.1253457Z  * [new ref]         43f20917de93b9aad51cf79a69ad5239c5632917 -> origin/feature/f3-test-failures
2026-09-23T08:48:23.1256427Z ##[endgroup]
2026-09-23T08:48:23.1257268Z ##[group]Determining the checkout info
2026-09-23T08:48:23.1258917Z ##[endgroup]
2026-09-23T08:48:23.1265940Z [command]/usr/bin/git sparse-checkout disable
2026-09-23T08:48:23.1318832Z [command]/usr/bin/git config --local --unset-all extensions.worktreeConfig
2026-09-23T08:48:23.1352059Z ##[group]Checking out the ref
2026-09-23T08:48:23.1358234Z [command]/usr/bin/git checkout --progress --force -B feature/f3-test-failures refs/remotes/origin/feature/f3-test-failures
2026-09-23T08:48:23.1756349Z Switched to a new branch 'feature/f3-test-failures'
2026-09-23T08:48:23.1761528Z branch 'feature/f3-test-failures' set up to track 'origin/feature/f3-test-failures'.
2026-09-23T08:48:23.1769354Z ##[endgroup]
2026-09-23T08:48:23.1815685Z [command]/usr/bin/git log -1 --format=%H
2026-09-23T08:48:23.1844042Z 43f20917de93b9aad51cf79a69ad5239c5632917
2026-09-23T08:48:23.2130406Z Node 20 is being deprecated. This workflow is running with Node 24 by default. If you need to temporarily use Node 20, you can set the ACTIONS_ALLOW_USE_UNSECURE_NODE_VERSION=true environment variable. For more information see: https://github.blog/changelog/2025-09-19-deprecation-of-node-20-on-github-actions-runners/
2026-09-23T08:48:23.2133410Z ##[group]Run actions/setup-python@v5
2026-09-23T08:48:23.2134098Z with:
2026-09-23T08:48:23.2134670Z   python-version: 3.11
2026-09-23T08:48:23.2135277Z   check-latest: false
2026-09-23T08:48:23.2139449Z   token: ***
2026-09-23T08:48:23.2140031Z   update-environment: true
2026-09-23T08:48:23.2141011Z   allow-prereleases: false
2026-09-23T08:48:23.2141659Z   freethreaded: false
2026-09-23T08:48:23.2142245Z ##[endgroup]
2026-09-23T08:48:23.3508633Z ##[group]Installed versions
2026-09-23T08:48:23.3601647Z (node:2250) [DEP0040] DeprecationWarning: The `punycode` module is deprecated. Please use a userland alternative instead.
2026-09-23T08:48:23.3603651Z (Use `node --trace-deprecation ...` to show where the warning was created)
2026-09-23T08:48:23.3604729Z Successfully set up CPython (3.11.16)
2026-09-23T08:48:23.3606340Z ##[endgroup]
2026-09-23T08:48:23.3821534Z ##[group]Run pip install --no-cache-dir pytest
2026-09-23T08:48:23.3822463Z [36;1mpip install --no-cache-dir pytest[0m
2026-09-23T08:48:23.3879200Z shell: /usr/bin/bash -e {0}
2026-09-23T08:48:23.3880635Z env:
2026-09-23T08:48:23.3881617Z   pythonLocation: /opt/hostedtoolcache/Python/3.11.16/x64
2026-09-23T08:48:23.3883161Z   PKG_CONFIG_PATH: /opt/hostedtoolcache/Python/3.11.16/x64/lib/pkgconfig
2026-09-23T08:48:23.3884743Z   Python_ROOT_DIR: /opt/hostedtoolcache/Python/3.11.16/x64
2026-09-23T08:48:23.3886124Z   Python2_ROOT_DIR: /opt/hostedtoolcache/Python/3.11.16/x64
2026-09-23T08:48:23.3887513Z   Python3_ROOT_DIR: /opt/hostedtoolcache/Python/3.11.16/x64
2026-09-23T08:48:23.3888830Z   LD_LIBRARY_PATH: /opt/hostedtoolcache/Python/3.11.16/x64/lib
2026-09-23T08:48:23.3889731Z ##[endgroup]
2026-09-23T08:48:24.1881524Z Collecting pytest
2026-09-23T08:48:24.2378626Z   Downloading pytest-9.1.1-py3-none-any.whl.metadata (7.6 kB)
2026-09-23T08:48:24.2474512Z Collecting iniconfig>=1.0.1 (from pytest)
2026-09-23T08:48:24.2515255Z   Downloading iniconfig-2.3.0-py3-none-any.whl.metadata (2.5 kB)
2026-09-23T08:48:24.2622972Z Collecting packaging>=22 (from pytest)
2026-09-23T08:48:24.2664681Z   Downloading packaging-26.3-py3-none-any.whl.metadata (3.5 kB)
2026-09-23T08:48:24.2744030Z Collecting pluggy<2,>=1.5 (from pytest)
2026-09-23T08:48:24.2783351Z   Downloading pluggy-1.6.0-py3-none-any.whl.metadata (4.8 kB)
2026-09-23T08:48:24.2914707Z Collecting pygments>=2.7.2 (from pytest)
2026-09-23T08:48:24.2955139Z   Downloading pygments-2.21.0-py3-none-any.whl.metadata (2.5 kB)
2026-09-23T08:48:24.3022861Z Downloading pytest-9.1.1-py3-none-any.whl (386 kB)
2026-09-23T08:48:24.3258454Z Downloading pluggy-1.6.0-py3-none-any.whl (20 kB)
2026-09-23T08:48:24.3294969Z Downloading iniconfig-2.3.0-py3-none-any.whl (7.5 kB)
2026-09-23T08:48:24.3332263Z Downloading packaging-26.3-py3-none-any.whl (129 kB)
2026-09-23T08:48:24.3389124Z Downloading pygments-2.21.0-py3-none-any.whl (1.3 MB)
2026-09-23T08:48:24.3596785Z    ââââââââââââââââââââââââââââââââââââââââ 1.3/1.3 MB 71.2 MB/s  0:00:00
2026-09-23T08:48:24.4263335Z Installing collected packages: pygments, pluggy, packaging, iniconfig, pytest
2026-09-23T08:48:25.4065672Z 
2026-09-23T08:48:25.4075232Z Successfully installed iniconfig-2.3.0 packaging-26.3 pluggy-1.6.0 pygments-2.21.0 pytest-9.1.1
2026-09-23T08:48:25.4627132Z ##[group]Run python automation/inject_mutation.py --error-type "IndexError"
2026-09-23T08:48:25.4627738Z [36;1mpython automation/inject_mutation.py --error-type "IndexError"[0m
2026-09-23T08:48:25.4666174Z shell: /usr/bin/bash -e {0}
2026-09-23T08:48:25.4666441Z env:
2026-09-23T08:48:25.4666718Z   pythonLocation: /opt/hostedtoolcache/Python/3.11.16/x64
2026-09-23T08:48:25.4667387Z   PKG_CONFIG_PATH: /opt/hostedtoolcache/Python/3.11.16/x64/lib/pkgconfig
2026-09-23T08:48:25.4667826Z   Python_ROOT_DIR: /opt/hostedtoolcache/Python/3.11.16/x64
2026-09-23T08:48:25.4668210Z   Python2_ROOT_DIR: /opt/hostedtoolcache/Python/3.11.16/x64
2026-09-23T08:48:25.4668603Z   Python3_ROOT_DIR: /opt/hostedtoolcache/Python/3.11.16/x64
2026-09-23T08:48:25.4668991Z   LD_LIBRARY_PATH: /opt/hostedtoolcache/Python/3.11.16/x64/lib
2026-09-23T08:48:25.4669317Z ##[endgroup]
2026-09-23T08:48:25.4965847Z [Mutation Injected] Successfully injected IndexError into tests/test_app.py
2026-09-23T08:48:25.5037756Z ##[group]Run pytest tests/test_app.py -v
2026-09-23T08:48:25.5038155Z [36;1mpytest tests/test_app.py -v[0m
2026-09-23T08:48:25.5075909Z shell: /usr/bin/bash -e {0}
2026-09-23T08:48:25.5076177Z env:
2026-09-23T08:48:25.5076451Z   pythonLocation: /opt/hostedtoolcache/Python/3.11.16/x64
2026-09-23T08:48:25.5076902Z   PKG_CONFIG_PATH: /opt/hostedtoolcache/Python/3.11.16/x64/lib/pkgconfig
2026-09-23T08:48:25.5077360Z   Python_ROOT_DIR: /opt/hostedtoolcache/Python/3.11.16/x64
2026-09-23T08:48:25.5077759Z   Python2_ROOT_DIR: /opt/hostedtoolcache/Python/3.11.16/x64
2026-09-23T08:48:25.5078154Z   Python3_ROOT_DIR: /opt/hostedtoolcache/Python/3.11.16/x64
2026-09-23T08:48:25.5078553Z   LD_LIBRARY_PATH: /opt/hostedtoolcache/Python/3.11.16/x64/lib
2026-09-23T08:48:25.5078888Z ##[endgroup]
2026-09-23T08:48:25.7346274Z ============================= test session starts ==============================
2026-09-23T08:48:25.7347453Z platform linux -- Python 3.11.16, pytest-9.1.1, pluggy-1.6.0 -- /opt/hostedtoolcache/Python/3.11.16/x64/bin/python
2026-09-23T08:48:25.7348416Z cachedir: .pytest_cache
2026-09-23T08:48:25.7349044Z rootdir: /home/runner/work/log-generation/log-generation
2026-09-23T08:48:25.7349766Z configfile: pytest.ini
2026-09-23T08:48:25.7440889Z collecting ... collected 6 items
2026-09-23T08:48:25.7441850Z 
2026-09-23T08:48:25.7451337Z tests/test_app.py::test_calculate_division PASSED                        [ 16%]
2026-09-23T08:48:25.7459861Z tests/test_app.py::test_convert_to_int PASSED                            [ 33%]
2026-09-23T08:48:25.7468539Z tests/test_app.py::test_get_list_item PASSED                             [ 50%]
2026-09-23T08:48:25.7476856Z tests/test_app.py::test_get_dict_value PASSED                            [ 66%]
2026-09-23T08:48:25.7485383Z tests/test_app.py::test_assert_positive PASSED                           [ 83%]
2026-09-23T08:48:25.7772302Z tests/test_app.py::test_index_error FAILED                               [100%]
2026-09-23T08:48:25.7773009Z 
2026-09-23T08:48:25.7773295Z =================================== FAILURES ===================================
2026-09-23T08:48:25.7774041Z _______________________________ test_index_error _______________________________
2026-09-23T08:48:25.7774541Z 
2026-09-23T08:48:25.7774717Z     def test_index_error():
2026-09-23T08:48:25.7775164Z         """Injected synthetic IndexError."""
2026-09-23T08:48:25.7775805Z         from src.app import get_list_item
2026-09-23T08:48:25.7776287Z         dataset = [10, 20, 30]
2026-09-23T08:48:25.7776782Z >       get_list_item(dataset, 999)
2026-09-23T08:48:25.7777093Z 
2026-09-23T08:48:25.7777267Z tests/test_app.py:140: 
2026-09-23T08:48:25.7777755Z _ _ _ _ _ _ _ _ _ _ _ _ _ _ _ _ _ _ _ _ _ _ _ _ _ _ _ _ _ _ _ _ _ _ _ _ _ _ _ _ 
2026-09-23T08:48:25.7778172Z 
2026-09-23T08:48:25.7778378Z lst = [10, 20, 30], index = 999
2026-09-23T08:48:25.7778663Z 
2026-09-23T08:48:25.7778844Z     def get_list_item(lst, index):
2026-09-23T08:48:25.7779287Z >       return lst[index]
2026-09-23T08:48:25.7779689Z                ^^^^^^^^^^
2026-09-23T08:48:25.7780115Z E       IndexError: list index out of range
2026-09-23T08:48:25.7780717Z 
2026-09-23T08:48:25.7780885Z src/app.py:8: IndexError
2026-09-23T08:48:25.7781386Z =========================== short test summary info ============================
2026-09-23T08:48:25.7782242Z FAILED tests/test_app.py::test_index_error - IndexError: list index out of range
2026-09-23T08:48:25.7783494Z ========================= 1 failed, 5 passed in 0.03s ==========================
2026-09-23T08:48:25.7978824Z ##[error]Process completed with exit code 1.
2026-09-23T08:48:25.8124787Z Node 20 is being deprecated. This workflow is running with Node 24 by default. If you need to temporarily use Node 20, you can set the ACTIONS_ALLOW_USE_UNSECURE_NODE_VERSION=true environment variable. For more information see: https://github.blog/changelog/2025-09-19-deprecation-of-node-20-on-github-actions-runners/
2026-09-23T08:48:25.8126082Z Post job cleanup.
2026-09-23T08:48:25.9012911Z [command]/usr/bin/git version
2026-09-23T08:48:25.9055087Z git version 2.55.0
2026-09-23T08:48:25.9095307Z Temporarily overriding HOME='/home/runner/work/_temp/3f48093b-d0c4-49e6-b941-a35ea484d47a' before making global git config changes
2026-09-23T08:48:25.9096675Z Adding repository directory to the temporary git global config as a safe directory
2026-09-23T08:48:25.9102256Z [command]/usr/bin/git config --global --add safe.directory /home/runner/work/log-generation/log-generation
2026-09-23T08:48:25.9142833Z [command]/usr/bin/git config --local --name-only --get-regexp core\.sshCommand
2026-09-23T08:48:25.9181216Z [command]/usr/bin/git submodule foreach --recursive sh -c "git config --local --name-only --get-regexp 'core\.sshCommand' && git config --local --unset-all 'core.sshCommand' || :"
2026-09-23T08:48:25.9445286Z [command]/usr/bin/git config --local --name-only --get-regexp http\.https\:\/\/github\.com\/\.extraheader
2026-09-23T08:48:25.9474967Z http.https://github.com/.extraheader
2026-09-23T08:48:25.9487122Z [command]/usr/bin/git config --local --unset-all http.https://github.com/.extraheader
2026-09-23T08:48:25.9530414Z [command]/usr/bin/git submodule foreach --recursive sh -c "git config --local --name-only --get-regexp 'http\.https\:\/\/github\.com\/\.extraheader' && git config --local --unset-all 'http.https://github.com/.extraheader' || :"
2026-09-23T08:48:25.9786069Z [command]/usr/bin/git config --local --name-only --get-regexp ^includeIf\.gitdir:
2026-09-23T08:48:25.9833233Z [command]/usr/bin/git submodule foreach --recursive git config --local --show-origin --name-only --get-regexp remote.origin.url
2026-09-23T08:48:26.0248694Z Cleaning up orphan processes
2026-09-23T08:48:26.0528696Z ##[warning]Node.js 20 is deprecated. The following actions target Node.js 20 but are being forced to run on Node.js 24: actions/checkout@v4, actions/setup-python@v5. For more information see: https://github.blog/changelog/2025-09-19-deprecation-of-node-20-on-github-actions-runners/
