ï»¿2026-09-23T08:44:03.0788345Z Current runner version: '2.337.0'
2026-09-23T08:44:03.0816111Z ##[group]Runner Image Provisioner
2026-09-23T08:44:03.0817005Z Hosted Compute Agent
2026-09-23T08:44:03.0817709Z Version: 20260828.587
2026-09-23T08:44:03.0818357Z Commit: abac92662cab4cc7352de4f9f9d2e2419aad9c29
2026-09-23T08:44:03.0819143Z Build Date: 2026-08-28T16:44:25Z
2026-09-23T08:44:03.0819845Z Worker ID: {0fd44519-5cc7-4bc2-a777-40d058ecb5ed}
2026-09-23T08:44:03.0820617Z Azure Region: northcentralus
2026-09-23T08:44:03.0821292Z ##[endgroup]
2026-09-23T08:44:03.0823161Z ##[group]Operating System
2026-09-23T08:44:03.0823899Z Ubuntu
2026-09-23T08:44:03.0824460Z 24.04.5
2026-09-23T08:44:03.0824999Z LTS
2026-09-23T08:44:03.0826039Z ##[endgroup]
2026-09-23T08:44:03.0826612Z ##[group]Runner Image
2026-09-23T08:44:03.0827251Z Image: ubuntu-24.04
2026-09-23T08:44:03.0827835Z Version: 20260907.300.1
2026-09-23T08:44:03.0829208Z Included Software: https://github.com/actions/runner-images/blob/ubuntu24/20260907.300/images/ubuntu/Ubuntu2404-Readme.md
2026-09-23T08:44:03.0830800Z Image Release: https://github.com/actions/runner-images/releases/tag/ubuntu24%2F20260907.300
2026-09-23T08:44:03.0831822Z ##[endgroup]
2026-09-23T08:44:03.0833525Z ##[group]GITHUB_TOKEN Permissions
2026-09-23T08:44:03.0837332Z Contents: read
2026-09-23T08:44:03.0838438Z Metadata: read
2026-09-23T08:44:03.0839548Z Packages: read
2026-09-23T08:44:03.0840592Z ##[endgroup]
2026-09-23T08:44:03.0844083Z Secret source: Actions
2026-09-23T08:44:03.0846006Z Cache mode: write
2026-09-23T08:44:03.0847733Z Prepare workflow directory
2026-09-23T08:44:03.1331272Z Prepare all required actions
2026-09-23T08:44:03.1403095Z Getting action download info
2026-09-23T08:44:03.3911378Z Download action repository 'actions/checkout@v4' (SHA:11d5960a326750d5838078e36cf38b85af677262)
2026-09-23T08:44:03.5015222Z Download action repository 'actions/setup-python@v5' (SHA:a26af69be951a213d495a4c3e4e4022e16d87065)
2026-09-23T08:44:03.7003467Z Complete job name: test-f3 (TypeError #63)
2026-09-23T08:44:03.7886121Z Node 20 is being deprecated. This workflow is running with Node 24 by default. If you need to temporarily use Node 20, you can set the ACTIONS_ALLOW_USE_UNSECURE_NODE_VERSION=true environment variable. For more information see: https://github.blog/changelog/2025-09-19-deprecation-of-node-20-on-github-actions-runners/
2026-09-23T08:44:03.7895852Z ##[group]Run actions/checkout@v4
2026-09-23T08:44:03.7896641Z with:
2026-09-23T08:44:03.7897116Z   fetch-depth: 1
2026-09-23T08:44:03.7897664Z   repository: DhruvHegde/log-generation
2026-09-23T08:44:03.7901651Z   token: ***
2026-09-23T08:44:03.7902361Z   ssh-strict: true
2026-09-23T08:44:03.7902865Z   ssh-user: git
2026-09-23T08:44:03.7903307Z   persist-credentials: true
2026-09-23T08:44:03.7903803Z   clean: true
2026-09-23T08:44:03.7904250Z   sparse-checkout-cone-mode: true
2026-09-23T08:44:03.7904774Z   fetch-tags: false
2026-09-23T08:44:03.7905218Z   show-progress: true
2026-09-23T08:44:03.7905673Z   lfs: false
2026-09-23T08:44:03.7906141Z   submodules: false
2026-09-23T08:44:03.7906619Z   set-safe-directory: true
2026-09-23T08:44:03.7907135Z   allow-unsafe-pr-checkout: false
2026-09-23T08:44:03.7907948Z ##[endgroup]
2026-09-23T08:44:03.9001264Z Syncing repository: DhruvHegde/log-generation
2026-09-23T08:44:03.9004439Z ##[group]Getting Git version info
2026-09-23T08:44:03.9005708Z Working directory is '/home/runner/work/log-generation/log-generation'
2026-09-23T08:44:03.9007674Z [command]/usr/bin/git version
2026-09-23T08:44:03.9075530Z git version 2.55.0
2026-09-23T08:44:03.9098675Z ##[endgroup]
2026-09-23T08:44:03.9114334Z Temporarily overriding HOME='/home/runner/work/_temp/826de5ff-6322-4b53-afea-fdb8c0804256' before making global git config changes
2026-09-23T08:44:03.9116850Z Adding repository directory to the temporary git global config as a safe directory
2026-09-23T08:44:03.9119994Z [command]/usr/bin/git config --global --add safe.directory /home/runner/work/log-generation/log-generation
2026-09-23T08:44:03.9180578Z Deleting the contents of '/home/runner/work/log-generation/log-generation'
2026-09-23T08:44:03.9190372Z ##[group]Initializing the repository
2026-09-23T08:44:03.9201426Z [command]/usr/bin/git init /home/runner/work/log-generation/log-generation
2026-09-23T08:44:03.9314502Z hint: Using 'master' as the name for the initial branch. This default branch name
2026-09-23T08:44:03.9316402Z hint: will change to "main" in Git 3.0. To configure the initial branch name
2026-09-23T08:44:03.9317512Z hint: to use in all of your new repositories, which will suppress this warning,
2026-09-23T08:44:03.9318410Z hint: call:
2026-09-23T08:44:03.9318907Z hint:
2026-09-23T08:44:03.9319545Z hint: 	git config --global init.defaultBranch <name>
2026-09-23T08:44:03.9320294Z hint:
2026-09-23T08:44:03.9320970Z hint: Names commonly chosen instead of 'master' are 'main', 'trunk' and
2026-09-23T08:44:03.9322046Z hint: 'development'. The just-created branch can be renamed via this command:
2026-09-23T08:44:03.9323690Z hint:
2026-09-23T08:44:03.9324495Z hint: 	git branch -m <name>
2026-09-23T08:44:03.9325525Z hint:
2026-09-23T08:44:03.9326615Z hint: Disable this message with "git config set advice.defaultBranchName false"
2026-09-23T08:44:03.9328429Z Initialized empty Git repository in /home/runner/work/log-generation/log-generation/.git/
2026-09-23T08:44:03.9341390Z [command]/usr/bin/git remote add origin https://github.com/DhruvHegde/log-generation
2026-09-23T08:44:03.9404272Z ##[endgroup]
2026-09-23T08:44:03.9405658Z ##[group]Disabling automatic garbage collection
2026-09-23T08:44:03.9408768Z [command]/usr/bin/git config --local gc.auto 0
2026-09-23T08:44:03.9442845Z ##[endgroup]
2026-09-23T08:44:03.9444275Z ##[group]Setting up auth
2026-09-23T08:44:03.9450466Z [command]/usr/bin/git config --local --name-only --get-regexp core\.sshCommand
2026-09-23T08:44:03.9484659Z [command]/usr/bin/git submodule foreach --recursive sh -c "git config --local --name-only --get-regexp 'core\.sshCommand' && git config --local --unset-all 'core.sshCommand' || :"
2026-09-23T08:44:03.9908090Z [command]/usr/bin/git config --local --name-only --get-regexp http\.https\:\/\/github\.com\/\.extraheader
2026-09-23T08:44:03.9945391Z [command]/usr/bin/git submodule foreach --recursive sh -c "git config --local --name-only --get-regexp 'http\.https\:\/\/github\.com\/\.extraheader' && git config --local --unset-all 'http.https://github.com/.extraheader' || :"
2026-09-23T08:44:04.0178215Z [command]/usr/bin/git config --local --name-only --get-regexp ^includeIf\.gitdir:
2026-09-23T08:44:04.0216779Z [command]/usr/bin/git submodule foreach --recursive git config --local --show-origin --name-only --get-regexp remote.origin.url
2026-09-23T08:44:04.0462302Z [command]/usr/bin/git config --local http.https://github.com/.extraheader AUTHORIZATION: basic ***
2026-09-23T08:44:04.0505894Z ##[endgroup]
2026-09-23T08:44:04.0506867Z ##[group]Fetching the repository
2026-09-23T08:44:04.0516660Z [command]/usr/bin/git -c protocol.version=2 fetch --no-tags --prune --no-recurse-submodules --depth=1 origin +dfcb6f158e4bd8054252a4da5d0a9edc2ab15d57:refs/remotes/origin/feature/f3-test-failures
2026-09-23T08:44:04.3837325Z From https://github.com/DhruvHegde/log-generation
2026-09-23T08:44:04.3841299Z  * [new ref]         dfcb6f158e4bd8054252a4da5d0a9edc2ab15d57 -> origin/feature/f3-test-failures
2026-09-23T08:44:04.3850352Z ##[endgroup]
2026-09-23T08:44:04.3851928Z ##[group]Determining the checkout info
2026-09-23T08:44:04.3853753Z ##[endgroup]
2026-09-23T08:44:04.3854588Z [command]/usr/bin/git sparse-checkout disable
2026-09-23T08:44:04.3907152Z [command]/usr/bin/git config --local --unset-all extensions.worktreeConfig
2026-09-23T08:44:04.3941206Z ##[group]Checking out the ref
2026-09-23T08:44:04.3946025Z [command]/usr/bin/git checkout --progress --force -B feature/f3-test-failures refs/remotes/origin/feature/f3-test-failures
2026-09-23T08:44:04.4030697Z Switched to a new branch 'feature/f3-test-failures'
2026-09-23T08:44:04.4037153Z branch 'feature/f3-test-failures' set up to track 'origin/feature/f3-test-failures'.
2026-09-23T08:44:04.4043199Z ##[endgroup]
2026-09-23T08:44:04.4090670Z [command]/usr/bin/git log -1 --format=%H
2026-09-23T08:44:04.4118839Z dfcb6f158e4bd8054252a4da5d0a9edc2ab15d57
2026-09-23T08:44:04.4389778Z Node 20 is being deprecated. This workflow is running with Node 24 by default. If you need to temporarily use Node 20, you can set the ACTIONS_ALLOW_USE_UNSECURE_NODE_VERSION=true environment variable. For more information see: https://github.blog/changelog/2025-09-19-deprecation-of-node-20-on-github-actions-runners/
2026-09-23T08:44:04.4393045Z ##[group]Run actions/setup-python@v5
2026-09-23T08:44:04.4393607Z with:
2026-09-23T08:44:04.4394016Z   python-version: 3.11
2026-09-23T08:44:04.4394476Z   check-latest: false
2026-09-23T08:44:04.4398131Z   token: ***
2026-09-23T08:44:04.4398566Z   update-environment: true
2026-09-23T08:44:04.4399056Z   allow-prereleases: false
2026-09-23T08:44:04.4399537Z   freethreaded: false
2026-09-23T08:44:04.4399984Z ##[endgroup]
2026-09-23T08:44:04.5783030Z ##[group]Installed versions
2026-09-23T08:44:04.5885940Z (node:2271) [DEP0040] DeprecationWarning: The `punycode` module is deprecated. Please use a userland alternative instead.
2026-09-23T08:44:04.5887997Z (Use `node --trace-deprecation ...` to show where the warning was created)
2026-09-23T08:44:04.5889139Z Successfully set up CPython (3.11.16)
2026-09-23T08:44:04.5890615Z ##[endgroup]
2026-09-23T08:44:04.6060085Z ##[group]Run pip install --no-cache-dir pytest
2026-09-23T08:44:04.6060895Z [36;1mpip install --no-cache-dir pytest[0m
2026-09-23T08:44:04.6117179Z shell: /usr/bin/bash -e {0}
2026-09-23T08:44:04.6117759Z env:
2026-09-23T08:44:04.6118303Z   pythonLocation: /opt/hostedtoolcache/Python/3.11.16/x64
2026-09-23T08:44:04.6119172Z   PKG_CONFIG_PATH: /opt/hostedtoolcache/Python/3.11.16/x64/lib/pkgconfig
2026-09-23T08:44:04.6120019Z   Python_ROOT_DIR: /opt/hostedtoolcache/Python/3.11.16/x64
2026-09-23T08:44:04.6120767Z   Python2_ROOT_DIR: /opt/hostedtoolcache/Python/3.11.16/x64
2026-09-23T08:44:04.6121527Z   Python3_ROOT_DIR: /opt/hostedtoolcache/Python/3.11.16/x64
2026-09-23T08:44:04.6122699Z   LD_LIBRARY_PATH: /opt/hostedtoolcache/Python/3.11.16/x64/lib
2026-09-23T08:44:04.6218355Z ##[endgroup]
2026-09-23T08:44:05.4999251Z Collecting pytest
2026-09-23T08:44:05.5472991Z   Downloading pytest-9.1.1-py3-none-any.whl.metadata (7.6 kB)
2026-09-23T08:44:05.5558247Z Collecting iniconfig>=1.0.1 (from pytest)
2026-09-23T08:44:05.5591835Z   Downloading iniconfig-2.3.0-py3-none-any.whl.metadata (2.5 kB)
2026-09-23T08:44:05.5695826Z Collecting packaging>=22 (from pytest)
2026-09-23T08:44:05.5729132Z   Downloading packaging-26.3-py3-none-any.whl.metadata (3.5 kB)
2026-09-23T08:44:05.5808438Z Collecting pluggy<2,>=1.5 (from pytest)
2026-09-23T08:44:05.5840972Z   Downloading pluggy-1.6.0-py3-none-any.whl.metadata (4.8 kB)
2026-09-23T08:44:05.5975536Z Collecting pygments>=2.7.2 (from pytest)
2026-09-23T08:44:05.6009880Z   Downloading pygments-2.21.0-py3-none-any.whl.metadata (2.5 kB)
2026-09-23T08:44:05.6070198Z Downloading pytest-9.1.1-py3-none-any.whl (386 kB)
2026-09-23T08:44:05.6262713Z Downloading pluggy-1.6.0-py3-none-any.whl (20 kB)
2026-09-23T08:44:05.6296799Z Downloading iniconfig-2.3.0-py3-none-any.whl (7.5 kB)
2026-09-23T08:44:05.6330223Z Downloading packaging-26.3-py3-none-any.whl (129 kB)
2026-09-23T08:44:05.6364465Z Downloading pygments-2.21.0-py3-none-any.whl (1.3 MB)
2026-09-23T08:44:05.6445848Z    ââââââââââââââââââââââââââââââââââââââââ 1.3/1.3 MB 256.9 MB/s  0:00:00
2026-09-23T08:44:05.7109999Z Installing collected packages: pygments, pluggy, packaging, iniconfig, pytest
2026-09-23T08:44:06.7232529Z 
2026-09-23T08:44:06.7241288Z Successfully installed iniconfig-2.3.0 packaging-26.3 pluggy-1.6.0 pygments-2.21.0 pytest-9.1.1
2026-09-23T08:44:06.7810511Z ##[group]Run python automation/inject_mutation.py --error-type "TypeError"
2026-09-23T08:44:06.7811200Z [36;1mpython automation/inject_mutation.py --error-type "TypeError"[0m
2026-09-23T08:44:06.7849709Z shell: /usr/bin/bash -e {0}
2026-09-23T08:44:06.7850021Z env:
2026-09-23T08:44:06.7850341Z   pythonLocation: /opt/hostedtoolcache/Python/3.11.16/x64
2026-09-23T08:44:06.7851045Z   PKG_CONFIG_PATH: /opt/hostedtoolcache/Python/3.11.16/x64/lib/pkgconfig
2026-09-23T08:44:06.7851538Z   Python_ROOT_DIR: /opt/hostedtoolcache/Python/3.11.16/x64
2026-09-23T08:44:06.7851987Z   Python2_ROOT_DIR: /opt/hostedtoolcache/Python/3.11.16/x64
2026-09-23T08:44:06.7852629Z   Python3_ROOT_DIR: /opt/hostedtoolcache/Python/3.11.16/x64
2026-09-23T08:44:06.7853082Z   LD_LIBRARY_PATH: /opt/hostedtoolcache/Python/3.11.16/x64/lib
2026-09-23T08:44:06.7853484Z ##[endgroup]
2026-09-23T08:44:06.8154654Z [Mutation Injected] Successfully injected TypeError into tests/test_app.py
2026-09-23T08:44:06.8231796Z ##[group]Run pytest tests/test_app.py -v
2026-09-23T08:44:06.8232553Z [36;1mpytest tests/test_app.py -v[0m
2026-09-23T08:44:06.8271845Z shell: /usr/bin/bash -e {0}
2026-09-23T08:44:06.8272367Z env:
2026-09-23T08:44:06.8272691Z   pythonLocation: /opt/hostedtoolcache/Python/3.11.16/x64
2026-09-23T08:44:06.8273182Z   PKG_CONFIG_PATH: /opt/hostedtoolcache/Python/3.11.16/x64/lib/pkgconfig
2026-09-23T08:44:06.8273686Z   Python_ROOT_DIR: /opt/hostedtoolcache/Python/3.11.16/x64
2026-09-23T08:44:06.8274116Z   Python2_ROOT_DIR: /opt/hostedtoolcache/Python/3.11.16/x64
2026-09-23T08:44:06.8274545Z   Python3_ROOT_DIR: /opt/hostedtoolcache/Python/3.11.16/x64
2026-09-23T08:44:06.8274998Z   LD_LIBRARY_PATH: /opt/hostedtoolcache/Python/3.11.16/x64/lib
2026-09-23T08:44:06.8275382Z ##[endgroup]
2026-09-23T08:44:07.0571997Z ============================= test session starts ==============================
2026-09-23T08:44:07.0573486Z platform linux -- Python 3.11.16, pytest-9.1.1, pluggy-1.6.0 -- /opt/hostedtoolcache/Python/3.11.16/x64/bin/python
2026-09-23T08:44:07.0574478Z cachedir: .pytest_cache
2026-09-23T08:44:07.0575051Z rootdir: /home/runner/work/log-generation/log-generation
2026-09-23T08:44:07.0575681Z configfile: pytest.ini
2026-09-23T08:44:07.0661093Z collecting ... collected 6 items
2026-09-23T08:44:07.0661540Z 
2026-09-23T08:44:07.0670663Z tests/test_app.py::test_calculate_division PASSED                        [ 16%]
2026-09-23T08:44:07.0679670Z tests/test_app.py::test_convert_to_int PASSED                            [ 33%]
2026-09-23T08:44:07.0687842Z tests/test_app.py::test_get_list_item PASSED                             [ 50%]
2026-09-23T08:44:07.0695210Z tests/test_app.py::test_get_dict_value PASSED                            [ 66%]
2026-09-23T08:44:07.0702228Z tests/test_app.py::test_assert_positive PASSED                           [ 83%]
2026-09-23T08:44:07.1013898Z tests/test_app.py::test_type_error FAILED                                [100%]
2026-09-23T08:44:07.1014524Z 
2026-09-23T08:44:07.1014872Z =================================== FAILURES ===================================
2026-09-23T08:44:07.1015646Z _______________________________ test_type_error ________________________________
2026-09-23T08:44:07.1016144Z 
2026-09-23T08:44:07.1016321Z     def test_type_error():
2026-09-23T08:44:07.1016781Z         """Injected synthetic TypeError."""
2026-09-23T08:44:07.1017362Z         from src.app import calculate_division
2026-09-23T08:44:07.1017924Z >       calculate_division("invalid_string", 5)
2026-09-23T08:44:07.1018302Z 
2026-09-23T08:44:07.1018478Z tests/test_app.py:137: 
2026-09-23T08:44:07.1019001Z _ _ _ _ _ _ _ _ _ _ _ _ _ _ _ _ _ _ _ _ _ _ _ _ _ _ _ _ _ _ _ _ _ _ _ _ _ _ _ _ 
2026-09-23T08:44:07.1019450Z 
2026-09-23T08:44:07.1019630Z a = 'invalid_string', b = 5
2026-09-23T08:44:07.1019923Z 
2026-09-23T08:44:07.1020119Z     def calculate_division(a, b):
2026-09-23T08:44:07.1020591Z >       return a / b
2026-09-23T08:44:07.1020999Z                ^^^^^
2026-09-23T08:44:07.1021565Z E       TypeError: unsupported operand type(s) for /: 'str' and 'int'
2026-09-23T08:44:07.1022253Z 
2026-09-23T08:44:07.1022441Z src/app.py:2: TypeError
2026-09-23T08:44:07.1022967Z =========================== short test summary info ============================
2026-09-23T08:44:07.1023992Z FAILED tests/test_app.py::test_type_error - TypeError: unsupported operand type(s) for /: 'str' and 'int'
2026-09-23T08:44:07.1025532Z ========================= 1 failed, 5 passed in 0.03s ==========================
2026-09-23T08:44:07.1213261Z ##[error]Process completed with exit code 1.
2026-09-23T08:44:07.1360190Z Node 20 is being deprecated. This workflow is running with Node 24 by default. If you need to temporarily use Node 20, you can set the ACTIONS_ALLOW_USE_UNSECURE_NODE_VERSION=true environment variable. For more information see: https://github.blog/changelog/2025-09-19-deprecation-of-node-20-on-github-actions-runners/
2026-09-23T08:44:07.1361546Z Post job cleanup.
2026-09-23T08:44:07.2203065Z [command]/usr/bin/git version
2026-09-23T08:44:07.2248222Z git version 2.55.0
2026-09-23T08:44:07.2289182Z Temporarily overriding HOME='/home/runner/work/_temp/f532819f-a1ce-4445-a15e-416027d83291' before making global git config changes
2026-09-23T08:44:07.2293279Z Adding repository directory to the temporary git global config as a safe directory
2026-09-23T08:44:07.2307574Z [command]/usr/bin/git config --global --add safe.directory /home/runner/work/log-generation/log-generation
2026-09-23T08:44:07.2343693Z [command]/usr/bin/git config --local --name-only --get-regexp core\.sshCommand
2026-09-23T08:44:07.2382484Z [command]/usr/bin/git submodule foreach --recursive sh -c "git config --local --name-only --get-regexp 'core\.sshCommand' && git config --local --unset-all 'core.sshCommand' || :"
2026-09-23T08:44:07.2643400Z [command]/usr/bin/git config --local --name-only --get-regexp http\.https\:\/\/github\.com\/\.extraheader
2026-09-23T08:44:07.2671642Z http.https://github.com/.extraheader
2026-09-23T08:44:07.2684932Z [command]/usr/bin/git config --local --unset-all http.https://github.com/.extraheader
2026-09-23T08:44:07.2722660Z [command]/usr/bin/git submodule foreach --recursive sh -c "git config --local --name-only --get-regexp 'http\.https\:\/\/github\.com\/\.extraheader' && git config --local --unset-all 'http.https://github.com/.extraheader' || :"
2026-09-23T08:44:07.2998342Z [command]/usr/bin/git config --local --name-only --get-regexp ^includeIf\.gitdir:
2026-09-23T08:44:07.3039878Z [command]/usr/bin/git submodule foreach --recursive git config --local --show-origin --name-only --get-regexp remote.origin.url
2026-09-23T08:44:07.3439481Z Cleaning up orphan processes
2026-09-23T08:44:07.3719948Z ##[warning]Node.js 20 is deprecated. The following actions target Node.js 20 but are being forced to run on Node.js 24: actions/checkout@v4, actions/setup-python@v5. For more information see: https://github.blog/changelog/2025-09-19-deprecation-of-node-20-on-github-actions-runners/
