ï»¿2026-09-23T08:48:05.1314010Z Current runner version: '2.337.0'
2026-09-23T08:48:05.1341320Z ##[group]Runner Image Provisioner
2026-09-23T08:48:05.1342616Z Hosted Compute Agent
2026-09-23T08:48:05.1343227Z Version: 20260828.587
2026-09-23T08:48:05.1343965Z Commit: abac92662cab4cc7352de4f9f9d2e2419aad9c29
2026-09-23T08:48:05.1344733Z Build Date: 2026-08-28T16:44:25Z
2026-09-23T08:48:05.1345523Z Worker ID: {fff030da-cc91-41a2-90a2-ceb4afa44aec}
2026-09-23T08:48:05.1346275Z Azure Region: westus2
2026-09-23T08:48:05.1346857Z ##[endgroup]
2026-09-23T08:48:05.1348835Z ##[group]Operating System
2026-09-23T08:48:05.1349562Z Ubuntu
2026-09-23T08:48:05.1350161Z 24.04.5
2026-09-23T08:48:05.1350695Z LTS
2026-09-23T08:48:05.1351532Z ##[endgroup]
2026-09-23T08:48:05.1352646Z ##[group]Runner Image
2026-09-23T08:48:05.1353343Z Image: ubuntu-24.04
2026-09-23T08:48:05.1353983Z Version: 20260907.300.1
2026-09-23T08:48:05.1355259Z Included Software: https://github.com/actions/runner-images/blob/ubuntu24/20260907.300/images/ubuntu/Ubuntu2404-Readme.md
2026-09-23T08:48:05.1356869Z Image Release: https://github.com/actions/runner-images/releases/tag/ubuntu24%2F20260907.300
2026-09-23T08:48:05.1357869Z ##[endgroup]
2026-09-23T08:48:05.1359082Z ##[group]GITHUB_TOKEN Permissions
2026-09-23T08:48:05.1361375Z Contents: read
2026-09-23T08:48:05.1362281Z Metadata: read
2026-09-23T08:48:05.1362874Z Packages: read
2026-09-23T08:48:05.1363457Z ##[endgroup]
2026-09-23T08:48:05.1365673Z Secret source: Actions
2026-09-23T08:48:05.1366629Z Cache mode: write
2026-09-23T08:48:05.1367803Z Prepare workflow directory
2026-09-23T08:48:05.1747681Z Prepare all required actions
2026-09-23T08:48:05.1817859Z Getting action download info
2026-09-23T08:48:05.5744454Z Download action repository 'actions/checkout@v4' (SHA:11d5960a326750d5838078e36cf38b85af677262)
2026-09-23T08:48:05.6925186Z Download action repository 'actions/setup-python@v5' (SHA:a26af69be951a213d495a4c3e4e4022e16d87065)
2026-09-23T08:48:05.8803138Z Complete job name: test-f3 (ZeroDivisionError #21)
2026-09-23T08:48:05.9586033Z Node 20 is being deprecated. This workflow is running with Node 24 by default. If you need to temporarily use Node 20, you can set the ACTIONS_ALLOW_USE_UNSECURE_NODE_VERSION=true environment variable. For more information see: https://github.blog/changelog/2025-09-19-deprecation-of-node-20-on-github-actions-runners/
2026-09-23T08:48:05.9595924Z ##[group]Run actions/checkout@v4
2026-09-23T08:48:05.9596721Z with:
2026-09-23T08:48:05.9597163Z   fetch-depth: 1
2026-09-23T08:48:05.9597693Z   repository: DhruvHegde/log-generation
2026-09-23T08:48:05.9601813Z   token: ***
2026-09-23T08:48:05.9602450Z   ssh-strict: true
2026-09-23T08:48:05.9602896Z   ssh-user: git
2026-09-23T08:48:05.9603354Z   persist-credentials: true
2026-09-23T08:48:05.9603851Z   clean: true
2026-09-23T08:48:05.9604307Z   sparse-checkout-cone-mode: true
2026-09-23T08:48:05.9604829Z   fetch-tags: false
2026-09-23T08:48:05.9605282Z   show-progress: true
2026-09-23T08:48:05.9605743Z   lfs: false
2026-09-23T08:48:05.9606211Z   submodules: false
2026-09-23T08:48:05.9606693Z   set-safe-directory: true
2026-09-23T08:48:05.9607210Z   allow-unsafe-pr-checkout: false
2026-09-23T08:48:05.9608008Z ##[endgroup]
2026-09-23T08:48:06.0632767Z Syncing repository: DhruvHegde/log-generation
2026-09-23T08:48:06.0635877Z ##[group]Getting Git version info
2026-09-23T08:48:06.0637168Z Working directory is '/home/runner/work/log-generation/log-generation'
2026-09-23T08:48:06.0638973Z [command]/usr/bin/git version
2026-09-23T08:48:06.0733603Z git version 2.55.0
2026-09-23T08:48:06.0756646Z ##[endgroup]
2026-09-23T08:48:06.0768773Z Temporarily overriding HOME='/home/runner/work/_temp/aafd4a7d-0860-4bd2-b65f-64093ab65c1e' before making global git config changes
2026-09-23T08:48:06.0771268Z Adding repository directory to the temporary git global config as a safe directory
2026-09-23T08:48:06.0774861Z [command]/usr/bin/git config --global --add safe.directory /home/runner/work/log-generation/log-generation
2026-09-23T08:48:06.0830134Z Deleting the contents of '/home/runner/work/log-generation/log-generation'
2026-09-23T08:48:06.0835315Z ##[group]Initializing the repository
2026-09-23T08:48:06.0839288Z [command]/usr/bin/git init /home/runner/work/log-generation/log-generation
2026-09-23T08:48:06.1006907Z hint: Using 'master' as the name for the initial branch. This default branch name
2026-09-23T08:48:06.1007959Z hint: will change to "main" in Git 3.0. To configure the initial branch name
2026-09-23T08:48:06.1008901Z hint: to use in all of your new repositories, which will suppress this warning,
2026-09-23T08:48:06.1009641Z hint: call:
2026-09-23T08:48:06.1010198Z hint:
2026-09-23T08:48:06.1010742Z hint: 	git config --global init.defaultBranch <name>
2026-09-23T08:48:06.1011363Z hint:
2026-09-23T08:48:06.1012313Z hint: Names commonly chosen instead of 'master' are 'main', 'trunk' and
2026-09-23T08:48:06.1013319Z hint: 'development'. The just-created branch can be renamed via this command:
2026-09-23T08:48:06.1014070Z hint:
2026-09-23T08:48:06.1014524Z hint: 	git branch -m <name>
2026-09-23T08:48:06.1015065Z hint:
2026-09-23T08:48:06.1015724Z hint: Disable this message with "git config set advice.defaultBranchName false"
2026-09-23T08:48:06.1022975Z Initialized empty Git repository in /home/runner/work/log-generation/log-generation/.git/
2026-09-23T08:48:06.1035728Z [command]/usr/bin/git remote add origin https://github.com/DhruvHegde/log-generation
2026-09-23T08:48:06.1095389Z ##[endgroup]
2026-09-23T08:48:06.1096758Z ##[group]Disabling automatic garbage collection
2026-09-23T08:48:06.1100395Z [command]/usr/bin/git config --local gc.auto 0
2026-09-23T08:48:06.1135734Z ##[endgroup]
2026-09-23T08:48:06.1136850Z ##[group]Setting up auth
2026-09-23T08:48:06.1143780Z [command]/usr/bin/git config --local --name-only --get-regexp core\.sshCommand
2026-09-23T08:48:06.1178019Z [command]/usr/bin/git submodule foreach --recursive sh -c "git config --local --name-only --get-regexp 'core\.sshCommand' && git config --local --unset-all 'core.sshCommand' || :"
2026-09-23T08:48:06.1604690Z [command]/usr/bin/git config --local --name-only --get-regexp http\.https\:\/\/github\.com\/\.extraheader
2026-09-23T08:48:06.1646599Z [command]/usr/bin/git submodule foreach --recursive sh -c "git config --local --name-only --get-regexp 'http\.https\:\/\/github\.com\/\.extraheader' && git config --local --unset-all 'http.https://github.com/.extraheader' || :"
2026-09-23T08:48:06.1889571Z [command]/usr/bin/git config --local --name-only --get-regexp ^includeIf\.gitdir:
2026-09-23T08:48:06.1935070Z [command]/usr/bin/git submodule foreach --recursive git config --local --show-origin --name-only --get-regexp remote.origin.url
2026-09-23T08:48:06.2198959Z [command]/usr/bin/git config --local http.https://github.com/.extraheader AUTHORIZATION: basic ***
2026-09-23T08:48:06.2242124Z ##[endgroup]
2026-09-23T08:48:06.2252382Z ##[group]Fetching the repository
2026-09-23T08:48:06.2255282Z [command]/usr/bin/git -c protocol.version=2 fetch --no-tags --prune --no-recurse-submodules --depth=1 origin +43f20917de93b9aad51cf79a69ad5239c5632917:refs/remotes/origin/feature/f3-test-failures
2026-09-23T08:48:06.7026449Z From https://github.com/DhruvHegde/log-generation
2026-09-23T08:48:06.7028814Z  * [new ref]         43f20917de93b9aad51cf79a69ad5239c5632917 -> origin/feature/f3-test-failures
2026-09-23T08:48:06.7033862Z ##[endgroup]
2026-09-23T08:48:06.7035830Z ##[group]Determining the checkout info
2026-09-23T08:48:06.7038259Z ##[endgroup]
2026-09-23T08:48:06.7043883Z [command]/usr/bin/git sparse-checkout disable
2026-09-23T08:48:06.7099426Z [command]/usr/bin/git config --local --unset-all extensions.worktreeConfig
2026-09-23T08:48:06.7132596Z ##[group]Checking out the ref
2026-09-23T08:48:06.7138263Z [command]/usr/bin/git checkout --progress --force -B feature/f3-test-failures refs/remotes/origin/feature/f3-test-failures
2026-09-23T08:48:06.7566990Z Switched to a new branch 'feature/f3-test-failures'
2026-09-23T08:48:06.7576767Z branch 'feature/f3-test-failures' set up to track 'origin/feature/f3-test-failures'.
2026-09-23T08:48:06.7586040Z ##[endgroup]
2026-09-23T08:48:06.7636360Z [command]/usr/bin/git log -1 --format=%H
2026-09-23T08:48:06.7664685Z 43f20917de93b9aad51cf79a69ad5239c5632917
2026-09-23T08:48:06.7974087Z Node 20 is being deprecated. This workflow is running with Node 24 by default. If you need to temporarily use Node 20, you can set the ACTIONS_ALLOW_USE_UNSECURE_NODE_VERSION=true environment variable. For more information see: https://github.blog/changelog/2025-09-19-deprecation-of-node-20-on-github-actions-runners/
2026-09-23T08:48:06.7977405Z ##[group]Run actions/setup-python@v5
2026-09-23T08:48:06.7978014Z with:
2026-09-23T08:48:06.7978480Z   python-version: 3.11
2026-09-23T08:48:06.7979007Z   check-latest: false
2026-09-23T08:48:06.7983731Z   token: ***
2026-09-23T08:48:06.7984242Z   update-environment: true
2026-09-23T08:48:06.7984799Z   allow-prereleases: false
2026-09-23T08:48:06.7985329Z   freethreaded: false
2026-09-23T08:48:06.7986010Z ##[endgroup]
2026-09-23T08:48:06.9337429Z ##[group]Installed versions
2026-09-23T08:48:06.9454678Z (node:2225) [DEP0040] DeprecationWarning: The `punycode` module is deprecated. Please use a userland alternative instead.
2026-09-23T08:48:06.9456703Z (Use `node --trace-deprecation ...` to show where the warning was created)
2026-09-23T08:48:06.9458234Z Successfully set up CPython (3.11.16)
2026-09-23T08:48:06.9459855Z ##[endgroup]
2026-09-23T08:48:06.9653377Z ##[group]Run pip install --no-cache-dir pytest
2026-09-23T08:48:06.9654707Z [36;1mpip install --no-cache-dir pytest[0m
2026-09-23T08:48:06.9723412Z shell: /usr/bin/bash -e {0}
2026-09-23T08:48:06.9724323Z env:
2026-09-23T08:48:06.9725229Z   pythonLocation: /opt/hostedtoolcache/Python/3.11.16/x64
2026-09-23T08:48:06.9726708Z   PKG_CONFIG_PATH: /opt/hostedtoolcache/Python/3.11.16/x64/lib/pkgconfig
2026-09-23T08:48:06.9728188Z   Python_ROOT_DIR: /opt/hostedtoolcache/Python/3.11.16/x64
2026-09-23T08:48:06.9729528Z   Python2_ROOT_DIR: /opt/hostedtoolcache/Python/3.11.16/x64
2026-09-23T08:48:06.9819618Z   Python3_ROOT_DIR: /opt/hostedtoolcache/Python/3.11.16/x64
2026-09-23T08:48:06.9820658Z   LD_LIBRARY_PATH: /opt/hostedtoolcache/Python/3.11.16/x64/lib
2026-09-23T08:48:06.9821487Z ##[endgroup]
2026-09-23T08:48:07.9639573Z Collecting pytest
2026-09-23T08:48:08.0289910Z   Downloading pytest-9.1.1-py3-none-any.whl.metadata (7.6 kB)
2026-09-23T08:48:08.0416406Z Collecting iniconfig>=1.0.1 (from pytest)
2026-09-23T08:48:08.0486784Z   Downloading iniconfig-2.3.0-py3-none-any.whl.metadata (2.5 kB)
2026-09-23T08:48:08.0634548Z Collecting packaging>=22 (from pytest)
2026-09-23T08:48:08.0706432Z   Downloading packaging-26.3-py3-none-any.whl.metadata (3.5 kB)
2026-09-23T08:48:08.0824808Z Collecting pluggy<2,>=1.5 (from pytest)
2026-09-23T08:48:08.0894529Z   Downloading pluggy-1.6.0-py3-none-any.whl.metadata (4.8 kB)
2026-09-23T08:48:08.1082895Z Collecting pygments>=2.7.2 (from pytest)
2026-09-23T08:48:08.1155176Z   Downloading pygments-2.21.0-py3-none-any.whl.metadata (2.5 kB)
2026-09-23T08:48:08.1249287Z Downloading pytest-9.1.1-py3-none-any.whl (386 kB)
2026-09-23T08:48:08.1623869Z Downloading pluggy-1.6.0-py3-none-any.whl (20 kB)
2026-09-23T08:48:08.1696177Z Downloading iniconfig-2.3.0-py3-none-any.whl (7.5 kB)
2026-09-23T08:48:08.1766801Z Downloading packaging-26.3-py3-none-any.whl (129 kB)
2026-09-23T08:48:08.1893196Z Downloading pygments-2.21.0-py3-none-any.whl (1.3 MB)
2026-09-23T08:48:08.2515613Z    ââââââââââââââââââââââââââââââââââââââââ 1.3/1.3 MB 20.9 MB/s  0:00:00
2026-09-23T08:48:08.3197814Z Installing collected packages: pygments, pluggy, packaging, iniconfig, pytest
2026-09-23T08:48:09.3238875Z 
2026-09-23T08:48:09.3249265Z Successfully installed iniconfig-2.3.0 packaging-26.3 pluggy-1.6.0 pygments-2.21.0 pytest-9.1.1
2026-09-23T08:48:09.3932019Z ##[group]Run python automation/inject_mutation.py --error-type "ZeroDivisionError"
2026-09-23T08:48:09.3932722Z [36;1mpython automation/inject_mutation.py --error-type "ZeroDivisionError"[0m
2026-09-23T08:48:09.3972785Z shell: /usr/bin/bash -e {0}
2026-09-23T08:48:09.3973064Z env:
2026-09-23T08:48:09.3973587Z   pythonLocation: /opt/hostedtoolcache/Python/3.11.16/x64
2026-09-23T08:48:09.3974074Z   PKG_CONFIG_PATH: /opt/hostedtoolcache/Python/3.11.16/x64/lib/pkgconfig
2026-09-23T08:48:09.3974525Z   Python_ROOT_DIR: /opt/hostedtoolcache/Python/3.11.16/x64
2026-09-23T08:48:09.3974921Z   Python2_ROOT_DIR: /opt/hostedtoolcache/Python/3.11.16/x64
2026-09-23T08:48:09.3975318Z   Python3_ROOT_DIR: /opt/hostedtoolcache/Python/3.11.16/x64
2026-09-23T08:48:09.3975721Z   LD_LIBRARY_PATH: /opt/hostedtoolcache/Python/3.11.16/x64/lib
2026-09-23T08:48:09.3976058Z ##[endgroup]
2026-09-23T08:48:09.4287079Z [Mutation Injected] Successfully injected ZeroDivisionError into tests/test_app.py
2026-09-23T08:48:09.4363740Z ##[group]Run pytest tests/test_app.py -v
2026-09-23T08:48:09.4364166Z [36;1mpytest tests/test_app.py -v[0m
2026-09-23T08:48:09.4403887Z shell: /usr/bin/bash -e {0}
2026-09-23T08:48:09.4404203Z env:
2026-09-23T08:48:09.4404540Z   pythonLocation: /opt/hostedtoolcache/Python/3.11.16/x64
2026-09-23T08:48:09.4405122Z   PKG_CONFIG_PATH: /opt/hostedtoolcache/Python/3.11.16/x64/lib/pkgconfig
2026-09-23T08:48:09.4405688Z   Python_ROOT_DIR: /opt/hostedtoolcache/Python/3.11.16/x64
2026-09-23T08:48:09.4407018Z   Python2_ROOT_DIR: /opt/hostedtoolcache/Python/3.11.16/x64
2026-09-23T08:48:09.4407592Z   Python3_ROOT_DIR: /opt/hostedtoolcache/Python/3.11.16/x64
2026-09-23T08:48:09.4408432Z   LD_LIBRARY_PATH: /opt/hostedtoolcache/Python/3.11.16/x64/lib
2026-09-23T08:48:09.4408862Z ##[endgroup]
2026-09-23T08:48:09.8574521Z ============================= test session starts ==============================
2026-09-23T08:48:09.8576050Z platform linux -- Python 3.11.16, pytest-9.1.1, pluggy-1.6.0 -- /opt/hostedtoolcache/Python/3.11.16/x64/bin/python
2026-09-23T08:48:09.8577227Z cachedir: .pytest_cache
2026-09-23T08:48:09.8577962Z rootdir: /home/runner/work/log-generation/log-generation
2026-09-23T08:48:09.8578822Z configfile: pytest.ini
2026-09-23T08:48:09.8667989Z collecting ... collected 6 items
2026-09-23T08:48:09.8668798Z 
2026-09-23T08:48:09.8677807Z tests/test_app.py::test_calculate_division PASSED                        [ 16%]
2026-09-23T08:48:09.8685692Z tests/test_app.py::test_convert_to_int PASSED                            [ 33%]
2026-09-23T08:48:09.8693649Z tests/test_app.py::test_get_list_item PASSED                             [ 50%]
2026-09-23T08:48:09.8701238Z tests/test_app.py::test_get_dict_value PASSED                            [ 66%]
2026-09-23T08:48:09.8708941Z tests/test_app.py::test_assert_positive PASSED                           [ 83%]
2026-09-23T08:48:09.8998802Z tests/test_app.py::test_zero_division_error FAILED                       [100%]
2026-09-23T08:48:09.8999583Z 
2026-09-23T08:48:09.8999897Z =================================== FAILURES ===================================
2026-09-23T08:48:09.9000707Z ___________________________ test_zero_division_error ___________________________
2026-09-23T08:48:09.9001256Z 
2026-09-23T08:48:09.9001473Z     def test_zero_division_error():
2026-09-23T08:48:09.9002361Z         """Injected synthetic ZeroDivisionError."""
2026-09-23T08:48:09.9003027Z         from src.app import calculate_division
2026-09-23T08:48:09.9003601Z >       calculate_division(42, 0)
2026-09-23T08:48:09.9003953Z 
2026-09-23T08:48:09.9004139Z tests/test_app.py:139: 
2026-09-23T08:48:09.9004716Z _ _ _ _ _ _ _ _ _ _ _ _ _ _ _ _ _ _ _ _ _ _ _ _ _ _ _ _ _ _ _ _ _ _ _ _ _ _ _ _ 
2026-09-23T08:48:09.9005176Z 
2026-09-23T08:48:09.9005338Z a = 42, b = 0
2026-09-23T08:48:09.9005604Z 
2026-09-23T08:48:09.9005816Z     def calculate_division(a, b):
2026-09-23T08:48:09.9006285Z >       return a / b
2026-09-23T08:48:09.9006661Z                ^^^^^
2026-09-23T08:48:09.9007097Z E       ZeroDivisionError: division by zero
2026-09-23T08:48:09.9007479Z 
2026-09-23T08:48:09.9007671Z src/app.py:2: ZeroDivisionError
2026-09-23T08:48:09.9008266Z =========================== short test summary info ============================
2026-09-23T08:48:09.9009314Z FAILED tests/test_app.py::test_zero_division_error - ZeroDivisionError: division by zero
2026-09-23T08:48:09.9010720Z ========================= 1 failed, 5 passed in 0.03s ==========================
2026-09-23T08:48:09.9224420Z ##[error]Process completed with exit code 1.
2026-09-23T08:48:09.9374380Z Node 20 is being deprecated. This workflow is running with Node 24 by default. If you need to temporarily use Node 20, you can set the ACTIONS_ALLOW_USE_UNSECURE_NODE_VERSION=true environment variable. For more information see: https://github.blog/changelog/2025-09-19-deprecation-of-node-20-on-github-actions-runners/
2026-09-23T08:48:09.9375654Z Post job cleanup.
2026-09-23T08:48:10.0245143Z [command]/usr/bin/git version
2026-09-23T08:48:10.0290929Z git version 2.55.0
2026-09-23T08:48:10.0336436Z Temporarily overriding HOME='/home/runner/work/_temp/c5cc76ed-268e-4397-8849-06bd30d92cd4' before making global git config changes
2026-09-23T08:48:10.0337918Z Adding repository directory to the temporary git global config as a safe directory
2026-09-23T08:48:10.0343177Z [command]/usr/bin/git config --global --add safe.directory /home/runner/work/log-generation/log-generation
2026-09-23T08:48:10.0385544Z [command]/usr/bin/git config --local --name-only --get-regexp core\.sshCommand
2026-09-23T08:48:10.0422799Z [command]/usr/bin/git submodule foreach --recursive sh -c "git config --local --name-only --get-regexp 'core\.sshCommand' && git config --local --unset-all 'core.sshCommand' || :"
2026-09-23T08:48:10.0695455Z [command]/usr/bin/git config --local --name-only --get-regexp http\.https\:\/\/github\.com\/\.extraheader
2026-09-23T08:48:10.0724747Z http.https://github.com/.extraheader
2026-09-23T08:48:10.0736770Z [command]/usr/bin/git config --local --unset-all http.https://github.com/.extraheader
2026-09-23T08:48:10.0795997Z [command]/usr/bin/git submodule foreach --recursive sh -c "git config --local --name-only --get-regexp 'http\.https\:\/\/github\.com\/\.extraheader' && git config --local --unset-all 'http.https://github.com/.extraheader' || :"
2026-09-23T08:48:10.1065075Z [command]/usr/bin/git config --local --name-only --get-regexp ^includeIf\.gitdir:
2026-09-23T08:48:10.1106085Z [command]/usr/bin/git submodule foreach --recursive git config --local --show-origin --name-only --get-regexp remote.origin.url
2026-09-23T08:48:10.1499090Z Cleaning up orphan processes
2026-09-23T08:48:10.1764862Z ##[warning]Node.js 20 is deprecated. The following actions target Node.js 20 but are being forced to run on Node.js 24: actions/checkout@v4, actions/setup-python@v5. For more information see: https://github.blog/changelog/2025-09-19-deprecation-of-node-20-on-github-actions-runners/
