ï»¿2026-09-23T08:50:30.9490835Z Current runner version: '2.337.0'
2026-09-23T08:50:30.9517511Z ##[group]Runner Image Provisioner
2026-09-23T08:50:30.9518486Z Hosted Compute Agent
2026-09-23T08:50:30.9519066Z Version: 20260828.587
2026-09-23T08:50:30.9519793Z Commit: abac92662cab4cc7352de4f9f9d2e2419aad9c29
2026-09-23T08:50:30.9520528Z Build Date: 2026-08-28T16:44:25Z
2026-09-23T08:50:30.9521298Z Worker ID: {436b55be-35f9-4872-83c6-b4b640fc4700}
2026-09-23T08:50:30.9522294Z Azure Region: westus2
2026-09-23T08:50:30.9522862Z ##[endgroup]
2026-09-23T08:50:30.9524787Z ##[group]Operating System
2026-09-23T08:50:30.9525451Z Ubuntu
2026-09-23T08:50:30.9526043Z 24.04.5
2026-09-23T08:50:30.9526622Z LTS
2026-09-23T08:50:30.9527121Z ##[endgroup]
2026-09-23T08:50:30.9528140Z ##[group]Runner Image
2026-09-23T08:50:30.9528769Z Image: ubuntu-24.04
2026-09-23T08:50:30.9529366Z Version: 20260907.300.1
2026-09-23T08:50:30.9530690Z Included Software: https://github.com/actions/runner-images/blob/ubuntu24/20260907.300/images/ubuntu/Ubuntu2404-Readme.md
2026-09-23T08:50:30.9532564Z Image Release: https://github.com/actions/runner-images/releases/tag/ubuntu24%2F20260907.300
2026-09-23T08:50:30.9533545Z ##[endgroup]
2026-09-23T08:50:30.9534841Z ##[group]GITHUB_TOKEN Permissions
2026-09-23T08:50:30.9537057Z Contents: read
2026-09-23T08:50:30.9537725Z Metadata: read
2026-09-23T08:50:30.9538302Z Packages: read
2026-09-23T08:50:30.9538842Z ##[endgroup]
2026-09-23T08:50:30.9541114Z Secret source: Actions
2026-09-23T08:50:30.9542496Z Cache mode: write
2026-09-23T08:50:30.9543650Z Prepare workflow directory
2026-09-23T08:50:30.9892619Z Prepare all required actions
2026-09-23T08:50:30.9944920Z Getting action download info
2026-09-23T08:50:31.3677177Z Download action repository 'actions/checkout@v4' (SHA:11d5960a326750d5838078e36cf38b85af677262)
2026-09-23T08:50:31.5029436Z Download action repository 'actions/setup-python@v5' (SHA:a26af69be951a213d495a4c3e4e4022e16d87065)
2026-09-23T08:50:31.7361547Z Complete job name: test-f3 (KeyError #220)
2026-09-23T08:50:31.8139180Z Node 20 is being deprecated. This workflow is running with Node 24 by default. If you need to temporarily use Node 20, you can set the ACTIONS_ALLOW_USE_UNSECURE_NODE_VERSION=true environment variable. For more information see: https://github.blog/changelog/2025-09-19-deprecation-of-node-20-on-github-actions-runners/
2026-09-23T08:50:31.8148494Z ##[group]Run actions/checkout@v4
2026-09-23T08:50:31.8149310Z with:
2026-09-23T08:50:31.8149745Z   fetch-depth: 1
2026-09-23T08:50:31.8150236Z   repository: DhruvHegde/log-generation
2026-09-23T08:50:31.8154257Z   token: ***
2026-09-23T08:50:31.8154702Z   ssh-strict: true
2026-09-23T08:50:31.8155146Z   ssh-user: git
2026-09-23T08:50:31.8155600Z   persist-credentials: true
2026-09-23T08:50:31.8156100Z   clean: true
2026-09-23T08:50:31.8156568Z   sparse-checkout-cone-mode: true
2026-09-23T08:50:31.8157094Z   fetch-tags: false
2026-09-23T08:50:31.8157549Z   show-progress: true
2026-09-23T08:50:31.8158000Z   lfs: false
2026-09-23T08:50:31.8158451Z   submodules: false
2026-09-23T08:50:31.8158920Z   set-safe-directory: true
2026-09-23T08:50:31.8159430Z   allow-unsafe-pr-checkout: false
2026-09-23T08:50:31.8160230Z ##[endgroup]
2026-09-23T08:50:31.9235678Z Syncing repository: DhruvHegde/log-generation
2026-09-23T08:50:31.9238566Z ##[group]Getting Git version info
2026-09-23T08:50:31.9239937Z Working directory is '/home/runner/work/log-generation/log-generation'
2026-09-23T08:50:31.9242183Z [command]/usr/bin/git version
2026-09-23T08:50:31.9333388Z git version 2.55.0
2026-09-23T08:50:31.9352863Z ##[endgroup]
2026-09-23T08:50:31.9368711Z Temporarily overriding HOME='/home/runner/work/_temp/da8462eb-db13-4f17-b7c8-0124eaa14c4a' before making global git config changes
2026-09-23T08:50:31.9372725Z Adding repository directory to the temporary git global config as a safe directory
2026-09-23T08:50:31.9374811Z [command]/usr/bin/git config --global --add safe.directory /home/runner/work/log-generation/log-generation
2026-09-23T08:50:31.9439773Z Deleting the contents of '/home/runner/work/log-generation/log-generation'
2026-09-23T08:50:31.9445672Z ##[group]Initializing the repository
2026-09-23T08:50:31.9450982Z [command]/usr/bin/git init /home/runner/work/log-generation/log-generation
2026-09-23T08:50:31.9610692Z hint: Using 'master' as the name for the initial branch. This default branch name
2026-09-23T08:50:31.9612743Z hint: will change to "main" in Git 3.0. To configure the initial branch name
2026-09-23T08:50:31.9614273Z hint: to use in all of your new repositories, which will suppress this warning,
2026-09-23T08:50:31.9615968Z hint: call:
2026-09-23T08:50:31.9616623Z hint:
2026-09-23T08:50:31.9617180Z hint: 	git config --global init.defaultBranch <name>
2026-09-23T08:50:31.9618201Z hint:
2026-09-23T08:50:31.9619118Z hint: Names commonly chosen instead of 'master' are 'main', 'trunk' and
2026-09-23T08:50:31.9620116Z hint: 'development'. The just-created branch can be renamed via this command:
2026-09-23T08:50:31.9620873Z hint:
2026-09-23T08:50:31.9621341Z hint: 	git branch -m <name>
2026-09-23T08:50:31.9622272Z hint:
2026-09-23T08:50:31.9622927Z hint: Disable this message with "git config set advice.defaultBranchName false"
2026-09-23T08:50:31.9624516Z Initialized empty Git repository in /home/runner/work/log-generation/log-generation/.git/
2026-09-23T08:50:31.9633051Z [command]/usr/bin/git remote add origin https://github.com/DhruvHegde/log-generation
2026-09-23T08:50:31.9688533Z ##[endgroup]
2026-09-23T08:50:31.9689328Z ##[group]Disabling automatic garbage collection
2026-09-23T08:50:31.9693975Z [command]/usr/bin/git config --local gc.auto 0
2026-09-23T08:50:31.9727261Z ##[endgroup]
2026-09-23T08:50:31.9728345Z ##[group]Setting up auth
2026-09-23T08:50:31.9736020Z [command]/usr/bin/git config --local --name-only --get-regexp core\.sshCommand
2026-09-23T08:50:31.9770931Z [command]/usr/bin/git submodule foreach --recursive sh -c "git config --local --name-only --get-regexp 'core\.sshCommand' && git config --local --unset-all 'core.sshCommand' || :"
2026-09-23T08:50:32.0225393Z [command]/usr/bin/git config --local --name-only --get-regexp http\.https\:\/\/github\.com\/\.extraheader
2026-09-23T08:50:32.0274205Z [command]/usr/bin/git submodule foreach --recursive sh -c "git config --local --name-only --get-regexp 'http\.https\:\/\/github\.com\/\.extraheader' && git config --local --unset-all 'http.https://github.com/.extraheader' || :"
2026-09-23T08:50:32.0541413Z [command]/usr/bin/git config --local --name-only --get-regexp ^includeIf\.gitdir:
2026-09-23T08:50:32.0584115Z [command]/usr/bin/git submodule foreach --recursive git config --local --show-origin --name-only --get-regexp remote.origin.url
2026-09-23T08:50:32.0840949Z [command]/usr/bin/git config --local http.https://github.com/.extraheader AUTHORIZATION: basic ***
2026-09-23T08:50:32.0882772Z ##[endgroup]
2026-09-23T08:50:32.0884157Z ##[group]Fetching the repository
2026-09-23T08:50:32.0893863Z [command]/usr/bin/git -c protocol.version=2 fetch --no-tags --prune --no-recurse-submodules --depth=1 origin +43f20917de93b9aad51cf79a69ad5239c5632917:refs/remotes/origin/feature/f3-test-failures
2026-09-23T08:50:32.5305254Z From https://github.com/DhruvHegde/log-generation
2026-09-23T08:50:32.5307321Z  * [new ref]         43f20917de93b9aad51cf79a69ad5239c5632917 -> origin/feature/f3-test-failures
2026-09-23T08:50:32.5312160Z ##[endgroup]
2026-09-23T08:50:32.5313856Z ##[group]Determining the checkout info
2026-09-23T08:50:32.5315750Z ##[endgroup]
2026-09-23T08:50:32.5322599Z [command]/usr/bin/git sparse-checkout disable
2026-09-23T08:50:32.5383607Z [command]/usr/bin/git config --local --unset-all extensions.worktreeConfig
2026-09-23T08:50:32.5419431Z ##[group]Checking out the ref
2026-09-23T08:50:32.5426843Z [command]/usr/bin/git checkout --progress --force -B feature/f3-test-failures refs/remotes/origin/feature/f3-test-failures
2026-09-23T08:50:32.5834857Z Switched to a new branch 'feature/f3-test-failures'
2026-09-23T08:50:32.5839468Z branch 'feature/f3-test-failures' set up to track 'origin/feature/f3-test-failures'.
2026-09-23T08:50:32.5848401Z ##[endgroup]
2026-09-23T08:50:32.5897946Z [command]/usr/bin/git log -1 --format=%H
2026-09-23T08:50:32.5925889Z 43f20917de93b9aad51cf79a69ad5239c5632917
2026-09-23T08:50:32.6219843Z Node 20 is being deprecated. This workflow is running with Node 24 by default. If you need to temporarily use Node 20, you can set the ACTIONS_ALLOW_USE_UNSECURE_NODE_VERSION=true environment variable. For more information see: https://github.blog/changelog/2025-09-19-deprecation-of-node-20-on-github-actions-runners/
2026-09-23T08:50:32.6223179Z ##[group]Run actions/setup-python@v5
2026-09-23T08:50:32.6223766Z with:
2026-09-23T08:50:32.6224193Z   python-version: 3.11
2026-09-23T08:50:32.6224676Z   check-latest: false
2026-09-23T08:50:32.6228323Z   token: ***
2026-09-23T08:50:32.6228778Z   update-environment: true
2026-09-23T08:50:32.6229296Z   allow-prereleases: false
2026-09-23T08:50:32.6229793Z   freethreaded: false
2026-09-23T08:50:32.6230252Z ##[endgroup]
2026-09-23T08:50:32.7622649Z ##[group]Installed versions
2026-09-23T08:50:32.8295973Z (node:2230) [DEP0040] DeprecationWarning: The `punycode` module is deprecated. Please use a userland alternative instead.
2026-09-23T08:50:32.8299039Z (Use `node --trace-deprecation ...` to show where the warning was created)
2026-09-23T08:50:32.8300867Z Successfully set up CPython (3.11.16)
2026-09-23T08:50:32.8302973Z ##[endgroup]
2026-09-23T08:50:32.8548415Z ##[group]Run pip install --no-cache-dir pytest
2026-09-23T08:50:32.8549949Z [36;1mpip install --no-cache-dir pytest[0m
2026-09-23T08:50:32.8699367Z shell: /usr/bin/bash -e {0}
2026-09-23T08:50:32.8700825Z env:
2026-09-23T08:50:32.8780060Z   pythonLocation: /opt/hostedtoolcache/Python/3.11.16/x64
2026-09-23T08:50:32.8782636Z   PKG_CONFIG_PATH: /opt/hostedtoolcache/Python/3.11.16/x64/lib/pkgconfig
2026-09-23T08:50:32.8784393Z   Python_ROOT_DIR: /opt/hostedtoolcache/Python/3.11.16/x64
2026-09-23T08:50:32.8785945Z   Python2_ROOT_DIR: /opt/hostedtoolcache/Python/3.11.16/x64
2026-09-23T08:50:32.8787539Z   Python3_ROOT_DIR: /opt/hostedtoolcache/Python/3.11.16/x64
2026-09-23T08:50:32.8789188Z   LD_LIBRARY_PATH: /opt/hostedtoolcache/Python/3.11.16/x64/lib
2026-09-23T08:50:32.8790533Z ##[endgroup]
2026-09-23T08:50:36.3482560Z Collecting pytest
2026-09-23T08:50:36.4102134Z   Downloading pytest-9.1.1-py3-none-any.whl.metadata (7.6 kB)
2026-09-23T08:50:36.4233449Z Collecting iniconfig>=1.0.1 (from pytest)
2026-09-23T08:50:36.4312684Z   Downloading iniconfig-2.3.0-py3-none-any.whl.metadata (2.5 kB)
2026-09-23T08:50:36.4473813Z Collecting packaging>=22 (from pytest)
2026-09-23T08:50:36.4552464Z   Downloading packaging-26.3-py3-none-any.whl.metadata (3.5 kB)
2026-09-23T08:50:36.4690464Z Collecting pluggy<2,>=1.5 (from pytest)
2026-09-23T08:50:36.4767386Z   Downloading pluggy-1.6.0-py3-none-any.whl.metadata (4.8 kB)
2026-09-23T08:50:36.4959557Z Collecting pygments>=2.7.2 (from pytest)
2026-09-23T08:50:36.5035472Z   Downloading pygments-2.21.0-py3-none-any.whl.metadata (2.5 kB)
2026-09-23T08:50:36.5143705Z Downloading pytest-9.1.1-py3-none-any.whl (386 kB)
2026-09-23T08:50:36.5553887Z Downloading pluggy-1.6.0-py3-none-any.whl (20 kB)
2026-09-23T08:50:36.5634310Z Downloading iniconfig-2.3.0-py3-none-any.whl (7.5 kB)
2026-09-23T08:50:36.5708564Z Downloading packaging-26.3-py3-none-any.whl (129 kB)
2026-09-23T08:50:36.5845171Z Downloading pygments-2.21.0-py3-none-any.whl (1.3 MB)
2026-09-23T08:50:36.6434154Z    ââââââââââââââââââââââââââââââââââââââââ 1.3/1.3 MB 25.1 MB/s  0:00:00
2026-09-23T08:50:36.8477729Z Installing collected packages: pygments, pluggy, packaging, iniconfig, pytest
2026-09-23T08:50:37.8791099Z 
2026-09-23T08:50:37.8802060Z Successfully installed iniconfig-2.3.0 packaging-26.3 pluggy-1.6.0 pygments-2.21.0 pytest-9.1.1
2026-09-23T08:50:37.9380294Z ##[group]Run python automation/inject_mutation.py --error-type "KeyError"
2026-09-23T08:50:37.9380919Z [36;1mpython automation/inject_mutation.py --error-type "KeyError"[0m
2026-09-23T08:50:37.9420208Z shell: /usr/bin/bash -e {0}
2026-09-23T08:50:37.9420486Z env:
2026-09-23T08:50:37.9420781Z   pythonLocation: /opt/hostedtoolcache/Python/3.11.16/x64
2026-09-23T08:50:37.9421494Z   PKG_CONFIG_PATH: /opt/hostedtoolcache/Python/3.11.16/x64/lib/pkgconfig
2026-09-23T08:50:37.9422215Z   Python_ROOT_DIR: /opt/hostedtoolcache/Python/3.11.16/x64
2026-09-23T08:50:37.9422623Z   Python2_ROOT_DIR: /opt/hostedtoolcache/Python/3.11.16/x64
2026-09-23T08:50:37.9423037Z   Python3_ROOT_DIR: /opt/hostedtoolcache/Python/3.11.16/x64
2026-09-23T08:50:37.9423440Z   LD_LIBRARY_PATH: /opt/hostedtoolcache/Python/3.11.16/x64/lib
2026-09-23T08:50:37.9423803Z ##[endgroup]
2026-09-23T08:50:37.9774524Z [Mutation Injected] Successfully injected KeyError into tests/test_app.py
2026-09-23T08:50:37.9847471Z ##[group]Run pytest tests/test_app.py -v
2026-09-23T08:50:37.9847859Z [36;1mpytest tests/test_app.py -v[0m
2026-09-23T08:50:37.9887324Z shell: /usr/bin/bash -e {0}
2026-09-23T08:50:37.9887594Z env:
2026-09-23T08:50:37.9887877Z   pythonLocation: /opt/hostedtoolcache/Python/3.11.16/x64
2026-09-23T08:50:37.9888340Z   PKG_CONFIG_PATH: /opt/hostedtoolcache/Python/3.11.16/x64/lib/pkgconfig
2026-09-23T08:50:37.9888801Z   Python_ROOT_DIR: /opt/hostedtoolcache/Python/3.11.16/x64
2026-09-23T08:50:37.9889221Z   Python2_ROOT_DIR: /opt/hostedtoolcache/Python/3.11.16/x64
2026-09-23T08:50:37.9889630Z   Python3_ROOT_DIR: /opt/hostedtoolcache/Python/3.11.16/x64
2026-09-23T08:50:37.9890028Z   LD_LIBRARY_PATH: /opt/hostedtoolcache/Python/3.11.16/x64/lib
2026-09-23T08:50:37.9890370Z ##[endgroup]
2026-09-23T08:50:38.4455760Z ============================= test session starts ==============================
2026-09-23T08:50:38.4457085Z platform linux -- Python 3.11.16, pytest-9.1.1, pluggy-1.6.0 -- /opt/hostedtoolcache/Python/3.11.16/x64/bin/python
2026-09-23T08:50:38.4458105Z cachedir: .pytest_cache
2026-09-23T08:50:38.4458674Z rootdir: /home/runner/work/log-generation/log-generation
2026-09-23T08:50:38.4459312Z configfile: pytest.ini
2026-09-23T08:50:38.4551992Z collecting ... collected 6 items
2026-09-23T08:50:38.4552687Z 
2026-09-23T08:50:38.4561989Z tests/test_app.py::test_calculate_division PASSED                        [ 16%]
2026-09-23T08:50:38.4570688Z tests/test_app.py::test_convert_to_int PASSED                            [ 33%]
2026-09-23T08:50:38.4578622Z tests/test_app.py::test_get_list_item PASSED                             [ 50%]
2026-09-23T08:50:38.4586247Z tests/test_app.py::test_get_dict_value PASSED                            [ 66%]
2026-09-23T08:50:38.4593915Z tests/test_app.py::test_assert_positive PASSED                           [ 83%]
2026-09-23T08:50:38.4885339Z tests/test_app.py::test_key_error FAILED                                 [100%]
2026-09-23T08:50:38.4886189Z 
2026-09-23T08:50:38.4886859Z =================================== FAILURES ===================================
2026-09-23T08:50:38.4887871Z ________________________________ test_key_error ________________________________
2026-09-23T08:50:38.4888571Z 
2026-09-23T08:50:38.4889028Z     def test_key_error():
2026-09-23T08:50:38.4889521Z         """Injected synthetic KeyError."""
2026-09-23T08:50:38.4890136Z         from src.app import get_dict_value
2026-09-23T08:50:38.4890696Z         config = {"env": "staging", "retries": 3}
2026-09-23T08:50:38.4891365Z >       get_dict_value(config, "missing_auth_token")
2026-09-23T08:50:38.4892015Z 
2026-09-23T08:50:38.4892409Z tests/test_app.py:140: 
2026-09-23T08:50:38.4892987Z _ _ _ _ _ _ _ _ _ _ _ _ _ _ _ _ _ _ _ _ _ _ _ _ _ _ _ _ _ _ _ _ _ _ _ _ _ _ _ _ 
2026-09-23T08:50:38.4893461Z 
2026-09-23T08:50:38.4893863Z d = {'env': 'staging', 'retries': 3}, key = 'missing_auth_token'
2026-09-23T08:50:38.4894453Z 
2026-09-23T08:50:38.4894823Z     def get_dict_value(d, key):
2026-09-23T08:50:38.4895274Z >       return d[key]
2026-09-23T08:50:38.4895642Z                ^^^^^^
2026-09-23T08:50:38.4896053Z E       KeyError: 'missing_auth_token'
2026-09-23T08:50:38.4896510Z 
2026-09-23T08:50:38.4896993Z src/app.py:11: KeyError
2026-09-23T08:50:38.4897511Z =========================== short test summary info ============================
2026-09-23T08:50:38.4898770Z FAILED tests/test_app.py::test_key_error - KeyError: 'missing_auth_token'
2026-09-23T08:50:38.5099778Z ========================= 1 failed, 5 passed in 0.03s ==========================
2026-09-23T08:50:38.5109555Z ##[error]Process completed with exit code 1.
2026-09-23T08:50:38.5267831Z Node 20 is being deprecated. This workflow is running with Node 24 by default. If you need to temporarily use Node 20, you can set the ACTIONS_ALLOW_USE_UNSECURE_NODE_VERSION=true environment variable. For more information see: https://github.blog/changelog/2025-09-19-deprecation-of-node-20-on-github-actions-runners/
2026-09-23T08:50:38.5269122Z Post job cleanup.
2026-09-23T08:50:38.6173699Z [command]/usr/bin/git version
2026-09-23T08:50:38.6219982Z git version 2.55.0
2026-09-23T08:50:38.6260795Z Temporarily overriding HOME='/home/runner/work/_temp/a5347545-e252-40b6-a2a1-d3ec3afe2651' before making global git config changes
2026-09-23T08:50:38.6262435Z Adding repository directory to the temporary git global config as a safe directory
2026-09-23T08:50:38.6268244Z [command]/usr/bin/git config --global --add safe.directory /home/runner/work/log-generation/log-generation
2026-09-23T08:50:38.6311394Z [command]/usr/bin/git config --local --name-only --get-regexp core\.sshCommand
2026-09-23T08:50:38.6350650Z [command]/usr/bin/git submodule foreach --recursive sh -c "git config --local --name-only --get-regexp 'core\.sshCommand' && git config --local --unset-all 'core.sshCommand' || :"
2026-09-23T08:50:38.6614313Z [command]/usr/bin/git config --local --name-only --get-regexp http\.https\:\/\/github\.com\/\.extraheader
2026-09-23T08:50:38.6643422Z http.https://github.com/.extraheader
2026-09-23T08:50:38.6655861Z [command]/usr/bin/git config --local --unset-all http.https://github.com/.extraheader
2026-09-23T08:50:38.6708615Z [command]/usr/bin/git submodule foreach --recursive sh -c "git config --local --name-only --get-regexp 'http\.https\:\/\/github\.com\/\.extraheader' && git config --local --unset-all 'http.https://github.com/.extraheader' || :"
2026-09-23T08:50:38.6978150Z [command]/usr/bin/git config --local --name-only --get-regexp ^includeIf\.gitdir:
2026-09-23T08:50:38.7022698Z [command]/usr/bin/git submodule foreach --recursive git config --local --show-origin --name-only --get-regexp remote.origin.url
2026-09-23T08:50:38.7430206Z Cleaning up orphan processes
2026-09-23T08:50:38.7893327Z ##[warning]Node.js 20 is deprecated. The following actions target Node.js 20 but are being forced to run on Node.js 24: actions/checkout@v4, actions/setup-python@v5. For more information see: https://github.blog/changelog/2025-09-19-deprecation-of-node-20-on-github-actions-runners/
