ï»¿2026-09-23T08:50:43.8638480Z Current runner version: '2.337.0'
2026-09-23T08:50:43.8664188Z ##[group]Runner Image Provisioner
2026-09-23T08:50:43.8665095Z Hosted Compute Agent
2026-09-23T08:50:43.8665734Z Version: 20260828.587
2026-09-23T08:50:43.8666500Z Commit: abac92662cab4cc7352de4f9f9d2e2419aad9c29
2026-09-23T08:50:43.8667248Z Build Date: 2026-08-28T16:44:25Z
2026-09-23T08:50:43.8667966Z Worker ID: {8617103b-6b19-4b1b-b29c-1deb72dce00b}
2026-09-23T08:50:43.8668722Z Azure Region: eastus
2026-09-23T08:50:43.8669322Z ##[endgroup]
2026-09-23T08:50:43.8671157Z ##[group]Operating System
2026-09-23T08:50:43.8671797Z Ubuntu
2026-09-23T08:50:43.8672734Z 24.04.5
2026-09-23T08:50:43.8673290Z LTS
2026-09-23T08:50:43.8673850Z ##[endgroup]
2026-09-23T08:50:43.8674491Z ##[group]Runner Image
2026-09-23T08:50:43.8675089Z Image: ubuntu-24.04
2026-09-23T08:50:43.8675635Z Version: 20260920.314.1
2026-09-23T08:50:43.8676946Z Included Software: https://github.com/actions/runner-images/blob/ubuntu24/20260920.314/images/ubuntu/Ubuntu2404-Readme.md
2026-09-23T08:50:43.8678611Z Image Release: https://github.com/actions/runner-images/releases/tag/ubuntu24%2F20260920.314
2026-09-23T08:50:43.8679635Z ##[endgroup]
2026-09-23T08:50:43.8681301Z ##[group]GITHUB_TOKEN Permissions
2026-09-23T08:50:43.8683501Z Contents: read
2026-09-23T08:50:43.8684178Z Metadata: read
2026-09-23T08:50:43.8684793Z Packages: read
2026-09-23T08:50:43.8685369Z ##[endgroup]
2026-09-23T08:50:43.8687751Z Secret source: Actions
2026-09-23T08:50:43.8688694Z Cache mode: write
2026-09-23T08:50:43.8689826Z Prepare workflow directory
2026-09-23T08:50:43.9024576Z Prepare all required actions
2026-09-23T08:50:43.9076167Z Getting action download info
2026-09-23T08:50:44.1326524Z Download action repository 'actions/checkout@v4' (SHA:11d5960a326750d5838078e36cf38b85af677262)
2026-09-23T08:50:44.2564528Z Download action repository 'actions/setup-python@v5' (SHA:a26af69be951a213d495a4c3e4e4022e16d87065)
2026-09-23T08:50:44.4375524Z Complete job name: test-f3 (AttributeError #208)
2026-09-23T08:50:44.5147076Z Node 20 is being deprecated. This workflow is running with Node 24 by default. If you need to temporarily use Node 20, you can set the ACTIONS_ALLOW_USE_UNSECURE_NODE_VERSION=true environment variable. For more information see: https://github.blog/changelog/2025-09-19-deprecation-of-node-20-on-github-actions-runners/
2026-09-23T08:50:44.5155964Z ##[group]Run actions/checkout@v4
2026-09-23T08:50:44.5156702Z with:
2026-09-23T08:50:44.5157125Z   fetch-depth: 1
2026-09-23T08:50:44.5157601Z   repository: DhruvHegde/log-generation
2026-09-23T08:50:44.5161824Z   token: ***
2026-09-23T08:50:44.5162261Z   ssh-strict: true
2026-09-23T08:50:44.5162692Z   ssh-user: git
2026-09-23T08:50:44.5163138Z   persist-credentials: true
2026-09-23T08:50:44.5163626Z   clean: true
2026-09-23T08:50:44.5164067Z   sparse-checkout-cone-mode: true
2026-09-23T08:50:44.5164576Z   fetch-tags: false
2026-09-23T08:50:44.5165019Z   show-progress: true
2026-09-23T08:50:44.5165455Z   lfs: false
2026-09-23T08:50:44.5165908Z   submodules: false
2026-09-23T08:50:44.5166365Z   set-safe-directory: true
2026-09-23T08:50:44.5166873Z   allow-unsafe-pr-checkout: false
2026-09-23T08:50:44.5167649Z ##[endgroup]
2026-09-23T08:50:44.6202861Z Syncing repository: DhruvHegde/log-generation
2026-09-23T08:50:44.6205108Z ##[group]Getting Git version info
2026-09-23T08:50:44.6205955Z Working directory is '/home/runner/work/log-generation/log-generation'
2026-09-23T08:50:44.6207132Z [command]/usr/bin/git version
2026-09-23T08:50:44.6284000Z git version 2.55.0
2026-09-23T08:50:44.6312766Z ##[endgroup]
2026-09-23T08:50:44.6327650Z Temporarily overriding HOME='/home/runner/work/_temp/7cdb4840-14c4-4b14-bc88-e7440cf76135' before making global git config changes
2026-09-23T08:50:44.6330407Z Adding repository directory to the temporary git global config as a safe directory
2026-09-23T08:50:44.6335344Z [command]/usr/bin/git config --global --add safe.directory /home/runner/work/log-generation/log-generation
2026-09-23T08:50:44.6391146Z Deleting the contents of '/home/runner/work/log-generation/log-generation'
2026-09-23T08:50:44.6395935Z ##[group]Initializing the repository
2026-09-23T08:50:44.6401977Z [command]/usr/bin/git init /home/runner/work/log-generation/log-generation
2026-09-23T08:50:44.6527382Z hint: Using 'master' as the name for the initial branch. This default branch name
2026-09-23T08:50:44.6529307Z hint: will change to "main" in Git 3.0. To configure the initial branch name
2026-09-23T08:50:44.6531134Z hint: to use in all of your new repositories, which will suppress this warning,
2026-09-23T08:50:44.6532470Z hint: call:
2026-09-23T08:50:44.6532986Z hint:
2026-09-23T08:50:44.6533569Z hint: 	git config --global init.defaultBranch <name>
2026-09-23T08:50:44.6534226Z hint:
2026-09-23T08:50:44.6535251Z hint: Names commonly chosen instead of 'master' are 'main', 'trunk' and
2026-09-23T08:50:44.6536939Z hint: 'development'. The just-created branch can be renamed via this command:
2026-09-23T08:50:44.6538114Z hint:
2026-09-23T08:50:44.6538628Z hint: 	git branch -m <name>
2026-09-23T08:50:44.6539157Z hint:
2026-09-23T08:50:44.6539828Z hint: Disable this message with "git config set advice.defaultBranchName false"
2026-09-23T08:50:44.6541359Z Initialized empty Git repository in /home/runner/work/log-generation/log-generation/.git/
2026-09-23T08:50:44.6544059Z [command]/usr/bin/git remote add origin https://github.com/DhruvHegde/log-generation
2026-09-23T08:50:44.6597019Z ##[endgroup]
2026-09-23T08:50:44.6598044Z ##[group]Disabling automatic garbage collection
2026-09-23T08:50:44.6602556Z [command]/usr/bin/git config --local gc.auto 0
2026-09-23T08:50:44.6634339Z ##[endgroup]
2026-09-23T08:50:44.6635447Z ##[group]Setting up auth
2026-09-23T08:50:44.6641967Z [command]/usr/bin/git config --local --name-only --get-regexp core\.sshCommand
2026-09-23T08:50:44.6676307Z [command]/usr/bin/git submodule foreach --recursive sh -c "git config --local --name-only --get-regexp 'core\.sshCommand' && git config --local --unset-all 'core.sshCommand' || :"
2026-09-23T08:50:44.7072826Z [command]/usr/bin/git config --local --name-only --get-regexp http\.https\:\/\/github\.com\/\.extraheader
2026-09-23T08:50:44.7113838Z [command]/usr/bin/git submodule foreach --recursive sh -c "git config --local --name-only --get-regexp 'http\.https\:\/\/github\.com\/\.extraheader' && git config --local --unset-all 'http.https://github.com/.extraheader' || :"
2026-09-23T08:50:44.7348600Z [command]/usr/bin/git config --local --name-only --get-regexp ^includeIf\.gitdir:
2026-09-23T08:50:44.7385383Z [command]/usr/bin/git submodule foreach --recursive git config --local --show-origin --name-only --get-regexp remote.origin.url
2026-09-23T08:50:44.7617671Z [command]/usr/bin/git config --local http.https://github.com/.extraheader AUTHORIZATION: basic ***
2026-09-23T08:50:44.7660271Z ##[endgroup]
2026-09-23T08:50:44.7661640Z ##[group]Fetching the repository
2026-09-23T08:50:44.7670931Z [command]/usr/bin/git -c protocol.version=2 fetch --no-tags --prune --no-recurse-submodules --depth=1 origin +43f20917de93b9aad51cf79a69ad5239c5632917:refs/remotes/origin/feature/f3-test-failures
2026-09-23T08:50:45.0424757Z From https://github.com/DhruvHegde/log-generation
2026-09-23T08:50:45.0426012Z  * [new ref]         43f20917de93b9aad51cf79a69ad5239c5632917 -> origin/feature/f3-test-failures
2026-09-23T08:50:45.0429599Z ##[endgroup]
2026-09-23T08:50:45.0431083Z ##[group]Determining the checkout info
2026-09-23T08:50:45.0432830Z ##[endgroup]
2026-09-23T08:50:45.0438302Z [command]/usr/bin/git sparse-checkout disable
2026-09-23T08:50:45.0492680Z [command]/usr/bin/git config --local --unset-all extensions.worktreeConfig
2026-09-23T08:50:45.0526014Z ##[group]Checking out the ref
2026-09-23T08:50:45.0530739Z [command]/usr/bin/git checkout --progress --force -B feature/f3-test-failures refs/remotes/origin/feature/f3-test-failures
2026-09-23T08:50:45.0935618Z Switched to a new branch 'feature/f3-test-failures'
2026-09-23T08:50:45.0942064Z branch 'feature/f3-test-failures' set up to track 'origin/feature/f3-test-failures'.
2026-09-23T08:50:45.0949323Z ##[endgroup]
2026-09-23T08:50:45.0993017Z [command]/usr/bin/git log -1 --format=%H
2026-09-23T08:50:45.1019245Z 43f20917de93b9aad51cf79a69ad5239c5632917
2026-09-23T08:50:45.1307457Z Node 20 is being deprecated. This workflow is running with Node 24 by default. If you need to temporarily use Node 20, you can set the ACTIONS_ALLOW_USE_UNSECURE_NODE_VERSION=true environment variable. For more information see: https://github.blog/changelog/2025-09-19-deprecation-of-node-20-on-github-actions-runners/
2026-09-23T08:50:45.1310308Z ##[group]Run actions/setup-python@v5
2026-09-23T08:50:45.1311090Z with:
2026-09-23T08:50:45.1311562Z   python-version: 3.11
2026-09-23T08:50:45.1312080Z   check-latest: false
2026-09-23T08:50:45.1316262Z   token: ***
2026-09-23T08:50:45.1316751Z   update-environment: true
2026-09-23T08:50:45.1317299Z   allow-prereleases: false
2026-09-23T08:50:45.1317830Z   freethreaded: false
2026-09-23T08:50:45.1318323Z ##[endgroup]
2026-09-23T08:50:45.2621895Z ##[group]Installed versions
2026-09-23T08:50:45.2722209Z (node:2185) [DEP0040] DeprecationWarning: The `punycode` module is deprecated. Please use a userland alternative instead.
2026-09-23T08:50:45.2724325Z (Use `node --trace-deprecation ...` to show where the warning was created)
2026-09-23T08:50:45.2725815Z Successfully set up CPython (3.11.16)
2026-09-23T08:50:45.2727416Z ##[endgroup]
2026-09-23T08:50:45.2918099Z ##[group]Run pip install --no-cache-dir pytest
2026-09-23T08:50:45.2919048Z [36;1mpip install --no-cache-dir pytest[0m
2026-09-23T08:50:45.3262458Z shell: /usr/bin/bash -e {0}
2026-09-23T08:50:45.3263216Z env:
2026-09-23T08:50:45.3263914Z   pythonLocation: /opt/hostedtoolcache/Python/3.11.16/x64
2026-09-23T08:50:45.3265000Z   PKG_CONFIG_PATH: /opt/hostedtoolcache/Python/3.11.16/x64/lib/pkgconfig
2026-09-23T08:50:45.3266073Z   Python_ROOT_DIR: /opt/hostedtoolcache/Python/3.11.16/x64
2026-09-23T08:50:45.3267050Z   Python2_ROOT_DIR: /opt/hostedtoolcache/Python/3.11.16/x64
2026-09-23T08:50:45.3268015Z   Python3_ROOT_DIR: /opt/hostedtoolcache/Python/3.11.16/x64
2026-09-23T08:50:45.3268951Z   LD_LIBRARY_PATH: /opt/hostedtoolcache/Python/3.11.16/x64/lib
2026-09-23T08:50:45.3269709Z ##[endgroup]
2026-09-23T08:50:46.2015430Z Collecting pytest
2026-09-23T08:50:46.2501405Z   Downloading pytest-9.1.1-py3-none-any.whl.metadata (7.6 kB)
2026-09-23T08:50:46.2588511Z Collecting iniconfig>=1.0.1 (from pytest)
2026-09-23T08:50:46.2625986Z   Downloading iniconfig-2.3.0-py3-none-any.whl.metadata (2.5 kB)
2026-09-23T08:50:46.2728958Z Collecting packaging>=22 (from pytest)
2026-09-23T08:50:46.2767049Z   Downloading packaging-26.3-py3-none-any.whl.metadata (3.5 kB)
2026-09-23T08:50:46.2846093Z Collecting pluggy<2,>=1.5 (from pytest)
2026-09-23T08:50:46.2886938Z   Downloading pluggy-1.6.0-py3-none-any.whl.metadata (4.8 kB)
2026-09-23T08:50:46.3020139Z Collecting pygments>=2.7.2 (from pytest)
2026-09-23T08:50:46.3057344Z   Downloading pygments-2.21.0-py3-none-any.whl.metadata (2.5 kB)
2026-09-23T08:50:46.3117672Z Downloading pytest-9.1.1-py3-none-any.whl (386 kB)
2026-09-23T08:50:46.3307829Z Downloading pluggy-1.6.0-py3-none-any.whl (20 kB)
2026-09-23T08:50:46.3343195Z Downloading iniconfig-2.3.0-py3-none-any.whl (7.5 kB)
2026-09-23T08:50:46.3381241Z Downloading packaging-26.3-py3-none-any.whl (129 kB)
2026-09-23T08:50:46.3421145Z Downloading pygments-2.21.0-py3-none-any.whl (1.3 MB)
2026-09-23T08:50:46.3508129Z    ââââââââââââââââââââââââââââââââââââââââ 1.3/1.3 MB 214.9 MB/s  0:00:00
2026-09-23T08:50:46.4174179Z Installing collected packages: pygments, pluggy, packaging, iniconfig, pytest
2026-09-23T08:50:47.3907521Z 
2026-09-23T08:50:47.3916520Z Successfully installed iniconfig-2.3.0 packaging-26.3 pluggy-1.6.0 pygments-2.21.0 pytest-9.1.1
2026-09-23T08:50:47.4422710Z ##[group]Run python automation/inject_mutation.py --error-type "AttributeError"
2026-09-23T08:50:47.4423363Z [36;1mpython automation/inject_mutation.py --error-type "AttributeError"[0m
2026-09-23T08:50:47.4490323Z shell: /usr/bin/bash -e {0}
2026-09-23T08:50:47.4490847Z env:
2026-09-23T08:50:47.4491439Z   pythonLocation: /opt/hostedtoolcache/Python/3.11.16/x64
2026-09-23T08:50:47.4491907Z   PKG_CONFIG_PATH: /opt/hostedtoolcache/Python/3.11.16/x64/lib/pkgconfig
2026-09-23T08:50:47.4492353Z   Python_ROOT_DIR: /opt/hostedtoolcache/Python/3.11.16/x64
2026-09-23T08:50:47.4492740Z   Python2_ROOT_DIR: /opt/hostedtoolcache/Python/3.11.16/x64
2026-09-23T08:50:47.4493159Z   Python3_ROOT_DIR: /opt/hostedtoolcache/Python/3.11.16/x64
2026-09-23T08:50:47.4493549Z   LD_LIBRARY_PATH: /opt/hostedtoolcache/Python/3.11.16/x64/lib
2026-09-23T08:50:47.4493913Z ##[endgroup]
2026-09-23T08:50:47.4817480Z [Mutation Injected] Successfully injected AttributeError into tests/test_app.py
2026-09-23T08:50:47.4888736Z ##[group]Run pytest tests/test_app.py -v
2026-09-23T08:50:47.4889095Z [36;1mpytest tests/test_app.py -v[0m
2026-09-23T08:50:47.4952430Z shell: /usr/bin/bash -e {0}
2026-09-23T08:50:47.4952692Z env:
2026-09-23T08:50:47.4952968Z   pythonLocation: /opt/hostedtoolcache/Python/3.11.16/x64
2026-09-23T08:50:47.4953422Z   PKG_CONFIG_PATH: /opt/hostedtoolcache/Python/3.11.16/x64/lib/pkgconfig
2026-09-23T08:50:47.4953890Z   Python_ROOT_DIR: /opt/hostedtoolcache/Python/3.11.16/x64
2026-09-23T08:50:47.4954278Z   Python2_ROOT_DIR: /opt/hostedtoolcache/Python/3.11.16/x64
2026-09-23T08:50:47.4954665Z   Python3_ROOT_DIR: /opt/hostedtoolcache/Python/3.11.16/x64
2026-09-23T08:50:47.4955052Z   LD_LIBRARY_PATH: /opt/hostedtoolcache/Python/3.11.16/x64/lib
2026-09-23T08:50:47.4955388Z ##[endgroup]
2026-09-23T08:50:48.0903853Z ============================= test session starts ==============================
2026-09-23T08:50:48.0905304Z platform linux -- Python 3.11.16, pytest-9.1.1, pluggy-1.6.0 -- /opt/hostedtoolcache/Python/3.11.16/x64/bin/python
2026-09-23T08:50:48.0906472Z cachedir: .pytest_cache
2026-09-23T08:50:48.0907105Z rootdir: /home/runner/work/log-generation/log-generation
2026-09-23T08:50:48.0907820Z configfile: pytest.ini
2026-09-23T08:50:48.0995441Z collecting ... collected 6 items
2026-09-23T08:50:48.0995847Z 
2026-09-23T08:50:48.1004391Z tests/test_app.py::test_calculate_division PASSED                        [ 16%]
2026-09-23T08:50:48.1011717Z tests/test_app.py::test_convert_to_int PASSED                            [ 33%]
2026-09-23T08:50:48.1019114Z tests/test_app.py::test_get_list_item PASSED                             [ 50%]
2026-09-23T08:50:48.1026329Z tests/test_app.py::test_get_dict_value PASSED                            [ 66%]
2026-09-23T08:50:48.1033317Z tests/test_app.py::test_assert_positive PASSED                           [ 83%]
2026-09-23T08:50:48.1302547Z tests/test_app.py::test_attribute_error FAILED                           [100%]
2026-09-23T08:50:48.1303432Z 
2026-09-23T08:50:48.1304179Z =================================== FAILURES ===================================
2026-09-23T08:50:48.1305006Z _____________________________ test_attribute_error _____________________________
2026-09-23T08:50:48.1305541Z 
2026-09-23T08:50:48.1305734Z     def test_attribute_error():
2026-09-23T08:50:48.1306246Z         """Injected synthetic AttributeError."""
2026-09-23T08:50:48.1306875Z         from src.app import get_object_attribute
2026-09-23T08:50:48.1307446Z >       get_object_attribute(object())
2026-09-23T08:50:48.1307801Z 
2026-09-23T08:50:48.1307975Z tests/test_app.py:139: 
2026-09-23T08:50:48.1308499Z _ _ _ _ _ _ _ _ _ _ _ _ _ _ _ _ _ _ _ _ _ _ _ _ _ _ _ _ _ _ _ _ _ _ _ _ _ _ _ _ 
2026-09-23T08:50:48.1308945Z 
2026-09-23T08:50:48.1309144Z obj = <object object at 0x7f13bfe9d370>
2026-09-23T08:50:48.1309484Z 
2026-09-23T08:50:48.1309684Z     def get_object_attribute(obj):
2026-09-23T08:50:48.1310189Z >       return obj.non_existent_attribute
2026-09-23T08:50:48.1311169Z                ^^^^^^^^^^^^^^^^^^^^^^^^^^
2026-09-23T08:50:48.1311912Z E       AttributeError: 'object' object has no attribute 'non_existent_attribute'
2026-09-23T08:50:48.1312523Z 
2026-09-23T08:50:48.1312710Z src/app.py:14: AttributeError
2026-09-23T08:50:48.1313298Z =========================== short test summary info ============================
2026-09-23T08:50:48.1314877Z FAILED tests/test_app.py::test_attribute_error - AttributeError: 'object' object has no attribute 'non_existent_attribute'
2026-09-23T08:50:48.1316041Z ========================= 1 failed, 5 passed in 0.03s ==========================
2026-09-23T08:50:48.1489976Z ##[error]Process completed with exit code 1.
2026-09-23T08:50:48.1636417Z Node 20 is being deprecated. This workflow is running with Node 24 by default. If you need to temporarily use Node 20, you can set the ACTIONS_ALLOW_USE_UNSECURE_NODE_VERSION=true environment variable. For more information see: https://github.blog/changelog/2025-09-19-deprecation-of-node-20-on-github-actions-runners/
2026-09-23T08:50:48.1637661Z Post job cleanup.
2026-09-23T08:50:48.2469495Z [command]/usr/bin/git version
2026-09-23T08:50:48.2514594Z git version 2.55.0
2026-09-23T08:50:48.2554178Z Temporarily overriding HOME='/home/runner/work/_temp/a66f8047-b658-4d07-ac90-cb4bb6d8bdbc' before making global git config changes
2026-09-23T08:50:48.2555829Z Adding repository directory to the temporary git global config as a safe directory
2026-09-23T08:50:48.2559440Z [command]/usr/bin/git config --global --add safe.directory /home/runner/work/log-generation/log-generation
2026-09-23T08:50:48.2598786Z [command]/usr/bin/git config --local --name-only --get-regexp core\.sshCommand
2026-09-23T08:50:48.2640862Z [command]/usr/bin/git submodule foreach --recursive sh -c "git config --local --name-only --get-regexp 'core\.sshCommand' && git config --local --unset-all 'core.sshCommand' || :"
2026-09-23T08:50:48.2891725Z [command]/usr/bin/git config --local --name-only --get-regexp http\.https\:\/\/github\.com\/\.extraheader
2026-09-23T08:50:48.2918334Z http.https://github.com/.extraheader
2026-09-23T08:50:48.2930875Z [command]/usr/bin/git config --local --unset-all http.https://github.com/.extraheader
2026-09-23T08:50:48.2977794Z [command]/usr/bin/git submodule foreach --recursive sh -c "git config --local --name-only --get-regexp 'http\.https\:\/\/github\.com\/\.extraheader' && git config --local --unset-all 'http.https://github.com/.extraheader' || :"
2026-09-23T08:50:48.3243097Z [command]/usr/bin/git config --local --name-only --get-regexp ^includeIf\.gitdir:
2026-09-23T08:50:48.3290235Z [command]/usr/bin/git submodule foreach --recursive git config --local --show-origin --name-only --get-regexp remote.origin.url
2026-09-23T08:50:48.3683027Z Cleaning up orphan processes
2026-09-23T08:50:48.3960438Z ##[warning]Node.js 20 is deprecated. The following actions target Node.js 20 but are being forced to run on Node.js 24: actions/checkout@v4, actions/setup-python@v5. For more information see: https://github.blog/changelog/2025-09-19-deprecation-of-node-20-on-github-actions-runners/
