ï»¿2026-09-23T08:45:38.7916886Z Current runner version: '2.337.0'
2026-09-23T08:45:38.7942995Z ##[group]Runner Image Provisioner
2026-09-23T08:45:38.7943897Z Hosted Compute Agent
2026-09-23T08:45:38.7944628Z Version: 20260828.587
2026-09-23T08:45:38.7945285Z Commit: abac92662cab4cc7352de4f9f9d2e2419aad9c29
2026-09-23T08:45:38.7946020Z Build Date: 2026-08-28T16:44:25Z
2026-09-23T08:45:38.7946820Z Worker ID: {2b0a56ab-4d52-4e11-8a50-7ca1c9380301}
2026-09-23T08:45:38.7947552Z Azure Region: centralus
2026-09-23T08:45:38.7948182Z ##[endgroup]
2026-09-23T08:45:38.7949618Z ##[group]Operating System
2026-09-23T08:45:38.7950294Z Ubuntu
2026-09-23T08:45:38.7950916Z 24.04.5
2026-09-23T08:45:38.7951708Z LTS
2026-09-23T08:45:38.7952792Z ##[endgroup]
2026-09-23T08:45:38.7953445Z ##[group]Runner Image
2026-09-23T08:45:38.7954072Z Image: ubuntu-24.04
2026-09-23T08:45:38.7954759Z Version: 20260907.300.1
2026-09-23T08:45:38.7956047Z Included Software: https://github.com/actions/runner-images/blob/ubuntu24/20260907.300/images/ubuntu/Ubuntu2404-Readme.md
2026-09-23T08:45:38.7957715Z Image Release: https://github.com/actions/runner-images/releases/tag/ubuntu24%2F20260907.300
2026-09-23T08:45:38.7958703Z ##[endgroup]
2026-09-23T08:45:38.7960027Z ##[group]GITHUB_TOKEN Permissions
2026-09-23T08:45:38.7962648Z Contents: read
2026-09-23T08:45:38.7963365Z Metadata: read
2026-09-23T08:45:38.7963960Z Packages: read
2026-09-23T08:45:38.7964562Z ##[endgroup]
2026-09-23T08:45:38.7966921Z Secret source: Actions
2026-09-23T08:45:38.7967893Z Cache mode: write
2026-09-23T08:45:38.7968985Z Prepare workflow directory
2026-09-23T08:45:38.8321469Z Prepare all required actions
2026-09-23T08:45:38.8372098Z Getting action download info
2026-09-23T08:45:39.1168425Z Download action repository 'actions/checkout@v4' (SHA:11d5960a326750d5838078e36cf38b85af677262)
2026-09-23T08:45:39.2502745Z Download action repository 'actions/setup-python@v5' (SHA:a26af69be951a213d495a4c3e4e4022e16d87065)
2026-09-23T08:45:39.4432865Z Complete job name: test-f3 (FileNotFoundError #246)
2026-09-23T08:45:39.5274248Z Node 20 is being deprecated. This workflow is running with Node 24 by default. If you need to temporarily use Node 20, you can set the ACTIONS_ALLOW_USE_UNSECURE_NODE_VERSION=true environment variable. For more information see: https://github.blog/changelog/2025-09-19-deprecation-of-node-20-on-github-actions-runners/
2026-09-23T08:45:39.5283668Z ##[group]Run actions/checkout@v4
2026-09-23T08:45:39.5284476Z with:
2026-09-23T08:45:39.5284920Z   fetch-depth: 1
2026-09-23T08:45:39.5285407Z   repository: DhruvHegde/log-generation
2026-09-23T08:45:39.5289495Z   token: ***
2026-09-23T08:45:39.5289939Z   ssh-strict: true
2026-09-23T08:45:39.5290387Z   ssh-user: git
2026-09-23T08:45:39.5290844Z   persist-credentials: true
2026-09-23T08:45:39.5291779Z   clean: true
2026-09-23T08:45:39.5292268Z   sparse-checkout-cone-mode: true
2026-09-23T08:45:39.5292807Z   fetch-tags: false
2026-09-23T08:45:39.5293268Z   show-progress: true
2026-09-23T08:45:39.5293723Z   lfs: false
2026-09-23T08:45:39.5294201Z   submodules: false
2026-09-23T08:45:39.5294675Z   set-safe-directory: true
2026-09-23T08:45:39.5295193Z   allow-unsafe-pr-checkout: false
2026-09-23T08:45:39.5296072Z ##[endgroup]
2026-09-23T08:45:39.6405316Z Syncing repository: DhruvHegde/log-generation
2026-09-23T08:45:39.6408139Z ##[group]Getting Git version info
2026-09-23T08:45:39.6409452Z Working directory is '/home/runner/work/log-generation/log-generation'
2026-09-23T08:45:39.6411601Z [command]/usr/bin/git version
2026-09-23T08:45:39.6513079Z git version 2.55.0
2026-09-23T08:45:39.6537496Z ##[endgroup]
2026-09-23T08:45:39.6553946Z Temporarily overriding HOME='/home/runner/work/_temp/2a90477e-913a-4509-b494-957cf18f524c' before making global git config changes
2026-09-23T08:45:39.6556451Z Adding repository directory to the temporary git global config as a safe directory
2026-09-23T08:45:39.6559939Z [command]/usr/bin/git config --global --add safe.directory /home/runner/work/log-generation/log-generation
2026-09-23T08:45:39.6624105Z Deleting the contents of '/home/runner/work/log-generation/log-generation'
2026-09-23T08:45:39.6634980Z ##[group]Initializing the repository
2026-09-23T08:45:39.6642127Z [command]/usr/bin/git init /home/runner/work/log-generation/log-generation
2026-09-23T08:45:39.6790130Z hint: Using 'master' as the name for the initial branch. This default branch name
2026-09-23T08:45:39.6792292Z hint: will change to "main" in Git 3.0. To configure the initial branch name
2026-09-23T08:45:39.6793893Z hint: to use in all of your new repositories, which will suppress this warning,
2026-09-23T08:45:39.6795596Z hint: call:
2026-09-23T08:45:39.6796236Z hint:
2026-09-23T08:45:39.6796901Z hint: 	git config --global init.defaultBranch <name>
2026-09-23T08:45:39.6798044Z hint:
2026-09-23T08:45:39.6798760Z hint: Names commonly chosen instead of 'master' are 'main', 'trunk' and
2026-09-23T08:45:39.6799761Z hint: 'development'. The just-created branch can be renamed via this command:
2026-09-23T08:45:39.6800533Z hint:
2026-09-23T08:45:39.6801008Z hint: 	git branch -m <name>
2026-09-23T08:45:39.6802274Z hint:
2026-09-23T08:45:39.6803296Z hint: Disable this message with "git config set advice.defaultBranchName false"
2026-09-23T08:45:39.6804497Z Initialized empty Git repository in /home/runner/work/log-generation/log-generation/.git/
2026-09-23T08:45:39.6807572Z [command]/usr/bin/git remote add origin https://github.com/DhruvHegde/log-generation
2026-09-23T08:45:39.6868960Z ##[endgroup]
2026-09-23T08:45:39.6870192Z ##[group]Disabling automatic garbage collection
2026-09-23T08:45:39.6873136Z [command]/usr/bin/git config --local gc.auto 0
2026-09-23T08:45:39.6916193Z ##[endgroup]
2026-09-23T08:45:39.6917261Z ##[group]Setting up auth
2026-09-23T08:45:39.6925510Z [command]/usr/bin/git config --local --name-only --get-regexp core\.sshCommand
2026-09-23T08:45:39.6964487Z [command]/usr/bin/git submodule foreach --recursive sh -c "git config --local --name-only --get-regexp 'core\.sshCommand' && git config --local --unset-all 'core.sshCommand' || :"
2026-09-23T08:45:39.7417625Z [command]/usr/bin/git config --local --name-only --get-regexp http\.https\:\/\/github\.com\/\.extraheader
2026-09-23T08:45:39.7458001Z [command]/usr/bin/git submodule foreach --recursive sh -c "git config --local --name-only --get-regexp 'http\.https\:\/\/github\.com\/\.extraheader' && git config --local --unset-all 'http.https://github.com/.extraheader' || :"
2026-09-23T08:45:39.7705479Z [command]/usr/bin/git config --local --name-only --get-regexp ^includeIf\.gitdir:
2026-09-23T08:45:39.7745251Z [command]/usr/bin/git submodule foreach --recursive git config --local --show-origin --name-only --get-regexp remote.origin.url
2026-09-23T08:45:39.7983213Z [command]/usr/bin/git config --local http.https://github.com/.extraheader AUTHORIZATION: basic ***
2026-09-23T08:45:39.8025698Z ##[endgroup]
2026-09-23T08:45:39.8026730Z ##[group]Fetching the repository
2026-09-23T08:45:39.8037743Z [command]/usr/bin/git -c protocol.version=2 fetch --no-tags --prune --no-recurse-submodules --depth=1 origin +dfcb6f158e4bd8054252a4da5d0a9edc2ab15d57:refs/remotes/origin/feature/f3-test-failures
2026-09-23T08:45:40.1402231Z From https://github.com/DhruvHegde/log-generation
2026-09-23T08:45:40.1403935Z  * [new ref]         dfcb6f158e4bd8054252a4da5d0a9edc2ab15d57 -> origin/feature/f3-test-failures
2026-09-23T08:45:40.1406825Z ##[endgroup]
2026-09-23T08:45:40.1407792Z ##[group]Determining the checkout info
2026-09-23T08:45:40.1413041Z ##[endgroup]
2026-09-23T08:45:40.1419241Z [command]/usr/bin/git sparse-checkout disable
2026-09-23T08:45:40.1479490Z [command]/usr/bin/git config --local --unset-all extensions.worktreeConfig
2026-09-23T08:45:40.1516134Z ##[group]Checking out the ref
2026-09-23T08:45:40.1522468Z [command]/usr/bin/git checkout --progress --force -B feature/f3-test-failures refs/remotes/origin/feature/f3-test-failures
2026-09-23T08:45:40.1623489Z Switched to a new branch 'feature/f3-test-failures'
2026-09-23T08:45:40.1629592Z branch 'feature/f3-test-failures' set up to track 'origin/feature/f3-test-failures'.
2026-09-23T08:45:40.1636178Z ##[endgroup]
2026-09-23T08:45:40.1688077Z [command]/usr/bin/git log -1 --format=%H
2026-09-23T08:45:40.1718097Z dfcb6f158e4bd8054252a4da5d0a9edc2ab15d57
2026-09-23T08:45:40.2018875Z Node 20 is being deprecated. This workflow is running with Node 24 by default. If you need to temporarily use Node 20, you can set the ACTIONS_ALLOW_USE_UNSECURE_NODE_VERSION=true environment variable. For more information see: https://github.blog/changelog/2025-09-19-deprecation-of-node-20-on-github-actions-runners/
2026-09-23T08:45:40.2022156Z ##[group]Run actions/setup-python@v5
2026-09-23T08:45:40.2022723Z with:
2026-09-23T08:45:40.2023135Z   python-version: 3.11
2026-09-23T08:45:40.2023618Z   check-latest: false
2026-09-23T08:45:40.2027372Z   token: ***
2026-09-23T08:45:40.2027822Z   update-environment: true
2026-09-23T08:45:40.2028332Z   allow-prereleases: false
2026-09-23T08:45:40.2028825Z   freethreaded: false
2026-09-23T08:45:40.2029290Z ##[endgroup]
2026-09-23T08:45:40.3416209Z ##[group]Installed versions
2026-09-23T08:45:40.3521590Z (node:2242) [DEP0040] DeprecationWarning: The `punycode` module is deprecated. Please use a userland alternative instead.
2026-09-23T08:45:40.3523983Z (Use `node --trace-deprecation ...` to show where the warning was created)
2026-09-23T08:45:40.3525523Z Successfully set up CPython (3.11.16)
2026-09-23T08:45:40.3527247Z ##[endgroup]
2026-09-23T08:45:40.3726781Z ##[group]Run pip install --no-cache-dir pytest
2026-09-23T08:45:40.3727574Z [36;1mpip install --no-cache-dir pytest[0m
2026-09-23T08:45:40.3787507Z shell: /usr/bin/bash -e {0}
2026-09-23T08:45:40.3788227Z env:
2026-09-23T08:45:40.3788787Z   pythonLocation: /opt/hostedtoolcache/Python/3.11.16/x64
2026-09-23T08:45:40.3790044Z   PKG_CONFIG_PATH: /opt/hostedtoolcache/Python/3.11.16/x64/lib/pkgconfig
2026-09-23T08:45:40.3791460Z   Python_ROOT_DIR: /opt/hostedtoolcache/Python/3.11.16/x64
2026-09-23T08:45:40.3792744Z   Python2_ROOT_DIR: /opt/hostedtoolcache/Python/3.11.16/x64
2026-09-23T08:45:40.3794033Z   Python3_ROOT_DIR: /opt/hostedtoolcache/Python/3.11.16/x64
2026-09-23T08:45:40.3795372Z   LD_LIBRARY_PATH: /opt/hostedtoolcache/Python/3.11.16/x64/lib
2026-09-23T08:45:40.3898242Z ##[endgroup]
2026-09-23T08:45:41.3844712Z Collecting pytest
2026-09-23T08:45:41.4698351Z   Downloading pytest-9.1.1-py3-none-any.whl.metadata (7.6 kB)
2026-09-23T08:45:41.4857043Z Collecting iniconfig>=1.0.1 (from pytest)
2026-09-23T08:45:41.5019880Z   Downloading iniconfig-2.3.0-py3-none-any.whl.metadata (2.5 kB)
2026-09-23T08:45:41.5216258Z Collecting packaging>=22 (from pytest)
2026-09-23T08:45:41.5377258Z   Downloading packaging-26.3-py3-none-any.whl.metadata (3.5 kB)
2026-09-23T08:45:41.5535723Z Collecting pluggy<2,>=1.5 (from pytest)
2026-09-23T08:45:41.5695151Z   Downloading pluggy-1.6.0-py3-none-any.whl.metadata (4.8 kB)
2026-09-23T08:45:41.5924011Z Collecting pygments>=2.7.2 (from pytest)
2026-09-23T08:45:41.6082266Z   Downloading pygments-2.21.0-py3-none-any.whl.metadata (2.5 kB)
2026-09-23T08:45:41.6268701Z Downloading pytest-9.1.1-py3-none-any.whl (386 kB)
2026-09-23T08:45:41.6979103Z Downloading pluggy-1.6.0-py3-none-any.whl (20 kB)
2026-09-23T08:45:41.7137161Z Downloading iniconfig-2.3.0-py3-none-any.whl (7.5 kB)
2026-09-23T08:45:41.7298588Z Downloading packaging-26.3-py3-none-any.whl (129 kB)
2026-09-23T08:45:41.7471964Z Downloading pygments-2.21.0-py3-none-any.whl (1.3 MB)
2026-09-23T08:45:41.7943326Z    ââââââââââââââââââââââââââââââââââââââââ 1.3/1.3 MB 32.8 MB/s  0:00:00
2026-09-23T08:45:41.8637023Z Installing collected packages: pygments, pluggy, packaging, iniconfig, pytest
2026-09-23T08:45:42.8615665Z 
2026-09-23T08:45:42.8624920Z Successfully installed iniconfig-2.3.0 packaging-26.3 pluggy-1.6.0 pygments-2.21.0 pytest-9.1.1
2026-09-23T08:45:42.9224002Z ##[group]Run python automation/inject_mutation.py --error-type "FileNotFoundError"
2026-09-23T08:45:42.9224763Z [36;1mpython automation/inject_mutation.py --error-type "FileNotFoundError"[0m
2026-09-23T08:45:42.9263514Z shell: /usr/bin/bash -e {0}
2026-09-23T08:45:42.9263837Z env:
2026-09-23T08:45:42.9264422Z   pythonLocation: /opt/hostedtoolcache/Python/3.11.16/x64
2026-09-23T08:45:42.9264925Z   PKG_CONFIG_PATH: /opt/hostedtoolcache/Python/3.11.16/x64/lib/pkgconfig
2026-09-23T08:45:42.9265417Z   Python_ROOT_DIR: /opt/hostedtoolcache/Python/3.11.16/x64
2026-09-23T08:45:42.9265899Z   Python2_ROOT_DIR: /opt/hostedtoolcache/Python/3.11.16/x64
2026-09-23T08:45:42.9266346Z   Python3_ROOT_DIR: /opt/hostedtoolcache/Python/3.11.16/x64
2026-09-23T08:45:42.9266780Z   LD_LIBRARY_PATH: /opt/hostedtoolcache/Python/3.11.16/x64/lib
2026-09-23T08:45:42.9267184Z ##[endgroup]
2026-09-23T08:45:42.9572707Z [Mutation Injected] Successfully injected FileNotFoundError into tests/test_app.py
2026-09-23T08:45:42.9680997Z ##[group]Run pytest tests/test_app.py -v
2026-09-23T08:45:42.9682320Z [36;1mpytest tests/test_app.py -v[0m
2026-09-23T08:45:42.9730346Z shell: /usr/bin/bash -e {0}
2026-09-23T08:45:42.9730702Z env:
2026-09-23T08:45:42.9731334Z   pythonLocation: /opt/hostedtoolcache/Python/3.11.16/x64
2026-09-23T08:45:42.9731957Z   PKG_CONFIG_PATH: /opt/hostedtoolcache/Python/3.11.16/x64/lib/pkgconfig
2026-09-23T08:45:42.9732536Z   Python_ROOT_DIR: /opt/hostedtoolcache/Python/3.11.16/x64
2026-09-23T08:45:42.9733046Z   Python2_ROOT_DIR: /opt/hostedtoolcache/Python/3.11.16/x64
2026-09-23T08:45:42.9733555Z   Python3_ROOT_DIR: /opt/hostedtoolcache/Python/3.11.16/x64
2026-09-23T08:45:42.9734097Z   LD_LIBRARY_PATH: /opt/hostedtoolcache/Python/3.11.16/x64/lib
2026-09-23T08:45:42.9734544Z ##[endgroup]
2026-09-23T08:45:43.3178837Z ============================= test session starts ==============================
2026-09-23T08:45:43.3180106Z platform linux -- Python 3.11.16, pytest-9.1.1, pluggy-1.6.0 -- /opt/hostedtoolcache/Python/3.11.16/x64/bin/python
2026-09-23T08:45:43.3181366Z cachedir: .pytest_cache
2026-09-23T08:45:43.3181996Z rootdir: /home/runner/work/log-generation/log-generation
2026-09-23T08:45:43.3182631Z configfile: pytest.ini
2026-09-23T08:45:43.3274708Z collecting ... collected 6 items
2026-09-23T08:45:43.3275188Z 
2026-09-23T08:45:43.3284636Z tests/test_app.py::test_calculate_division PASSED                        [ 16%]
2026-09-23T08:45:43.3292394Z tests/test_app.py::test_convert_to_int PASSED                            [ 33%]
2026-09-23T08:45:43.3300638Z tests/test_app.py::test_get_list_item PASSED                             [ 50%]
2026-09-23T08:45:43.3308107Z tests/test_app.py::test_get_dict_value PASSED                            [ 66%]
2026-09-23T08:45:43.3316060Z tests/test_app.py::test_assert_positive PASSED                           [ 83%]
2026-09-23T08:45:43.3615181Z tests/test_app.py::test_file_not_found_error FAILED                      [100%]
2026-09-23T08:45:43.3615884Z 
2026-09-23T08:45:43.3616186Z =================================== FAILURES ===================================
2026-09-23T08:45:43.3617073Z __________________________ test_file_not_found_error ___________________________
2026-09-23T08:45:43.3617554Z 
2026-09-23T08:45:43.3617743Z     def test_file_not_found_error():
2026-09-23T08:45:43.3618253Z         """Injected synthetic FileNotFoundError."""
2026-09-23T08:45:43.3618858Z         from src.app import read_config_file
2026-09-23T08:45:43.3619516Z >       read_config_file("fixtures/non_existent_pipeline_config.json")
2026-09-23T08:45:43.3620040Z 
2026-09-23T08:45:43.3620199Z tests/test_app.py:137: 
2026-09-23T08:45:43.3620682Z _ _ _ _ _ _ _ _ _ _ _ _ _ _ _ _ _ _ _ _ _ _ _ _ _ _ _ _ _ _ _ _ _ _ _ _ _ _ _ _ 
2026-09-23T08:45:43.3621348Z 
2026-09-23T08:45:43.3621593Z path = 'fixtures/non_existent_pipeline_config.json'
2026-09-23T08:45:43.3621976Z 
2026-09-23T08:45:43.3622153Z     def read_config_file(path):
2026-09-23T08:45:43.3622583Z >       with open(path, "r") as f:
2026-09-23T08:45:43.3623115Z              ^^^^^^^^^^^^^^^
2026-09-23T08:45:43.3623940Z E       FileNotFoundError: [Errno 2] No such file or directory: 'fixtures/non_existent_pipeline_config.json'
2026-09-23T08:45:43.3624699Z 
2026-09-23T08:45:43.3624896Z src/app.py:17: FileNotFoundError
2026-09-23T08:45:43.3625501Z =========================== short test summary info ============================
2026-09-23T08:45:43.3627160Z FAILED tests/test_app.py::test_file_not_found_error - FileNotFoundError: [Errno 2] No such file or directory: 'fixtures/non_existent_pipeline_config.json'
2026-09-23T08:45:43.3628411Z ========================= 1 failed, 5 passed in 0.03s ==========================
2026-09-23T08:45:43.3828505Z ##[error]Process completed with exit code 1.
2026-09-23T08:45:43.3977623Z Node 20 is being deprecated. This workflow is running with Node 24 by default. If you need to temporarily use Node 20, you can set the ACTIONS_ALLOW_USE_UNSECURE_NODE_VERSION=true environment variable. For more information see: https://github.blog/changelog/2025-09-19-deprecation-of-node-20-on-github-actions-runners/
2026-09-23T08:45:43.3978913Z Post job cleanup.
2026-09-23T08:45:43.4861834Z [command]/usr/bin/git version
2026-09-23T08:45:43.4907381Z git version 2.55.0
2026-09-23T08:45:43.4946844Z Temporarily overriding HOME='/home/runner/work/_temp/ac3e649a-f035-4978-a48b-d3bf7a272a79' before making global git config changes
2026-09-23T08:45:43.4948609Z Adding repository directory to the temporary git global config as a safe directory
2026-09-23T08:45:43.4953936Z [command]/usr/bin/git config --global --add safe.directory /home/runner/work/log-generation/log-generation
2026-09-23T08:45:43.4997198Z [command]/usr/bin/git config --local --name-only --get-regexp core\.sshCommand
2026-09-23T08:45:43.5036332Z [command]/usr/bin/git submodule foreach --recursive sh -c "git config --local --name-only --get-regexp 'core\.sshCommand' && git config --local --unset-all 'core.sshCommand' || :"
2026-09-23T08:45:43.5305558Z [command]/usr/bin/git config --local --name-only --get-regexp http\.https\:\/\/github\.com\/\.extraheader
2026-09-23T08:45:43.5337098Z http.https://github.com/.extraheader
2026-09-23T08:45:43.5350304Z [command]/usr/bin/git config --local --unset-all http.https://github.com/.extraheader
2026-09-23T08:45:43.5390996Z [command]/usr/bin/git submodule foreach --recursive sh -c "git config --local --name-only --get-regexp 'http\.https\:\/\/github\.com\/\.extraheader' && git config --local --unset-all 'http.https://github.com/.extraheader' || :"
2026-09-23T08:45:43.5661319Z [command]/usr/bin/git config --local --name-only --get-regexp ^includeIf\.gitdir:
2026-09-23T08:45:43.5705459Z [command]/usr/bin/git submodule foreach --recursive git config --local --show-origin --name-only --get-regexp remote.origin.url
2026-09-23T08:45:43.6097500Z Cleaning up orphan processes
2026-09-23T08:45:43.6399957Z ##[warning]Node.js 20 is deprecated. The following actions target Node.js 20 but are being forced to run on Node.js 24: actions/checkout@v4, actions/setup-python@v5. For more information see: https://github.blog/changelog/2025-09-19-deprecation-of-node-20-on-github-actions-runners/
