ï»¿2026-09-23T08:45:24.7774744Z Current runner version: '2.337.0'
2026-09-23T08:45:24.7809431Z ##[group]Runner Image Provisioner
2026-09-23T08:45:24.7810704Z Hosted Compute Agent
2026-09-23T08:45:24.7811717Z Version: 20260828.587
2026-09-23T08:45:24.7812744Z Commit: abac92662cab4cc7352de4f9f9d2e2419aad9c29
2026-09-23T08:45:24.7813957Z Build Date: 2026-08-28T16:44:25Z
2026-09-23T08:45:24.7815175Z Worker ID: {69ee38bf-da57-4c1a-b8f6-023a55917272}
2026-09-23T08:45:24.7816370Z Azure Region: northcentralus
2026-09-23T08:45:24.7817288Z ##[endgroup]
2026-09-23T08:45:24.7820226Z ##[group]Operating System
2026-09-23T08:45:24.7821310Z Ubuntu
2026-09-23T08:45:24.7822244Z 24.04.5
2026-09-23T08:45:24.7823173Z LTS
2026-09-23T08:45:24.7824467Z ##[endgroup]
2026-09-23T08:45:24.7825326Z ##[group]Runner Image
2026-09-23T08:45:24.7826220Z Image: ubuntu-24.04
2026-09-23T08:45:24.7827115Z Version: 20260907.300.1
2026-09-23T08:45:24.7829225Z Included Software: https://github.com/actions/runner-images/blob/ubuntu24/20260907.300/images/ubuntu/Ubuntu2404-Readme.md
2026-09-23T08:45:24.7831728Z Image Release: https://github.com/actions/runner-images/releases/tag/ubuntu24%2F20260907.300
2026-09-23T08:45:24.7833177Z ##[endgroup]
2026-09-23T08:45:24.7835292Z ##[group]GITHUB_TOKEN Permissions
2026-09-23T08:45:24.7838146Z Contents: read
2026-09-23T08:45:24.7839429Z Metadata: read
2026-09-23T08:45:24.7840303Z Packages: read
2026-09-23T08:45:24.7841341Z ##[endgroup]
2026-09-23T08:45:24.7844240Z Secret source: Actions
2026-09-23T08:45:24.7845760Z Cache mode: write
2026-09-23T08:45:24.7846834Z Prepare workflow directory
2026-09-23T08:45:24.8271982Z Prepare all required actions
2026-09-23T08:45:24.8340948Z Getting action download info
2026-09-23T08:45:25.0806308Z Download action repository 'actions/checkout@v4' (SHA:11d5960a326750d5838078e36cf38b85af677262)
2026-09-23T08:45:25.1820920Z Download action repository 'actions/setup-python@v5' (SHA:a26af69be951a213d495a4c3e4e4022e16d87065)
2026-09-23T08:45:25.3727343Z Complete job name: test-f3 (ZeroDivisionError #248)
2026-09-23T08:45:25.4521075Z Node 20 is being deprecated. This workflow is running with Node 24 by default. If you need to temporarily use Node 20, you can set the ACTIONS_ALLOW_USE_UNSECURE_NODE_VERSION=true environment variable. For more information see: https://github.blog/changelog/2025-09-19-deprecation-of-node-20-on-github-actions-runners/
2026-09-23T08:45:25.4530176Z ##[group]Run actions/checkout@v4
2026-09-23T08:45:25.4530876Z with:
2026-09-23T08:45:25.4531310Z   fetch-depth: 1
2026-09-23T08:45:25.4531793Z   repository: DhruvHegde/log-generation
2026-09-23T08:45:25.4535862Z   token: ***
2026-09-23T08:45:25.4536302Z   ssh-strict: true
2026-09-23T08:45:25.4536746Z   ssh-user: git
2026-09-23T08:45:25.4537202Z   persist-credentials: true
2026-09-23T08:45:25.4537690Z   clean: true
2026-09-23T08:45:25.4538140Z   sparse-checkout-cone-mode: true
2026-09-23T08:45:25.4538833Z   fetch-tags: false
2026-09-23T08:45:25.4539294Z   show-progress: true
2026-09-23T08:45:25.4539742Z   lfs: false
2026-09-23T08:45:25.4540202Z   submodules: false
2026-09-23T08:45:25.4540681Z   set-safe-directory: true
2026-09-23T08:45:25.4541185Z   allow-unsafe-pr-checkout: false
2026-09-23T08:45:25.4541888Z ##[endgroup]
2026-09-23T08:45:25.5590803Z Syncing repository: DhruvHegde/log-generation
2026-09-23T08:45:25.5593620Z ##[group]Getting Git version info
2026-09-23T08:45:25.5594480Z Working directory is '/home/runner/work/log-generation/log-generation'
2026-09-23T08:45:25.5595645Z [command]/usr/bin/git version
2026-09-23T08:45:25.5692080Z git version 2.55.0
2026-09-23T08:45:25.5714220Z ##[endgroup]
2026-09-23T08:45:25.5731452Z Temporarily overriding HOME='/home/runner/work/_temp/050cc7c6-4630-4e73-a530-014b54d2612c' before making global git config changes
2026-09-23T08:45:25.5733926Z Adding repository directory to the temporary git global config as a safe directory
2026-09-23T08:45:25.5737165Z [command]/usr/bin/git config --global --add safe.directory /home/runner/work/log-generation/log-generation
2026-09-23T08:45:25.5793193Z Deleting the contents of '/home/runner/work/log-generation/log-generation'
2026-09-23T08:45:25.5804640Z ##[group]Initializing the repository
2026-09-23T08:45:25.5810510Z [command]/usr/bin/git init /home/runner/work/log-generation/log-generation
2026-09-23T08:45:25.5894291Z hint: Using 'master' as the name for the initial branch. This default branch name
2026-09-23T08:45:25.5895964Z hint: will change to "main" in Git 3.0. To configure the initial branch name
2026-09-23T08:45:25.5897018Z hint: to use in all of your new repositories, which will suppress this warning,
2026-09-23T08:45:25.5897834Z hint: call:
2026-09-23T08:45:25.5898298Z hint:
2026-09-23T08:45:25.5899320Z hint: 	git config --global init.defaultBranch <name>
2026-09-23T08:45:25.5900166Z hint:
2026-09-23T08:45:25.5901134Z hint: Names commonly chosen instead of 'master' are 'main', 'trunk' and
2026-09-23T08:45:25.5902353Z hint: 'development'. The just-created branch can be renamed via this command:
2026-09-23T08:45:25.5903343Z hint:
2026-09-23T08:45:25.5904075Z hint: 	git branch -m <name>
2026-09-23T08:45:25.5904784Z hint:
2026-09-23T08:45:25.5905799Z hint: Disable this message with "git config set advice.defaultBranchName false"
2026-09-23T08:45:25.5907047Z Initialized empty Git repository in /home/runner/work/log-generation/log-generation/.git/
2026-09-23T08:45:25.5919441Z [command]/usr/bin/git remote add origin https://github.com/DhruvHegde/log-generation
2026-09-23T08:45:25.5981855Z ##[endgroup]
2026-09-23T08:45:25.5983117Z ##[group]Disabling automatic garbage collection
2026-09-23T08:45:25.5986639Z [command]/usr/bin/git config --local gc.auto 0
2026-09-23T08:45:25.6020754Z ##[endgroup]
2026-09-23T08:45:25.6021868Z ##[group]Setting up auth
2026-09-23T08:45:25.6034710Z [command]/usr/bin/git config --local --name-only --get-regexp core\.sshCommand
2026-09-23T08:45:25.6070891Z [command]/usr/bin/git submodule foreach --recursive sh -c "git config --local --name-only --get-regexp 'core\.sshCommand' && git config --local --unset-all 'core.sshCommand' || :"
2026-09-23T08:45:25.6454332Z [command]/usr/bin/git config --local --name-only --get-regexp http\.https\:\/\/github\.com\/\.extraheader
2026-09-23T08:45:25.6502191Z [command]/usr/bin/git submodule foreach --recursive sh -c "git config --local --name-only --get-regexp 'http\.https\:\/\/github\.com\/\.extraheader' && git config --local --unset-all 'http.https://github.com/.extraheader' || :"
2026-09-23T08:45:25.6762213Z [command]/usr/bin/git config --local --name-only --get-regexp ^includeIf\.gitdir:
2026-09-23T08:45:25.6801835Z [command]/usr/bin/git submodule foreach --recursive git config --local --show-origin --name-only --get-regexp remote.origin.url
2026-09-23T08:45:25.7042792Z [command]/usr/bin/git config --local http.https://github.com/.extraheader AUTHORIZATION: basic ***
2026-09-23T08:45:25.7084696Z ##[endgroup]
2026-09-23T08:45:25.7085918Z ##[group]Fetching the repository
2026-09-23T08:45:25.7096168Z [command]/usr/bin/git -c protocol.version=2 fetch --no-tags --prune --no-recurse-submodules --depth=1 origin +dfcb6f158e4bd8054252a4da5d0a9edc2ab15d57:refs/remotes/origin/feature/f3-test-failures
2026-09-23T08:45:26.0271133Z From https://github.com/DhruvHegde/log-generation
2026-09-23T08:45:26.0272724Z  * [new ref]         dfcb6f158e4bd8054252a4da5d0a9edc2ab15d57 -> origin/feature/f3-test-failures
2026-09-23T08:45:26.0276225Z ##[endgroup]
2026-09-23T08:45:26.0277381Z ##[group]Determining the checkout info
2026-09-23T08:45:26.0279616Z ##[endgroup]
2026-09-23T08:45:26.0286275Z [command]/usr/bin/git sparse-checkout disable
2026-09-23T08:45:26.0341671Z [command]/usr/bin/git config --local --unset-all extensions.worktreeConfig
2026-09-23T08:45:26.0376377Z ##[group]Checking out the ref
2026-09-23T08:45:26.0382266Z [command]/usr/bin/git checkout --progress --force -B feature/f3-test-failures refs/remotes/origin/feature/f3-test-failures
2026-09-23T08:45:26.0465202Z Switched to a new branch 'feature/f3-test-failures'
2026-09-23T08:45:26.0471627Z branch 'feature/f3-test-failures' set up to track 'origin/feature/f3-test-failures'.
2026-09-23T08:45:26.0476425Z ##[endgroup]
2026-09-23T08:45:26.0519933Z [command]/usr/bin/git log -1 --format=%H
2026-09-23T08:45:26.0549084Z dfcb6f158e4bd8054252a4da5d0a9edc2ab15d57
2026-09-23T08:45:26.0820935Z Node 20 is being deprecated. This workflow is running with Node 24 by default. If you need to temporarily use Node 20, you can set the ACTIONS_ALLOW_USE_UNSECURE_NODE_VERSION=true environment variable. For more information see: https://github.blog/changelog/2025-09-19-deprecation-of-node-20-on-github-actions-runners/
2026-09-23T08:45:26.0823885Z ##[group]Run actions/setup-python@v5
2026-09-23T08:45:26.0824411Z with:
2026-09-23T08:45:26.0824835Z   python-version: 3.11
2026-09-23T08:45:26.0825293Z   check-latest: false
2026-09-23T08:45:26.0829293Z   token: ***
2026-09-23T08:45:26.0829727Z   update-environment: true
2026-09-23T08:45:26.0830220Z   allow-prereleases: false
2026-09-23T08:45:26.0830692Z   freethreaded: false
2026-09-23T08:45:26.0831128Z ##[endgroup]
2026-09-23T08:45:26.2225299Z ##[group]Installed versions
2026-09-23T08:45:26.2330297Z (node:2234) [DEP0040] DeprecationWarning: The `punycode` module is deprecated. Please use a userland alternative instead.
2026-09-23T08:45:26.2332192Z (Use `node --trace-deprecation ...` to show where the warning was created)
2026-09-23T08:45:26.2333069Z Successfully set up CPython (3.11.16)
2026-09-23T08:45:26.2334457Z ##[endgroup]
2026-09-23T08:45:26.2557764Z ##[group]Run pip install --no-cache-dir pytest
2026-09-23T08:45:26.2559216Z [36;1mpip install --no-cache-dir pytest[0m
2026-09-23T08:45:26.2628277Z shell: /usr/bin/bash -e {0}
2026-09-23T08:45:26.2629378Z env:
2026-09-23T08:45:26.2630231Z   pythonLocation: /opt/hostedtoolcache/Python/3.11.16/x64
2026-09-23T08:45:26.2631773Z   PKG_CONFIG_PATH: /opt/hostedtoolcache/Python/3.11.16/x64/lib/pkgconfig
2026-09-23T08:45:26.2633324Z   Python_ROOT_DIR: /opt/hostedtoolcache/Python/3.11.16/x64
2026-09-23T08:45:26.2634731Z   Python2_ROOT_DIR: /opt/hostedtoolcache/Python/3.11.16/x64
2026-09-23T08:45:26.2742226Z   Python3_ROOT_DIR: /opt/hostedtoolcache/Python/3.11.16/x64
2026-09-23T08:45:26.2744268Z   LD_LIBRARY_PATH: /opt/hostedtoolcache/Python/3.11.16/x64/lib
2026-09-23T08:45:26.2745187Z ##[endgroup]
2026-09-23T08:45:29.0325824Z Collecting pytest
2026-09-23T08:45:29.0784957Z   Downloading pytest-9.1.1-py3-none-any.whl.metadata (7.6 kB)
2026-09-23T08:45:29.0870167Z Collecting iniconfig>=1.0.1 (from pytest)
2026-09-23T08:45:29.0906204Z   Downloading iniconfig-2.3.0-py3-none-any.whl.metadata (2.5 kB)
2026-09-23T08:45:29.1008490Z Collecting packaging>=22 (from pytest)
2026-09-23T08:45:29.1044169Z   Downloading packaging-26.3-py3-none-any.whl.metadata (3.5 kB)
2026-09-23T08:45:29.1121154Z Collecting pluggy<2,>=1.5 (from pytest)
2026-09-23T08:45:29.1159785Z   Downloading pluggy-1.6.0-py3-none-any.whl.metadata (4.8 kB)
2026-09-23T08:45:29.1287676Z Collecting pygments>=2.7.2 (from pytest)
2026-09-23T08:45:29.1324588Z   Downloading pygments-2.21.0-py3-none-any.whl.metadata (2.5 kB)
2026-09-23T08:45:29.1389828Z Downloading pytest-9.1.1-py3-none-any.whl (386 kB)
2026-09-23T08:45:29.1592927Z Downloading pluggy-1.6.0-py3-none-any.whl (20 kB)
2026-09-23T08:45:29.1625949Z Downloading iniconfig-2.3.0-py3-none-any.whl (7.5 kB)
2026-09-23T08:45:29.1657949Z Downloading packaging-26.3-py3-none-any.whl (129 kB)
2026-09-23T08:45:29.1692439Z Downloading pygments-2.21.0-py3-none-any.whl (1.3 MB)
2026-09-23T08:45:29.1785027Z    ââââââââââââââââââââââââââââââââââââââââ 1.3/1.3 MB 188.1 MB/s  0:00:00
2026-09-23T08:45:29.3563817Z Installing collected packages: pygments, pluggy, packaging, iniconfig, pytest
2026-09-23T08:45:30.3763076Z 
2026-09-23T08:45:30.3773074Z Successfully installed iniconfig-2.3.0 packaging-26.3 pluggy-1.6.0 pygments-2.21.0 pytest-9.1.1
2026-09-23T08:45:30.4445649Z ##[group]Run python automation/inject_mutation.py --error-type "ZeroDivisionError"
2026-09-23T08:45:30.4446430Z [36;1mpython automation/inject_mutation.py --error-type "ZeroDivisionError"[0m
2026-09-23T08:45:30.4491510Z shell: /usr/bin/bash -e {0}
2026-09-23T08:45:30.4491790Z env:
2026-09-23T08:45:30.4492309Z   pythonLocation: /opt/hostedtoolcache/Python/3.11.16/x64
2026-09-23T08:45:30.4492768Z   PKG_CONFIG_PATH: /opt/hostedtoolcache/Python/3.11.16/x64/lib/pkgconfig
2026-09-23T08:45:30.4493190Z   Python_ROOT_DIR: /opt/hostedtoolcache/Python/3.11.16/x64
2026-09-23T08:45:30.4493570Z   Python2_ROOT_DIR: /opt/hostedtoolcache/Python/3.11.16/x64
2026-09-23T08:45:30.4493972Z   Python3_ROOT_DIR: /opt/hostedtoolcache/Python/3.11.16/x64
2026-09-23T08:45:30.4494350Z   LD_LIBRARY_PATH: /opt/hostedtoolcache/Python/3.11.16/x64/lib
2026-09-23T08:45:30.4494679Z ##[endgroup]
2026-09-23T08:45:30.4821676Z [Mutation Injected] Successfully injected ZeroDivisionError into tests/test_app.py
2026-09-23T08:45:30.4896165Z ##[group]Run pytest tests/test_app.py -v
2026-09-23T08:45:30.4896535Z [36;1mpytest tests/test_app.py -v[0m
2026-09-23T08:45:30.4937557Z shell: /usr/bin/bash -e {0}
2026-09-23T08:45:30.4937815Z env:
2026-09-23T08:45:30.4938104Z   pythonLocation: /opt/hostedtoolcache/Python/3.11.16/x64
2026-09-23T08:45:30.4938583Z   PKG_CONFIG_PATH: /opt/hostedtoolcache/Python/3.11.16/x64/lib/pkgconfig
2026-09-23T08:45:30.4939205Z   Python_ROOT_DIR: /opt/hostedtoolcache/Python/3.11.16/x64
2026-09-23T08:45:30.4939590Z   Python2_ROOT_DIR: /opt/hostedtoolcache/Python/3.11.16/x64
2026-09-23T08:45:30.4939977Z   Python3_ROOT_DIR: /opt/hostedtoolcache/Python/3.11.16/x64
2026-09-23T08:45:30.4940352Z   LD_LIBRARY_PATH: /opt/hostedtoolcache/Python/3.11.16/x64/lib
2026-09-23T08:45:30.4940686Z ##[endgroup]
2026-09-23T08:45:30.8827693Z ============================= test session starts ==============================
2026-09-23T08:45:30.8829512Z platform linux -- Python 3.11.16, pytest-9.1.1, pluggy-1.6.0 -- /opt/hostedtoolcache/Python/3.11.16/x64/bin/python
2026-09-23T08:45:30.8830378Z cachedir: .pytest_cache
2026-09-23T08:45:30.8830899Z rootdir: /home/runner/work/log-generation/log-generation
2026-09-23T08:45:30.8831463Z configfile: pytest.ini
2026-09-23T08:45:30.8913582Z collecting ... collected 6 items
2026-09-23T08:45:30.8921341Z 
2026-09-23T08:45:30.8921943Z tests/test_app.py::test_calculate_division PASSED                        [ 16%]
2026-09-23T08:45:30.8928908Z tests/test_app.py::test_convert_to_int PASSED                            [ 33%]
2026-09-23T08:45:30.8935524Z tests/test_app.py::test_get_list_item PASSED                             [ 50%]
2026-09-23T08:45:30.8944143Z tests/test_app.py::test_get_dict_value PASSED                            [ 66%]
2026-09-23T08:45:30.8951064Z tests/test_app.py::test_assert_positive PASSED                           [ 83%]
2026-09-23T08:45:30.9245598Z tests/test_app.py::test_zero_division_error FAILED                       [100%]
2026-09-23T08:45:30.9245966Z 
2026-09-23T08:45:30.9246165Z =================================== FAILURES ===================================
2026-09-23T08:45:30.9246735Z ___________________________ test_zero_division_error ___________________________
2026-09-23T08:45:30.9247166Z 
2026-09-23T08:45:30.9247320Z     def test_zero_division_error():
2026-09-23T08:45:30.9247824Z         """Injected synthetic ZeroDivisionError."""
2026-09-23T08:45:30.9248356Z         from src.app import calculate_division
2026-09-23T08:45:30.9248993Z >       calculate_division(42, 0)
2026-09-23T08:45:30.9249245Z 
2026-09-23T08:45:30.9249399Z tests/test_app.py:137: 
2026-09-23T08:45:30.9249850Z _ _ _ _ _ _ _ _ _ _ _ _ _ _ _ _ _ _ _ _ _ _ _ _ _ _ _ _ _ _ _ _ _ _ _ _ _ _ _ _ 
2026-09-23T08:45:30.9250222Z 
2026-09-23T08:45:30.9250377Z a = 42, b = 0
2026-09-23T08:45:30.9250595Z 
2026-09-23T08:45:30.9250762Z     def calculate_division(a, b):
2026-09-23T08:45:30.9251156Z >       return a / b
2026-09-23T08:45:30.9251483Z                ^^^^^
2026-09-23T08:45:30.9251858Z E       ZeroDivisionError: division by zero
2026-09-23T08:45:30.9252180Z 
2026-09-23T08:45:30.9252339Z src/app.py:2: ZeroDivisionError
2026-09-23T08:45:30.9252851Z =========================== short test summary info ============================
2026-09-23T08:45:30.9253720Z FAILED tests/test_app.py::test_zero_division_error - ZeroDivisionError: division by zero
2026-09-23T08:45:30.9254860Z ========================= 1 failed, 5 passed in 0.03s ==========================
2026-09-23T08:45:30.9507216Z ##[error]Process completed with exit code 1.
2026-09-23T08:45:30.9642345Z Node 20 is being deprecated. This workflow is running with Node 24 by default. If you need to temporarily use Node 20, you can set the ACTIONS_ALLOW_USE_UNSECURE_NODE_VERSION=true environment variable. For more information see: https://github.blog/changelog/2025-09-19-deprecation-of-node-20-on-github-actions-runners/
2026-09-23T08:45:30.9643572Z Post job cleanup.
2026-09-23T08:45:31.0530301Z [command]/usr/bin/git version
2026-09-23T08:45:31.0578157Z git version 2.55.0
2026-09-23T08:45:31.0620831Z Temporarily overriding HOME='/home/runner/work/_temp/0b2a1a16-c35e-4f01-acf3-d29067345d71' before making global git config changes
2026-09-23T08:45:31.0627078Z Adding repository directory to the temporary git global config as a safe directory
2026-09-23T08:45:31.0627813Z [command]/usr/bin/git config --global --add safe.directory /home/runner/work/log-generation/log-generation
2026-09-23T08:45:31.0674526Z [command]/usr/bin/git config --local --name-only --get-regexp core\.sshCommand
2026-09-23T08:45:31.0712743Z [command]/usr/bin/git submodule foreach --recursive sh -c "git config --local --name-only --get-regexp 'core\.sshCommand' && git config --local --unset-all 'core.sshCommand' || :"
2026-09-23T08:45:31.0993719Z [command]/usr/bin/git config --local --name-only --get-regexp http\.https\:\/\/github\.com\/\.extraheader
2026-09-23T08:45:31.1024732Z http.https://github.com/.extraheader
2026-09-23T08:45:31.1036779Z [command]/usr/bin/git config --local --unset-all http.https://github.com/.extraheader
2026-09-23T08:45:31.1073794Z [command]/usr/bin/git submodule foreach --recursive sh -c "git config --local --name-only --get-regexp 'http\.https\:\/\/github\.com\/\.extraheader' && git config --local --unset-all 'http.https://github.com/.extraheader' || :"
2026-09-23T08:45:31.1357110Z [command]/usr/bin/git config --local --name-only --get-regexp ^includeIf\.gitdir:
2026-09-23T08:45:31.1401922Z [command]/usr/bin/git submodule foreach --recursive git config --local --show-origin --name-only --get-regexp remote.origin.url
2026-09-23T08:45:31.1863030Z Cleaning up orphan processes
2026-09-23T08:45:31.2149792Z ##[warning]Node.js 20 is deprecated. The following actions target Node.js 20 but are being forced to run on Node.js 24: actions/checkout@v4, actions/setup-python@v5. For more information see: https://github.blog/changelog/2025-09-19-deprecation-of-node-20-on-github-actions-runners/
