ï»¿2026-09-23T08:43:39.8261048Z Current runner version: '2.337.0'
2026-09-23T08:43:39.8295789Z ##[group]Runner Image Provisioner
2026-09-23T08:43:39.8297341Z Hosted Compute Agent
2026-09-23T08:43:39.8298414Z Version: 20260828.587
2026-09-23T08:43:39.8299509Z Commit: abac92662cab4cc7352de4f9f9d2e2419aad9c29
2026-09-23T08:43:39.8300909Z Build Date: 2026-08-28T16:44:25Z
2026-09-23T08:43:39.8302053Z Worker ID: {8c02a5b6-2836-45de-b388-1f3185ec5d03}
2026-09-23T08:43:39.8303262Z Azure Region: eastus
2026-09-23T08:43:39.8304806Z ##[endgroup]
2026-09-23T08:43:39.8308088Z ##[group]Operating System
2026-09-23T08:43:39.8309319Z Ubuntu
2026-09-23T08:43:39.8310143Z 24.04.5
2026-09-23T08:43:39.8310976Z LTS
2026-09-23T08:43:39.8311932Z ##[endgroup]
2026-09-23T08:43:39.8312870Z ##[group]Runner Image
2026-09-23T08:43:39.8313954Z Image: ubuntu-24.04
2026-09-23T08:43:39.8314977Z Version: 20260907.300.1
2026-09-23T08:43:39.8317466Z Included Software: https://github.com/actions/runner-images/blob/ubuntu24/20260907.300/images/ubuntu/Ubuntu2404-Readme.md
2026-09-23T08:43:39.8320274Z Image Release: https://github.com/actions/runner-images/releases/tag/ubuntu24%2F20260907.300
2026-09-23T08:43:39.8322007Z ##[endgroup]
2026-09-23T08:43:39.8323988Z ##[group]GITHUB_TOKEN Permissions
2026-09-23T08:43:39.8327283Z Contents: read
2026-09-23T08:43:39.8328223Z Metadata: read
2026-09-23T08:43:39.8329227Z Packages: read
2026-09-23T08:43:39.8330262Z ##[endgroup]
2026-09-23T08:43:39.8333170Z Secret source: Actions
2026-09-23T08:43:39.8334652Z Cache mode: write
2026-09-23T08:43:39.8336203Z Prepare workflow directory
2026-09-23T08:43:39.8812544Z Prepare all required actions
2026-09-23T08:43:39.8883165Z Getting action download info
2026-09-23T08:43:40.0980907Z Download action repository 'actions/checkout@v4' (SHA:11d5960a326750d5838078e36cf38b85af677262)
2026-09-23T08:43:40.2075296Z Download action repository 'actions/setup-python@v5' (SHA:a26af69be951a213d495a4c3e4e4022e16d87065)
2026-09-23T08:43:40.3919804Z Complete job name: test-f3 (KeyError #31)
2026-09-23T08:43:40.4684168Z Node 20 is being deprecated. This workflow is running with Node 24 by default. If you need to temporarily use Node 20, you can set the ACTIONS_ALLOW_USE_UNSECURE_NODE_VERSION=true environment variable. For more information see: https://github.blog/changelog/2025-09-19-deprecation-of-node-20-on-github-actions-runners/
2026-09-23T08:43:40.4693152Z ##[group]Run actions/checkout@v4
2026-09-23T08:43:40.4693909Z with:
2026-09-23T08:43:40.4694340Z   fetch-depth: 1
2026-09-23T08:43:40.4694846Z   repository: DhruvHegde/log-generation
2026-09-23T08:43:40.4699364Z   token: ***
2026-09-23T08:43:40.4699805Z   ssh-strict: true
2026-09-23T08:43:40.4700241Z   ssh-user: git
2026-09-23T08:43:40.4700701Z   persist-credentials: true
2026-09-23T08:43:40.4701183Z   clean: true
2026-09-23T08:43:40.4701624Z   sparse-checkout-cone-mode: true
2026-09-23T08:43:40.4702144Z   fetch-tags: false
2026-09-23T08:43:40.4702647Z   show-progress: true
2026-09-23T08:43:40.4703162Z   lfs: false
2026-09-23T08:43:40.4703621Z   submodules: false
2026-09-23T08:43:40.4704085Z   set-safe-directory: true
2026-09-23T08:43:40.4704600Z   allow-unsafe-pr-checkout: false
2026-09-23T08:43:40.4705407Z ##[endgroup]
2026-09-23T08:43:40.5744098Z Syncing repository: DhruvHegde/log-generation
2026-09-23T08:43:40.5747321Z ##[group]Getting Git version info
2026-09-23T08:43:40.5748738Z Working directory is '/home/runner/work/log-generation/log-generation'
2026-09-23T08:43:40.5750969Z [command]/usr/bin/git version
2026-09-23T08:43:40.5856923Z git version 2.55.0
2026-09-23T08:43:40.5881936Z ##[endgroup]
2026-09-23T08:43:40.5899156Z Temporarily overriding HOME='/home/runner/work/_temp/5bb6c5c3-5270-40b9-b0d2-92dd33d1be8b' before making global git config changes
2026-09-23T08:43:40.5905441Z Adding repository directory to the temporary git global config as a safe directory
2026-09-23T08:43:40.5907383Z [command]/usr/bin/git config --global --add safe.directory /home/runner/work/log-generation/log-generation
2026-09-23T08:43:40.5963019Z Deleting the contents of '/home/runner/work/log-generation/log-generation'
2026-09-23T08:43:40.5972775Z ##[group]Initializing the repository
2026-09-23T08:43:40.5978059Z [command]/usr/bin/git init /home/runner/work/log-generation/log-generation
2026-09-23T08:43:40.6115692Z hint: Using 'master' as the name for the initial branch. This default branch name
2026-09-23T08:43:40.6117494Z hint: will change to "main" in Git 3.0. To configure the initial branch name
2026-09-23T08:43:40.6119165Z hint: to use in all of your new repositories, which will suppress this warning,
2026-09-23T08:43:40.6120440Z hint: call:
2026-09-23T08:43:40.6121048Z hint:
2026-09-23T08:43:40.6121832Z hint: 	git config --global init.defaultBranch <name>
2026-09-23T08:43:40.6122855Z hint:
2026-09-23T08:43:40.6123828Z hint: Names commonly chosen instead of 'master' are 'main', 'trunk' and
2026-09-23T08:43:40.6125273Z hint: 'development'. The just-created branch can be renamed via this command:
2026-09-23T08:43:40.6126032Z hint:
2026-09-23T08:43:40.6126738Z hint: 	git branch -m <name>
2026-09-23T08:43:40.6127282Z hint:
2026-09-23T08:43:40.6127931Z hint: Disable this message with "git config set advice.defaultBranchName false"
2026-09-23T08:43:40.6129564Z Initialized empty Git repository in /home/runner/work/log-generation/log-generation/.git/
2026-09-23T08:43:40.6132887Z [command]/usr/bin/git remote add origin https://github.com/DhruvHegde/log-generation
2026-09-23T08:43:40.6188104Z ##[endgroup]
2026-09-23T08:43:40.6188905Z ##[group]Disabling automatic garbage collection
2026-09-23T08:43:40.6192658Z [command]/usr/bin/git config --local gc.auto 0
2026-09-23T08:43:40.6232522Z ##[endgroup]
2026-09-23T08:43:40.6233281Z ##[group]Setting up auth
2026-09-23T08:43:40.6241402Z [command]/usr/bin/git config --local --name-only --get-regexp core\.sshCommand
2026-09-23T08:43:40.6278893Z [command]/usr/bin/git submodule foreach --recursive sh -c "git config --local --name-only --get-regexp 'core\.sshCommand' && git config --local --unset-all 'core.sshCommand' || :"
2026-09-23T08:43:40.6675005Z [command]/usr/bin/git config --local --name-only --get-regexp http\.https\:\/\/github\.com\/\.extraheader
2026-09-23T08:43:40.6711277Z [command]/usr/bin/git submodule foreach --recursive sh -c "git config --local --name-only --get-regexp 'http\.https\:\/\/github\.com\/\.extraheader' && git config --local --unset-all 'http.https://github.com/.extraheader' || :"
2026-09-23T08:43:40.6935350Z [command]/usr/bin/git config --local --name-only --get-regexp ^includeIf\.gitdir:
2026-09-23T08:43:40.6971082Z [command]/usr/bin/git submodule foreach --recursive git config --local --show-origin --name-only --get-regexp remote.origin.url
2026-09-23T08:43:40.7196142Z [command]/usr/bin/git config --local http.https://github.com/.extraheader AUTHORIZATION: basic ***
2026-09-23T08:43:40.7234535Z ##[endgroup]
2026-09-23T08:43:40.7235460Z ##[group]Fetching the repository
2026-09-23T08:43:40.7245380Z [command]/usr/bin/git -c protocol.version=2 fetch --no-tags --prune --no-recurse-submodules --depth=1 origin +dfcb6f158e4bd8054252a4da5d0a9edc2ab15d57:refs/remotes/origin/feature/f3-test-failures
2026-09-23T08:43:40.9687949Z From https://github.com/DhruvHegde/log-generation
2026-09-23T08:43:40.9689617Z  * [new ref]         dfcb6f158e4bd8054252a4da5d0a9edc2ab15d57 -> origin/feature/f3-test-failures
2026-09-23T08:43:40.9693769Z ##[endgroup]
2026-09-23T08:43:40.9694859Z ##[group]Determining the checkout info
2026-09-23T08:43:40.9696943Z ##[endgroup]
2026-09-23T08:43:40.9702981Z [command]/usr/bin/git sparse-checkout disable
2026-09-23T08:43:40.9755889Z [command]/usr/bin/git config --local --unset-all extensions.worktreeConfig
2026-09-23T08:43:40.9787476Z ##[group]Checking out the ref
2026-09-23T08:43:40.9792009Z [command]/usr/bin/git checkout --progress --force -B feature/f3-test-failures refs/remotes/origin/feature/f3-test-failures
2026-09-23T08:43:40.9875881Z Switched to a new branch 'feature/f3-test-failures'
2026-09-23T08:43:40.9882283Z branch 'feature/f3-test-failures' set up to track 'origin/feature/f3-test-failures'.
2026-09-23T08:43:40.9887846Z ##[endgroup]
2026-09-23T08:43:40.9932399Z [command]/usr/bin/git log -1 --format=%H
2026-09-23T08:43:40.9958673Z dfcb6f158e4bd8054252a4da5d0a9edc2ab15d57
2026-09-23T08:43:41.0245702Z Node 20 is being deprecated. This workflow is running with Node 24 by default. If you need to temporarily use Node 20, you can set the ACTIONS_ALLOW_USE_UNSECURE_NODE_VERSION=true environment variable. For more information see: https://github.blog/changelog/2025-09-19-deprecation-of-node-20-on-github-actions-runners/
2026-09-23T08:43:41.0249180Z ##[group]Run actions/setup-python@v5
2026-09-23T08:43:41.0249808Z with:
2026-09-23T08:43:41.0250282Z   python-version: 3.11
2026-09-23T08:43:41.0250811Z   check-latest: false
2026-09-23T08:43:41.0254575Z   token: ***
2026-09-23T08:43:41.0255066Z   update-environment: true
2026-09-23T08:43:41.0255622Z   allow-prereleases: false
2026-09-23T08:43:41.0256157Z   freethreaded: false
2026-09-23T08:43:41.0257011Z ##[endgroup]
2026-09-23T08:43:41.1588995Z ##[group]Installed versions
2026-09-23T08:43:41.1712657Z (node:2218) [DEP0040] DeprecationWarning: The `punycode` module is deprecated. Please use a userland alternative instead.
2026-09-23T08:43:41.1715399Z (Use `node --trace-deprecation ...` to show where the warning was created)
2026-09-23T08:43:41.1716349Z Successfully set up CPython (3.11.16)
2026-09-23T08:43:41.1718189Z ##[endgroup]
2026-09-23T08:43:41.1930035Z ##[group]Run pip install --no-cache-dir pytest
2026-09-23T08:43:41.1931372Z [36;1mpip install --no-cache-dir pytest[0m
2026-09-23T08:43:41.1998109Z shell: /usr/bin/bash -e {0}
2026-09-23T08:43:41.1999018Z env:
2026-09-23T08:43:41.1999924Z   pythonLocation: /opt/hostedtoolcache/Python/3.11.16/x64
2026-09-23T08:43:41.2001402Z   PKG_CONFIG_PATH: /opt/hostedtoolcache/Python/3.11.16/x64/lib/pkgconfig
2026-09-23T08:43:41.2002887Z   Python_ROOT_DIR: /opt/hostedtoolcache/Python/3.11.16/x64
2026-09-23T08:43:41.2004247Z   Python2_ROOT_DIR: /opt/hostedtoolcache/Python/3.11.16/x64
2026-09-23T08:43:41.2005679Z   Python3_ROOT_DIR: /opt/hostedtoolcache/Python/3.11.16/x64
2026-09-23T08:43:41.2007359Z   LD_LIBRARY_PATH: /opt/hostedtoolcache/Python/3.11.16/x64/lib
2026-09-23T08:43:41.2008587Z ##[endgroup]
2026-09-23T08:43:42.1204206Z Collecting pytest
2026-09-23T08:43:42.1686132Z   Downloading pytest-9.1.1-py3-none-any.whl.metadata (7.6 kB)
2026-09-23T08:43:42.1767791Z Collecting iniconfig>=1.0.1 (from pytest)
2026-09-23T08:43:42.1805691Z   Downloading iniconfig-2.3.0-py3-none-any.whl.metadata (2.5 kB)
2026-09-23T08:43:42.1907245Z Collecting packaging>=22 (from pytest)
2026-09-23T08:43:42.1944688Z   Downloading packaging-26.3-py3-none-any.whl.metadata (3.5 kB)
2026-09-23T08:43:42.2028473Z Collecting pluggy<2,>=1.5 (from pytest)
2026-09-23T08:43:42.2069239Z   Downloading pluggy-1.6.0-py3-none-any.whl.metadata (4.8 kB)
2026-09-23T08:43:42.2203408Z Collecting pygments>=2.7.2 (from pytest)
2026-09-23T08:43:42.2245244Z   Downloading pygments-2.21.0-py3-none-any.whl.metadata (2.5 kB)
2026-09-23T08:43:42.2311283Z Downloading pytest-9.1.1-py3-none-any.whl (386 kB)
2026-09-23T08:43:42.2533713Z Downloading pluggy-1.6.0-py3-none-any.whl (20 kB)
2026-09-23T08:43:42.2571550Z Downloading iniconfig-2.3.0-py3-none-any.whl (7.5 kB)
2026-09-23T08:43:42.2610492Z Downloading packaging-26.3-py3-none-any.whl (129 kB)
2026-09-23T08:43:42.2665137Z Downloading pygments-2.21.0-py3-none-any.whl (1.3 MB)
2026-09-23T08:43:42.2875052Z    ââââââââââââââââââââââââââââââââââââââââ 1.3/1.3 MB 66.2 MB/s  0:00:00
2026-09-23T08:43:42.3549786Z Installing collected packages: pygments, pluggy, packaging, iniconfig, pytest
2026-09-23T08:43:43.2952711Z 
2026-09-23T08:43:43.2961835Z Successfully installed iniconfig-2.3.0 packaging-26.3 pluggy-1.6.0 pygments-2.21.0 pytest-9.1.1
2026-09-23T08:43:43.3450491Z ##[group]Run python automation/inject_mutation.py --error-type "KeyError"
2026-09-23T08:43:43.3451105Z [36;1mpython automation/inject_mutation.py --error-type "KeyError"[0m
2026-09-23T08:43:43.3490070Z shell: /usr/bin/bash -e {0}
2026-09-23T08:43:43.3490353Z env:
2026-09-23T08:43:43.3490649Z   pythonLocation: /opt/hostedtoolcache/Python/3.11.16/x64
2026-09-23T08:43:43.3491346Z   PKG_CONFIG_PATH: /opt/hostedtoolcache/Python/3.11.16/x64/lib/pkgconfig
2026-09-23T08:43:43.3491814Z   Python_ROOT_DIR: /opt/hostedtoolcache/Python/3.11.16/x64
2026-09-23T08:43:43.3492221Z   Python2_ROOT_DIR: /opt/hostedtoolcache/Python/3.11.16/x64
2026-09-23T08:43:43.3492636Z   Python3_ROOT_DIR: /opt/hostedtoolcache/Python/3.11.16/x64
2026-09-23T08:43:43.3493060Z   LD_LIBRARY_PATH: /opt/hostedtoolcache/Python/3.11.16/x64/lib
2026-09-23T08:43:43.3493405Z ##[endgroup]
2026-09-23T08:43:43.3790299Z [Mutation Injected] Successfully injected KeyError into tests/test_app.py
2026-09-23T08:43:43.3859686Z ##[group]Run pytest tests/test_app.py -v
2026-09-23T08:43:43.3860083Z [36;1mpytest tests/test_app.py -v[0m
2026-09-23T08:43:43.3896879Z shell: /usr/bin/bash -e {0}
2026-09-23T08:43:43.3897165Z env:
2026-09-23T08:43:43.3897455Z   pythonLocation: /opt/hostedtoolcache/Python/3.11.16/x64
2026-09-23T08:43:43.3897936Z   PKG_CONFIG_PATH: /opt/hostedtoolcache/Python/3.11.16/x64/lib/pkgconfig
2026-09-23T08:43:43.3898426Z   Python_ROOT_DIR: /opt/hostedtoolcache/Python/3.11.16/x64
2026-09-23T08:43:43.3898845Z   Python2_ROOT_DIR: /opt/hostedtoolcache/Python/3.11.16/x64
2026-09-23T08:43:43.3899250Z   Python3_ROOT_DIR: /opt/hostedtoolcache/Python/3.11.16/x64
2026-09-23T08:43:43.3899667Z   LD_LIBRARY_PATH: /opt/hostedtoolcache/Python/3.11.16/x64/lib
2026-09-23T08:43:43.3900014Z ##[endgroup]
2026-09-23T08:43:43.6150092Z ============================= test session starts ==============================
2026-09-23T08:43:43.6151228Z platform linux -- Python 3.11.16, pytest-9.1.1, pluggy-1.6.0 -- /opt/hostedtoolcache/Python/3.11.16/x64/bin/python
2026-09-23T08:43:43.6152001Z cachedir: .pytest_cache
2026-09-23T08:43:43.6152412Z rootdir: /home/runner/work/log-generation/log-generation
2026-09-23T08:43:43.6152889Z configfile: pytest.ini
2026-09-23T08:43:43.6236239Z collecting ... collected 6 items
2026-09-23T08:43:43.6237049Z 
2026-09-23T08:43:43.6245504Z tests/test_app.py::test_calculate_division PASSED                        [ 16%]
2026-09-23T08:43:43.6252972Z tests/test_app.py::test_convert_to_int PASSED                            [ 33%]
2026-09-23T08:43:43.6260547Z tests/test_app.py::test_get_list_item PASSED                             [ 50%]
2026-09-23T08:43:43.6267472Z tests/test_app.py::test_get_dict_value PASSED                            [ 66%]
2026-09-23T08:43:43.6274352Z tests/test_app.py::test_assert_positive PASSED                           [ 83%]
2026-09-23T08:43:43.6540039Z tests/test_app.py::test_key_error FAILED                                 [100%]
2026-09-23T08:43:43.6540703Z 
2026-09-23T08:43:43.6541016Z =================================== FAILURES ===================================
2026-09-23T08:43:43.6541820Z ________________________________ test_key_error ________________________________
2026-09-23T08:43:43.6542362Z 
2026-09-23T08:43:43.6542553Z     def test_key_error():
2026-09-23T08:43:43.6543037Z         """Injected synthetic KeyError."""
2026-09-23T08:43:43.6543606Z         from src.app import get_dict_value
2026-09-23T08:43:43.6544168Z         config = {"env": "staging", "retries": 3}
2026-09-23T08:43:43.6544810Z >       get_dict_value(config, "missing_auth_token")
2026-09-23T08:43:43.6545223Z 
2026-09-23T08:43:43.6545409Z tests/test_app.py:138: 
2026-09-23T08:43:43.6545928Z _ _ _ _ _ _ _ _ _ _ _ _ _ _ _ _ _ _ _ _ _ _ _ _ _ _ _ _ _ _ _ _ _ _ _ _ _ _ _ _ 
2026-09-23T08:43:43.6546385Z 
2026-09-23T08:43:43.6547117Z d = {'env': 'staging', 'retries': 3}, key = 'missing_auth_token'
2026-09-23T08:43:43.6547606Z 
2026-09-23T08:43:43.6547788Z     def get_dict_value(d, key):
2026-09-23T08:43:43.6548262Z >       return d[key]
2026-09-23T08:43:43.6548656Z                ^^^^^^
2026-09-23T08:43:43.6549086Z E       KeyError: 'missing_auth_token'
2026-09-23T08:43:43.6549444Z 
2026-09-23T08:43:43.6549678Z src/app.py:11: KeyError
2026-09-23T08:43:43.6550261Z =========================== short test summary info ============================
2026-09-23T08:43:43.6551159Z FAILED tests/test_app.py::test_key_error - KeyError: 'missing_auth_token'
2026-09-23T08:43:43.6552404Z ========================= 1 failed, 5 passed in 0.03s ==========================
2026-09-23T08:43:43.6731323Z ##[error]Process completed with exit code 1.
2026-09-23T08:43:43.6878082Z Node 20 is being deprecated. This workflow is running with Node 24 by default. If you need to temporarily use Node 20, you can set the ACTIONS_ALLOW_USE_UNSECURE_NODE_VERSION=true environment variable. For more information see: https://github.blog/changelog/2025-09-19-deprecation-of-node-20-on-github-actions-runners/
2026-09-23T08:43:43.6879376Z Post job cleanup.
2026-09-23T08:43:43.7734697Z [command]/usr/bin/git version
2026-09-23T08:43:43.7781340Z git version 2.55.0
2026-09-23T08:43:43.7828119Z Temporarily overriding HOME='/home/runner/work/_temp/7b9f793f-6855-496e-a7cb-357e8c62bb41' before making global git config changes
2026-09-23T08:43:43.7829583Z Adding repository directory to the temporary git global config as a safe directory
2026-09-23T08:43:43.7834656Z [command]/usr/bin/git config --global --add safe.directory /home/runner/work/log-generation/log-generation
2026-09-23T08:43:43.7874456Z [command]/usr/bin/git config --local --name-only --get-regexp core\.sshCommand
2026-09-23T08:43:43.7912868Z [command]/usr/bin/git submodule foreach --recursive sh -c "git config --local --name-only --get-regexp 'core\.sshCommand' && git config --local --unset-all 'core.sshCommand' || :"
2026-09-23T08:43:43.8164062Z [command]/usr/bin/git config --local --name-only --get-regexp http\.https\:\/\/github\.com\/\.extraheader
2026-09-23T08:43:43.8238400Z http.https://github.com/.extraheader
2026-09-23T08:43:43.8251259Z [command]/usr/bin/git config --local --unset-all http.https://github.com/.extraheader
2026-09-23T08:43:43.8298437Z [command]/usr/bin/git submodule foreach --recursive sh -c "git config --local --name-only --get-regexp 'http\.https\:\/\/github\.com\/\.extraheader' && git config --local --unset-all 'http.https://github.com/.extraheader' || :"
2026-09-23T08:43:43.8541513Z [command]/usr/bin/git config --local --name-only --get-regexp ^includeIf\.gitdir:
2026-09-23T08:43:43.8588342Z [command]/usr/bin/git submodule foreach --recursive git config --local --show-origin --name-only --get-regexp remote.origin.url
2026-09-23T08:43:43.8988568Z Cleaning up orphan processes
2026-09-23T08:43:43.9270746Z ##[warning]Node.js 20 is deprecated. The following actions target Node.js 20 but are being forced to run on Node.js 24: actions/checkout@v4, actions/setup-python@v5. For more information see: https://github.blog/changelog/2025-09-19-deprecation-of-node-20-on-github-actions-runners/
