ï»¿2026-09-23T08:45:05.1992636Z Current runner version: '2.337.0'
2026-09-23T08:45:05.2012925Z ##[group]Runner Image Provisioner
2026-09-23T08:45:05.2013483Z Hosted Compute Agent
2026-09-23T08:45:05.2013872Z Version: 20260828.587
2026-09-23T08:45:05.2014316Z Commit: abac92662cab4cc7352de4f9f9d2e2419aad9c29
2026-09-23T08:45:05.2014766Z Build Date: 2026-08-28T16:44:25Z
2026-09-23T08:45:05.2015207Z Worker ID: {b54caea2-b86a-49c9-b79b-94a3eed60591}
2026-09-23T08:45:05.2015656Z Azure Region: westus3
2026-09-23T08:45:05.2016050Z ##[endgroup]
2026-09-23T08:45:05.2017130Z ##[group]Operating System
2026-09-23T08:45:05.2017506Z Ubuntu
2026-09-23T08:45:05.2017945Z 24.04.5
2026-09-23T08:45:05.2018284Z LTS
2026-09-23T08:45:05.2018613Z ##[endgroup]
2026-09-23T08:45:05.2019406Z ##[group]Runner Image
2026-09-23T08:45:05.2019785Z Image: ubuntu-24.04
2026-09-23T08:45:05.2020171Z Version: 20260907.300.1
2026-09-23T08:45:05.2021187Z Included Software: https://github.com/actions/runner-images/blob/ubuntu24/20260907.300/images/ubuntu/Ubuntu2404-Readme.md
2026-09-23T08:45:05.2022134Z Image Release: https://github.com/actions/runner-images/releases/tag/ubuntu24%2F20260907.300
2026-09-23T08:45:05.2022715Z ##[endgroup]
2026-09-23T08:45:05.2023490Z ##[group]GITHUB_TOKEN Permissions
2026-09-23T08:45:05.2024984Z Contents: read
2026-09-23T08:45:05.2025385Z Metadata: read
2026-09-23T08:45:05.2025774Z Packages: read
2026-09-23T08:45:05.2026115Z ##[endgroup]
2026-09-23T08:45:05.2027568Z Secret source: Actions
2026-09-23T08:45:05.2028163Z Cache mode: write
2026-09-23T08:45:05.2028857Z Prepare workflow directory
2026-09-23T08:45:05.2285715Z Prepare all required actions
2026-09-23T08:45:05.2319379Z Getting action download info
2026-09-23T08:45:05.5181809Z Download action repository 'actions/checkout@v4' (SHA:11d5960a326750d5838078e36cf38b85af677262)
2026-09-23T08:45:05.6225212Z Download action repository 'actions/setup-python@v5' (SHA:a26af69be951a213d495a4c3e4e4022e16d87065)
2026-09-23T08:45:05.8017302Z Complete job name: test-f3 (KeyError #180)
2026-09-23T08:45:05.8515095Z Node 20 is being deprecated. This workflow is running with Node 24 by default. If you need to temporarily use Node 20, you can set the ACTIONS_ALLOW_USE_UNSECURE_NODE_VERSION=true environment variable. For more information see: https://github.blog/changelog/2025-09-19-deprecation-of-node-20-on-github-actions-runners/
2026-09-23T08:45:05.8520902Z ##[group]Run actions/checkout@v4
2026-09-23T08:45:05.8521301Z with:
2026-09-23T08:45:05.8521547Z   fetch-depth: 1
2026-09-23T08:45:05.8521822Z   repository: DhruvHegde/log-generation
2026-09-23T08:45:05.8523923Z   token: ***
2026-09-23T08:45:05.8524169Z   ssh-strict: true
2026-09-23T08:45:05.8524425Z   ssh-user: git
2026-09-23T08:45:05.8524682Z   persist-credentials: true
2026-09-23T08:45:05.8524962Z   clean: true
2026-09-23T08:45:05.8525222Z   sparse-checkout-cone-mode: true
2026-09-23T08:45:05.8525520Z   fetch-tags: false
2026-09-23T08:45:05.8525779Z   show-progress: true
2026-09-23T08:45:05.8526039Z   lfs: false
2026-09-23T08:45:05.8526309Z   submodules: false
2026-09-23T08:45:05.8526580Z   set-safe-directory: true
2026-09-23T08:45:05.8526937Z   allow-unsafe-pr-checkout: false
2026-09-23T08:45:05.8527318Z ##[endgroup]
2026-09-23T08:45:05.9244539Z Syncing repository: DhruvHegde/log-generation
2026-09-23T08:45:05.9246194Z ##[group]Getting Git version info
2026-09-23T08:45:05.9246727Z Working directory is '/home/runner/work/log-generation/log-generation'
2026-09-23T08:45:05.9247495Z [command]/usr/bin/git version
2026-09-23T08:45:05.9325171Z git version 2.55.0
2026-09-23T08:45:05.9340392Z ##[endgroup]
2026-09-23T08:45:05.9353261Z Temporarily overriding HOME='/home/runner/work/_temp/c404e49c-bf6d-4a13-906b-9342d5f0512e' before making global git config changes
2026-09-23T08:45:05.9354643Z Adding repository directory to the temporary git global config as a safe directory
2026-09-23T08:45:05.9357710Z [command]/usr/bin/git config --global --add safe.directory /home/runner/work/log-generation/log-generation
2026-09-23T08:45:05.9414691Z Deleting the contents of '/home/runner/work/log-generation/log-generation'
2026-09-23T08:45:05.9419242Z ##[group]Initializing the repository
2026-09-23T08:45:05.9422798Z [command]/usr/bin/git init /home/runner/work/log-generation/log-generation
2026-09-23T08:45:05.9549508Z hint: Using 'master' as the name for the initial branch. This default branch name
2026-09-23T08:45:05.9550435Z hint: will change to "main" in Git 3.0. To configure the initial branch name
2026-09-23T08:45:05.9551548Z hint: to use in all of your new repositories, which will suppress this warning,
2026-09-23T08:45:05.9552190Z hint: call:
2026-09-23T08:45:05.9552535Z hint:
2026-09-23T08:45:05.9552911Z hint: 	git config --global init.defaultBranch <name>
2026-09-23T08:45:05.9553263Z hint:
2026-09-23T08:45:05.9553592Z hint: Names commonly chosen instead of 'master' are 'main', 'trunk' and
2026-09-23T08:45:05.9554114Z hint: 'development'. The just-created branch can be renamed via this command:
2026-09-23T08:45:05.9554522Z hint:
2026-09-23T08:45:05.9554787Z hint: 	git branch -m <name>
2026-09-23T08:45:05.9555066Z hint:
2026-09-23T08:45:05.9555425Z hint: Disable this message with "git config set advice.defaultBranchName false"
2026-09-23T08:45:05.9556007Z Initialized empty Git repository in /home/runner/work/log-generation/log-generation/.git/
2026-09-23T08:45:05.9557079Z [command]/usr/bin/git remote add origin https://github.com/DhruvHegde/log-generation
2026-09-23T08:45:05.9592550Z ##[endgroup]
2026-09-23T08:45:05.9593360Z ##[group]Disabling automatic garbage collection
2026-09-23T08:45:05.9595229Z [command]/usr/bin/git config --local gc.auto 0
2026-09-23T08:45:05.9623449Z ##[endgroup]
2026-09-23T08:45:05.9624120Z ##[group]Setting up auth
2026-09-23T08:45:05.9628800Z [command]/usr/bin/git config --local --name-only --get-regexp core\.sshCommand
2026-09-23T08:45:05.9665639Z [command]/usr/bin/git submodule foreach --recursive sh -c "git config --local --name-only --get-regexp 'core\.sshCommand' && git config --local --unset-all 'core.sshCommand' || :"
2026-09-23T08:45:05.9973467Z [command]/usr/bin/git config --local --name-only --get-regexp http\.https\:\/\/github\.com\/\.extraheader
2026-09-23T08:45:06.0003306Z [command]/usr/bin/git submodule foreach --recursive sh -c "git config --local --name-only --get-regexp 'http\.https\:\/\/github\.com\/\.extraheader' && git config --local --unset-all 'http.https://github.com/.extraheader' || :"
2026-09-23T08:45:06.0190459Z [command]/usr/bin/git config --local --name-only --get-regexp ^includeIf\.gitdir:
2026-09-23T08:45:06.0221371Z [command]/usr/bin/git submodule foreach --recursive git config --local --show-origin --name-only --get-regexp remote.origin.url
2026-09-23T08:45:06.0408680Z [command]/usr/bin/git config --local http.https://github.com/.extraheader AUTHORIZATION: basic ***
2026-09-23T08:45:06.0442249Z ##[endgroup]
2026-09-23T08:45:06.0442886Z ##[group]Fetching the repository
2026-09-23T08:45:06.0449131Z [command]/usr/bin/git -c protocol.version=2 fetch --no-tags --prune --no-recurse-submodules --depth=1 origin +dfcb6f158e4bd8054252a4da5d0a9edc2ab15d57:refs/remotes/origin/feature/f3-test-failures
2026-09-23T08:45:06.4923602Z From https://github.com/DhruvHegde/log-generation
2026-09-23T08:45:06.4924664Z  * [new ref]         dfcb6f158e4bd8054252a4da5d0a9edc2ab15d57 -> origin/feature/f3-test-failures
2026-09-23T08:45:06.4928090Z ##[endgroup]
2026-09-23T08:45:06.4928742Z ##[group]Determining the checkout info
2026-09-23T08:45:06.4930687Z ##[endgroup]
2026-09-23T08:45:06.4936541Z [command]/usr/bin/git sparse-checkout disable
2026-09-23T08:45:06.4980997Z [command]/usr/bin/git config --local --unset-all extensions.worktreeConfig
2026-09-23T08:45:06.5008189Z ##[group]Checking out the ref
2026-09-23T08:45:06.5011965Z [command]/usr/bin/git checkout --progress --force -B feature/f3-test-failures refs/remotes/origin/feature/f3-test-failures
2026-09-23T08:45:06.5079687Z Switched to a new branch 'feature/f3-test-failures'
2026-09-23T08:45:06.5084320Z branch 'feature/f3-test-failures' set up to track 'origin/feature/f3-test-failures'.
2026-09-23T08:45:06.5088772Z ##[endgroup]
2026-09-23T08:45:06.5124950Z [command]/usr/bin/git log -1 --format=%H
2026-09-23T08:45:06.5148260Z dfcb6f158e4bd8054252a4da5d0a9edc2ab15d57
2026-09-23T08:45:06.5374472Z Node 20 is being deprecated. This workflow is running with Node 24 by default. If you need to temporarily use Node 20, you can set the ACTIONS_ALLOW_USE_UNSECURE_NODE_VERSION=true environment variable. For more information see: https://github.blog/changelog/2025-09-19-deprecation-of-node-20-on-github-actions-runners/
2026-09-23T08:45:06.5376095Z ##[group]Run actions/setup-python@v5
2026-09-23T08:45:06.5376406Z with:
2026-09-23T08:45:06.5376655Z   python-version: 3.11
2026-09-23T08:45:06.5376930Z   check-latest: false
2026-09-23T08:45:06.5378982Z   token: ***
2026-09-23T08:45:06.5379239Z   update-environment: true
2026-09-23T08:45:06.5379534Z   allow-prereleases: false
2026-09-23T08:45:06.5379817Z   freethreaded: false
2026-09-23T08:45:06.5380083Z ##[endgroup]
2026-09-23T08:45:06.6315221Z ##[group]Installed versions
2026-09-23T08:45:06.6382605Z (node:2038) [DEP0040] DeprecationWarning: The `punycode` module is deprecated. Please use a userland alternative instead.
2026-09-23T08:45:06.6383598Z (Use `node --trace-deprecation ...` to show where the warning was created)
2026-09-23T08:45:06.6384192Z Successfully set up CPython (3.11.16)
2026-09-23T08:45:06.6384925Z ##[endgroup]
2026-09-23T08:45:06.6534864Z ##[group]Run pip install --no-cache-dir pytest
2026-09-23T08:45:06.6535355Z [36;1mpip install --no-cache-dir pytest[0m
2026-09-23T08:45:06.6596479Z shell: /usr/bin/bash -e {0}
2026-09-23T08:45:06.6597029Z env:
2026-09-23T08:45:06.6597713Z   pythonLocation: /opt/hostedtoolcache/Python/3.11.16/x64
2026-09-23T08:45:06.6598464Z   PKG_CONFIG_PATH: /opt/hostedtoolcache/Python/3.11.16/x64/lib/pkgconfig
2026-09-23T08:45:06.6599202Z   Python_ROOT_DIR: /opt/hostedtoolcache/Python/3.11.16/x64
2026-09-23T08:45:06.6599951Z   Python2_ROOT_DIR: /opt/hostedtoolcache/Python/3.11.16/x64
2026-09-23T08:45:06.6601019Z   Python3_ROOT_DIR: /opt/hostedtoolcache/Python/3.11.16/x64
2026-09-23T08:45:06.6677456Z   LD_LIBRARY_PATH: /opt/hostedtoolcache/Python/3.11.16/x64/lib
2026-09-23T08:45:06.6678169Z ##[endgroup]
2026-09-23T08:45:07.4199110Z Collecting pytest
2026-09-23T08:45:07.4876434Z   Downloading pytest-9.1.1-py3-none-any.whl.metadata (7.6 kB)
2026-09-23T08:45:07.4945702Z Collecting iniconfig>=1.0.1 (from pytest)
2026-09-23T08:45:07.5044698Z   Downloading iniconfig-2.3.0-py3-none-any.whl.metadata (2.5 kB)
2026-09-23T08:45:07.5120216Z Collecting packaging>=22 (from pytest)
2026-09-23T08:45:07.5218042Z   Downloading packaging-26.3-py3-none-any.whl.metadata (3.5 kB)
2026-09-23T08:45:07.5281536Z Collecting pluggy<2,>=1.5 (from pytest)
2026-09-23T08:45:07.5377770Z   Downloading pluggy-1.6.0-py3-none-any.whl.metadata (4.8 kB)
2026-09-23T08:45:07.5468734Z Collecting pygments>=2.7.2 (from pytest)
2026-09-23T08:45:07.5564883Z   Downloading pygments-2.21.0-py3-none-any.whl.metadata (2.5 kB)
2026-09-23T08:45:07.5680203Z Downloading pytest-9.1.1-py3-none-any.whl (386 kB)
2026-09-23T08:45:07.6111047Z Downloading pluggy-1.6.0-py3-none-any.whl (20 kB)
2026-09-23T08:45:07.6208035Z Downloading iniconfig-2.3.0-py3-none-any.whl (7.5 kB)
2026-09-23T08:45:07.6304201Z Downloading packaging-26.3-py3-none-any.whl (129 kB)
2026-09-23T08:45:07.6406563Z Downloading pygments-2.21.0-py3-none-any.whl (1.3 MB)
2026-09-23T08:45:07.6665883Z    ââââââââââââââââââââââââââââââââââââââââ 1.3/1.3 MB 45.5 MB/s  0:00:00
2026-09-23T08:45:07.7195390Z Installing collected packages: pygments, pluggy, packaging, iniconfig, pytest
2026-09-23T08:45:08.3369521Z 
2026-09-23T08:45:08.3376212Z Successfully installed iniconfig-2.3.0 packaging-26.3 pluggy-1.6.0 pygments-2.21.0 pytest-9.1.1
2026-09-23T08:45:08.3900078Z ##[group]Run python automation/inject_mutation.py --error-type "KeyError"
2026-09-23T08:45:08.3900672Z [36;1mpython automation/inject_mutation.py --error-type "KeyError"[0m
2026-09-23T08:45:08.3935298Z shell: /usr/bin/bash -e {0}
2026-09-23T08:45:08.3935484Z env:
2026-09-23T08:45:08.3935677Z   pythonLocation: /opt/hostedtoolcache/Python/3.11.16/x64
2026-09-23T08:45:08.3936118Z   PKG_CONFIG_PATH: /opt/hostedtoolcache/Python/3.11.16/x64/lib/pkgconfig
2026-09-23T08:45:08.3936396Z   Python_ROOT_DIR: /opt/hostedtoolcache/Python/3.11.16/x64
2026-09-23T08:45:08.3936654Z   Python2_ROOT_DIR: /opt/hostedtoolcache/Python/3.11.16/x64
2026-09-23T08:45:08.3936925Z   Python3_ROOT_DIR: /opt/hostedtoolcache/Python/3.11.16/x64
2026-09-23T08:45:08.3937188Z   LD_LIBRARY_PATH: /opt/hostedtoolcache/Python/3.11.16/x64/lib
2026-09-23T08:45:08.3937429Z ##[endgroup]
2026-09-23T08:45:08.4157602Z [Mutation Injected] Successfully injected KeyError into tests/test_app.py
2026-09-23T08:45:08.4209807Z ##[group]Run pytest tests/test_app.py -v
2026-09-23T08:45:08.4210062Z [36;1mpytest tests/test_app.py -v[0m
2026-09-23T08:45:08.4242363Z shell: /usr/bin/bash -e {0}
2026-09-23T08:45:08.4242542Z env:
2026-09-23T08:45:08.4242732Z   pythonLocation: /opt/hostedtoolcache/Python/3.11.16/x64
2026-09-23T08:45:08.4243014Z   PKG_CONFIG_PATH: /opt/hostedtoolcache/Python/3.11.16/x64/lib/pkgconfig
2026-09-23T08:45:08.4243314Z   Python_ROOT_DIR: /opt/hostedtoolcache/Python/3.11.16/x64
2026-09-23T08:45:08.4243568Z   Python2_ROOT_DIR: /opt/hostedtoolcache/Python/3.11.16/x64
2026-09-23T08:45:08.4243819Z   Python3_ROOT_DIR: /opt/hostedtoolcache/Python/3.11.16/x64
2026-09-23T08:45:08.4244077Z   LD_LIBRARY_PATH: /opt/hostedtoolcache/Python/3.11.16/x64/lib
2026-09-23T08:45:08.4244297Z ##[endgroup]
2026-09-23T08:45:08.5749146Z ============================= test session starts ==============================
2026-09-23T08:45:08.5749858Z platform linux -- Python 3.11.16, pytest-9.1.1, pluggy-1.6.0 -- /opt/hostedtoolcache/Python/3.11.16/x64/bin/python
2026-09-23T08:45:08.5750184Z cachedir: .pytest_cache
2026-09-23T08:45:08.5750415Z rootdir: /home/runner/work/log-generation/log-generation
2026-09-23T08:45:08.5750949Z configfile: pytest.ini
2026-09-23T08:45:08.5803760Z collecting ... collected 6 items
2026-09-23T08:45:08.5803944Z 
2026-09-23T08:45:08.5809422Z tests/test_app.py::test_calculate_division PASSED                        [ 16%]
2026-09-23T08:45:08.5813516Z tests/test_app.py::test_convert_to_int PASSED                            [ 33%]
2026-09-23T08:45:08.5817519Z tests/test_app.py::test_get_list_item PASSED                             [ 50%]
2026-09-23T08:45:08.5821038Z tests/test_app.py::test_get_dict_value PASSED                            [ 66%]
2026-09-23T08:45:08.5824599Z tests/test_app.py::test_assert_positive PASSED                           [ 83%]
2026-09-23T08:45:08.6061853Z tests/test_app.py::test_key_error FAILED                                 [100%]
2026-09-23T08:45:08.6062170Z 
2026-09-23T08:45:08.6062328Z =================================== FAILURES ===================================
2026-09-23T08:45:08.6062596Z ________________________________ test_key_error ________________________________
2026-09-23T08:45:08.6062744Z 
2026-09-23T08:45:08.6062816Z     def test_key_error():
2026-09-23T08:45:08.6062986Z         """Injected synthetic KeyError."""
2026-09-23T08:45:08.6063201Z         from src.app import get_dict_value
2026-09-23T08:45:08.6063391Z         config = {"env": "staging", "retries": 3}
2026-09-23T08:45:08.6063604Z >       get_dict_value(config, "missing_auth_token")
2026-09-23T08:45:08.6063732Z 
2026-09-23T08:45:08.6063798Z tests/test_app.py:138: 
2026-09-23T08:45:08.6063984Z _ _ _ _ _ _ _ _ _ _ _ _ _ _ _ _ _ _ _ _ _ _ _ _ _ _ _ _ _ _ _ _ _ _ _ _ _ _ _ _ 
2026-09-23T08:45:08.6064124Z 
2026-09-23T08:45:08.6064230Z d = {'env': 'staging', 'retries': 3}, key = 'missing_auth_token'
2026-09-23T08:45:08.6064367Z 
2026-09-23T08:45:08.6064439Z     def get_dict_value(d, key):
2026-09-23T08:45:08.6064589Z >       return d[key]
2026-09-23T08:45:08.6064720Z                ^^^^^^
2026-09-23T08:45:08.6064866Z E       KeyError: 'missing_auth_token'
2026-09-23T08:45:08.6064974Z 
2026-09-23T08:45:08.6065038Z src/app.py:11: KeyError
2026-09-23T08:45:08.6065225Z =========================== short test summary info ============================
2026-09-23T08:45:08.6065801Z FAILED tests/test_app.py::test_key_error - KeyError: 'missing_auth_token'
2026-09-23T08:45:08.6066092Z ========================= 1 failed, 5 passed in 0.02s ==========================
2026-09-23T08:45:08.6223728Z ##[error]Process completed with exit code 1.
2026-09-23T08:45:08.6312182Z Node 20 is being deprecated. This workflow is running with Node 24 by default. If you need to temporarily use Node 20, you can set the ACTIONS_ALLOW_USE_UNSECURE_NODE_VERSION=true environment variable. For more information see: https://github.blog/changelog/2025-09-19-deprecation-of-node-20-on-github-actions-runners/
2026-09-23T08:45:08.6312860Z Post job cleanup.
2026-09-23T08:45:08.6861737Z [command]/usr/bin/git version
2026-09-23T08:45:08.6895380Z git version 2.55.0
2026-09-23T08:45:08.6920634Z Temporarily overriding HOME='/home/runner/work/_temp/7d4b0089-6092-4e4a-8c10-56f7b3072d77' before making global git config changes
2026-09-23T08:45:08.6921434Z Adding repository directory to the temporary git global config as a safe directory
2026-09-23T08:45:08.6926752Z [command]/usr/bin/git config --global --add safe.directory /home/runner/work/log-generation/log-generation
2026-09-23T08:45:08.6958390Z [command]/usr/bin/git config --local --name-only --get-regexp core\.sshCommand
2026-09-23T08:45:08.7001936Z [command]/usr/bin/git submodule foreach --recursive sh -c "git config --local --name-only --get-regexp 'core\.sshCommand' && git config --local --unset-all 'core.sshCommand' || :"
2026-09-23T08:45:08.7201098Z [command]/usr/bin/git config --local --name-only --get-regexp http\.https\:\/\/github\.com\/\.extraheader
2026-09-23T08:45:08.7227591Z http.https://github.com/.extraheader
2026-09-23T08:45:08.7234925Z [command]/usr/bin/git config --local --unset-all http.https://github.com/.extraheader
2026-09-23T08:45:08.7264645Z [command]/usr/bin/git submodule foreach --recursive sh -c "git config --local --name-only --get-regexp 'http\.https\:\/\/github\.com\/\.extraheader' && git config --local --unset-all 'http.https://github.com/.extraheader' || :"
2026-09-23T08:45:08.7491440Z [command]/usr/bin/git config --local --name-only --get-regexp ^includeIf\.gitdir:
2026-09-23T08:45:08.7522995Z [command]/usr/bin/git submodule foreach --recursive git config --local --show-origin --name-only --get-regexp remote.origin.url
2026-09-23T08:45:08.7823128Z Cleaning up orphan processes
2026-09-23T08:45:08.8026423Z ##[warning]Node.js 20 is deprecated. The following actions target Node.js 20 but are being forced to run on Node.js 24: actions/checkout@v4, actions/setup-python@v5. For more information see: https://github.blog/changelog/2025-09-19-deprecation-of-node-20-on-github-actions-runners/
