ï»¿2026-09-23T08:45:41.0147329Z Current runner version: '2.337.0'
2026-09-23T08:45:41.0175190Z ##[group]Runner Image Provisioner
2026-09-23T08:45:41.0176279Z Hosted Compute Agent
2026-09-23T08:45:41.0177061Z Version: 20260828.587
2026-09-23T08:45:41.0177863Z Commit: abac92662cab4cc7352de4f9f9d2e2419aad9c29
2026-09-23T08:45:41.0178731Z Build Date: 2026-08-28T16:44:25Z
2026-09-23T08:45:41.0180192Z Worker ID: {9e9b2d63-c1e4-41ec-9c4a-205107d7c69d}
2026-09-23T08:45:41.0181084Z Azure Region: eastus
2026-09-23T08:45:41.0181853Z ##[endgroup]
2026-09-23T08:45:41.0183928Z ##[group]Operating System
2026-09-23T08:45:41.0184838Z Ubuntu
2026-09-23T08:45:41.0185688Z 24.04.5
2026-09-23T08:45:41.0186281Z LTS
2026-09-23T08:45:41.0187008Z ##[endgroup]
2026-09-23T08:45:41.0187685Z ##[group]Runner Image
2026-09-23T08:45:41.0188488Z Image: ubuntu-24.04
2026-09-23T08:45:41.0189248Z Version: 20260907.300.1
2026-09-23T08:45:41.0190890Z Included Software: https://github.com/actions/runner-images/blob/ubuntu24/20260907.300/images/ubuntu/Ubuntu2404-Readme.md
2026-09-23T08:45:41.0192809Z Image Release: https://github.com/actions/runner-images/releases/tag/ubuntu24%2F20260907.300
2026-09-23T08:45:41.0194111Z ##[endgroup]
2026-09-23T08:45:41.0195745Z ##[group]GITHUB_TOKEN Permissions
2026-09-23T08:45:41.0198147Z Contents: read
2026-09-23T08:45:41.0198868Z Metadata: read
2026-09-23T08:45:41.0199643Z Packages: read
2026-09-23T08:45:41.0200306Z ##[endgroup]
2026-09-23T08:45:41.0202847Z Secret source: Actions
2026-09-23T08:45:41.0203953Z Cache mode: write
2026-09-23T08:45:41.0205474Z Prepare workflow directory
2026-09-23T08:45:41.0575972Z Prepare all required actions
2026-09-23T08:45:41.0632805Z Getting action download info
2026-09-23T08:45:41.2236707Z Download action repository 'actions/checkout@v4' (SHA:11d5960a326750d5838078e36cf38b85af677262)
2026-09-23T08:45:41.3177947Z Download action repository 'actions/setup-python@v5' (SHA:a26af69be951a213d495a4c3e4e4022e16d87065)
2026-09-23T08:45:41.5070876Z Complete job name: test-f3 (TypeError #206)
2026-09-23T08:45:41.5730723Z Node 20 is being deprecated. This workflow is running with Node 24 by default. If you need to temporarily use Node 20, you can set the ACTIONS_ALLOW_USE_UNSECURE_NODE_VERSION=true environment variable. For more information see: https://github.blog/changelog/2025-09-19-deprecation-of-node-20-on-github-actions-runners/
2026-09-23T08:45:41.5737755Z ##[group]Run actions/checkout@v4
2026-09-23T08:45:41.5738302Z with:
2026-09-23T08:45:41.5738638Z   fetch-depth: 1
2026-09-23T08:45:41.5739015Z   repository: DhruvHegde/log-generation
2026-09-23T08:45:41.5742001Z   token: ***
2026-09-23T08:45:41.5742359Z   ssh-strict: true
2026-09-23T08:45:41.5742714Z   ssh-user: git
2026-09-23T08:45:41.5743069Z   persist-credentials: true
2026-09-23T08:45:41.5743456Z   clean: true
2026-09-23T08:45:41.5743807Z   sparse-checkout-cone-mode: true
2026-09-23T08:45:41.5744216Z   fetch-tags: false
2026-09-23T08:45:41.5744706Z   show-progress: true
2026-09-23T08:45:41.5745058Z   lfs: false
2026-09-23T08:45:41.5745425Z   submodules: false
2026-09-23T08:45:41.5745789Z   set-safe-directory: true
2026-09-23T08:45:41.5746192Z   allow-unsafe-pr-checkout: false
2026-09-23T08:45:41.5746750Z ##[endgroup]
2026-09-23T08:45:41.6563398Z Syncing repository: DhruvHegde/log-generation
2026-09-23T08:45:41.6565744Z ##[group]Getting Git version info
2026-09-23T08:45:41.6566676Z Working directory is '/home/runner/work/log-generation/log-generation'
2026-09-23T08:45:41.6567976Z [command]/usr/bin/git version
2026-09-23T08:45:41.6922113Z git version 2.55.0
2026-09-23T08:45:41.6938571Z ##[endgroup]
2026-09-23T08:45:41.6952675Z Temporarily overriding HOME='/home/runner/work/_temp/9b81d216-cd06-412d-b4e4-584ee1db7a7a' before making global git config changes
2026-09-23T08:45:41.6955000Z Adding repository directory to the temporary git global config as a safe directory
2026-09-23T08:45:41.6957793Z [command]/usr/bin/git config --global --add safe.directory /home/runner/work/log-generation/log-generation
2026-09-23T08:45:41.7002135Z Deleting the contents of '/home/runner/work/log-generation/log-generation'
2026-09-23T08:45:41.7010551Z ##[group]Initializing the repository
2026-09-23T08:45:41.7019528Z [command]/usr/bin/git init /home/runner/work/log-generation/log-generation
2026-09-23T08:45:41.7088503Z hint: Using 'master' as the name for the initial branch. This default branch name
2026-09-23T08:45:41.7089751Z hint: will change to "main" in Git 3.0. To configure the initial branch name
2026-09-23T08:45:41.7090813Z hint: to use in all of your new repositories, which will suppress this warning,
2026-09-23T08:45:41.7091400Z hint: call:
2026-09-23T08:45:41.7091722Z hint:
2026-09-23T08:45:41.7092145Z hint: 	git config --global init.defaultBranch <name>
2026-09-23T08:45:41.7092638Z hint:
2026-09-23T08:45:41.7093139Z hint: Names commonly chosen instead of 'master' are 'main', 'trunk' and
2026-09-23T08:45:41.7093866Z hint: 'development'. The just-created branch can be renamed via this command:
2026-09-23T08:45:41.7094660Z hint:
2026-09-23T08:45:41.7095051Z hint: 	git branch -m <name>
2026-09-23T08:45:41.7095443Z hint:
2026-09-23T08:45:41.7095928Z hint: Disable this message with "git config set advice.defaultBranchName false"
2026-09-23T08:45:41.7101102Z Initialized empty Git repository in /home/runner/work/log-generation/log-generation/.git/
2026-09-23T08:45:41.7110220Z [command]/usr/bin/git remote add origin https://github.com/DhruvHegde/log-generation
2026-09-23T08:45:41.7152487Z ##[endgroup]
2026-09-23T08:45:41.7153372Z ##[group]Disabling automatic garbage collection
2026-09-23T08:45:41.7155910Z [command]/usr/bin/git config --local gc.auto 0
2026-09-23T08:45:41.7186556Z ##[endgroup]
2026-09-23T08:45:41.7187405Z ##[group]Setting up auth
2026-09-23T08:45:41.7193735Z [command]/usr/bin/git config --local --name-only --get-regexp core\.sshCommand
2026-09-23T08:45:41.7224549Z [command]/usr/bin/git submodule foreach --recursive sh -c "git config --local --name-only --get-regexp 'core\.sshCommand' && git config --local --unset-all 'core.sshCommand' || :"
2026-09-23T08:45:41.7502102Z [command]/usr/bin/git config --local --name-only --get-regexp http\.https\:\/\/github\.com\/\.extraheader
2026-09-23T08:45:41.7533890Z [command]/usr/bin/git submodule foreach --recursive sh -c "git config --local --name-only --get-regexp 'http\.https\:\/\/github\.com\/\.extraheader' && git config --local --unset-all 'http.https://github.com/.extraheader' || :"
2026-09-23T08:45:41.7724757Z [command]/usr/bin/git config --local --name-only --get-regexp ^includeIf\.gitdir:
2026-09-23T08:45:41.7756266Z [command]/usr/bin/git submodule foreach --recursive git config --local --show-origin --name-only --get-regexp remote.origin.url
2026-09-23T08:45:41.7945962Z [command]/usr/bin/git config --local http.https://github.com/.extraheader AUTHORIZATION: basic ***
2026-09-23T08:45:41.7977990Z ##[endgroup]
2026-09-23T08:45:41.7985548Z ##[group]Fetching the repository
2026-09-23T08:45:41.7986976Z [command]/usr/bin/git -c protocol.version=2 fetch --no-tags --prune --no-recurse-submodules --depth=1 origin +dfcb6f158e4bd8054252a4da5d0a9edc2ab15d57:refs/remotes/origin/feature/f3-test-failures
2026-09-23T08:45:42.0146388Z From https://github.com/DhruvHegde/log-generation
2026-09-23T08:45:42.0148253Z  * [new ref]         dfcb6f158e4bd8054252a4da5d0a9edc2ab15d57 -> origin/feature/f3-test-failures
2026-09-23T08:45:42.0151832Z ##[endgroup]
2026-09-23T08:45:42.0153210Z ##[group]Determining the checkout info
2026-09-23T08:45:42.0155093Z ##[endgroup]
2026-09-23T08:45:42.0161045Z [command]/usr/bin/git sparse-checkout disable
2026-09-23T08:45:42.0204850Z [command]/usr/bin/git config --local --unset-all extensions.worktreeConfig
2026-09-23T08:45:42.0232656Z ##[group]Checking out the ref
2026-09-23T08:45:42.0237032Z [command]/usr/bin/git checkout --progress --force -B feature/f3-test-failures refs/remotes/origin/feature/f3-test-failures
2026-09-23T08:45:42.0300305Z Switched to a new branch 'feature/f3-test-failures'
2026-09-23T08:45:42.0304801Z branch 'feature/f3-test-failures' set up to track 'origin/feature/f3-test-failures'.
2026-09-23T08:45:42.0309854Z ##[endgroup]
2026-09-23T08:45:42.0393564Z [command]/usr/bin/git log -1 --format=%H
2026-09-23T08:45:42.0418292Z dfcb6f158e4bd8054252a4da5d0a9edc2ab15d57
2026-09-23T08:45:42.0675442Z Node 20 is being deprecated. This workflow is running with Node 24 by default. If you need to temporarily use Node 20, you can set the ACTIONS_ALLOW_USE_UNSECURE_NODE_VERSION=true environment variable. For more information see: https://github.blog/changelog/2025-09-19-deprecation-of-node-20-on-github-actions-runners/
2026-09-23T08:45:42.0677932Z ##[group]Run actions/setup-python@v5
2026-09-23T08:45:42.0678393Z with:
2026-09-23T08:45:42.0678756Z   python-version: 3.11
2026-09-23T08:45:42.0679155Z   check-latest: false
2026-09-23T08:45:42.0682372Z   token: ***
2026-09-23T08:45:42.0682759Z   update-environment: true
2026-09-23T08:45:42.0683200Z   allow-prereleases: false
2026-09-23T08:45:42.0683620Z   freethreaded: false
2026-09-23T08:45:42.0684009Z ##[endgroup]
2026-09-23T08:45:42.1816621Z ##[group]Installed versions
2026-09-23T08:45:42.1893349Z (node:2013) [DEP0040] DeprecationWarning: The `punycode` module is deprecated. Please use a userland alternative instead.
2026-09-23T08:45:42.1895418Z (Use `node --trace-deprecation ...` to show where the warning was created)
2026-09-23T08:45:42.1896533Z Successfully set up CPython (3.11.16)
2026-09-23T08:45:42.1897758Z ##[endgroup]
2026-09-23T08:45:42.2137953Z ##[group]Run pip install --no-cache-dir pytest
2026-09-23T08:45:42.2138701Z [36;1mpip install --no-cache-dir pytest[0m
2026-09-23T08:45:42.2202163Z shell: /usr/bin/bash -e {0}
2026-09-23T08:45:42.2203100Z env:
2026-09-23T08:45:42.2203897Z   pythonLocation: /opt/hostedtoolcache/Python/3.11.16/x64
2026-09-23T08:45:42.2205202Z   PKG_CONFIG_PATH: /opt/hostedtoolcache/Python/3.11.16/x64/lib/pkgconfig
2026-09-23T08:45:42.2206334Z   Python_ROOT_DIR: /opt/hostedtoolcache/Python/3.11.16/x64
2026-09-23T08:45:42.2207206Z   Python2_ROOT_DIR: /opt/hostedtoolcache/Python/3.11.16/x64
2026-09-23T08:45:42.2207879Z   Python3_ROOT_DIR: /opt/hostedtoolcache/Python/3.11.16/x64
2026-09-23T08:45:42.2208631Z   LD_LIBRARY_PATH: /opt/hostedtoolcache/Python/3.11.16/x64/lib
2026-09-23T08:45:42.2209174Z ##[endgroup]
2026-09-23T08:45:43.1028310Z Collecting pytest
2026-09-23T08:45:43.1429286Z   Downloading pytest-9.1.1-py3-none-any.whl.metadata (7.6 kB)
2026-09-23T08:45:43.1500472Z Collecting iniconfig>=1.0.1 (from pytest)
2026-09-23T08:45:43.1533120Z   Downloading iniconfig-2.3.0-py3-none-any.whl.metadata (2.5 kB)
2026-09-23T08:45:43.1615297Z Collecting packaging>=22 (from pytest)
2026-09-23T08:45:43.1647489Z   Downloading packaging-26.3-py3-none-any.whl.metadata (3.5 kB)
2026-09-23T08:45:43.1722719Z Collecting pluggy<2,>=1.5 (from pytest)
2026-09-23T08:45:43.1753815Z   Downloading pluggy-1.6.0-py3-none-any.whl.metadata (4.8 kB)
2026-09-23T08:45:43.1863035Z Collecting pygments>=2.7.2 (from pytest)
2026-09-23T08:45:43.1893514Z   Downloading pygments-2.21.0-py3-none-any.whl.metadata (2.5 kB)
2026-09-23T08:45:43.1943367Z Downloading pytest-9.1.1-py3-none-any.whl (386 kB)
2026-09-23T08:45:43.2070672Z Downloading pluggy-1.6.0-py3-none-any.whl (20 kB)
2026-09-23T08:45:43.2103438Z Downloading iniconfig-2.3.0-py3-none-any.whl (7.5 kB)
2026-09-23T08:45:43.2134896Z Downloading packaging-26.3-py3-none-any.whl (129 kB)
2026-09-23T08:45:43.2171594Z Downloading pygments-2.21.0-py3-none-any.whl (1.3 MB)
2026-09-23T08:45:43.2304752Z    ââââââââââââââââââââââââââââââââââââââââ 1.3/1.3 MB 107.2 MB/s  0:00:00
2026-09-23T08:45:43.3079478Z Installing collected packages: pygments, pluggy, packaging, iniconfig, pytest
2026-09-23T08:45:44.1477422Z 
2026-09-23T08:45:44.1485436Z Successfully installed iniconfig-2.3.0 packaging-26.3 pluggy-1.6.0 pygments-2.21.0 pytest-9.1.1
2026-09-23T08:45:44.2168362Z ##[group]Run python automation/inject_mutation.py --error-type "TypeError"
2026-09-23T08:45:44.2168830Z [36;1mpython automation/inject_mutation.py --error-type "TypeError"[0m
2026-09-23T08:45:44.2203160Z shell: /usr/bin/bash -e {0}
2026-09-23T08:45:44.2203371Z env:
2026-09-23T08:45:44.2203598Z   pythonLocation: /opt/hostedtoolcache/Python/3.11.16/x64
2026-09-23T08:45:44.2204097Z   PKG_CONFIG_PATH: /opt/hostedtoolcache/Python/3.11.16/x64/lib/pkgconfig
2026-09-23T08:45:44.2204523Z   Python_ROOT_DIR: /opt/hostedtoolcache/Python/3.11.16/x64
2026-09-23T08:45:44.2204819Z   Python2_ROOT_DIR: /opt/hostedtoolcache/Python/3.11.16/x64
2026-09-23T08:45:44.2205133Z   Python3_ROOT_DIR: /opt/hostedtoolcache/Python/3.11.16/x64
2026-09-23T08:45:44.2205427Z   LD_LIBRARY_PATH: /opt/hostedtoolcache/Python/3.11.16/x64/lib
2026-09-23T08:45:44.2205712Z ##[endgroup]
2026-09-23T08:45:44.2452990Z [Mutation Injected] Successfully injected TypeError into tests/test_app.py
2026-09-23T08:45:44.2509435Z ##[group]Run pytest tests/test_app.py -v
2026-09-23T08:45:44.2509732Z [36;1mpytest tests/test_app.py -v[0m
2026-09-23T08:45:44.2541601Z shell: /usr/bin/bash -e {0}
2026-09-23T08:45:44.2541812Z env:
2026-09-23T08:45:44.2542032Z   pythonLocation: /opt/hostedtoolcache/Python/3.11.16/x64
2026-09-23T08:45:44.2542375Z   PKG_CONFIG_PATH: /opt/hostedtoolcache/Python/3.11.16/x64/lib/pkgconfig
2026-09-23T08:45:44.2542726Z   Python_ROOT_DIR: /opt/hostedtoolcache/Python/3.11.16/x64
2026-09-23T08:45:44.2543022Z   Python2_ROOT_DIR: /opt/hostedtoolcache/Python/3.11.16/x64
2026-09-23T08:45:44.2543340Z   Python3_ROOT_DIR: /opt/hostedtoolcache/Python/3.11.16/x64
2026-09-23T08:45:44.2543667Z   LD_LIBRARY_PATH: /opt/hostedtoolcache/Python/3.11.16/x64/lib
2026-09-23T08:45:44.2543928Z ##[endgroup]
2026-09-23T08:45:44.9374248Z ============================= test session starts ==============================
2026-09-23T08:45:44.9375957Z platform linux -- Python 3.11.16, pytest-9.1.1, pluggy-1.6.0 -- /opt/hostedtoolcache/Python/3.11.16/x64/bin/python
2026-09-23T08:45:44.9376585Z cachedir: .pytest_cache
2026-09-23T08:45:44.9376968Z rootdir: /home/runner/work/log-generation/log-generation
2026-09-23T08:45:44.9377378Z configfile: pytest.ini
2026-09-23T08:45:44.9439287Z collecting ... collected 6 items
2026-09-23T08:45:44.9439674Z 
2026-09-23T08:45:44.9446527Z tests/test_app.py::test_calculate_division PASSED                        [ 16%]
2026-09-23T08:45:44.9452358Z tests/test_app.py::test_convert_to_int PASSED                            [ 33%]
2026-09-23T08:45:44.9458528Z tests/test_app.py::test_get_list_item PASSED                             [ 50%]
2026-09-23T08:45:44.9463852Z tests/test_app.py::test_get_dict_value PASSED                            [ 66%]
2026-09-23T08:45:44.9469236Z tests/test_app.py::test_assert_positive PASSED                           [ 83%]
2026-09-23T08:45:44.9702545Z tests/test_app.py::test_type_error FAILED                                [100%]
2026-09-23T08:45:44.9703067Z 
2026-09-23T08:45:44.9703269Z =================================== FAILURES ===================================
2026-09-23T08:45:44.9703767Z _______________________________ test_type_error ________________________________
2026-09-23T08:45:44.9704099Z 
2026-09-23T08:45:44.9704227Z     def test_type_error():
2026-09-23T08:45:44.9704690Z         """Injected synthetic TypeError."""
2026-09-23T08:45:44.9705109Z         from src.app import calculate_division
2026-09-23T08:45:44.9705517Z >       calculate_division("invalid_string", 5)
2026-09-23T08:45:44.9705801Z 
2026-09-23T08:45:44.9705930Z tests/test_app.py:137: 
2026-09-23T08:45:44.9706294Z _ _ _ _ _ _ _ _ _ _ _ _ _ _ _ _ _ _ _ _ _ _ _ _ _ _ _ _ _ _ _ _ _ _ _ _ _ _ _ _ 
2026-09-23T08:45:44.9706620Z 
2026-09-23T08:45:44.9706747Z a = 'invalid_string', b = 5
2026-09-23T08:45:44.9706947Z 
2026-09-23T08:45:44.9707083Z     def calculate_division(a, b):
2026-09-23T08:45:44.9707401Z >       return a / b
2026-09-23T08:45:44.9707656Z                ^^^^^
2026-09-23T08:45:44.9708035Z E       TypeError: unsupported operand type(s) for /: 'str' and 'int'
2026-09-23T08:45:44.9708391Z 
2026-09-23T08:45:44.9708509Z src/app.py:2: TypeError
2026-09-23T08:45:44.9708881Z =========================== short test summary info ============================
2026-09-23T08:45:44.9709651Z FAILED tests/test_app.py::test_type_error - TypeError: unsupported operand type(s) for /: 'str' and 'int'
2026-09-23T08:45:44.9710669Z ========================= 1 failed, 5 passed in 0.02s ==========================
2026-09-23T08:45:44.9872468Z ##[error]Process completed with exit code 1.
2026-09-23T08:45:44.9986783Z Node 20 is being deprecated. This workflow is running with Node 24 by default. If you need to temporarily use Node 20, you can set the ACTIONS_ALLOW_USE_UNSECURE_NODE_VERSION=true environment variable. For more information see: https://github.blog/changelog/2025-09-19-deprecation-of-node-20-on-github-actions-runners/
2026-09-23T08:45:44.9987680Z Post job cleanup.
2026-09-23T08:45:45.0643862Z [command]/usr/bin/git version
2026-09-23T08:45:45.0679385Z git version 2.55.0
2026-09-23T08:45:45.0711899Z Temporarily overriding HOME='/home/runner/work/_temp/1c26cb94-6299-469d-8f17-c697350320f4' before making global git config changes
2026-09-23T08:45:45.0712886Z Adding repository directory to the temporary git global config as a safe directory
2026-09-23T08:45:45.0716931Z [command]/usr/bin/git config --global --add safe.directory /home/runner/work/log-generation/log-generation
2026-09-23T08:45:45.0749999Z [command]/usr/bin/git config --local --name-only --get-regexp core\.sshCommand
2026-09-23T08:45:45.0779384Z [command]/usr/bin/git submodule foreach --recursive sh -c "git config --local --name-only --get-regexp 'core\.sshCommand' && git config --local --unset-all 'core.sshCommand' || :"
2026-09-23T08:45:45.0995175Z [command]/usr/bin/git config --local --name-only --get-regexp http\.https\:\/\/github\.com\/\.extraheader
2026-09-23T08:45:45.1018654Z http.https://github.com/.extraheader
2026-09-23T08:45:45.1028023Z [command]/usr/bin/git config --local --unset-all http.https://github.com/.extraheader
2026-09-23T08:45:45.1057777Z [command]/usr/bin/git submodule foreach --recursive sh -c "git config --local --name-only --get-regexp 'http\.https\:\/\/github\.com\/\.extraheader' && git config --local --unset-all 'http.https://github.com/.extraheader' || :"
2026-09-23T08:45:45.1280815Z [command]/usr/bin/git config --local --name-only --get-regexp ^includeIf\.gitdir:
2026-09-23T08:45:45.1316356Z [command]/usr/bin/git submodule foreach --recursive git config --local --show-origin --name-only --get-regexp remote.origin.url
2026-09-23T08:45:45.1638982Z Cleaning up orphan processes
2026-09-23T08:45:45.1908904Z ##[warning]Node.js 20 is deprecated. The following actions target Node.js 20 but are being forced to run on Node.js 24: actions/checkout@v4, actions/setup-python@v5. For more information see: https://github.blog/changelog/2025-09-19-deprecation-of-node-20-on-github-actions-runners/
