ï»¿2026-09-23T08:43:41.3044675Z Current runner version: '2.337.0'
2026-09-23T08:43:41.3070353Z ##[group]Runner Image Provisioner
2026-09-23T08:43:41.3071258Z Hosted Compute Agent
2026-09-23T08:43:41.3071913Z Version: 20260828.587
2026-09-23T08:43:41.3072655Z Commit: abac92662cab4cc7352de4f9f9d2e2419aad9c29
2026-09-23T08:43:41.3073670Z Build Date: 2026-08-28T16:44:25Z
2026-09-23T08:43:41.3074407Z Worker ID: {9747c9c8-6700-4e38-978c-0fea3ac7464a}
2026-09-23T08:43:41.3075176Z Azure Region: westcentralus
2026-09-23T08:43:41.3075854Z ##[endgroup]
2026-09-23T08:43:41.3077629Z ##[group]Operating System
2026-09-23T08:43:41.3078292Z Ubuntu
2026-09-23T08:43:41.3078827Z 24.04.5
2026-09-23T08:43:41.3079455Z LTS
2026-09-23T08:43:41.3080041Z ##[endgroup]
2026-09-23T08:43:41.3080984Z ##[group]Runner Image
2026-09-23T08:43:41.3081673Z Image: ubuntu-24.04
2026-09-23T08:43:41.3082250Z Version: 20260907.300.1
2026-09-23T08:43:41.3083992Z Included Software: https://github.com/actions/runner-images/blob/ubuntu24/20260907.300/images/ubuntu/Ubuntu2404-Readme.md
2026-09-23T08:43:41.3085661Z Image Release: https://github.com/actions/runner-images/releases/tag/ubuntu24%2F20260907.300
2026-09-23T08:43:41.3086658Z ##[endgroup]
2026-09-23T08:43:41.3087909Z ##[group]GITHUB_TOKEN Permissions
2026-09-23T08:43:41.3090221Z Contents: read
2026-09-23T08:43:41.3090832Z Metadata: read
2026-09-23T08:43:41.3091526Z Packages: read
2026-09-23T08:43:41.3092117Z ##[endgroup]
2026-09-23T08:43:41.3094449Z Secret source: Actions
2026-09-23T08:43:41.3095501Z Cache mode: write
2026-09-23T08:43:41.3096593Z Prepare workflow directory
2026-09-23T08:43:41.3472406Z Prepare all required actions
2026-09-23T08:43:41.3519362Z Getting action download info
2026-09-23T08:43:41.6646482Z Download action repository 'actions/checkout@v4' (SHA:11d5960a326750d5838078e36cf38b85af677262)
2026-09-23T08:43:41.7465253Z Download action repository 'actions/setup-python@v5' (SHA:a26af69be951a213d495a4c3e4e4022e16d87065)
2026-09-23T08:43:41.9315017Z Complete job name: test-f3 (TypeError #18)
2026-09-23T08:43:42.0063816Z Node 20 is being deprecated. This workflow is running with Node 24 by default. If you need to temporarily use Node 20, you can set the ACTIONS_ALLOW_USE_UNSECURE_NODE_VERSION=true environment variable. For more information see: https://github.blog/changelog/2025-09-19-deprecation-of-node-20-on-github-actions-runners/
2026-09-23T08:43:42.0072566Z ##[group]Run actions/checkout@v4
2026-09-23T08:43:42.0073430Z with:
2026-09-23T08:43:42.0073866Z   fetch-depth: 1
2026-09-23T08:43:42.0074342Z   repository: DhruvHegde/log-generation
2026-09-23T08:43:42.0078394Z   token: ***
2026-09-23T08:43:42.0078832Z   ssh-strict: true
2026-09-23T08:43:42.0079294Z   ssh-user: git
2026-09-23T08:43:42.0079749Z   persist-credentials: true
2026-09-23T08:43:42.0080233Z   clean: true
2026-09-23T08:43:42.0080687Z   sparse-checkout-cone-mode: true
2026-09-23T08:43:42.0081216Z   fetch-tags: false
2026-09-23T08:43:42.0081677Z   show-progress: true
2026-09-23T08:43:42.0082122Z   lfs: false
2026-09-23T08:43:42.0082607Z   submodules: false
2026-09-23T08:43:42.0083258Z   set-safe-directory: true
2026-09-23T08:43:42.0083773Z   allow-unsafe-pr-checkout: false
2026-09-23T08:43:42.0084560Z ##[endgroup]
2026-09-23T08:43:42.1131531Z Syncing repository: DhruvHegde/log-generation
2026-09-23T08:43:42.1134730Z ##[group]Getting Git version info
2026-09-23T08:43:42.1135988Z Working directory is '/home/runner/work/log-generation/log-generation'
2026-09-23T08:43:42.1137711Z [command]/usr/bin/git version
2026-09-23T08:43:42.1194489Z git version 2.55.0
2026-09-23T08:43:42.1214665Z ##[endgroup]
2026-09-23T08:43:42.1230423Z Temporarily overriding HOME='/home/runner/work/_temp/da519223-14fe-4f03-818b-30299739d72e' before making global git config changes
2026-09-23T08:43:42.1232839Z Adding repository directory to the temporary git global config as a safe directory
2026-09-23T08:43:42.1235813Z [command]/usr/bin/git config --global --add safe.directory /home/runner/work/log-generation/log-generation
2026-09-23T08:43:42.1284919Z Deleting the contents of '/home/runner/work/log-generation/log-generation'
2026-09-23T08:43:42.1289048Z ##[group]Initializing the repository
2026-09-23T08:43:42.1294054Z [command]/usr/bin/git init /home/runner/work/log-generation/log-generation
2026-09-23T08:43:42.1374093Z hint: Using 'master' as the name for the initial branch. This default branch name
2026-09-23T08:43:42.1375765Z hint: will change to "main" in Git 3.0. To configure the initial branch name
2026-09-23T08:43:42.1376792Z hint: to use in all of your new repositories, which will suppress this warning,
2026-09-23T08:43:42.1377605Z hint: call:
2026-09-23T08:43:42.1378075Z hint:
2026-09-23T08:43:42.1378664Z hint: 	git config --global init.defaultBranch <name>
2026-09-23T08:43:42.1379354Z hint:
2026-09-23T08:43:42.1379995Z hint: Names commonly chosen instead of 'master' are 'main', 'trunk' and
2026-09-23T08:43:42.1380976Z hint: 'development'. The just-created branch can be renamed via this command:
2026-09-23T08:43:42.1381764Z hint:
2026-09-23T08:43:42.1382265Z hint: 	git branch -m <name>
2026-09-23T08:43:42.1382813Z hint:
2026-09-23T08:43:42.1383953Z hint: Disable this message with "git config set advice.defaultBranchName false"
2026-09-23T08:43:42.1390047Z Initialized empty Git repository in /home/runner/work/log-generation/log-generation/.git/
2026-09-23T08:43:42.1408811Z [command]/usr/bin/git remote add origin https://github.com/DhruvHegde/log-generation
2026-09-23T08:43:42.1447927Z ##[endgroup]
2026-09-23T08:43:42.1449129Z ##[group]Disabling automatic garbage collection
2026-09-23T08:43:42.1453497Z [command]/usr/bin/git config --local gc.auto 0
2026-09-23T08:43:42.1486868Z ##[endgroup]
2026-09-23T08:43:42.1488240Z ##[group]Setting up auth
2026-09-23T08:43:42.1494679Z [command]/usr/bin/git config --local --name-only --get-regexp core\.sshCommand
2026-09-23T08:43:42.1531240Z [command]/usr/bin/git submodule foreach --recursive sh -c "git config --local --name-only --get-regexp 'core\.sshCommand' && git config --local --unset-all 'core.sshCommand' || :"
2026-09-23T08:43:42.1882536Z [command]/usr/bin/git config --local --name-only --get-regexp http\.https\:\/\/github\.com\/\.extraheader
2026-09-23T08:43:42.1924129Z [command]/usr/bin/git submodule foreach --recursive sh -c "git config --local --name-only --get-regexp 'http\.https\:\/\/github\.com\/\.extraheader' && git config --local --unset-all 'http.https://github.com/.extraheader' || :"
2026-09-23T08:43:42.2177169Z [command]/usr/bin/git config --local --name-only --get-regexp ^includeIf\.gitdir:
2026-09-23T08:43:42.2216139Z [command]/usr/bin/git submodule foreach --recursive git config --local --show-origin --name-only --get-regexp remote.origin.url
2026-09-23T08:43:42.2459523Z [command]/usr/bin/git config --local http.https://github.com/.extraheader AUTHORIZATION: basic ***
2026-09-23T08:43:42.2500409Z ##[endgroup]
2026-09-23T08:43:42.2501440Z ##[group]Fetching the repository
2026-09-23T08:43:42.2510603Z [command]/usr/bin/git -c protocol.version=2 fetch --no-tags --prune --no-recurse-submodules --depth=1 origin +dfcb6f158e4bd8054252a4da5d0a9edc2ab15d57:refs/remotes/origin/feature/f3-test-failures
2026-09-23T08:43:42.7229518Z From https://github.com/DhruvHegde/log-generation
2026-09-23T08:43:42.7231317Z  * [new ref]         dfcb6f158e4bd8054252a4da5d0a9edc2ab15d57 -> origin/feature/f3-test-failures
2026-09-23T08:43:42.7235492Z ##[endgroup]
2026-09-23T08:43:42.7236858Z ##[group]Determining the checkout info
2026-09-23T08:43:42.7238314Z ##[endgroup]
2026-09-23T08:43:42.7244819Z [command]/usr/bin/git sparse-checkout disable
2026-09-23T08:43:42.7297877Z [command]/usr/bin/git config --local --unset-all extensions.worktreeConfig
2026-09-23T08:43:42.7331926Z ##[group]Checking out the ref
2026-09-23T08:43:42.7337588Z [command]/usr/bin/git checkout --progress --force -B feature/f3-test-failures refs/remotes/origin/feature/f3-test-failures
2026-09-23T08:43:42.7413994Z Switched to a new branch 'feature/f3-test-failures'
2026-09-23T08:43:42.7419070Z branch 'feature/f3-test-failures' set up to track 'origin/feature/f3-test-failures'.
2026-09-23T08:43:42.7424926Z ##[endgroup]
2026-09-23T08:43:42.7468205Z [command]/usr/bin/git log -1 --format=%H
2026-09-23T08:43:42.7496933Z dfcb6f158e4bd8054252a4da5d0a9edc2ab15d57
2026-09-23T08:43:42.7783309Z Node 20 is being deprecated. This workflow is running with Node 24 by default. If you need to temporarily use Node 20, you can set the ACTIONS_ALLOW_USE_UNSECURE_NODE_VERSION=true environment variable. For more information see: https://github.blog/changelog/2025-09-19-deprecation-of-node-20-on-github-actions-runners/
2026-09-23T08:43:42.7786168Z ##[group]Run actions/setup-python@v5
2026-09-23T08:43:42.7786764Z with:
2026-09-23T08:43:42.7787243Z   python-version: 3.11
2026-09-23T08:43:42.7787765Z   check-latest: false
2026-09-23T08:43:42.7792035Z   token: ***
2026-09-23T08:43:42.7792517Z   update-environment: true
2026-09-23T08:43:42.7793074Z   allow-prereleases: false
2026-09-23T08:43:42.7793800Z   freethreaded: false
2026-09-23T08:43:42.7794294Z ##[endgroup]
2026-09-23T08:43:42.9141146Z ##[group]Installed versions
2026-09-23T08:43:42.9220861Z (node:2308) [DEP0040] DeprecationWarning: The `punycode` module is deprecated. Please use a userland alternative instead.
2026-09-23T08:43:42.9223638Z (Use `node --trace-deprecation ...` to show where the warning was created)
2026-09-23T08:43:42.9224565Z Successfully set up CPython (3.11.16)
2026-09-23T08:43:42.9225558Z ##[endgroup]
2026-09-23T08:43:42.9432555Z ##[group]Run pip install --no-cache-dir pytest
2026-09-23T08:43:42.9433624Z [36;1mpip install --no-cache-dir pytest[0m
2026-09-23T08:43:42.9494481Z shell: /usr/bin/bash -e {0}
2026-09-23T08:43:42.9495180Z env:
2026-09-23T08:43:42.9495843Z   pythonLocation: /opt/hostedtoolcache/Python/3.11.16/x64
2026-09-23T08:43:42.9596379Z   PKG_CONFIG_PATH: /opt/hostedtoolcache/Python/3.11.16/x64/lib/pkgconfig
2026-09-23T08:43:42.9597854Z   Python_ROOT_DIR: /opt/hostedtoolcache/Python/3.11.16/x64
2026-09-23T08:43:42.9598783Z   Python2_ROOT_DIR: /opt/hostedtoolcache/Python/3.11.16/x64
2026-09-23T08:43:42.9599592Z   Python3_ROOT_DIR: /opt/hostedtoolcache/Python/3.11.16/x64
2026-09-23T08:43:42.9600454Z   LD_LIBRARY_PATH: /opt/hostedtoolcache/Python/3.11.16/x64/lib
2026-09-23T08:43:42.9601152Z ##[endgroup]
2026-09-23T08:43:43.7782580Z Collecting pytest
2026-09-23T08:43:43.8722442Z   Downloading pytest-9.1.1-py3-none-any.whl.metadata (7.6 kB)
2026-09-23T08:43:43.8961483Z Collecting iniconfig>=1.0.1 (from pytest)
2026-09-23T08:43:43.9152147Z   Downloading iniconfig-2.3.0-py3-none-any.whl.metadata (2.5 kB)
2026-09-23T08:43:43.9408369Z Collecting packaging>=22 (from pytest)
2026-09-23T08:43:43.9598769Z   Downloading packaging-26.3-py3-none-any.whl.metadata (3.5 kB)
2026-09-23T08:43:43.9844556Z Collecting pluggy<2,>=1.5 (from pytest)
2026-09-23T08:43:44.0037123Z   Downloading pluggy-1.6.0-py3-none-any.whl.metadata (4.8 kB)
2026-09-23T08:43:44.0340396Z Collecting pygments>=2.7.2 (from pytest)
2026-09-23T08:43:44.0531139Z   Downloading pygments-2.21.0-py3-none-any.whl.metadata (2.5 kB)
2026-09-23T08:43:44.0745682Z Downloading pytest-9.1.1-py3-none-any.whl (386 kB)
2026-09-23T08:43:44.1562101Z Downloading pluggy-1.6.0-py3-none-any.whl (20 kB)
2026-09-23T08:43:44.1752389Z Downloading iniconfig-2.3.0-py3-none-any.whl (7.5 kB)
2026-09-23T08:43:44.1940456Z Downloading packaging-26.3-py3-none-any.whl (129 kB)
2026-09-23T08:43:44.2151980Z Downloading pygments-2.21.0-py3-none-any.whl (1.3 MB)
2026-09-23T08:43:44.2712605Z    ââââââââââââââââââââââââââââââââââââââââ 1.3/1.3 MB 20.9 MB/s  0:00:00
2026-09-23T08:43:44.3308316Z Installing collected packages: pygments, pluggy, packaging, iniconfig, pytest
2026-09-23T08:43:45.3200310Z 
2026-09-23T08:43:45.3211973Z Successfully installed iniconfig-2.3.0 packaging-26.3 pluggy-1.6.0 pygments-2.21.0 pytest-9.1.1
2026-09-23T08:43:45.3757930Z ##[group]Run python automation/inject_mutation.py --error-type "TypeError"
2026-09-23T08:43:45.3758552Z [36;1mpython automation/inject_mutation.py --error-type "TypeError"[0m
2026-09-23T08:43:45.3801826Z shell: /usr/bin/bash -e {0}
2026-09-23T08:43:45.3802123Z env:
2026-09-23T08:43:45.3802418Z   pythonLocation: /opt/hostedtoolcache/Python/3.11.16/x64
2026-09-23T08:43:45.3803341Z   PKG_CONFIG_PATH: /opt/hostedtoolcache/Python/3.11.16/x64/lib/pkgconfig
2026-09-23T08:43:45.3803867Z   Python_ROOT_DIR: /opt/hostedtoolcache/Python/3.11.16/x64
2026-09-23T08:43:45.3804275Z   Python2_ROOT_DIR: /opt/hostedtoolcache/Python/3.11.16/x64
2026-09-23T08:43:45.3804683Z   Python3_ROOT_DIR: /opt/hostedtoolcache/Python/3.11.16/x64
2026-09-23T08:43:45.3805066Z   LD_LIBRARY_PATH: /opt/hostedtoolcache/Python/3.11.16/x64/lib
2026-09-23T08:43:45.3805400Z ##[endgroup]
2026-09-23T08:43:45.4129347Z [Mutation Injected] Successfully injected TypeError into tests/test_app.py
2026-09-23T08:43:45.4202084Z ##[group]Run pytest tests/test_app.py -v
2026-09-23T08:43:45.4202481Z [36;1mpytest tests/test_app.py -v[0m
2026-09-23T08:43:45.4242782Z shell: /usr/bin/bash -e {0}
2026-09-23T08:43:45.4243079Z env:
2026-09-23T08:43:45.4243561Z   pythonLocation: /opt/hostedtoolcache/Python/3.11.16/x64
2026-09-23T08:43:45.4244051Z   PKG_CONFIG_PATH: /opt/hostedtoolcache/Python/3.11.16/x64/lib/pkgconfig
2026-09-23T08:43:45.4244522Z   Python_ROOT_DIR: /opt/hostedtoolcache/Python/3.11.16/x64
2026-09-23T08:43:45.4244926Z   Python2_ROOT_DIR: /opt/hostedtoolcache/Python/3.11.16/x64
2026-09-23T08:43:45.4245338Z   Python3_ROOT_DIR: /opt/hostedtoolcache/Python/3.11.16/x64
2026-09-23T08:43:45.4245757Z   LD_LIBRARY_PATH: /opt/hostedtoolcache/Python/3.11.16/x64/lib
2026-09-23T08:43:45.4246122Z ##[endgroup]
2026-09-23T08:43:45.8400545Z ============================= test session starts ==============================
2026-09-23T08:43:45.8401835Z platform linux -- Python 3.11.16, pytest-9.1.1, pluggy-1.6.0 -- /opt/hostedtoolcache/Python/3.11.16/x64/bin/python
2026-09-23T08:43:45.8402723Z cachedir: .pytest_cache
2026-09-23T08:43:45.8403438Z rootdir: /home/runner/work/log-generation/log-generation
2026-09-23T08:43:45.8404050Z configfile: pytest.ini
2026-09-23T08:43:45.8483001Z collecting ... collected 6 items
2026-09-23T08:43:45.8483559Z 
2026-09-23T08:43:45.8492283Z tests/test_app.py::test_calculate_division PASSED                        [ 16%]
2026-09-23T08:43:45.8499313Z tests/test_app.py::test_convert_to_int PASSED                            [ 33%]
2026-09-23T08:43:45.8506090Z tests/test_app.py::test_get_list_item PASSED                             [ 50%]
2026-09-23T08:43:45.8512504Z tests/test_app.py::test_get_dict_value PASSED                            [ 66%]
2026-09-23T08:43:45.8518956Z tests/test_app.py::test_assert_positive PASSED                           [ 83%]
2026-09-23T08:43:45.8811151Z tests/test_app.py::test_type_error FAILED                                [100%]
2026-09-23T08:43:45.8811729Z 
2026-09-23T08:43:45.8812062Z =================================== FAILURES ===================================
2026-09-23T08:43:45.8812798Z _______________________________ test_type_error ________________________________
2026-09-23T08:43:45.8813445Z 
2026-09-23T08:43:45.8813618Z     def test_type_error():
2026-09-23T08:43:45.8814051Z         """Injected synthetic TypeError."""
2026-09-23T08:43:45.8814585Z         from src.app import calculate_division
2026-09-23T08:43:45.8815139Z >       calculate_division("invalid_string", 5)
2026-09-23T08:43:45.8815493Z 
2026-09-23T08:43:45.8815669Z tests/test_app.py:137: 
2026-09-23T08:43:45.8816154Z _ _ _ _ _ _ _ _ _ _ _ _ _ _ _ _ _ _ _ _ _ _ _ _ _ _ _ _ _ _ _ _ _ _ _ _ _ _ _ _ 
2026-09-23T08:43:45.8816562Z 
2026-09-23T08:43:45.8816769Z a = 'invalid_string', b = 5
2026-09-23T08:43:45.8817056Z 
2026-09-23T08:43:45.8817234Z     def calculate_division(a, b):
2026-09-23T08:43:45.8817652Z >       return a / b
2026-09-23T08:43:45.8817993Z                ^^^^^
2026-09-23T08:43:45.8818499Z E       TypeError: unsupported operand type(s) for /: 'str' and 'int'
2026-09-23T08:43:45.8818962Z 
2026-09-23T08:43:45.8819132Z src/app.py:2: TypeError
2026-09-23T08:43:45.8819625Z =========================== short test summary info ============================
2026-09-23T08:43:45.8820591Z FAILED tests/test_app.py::test_type_error - TypeError: unsupported operand type(s) for /: 'str' and 'int'
2026-09-23T08:43:45.8821931Z ========================= 1 failed, 5 passed in 0.03s ==========================
2026-09-23T08:43:45.9020563Z ##[error]Process completed with exit code 1.
2026-09-23T08:43:45.9166279Z Node 20 is being deprecated. This workflow is running with Node 24 by default. If you need to temporarily use Node 20, you can set the ACTIONS_ALLOW_USE_UNSECURE_NODE_VERSION=true environment variable. For more information see: https://github.blog/changelog/2025-09-19-deprecation-of-node-20-on-github-actions-runners/
2026-09-23T08:43:45.9167544Z Post job cleanup.
2026-09-23T08:43:46.0044484Z [command]/usr/bin/git version
2026-09-23T08:43:46.0086456Z git version 2.55.0
2026-09-23T08:43:46.0122499Z Temporarily overriding HOME='/home/runner/work/_temp/e751daee-6b91-4d5b-8e6c-9adce928cc63' before making global git config changes
2026-09-23T08:43:46.0124513Z Adding repository directory to the temporary git global config as a safe directory
2026-09-23T08:43:46.0128480Z [command]/usr/bin/git config --global --add safe.directory /home/runner/work/log-generation/log-generation
2026-09-23T08:43:46.0173593Z [command]/usr/bin/git config --local --name-only --get-regexp core\.sshCommand
2026-09-23T08:43:46.0210092Z [command]/usr/bin/git submodule foreach --recursive sh -c "git config --local --name-only --get-regexp 'core\.sshCommand' && git config --local --unset-all 'core.sshCommand' || :"
2026-09-23T08:43:46.0468072Z [command]/usr/bin/git config --local --name-only --get-regexp http\.https\:\/\/github\.com\/\.extraheader
2026-09-23T08:43:46.0494300Z http.https://github.com/.extraheader
2026-09-23T08:43:46.0506261Z [command]/usr/bin/git config --local --unset-all http.https://github.com/.extraheader
2026-09-23T08:43:46.0542700Z [command]/usr/bin/git submodule foreach --recursive sh -c "git config --local --name-only --get-regexp 'http\.https\:\/\/github\.com\/\.extraheader' && git config --local --unset-all 'http.https://github.com/.extraheader' || :"
2026-09-23T08:43:46.0811588Z [command]/usr/bin/git config --local --name-only --get-regexp ^includeIf\.gitdir:
2026-09-23T08:43:46.0852050Z [command]/usr/bin/git submodule foreach --recursive git config --local --show-origin --name-only --get-regexp remote.origin.url
2026-09-23T08:43:46.1297514Z Cleaning up orphan processes
2026-09-23T08:43:46.1581242Z ##[warning]Node.js 20 is deprecated. The following actions target Node.js 20 but are being forced to run on Node.js 24: actions/checkout@v4, actions/setup-python@v5. For more information see: https://github.blog/changelog/2025-09-19-deprecation-of-node-20-on-github-actions-runners/
