ï»¿2026-09-23T08:43:31.1122117Z Current runner version: '2.337.0'
2026-09-23T08:43:31.1148225Z ##[group]Runner Image Provisioner
2026-09-23T08:43:31.1149126Z Hosted Compute Agent
2026-09-23T08:43:31.1149716Z Version: 20260828.587
2026-09-23T08:43:31.1150450Z Commit: abac92662cab4cc7352de4f9f9d2e2419aad9c29
2026-09-23T08:43:31.1151201Z Build Date: 2026-08-28T16:44:25Z
2026-09-23T08:43:31.1151930Z Worker ID: {c47bd131-5583-40dc-b96d-ff9342f85aa4}
2026-09-23T08:43:31.1152713Z Azure Region: westus
2026-09-23T08:43:31.1153314Z ##[endgroup]
2026-09-23T08:43:31.1155198Z ##[group]Operating System
2026-09-23T08:43:31.1155899Z Ubuntu
2026-09-23T08:43:31.1156498Z 24.04.5
2026-09-23T08:43:31.1157263Z LTS
2026-09-23T08:43:31.1157778Z ##[endgroup]
2026-09-23T08:43:31.1158804Z ##[group]Runner Image
2026-09-23T08:43:31.1159420Z Image: ubuntu-24.04
2026-09-23T08:43:31.1160024Z Version: 20260907.300.1
2026-09-23T08:43:31.1161373Z Included Software: https://github.com/actions/runner-images/blob/ubuntu24/20260907.300/images/ubuntu/Ubuntu2404-Readme.md
2026-09-23T08:43:31.1163023Z Image Release: https://github.com/actions/runner-images/releases/tag/ubuntu24%2F20260907.300
2026-09-23T08:43:31.1164014Z ##[endgroup]
2026-09-23T08:43:31.1165253Z ##[group]GITHUB_TOKEN Permissions
2026-09-23T08:43:31.1167826Z Contents: read
2026-09-23T08:43:31.1168531Z Metadata: read
2026-09-23T08:43:31.1169115Z Packages: read
2026-09-23T08:43:31.1169719Z ##[endgroup]
2026-09-23T08:43:31.1171945Z Secret source: Actions
2026-09-23T08:43:31.1172919Z Cache mode: write
2026-09-23T08:43:31.1174039Z Prepare workflow directory
2026-09-23T08:43:31.1521686Z Prepare all required actions
2026-09-23T08:43:31.1572021Z Getting action download info
2026-09-23T08:43:31.5193225Z Download action repository 'actions/checkout@v4' (SHA:11d5960a326750d5838078e36cf38b85af677262)
2026-09-23T08:43:31.6307209Z Download action repository 'actions/setup-python@v5' (SHA:a26af69be951a213d495a4c3e4e4022e16d87065)
2026-09-23T08:43:31.8158146Z Complete job name: test-f3 (KeyError #35)
2026-09-23T08:43:31.8950557Z Node 20 is being deprecated. This workflow is running with Node 24 by default. If you need to temporarily use Node 20, you can set the ACTIONS_ALLOW_USE_UNSECURE_NODE_VERSION=true environment variable. For more information see: https://github.blog/changelog/2025-09-19-deprecation-of-node-20-on-github-actions-runners/
2026-09-23T08:43:31.8959700Z ##[group]Run actions/checkout@v4
2026-09-23T08:43:31.8960468Z with:
2026-09-23T08:43:31.8960909Z   fetch-depth: 1
2026-09-23T08:43:31.8961396Z   repository: DhruvHegde/log-generation
2026-09-23T08:43:31.8965504Z   token: ***
2026-09-23T08:43:31.8965945Z   ssh-strict: true
2026-09-23T08:43:31.8966393Z   ssh-user: git
2026-09-23T08:43:31.8966850Z   persist-credentials: true
2026-09-23T08:43:31.8967624Z   clean: true
2026-09-23T08:43:31.8968083Z   sparse-checkout-cone-mode: true
2026-09-23T08:43:31.8968628Z   fetch-tags: false
2026-09-23T08:43:31.8969095Z   show-progress: true
2026-09-23T08:43:31.8969563Z   lfs: false
2026-09-23T08:43:31.8970036Z   submodules: false
2026-09-23T08:43:31.8970510Z   set-safe-directory: true
2026-09-23T08:43:31.8971038Z   allow-unsafe-pr-checkout: false
2026-09-23T08:43:31.8971845Z ##[endgroup]
2026-09-23T08:43:32.0069419Z Syncing repository: DhruvHegde/log-generation
2026-09-23T08:43:32.0072076Z ##[group]Getting Git version info
2026-09-23T08:43:32.0073374Z Working directory is '/home/runner/work/log-generation/log-generation'
2026-09-23T08:43:32.0075169Z [command]/usr/bin/git version
2026-09-23T08:43:32.0116625Z git version 2.55.0
2026-09-23T08:43:32.0148238Z ##[endgroup]
2026-09-23T08:43:32.0155412Z Temporarily overriding HOME='/home/runner/work/_temp/259a7c71-c43f-4209-9f5b-8d006a303820' before making global git config changes
2026-09-23T08:43:32.0158042Z Adding repository directory to the temporary git global config as a safe directory
2026-09-23T08:43:32.0160736Z [command]/usr/bin/git config --global --add safe.directory /home/runner/work/log-generation/log-generation
2026-09-23T08:43:32.0224852Z Deleting the contents of '/home/runner/work/log-generation/log-generation'
2026-09-23T08:43:32.0227595Z ##[group]Initializing the repository
2026-09-23T08:43:32.0229057Z [command]/usr/bin/git init /home/runner/work/log-generation/log-generation
2026-09-23T08:43:32.0333796Z hint: Using 'master' as the name for the initial branch. This default branch name
2026-09-23T08:43:32.0335315Z hint: will change to "main" in Git 3.0. To configure the initial branch name
2026-09-23T08:43:32.0336323Z hint: to use in all of your new repositories, which will suppress this warning,
2026-09-23T08:43:32.0337377Z hint: call:
2026-09-23T08:43:32.0337830Z hint:
2026-09-23T08:43:32.0338396Z hint: 	git config --global init.defaultBranch <name>
2026-09-23T08:43:32.0339078Z hint:
2026-09-23T08:43:32.0339705Z hint: Names commonly chosen instead of 'master' are 'main', 'trunk' and
2026-09-23T08:43:32.0340724Z hint: 'development'. The just-created branch can be renamed via this command:
2026-09-23T08:43:32.0341530Z hint:
2026-09-23T08:43:32.0342032Z hint: 	git branch -m <name>
2026-09-23T08:43:32.0342561Z hint:
2026-09-23T08:43:32.0343227Z hint: Disable this message with "git config set advice.defaultBranchName false"
2026-09-23T08:43:32.0348907Z Initialized empty Git repository in /home/runner/work/log-generation/log-generation/.git/
2026-09-23T08:43:32.0359927Z [command]/usr/bin/git remote add origin https://github.com/DhruvHegde/log-generation
2026-09-23T08:43:32.0420848Z ##[endgroup]
2026-09-23T08:43:32.0422308Z ##[group]Disabling automatic garbage collection
2026-09-23T08:43:32.0423200Z [command]/usr/bin/git config --local gc.auto 0
2026-09-23T08:43:32.0450978Z ##[endgroup]
2026-09-23T08:43:32.0452662Z ##[group]Setting up auth
2026-09-23T08:43:32.0459748Z [command]/usr/bin/git config --local --name-only --get-regexp core\.sshCommand
2026-09-23T08:43:32.0494585Z [command]/usr/bin/git submodule foreach --recursive sh -c "git config --local --name-only --get-regexp 'core\.sshCommand' && git config --local --unset-all 'core.sshCommand' || :"
2026-09-23T08:43:32.0940743Z [command]/usr/bin/git config --local --name-only --get-regexp http\.https\:\/\/github\.com\/\.extraheader
2026-09-23T08:43:32.0983083Z [command]/usr/bin/git submodule foreach --recursive sh -c "git config --local --name-only --get-regexp 'http\.https\:\/\/github\.com\/\.extraheader' && git config --local --unset-all 'http.https://github.com/.extraheader' || :"
2026-09-23T08:43:32.1242676Z [command]/usr/bin/git config --local --name-only --get-regexp ^includeIf\.gitdir:
2026-09-23T08:43:32.1281132Z [command]/usr/bin/git submodule foreach --recursive git config --local --show-origin --name-only --get-regexp remote.origin.url
2026-09-23T08:43:32.1508011Z [command]/usr/bin/git config --local http.https://github.com/.extraheader AUTHORIZATION: basic ***
2026-09-23T08:43:32.1549806Z ##[endgroup]
2026-09-23T08:43:32.1550720Z ##[group]Fetching the repository
2026-09-23T08:43:32.1560611Z [command]/usr/bin/git -c protocol.version=2 fetch --no-tags --prune --no-recurse-submodules --depth=1 origin +dfcb6f158e4bd8054252a4da5d0a9edc2ab15d57:refs/remotes/origin/feature/f3-test-failures
2026-09-23T08:43:32.6079355Z From https://github.com/DhruvHegde/log-generation
2026-09-23T08:43:32.6080881Z  * [new ref]         dfcb6f158e4bd8054252a4da5d0a9edc2ab15d57 -> origin/feature/f3-test-failures
2026-09-23T08:43:32.6085166Z ##[endgroup]
2026-09-23T08:43:32.6086303Z ##[group]Determining the checkout info
2026-09-23T08:43:32.6088396Z ##[endgroup]
2026-09-23T08:43:32.6093857Z [command]/usr/bin/git sparse-checkout disable
2026-09-23T08:43:32.6148002Z [command]/usr/bin/git config --local --unset-all extensions.worktreeConfig
2026-09-23T08:43:32.6181570Z ##[group]Checking out the ref
2026-09-23T08:43:32.6186198Z [command]/usr/bin/git checkout --progress --force -B feature/f3-test-failures refs/remotes/origin/feature/f3-test-failures
2026-09-23T08:43:32.6269139Z Switched to a new branch 'feature/f3-test-failures'
2026-09-23T08:43:32.6274265Z branch 'feature/f3-test-failures' set up to track 'origin/feature/f3-test-failures'.
2026-09-23T08:43:32.6279388Z ##[endgroup]
2026-09-23T08:43:32.6322099Z [command]/usr/bin/git log -1 --format=%H
2026-09-23T08:43:32.6349636Z dfcb6f158e4bd8054252a4da5d0a9edc2ab15d57
2026-09-23T08:43:32.6645029Z Node 20 is being deprecated. This workflow is running with Node 24 by default. If you need to temporarily use Node 20, you can set the ACTIONS_ALLOW_USE_UNSECURE_NODE_VERSION=true environment variable. For more information see: https://github.blog/changelog/2025-09-19-deprecation-of-node-20-on-github-actions-runners/
2026-09-23T08:43:32.6648357Z ##[group]Run actions/setup-python@v5
2026-09-23T08:43:32.6649149Z with:
2026-09-23T08:43:32.6649625Z   python-version: 3.11
2026-09-23T08:43:32.6650159Z   check-latest: false
2026-09-23T08:43:32.6654335Z   token: ***
2026-09-23T08:43:32.6654831Z   update-environment: true
2026-09-23T08:43:32.6655403Z   allow-prereleases: false
2026-09-23T08:43:32.6655962Z   freethreaded: false
2026-09-23T08:43:32.6656475Z ##[endgroup]
2026-09-23T08:43:32.8034650Z ##[group]Installed versions
2026-09-23T08:43:32.8125022Z (node:2225) [DEP0040] DeprecationWarning: The `punycode` module is deprecated. Please use a userland alternative instead.
2026-09-23T08:43:32.8128082Z (Use `node --trace-deprecation ...` to show where the warning was created)
2026-09-23T08:43:32.8129643Z Successfully set up CPython (3.11.16)
2026-09-23T08:43:32.8131256Z ##[endgroup]
2026-09-23T08:43:32.8396760Z ##[group]Run pip install --no-cache-dir pytest
2026-09-23T08:43:32.8398321Z [36;1mpip install --no-cache-dir pytest[0m
2026-09-23T08:43:32.8466463Z shell: /usr/bin/bash -e {0}
2026-09-23T08:43:32.8467905Z env:
2026-09-23T08:43:32.8469275Z   pythonLocation: /opt/hostedtoolcache/Python/3.11.16/x64
2026-09-23T08:43:32.8470791Z   PKG_CONFIG_PATH: /opt/hostedtoolcache/Python/3.11.16/x64/lib/pkgconfig
2026-09-23T08:43:32.8472308Z   Python_ROOT_DIR: /opt/hostedtoolcache/Python/3.11.16/x64
2026-09-23T08:43:32.8473680Z   Python2_ROOT_DIR: /opt/hostedtoolcache/Python/3.11.16/x64
2026-09-23T08:43:32.8475135Z   Python3_ROOT_DIR: /opt/hostedtoolcache/Python/3.11.16/x64
2026-09-23T08:43:32.8476560Z   LD_LIBRARY_PATH: /opt/hostedtoolcache/Python/3.11.16/x64/lib
2026-09-23T08:43:32.8477946Z ##[endgroup]
2026-09-23T08:43:33.8348778Z Collecting pytest
2026-09-23T08:43:33.9108956Z   Downloading pytest-9.1.1-py3-none-any.whl.metadata (7.6 kB)
2026-09-23T08:43:33.9383252Z Collecting iniconfig>=1.0.1 (from pytest)
2026-09-23T08:43:33.9497668Z   Downloading iniconfig-2.3.0-py3-none-any.whl.metadata (2.5 kB)
2026-09-23T08:43:33.9798188Z Collecting packaging>=22 (from pytest)
2026-09-23T08:43:33.9919918Z   Downloading packaging-26.3-py3-none-any.whl.metadata (3.5 kB)
2026-09-23T08:43:34.0182597Z Collecting pluggy<2,>=1.5 (from pytest)
2026-09-23T08:43:34.0296674Z   Downloading pluggy-1.6.0-py3-none-any.whl.metadata (4.8 kB)
2026-09-23T08:43:34.0628414Z Collecting pygments>=2.7.2 (from pytest)
2026-09-23T08:43:34.0742215Z   Downloading pygments-2.21.0-py3-none-any.whl.metadata (2.5 kB)
2026-09-23T08:43:34.0891234Z Downloading pytest-9.1.1-py3-none-any.whl (386 kB)
2026-09-23T08:43:34.1370623Z Downloading pluggy-1.6.0-py3-none-any.whl (20 kB)
2026-09-23T08:43:34.1491990Z Downloading iniconfig-2.3.0-py3-none-any.whl (7.5 kB)
2026-09-23T08:43:34.1615864Z Downloading packaging-26.3-py3-none-any.whl (129 kB)
2026-09-23T08:43:34.1745046Z Downloading pygments-2.21.0-py3-none-any.whl (1.3 MB)
2026-09-23T08:43:34.2133488Z    ââââââââââââââââââââââââââââââââââââââââ 1.3/1.3 MB 40.1 MB/s  0:00:00
2026-09-23T08:43:34.2911952Z Installing collected packages: pygments, pluggy, packaging, iniconfig, pytest
2026-09-23T08:43:35.3043662Z 
2026-09-23T08:43:35.3059171Z Successfully installed iniconfig-2.3.0 packaging-26.3 pluggy-1.6.0 pygments-2.21.0 pytest-9.1.1
2026-09-23T08:43:35.3611719Z ##[group]Run python automation/inject_mutation.py --error-type "KeyError"
2026-09-23T08:43:35.3612771Z [36;1mpython automation/inject_mutation.py --error-type "KeyError"[0m
2026-09-23T08:43:35.3656680Z shell: /usr/bin/bash -e {0}
2026-09-23T08:43:35.3657189Z env:
2026-09-23T08:43:35.3657519Z   pythonLocation: /opt/hostedtoolcache/Python/3.11.16/x64
2026-09-23T08:43:35.3658351Z   PKG_CONFIG_PATH: /opt/hostedtoolcache/Python/3.11.16/x64/lib/pkgconfig
2026-09-23T08:43:35.3658833Z   Python_ROOT_DIR: /opt/hostedtoolcache/Python/3.11.16/x64
2026-09-23T08:43:35.3659243Z   Python2_ROOT_DIR: /opt/hostedtoolcache/Python/3.11.16/x64
2026-09-23T08:43:35.3659684Z   Python3_ROOT_DIR: /opt/hostedtoolcache/Python/3.11.16/x64
2026-09-23T08:43:35.3660103Z   LD_LIBRARY_PATH: /opt/hostedtoolcache/Python/3.11.16/x64/lib
2026-09-23T08:43:35.3660493Z ##[endgroup]
2026-09-23T08:43:35.3965068Z [Mutation Injected] Successfully injected KeyError into tests/test_app.py
2026-09-23T08:43:35.4041692Z ##[group]Run pytest tests/test_app.py -v
2026-09-23T08:43:35.4042086Z [36;1mpytest tests/test_app.py -v[0m
2026-09-23T08:43:35.4080322Z shell: /usr/bin/bash -e {0}
2026-09-23T08:43:35.4080600Z env:
2026-09-23T08:43:35.4080884Z   pythonLocation: /opt/hostedtoolcache/Python/3.11.16/x64
2026-09-23T08:43:35.4081387Z   PKG_CONFIG_PATH: /opt/hostedtoolcache/Python/3.11.16/x64/lib/pkgconfig
2026-09-23T08:43:35.4081881Z   Python_ROOT_DIR: /opt/hostedtoolcache/Python/3.11.16/x64
2026-09-23T08:43:35.4082319Z   Python2_ROOT_DIR: /opt/hostedtoolcache/Python/3.11.16/x64
2026-09-23T08:43:35.4082744Z   Python3_ROOT_DIR: /opt/hostedtoolcache/Python/3.11.16/x64
2026-09-23T08:43:35.4083174Z   LD_LIBRARY_PATH: /opt/hostedtoolcache/Python/3.11.16/x64/lib
2026-09-23T08:43:35.4083526Z ##[endgroup]
2026-09-23T08:43:35.8408735Z ============================= test session starts ==============================
2026-09-23T08:43:35.8410083Z platform linux -- Python 3.11.16, pytest-9.1.1, pluggy-1.6.0 -- /opt/hostedtoolcache/Python/3.11.16/x64/bin/python
2026-09-23T08:43:35.8411485Z cachedir: .pytest_cache
2026-09-23T08:43:35.8412077Z rootdir: /home/runner/work/log-generation/log-generation
2026-09-23T08:43:35.8412699Z configfile: pytest.ini
2026-09-23T08:43:35.8502985Z collecting ... collected 6 items
2026-09-23T08:43:35.8503823Z 
2026-09-23T08:43:35.8512402Z tests/test_app.py::test_calculate_division PASSED                        [ 16%]
2026-09-23T08:43:35.8520655Z tests/test_app.py::test_convert_to_int PASSED                            [ 33%]
2026-09-23T08:43:35.8528464Z tests/test_app.py::test_get_list_item PASSED                             [ 50%]
2026-09-23T08:43:35.8535622Z tests/test_app.py::test_get_dict_value PASSED                            [ 66%]
2026-09-23T08:43:35.8543186Z tests/test_app.py::test_assert_positive PASSED                           [ 83%]
2026-09-23T08:43:35.8829175Z tests/test_app.py::test_key_error FAILED                                 [100%]
2026-09-23T08:43:35.8830132Z 
2026-09-23T08:43:35.8830616Z =================================== FAILURES ===================================
2026-09-23T08:43:35.8831794Z ________________________________ test_key_error ________________________________
2026-09-23T08:43:35.8832555Z 
2026-09-23T08:43:35.8832915Z     def test_key_error():
2026-09-23T08:43:35.8833756Z         """Injected synthetic KeyError."""
2026-09-23T08:43:35.8834435Z         from src.app import get_dict_value
2026-09-23T08:43:35.8835020Z         config = {"env": "staging", "retries": 3}
2026-09-23T08:43:35.8835660Z >       get_dict_value(config, "missing_auth_token")
2026-09-23T08:43:35.8836090Z 
2026-09-23T08:43:35.8836278Z tests/test_app.py:138: 
2026-09-23T08:43:35.8836825Z _ _ _ _ _ _ _ _ _ _ _ _ _ _ _ _ _ _ _ _ _ _ _ _ _ _ _ _ _ _ _ _ _ _ _ _ _ _ _ _ 
2026-09-23T08:43:35.8837619Z 
2026-09-23T08:43:35.8837905Z d = {'env': 'staging', 'retries': 3}, key = 'missing_auth_token'
2026-09-23T08:43:35.8838365Z 
2026-09-23T08:43:35.8838542Z     def get_dict_value(d, key):
2026-09-23T08:43:35.8839020Z >       return d[key]
2026-09-23T08:43:35.8839414Z                ^^^^^^
2026-09-23T08:43:35.8839831Z E       KeyError: 'missing_auth_token'
2026-09-23T08:43:35.8840168Z 
2026-09-23T08:43:35.8840345Z src/app.py:11: KeyError
2026-09-23T08:43:35.8840894Z =========================== short test summary info ============================
2026-09-23T08:43:35.8841792Z FAILED tests/test_app.py::test_key_error - KeyError: 'missing_auth_token'
2026-09-23T08:43:35.8843023Z ========================= 1 failed, 5 passed in 0.03s ==========================
2026-09-23T08:43:35.9030522Z ##[error]Process completed with exit code 1.
2026-09-23T08:43:35.9169658Z Node 20 is being deprecated. This workflow is running with Node 24 by default. If you need to temporarily use Node 20, you can set the ACTIONS_ALLOW_USE_UNSECURE_NODE_VERSION=true environment variable. For more information see: https://github.blog/changelog/2025-09-19-deprecation-of-node-20-on-github-actions-runners/
2026-09-23T08:43:35.9170934Z Post job cleanup.
2026-09-23T08:43:36.0039749Z [command]/usr/bin/git version
2026-09-23T08:43:36.0085871Z git version 2.55.0
2026-09-23T08:43:36.0130257Z Temporarily overriding HOME='/home/runner/work/_temp/69b1019d-56d7-479d-82aa-70adab7f30c9' before making global git config changes
2026-09-23T08:43:36.0131440Z Adding repository directory to the temporary git global config as a safe directory
2026-09-23T08:43:36.0136656Z [command]/usr/bin/git config --global --add safe.directory /home/runner/work/log-generation/log-generation
2026-09-23T08:43:36.0179747Z [command]/usr/bin/git config --local --name-only --get-regexp core\.sshCommand
2026-09-23T08:43:36.0216829Z [command]/usr/bin/git submodule foreach --recursive sh -c "git config --local --name-only --get-regexp 'core\.sshCommand' && git config --local --unset-all 'core.sshCommand' || :"
2026-09-23T08:43:36.0472895Z [command]/usr/bin/git config --local --name-only --get-regexp http\.https\:\/\/github\.com\/\.extraheader
2026-09-23T08:43:36.0507675Z http.https://github.com/.extraheader
2026-09-23T08:43:36.0524187Z [command]/usr/bin/git config --local --unset-all http.https://github.com/.extraheader
2026-09-23T08:43:36.0559419Z [command]/usr/bin/git submodule foreach --recursive sh -c "git config --local --name-only --get-regexp 'http\.https\:\/\/github\.com\/\.extraheader' && git config --local --unset-all 'http.https://github.com/.extraheader' || :"
2026-09-23T08:43:36.0819641Z [command]/usr/bin/git config --local --name-only --get-regexp ^includeIf\.gitdir:
2026-09-23T08:43:36.0860867Z [command]/usr/bin/git submodule foreach --recursive git config --local --show-origin --name-only --get-regexp remote.origin.url
2026-09-23T08:43:36.1274646Z Cleaning up orphan processes
2026-09-23T08:43:36.1546488Z ##[warning]Node.js 20 is deprecated. The following actions target Node.js 20 but are being forced to run on Node.js 24: actions/checkout@v4, actions/setup-python@v5. For more information see: https://github.blog/changelog/2025-09-19-deprecation-of-node-20-on-github-actions-runners/
