ï»¿2026-09-23T08:43:29.5497186Z Current runner version: '2.337.0'
2026-09-23T08:43:29.5514707Z ##[group]Runner Image Provisioner
2026-09-23T08:43:29.5515286Z Hosted Compute Agent
2026-09-23T08:43:29.5515656Z Version: 20260828.587
2026-09-23T08:43:29.5516069Z Commit: abac92662cab4cc7352de4f9f9d2e2419aad9c29
2026-09-23T08:43:29.5516492Z Build Date: 2026-08-28T16:44:25Z
2026-09-23T08:43:29.5516884Z Worker ID: {139f7ab5-1e26-4113-b7b4-fbf21b661178}
2026-09-23T08:43:29.5517322Z Azure Region: centralus
2026-09-23T08:43:29.5517685Z ##[endgroup]
2026-09-23T08:43:29.5518641Z ##[group]Operating System
2026-09-23T08:43:29.5519041Z Ubuntu
2026-09-23T08:43:29.5519340Z 24.04.5
2026-09-23T08:43:29.5519667Z LTS
2026-09-23T08:43:29.5520090Z ##[endgroup]
2026-09-23T08:43:29.5520408Z ##[group]Runner Image
2026-09-23T08:43:29.5521058Z Image: ubuntu-24.04
2026-09-23T08:43:29.5521386Z Version: 20260907.300.1
2026-09-23T08:43:29.5522187Z Included Software: https://github.com/actions/runner-images/blob/ubuntu24/20260907.300/images/ubuntu/Ubuntu2404-Readme.md
2026-09-23T08:43:29.5523003Z Image Release: https://github.com/actions/runner-images/releases/tag/ubuntu24%2F20260907.300
2026-09-23T08:43:29.5523571Z ##[endgroup]
2026-09-23T08:43:29.5524348Z ##[group]GITHUB_TOKEN Permissions
2026-09-23T08:43:29.5525742Z Contents: read
2026-09-23T08:43:29.5526070Z Metadata: read
2026-09-23T08:43:29.5526423Z Packages: read
2026-09-23T08:43:29.5526755Z ##[endgroup]
2026-09-23T08:43:29.5528186Z Secret source: Actions
2026-09-23T08:43:29.5528792Z Cache mode: write
2026-09-23T08:43:29.5529404Z Prepare workflow directory
2026-09-23T08:43:29.5740963Z Prepare all required actions
2026-09-23T08:43:29.5781207Z Getting action download info
2026-09-23T08:43:29.8077778Z Download action repository 'actions/checkout@v4' (SHA:11d5960a326750d5838078e36cf38b85af677262)
2026-09-23T08:43:29.9193927Z Download action repository 'actions/setup-python@v5' (SHA:a26af69be951a213d495a4c3e4e4022e16d87065)
2026-09-23T08:43:30.0717152Z Complete job name: test-f3 (AssertionError #62)
2026-09-23T08:43:30.1180904Z Node 20 is being deprecated. This workflow is running with Node 24 by default. If you need to temporarily use Node 20, you can set the ACTIONS_ALLOW_USE_UNSECURE_NODE_VERSION=true environment variable. For more information see: https://github.blog/changelog/2025-09-19-deprecation-of-node-20-on-github-actions-runners/
2026-09-23T08:43:30.1186130Z ##[group]Run actions/checkout@v4
2026-09-23T08:43:30.1186480Z with:
2026-09-23T08:43:30.1186706Z   fetch-depth: 1
2026-09-23T08:43:30.1186964Z   repository: DhruvHegde/log-generation
2026-09-23T08:43:30.1189004Z   token: ***
2026-09-23T08:43:30.1189232Z   ssh-strict: true
2026-09-23T08:43:30.1189467Z   ssh-user: git
2026-09-23T08:43:30.1189708Z   persist-credentials: true
2026-09-23T08:43:30.1189972Z   clean: true
2026-09-23T08:43:30.1190215Z   sparse-checkout-cone-mode: true
2026-09-23T08:43:30.1190492Z   fetch-tags: false
2026-09-23T08:43:30.1190731Z   show-progress: true
2026-09-23T08:43:30.1190970Z   lfs: false
2026-09-23T08:43:30.1191224Z   submodules: false
2026-09-23T08:43:30.1191476Z   set-safe-directory: true
2026-09-23T08:43:30.1191749Z   allow-unsafe-pr-checkout: false
2026-09-23T08:43:30.1192101Z ##[endgroup]
2026-09-23T08:43:30.1825400Z Syncing repository: DhruvHegde/log-generation
2026-09-23T08:43:30.1827168Z ##[group]Getting Git version info
2026-09-23T08:43:30.1827788Z Working directory is '/home/runner/work/log-generation/log-generation'
2026-09-23T08:43:30.1828701Z [command]/usr/bin/git version
2026-09-23T08:43:30.1879302Z git version 2.55.0
2026-09-23T08:43:30.1898316Z ##[endgroup]
2026-09-23T08:43:30.1903805Z Temporarily overriding HOME='/home/runner/work/_temp/82e839df-dfba-4c0d-96d0-154c2165fad6' before making global git config changes
2026-09-23T08:43:30.1905496Z Adding repository directory to the temporary git global config as a safe directory
2026-09-23T08:43:30.1906541Z [command]/usr/bin/git config --global --add safe.directory /home/runner/work/log-generation/log-generation
2026-09-23T08:43:30.1957385Z Deleting the contents of '/home/runner/work/log-generation/log-generation'
2026-09-23T08:43:30.1960386Z ##[group]Initializing the repository
2026-09-23T08:43:30.1965188Z [command]/usr/bin/git init /home/runner/work/log-generation/log-generation
2026-09-23T08:43:30.2073956Z hint: Using 'master' as the name for the initial branch. This default branch name
2026-09-23T08:43:30.2075188Z hint: will change to "main" in Git 3.0. To configure the initial branch name
2026-09-23T08:43:30.2077903Z hint: to use in all of your new repositories, which will suppress this warning,
2026-09-23T08:43:30.2090756Z hint: call:
2026-09-23T08:43:30.2091285Z hint:
2026-09-23T08:43:30.2091842Z hint: 	git config --global init.defaultBranch <name>
2026-09-23T08:43:30.2092406Z hint:
2026-09-23T08:43:30.2092912Z hint: Names commonly chosen instead of 'master' are 'main', 'trunk' and
2026-09-23T08:43:30.2093868Z hint: 'development'. The just-created branch can be renamed via this command:
2026-09-23T08:43:30.2094607Z hint:
2026-09-23T08:43:30.2095028Z hint: 	git branch -m <name>
2026-09-23T08:43:30.2095431Z hint:
2026-09-23T08:43:30.2095934Z hint: Disable this message with "git config set advice.defaultBranchName false"
2026-09-23T08:43:30.2096850Z Initialized empty Git repository in /home/runner/work/log-generation/log-generation/.git/
2026-09-23T08:43:30.2098453Z [command]/usr/bin/git remote add origin https://github.com/DhruvHegde/log-generation
2026-09-23T08:43:30.2175258Z ##[endgroup]
2026-09-23T08:43:30.2175712Z ##[group]Disabling automatic garbage collection
2026-09-23T08:43:30.2176093Z [command]/usr/bin/git config --local gc.auto 0
2026-09-23T08:43:30.2202810Z ##[endgroup]
2026-09-23T08:43:30.2203490Z ##[group]Setting up auth
2026-09-23T08:43:30.2208609Z [command]/usr/bin/git config --local --name-only --get-regexp core\.sshCommand
2026-09-23T08:43:30.2238679Z [command]/usr/bin/git submodule foreach --recursive sh -c "git config --local --name-only --get-regexp 'core\.sshCommand' && git config --local --unset-all 'core.sshCommand' || :"
2026-09-23T08:43:30.2539107Z [command]/usr/bin/git config --local --name-only --get-regexp http\.https\:\/\/github\.com\/\.extraheader
2026-09-23T08:43:30.2565840Z [command]/usr/bin/git submodule foreach --recursive sh -c "git config --local --name-only --get-regexp 'http\.https\:\/\/github\.com\/\.extraheader' && git config --local --unset-all 'http.https://github.com/.extraheader' || :"
2026-09-23T08:43:30.2737547Z [command]/usr/bin/git config --local --name-only --get-regexp ^includeIf\.gitdir:
2026-09-23T08:43:30.2765716Z [command]/usr/bin/git submodule foreach --recursive git config --local --show-origin --name-only --get-regexp remote.origin.url
2026-09-23T08:43:30.2938653Z [command]/usr/bin/git config --local http.https://github.com/.extraheader AUTHORIZATION: basic ***
2026-09-23T08:43:30.2969948Z ##[endgroup]
2026-09-23T08:43:30.2970600Z ##[group]Fetching the repository
2026-09-23T08:43:30.2976578Z [command]/usr/bin/git -c protocol.version=2 fetch --no-tags --prune --no-recurse-submodules --depth=1 origin +dfcb6f158e4bd8054252a4da5d0a9edc2ab15d57:refs/remotes/origin/feature/f3-test-failures
2026-09-23T08:43:30.6779246Z From https://github.com/DhruvHegde/log-generation
2026-09-23T08:43:30.6779948Z  * [new ref]         dfcb6f158e4bd8054252a4da5d0a9edc2ab15d57 -> origin/feature/f3-test-failures
2026-09-23T08:43:30.6783383Z ##[endgroup]
2026-09-23T08:43:30.6783951Z ##[group]Determining the checkout info
2026-09-23T08:43:30.6785476Z ##[endgroup]
2026-09-23T08:43:30.6789590Z [command]/usr/bin/git sparse-checkout disable
2026-09-23T08:43:30.6829901Z [command]/usr/bin/git config --local --unset-all extensions.worktreeConfig
2026-09-23T08:43:30.6853951Z ##[group]Checking out the ref
2026-09-23T08:43:30.6856680Z [command]/usr/bin/git checkout --progress --force -B feature/f3-test-failures refs/remotes/origin/feature/f3-test-failures
2026-09-23T08:43:30.6915151Z Switched to a new branch 'feature/f3-test-failures'
2026-09-23T08:43:30.6919545Z branch 'feature/f3-test-failures' set up to track 'origin/feature/f3-test-failures'.
2026-09-23T08:43:30.6922983Z ##[endgroup]
2026-09-23T08:43:30.6955190Z [command]/usr/bin/git log -1 --format=%H
2026-09-23T08:43:30.6976065Z dfcb6f158e4bd8054252a4da5d0a9edc2ab15d57
2026-09-23T08:43:30.7197564Z Node 20 is being deprecated. This workflow is running with Node 24 by default. If you need to temporarily use Node 20, you can set the ACTIONS_ALLOW_USE_UNSECURE_NODE_VERSION=true environment variable. For more information see: https://github.blog/changelog/2025-09-19-deprecation-of-node-20-on-github-actions-runners/
2026-09-23T08:43:30.7199384Z ##[group]Run actions/setup-python@v5
2026-09-23T08:43:30.7199687Z with:
2026-09-23T08:43:30.7199940Z   python-version: 3.11
2026-09-23T08:43:30.7200207Z   check-latest: false
2026-09-23T08:43:30.7202251Z   token: ***
2026-09-23T08:43:30.7202496Z   update-environment: true
2026-09-23T08:43:30.7202781Z   allow-prereleases: false
2026-09-23T08:43:30.7203056Z   freethreaded: false
2026-09-23T08:43:30.7203316Z ##[endgroup]
2026-09-23T08:43:30.8079632Z ##[group]Installed versions
2026-09-23T08:43:30.8142765Z (node:2024) [DEP0040] DeprecationWarning: The `punycode` module is deprecated. Please use a userland alternative instead.
2026-09-23T08:43:30.8144010Z (Use `node --trace-deprecation ...` to show where the warning was created)
2026-09-23T08:43:30.8144833Z Successfully set up CPython (3.11.16)
2026-09-23T08:43:30.8145612Z ##[endgroup]
2026-09-23T08:43:30.8320245Z ##[group]Run pip install --no-cache-dir pytest
2026-09-23T08:43:30.8321054Z [36;1mpip install --no-cache-dir pytest[0m
2026-09-23T08:43:30.8380818Z shell: /usr/bin/bash -e {0}
2026-09-23T08:43:30.8381441Z env:
2026-09-23T08:43:30.8381951Z   pythonLocation: /opt/hostedtoolcache/Python/3.11.16/x64
2026-09-23T08:43:30.8382520Z   PKG_CONFIG_PATH: /opt/hostedtoolcache/Python/3.11.16/x64/lib/pkgconfig
2026-09-23T08:43:30.8383487Z   Python_ROOT_DIR: /opt/hostedtoolcache/Python/3.11.16/x64
2026-09-23T08:43:30.8384410Z   Python2_ROOT_DIR: /opt/hostedtoolcache/Python/3.11.16/x64
2026-09-23T08:43:30.8385107Z   Python3_ROOT_DIR: /opt/hostedtoolcache/Python/3.11.16/x64
2026-09-23T08:43:30.8385907Z   LD_LIBRARY_PATH: /opt/hostedtoolcache/Python/3.11.16/x64/lib
2026-09-23T08:43:30.8386485Z ##[endgroup]
2026-09-23T08:43:33.6759028Z Collecting pytest
2026-09-23T08:43:33.7488589Z   Downloading pytest-9.1.1-py3-none-any.whl.metadata (7.6 kB)
2026-09-23T08:43:33.7674116Z Collecting iniconfig>=1.0.1 (from pytest)
2026-09-23T08:43:33.7831109Z   Downloading iniconfig-2.3.0-py3-none-any.whl.metadata (2.5 kB)
2026-09-23T08:43:33.8026451Z Collecting packaging>=22 (from pytest)
2026-09-23T08:43:33.8178484Z   Downloading packaging-26.3-py3-none-any.whl.metadata (3.5 kB)
2026-09-23T08:43:33.8354048Z Collecting pluggy<2,>=1.5 (from pytest)
2026-09-23T08:43:33.8505650Z   Downloading pluggy-1.6.0-py3-none-any.whl.metadata (4.8 kB)
2026-09-23T08:43:33.8722220Z Collecting pygments>=2.7.2 (from pytest)
2026-09-23T08:43:33.8875401Z   Downloading pygments-2.21.0-py3-none-any.whl.metadata (2.5 kB)
2026-09-23T08:43:33.9042276Z Downloading pytest-9.1.1-py3-none-any.whl (386 kB)
2026-09-23T08:43:33.9779452Z Downloading pluggy-1.6.0-py3-none-any.whl (20 kB)
2026-09-23T08:43:33.9938710Z Downloading iniconfig-2.3.0-py3-none-any.whl (7.5 kB)
2026-09-23T08:43:34.0094497Z Downloading packaging-26.3-py3-none-any.whl (129 kB)
2026-09-23T08:43:34.0265092Z Downloading pygments-2.21.0-py3-none-any.whl (1.3 MB)
2026-09-23T08:43:34.0707233Z    ââââââââââââââââââââââââââââââââââââââââ 1.3/1.3 MB 26.1 MB/s  0:00:00
2026-09-23T08:43:34.2163784Z Installing collected packages: pygments, pluggy, packaging, iniconfig, pytest
2026-09-23T08:43:34.8236621Z 
2026-09-23T08:43:34.8243642Z Successfully installed iniconfig-2.3.0 packaging-26.3 pluggy-1.6.0 pygments-2.21.0 pytest-9.1.1
2026-09-23T08:43:34.8730076Z ##[group]Run python automation/inject_mutation.py --error-type "AssertionError"
2026-09-23T08:43:34.8730453Z [36;1mpython automation/inject_mutation.py --error-type "AssertionError"[0m
2026-09-23T08:43:34.8763584Z shell: /usr/bin/bash -e {0}
2026-09-23T08:43:34.8763730Z env:
2026-09-23T08:43:34.8764073Z   pythonLocation: /opt/hostedtoolcache/Python/3.11.16/x64
2026-09-23T08:43:34.8764479Z   PKG_CONFIG_PATH: /opt/hostedtoolcache/Python/3.11.16/x64/lib/pkgconfig
2026-09-23T08:43:34.8764726Z   Python_ROOT_DIR: /opt/hostedtoolcache/Python/3.11.16/x64
2026-09-23T08:43:34.8764940Z   Python2_ROOT_DIR: /opt/hostedtoolcache/Python/3.11.16/x64
2026-09-23T08:43:34.8765163Z   Python3_ROOT_DIR: /opt/hostedtoolcache/Python/3.11.16/x64
2026-09-23T08:43:34.8765377Z   LD_LIBRARY_PATH: /opt/hostedtoolcache/Python/3.11.16/x64/lib
2026-09-23T08:43:34.8765599Z ##[endgroup]
2026-09-23T08:43:34.8982758Z [Mutation Injected] Successfully injected AssertionError into tests/test_app.py
2026-09-23T08:43:34.9032880Z ##[group]Run pytest tests/test_app.py -v
2026-09-23T08:43:34.9033079Z [36;1mpytest tests/test_app.py -v[0m
2026-09-23T08:43:34.9060353Z shell: /usr/bin/bash -e {0}
2026-09-23T08:43:34.9060493Z env:
2026-09-23T08:43:34.9060644Z   pythonLocation: /opt/hostedtoolcache/Python/3.11.16/x64
2026-09-23T08:43:34.9060883Z   PKG_CONFIG_PATH: /opt/hostedtoolcache/Python/3.11.16/x64/lib/pkgconfig
2026-09-23T08:43:34.9061127Z   Python_ROOT_DIR: /opt/hostedtoolcache/Python/3.11.16/x64
2026-09-23T08:43:34.9061365Z   Python2_ROOT_DIR: /opt/hostedtoolcache/Python/3.11.16/x64
2026-09-23T08:43:34.9061573Z   Python3_ROOT_DIR: /opt/hostedtoolcache/Python/3.11.16/x64
2026-09-23T08:43:34.9061785Z   LD_LIBRARY_PATH: /opt/hostedtoolcache/Python/3.11.16/x64/lib
2026-09-23T08:43:34.9061968Z ##[endgroup]
2026-09-23T08:43:35.2459333Z ============================= test session starts ==============================
2026-09-23T08:43:35.2459939Z platform linux -- Python 3.11.16, pytest-9.1.1, pluggy-1.6.0 -- /opt/hostedtoolcache/Python/3.11.16/x64/bin/python
2026-09-23T08:43:35.2460239Z cachedir: .pytest_cache
2026-09-23T08:43:35.2460416Z rootdir: /home/runner/work/log-generation/log-generation
2026-09-23T08:43:35.2460606Z configfile: pytest.ini
2026-09-23T08:43:35.2517236Z collecting ... collected 6 items
2026-09-23T08:43:35.2517592Z 
2026-09-23T08:43:35.2523392Z tests/test_app.py::test_calculate_division PASSED                        [ 16%]
2026-09-23T08:43:35.2527880Z tests/test_app.py::test_convert_to_int PASSED                            [ 33%]
2026-09-23T08:43:35.2531820Z tests/test_app.py::test_get_list_item PASSED                             [ 50%]
2026-09-23T08:43:35.2535272Z tests/test_app.py::test_get_dict_value PASSED                            [ 66%]
2026-09-23T08:43:35.2545092Z tests/test_app.py::test_assert_positive PASSED                           [ 83%]
2026-09-23T08:43:35.2757222Z tests/test_app.py::test_assertion_failure FAILED                         [100%]
2026-09-23T08:43:35.2757530Z 
2026-09-23T08:43:35.2757657Z =================================== FAILURES ===================================
2026-09-23T08:43:35.2757901Z ____________________________ test_assertion_failure ____________________________
2026-09-23T08:43:35.2758047Z 
2026-09-23T08:43:35.2758119Z     def test_assertion_failure():
2026-09-23T08:43:35.2758285Z         """Injected synthetic AssertionError."""
2026-09-23T08:43:35.2758478Z         expected_status = 200
2026-09-23T08:43:35.2758621Z         actual_status = 500
2026-09-23T08:43:35.2758872Z >       assert actual_status == expected_status, f"Expected {expected_status}, received {actual_status}"
2026-09-23T08:43:35.2759187Z E       AssertionError: Expected 200, received 500
2026-09-23T08:43:35.2904576Z E       assert 500 == 200
2026-09-23T08:43:35.2904703Z 
2026-09-23T08:43:35.2904777Z tests/test_app.py:138: AssertionError
2026-09-23T08:43:35.2904979Z =========================== short test summary info ============================
2026-09-23T08:43:35.2905339Z FAILED tests/test_app.py::test_assertion_failure - AssertionError: Expected 200, received 500
2026-09-23T08:43:35.2905585Z assert 500 == 200
2026-09-23T08:43:35.2905741Z ========================= 1 failed, 5 passed in 0.02s ==========================
2026-09-23T08:43:35.2914873Z ##[error]Process completed with exit code 1.
2026-09-23T08:43:35.3007749Z Node 20 is being deprecated. This workflow is running with Node 24 by default. If you need to temporarily use Node 20, you can set the ACTIONS_ALLOW_USE_UNSECURE_NODE_VERSION=true environment variable. For more information see: https://github.blog/changelog/2025-09-19-deprecation-of-node-20-on-github-actions-runners/
2026-09-23T08:43:35.3008543Z Post job cleanup.
2026-09-23T08:43:35.3550167Z [command]/usr/bin/git version
2026-09-23T08:43:35.3580914Z git version 2.55.0
2026-09-23T08:43:35.3605334Z Temporarily overriding HOME='/home/runner/work/_temp/f5d31a1e-52f6-4510-aa01-79d59d95977e' before making global git config changes
2026-09-23T08:43:35.3606145Z Adding repository directory to the temporary git global config as a safe directory
2026-09-23T08:43:35.3609194Z [command]/usr/bin/git config --global --add safe.directory /home/runner/work/log-generation/log-generation
2026-09-23T08:43:35.3640297Z [command]/usr/bin/git config --local --name-only --get-regexp core\.sshCommand
2026-09-23T08:43:35.3670672Z [command]/usr/bin/git submodule foreach --recursive sh -c "git config --local --name-only --get-regexp 'core\.sshCommand' && git config --local --unset-all 'core.sshCommand' || :"
2026-09-23T08:43:35.3880039Z [command]/usr/bin/git config --local --name-only --get-regexp http\.https\:\/\/github\.com\/\.extraheader
2026-09-23T08:43:35.3903088Z http.https://github.com/.extraheader
2026-09-23T08:43:35.3917301Z [command]/usr/bin/git config --local --unset-all http.https://github.com/.extraheader
2026-09-23T08:43:35.3947013Z [command]/usr/bin/git submodule foreach --recursive sh -c "git config --local --name-only --get-regexp 'http\.https\:\/\/github\.com\/\.extraheader' && git config --local --unset-all 'http.https://github.com/.extraheader' || :"
2026-09-23T08:43:35.4157981Z [command]/usr/bin/git config --local --name-only --get-regexp ^includeIf\.gitdir:
2026-09-23T08:43:35.4189153Z [command]/usr/bin/git submodule foreach --recursive git config --local --show-origin --name-only --get-regexp remote.origin.url
2026-09-23T08:43:35.4496524Z Cleaning up orphan processes
2026-09-23T08:43:35.4691870Z ##[warning]Node.js 20 is deprecated. The following actions target Node.js 20 but are being forced to run on Node.js 24: actions/checkout@v4, actions/setup-python@v5. For more information see: https://github.blog/changelog/2025-09-19-deprecation-of-node-20-on-github-actions-runners/
