ï»¿2026-09-23T08:44:30.7905876Z Current runner version: '2.337.0'
2026-09-23T08:44:30.7931393Z ##[group]Runner Image Provisioner
2026-09-23T08:44:30.7932258Z Hosted Compute Agent
2026-09-23T08:44:30.7932949Z Version: 20260828.587
2026-09-23T08:44:30.7933659Z Commit: abac92662cab4cc7352de4f9f9d2e2419aad9c29
2026-09-23T08:44:30.7934436Z Build Date: 2026-08-28T16:44:25Z
2026-09-23T08:44:30.7935141Z Worker ID: {190ea708-f314-49f3-9bbb-ca907b2bd936}
2026-09-23T08:44:30.7935901Z Azure Region: northcentralus
2026-09-23T08:44:30.7936611Z ##[endgroup]
2026-09-23T08:44:30.7938304Z ##[group]Operating System
2026-09-23T08:44:30.7939004Z Ubuntu
2026-09-23T08:44:30.7939546Z 24.04.5
2026-09-23T08:44:30.7940050Z LTS
2026-09-23T08:44:30.7941015Z ##[endgroup]
2026-09-23T08:44:30.7941679Z ##[group]Runner Image
2026-09-23T08:44:30.7942329Z Image: ubuntu-24.04
2026-09-23T08:44:30.7943035Z Version: 20260907.300.1
2026-09-23T08:44:30.7944312Z Included Software: https://github.com/actions/runner-images/blob/ubuntu24/20260907.300/images/ubuntu/Ubuntu2404-Readme.md
2026-09-23T08:44:30.7945927Z Image Release: https://github.com/actions/runner-images/releases/tag/ubuntu24%2F20260907.300
2026-09-23T08:44:30.7946976Z ##[endgroup]
2026-09-23T08:44:30.7948373Z ##[group]GITHUB_TOKEN Permissions
2026-09-23T08:44:30.7950571Z Contents: read
2026-09-23T08:44:30.7951233Z Metadata: read
2026-09-23T08:44:30.7951790Z Packages: read
2026-09-23T08:44:30.7952399Z ##[endgroup]
2026-09-23T08:44:30.7954440Z Secret source: Actions
2026-09-23T08:44:30.7955577Z Cache mode: write
2026-09-23T08:44:30.7956495Z Prepare workflow directory
2026-09-23T08:44:30.8286303Z Prepare all required actions
2026-09-23T08:44:30.8334556Z Getting action download info
2026-09-23T08:44:31.0843040Z Download action repository 'actions/checkout@v4' (SHA:11d5960a326750d5838078e36cf38b85af677262)
2026-09-23T08:44:31.1876658Z Download action repository 'actions/setup-python@v5' (SHA:a26af69be951a213d495a4c3e4e4022e16d87065)
2026-09-23T08:44:31.3750488Z Complete job name: test-f3 (KeyError #68)
2026-09-23T08:44:31.4517883Z Node 20 is being deprecated. This workflow is running with Node 24 by default. If you need to temporarily use Node 20, you can set the ACTIONS_ALLOW_USE_UNSECURE_NODE_VERSION=true environment variable. For more information see: https://github.blog/changelog/2025-09-19-deprecation-of-node-20-on-github-actions-runners/
2026-09-23T08:44:31.4526456Z ##[group]Run actions/checkout@v4
2026-09-23T08:44:31.4527416Z with:
2026-09-23T08:44:31.4527869Z   fetch-depth: 1
2026-09-23T08:44:31.4528382Z   repository: DhruvHegde/log-generation
2026-09-23T08:44:31.4532473Z   token: ***
2026-09-23T08:44:31.4532909Z   ssh-strict: true
2026-09-23T08:44:31.4533380Z   ssh-user: git
2026-09-23T08:44:31.4533829Z   persist-credentials: true
2026-09-23T08:44:31.4534356Z   clean: true
2026-09-23T08:44:31.4534806Z   sparse-checkout-cone-mode: true
2026-09-23T08:44:31.4535332Z   fetch-tags: false
2026-09-23T08:44:31.4535846Z   show-progress: true
2026-09-23T08:44:31.4536299Z   lfs: false
2026-09-23T08:44:31.4536742Z   submodules: false
2026-09-23T08:44:31.4537347Z   set-safe-directory: true
2026-09-23T08:44:31.4537861Z   allow-unsafe-pr-checkout: false
2026-09-23T08:44:31.4538648Z ##[endgroup]
2026-09-23T08:44:31.5554444Z Syncing repository: DhruvHegde/log-generation
2026-09-23T08:44:31.5556464Z ##[group]Getting Git version info
2026-09-23T08:44:31.5557777Z Working directory is '/home/runner/work/log-generation/log-generation'
2026-09-23T08:44:31.5559617Z [command]/usr/bin/git version
2026-09-23T08:44:31.5645954Z git version 2.55.0
2026-09-23T08:44:31.5683098Z ##[endgroup]
2026-09-23T08:44:31.5691241Z Temporarily overriding HOME='/home/runner/work/_temp/13171576-1750-4789-9f5c-4bd939a13790' before making global git config changes
2026-09-23T08:44:31.5695540Z Adding repository directory to the temporary git global config as a safe directory
2026-09-23T08:44:31.5699927Z [command]/usr/bin/git config --global --add safe.directory /home/runner/work/log-generation/log-generation
2026-09-23T08:44:31.5752247Z Deleting the contents of '/home/runner/work/log-generation/log-generation'
2026-09-23T08:44:31.5762597Z ##[group]Initializing the repository
2026-09-23T08:44:31.5766965Z [command]/usr/bin/git init /home/runner/work/log-generation/log-generation
2026-09-23T08:44:31.5889113Z hint: Using 'master' as the name for the initial branch. This default branch name
2026-09-23T08:44:31.5890849Z hint: will change to "main" in Git 3.0. To configure the initial branch name
2026-09-23T08:44:31.5892487Z hint: to use in all of your new repositories, which will suppress this warning,
2026-09-23T08:44:31.5893723Z hint: call:
2026-09-23T08:44:31.5894387Z hint:
2026-09-23T08:44:31.5895216Z hint: 	git config --global init.defaultBranch <name>
2026-09-23T08:44:31.5896299Z hint:
2026-09-23T08:44:31.5897515Z hint: Names commonly chosen instead of 'master' are 'main', 'trunk' and
2026-09-23T08:44:31.5899064Z hint: 'development'. The just-created branch can be renamed via this command:
2026-09-23T08:44:31.5900291Z hint:
2026-09-23T08:44:31.5901071Z hint: 	git branch -m <name>
2026-09-23T08:44:31.5901961Z hint:
2026-09-23T08:44:31.5903043Z hint: Disable this message with "git config set advice.defaultBranchName false"
2026-09-23T08:44:31.5904833Z Initialized empty Git repository in /home/runner/work/log-generation/log-generation/.git/
2026-09-23T08:44:31.5908038Z [command]/usr/bin/git remote add origin https://github.com/DhruvHegde/log-generation
2026-09-23T08:44:31.5956413Z ##[endgroup]
2026-09-23T08:44:31.5958252Z ##[group]Disabling automatic garbage collection
2026-09-23T08:44:31.5961404Z [command]/usr/bin/git config --local gc.auto 0
2026-09-23T08:44:31.5993538Z ##[endgroup]
2026-09-23T08:44:31.5994808Z ##[group]Setting up auth
2026-09-23T08:44:31.6001308Z [command]/usr/bin/git config --local --name-only --get-regexp core\.sshCommand
2026-09-23T08:44:31.6034475Z [command]/usr/bin/git submodule foreach --recursive sh -c "git config --local --name-only --get-regexp 'core\.sshCommand' && git config --local --unset-all 'core.sshCommand' || :"
2026-09-23T08:44:31.6414975Z [command]/usr/bin/git config --local --name-only --get-regexp http\.https\:\/\/github\.com\/\.extraheader
2026-09-23T08:44:31.6457279Z [command]/usr/bin/git submodule foreach --recursive sh -c "git config --local --name-only --get-regexp 'http\.https\:\/\/github\.com\/\.extraheader' && git config --local --unset-all 'http.https://github.com/.extraheader' || :"
2026-09-23T08:44:31.6686468Z [command]/usr/bin/git config --local --name-only --get-regexp ^includeIf\.gitdir:
2026-09-23T08:44:31.6722951Z [command]/usr/bin/git submodule foreach --recursive git config --local --show-origin --name-only --get-regexp remote.origin.url
2026-09-23T08:44:31.6950324Z [command]/usr/bin/git config --local http.https://github.com/.extraheader AUTHORIZATION: basic ***
2026-09-23T08:44:31.6990120Z ##[endgroup]
2026-09-23T08:44:31.6991611Z ##[group]Fetching the repository
2026-09-23T08:44:31.7002374Z [command]/usr/bin/git -c protocol.version=2 fetch --no-tags --prune --no-recurse-submodules --depth=1 origin +dfcb6f158e4bd8054252a4da5d0a9edc2ab15d57:refs/remotes/origin/feature/f3-test-failures
2026-09-23T08:44:31.9941486Z From https://github.com/DhruvHegde/log-generation
2026-09-23T08:44:31.9942744Z  * [new ref]         dfcb6f158e4bd8054252a4da5d0a9edc2ab15d57 -> origin/feature/f3-test-failures
2026-09-23T08:44:31.9948094Z ##[endgroup]
2026-09-23T08:44:31.9949915Z ##[group]Determining the checkout info
2026-09-23T08:44:31.9952043Z ##[endgroup]
2026-09-23T08:44:31.9957880Z [command]/usr/bin/git sparse-checkout disable
2026-09-23T08:44:32.0011321Z [command]/usr/bin/git config --local --unset-all extensions.worktreeConfig
2026-09-23T08:44:32.0042837Z ##[group]Checking out the ref
2026-09-23T08:44:32.0047782Z [command]/usr/bin/git checkout --progress --force -B feature/f3-test-failures refs/remotes/origin/feature/f3-test-failures
2026-09-23T08:44:32.0125504Z Switched to a new branch 'feature/f3-test-failures'
2026-09-23T08:44:32.0132476Z branch 'feature/f3-test-failures' set up to track 'origin/feature/f3-test-failures'.
2026-09-23T08:44:32.0137666Z ##[endgroup]
2026-09-23T08:44:32.0178347Z [command]/usr/bin/git log -1 --format=%H
2026-09-23T08:44:32.0204616Z dfcb6f158e4bd8054252a4da5d0a9edc2ab15d57
2026-09-23T08:44:32.0488908Z Node 20 is being deprecated. This workflow is running with Node 24 by default. If you need to temporarily use Node 20, you can set the ACTIONS_ALLOW_USE_UNSECURE_NODE_VERSION=true environment variable. For more information see: https://github.blog/changelog/2025-09-19-deprecation-of-node-20-on-github-actions-runners/
2026-09-23T08:44:32.0492199Z ##[group]Run actions/setup-python@v5
2026-09-23T08:44:32.0492811Z with:
2026-09-23T08:44:32.0493282Z   python-version: 3.11
2026-09-23T08:44:32.0493806Z   check-latest: false
2026-09-23T08:44:32.0498439Z   token: ***
2026-09-23T08:44:32.0498956Z   update-environment: true
2026-09-23T08:44:32.0499505Z   allow-prereleases: false
2026-09-23T08:44:32.0500037Z   freethreaded: false
2026-09-23T08:44:32.0500534Z ##[endgroup]
2026-09-23T08:44:32.1811954Z ##[group]Installed versions
2026-09-23T08:44:32.1905758Z (node:2243) [DEP0040] DeprecationWarning: The `punycode` module is deprecated. Please use a userland alternative instead.
2026-09-23T08:44:32.1908173Z (Use `node --trace-deprecation ...` to show where the warning was created)
2026-09-23T08:44:32.1909510Z Successfully set up CPython (3.11.16)
2026-09-23T08:44:32.1911329Z ##[endgroup]
2026-09-23T08:44:32.2092935Z ##[group]Run pip install --no-cache-dir pytest
2026-09-23T08:44:32.2093872Z [36;1mpip install --no-cache-dir pytest[0m
2026-09-23T08:44:32.2152086Z shell: /usr/bin/bash -e {0}
2026-09-23T08:44:32.2152769Z env:
2026-09-23T08:44:32.2153367Z   pythonLocation: /opt/hostedtoolcache/Python/3.11.16/x64
2026-09-23T08:44:32.2154256Z   PKG_CONFIG_PATH: /opt/hostedtoolcache/Python/3.11.16/x64/lib/pkgconfig
2026-09-23T08:44:32.2155689Z   Python_ROOT_DIR: /opt/hostedtoolcache/Python/3.11.16/x64
2026-09-23T08:44:32.2157302Z   Python2_ROOT_DIR: /opt/hostedtoolcache/Python/3.11.16/x64
2026-09-23T08:44:32.2158678Z   Python3_ROOT_DIR: /opt/hostedtoolcache/Python/3.11.16/x64
2026-09-23T08:44:32.2248264Z   LD_LIBRARY_PATH: /opt/hostedtoolcache/Python/3.11.16/x64/lib
2026-09-23T08:44:32.2249889Z ##[endgroup]
2026-09-23T08:44:33.0698642Z Collecting pytest
2026-09-23T08:44:33.1173491Z   Downloading pytest-9.1.1-py3-none-any.whl.metadata (7.6 kB)
2026-09-23T08:44:33.1257086Z Collecting iniconfig>=1.0.1 (from pytest)
2026-09-23T08:44:33.1289191Z   Downloading iniconfig-2.3.0-py3-none-any.whl.metadata (2.5 kB)
2026-09-23T08:44:33.1421881Z Collecting packaging>=22 (from pytest)
2026-09-23T08:44:33.1455223Z   Downloading packaging-26.3-py3-none-any.whl.metadata (3.5 kB)
2026-09-23T08:44:33.1530115Z Collecting pluggy<2,>=1.5 (from pytest)
2026-09-23T08:44:33.1562659Z   Downloading pluggy-1.6.0-py3-none-any.whl.metadata (4.8 kB)
2026-09-23T08:44:33.1699101Z Collecting pygments>=2.7.2 (from pytest)
2026-09-23T08:44:33.1731866Z   Downloading pygments-2.21.0-py3-none-any.whl.metadata (2.5 kB)
2026-09-23T08:44:33.1791393Z Downloading pytest-9.1.1-py3-none-any.whl (386 kB)
2026-09-23T08:44:33.1972543Z Downloading pluggy-1.6.0-py3-none-any.whl (20 kB)
2026-09-23T08:44:33.2008432Z Downloading iniconfig-2.3.0-py3-none-any.whl (7.5 kB)
2026-09-23T08:44:33.2042910Z Downloading packaging-26.3-py3-none-any.whl (129 kB)
2026-09-23T08:44:33.2078142Z Downloading pygments-2.21.0-py3-none-any.whl (1.3 MB)
2026-09-23T08:44:33.2174764Z    ââââââââââââââââââââââââââââââââââââââââ 1.3/1.3 MB 171.3 MB/s  0:00:00
2026-09-23T08:44:33.2801681Z Installing collected packages: pygments, pluggy, packaging, iniconfig, pytest
2026-09-23T08:44:34.2279492Z 
2026-09-23T08:44:34.2289626Z Successfully installed iniconfig-2.3.0 packaging-26.3 pluggy-1.6.0 pygments-2.21.0 pytest-9.1.1
2026-09-23T08:44:34.2785257Z ##[group]Run python automation/inject_mutation.py --error-type "KeyError"
2026-09-23T08:44:34.2785889Z [36;1mpython automation/inject_mutation.py --error-type "KeyError"[0m
2026-09-23T08:44:34.2825109Z shell: /usr/bin/bash -e {0}
2026-09-23T08:44:34.2825387Z env:
2026-09-23T08:44:34.2825699Z   pythonLocation: /opt/hostedtoolcache/Python/3.11.16/x64
2026-09-23T08:44:34.2826626Z   PKG_CONFIG_PATH: /opt/hostedtoolcache/Python/3.11.16/x64/lib/pkgconfig
2026-09-23T08:44:34.2827310Z   Python_ROOT_DIR: /opt/hostedtoolcache/Python/3.11.16/x64
2026-09-23T08:44:34.2827727Z   Python2_ROOT_DIR: /opt/hostedtoolcache/Python/3.11.16/x64
2026-09-23T08:44:34.2828144Z   Python3_ROOT_DIR: /opt/hostedtoolcache/Python/3.11.16/x64
2026-09-23T08:44:34.2828548Z   LD_LIBRARY_PATH: /opt/hostedtoolcache/Python/3.11.16/x64/lib
2026-09-23T08:44:34.2828894Z ##[endgroup]
2026-09-23T08:44:34.3123222Z [Mutation Injected] Successfully injected KeyError into tests/test_app.py
2026-09-23T08:44:34.3191685Z ##[group]Run pytest tests/test_app.py -v
2026-09-23T08:44:34.3192060Z [36;1mpytest tests/test_app.py -v[0m
2026-09-23T08:44:34.3228797Z shell: /usr/bin/bash -e {0}
2026-09-23T08:44:34.3229062Z env:
2026-09-23T08:44:34.3229335Z   pythonLocation: /opt/hostedtoolcache/Python/3.11.16/x64
2026-09-23T08:44:34.3229784Z   PKG_CONFIG_PATH: /opt/hostedtoolcache/Python/3.11.16/x64/lib/pkgconfig
2026-09-23T08:44:34.3230252Z   Python_ROOT_DIR: /opt/hostedtoolcache/Python/3.11.16/x64
2026-09-23T08:44:34.3230651Z   Python2_ROOT_DIR: /opt/hostedtoolcache/Python/3.11.16/x64
2026-09-23T08:44:34.3231036Z   Python3_ROOT_DIR: /opt/hostedtoolcache/Python/3.11.16/x64
2026-09-23T08:44:34.3231420Z   LD_LIBRARY_PATH: /opt/hostedtoolcache/Python/3.11.16/x64/lib
2026-09-23T08:44:34.3231749Z ##[endgroup]
2026-09-23T08:44:34.5465490Z ============================= test session starts ==============================
2026-09-23T08:44:34.5466502Z platform linux -- Python 3.11.16, pytest-9.1.1, pluggy-1.6.0 -- /opt/hostedtoolcache/Python/3.11.16/x64/bin/python
2026-09-23T08:44:34.5467704Z cachedir: .pytest_cache
2026-09-23T08:44:34.5468128Z rootdir: /home/runner/work/log-generation/log-generation
2026-09-23T08:44:34.5468605Z configfile: pytest.ini
2026-09-23T08:44:34.5551058Z collecting ... collected 6 items
2026-09-23T08:44:34.5551506Z 
2026-09-23T08:44:34.5559932Z tests/test_app.py::test_calculate_division PASSED                        [ 16%]
2026-09-23T08:44:34.5567044Z tests/test_app.py::test_convert_to_int PASSED                            [ 33%]
2026-09-23T08:44:34.5574651Z tests/test_app.py::test_get_list_item PASSED                             [ 50%]
2026-09-23T08:44:34.5581769Z tests/test_app.py::test_get_dict_value PASSED                            [ 66%]
2026-09-23T08:44:34.5588501Z tests/test_app.py::test_assert_positive PASSED                           [ 83%]
2026-09-23T08:44:34.5869717Z tests/test_app.py::test_key_error FAILED                                 [100%]
2026-09-23T08:44:34.5870357Z 
2026-09-23T08:44:34.5870638Z =================================== FAILURES ===================================
2026-09-23T08:44:34.5871205Z ________________________________ test_key_error ________________________________
2026-09-23T08:44:34.5871539Z 
2026-09-23T08:44:34.5871658Z     def test_key_error():
2026-09-23T08:44:34.5871959Z         """Injected synthetic KeyError."""
2026-09-23T08:44:34.5872319Z         from src.app import get_dict_value
2026-09-23T08:44:34.5872687Z         config = {"env": "staging", "retries": 3}
2026-09-23T08:44:34.5873092Z >       get_dict_value(config, "missing_auth_token")
2026-09-23T08:44:34.5873368Z 
2026-09-23T08:44:34.5873480Z tests/test_app.py:138: 
2026-09-23T08:44:34.5873827Z _ _ _ _ _ _ _ _ _ _ _ _ _ _ _ _ _ _ _ _ _ _ _ _ _ _ _ _ _ _ _ _ _ _ _ _ _ _ _ _ 
2026-09-23T08:44:34.5874130Z 
2026-09-23T08:44:34.5874333Z d = {'env': 'staging', 'retries': 3}, key = 'missing_auth_token'
2026-09-23T08:44:34.5874642Z 
2026-09-23T08:44:34.5874761Z     def get_dict_value(d, key):
2026-09-23T08:44:34.5875059Z >       return d[key]
2026-09-23T08:44:34.5875308Z                ^^^^^^
2026-09-23T08:44:34.5875575Z E       KeyError: 'missing_auth_token'
2026-09-23T08:44:34.5875805Z 
2026-09-23T08:44:34.5875919Z src/app.py:11: KeyError
2026-09-23T08:44:34.5876292Z =========================== short test summary info ============================
2026-09-23T08:44:34.5877643Z FAILED tests/test_app.py::test_key_error - KeyError: 'missing_auth_token'
2026-09-23T08:44:34.5878308Z ========================= 1 failed, 5 passed in 0.03s ==========================
2026-09-23T08:44:34.6070308Z ##[error]Process completed with exit code 1.
2026-09-23T08:44:34.6221445Z Node 20 is being deprecated. This workflow is running with Node 24 by default. If you need to temporarily use Node 20, you can set the ACTIONS_ALLOW_USE_UNSECURE_NODE_VERSION=true environment variable. For more information see: https://github.blog/changelog/2025-09-19-deprecation-of-node-20-on-github-actions-runners/
2026-09-23T08:44:34.6222715Z Post job cleanup.
2026-09-23T08:44:34.7083155Z [command]/usr/bin/git version
2026-09-23T08:44:34.7125717Z git version 2.55.0
2026-09-23T08:44:34.7163220Z Temporarily overriding HOME='/home/runner/work/_temp/30cd680a-23ac-450a-8f93-c463502524b6' before making global git config changes
2026-09-23T08:44:34.7164748Z Adding repository directory to the temporary git global config as a safe directory
2026-09-23T08:44:34.7168981Z [command]/usr/bin/git config --global --add safe.directory /home/runner/work/log-generation/log-generation
2026-09-23T08:44:34.7207522Z [command]/usr/bin/git config --local --name-only --get-regexp core\.sshCommand
2026-09-23T08:44:34.7241946Z [command]/usr/bin/git submodule foreach --recursive sh -c "git config --local --name-only --get-regexp 'core\.sshCommand' && git config --local --unset-all 'core.sshCommand' || :"
2026-09-23T08:44:34.7494775Z [command]/usr/bin/git config --local --name-only --get-regexp http\.https\:\/\/github\.com\/\.extraheader
2026-09-23T08:44:34.7542161Z http.https://github.com/.extraheader
2026-09-23T08:44:34.7545571Z [command]/usr/bin/git config --local --unset-all http.https://github.com/.extraheader
2026-09-23T08:44:34.7582381Z [command]/usr/bin/git submodule foreach --recursive sh -c "git config --local --name-only --get-regexp 'http\.https\:\/\/github\.com\/\.extraheader' && git config --local --unset-all 'http.https://github.com/.extraheader' || :"
2026-09-23T08:44:34.7833176Z [command]/usr/bin/git config --local --name-only --get-regexp ^includeIf\.gitdir:
2026-09-23T08:44:34.7878690Z [command]/usr/bin/git submodule foreach --recursive git config --local --show-origin --name-only --get-regexp remote.origin.url
2026-09-23T08:44:34.8319666Z Cleaning up orphan processes
2026-09-23T08:44:34.8599300Z ##[warning]Node.js 20 is deprecated. The following actions target Node.js 20 but are being forced to run on Node.js 24: actions/checkout@v4, actions/setup-python@v5. For more information see: https://github.blog/changelog/2025-09-19-deprecation-of-node-20-on-github-actions-runners/
