ï»¿2026-09-23T08:45:45.0808422Z Current runner version: '2.337.0'
2026-09-23T08:45:45.0852856Z ##[group]Runner Image Provisioner
2026-09-23T08:45:45.0854768Z Hosted Compute Agent
2026-09-23T08:45:45.0856063Z Version: 20260828.587
2026-09-23T08:45:45.0857154Z Commit: abac92662cab4cc7352de4f9f9d2e2419aad9c29
2026-09-23T08:45:45.0859010Z Build Date: 2026-08-28T16:44:25Z
2026-09-23T08:45:45.0860582Z Worker ID: {91f6769f-6c3f-405b-a735-ffecfd193c7b}
2026-09-23T08:45:45.0861864Z Azure Region: eastus
2026-09-23T08:45:45.0862902Z ##[endgroup]
2026-09-23T08:45:45.0865628Z ##[group]Operating System
2026-09-23T08:45:45.0866756Z Ubuntu
2026-09-23T08:45:45.0867685Z 24.04.5
2026-09-23T08:45:45.0868569Z LTS
2026-09-23T08:45:45.0869847Z ##[endgroup]
2026-09-23T08:45:45.0870759Z ##[group]Runner Image
2026-09-23T08:45:45.0871897Z Image: ubuntu-24.04
2026-09-23T08:45:45.0872842Z Version: 20260907.300.1
2026-09-23T08:45:45.0875174Z Included Software: https://github.com/actions/runner-images/blob/ubuntu24/20260907.300/images/ubuntu/Ubuntu2404-Readme.md
2026-09-23T08:45:45.0877996Z Image Release: https://github.com/actions/runner-images/releases/tag/ubuntu24%2F20260907.300
2026-09-23T08:45:45.0880239Z ##[endgroup]
2026-09-23T08:45:45.0882436Z ##[group]GITHUB_TOKEN Permissions
2026-09-23T08:45:45.0886905Z Contents: read
2026-09-23T08:45:45.0887877Z Metadata: read
2026-09-23T08:45:45.0888886Z Packages: read
2026-09-23T08:45:45.0890189Z ##[endgroup]
2026-09-23T08:45:45.0893727Z Secret source: Actions
2026-09-23T08:45:45.0895479Z Cache mode: write
2026-09-23T08:45:45.0897092Z Prepare workflow directory
2026-09-23T08:45:45.1430542Z Prepare all required actions
2026-09-23T08:45:45.1508599Z Getting action download info
2026-09-23T08:45:45.3717111Z Download action repository 'actions/checkout@v4' (SHA:11d5960a326750d5838078e36cf38b85af677262)
2026-09-23T08:45:45.5028655Z Download action repository 'actions/setup-python@v5' (SHA:a26af69be951a213d495a4c3e4e4022e16d87065)
2026-09-23T08:45:45.6970096Z Complete job name: test-f3 (AssertionError #209)
2026-09-23T08:45:45.7805622Z Node 20 is being deprecated. This workflow is running with Node 24 by default. If you need to temporarily use Node 20, you can set the ACTIONS_ALLOW_USE_UNSECURE_NODE_VERSION=true environment variable. For more information see: https://github.blog/changelog/2025-09-19-deprecation-of-node-20-on-github-actions-runners/
2026-09-23T08:45:45.7814850Z ##[group]Run actions/checkout@v4
2026-09-23T08:45:45.7815595Z with:
2026-09-23T08:45:45.7816032Z   fetch-depth: 1
2026-09-23T08:45:45.7816511Z   repository: DhruvHegde/log-generation
2026-09-23T08:45:45.7820988Z   token: ***
2026-09-23T08:45:45.7821438Z   ssh-strict: true
2026-09-23T08:45:45.7821875Z   ssh-user: git
2026-09-23T08:45:45.7822322Z   persist-credentials: true
2026-09-23T08:45:45.7822805Z   clean: true
2026-09-23T08:45:45.7823245Z   sparse-checkout-cone-mode: true
2026-09-23T08:45:45.7823771Z   fetch-tags: false
2026-09-23T08:45:45.7824214Z   show-progress: true
2026-09-23T08:45:45.7824665Z   lfs: false
2026-09-23T08:45:45.7825116Z   submodules: false
2026-09-23T08:45:45.7825578Z   set-safe-directory: true
2026-09-23T08:45:45.7826119Z   allow-unsafe-pr-checkout: false
2026-09-23T08:45:45.7826993Z ##[endgroup]
2026-09-23T08:45:45.8872736Z Syncing repository: DhruvHegde/log-generation
2026-09-23T08:45:45.8875490Z ##[group]Getting Git version info
2026-09-23T08:45:45.8876783Z Working directory is '/home/runner/work/log-generation/log-generation'
2026-09-23T08:45:45.8878361Z [command]/usr/bin/git version
2026-09-23T08:45:45.8973677Z git version 2.55.0
2026-09-23T08:45:45.9017205Z ##[endgroup]
2026-09-23T08:45:45.9048301Z Temporarily overriding HOME='/home/runner/work/_temp/7146067a-543c-4593-b6e0-482aaa7125c8' before making global git config changes
2026-09-23T08:45:45.9051142Z Adding repository directory to the temporary git global config as a safe directory
2026-09-23T08:45:45.9053335Z [command]/usr/bin/git config --global --add safe.directory /home/runner/work/log-generation/log-generation
2026-09-23T08:45:45.9103291Z Deleting the contents of '/home/runner/work/log-generation/log-generation'
2026-09-23T08:45:45.9111176Z ##[group]Initializing the repository
2026-09-23T08:45:45.9115011Z [command]/usr/bin/git init /home/runner/work/log-generation/log-generation
2026-09-23T08:45:45.9319655Z hint: Using 'master' as the name for the initial branch. This default branch name
2026-09-23T08:45:45.9321937Z hint: will change to "main" in Git 3.0. To configure the initial branch name
2026-09-23T08:45:45.9323853Z hint: to use in all of your new repositories, which will suppress this warning,
2026-09-23T08:45:45.9325678Z hint: call:
2026-09-23T08:45:45.9326433Z hint:
2026-09-23T08:45:45.9327365Z hint: 	git config --global init.defaultBranch <name>
2026-09-23T08:45:45.9328515Z hint:
2026-09-23T08:45:45.9329804Z hint: Names commonly chosen instead of 'master' are 'main', 'trunk' and
2026-09-23T08:45:45.9331476Z hint: 'development'. The just-created branch can be renamed via this command:
2026-09-23T08:45:45.9332859Z hint:
2026-09-23T08:45:45.9333685Z hint: 	git branch -m <name>
2026-09-23T08:45:45.9334768Z hint:
2026-09-23T08:45:45.9335522Z hint: Disable this message with "git config set advice.defaultBranchName false"
2026-09-23T08:45:45.9336632Z Initialized empty Git repository in /home/runner/work/log-generation/log-generation/.git/
2026-09-23T08:45:45.9341544Z [command]/usr/bin/git remote add origin https://github.com/DhruvHegde/log-generation
2026-09-23T08:45:45.9401736Z ##[endgroup]
2026-09-23T08:45:45.9403050Z ##[group]Disabling automatic garbage collection
2026-09-23T08:45:45.9406494Z [command]/usr/bin/git config --local gc.auto 0
2026-09-23T08:45:45.9443156Z ##[endgroup]
2026-09-23T08:45:45.9444518Z ##[group]Setting up auth
2026-09-23T08:45:45.9452318Z [command]/usr/bin/git config --local --name-only --get-regexp core\.sshCommand
2026-09-23T08:45:45.9492616Z [command]/usr/bin/git submodule foreach --recursive sh -c "git config --local --name-only --get-regexp 'core\.sshCommand' && git config --local --unset-all 'core.sshCommand' || :"
2026-09-23T08:45:45.9912840Z [command]/usr/bin/git config --local --name-only --get-regexp http\.https\:\/\/github\.com\/\.extraheader
2026-09-23T08:45:45.9950359Z [command]/usr/bin/git submodule foreach --recursive sh -c "git config --local --name-only --get-regexp 'http\.https\:\/\/github\.com\/\.extraheader' && git config --local --unset-all 'http.https://github.com/.extraheader' || :"
2026-09-23T08:45:46.0177987Z [command]/usr/bin/git config --local --name-only --get-regexp ^includeIf\.gitdir:
2026-09-23T08:45:46.0220166Z [command]/usr/bin/git submodule foreach --recursive git config --local --show-origin --name-only --get-regexp remote.origin.url
2026-09-23T08:45:46.0473339Z [command]/usr/bin/git config --local http.https://github.com/.extraheader AUTHORIZATION: basic ***
2026-09-23T08:45:46.0514349Z ##[endgroup]
2026-09-23T08:45:46.0515873Z ##[group]Fetching the repository
2026-09-23T08:45:46.0526208Z [command]/usr/bin/git -c protocol.version=2 fetch --no-tags --prune --no-recurse-submodules --depth=1 origin +dfcb6f158e4bd8054252a4da5d0a9edc2ab15d57:refs/remotes/origin/feature/f3-test-failures
2026-09-23T08:45:46.2965517Z From https://github.com/DhruvHegde/log-generation
2026-09-23T08:45:46.2966950Z  * [new ref]         dfcb6f158e4bd8054252a4da5d0a9edc2ab15d57 -> origin/feature/f3-test-failures
2026-09-23T08:45:46.2971412Z ##[endgroup]
2026-09-23T08:45:46.2972506Z ##[group]Determining the checkout info
2026-09-23T08:45:46.2974293Z ##[endgroup]
2026-09-23T08:45:46.2980598Z [command]/usr/bin/git sparse-checkout disable
2026-09-23T08:45:46.3043365Z [command]/usr/bin/git config --local --unset-all extensions.worktreeConfig
2026-09-23T08:45:46.3082971Z ##[group]Checking out the ref
2026-09-23T08:45:46.3088676Z [command]/usr/bin/git checkout --progress --force -B feature/f3-test-failures refs/remotes/origin/feature/f3-test-failures
2026-09-23T08:45:46.3177938Z Switched to a new branch 'feature/f3-test-failures'
2026-09-23T08:45:46.3183336Z branch 'feature/f3-test-failures' set up to track 'origin/feature/f3-test-failures'.
2026-09-23T08:45:46.3190455Z ##[endgroup]
2026-09-23T08:45:46.3240198Z [command]/usr/bin/git log -1 --format=%H
2026-09-23T08:45:46.3272945Z dfcb6f158e4bd8054252a4da5d0a9edc2ab15d57
2026-09-23T08:45:46.3591231Z Node 20 is being deprecated. This workflow is running with Node 24 by default. If you need to temporarily use Node 20, you can set the ACTIONS_ALLOW_USE_UNSECURE_NODE_VERSION=true environment variable. For more information see: https://github.blog/changelog/2025-09-19-deprecation-of-node-20-on-github-actions-runners/
2026-09-23T08:45:46.3593993Z ##[group]Run actions/setup-python@v5
2026-09-23T08:45:46.3594529Z with:
2026-09-23T08:45:46.3594952Z   python-version: 3.11
2026-09-23T08:45:46.3595427Z   check-latest: false
2026-09-23T08:45:46.3599694Z   token: ***
2026-09-23T08:45:46.3600173Z   update-environment: true
2026-09-23T08:45:46.3600668Z   allow-prereleases: false
2026-09-23T08:45:46.3601144Z   freethreaded: false
2026-09-23T08:45:46.3601585Z ##[endgroup]
2026-09-23T08:45:46.5033734Z ##[group]Installed versions
2026-09-23T08:45:46.5142232Z (node:2221) [DEP0040] DeprecationWarning: The `punycode` module is deprecated. Please use a userland alternative instead.
2026-09-23T08:45:46.5144725Z (Use `node --trace-deprecation ...` to show where the warning was created)
2026-09-23T08:45:46.5146191Z Successfully set up CPython (3.11.16)
2026-09-23T08:45:46.5147843Z ##[endgroup]
2026-09-23T08:45:46.5333055Z ##[group]Run pip install --no-cache-dir pytest
2026-09-23T08:45:46.5333843Z [36;1mpip install --no-cache-dir pytest[0m
2026-09-23T08:45:46.5392908Z shell: /usr/bin/bash -e {0}
2026-09-23T08:45:46.5393566Z env:
2026-09-23T08:45:46.5394129Z   pythonLocation: /opt/hostedtoolcache/Python/3.11.16/x64
2026-09-23T08:45:46.5395146Z   PKG_CONFIG_PATH: /opt/hostedtoolcache/Python/3.11.16/x64/lib/pkgconfig
2026-09-23T08:45:46.5397246Z   Python_ROOT_DIR: /opt/hostedtoolcache/Python/3.11.16/x64
2026-09-23T08:45:46.5398997Z   Python2_ROOT_DIR: /opt/hostedtoolcache/Python/3.11.16/x64
2026-09-23T08:45:46.5400411Z   Python3_ROOT_DIR: /opt/hostedtoolcache/Python/3.11.16/x64
2026-09-23T08:45:46.5401702Z   LD_LIBRARY_PATH: /opt/hostedtoolcache/Python/3.11.16/x64/lib
2026-09-23T08:45:46.5402769Z ##[endgroup]
2026-09-23T08:45:47.8937397Z Collecting pytest
2026-09-23T08:45:47.9433815Z   Downloading pytest-9.1.1-py3-none-any.whl.metadata (7.6 kB)
2026-09-23T08:45:47.9535990Z Collecting iniconfig>=1.0.1 (from pytest)
2026-09-23T08:45:47.9575360Z   Downloading iniconfig-2.3.0-py3-none-any.whl.metadata (2.5 kB)
2026-09-23T08:45:47.9685175Z Collecting packaging>=22 (from pytest)
2026-09-23T08:45:47.9725487Z   Downloading packaging-26.3-py3-none-any.whl.metadata (3.5 kB)
2026-09-23T08:45:47.9812053Z Collecting pluggy<2,>=1.5 (from pytest)
2026-09-23T08:45:47.9849864Z   Downloading pluggy-1.6.0-py3-none-any.whl.metadata (4.8 kB)
2026-09-23T08:45:47.9998048Z Collecting pygments>=2.7.2 (from pytest)
2026-09-23T08:45:48.0039036Z   Downloading pygments-2.21.0-py3-none-any.whl.metadata (2.5 kB)
2026-09-23T08:45:48.0110439Z Downloading pytest-9.1.1-py3-none-any.whl (386 kB)
2026-09-23T08:45:48.0354905Z Downloading pluggy-1.6.0-py3-none-any.whl (20 kB)
2026-09-23T08:45:48.0393947Z Downloading iniconfig-2.3.0-py3-none-any.whl (7.5 kB)
2026-09-23T08:45:48.0432017Z Downloading packaging-26.3-py3-none-any.whl (129 kB)
2026-09-23T08:45:48.0489484Z Downloading pygments-2.21.0-py3-none-any.whl (1.3 MB)
2026-09-23T08:45:48.0673333Z    ââââââââââââââââââââââââââââââââââââââââ 1.3/1.3 MB 74.8 MB/s  0:00:00
2026-09-23T08:45:48.1411390Z Installing collected packages: pygments, pluggy, packaging, iniconfig, pytest
2026-09-23T08:45:49.2009553Z 
2026-09-23T08:45:49.2020478Z Successfully installed iniconfig-2.3.0 packaging-26.3 pluggy-1.6.0 pygments-2.21.0 pytest-9.1.1
2026-09-23T08:45:49.2905112Z ##[group]Run python automation/inject_mutation.py --error-type "AssertionError"
2026-09-23T08:45:49.2905877Z [36;1mpython automation/inject_mutation.py --error-type "AssertionError"[0m
2026-09-23T08:45:49.2947055Z shell: /usr/bin/bash -e {0}
2026-09-23T08:45:49.2947441Z env:
2026-09-23T08:45:49.2948094Z   pythonLocation: /opt/hostedtoolcache/Python/3.11.16/x64
2026-09-23T08:45:49.2948635Z   PKG_CONFIG_PATH: /opt/hostedtoolcache/Python/3.11.16/x64/lib/pkgconfig
2026-09-23T08:45:49.2949394Z   Python_ROOT_DIR: /opt/hostedtoolcache/Python/3.11.16/x64
2026-09-23T08:45:49.2949901Z   Python2_ROOT_DIR: /opt/hostedtoolcache/Python/3.11.16/x64
2026-09-23T08:45:49.2950380Z   Python3_ROOT_DIR: /opt/hostedtoolcache/Python/3.11.16/x64
2026-09-23T08:45:49.2950840Z   LD_LIBRARY_PATH: /opt/hostedtoolcache/Python/3.11.16/x64/lib
2026-09-23T08:45:49.2951262Z ##[endgroup]
2026-09-23T08:45:49.3314772Z [Mutation Injected] Successfully injected AssertionError into tests/test_app.py
2026-09-23T08:45:49.3416867Z ##[group]Run pytest tests/test_app.py -v
2026-09-23T08:45:49.3417342Z [36;1mpytest tests/test_app.py -v[0m
2026-09-23T08:45:49.3458276Z shell: /usr/bin/bash -e {0}
2026-09-23T08:45:49.3458673Z env:
2026-09-23T08:45:49.3459026Z   pythonLocation: /opt/hostedtoolcache/Python/3.11.16/x64
2026-09-23T08:45:49.3460066Z   PKG_CONFIG_PATH: /opt/hostedtoolcache/Python/3.11.16/x64/lib/pkgconfig
2026-09-23T08:45:49.3460638Z   Python_ROOT_DIR: /opt/hostedtoolcache/Python/3.11.16/x64
2026-09-23T08:45:49.3461075Z   Python2_ROOT_DIR: /opt/hostedtoolcache/Python/3.11.16/x64
2026-09-23T08:45:49.3461534Z   Python3_ROOT_DIR: /opt/hostedtoolcache/Python/3.11.16/x64
2026-09-23T08:45:49.3461976Z   LD_LIBRARY_PATH: /opt/hostedtoolcache/Python/3.11.16/x64/lib
2026-09-23T08:45:49.3462363Z ##[endgroup]
2026-09-23T08:45:49.7513205Z ============================= test session starts ==============================
2026-09-23T08:45:49.7514582Z platform linux -- Python 3.11.16, pytest-9.1.1, pluggy-1.6.0 -- /opt/hostedtoolcache/Python/3.11.16/x64/bin/python
2026-09-23T08:45:49.7515468Z cachedir: .pytest_cache
2026-09-23T08:45:49.7515956Z rootdir: /home/runner/work/log-generation/log-generation
2026-09-23T08:45:49.7516511Z configfile: pytest.ini
2026-09-23T08:45:49.7607050Z collecting ... collected 6 items
2026-09-23T08:45:49.7607415Z 
2026-09-23T08:45:49.7616248Z tests/test_app.py::test_calculate_division PASSED                        [ 16%]
2026-09-23T08:45:49.7624067Z tests/test_app.py::test_convert_to_int PASSED                            [ 33%]
2026-09-23T08:45:49.7632134Z tests/test_app.py::test_get_list_item PASSED                             [ 50%]
2026-09-23T08:45:49.7639043Z tests/test_app.py::test_get_dict_value PASSED                            [ 66%]
2026-09-23T08:45:49.7646439Z tests/test_app.py::test_assert_positive PASSED                           [ 83%]
2026-09-23T08:45:49.7911060Z tests/test_app.py::test_assertion_failure FAILED                         [100%]
2026-09-23T08:45:49.7911829Z 
2026-09-23T08:45:49.7912141Z =================================== FAILURES ===================================
2026-09-23T08:45:49.7912760Z ____________________________ test_assertion_failure ____________________________
2026-09-23T08:45:49.7913150Z 
2026-09-23T08:45:49.7913296Z     def test_assertion_failure():
2026-09-23T08:45:49.7913698Z         """Injected synthetic AssertionError."""
2026-09-23T08:45:49.7914127Z         expected_status = 200
2026-09-23T08:45:49.7914459Z         actual_status = 500
2026-09-23T08:45:49.7915069Z >       assert actual_status == expected_status, f"Expected {expected_status}, received {actual_status}"
2026-09-23T08:45:49.7915783Z E       AssertionError: Expected 200, received 500
2026-09-23T08:45:49.7916195Z E       assert 500 == 200
2026-09-23T08:45:49.7916400Z 
2026-09-23T08:45:49.7916603Z tests/test_app.py:138: AssertionError
2026-09-23T08:45:49.7917083Z =========================== short test summary info ============================
2026-09-23T08:45:49.7917848Z FAILED tests/test_app.py::test_assertion_failure - AssertionError: Expected 200, received 500
2026-09-23T08:45:49.7918462Z assert 500 == 200
2026-09-23T08:45:49.7918832Z ========================= 1 failed, 5 passed in 0.03s ==========================
2026-09-23T08:45:49.8121276Z ##[error]Process completed with exit code 1.
2026-09-23T08:45:49.8266385Z Node 20 is being deprecated. This workflow is running with Node 24 by default. If you need to temporarily use Node 20, you can set the ACTIONS_ALLOW_USE_UNSECURE_NODE_VERSION=true environment variable. For more information see: https://github.blog/changelog/2025-09-19-deprecation-of-node-20-on-github-actions-runners/
2026-09-23T08:45:49.8267838Z Post job cleanup.
2026-09-23T08:45:49.9171311Z [command]/usr/bin/git version
2026-09-23T08:45:49.9215920Z git version 2.55.0
2026-09-23T08:45:49.9261611Z Temporarily overriding HOME='/home/runner/work/_temp/f1288b6d-3640-4727-86ef-95e47c055970' before making global git config changes
2026-09-23T08:45:49.9262813Z Adding repository directory to the temporary git global config as a safe directory
2026-09-23T08:45:49.9268213Z [command]/usr/bin/git config --global --add safe.directory /home/runner/work/log-generation/log-generation
2026-09-23T08:45:49.9313699Z [command]/usr/bin/git config --local --name-only --get-regexp core\.sshCommand
2026-09-23T08:45:49.9353518Z [command]/usr/bin/git submodule foreach --recursive sh -c "git config --local --name-only --get-regexp 'core\.sshCommand' && git config --local --unset-all 'core.sshCommand' || :"
2026-09-23T08:45:49.9619420Z [command]/usr/bin/git config --local --name-only --get-regexp http\.https\:\/\/github\.com\/\.extraheader
2026-09-23T08:45:49.9663741Z http.https://github.com/.extraheader
2026-09-23T08:45:49.9679792Z [command]/usr/bin/git config --local --unset-all http.https://github.com/.extraheader
2026-09-23T08:45:49.9719343Z [command]/usr/bin/git submodule foreach --recursive sh -c "git config --local --name-only --get-regexp 'http\.https\:\/\/github\.com\/\.extraheader' && git config --local --unset-all 'http.https://github.com/.extraheader' || :"
2026-09-23T08:45:49.9996959Z [command]/usr/bin/git config --local --name-only --get-regexp ^includeIf\.gitdir:
2026-09-23T08:45:50.0039603Z [command]/usr/bin/git submodule foreach --recursive git config --local --show-origin --name-only --get-regexp remote.origin.url
2026-09-23T08:45:50.0454532Z Cleaning up orphan processes
2026-09-23T08:45:50.0755663Z ##[warning]Node.js 20 is deprecated. The following actions target Node.js 20 but are being forced to run on Node.js 24: actions/checkout@v4, actions/setup-python@v5. For more information see: https://github.blog/changelog/2025-09-19-deprecation-of-node-20-on-github-actions-runners/
