ï»¿2026-09-23T08:44:35.0878211Z Current runner version: '2.337.0'
2026-09-23T08:44:35.0898604Z ##[group]Runner Image Provisioner
2026-09-23T08:44:35.0899231Z Hosted Compute Agent
2026-09-23T08:44:35.0899617Z Version: 20260828.587
2026-09-23T08:44:35.0900049Z Commit: abac92662cab4cc7352de4f9f9d2e2419aad9c29
2026-09-23T08:44:35.0900487Z Build Date: 2026-08-28T16:44:25Z
2026-09-23T08:44:35.0900957Z Worker ID: {1b035c6a-62a0-400b-ae18-bba5764b34cb}
2026-09-23T08:44:35.0901398Z Azure Region: centralus
2026-09-23T08:44:35.0901785Z ##[endgroup]
2026-09-23T08:44:35.0903002Z ##[group]Operating System
2026-09-23T08:44:35.0903366Z Ubuntu
2026-09-23T08:44:35.0903717Z 24.04.5
2026-09-23T08:44:35.0904078Z LTS
2026-09-23T08:44:35.0904368Z ##[endgroup]
2026-09-23T08:44:35.0905093Z ##[group]Runner Image
2026-09-23T08:44:35.0905444Z Image: ubuntu-24.04
2026-09-23T08:44:35.0905804Z Version: 20260907.300.1
2026-09-23T08:44:35.0906712Z Included Software: https://github.com/actions/runner-images/blob/ubuntu24/20260907.300/images/ubuntu/Ubuntu2404-Readme.md
2026-09-23T08:44:35.0907812Z Image Release: https://github.com/actions/runner-images/releases/tag/ubuntu24%2F20260907.300
2026-09-23T08:44:35.0908376Z ##[endgroup]
2026-09-23T08:44:35.0909199Z ##[group]GITHUB_TOKEN Permissions
2026-09-23T08:44:35.0910918Z Contents: read
2026-09-23T08:44:35.0911299Z Metadata: read
2026-09-23T08:44:35.0911670Z Packages: read
2026-09-23T08:44:35.0911998Z ##[endgroup]
2026-09-23T08:44:35.0913617Z Secret source: Actions
2026-09-23T08:44:35.0914141Z Cache mode: write
2026-09-23T08:44:35.0914849Z Prepare workflow directory
2026-09-23T08:44:35.1170732Z Prepare all required actions
2026-09-23T08:44:35.1204050Z Getting action download info
2026-09-23T08:44:35.3655285Z Download action repository 'actions/checkout@v4' (SHA:11d5960a326750d5838078e36cf38b85af677262)
2026-09-23T08:44:35.4684666Z Download action repository 'actions/setup-python@v5' (SHA:a26af69be951a213d495a4c3e4e4022e16d87065)
2026-09-23T08:44:35.6343548Z Complete job name: test-f3 (IndexError #99)
2026-09-23T08:44:35.6850428Z Node 20 is being deprecated. This workflow is running with Node 24 by default. If you need to temporarily use Node 20, you can set the ACTIONS_ALLOW_USE_UNSECURE_NODE_VERSION=true environment variable. For more information see: https://github.blog/changelog/2025-09-19-deprecation-of-node-20-on-github-actions-runners/
2026-09-23T08:44:35.6855951Z ##[group]Run actions/checkout@v4
2026-09-23T08:44:35.6856312Z with:
2026-09-23T08:44:35.6856547Z   fetch-depth: 1
2026-09-23T08:44:35.6857006Z   repository: DhruvHegde/log-generation
2026-09-23T08:44:35.6859281Z   token: ***
2026-09-23T08:44:35.6859514Z   ssh-strict: true
2026-09-23T08:44:35.6859755Z   ssh-user: git
2026-09-23T08:44:35.6860004Z   persist-credentials: true
2026-09-23T08:44:35.6860279Z   clean: true
2026-09-23T08:44:35.6860527Z   sparse-checkout-cone-mode: true
2026-09-23T08:44:35.6860820Z   fetch-tags: false
2026-09-23T08:44:35.6861069Z   show-progress: true
2026-09-23T08:44:35.6861314Z   lfs: false
2026-09-23T08:44:35.6861581Z   submodules: false
2026-09-23T08:44:35.6861839Z   set-safe-directory: true
2026-09-23T08:44:35.6862116Z   allow-unsafe-pr-checkout: false
2026-09-23T08:44:35.6862482Z ##[endgroup]
2026-09-23T08:44:35.7589488Z Syncing repository: DhruvHegde/log-generation
2026-09-23T08:44:35.7590770Z ##[group]Getting Git version info
2026-09-23T08:44:35.7591202Z Working directory is '/home/runner/work/log-generation/log-generation'
2026-09-23T08:44:35.7591868Z [command]/usr/bin/git version
2026-09-23T08:44:35.7658719Z git version 2.55.0
2026-09-23T08:44:35.7673574Z ##[endgroup]
2026-09-23T08:44:35.7687382Z Temporarily overriding HOME='/home/runner/work/_temp/7c6b9ae8-6d2e-4172-9e93-b69bd3707688' before making global git config changes
2026-09-23T08:44:35.7688994Z Adding repository directory to the temporary git global config as a safe directory
2026-09-23T08:44:35.7692183Z [command]/usr/bin/git config --global --add safe.directory /home/runner/work/log-generation/log-generation
2026-09-23T08:44:35.7742484Z Deleting the contents of '/home/runner/work/log-generation/log-generation'
2026-09-23T08:44:35.7747326Z ##[group]Initializing the repository
2026-09-23T08:44:35.7751089Z [command]/usr/bin/git init /home/runner/work/log-generation/log-generation
2026-09-23T08:44:35.7866949Z hint: Using 'master' as the name for the initial branch. This default branch name
2026-09-23T08:44:35.7868324Z hint: will change to "main" in Git 3.0. To configure the initial branch name
2026-09-23T08:44:35.7869939Z hint: to use in all of your new repositories, which will suppress this warning,
2026-09-23T08:44:35.7870739Z hint: call:
2026-09-23T08:44:35.7871447Z hint:
2026-09-23T08:44:35.7872033Z hint: 	git config --global init.defaultBranch <name>
2026-09-23T08:44:35.7872572Z hint:
2026-09-23T08:44:35.7873066Z hint: Names commonly chosen instead of 'master' are 'main', 'trunk' and
2026-09-23T08:44:35.7873860Z hint: 'development'. The just-created branch can be renamed via this command:
2026-09-23T08:44:35.7874479Z hint:
2026-09-23T08:44:35.7874886Z hint: 	git branch -m <name>
2026-09-23T08:44:35.7875293Z hint:
2026-09-23T08:44:35.7875840Z hint: Disable this message with "git config set advice.defaultBranchName false"
2026-09-23T08:44:35.7876933Z Initialized empty Git repository in /home/runner/work/log-generation/log-generation/.git/
2026-09-23T08:44:35.7879847Z [command]/usr/bin/git remote add origin https://github.com/DhruvHegde/log-generation
2026-09-23T08:44:35.7931788Z ##[endgroup]
2026-09-23T08:44:35.7932966Z ##[group]Disabling automatic garbage collection
2026-09-23T08:44:35.7934872Z [command]/usr/bin/git config --local gc.auto 0
2026-09-23T08:44:35.7972366Z ##[endgroup]
2026-09-23T08:44:35.7973038Z ##[group]Setting up auth
2026-09-23T08:44:35.7979038Z [command]/usr/bin/git config --local --name-only --get-regexp core\.sshCommand
2026-09-23T08:44:35.8024006Z [command]/usr/bin/git submodule foreach --recursive sh -c "git config --local --name-only --get-regexp 'core\.sshCommand' && git config --local --unset-all 'core.sshCommand' || :"
2026-09-23T08:44:35.8348038Z [command]/usr/bin/git config --local --name-only --get-regexp http\.https\:\/\/github\.com\/\.extraheader
2026-09-23T08:44:35.8378328Z [command]/usr/bin/git submodule foreach --recursive sh -c "git config --local --name-only --get-regexp 'http\.https\:\/\/github\.com\/\.extraheader' && git config --local --unset-all 'http.https://github.com/.extraheader' || :"
2026-09-23T08:44:35.8566259Z [command]/usr/bin/git config --local --name-only --get-regexp ^includeIf\.gitdir:
2026-09-23T08:44:35.8598979Z [command]/usr/bin/git submodule foreach --recursive git config --local --show-origin --name-only --get-regexp remote.origin.url
2026-09-23T08:44:35.8784445Z [command]/usr/bin/git config --local http.https://github.com/.extraheader AUTHORIZATION: basic ***
2026-09-23T08:44:35.8819694Z ##[endgroup]
2026-09-23T08:44:35.8820286Z ##[group]Fetching the repository
2026-09-23T08:44:35.8826493Z [command]/usr/bin/git -c protocol.version=2 fetch --no-tags --prune --no-recurse-submodules --depth=1 origin +dfcb6f158e4bd8054252a4da5d0a9edc2ab15d57:refs/remotes/origin/feature/f3-test-failures
2026-09-23T08:44:36.2945418Z From https://github.com/DhruvHegde/log-generation
2026-09-23T08:44:36.2946288Z  * [new ref]         dfcb6f158e4bd8054252a4da5d0a9edc2ab15d57 -> origin/feature/f3-test-failures
2026-09-23T08:44:36.2948574Z ##[endgroup]
2026-09-23T08:44:36.2949192Z ##[group]Determining the checkout info
2026-09-23T08:44:36.2950548Z ##[endgroup]
2026-09-23T08:44:36.2955477Z [command]/usr/bin/git sparse-checkout disable
2026-09-23T08:44:36.3300385Z [command]/usr/bin/git config --local --unset-all extensions.worktreeConfig
2026-09-23T08:44:36.3498286Z ##[group]Checking out the ref
2026-09-23T08:44:36.3502318Z [command]/usr/bin/git checkout --progress --force -B feature/f3-test-failures refs/remotes/origin/feature/f3-test-failures
2026-09-23T08:44:36.3660025Z Switched to a new branch 'feature/f3-test-failures'
2026-09-23T08:44:36.3662838Z branch 'feature/f3-test-failures' set up to track 'origin/feature/f3-test-failures'.
2026-09-23T08:44:36.3671001Z ##[endgroup]
2026-09-23T08:44:36.3714222Z [command]/usr/bin/git log -1 --format=%H
2026-09-23T08:44:36.3740388Z dfcb6f158e4bd8054252a4da5d0a9edc2ab15d57
2026-09-23T08:44:36.3961686Z Node 20 is being deprecated. This workflow is running with Node 24 by default. If you need to temporarily use Node 20, you can set the ACTIONS_ALLOW_USE_UNSECURE_NODE_VERSION=true environment variable. For more information see: https://github.blog/changelog/2025-09-19-deprecation-of-node-20-on-github-actions-runners/
2026-09-23T08:44:36.3963792Z ##[group]Run actions/setup-python@v5
2026-09-23T08:44:36.3964113Z with:
2026-09-23T08:44:36.3964378Z   python-version: 3.11
2026-09-23T08:44:36.3964659Z   check-latest: false
2026-09-23T08:44:36.3966998Z   token: ***
2026-09-23T08:44:36.3967266Z   update-environment: true
2026-09-23T08:44:36.3967567Z   allow-prereleases: false
2026-09-23T08:44:36.3967856Z   freethreaded: false
2026-09-23T08:44:36.3968128Z ##[endgroup]
2026-09-23T08:44:36.4962127Z ##[group]Installed versions
2026-09-23T08:44:36.5027992Z (node:2025) [DEP0040] DeprecationWarning: The `punycode` module is deprecated. Please use a userland alternative instead.
2026-09-23T08:44:36.5029206Z (Use `node --trace-deprecation ...` to show where the warning was created)
2026-09-23T08:44:36.5029704Z Successfully set up CPython (3.11.16)
2026-09-23T08:44:36.5030235Z ##[endgroup]
2026-09-23T08:44:36.5215465Z ##[group]Run pip install --no-cache-dir pytest
2026-09-23T08:44:36.5216319Z [36;1mpip install --no-cache-dir pytest[0m
2026-09-23T08:44:36.5279349Z shell: /usr/bin/bash -e {0}
2026-09-23T08:44:36.5279808Z env:
2026-09-23T08:44:36.5280163Z   pythonLocation: /opt/hostedtoolcache/Python/3.11.16/x64
2026-09-23T08:44:36.5280668Z   PKG_CONFIG_PATH: /opt/hostedtoolcache/Python/3.11.16/x64/lib/pkgconfig
2026-09-23T08:44:36.5281169Z   Python_ROOT_DIR: /opt/hostedtoolcache/Python/3.11.16/x64
2026-09-23T08:44:36.5281625Z   Python2_ROOT_DIR: /opt/hostedtoolcache/Python/3.11.16/x64
2026-09-23T08:44:36.5282076Z   Python3_ROOT_DIR: /opt/hostedtoolcache/Python/3.11.16/x64
2026-09-23T08:44:36.5282562Z   LD_LIBRARY_PATH: /opt/hostedtoolcache/Python/3.11.16/x64/lib
2026-09-23T08:44:36.5282955Z ##[endgroup]
2026-09-23T08:44:37.4579856Z Collecting pytest
2026-09-23T08:44:37.5327489Z   Downloading pytest-9.1.1-py3-none-any.whl.metadata (7.6 kB)
2026-09-23T08:44:37.5477560Z Collecting iniconfig>=1.0.1 (from pytest)
2026-09-23T08:44:37.5701738Z   Downloading iniconfig-2.3.0-py3-none-any.whl.metadata (2.5 kB)
2026-09-23T08:44:37.5858860Z Collecting packaging>=22 (from pytest)
2026-09-23T08:44:37.6021237Z   Downloading packaging-26.3-py3-none-any.whl.metadata (3.5 kB)
2026-09-23T08:44:37.6190125Z Collecting pluggy<2,>=1.5 (from pytest)
2026-09-23T08:44:37.6357009Z   Downloading pluggy-1.6.0-py3-none-any.whl.metadata (4.8 kB)
2026-09-23T08:44:37.6537432Z Collecting pygments>=2.7.2 (from pytest)
2026-09-23T08:44:37.6697333Z   Downloading pygments-2.21.0-py3-none-any.whl.metadata (2.5 kB)
2026-09-23T08:44:37.6881489Z Downloading pytest-9.1.1-py3-none-any.whl (386 kB)
2026-09-23T08:44:37.7629102Z Downloading pluggy-1.6.0-py3-none-any.whl (20 kB)
2026-09-23T08:44:37.7798313Z Downloading iniconfig-2.3.0-py3-none-any.whl (7.5 kB)
2026-09-23T08:44:37.7990024Z Downloading packaging-26.3-py3-none-any.whl (129 kB)
2026-09-23T08:44:37.8163134Z Downloading pygments-2.21.0-py3-none-any.whl (1.3 MB)
2026-09-23T08:44:37.8627066Z    ââââââââââââââââââââââââââââââââââââââââ 1.3/1.3 MB 24.7 MB/s  0:00:00
2026-09-23T08:44:38.0249890Z Installing collected packages: pygments, pluggy, packaging, iniconfig, pytest
2026-09-23T08:44:39.1268111Z 
2026-09-23T08:44:39.1276735Z Successfully installed iniconfig-2.3.0 packaging-26.3 pluggy-1.6.0 pygments-2.21.0 pytest-9.1.1
2026-09-23T08:44:39.1944362Z ##[group]Run python automation/inject_mutation.py --error-type "IndexError"
2026-09-23T08:44:39.1944713Z [36;1mpython automation/inject_mutation.py --error-type "IndexError"[0m
2026-09-23T08:44:39.1977512Z shell: /usr/bin/bash -e {0}
2026-09-23T08:44:39.1977664Z env:
2026-09-23T08:44:39.1977826Z   pythonLocation: /opt/hostedtoolcache/Python/3.11.16/x64
2026-09-23T08:44:39.1978242Z   PKG_CONFIG_PATH: /opt/hostedtoolcache/Python/3.11.16/x64/lib/pkgconfig
2026-09-23T08:44:39.1978480Z   Python_ROOT_DIR: /opt/hostedtoolcache/Python/3.11.16/x64
2026-09-23T08:44:39.1978697Z   Python2_ROOT_DIR: /opt/hostedtoolcache/Python/3.11.16/x64
2026-09-23T08:44:39.1978913Z   Python3_ROOT_DIR: /opt/hostedtoolcache/Python/3.11.16/x64
2026-09-23T08:44:39.1979133Z   LD_LIBRARY_PATH: /opt/hostedtoolcache/Python/3.11.16/x64/lib
2026-09-23T08:44:39.1979318Z ##[endgroup]
2026-09-23T08:44:39.3763600Z [Mutation Injected] Successfully injected IndexError into tests/test_app.py
2026-09-23T08:44:39.3829544Z ##[group]Run pytest tests/test_app.py -v
2026-09-23T08:44:39.3829787Z [36;1mpytest tests/test_app.py -v[0m
2026-09-23T08:44:39.3863480Z shell: /usr/bin/bash -e {0}
2026-09-23T08:44:39.3863653Z env:
2026-09-23T08:44:39.3863820Z   pythonLocation: /opt/hostedtoolcache/Python/3.11.16/x64
2026-09-23T08:44:39.3864062Z   PKG_CONFIG_PATH: /opt/hostedtoolcache/Python/3.11.16/x64/lib/pkgconfig
2026-09-23T08:44:39.3864309Z   Python_ROOT_DIR: /opt/hostedtoolcache/Python/3.11.16/x64
2026-09-23T08:44:39.3864520Z   Python2_ROOT_DIR: /opt/hostedtoolcache/Python/3.11.16/x64
2026-09-23T08:44:39.3864730Z   Python3_ROOT_DIR: /opt/hostedtoolcache/Python/3.11.16/x64
2026-09-23T08:44:39.3864980Z   LD_LIBRARY_PATH: /opt/hostedtoolcache/Python/3.11.16/x64/lib
2026-09-23T08:44:39.3865172Z ##[endgroup]
2026-09-23T08:44:40.2388110Z ============================= test session starts ==============================
2026-09-23T08:44:40.2388714Z platform linux -- Python 3.11.16, pytest-9.1.1, pluggy-1.6.0 -- /opt/hostedtoolcache/Python/3.11.16/x64/bin/python
2026-09-23T08:44:40.2389042Z cachedir: .pytest_cache
2026-09-23T08:44:40.2477913Z rootdir: /home/runner/work/log-generation/log-generation
2026-09-23T08:44:40.2478341Z configfile: pytest.ini
2026-09-23T08:44:40.2478589Z collecting ... collected 6 items
2026-09-23T08:44:40.2478762Z 
2026-09-23T08:44:40.2484343Z tests/test_app.py::test_calculate_division PASSED                        [ 16%]
2026-09-23T08:44:40.2488516Z tests/test_app.py::test_convert_to_int PASSED                            [ 33%]
2026-09-23T08:44:40.2492756Z tests/test_app.py::test_get_list_item PASSED                             [ 50%]
2026-09-23T08:44:40.2496875Z tests/test_app.py::test_get_dict_value PASSED                            [ 66%]
2026-09-23T08:44:40.2501498Z tests/test_app.py::test_assert_positive PASSED                           [ 83%]
2026-09-23T08:44:40.2765460Z tests/test_app.py::test_index_error FAILED                               [100%]
2026-09-23T08:44:40.2765991Z 
2026-09-23T08:44:40.2766167Z =================================== FAILURES ===================================
2026-09-23T08:44:40.2766599Z _______________________________ test_index_error _______________________________
2026-09-23T08:44:40.2767161Z 
2026-09-23T08:44:40.2767693Z     def test_index_error():
2026-09-23T08:44:40.2767935Z         """Injected synthetic IndexError."""
2026-09-23T08:44:40.2768228Z         from src.app import get_list_item
2026-09-23T08:44:40.2768476Z         dataset = [10, 20, 30]
2026-09-23T08:44:40.2768717Z >       get_list_item(dataset, 999)
2026-09-23T08:44:40.2768876Z 
2026-09-23T08:44:40.2768979Z tests/test_app.py:138: 
2026-09-23T08:44:40.2769234Z _ _ _ _ _ _ _ _ _ _ _ _ _ _ _ _ _ _ _ _ _ _ _ _ _ _ _ _ _ _ _ _ _ _ _ _ _ _ _ _ 
2026-09-23T08:44:40.2769459Z 
2026-09-23T08:44:40.2769549Z lst = [10, 20, 30], index = 999
2026-09-23T08:44:40.2769719Z 
2026-09-23T08:44:40.2769805Z     def get_list_item(lst, index):
2026-09-23T08:44:40.2770032Z >       return lst[index]
2026-09-23T08:44:40.2770258Z                ^^^^^^^^^^
2026-09-23T08:44:40.2770495Z E       IndexError: list index out of range
2026-09-23T08:44:40.2770715Z 
2026-09-23T08:44:40.2770808Z src/app.py:8: IndexError
2026-09-23T08:44:40.2771085Z =========================== short test summary info ============================
2026-09-23T08:44:40.2771555Z FAILED tests/test_app.py::test_index_error - IndexError: list index out of range
2026-09-23T08:44:40.2772526Z ========================= 1 failed, 5 passed in 0.03s ==========================
2026-09-23T08:44:40.2966063Z ##[error]Process completed with exit code 1.
2026-09-23T08:44:40.3059852Z Node 20 is being deprecated. This workflow is running with Node 24 by default. If you need to temporarily use Node 20, you can set the ACTIONS_ALLOW_USE_UNSECURE_NODE_VERSION=true environment variable. For more information see: https://github.blog/changelog/2025-09-19-deprecation-of-node-20-on-github-actions-runners/
2026-09-23T08:44:40.3060549Z Post job cleanup.
2026-09-23T08:44:40.3643673Z [command]/usr/bin/git version
2026-09-23T08:44:40.3680883Z git version 2.55.0
2026-09-23T08:44:40.3708120Z Temporarily overriding HOME='/home/runner/work/_temp/995c5d9d-085a-450f-adb7-283809ae08fa' before making global git config changes
2026-09-23T08:44:40.3708944Z Adding repository directory to the temporary git global config as a safe directory
2026-09-23T08:44:40.3712749Z [command]/usr/bin/git config --global --add safe.directory /home/runner/work/log-generation/log-generation
2026-09-23T08:44:40.3754923Z [command]/usr/bin/git config --local --name-only --get-regexp core\.sshCommand
2026-09-23T08:44:40.3796320Z [command]/usr/bin/git submodule foreach --recursive sh -c "git config --local --name-only --get-regexp 'core\.sshCommand' && git config --local --unset-all 'core.sshCommand' || :"
2026-09-23T08:44:40.4022613Z [command]/usr/bin/git config --local --name-only --get-regexp http\.https\:\/\/github\.com\/\.extraheader
2026-09-23T08:44:40.4046473Z http.https://github.com/.extraheader
2026-09-23T08:44:40.4057580Z [command]/usr/bin/git config --local --unset-all http.https://github.com/.extraheader
2026-09-23T08:44:40.4094618Z [command]/usr/bin/git submodule foreach --recursive sh -c "git config --local --name-only --get-regexp 'http\.https\:\/\/github\.com\/\.extraheader' && git config --local --unset-all 'http.https://github.com/.extraheader' || :"
2026-09-23T08:44:40.4318795Z [command]/usr/bin/git config --local --name-only --get-regexp ^includeIf\.gitdir:
2026-09-23T08:44:40.4354183Z [command]/usr/bin/git submodule foreach --recursive git config --local --show-origin --name-only --get-regexp remote.origin.url
2026-09-23T08:44:40.4672352Z Cleaning up orphan processes
2026-09-23T08:44:40.4880893Z ##[warning]Node.js 20 is deprecated. The following actions target Node.js 20 but are being forced to run on Node.js 24: actions/checkout@v4, actions/setup-python@v5. For more information see: https://github.blog/changelog/2025-09-19-deprecation-of-node-20-on-github-actions-runners/
