ï»¿2026-09-23T08:44:30.5971678Z Current runner version: '2.337.0'
2026-09-23T08:44:30.5993949Z ##[group]Runner Image Provisioner
2026-09-23T08:44:30.5994764Z Hosted Compute Agent
2026-09-23T08:44:30.5995318Z Version: 20260828.587
2026-09-23T08:44:30.5995939Z Commit: abac92662cab4cc7352de4f9f9d2e2419aad9c29
2026-09-23T08:44:30.5996613Z Build Date: 2026-08-28T16:44:25Z
2026-09-23T08:44:30.5997247Z Worker ID: {c6460514-087c-4f5c-a5d5-10e197c3152f}
2026-09-23T08:44:30.5997965Z Azure Region: centralus
2026-09-23T08:44:30.5998506Z ##[endgroup]
2026-09-23T08:44:30.6000276Z ##[group]Operating System
2026-09-23T08:44:30.6000860Z Ubuntu
2026-09-23T08:44:30.6001352Z 24.04.5
2026-09-23T08:44:30.6001874Z LTS
2026-09-23T08:44:30.6002352Z ##[endgroup]
2026-09-23T08:44:30.6003158Z ##[group]Runner Image
2026-09-23T08:44:30.6003753Z Image: ubuntu-24.04
2026-09-23T08:44:30.6004305Z Version: 20260907.300.1
2026-09-23T08:44:30.6005477Z Included Software: https://github.com/actions/runner-images/blob/ubuntu24/20260907.300/images/ubuntu/Ubuntu2404-Readme.md
2026-09-23T08:44:30.6006853Z Image Release: https://github.com/actions/runner-images/releases/tag/ubuntu24%2F20260907.300
2026-09-23T08:44:30.6007740Z ##[endgroup]
2026-09-23T08:44:30.6008875Z ##[group]GITHUB_TOKEN Permissions
2026-09-23T08:44:30.6011123Z Contents: read
2026-09-23T08:44:30.6011639Z Metadata: read
2026-09-23T08:44:30.6012190Z Packages: read
2026-09-23T08:44:30.6012728Z ##[endgroup]
2026-09-23T08:44:30.6014622Z Secret source: Actions
2026-09-23T08:44:30.6015491Z Cache mode: write
2026-09-23T08:44:30.6016435Z Prepare workflow directory
2026-09-23T08:44:30.6572196Z Prepare all required actions
2026-09-23T08:44:30.6637451Z Getting action download info
2026-09-23T08:44:30.9308207Z Download action repository 'actions/checkout@v4' (SHA:11d5960a326750d5838078e36cf38b85af677262)
2026-09-23T08:44:31.0485560Z Download action repository 'actions/setup-python@v5' (SHA:a26af69be951a213d495a4c3e4e4022e16d87065)
2026-09-23T08:44:31.2600639Z Complete job name: test-f3 (IndexError #120)
2026-09-23T08:44:31.3233499Z Node 20 is being deprecated. This workflow is running with Node 24 by default. If you need to temporarily use Node 20, you can set the ACTIONS_ALLOW_USE_UNSECURE_NODE_VERSION=true environment variable. For more information see: https://github.blog/changelog/2025-09-19-deprecation-of-node-20-on-github-actions-runners/
2026-09-23T08:44:31.3241591Z ##[group]Run actions/checkout@v4
2026-09-23T08:44:31.3242288Z with:
2026-09-23T08:44:31.3242743Z   fetch-depth: 1
2026-09-23T08:44:31.3243319Z   repository: DhruvHegde/log-generation
2026-09-23T08:44:31.3247218Z   token: ***
2026-09-23T08:44:31.3247707Z   ssh-strict: true
2026-09-23T08:44:31.3248189Z   ssh-user: git
2026-09-23T08:44:31.3248667Z   persist-credentials: true
2026-09-23T08:44:31.3249246Z   clean: true
2026-09-23T08:44:31.3249878Z   sparse-checkout-cone-mode: true
2026-09-23T08:44:31.3250442Z   fetch-tags: false
2026-09-23T08:44:31.3250938Z   show-progress: true
2026-09-23T08:44:31.3251422Z   lfs: false
2026-09-23T08:44:31.3252022Z   submodules: false
2026-09-23T08:44:31.3252533Z   set-safe-directory: true
2026-09-23T08:44:31.3253108Z   allow-unsafe-pr-checkout: false
2026-09-23T08:44:31.3253846Z ##[endgroup]
2026-09-23T08:44:31.4210590Z Syncing repository: DhruvHegde/log-generation
2026-09-23T08:44:31.4212456Z ##[group]Getting Git version info
2026-09-23T08:44:31.4213260Z Working directory is '/home/runner/work/log-generation/log-generation'
2026-09-23T08:44:31.4214581Z [command]/usr/bin/git version
2026-09-23T08:44:31.4280894Z git version 2.55.0
2026-09-23T08:44:31.4300369Z ##[endgroup]
2026-09-23T08:44:31.4312401Z Temporarily overriding HOME='/home/runner/work/_temp/2c93dcf3-d404-44df-ba87-326228e4654f' before making global git config changes
2026-09-23T08:44:31.4314821Z Adding repository directory to the temporary git global config as a safe directory
2026-09-23T08:44:31.4317864Z [command]/usr/bin/git config --global --add safe.directory /home/runner/work/log-generation/log-generation
2026-09-23T08:44:31.4365070Z Deleting the contents of '/home/runner/work/log-generation/log-generation'
2026-09-23T08:44:31.4369486Z ##[group]Initializing the repository
2026-09-23T08:44:31.4374494Z [command]/usr/bin/git init /home/runner/work/log-generation/log-generation
2026-09-23T08:44:31.4467067Z hint: Using 'master' as the name for the initial branch. This default branch name
2026-09-23T08:44:31.4468767Z hint: will change to "main" in Git 3.0. To configure the initial branch name
2026-09-23T08:44:31.4470444Z hint: to use in all of your new repositories, which will suppress this warning,
2026-09-23T08:44:31.4477434Z hint: call:
2026-09-23T08:44:31.4483016Z hint:
2026-09-23T08:44:31.4483983Z hint: 	git config --global init.defaultBranch <name>
2026-09-23T08:44:31.4484875Z hint:
2026-09-23T08:44:31.4485719Z hint: Names commonly chosen instead of 'master' are 'main', 'trunk' and
2026-09-23T08:44:31.4487045Z hint: 'development'. The just-created branch can be renamed via this command:
2026-09-23T08:44:31.4488136Z hint:
2026-09-23T08:44:31.4488837Z hint: 	git branch -m <name>
2026-09-23T08:44:31.4489777Z hint:
2026-09-23T08:44:31.4490761Z hint: Disable this message with "git config set advice.defaultBranchName false"
2026-09-23T08:44:31.4492351Z Initialized empty Git repository in /home/runner/work/log-generation/log-generation/.git/
2026-09-23T08:44:31.4494911Z [command]/usr/bin/git remote add origin https://github.com/DhruvHegde/log-generation
2026-09-23T08:44:31.4518273Z ##[endgroup]
2026-09-23T08:44:31.4519785Z ##[group]Disabling automatic garbage collection
2026-09-23T08:44:31.4521225Z [command]/usr/bin/git config --local gc.auto 0
2026-09-23T08:44:31.4546922Z ##[endgroup]
2026-09-23T08:44:31.4548195Z ##[group]Setting up auth
2026-09-23T08:44:31.4552709Z [command]/usr/bin/git config --local --name-only --get-regexp core\.sshCommand
2026-09-23T08:44:31.4578390Z [command]/usr/bin/git submodule foreach --recursive sh -c "git config --local --name-only --get-regexp 'core\.sshCommand' && git config --local --unset-all 'core.sshCommand' || :"
2026-09-23T08:44:31.4887045Z [command]/usr/bin/git config --local --name-only --get-regexp http\.https\:\/\/github\.com\/\.extraheader
2026-09-23T08:44:31.4915923Z [command]/usr/bin/git submodule foreach --recursive sh -c "git config --local --name-only --get-regexp 'http\.https\:\/\/github\.com\/\.extraheader' && git config --local --unset-all 'http.https://github.com/.extraheader' || :"
2026-09-23T08:44:31.5102136Z [command]/usr/bin/git config --local --name-only --get-regexp ^includeIf\.gitdir:
2026-09-23T08:44:31.5131685Z [command]/usr/bin/git submodule foreach --recursive git config --local --show-origin --name-only --get-regexp remote.origin.url
2026-09-23T08:44:31.5304028Z [command]/usr/bin/git config --local http.https://github.com/.extraheader AUTHORIZATION: basic ***
2026-09-23T08:44:31.5332183Z ##[endgroup]
2026-09-23T08:44:31.5333096Z ##[group]Fetching the repository
2026-09-23T08:44:31.5340660Z [command]/usr/bin/git -c protocol.version=2 fetch --no-tags --prune --no-recurse-submodules --depth=1 origin +dfcb6f158e4bd8054252a4da5d0a9edc2ab15d57:refs/remotes/origin/feature/f3-test-failures
2026-09-23T08:44:31.8924437Z From https://github.com/DhruvHegde/log-generation
2026-09-23T08:44:31.8925862Z  * [new ref]         dfcb6f158e4bd8054252a4da5d0a9edc2ab15d57 -> origin/feature/f3-test-failures
2026-09-23T08:44:31.8928836Z ##[endgroup]
2026-09-23T08:44:31.8930115Z ##[group]Determining the checkout info
2026-09-23T08:44:31.8931326Z ##[endgroup]
2026-09-23T08:44:31.8936784Z [command]/usr/bin/git sparse-checkout disable
2026-09-23T08:44:31.8979883Z [command]/usr/bin/git config --local --unset-all extensions.worktreeConfig
2026-09-23T08:44:31.9005583Z ##[group]Checking out the ref
2026-09-23T08:44:31.9009313Z [command]/usr/bin/git checkout --progress --force -B feature/f3-test-failures refs/remotes/origin/feature/f3-test-failures
2026-09-23T08:44:31.9068497Z Switched to a new branch 'feature/f3-test-failures'
2026-09-23T08:44:31.9073593Z branch 'feature/f3-test-failures' set up to track 'origin/feature/f3-test-failures'.
2026-09-23T08:44:31.9077204Z ##[endgroup]
2026-09-23T08:44:31.9111583Z [command]/usr/bin/git log -1 --format=%H
2026-09-23T08:44:31.9132412Z dfcb6f158e4bd8054252a4da5d0a9edc2ab15d57
2026-09-23T08:44:31.9369857Z Node 20 is being deprecated. This workflow is running with Node 24 by default. If you need to temporarily use Node 20, you can set the ACTIONS_ALLOW_USE_UNSECURE_NODE_VERSION=true environment variable. For more information see: https://github.blog/changelog/2025-09-19-deprecation-of-node-20-on-github-actions-runners/
2026-09-23T08:44:31.9372359Z ##[group]Run actions/setup-python@v5
2026-09-23T08:44:31.9372944Z with:
2026-09-23T08:44:31.9373402Z   python-version: 3.11
2026-09-23T08:44:31.9373916Z   check-latest: false
2026-09-23T08:44:31.9377464Z   token: ***
2026-09-23T08:44:31.9377976Z   update-environment: true
2026-09-23T08:44:31.9378524Z   allow-prereleases: false
2026-09-23T08:44:31.9379045Z   freethreaded: false
2026-09-23T08:44:31.9379538Z ##[endgroup]
2026-09-23T08:44:32.0579874Z ##[group]Installed versions
2026-09-23T08:44:32.0689126Z (node:2028) [DEP0040] DeprecationWarning: The `punycode` module is deprecated. Please use a userland alternative instead.
2026-09-23T08:44:32.0691245Z (Use `node --trace-deprecation ...` to show where the warning was created)
2026-09-23T08:44:32.0692302Z Successfully set up CPython (3.11.16)
2026-09-23T08:44:32.0693260Z ##[endgroup]
2026-09-23T08:44:32.0816376Z ##[group]Run pip install --no-cache-dir pytest
2026-09-23T08:44:32.0817218Z [36;1mpip install --no-cache-dir pytest[0m
2026-09-23T08:44:32.0854455Z shell: /usr/bin/bash -e {0}
2026-09-23T08:44:32.0855232Z env:
2026-09-23T08:44:32.0855890Z   pythonLocation: /opt/hostedtoolcache/Python/3.11.16/x64
2026-09-23T08:44:32.0856727Z   PKG_CONFIG_PATH: /opt/hostedtoolcache/Python/3.11.16/x64/lib/pkgconfig
2026-09-23T08:44:32.0857603Z   Python_ROOT_DIR: /opt/hostedtoolcache/Python/3.11.16/x64
2026-09-23T08:44:32.0858406Z   Python2_ROOT_DIR: /opt/hostedtoolcache/Python/3.11.16/x64
2026-09-23T08:44:32.0859141Z   Python3_ROOT_DIR: /opt/hostedtoolcache/Python/3.11.16/x64
2026-09-23T08:44:32.0860215Z   LD_LIBRARY_PATH: /opt/hostedtoolcache/Python/3.11.16/x64/lib
2026-09-23T08:44:32.0860891Z ##[endgroup]
2026-09-23T08:44:33.2120485Z Collecting pytest
2026-09-23T08:44:33.2901419Z   Downloading pytest-9.1.1-py3-none-any.whl.metadata (7.6 kB)
2026-09-23T08:44:33.3048280Z Collecting iniconfig>=1.0.1 (from pytest)
2026-09-23T08:44:33.3153375Z   Downloading iniconfig-2.3.0-py3-none-any.whl.metadata (2.5 kB)
2026-09-23T08:44:33.3327806Z Collecting packaging>=22 (from pytest)
2026-09-23T08:44:33.3432479Z   Downloading packaging-26.3-py3-none-any.whl.metadata (3.5 kB)
2026-09-23T08:44:33.3576810Z Collecting pluggy<2,>=1.5 (from pytest)
2026-09-23T08:44:33.3680232Z   Downloading pluggy-1.6.0-py3-none-any.whl.metadata (4.8 kB)
2026-09-23T08:44:33.3885347Z Collecting pygments>=2.7.2 (from pytest)
2026-09-23T08:44:33.3992732Z   Downloading pygments-2.21.0-py3-none-any.whl.metadata (2.5 kB)
2026-09-23T08:44:33.4116076Z Downloading pytest-9.1.1-py3-none-any.whl (386 kB)
2026-09-23T08:44:33.4551023Z Downloading pluggy-1.6.0-py3-none-any.whl (20 kB)
2026-09-23T08:44:33.4664891Z Downloading iniconfig-2.3.0-py3-none-any.whl (7.5 kB)
2026-09-23T08:44:33.4768521Z Downloading packaging-26.3-py3-none-any.whl (129 kB)
2026-09-23T08:44:33.4913396Z Downloading pygments-2.21.0-py3-none-any.whl (1.3 MB)
2026-09-23T08:44:33.5207841Z    ââââââââââââââââââââââââââââââââââââââââ 1.3/1.3 MB 53.9 MB/s  0:00:00
2026-09-23T08:44:33.5799868Z Installing collected packages: pygments, pluggy, packaging, iniconfig, pytest
2026-09-23T08:44:34.3418080Z 
2026-09-23T08:44:34.3427848Z Successfully installed iniconfig-2.3.0 packaging-26.3 pluggy-1.6.0 pygments-2.21.0 pytest-9.1.1
2026-09-23T08:44:34.4007842Z ##[group]Run python automation/inject_mutation.py --error-type "IndexError"
2026-09-23T08:44:34.4008560Z [36;1mpython automation/inject_mutation.py --error-type "IndexError"[0m
2026-09-23T08:44:34.4033742Z shell: /usr/bin/bash -e {0}
2026-09-23T08:44:34.4034211Z env:
2026-09-23T08:44:34.4034653Z   pythonLocation: /opt/hostedtoolcache/Python/3.11.16/x64
2026-09-23T08:44:34.4035380Z   PKG_CONFIG_PATH: /opt/hostedtoolcache/Python/3.11.16/x64/lib/pkgconfig
2026-09-23T08:44:34.4035948Z   Python_ROOT_DIR: /opt/hostedtoolcache/Python/3.11.16/x64
2026-09-23T08:44:34.4036445Z   Python2_ROOT_DIR: /opt/hostedtoolcache/Python/3.11.16/x64
2026-09-23T08:44:34.4036937Z   Python3_ROOT_DIR: /opt/hostedtoolcache/Python/3.11.16/x64
2026-09-23T08:44:34.4037468Z   LD_LIBRARY_PATH: /opt/hostedtoolcache/Python/3.11.16/x64/lib
2026-09-23T08:44:34.4037943Z ##[endgroup]
2026-09-23T08:44:34.4301923Z [Mutation Injected] Successfully injected IndexError into tests/test_app.py
2026-09-23T08:44:34.4372115Z ##[group]Run pytest tests/test_app.py -v
2026-09-23T08:44:34.4372666Z [36;1mpytest tests/test_app.py -v[0m
2026-09-23T08:44:34.4394478Z shell: /usr/bin/bash -e {0}
2026-09-23T08:44:34.4394898Z env:
2026-09-23T08:44:34.4395313Z   pythonLocation: /opt/hostedtoolcache/Python/3.11.16/x64
2026-09-23T08:44:34.4395858Z   PKG_CONFIG_PATH: /opt/hostedtoolcache/Python/3.11.16/x64/lib/pkgconfig
2026-09-23T08:44:34.4396440Z   Python_ROOT_DIR: /opt/hostedtoolcache/Python/3.11.16/x64
2026-09-23T08:44:34.4396954Z   Python2_ROOT_DIR: /opt/hostedtoolcache/Python/3.11.16/x64
2026-09-23T08:44:34.4397429Z   Python3_ROOT_DIR: /opt/hostedtoolcache/Python/3.11.16/x64
2026-09-23T08:44:34.4397983Z   LD_LIBRARY_PATH: /opt/hostedtoolcache/Python/3.11.16/x64/lib
2026-09-23T08:44:34.4398416Z ##[endgroup]
2026-09-23T08:44:35.4778285Z ============================= test session starts ==============================
2026-09-23T08:44:35.4780528Z platform linux -- Python 3.11.16, pytest-9.1.1, pluggy-1.6.0 -- /opt/hostedtoolcache/Python/3.11.16/x64/bin/python
2026-09-23T08:44:35.4781500Z cachedir: .pytest_cache
2026-09-23T08:44:35.4782044Z rootdir: /home/runner/work/log-generation/log-generation
2026-09-23T08:44:35.4782725Z configfile: pytest.ini
2026-09-23T08:44:35.4852564Z collecting ... collected 6 items
2026-09-23T08:44:35.4853082Z 
2026-09-23T08:44:35.4859496Z tests/test_app.py::test_calculate_division PASSED                        [ 16%]
2026-09-23T08:44:35.4865128Z tests/test_app.py::test_convert_to_int PASSED                            [ 33%]
2026-09-23T08:44:35.4870809Z tests/test_app.py::test_get_list_item PASSED                             [ 50%]
2026-09-23T08:44:35.4876163Z tests/test_app.py::test_get_dict_value PASSED                            [ 66%]
2026-09-23T08:44:35.4881573Z tests/test_app.py::test_assert_positive PASSED                           [ 83%]
2026-09-23T08:44:35.5115566Z tests/test_app.py::test_index_error FAILED                               [100%]
2026-09-23T08:44:35.5116312Z 
2026-09-23T08:44:35.5116667Z =================================== FAILURES ===================================
2026-09-23T08:44:35.5117752Z _______________________________ test_index_error _______________________________
2026-09-23T08:44:35.5118325Z 
2026-09-23T08:44:35.5118578Z     def test_index_error():
2026-09-23T08:44:35.5119196Z         """Injected synthetic IndexError."""
2026-09-23T08:44:35.5120063Z         from src.app import get_list_item
2026-09-23T08:44:35.5120591Z         dataset = [10, 20, 30]
2026-09-23T08:44:35.5121053Z >       get_list_item(dataset, 999)
2026-09-23T08:44:35.5121443Z 
2026-09-23T08:44:35.5121612Z tests/test_app.py:138: 
2026-09-23T08:44:35.5122335Z _ _ _ _ _ _ _ _ _ _ _ _ _ _ _ _ _ _ _ _ _ _ _ _ _ _ _ _ _ _ _ _ _ _ _ _ _ _ _ _ 
2026-09-23T08:44:35.5122791Z 
2026-09-23T08:44:35.5123086Z lst = [10, 20, 30], index = 999
2026-09-23T08:44:35.5123351Z 
2026-09-23T08:44:35.5123573Z     def get_list_item(lst, index):
2026-09-23T08:44:35.5124079Z >       return lst[index]
2026-09-23T08:44:35.5124639Z                ^^^^^^^^^^
2026-09-23T08:44:35.5125121Z E       IndexError: list index out of range
2026-09-23T08:44:35.5125451Z 
2026-09-23T08:44:35.5125671Z src/app.py:8: IndexError
2026-09-23T08:44:35.5126269Z =========================== short test summary info ============================
2026-09-23T08:44:35.5127107Z FAILED tests/test_app.py::test_index_error - IndexError: list index out of range
2026-09-23T08:44:35.5128365Z ========================= 1 failed, 5 passed in 0.02s ==========================
2026-09-23T08:44:35.5322126Z ##[error]Process completed with exit code 1.
2026-09-23T08:44:35.5454230Z Node 20 is being deprecated. This workflow is running with Node 24 by default. If you need to temporarily use Node 20, you can set the ACTIONS_ALLOW_USE_UNSECURE_NODE_VERSION=true environment variable. For more information see: https://github.blog/changelog/2025-09-19-deprecation-of-node-20-on-github-actions-runners/
2026-09-23T08:44:35.5455473Z Post job cleanup.
2026-09-23T08:44:35.6229039Z [command]/usr/bin/git version
2026-09-23T08:44:35.6274949Z git version 2.55.0
2026-09-23T08:44:35.6301507Z Temporarily overriding HOME='/home/runner/work/_temp/623f35d2-64ba-450a-8d14-a1e09844c5d2' before making global git config changes
2026-09-23T08:44:35.6303164Z Adding repository directory to the temporary git global config as a safe directory
2026-09-23T08:44:35.6307229Z [command]/usr/bin/git config --global --add safe.directory /home/runner/work/log-generation/log-generation
2026-09-23T08:44:35.6340586Z [command]/usr/bin/git config --local --name-only --get-regexp core\.sshCommand
2026-09-23T08:44:35.6369947Z [command]/usr/bin/git submodule foreach --recursive sh -c "git config --local --name-only --get-regexp 'core\.sshCommand' && git config --local --unset-all 'core.sshCommand' || :"
2026-09-23T08:44:35.6568428Z [command]/usr/bin/git config --local --name-only --get-regexp http\.https\:\/\/github\.com\/\.extraheader
2026-09-23T08:44:35.6590284Z http.https://github.com/.extraheader
2026-09-23T08:44:35.6600802Z [command]/usr/bin/git config --local --unset-all http.https://github.com/.extraheader
2026-09-23T08:44:35.6631510Z [command]/usr/bin/git submodule foreach --recursive sh -c "git config --local --name-only --get-regexp 'http\.https\:\/\/github\.com\/\.extraheader' && git config --local --unset-all 'http.https://github.com/.extraheader' || :"
2026-09-23T08:44:35.6823867Z [command]/usr/bin/git config --local --name-only --get-regexp ^includeIf\.gitdir:
2026-09-23T08:44:35.6851066Z [command]/usr/bin/git submodule foreach --recursive git config --local --show-origin --name-only --get-regexp remote.origin.url
2026-09-23T08:44:35.7227175Z Cleaning up orphan processes
2026-09-23T08:44:35.7464903Z ##[warning]Node.js 20 is deprecated. The following actions target Node.js 20 but are being forced to run on Node.js 24: actions/checkout@v4, actions/setup-python@v5. For more information see: https://github.blog/changelog/2025-09-19-deprecation-of-node-20-on-github-actions-runners/
