ï»¿2026-09-23T08:43:31.0696375Z Current runner version: '2.337.0'
2026-09-23T08:43:31.0717024Z ##[group]Runner Image Provisioner
2026-09-23T08:43:31.0717728Z Hosted Compute Agent
2026-09-23T08:43:31.0718201Z Version: 20260828.587
2026-09-23T08:43:31.0718790Z Commit: abac92662cab4cc7352de4f9f9d2e2419aad9c29
2026-09-23T08:43:31.0719420Z Build Date: 2026-08-28T16:44:25Z
2026-09-23T08:43:31.0719997Z Worker ID: {0f3aa9c5-80f8-42e4-8ea5-c572e3e18ad7}
2026-09-23T08:43:31.0720840Z Azure Region: westus3
2026-09-23T08:43:31.0721312Z ##[endgroup]
2026-09-23T08:43:31.0722797Z ##[group]Operating System
2026-09-23T08:43:31.0723314Z Ubuntu
2026-09-23T08:43:31.0723794Z 24.04.5
2026-09-23T08:43:31.0724231Z LTS
2026-09-23T08:43:31.0724641Z ##[endgroup]
2026-09-23T08:43:31.0725460Z ##[group]Runner Image
2026-09-23T08:43:31.0725955Z Image: ubuntu-24.04
2026-09-23T08:43:31.0726438Z Version: 20260907.300.1
2026-09-23T08:43:31.0727471Z Included Software: https://github.com/actions/runner-images/blob/ubuntu24/20260907.300/images/ubuntu/Ubuntu2404-Readme.md
2026-09-23T08:43:31.0728791Z Image Release: https://github.com/actions/runner-images/releases/tag/ubuntu24%2F20260907.300
2026-09-23T08:43:31.0729591Z ##[endgroup]
2026-09-23T08:43:31.0730804Z ##[group]GITHUB_TOKEN Permissions
2026-09-23T08:43:31.0732609Z Contents: read
2026-09-23T08:43:31.0733149Z Metadata: read
2026-09-23T08:43:31.0733652Z Packages: read
2026-09-23T08:43:31.0734103Z ##[endgroup]
2026-09-23T08:43:31.0735824Z Secret source: Actions
2026-09-23T08:43:31.0736614Z Cache mode: write
2026-09-23T08:43:31.0737526Z Prepare workflow directory
2026-09-23T08:43:31.0995455Z Prepare all required actions
2026-09-23T08:43:31.1034316Z Getting action download info
2026-09-23T08:43:31.4106014Z Download action repository 'actions/checkout@v4' (SHA:11d5960a326750d5838078e36cf38b85af677262)
2026-09-23T08:43:31.7438805Z Download action repository 'actions/setup-python@v5' (SHA:a26af69be951a213d495a4c3e4e4022e16d87065)
2026-09-23T08:43:32.2530810Z Complete job name: test-f3 (AssertionError #29)
2026-09-23T08:43:32.3149715Z Node 20 is being deprecated. This workflow is running with Node 24 by default. If you need to temporarily use Node 20, you can set the ACTIONS_ALLOW_USE_UNSECURE_NODE_VERSION=true environment variable. For more information see: https://github.blog/changelog/2025-09-19-deprecation-of-node-20-on-github-actions-runners/
2026-09-23T08:43:32.3156856Z ##[group]Run actions/checkout@v4
2026-09-23T08:43:32.3157441Z with:
2026-09-23T08:43:32.3157806Z   fetch-depth: 1
2026-09-23T08:43:32.3158219Z   repository: DhruvHegde/log-generation
2026-09-23T08:43:32.3161607Z   token: ***
2026-09-23T08:43:32.3161991Z   ssh-strict: true
2026-09-23T08:43:32.3162372Z   ssh-user: git
2026-09-23T08:43:32.3162755Z   persist-credentials: true
2026-09-23T08:43:32.3163176Z   clean: true
2026-09-23T08:43:32.3163549Z   sparse-checkout-cone-mode: true
2026-09-23T08:43:32.3163990Z   fetch-tags: false
2026-09-23T08:43:32.3164379Z   show-progress: true
2026-09-23T08:43:32.3164777Z   lfs: false
2026-09-23T08:43:32.3165192Z   submodules: false
2026-09-23T08:43:32.3165590Z   set-safe-directory: true
2026-09-23T08:43:32.3166022Z   allow-unsafe-pr-checkout: false
2026-09-23T08:43:32.3166652Z ##[endgroup]
2026-09-23T08:43:32.4018654Z Syncing repository: DhruvHegde/log-generation
2026-09-23T08:43:32.4021361Z ##[group]Getting Git version info
2026-09-23T08:43:32.4022476Z Working directory is '/home/runner/work/log-generation/log-generation'
2026-09-23T08:43:32.4024122Z [command]/usr/bin/git version
2026-09-23T08:43:32.5346759Z git version 2.55.0
2026-09-23T08:43:32.5362968Z ##[endgroup]
2026-09-23T08:43:32.5376814Z Temporarily overriding HOME='/home/runner/work/_temp/46a273fd-f592-4413-ae46-51ef60e91f16' before making global git config changes
2026-09-23T08:43:32.5378790Z Adding repository directory to the temporary git global config as a safe directory
2026-09-23T08:43:32.5381816Z [command]/usr/bin/git config --global --add safe.directory /home/runner/work/log-generation/log-generation
2026-09-23T08:43:32.5996054Z Deleting the contents of '/home/runner/work/log-generation/log-generation'
2026-09-23T08:43:32.5999999Z ##[group]Initializing the repository
2026-09-23T08:43:32.6004616Z [command]/usr/bin/git init /home/runner/work/log-generation/log-generation
2026-09-23T08:43:32.6112767Z hint: Using 'master' as the name for the initial branch. This default branch name
2026-09-23T08:43:32.6113817Z hint: will change to "main" in Git 3.0. To configure the initial branch name
2026-09-23T08:43:32.6115216Z hint: to use in all of your new repositories, which will suppress this warning,
2026-09-23T08:43:32.6116292Z hint: call:
2026-09-23T08:43:32.6116904Z hint:
2026-09-23T08:43:32.6117683Z hint: 	git config --global init.defaultBranch <name>
2026-09-23T08:43:32.6118627Z hint:
2026-09-23T08:43:32.6119492Z hint: Names commonly chosen instead of 'master' are 'main', 'trunk' and
2026-09-23T08:43:32.6121130Z hint: 'development'. The just-created branch can be renamed via this command:
2026-09-23T08:43:32.6122205Z hint:
2026-09-23T08:43:32.6122864Z hint: 	git branch -m <name>
2026-09-23T08:43:32.6123599Z hint:
2026-09-23T08:43:32.6124571Z hint: Disable this message with "git config set advice.defaultBranchName false"
2026-09-23T08:43:32.6126318Z Initialized empty Git repository in /home/runner/work/log-generation/log-generation/.git/
2026-09-23T08:43:32.6128702Z [command]/usr/bin/git remote add origin https://github.com/DhruvHegde/log-generation
2026-09-23T08:43:32.6164889Z ##[endgroup]
2026-09-23T08:43:32.6166011Z ##[group]Disabling automatic garbage collection
2026-09-23T08:43:32.6168473Z [command]/usr/bin/git config --local gc.auto 0
2026-09-23T08:43:32.6195556Z ##[endgroup]
2026-09-23T08:43:32.6196707Z ##[group]Setting up auth
2026-09-23T08:43:32.6201121Z [command]/usr/bin/git config --local --name-only --get-regexp core\.sshCommand
2026-09-23T08:43:32.6229306Z [command]/usr/bin/git submodule foreach --recursive sh -c "git config --local --name-only --get-regexp 'core\.sshCommand' && git config --local --unset-all 'core.sshCommand' || :"
2026-09-23T08:43:33.1132650Z [command]/usr/bin/git config --local --name-only --get-regexp http\.https\:\/\/github\.com\/\.extraheader
2026-09-23T08:43:33.1168740Z [command]/usr/bin/git submodule foreach --recursive sh -c "git config --local --name-only --get-regexp 'http\.https\:\/\/github\.com\/\.extraheader' && git config --local --unset-all 'http.https://github.com/.extraheader' || :"
2026-09-23T08:43:33.1377418Z [command]/usr/bin/git config --local --name-only --get-regexp ^includeIf\.gitdir:
2026-09-23T08:43:33.1413303Z [command]/usr/bin/git submodule foreach --recursive git config --local --show-origin --name-only --get-regexp remote.origin.url
2026-09-23T08:43:33.1626357Z [command]/usr/bin/git config --local http.https://github.com/.extraheader AUTHORIZATION: basic ***
2026-09-23T08:43:33.1659110Z ##[endgroup]
2026-09-23T08:43:33.1660954Z ##[group]Fetching the repository
2026-09-23T08:43:33.1668526Z [command]/usr/bin/git -c protocol.version=2 fetch --no-tags --prune --no-recurse-submodules --depth=1 origin +dfcb6f158e4bd8054252a4da5d0a9edc2ab15d57:refs/remotes/origin/feature/f3-test-failures
2026-09-23T08:43:34.5936987Z From https://github.com/DhruvHegde/log-generation
2026-09-23T08:43:34.5938196Z  * [new ref]         dfcb6f158e4bd8054252a4da5d0a9edc2ab15d57 -> origin/feature/f3-test-failures
2026-09-23T08:43:34.5940767Z ##[endgroup]
2026-09-23T08:43:34.5941352Z ##[group]Determining the checkout info
2026-09-23T08:43:34.5943072Z ##[endgroup]
2026-09-23T08:43:34.5947970Z [command]/usr/bin/git sparse-checkout disable
2026-09-23T08:43:34.5992151Z [command]/usr/bin/git config --local --unset-all extensions.worktreeConfig
2026-09-23T08:43:34.6019415Z ##[group]Checking out the ref
2026-09-23T08:43:34.6023565Z [command]/usr/bin/git checkout --progress --force -B feature/f3-test-failures refs/remotes/origin/feature/f3-test-failures
2026-09-23T08:43:34.6087929Z Switched to a new branch 'feature/f3-test-failures'
2026-09-23T08:43:34.6092748Z branch 'feature/f3-test-failures' set up to track 'origin/feature/f3-test-failures'.
2026-09-23T08:43:34.6097965Z ##[endgroup]
2026-09-23T08:43:34.6132430Z [command]/usr/bin/git log -1 --format=%H
2026-09-23T08:43:34.6154911Z dfcb6f158e4bd8054252a4da5d0a9edc2ab15d57
2026-09-23T08:43:34.6369174Z Node 20 is being deprecated. This workflow is running with Node 24 by default. If you need to temporarily use Node 20, you can set the ACTIONS_ALLOW_USE_UNSECURE_NODE_VERSION=true environment variable. For more information see: https://github.blog/changelog/2025-09-19-deprecation-of-node-20-on-github-actions-runners/
2026-09-23T08:43:34.6370832Z ##[group]Run actions/setup-python@v5
2026-09-23T08:43:34.6371100Z with:
2026-09-23T08:43:34.6371323Z   python-version: 3.11
2026-09-23T08:43:34.6371556Z   check-latest: false
2026-09-23T08:43:34.6373508Z   token: ***
2026-09-23T08:43:34.6373728Z   update-environment: true
2026-09-23T08:43:34.6373974Z   allow-prereleases: false
2026-09-23T08:43:34.6374213Z   freethreaded: false
2026-09-23T08:43:34.6374434Z ##[endgroup]
2026-09-23T08:43:34.7423292Z ##[group]Installed versions
2026-09-23T08:43:34.8433997Z (node:2021) [DEP0040] DeprecationWarning: The `punycode` module is deprecated. Please use a userland alternative instead.
2026-09-23T08:43:34.8434975Z (Use `node --trace-deprecation ...` to show where the warning was created)
2026-09-23T08:43:34.8435638Z Successfully set up CPython (3.11.16)
2026-09-23T08:43:34.8436254Z ##[endgroup]
2026-09-23T08:43:34.8589326Z ##[group]Run pip install --no-cache-dir pytest
2026-09-23T08:43:34.8589735Z [36;1mpip install --no-cache-dir pytest[0m
2026-09-23T08:43:34.8687444Z shell: /usr/bin/bash -e {0}
2026-09-23T08:43:34.8762931Z env:
2026-09-23T08:43:34.8763366Z   pythonLocation: /opt/hostedtoolcache/Python/3.11.16/x64
2026-09-23T08:43:34.8763839Z   PKG_CONFIG_PATH: /opt/hostedtoolcache/Python/3.11.16/x64/lib/pkgconfig
2026-09-23T08:43:34.8764220Z   Python_ROOT_DIR: /opt/hostedtoolcache/Python/3.11.16/x64
2026-09-23T08:43:34.8764552Z   Python2_ROOT_DIR: /opt/hostedtoolcache/Python/3.11.16/x64
2026-09-23T08:43:34.8764869Z   Python3_ROOT_DIR: /opt/hostedtoolcache/Python/3.11.16/x64
2026-09-23T08:43:34.8765187Z   LD_LIBRARY_PATH: /opt/hostedtoolcache/Python/3.11.16/x64/lib
2026-09-23T08:43:34.8765447Z ##[endgroup]
2026-09-23T08:43:38.8564696Z Collecting pytest
2026-09-23T08:43:38.9204793Z   Downloading pytest-9.1.1-py3-none-any.whl.metadata (7.6 kB)
2026-09-23T08:43:38.9276253Z Collecting iniconfig>=1.0.1 (from pytest)
2026-09-23T08:43:38.9372907Z   Downloading iniconfig-2.3.0-py3-none-any.whl.metadata (2.5 kB)
2026-09-23T08:43:38.9448281Z Collecting packaging>=22 (from pytest)
2026-09-23T08:43:38.9543820Z   Downloading packaging-26.3-py3-none-any.whl.metadata (3.5 kB)
2026-09-23T08:43:38.9605350Z Collecting pluggy<2,>=1.5 (from pytest)
2026-09-23T08:43:38.9700939Z   Downloading pluggy-1.6.0-py3-none-any.whl.metadata (4.8 kB)
2026-09-23T08:43:38.9803109Z Collecting pygments>=2.7.2 (from pytest)
2026-09-23T08:43:38.9899196Z   Downloading pygments-2.21.0-py3-none-any.whl.metadata (2.5 kB)
2026-09-23T08:43:39.0014424Z Downloading pytest-9.1.1-py3-none-any.whl (386 kB)
2026-09-23T08:43:39.0427569Z Downloading pluggy-1.6.0-py3-none-any.whl (20 kB)
2026-09-23T08:43:39.0523247Z Downloading iniconfig-2.3.0-py3-none-any.whl (7.5 kB)
2026-09-23T08:43:39.0617925Z Downloading packaging-26.3-py3-none-any.whl (129 kB)
2026-09-23T08:43:39.0726457Z Downloading pygments-2.21.0-py3-none-any.whl (1.3 MB)
2026-09-23T08:43:39.0993216Z    ââââââââââââââââââââââââââââââââââââââââ 1.3/1.3 MB 56.2 MB/s  0:00:00
2026-09-23T08:43:39.2677215Z Installing collected packages: pygments, pluggy, packaging, iniconfig, pytest
2026-09-23T08:43:40.1518995Z 
2026-09-23T08:43:40.1527605Z Successfully installed iniconfig-2.3.0 packaging-26.3 pluggy-1.6.0 pygments-2.21.0 pytest-9.1.1
2026-09-23T08:43:40.2019934Z ##[group]Run python automation/inject_mutation.py --error-type "AssertionError"
2026-09-23T08:43:40.2020650Z [36;1mpython automation/inject_mutation.py --error-type "AssertionError"[0m
2026-09-23T08:43:40.2054080Z shell: /usr/bin/bash -e {0}
2026-09-23T08:43:40.2054292Z env:
2026-09-23T08:43:40.2054679Z   pythonLocation: /opt/hostedtoolcache/Python/3.11.16/x64
2026-09-23T08:43:40.2055023Z   PKG_CONFIG_PATH: /opt/hostedtoolcache/Python/3.11.16/x64/lib/pkgconfig
2026-09-23T08:43:40.2055353Z   Python_ROOT_DIR: /opt/hostedtoolcache/Python/3.11.16/x64
2026-09-23T08:43:40.2055646Z   Python2_ROOT_DIR: /opt/hostedtoolcache/Python/3.11.16/x64
2026-09-23T08:43:40.2055945Z   Python3_ROOT_DIR: /opt/hostedtoolcache/Python/3.11.16/x64
2026-09-23T08:43:40.2056243Z   LD_LIBRARY_PATH: /opt/hostedtoolcache/Python/3.11.16/x64/lib
2026-09-23T08:43:40.2056497Z ##[endgroup]
2026-09-23T08:43:40.2303697Z [Mutation Injected] Successfully injected AssertionError into tests/test_app.py
2026-09-23T08:43:40.2357813Z ##[group]Run pytest tests/test_app.py -v
2026-09-23T08:43:40.2358093Z [36;1mpytest tests/test_app.py -v[0m
2026-09-23T08:43:40.2388470Z shell: /usr/bin/bash -e {0}
2026-09-23T08:43:40.2388676Z env:
2026-09-23T08:43:40.2388895Z   pythonLocation: /opt/hostedtoolcache/Python/3.11.16/x64
2026-09-23T08:43:40.2389242Z   PKG_CONFIG_PATH: /opt/hostedtoolcache/Python/3.11.16/x64/lib/pkgconfig
2026-09-23T08:43:40.2389585Z   Python_ROOT_DIR: /opt/hostedtoolcache/Python/3.11.16/x64
2026-09-23T08:43:40.2389882Z   Python2_ROOT_DIR: /opt/hostedtoolcache/Python/3.11.16/x64
2026-09-23T08:43:40.2390175Z   Python3_ROOT_DIR: /opt/hostedtoolcache/Python/3.11.16/x64
2026-09-23T08:43:40.2390621Z   LD_LIBRARY_PATH: /opt/hostedtoolcache/Python/3.11.16/x64/lib
2026-09-23T08:43:40.2390875Z ##[endgroup]
2026-09-23T08:43:40.6497264Z ============================= test session starts ==============================
2026-09-23T08:43:40.6498186Z platform linux -- Python 3.11.16, pytest-9.1.1, pluggy-1.6.0 -- /opt/hostedtoolcache/Python/3.11.16/x64/bin/python
2026-09-23T08:43:40.6498858Z cachedir: .pytest_cache
2026-09-23T08:43:40.6499242Z rootdir: /home/runner/work/log-generation/log-generation
2026-09-23T08:43:40.6499649Z configfile: pytest.ini
2026-09-23T08:43:40.6566210Z collecting ... collected 6 items
2026-09-23T08:43:40.6566791Z 
2026-09-23T08:43:40.6572985Z tests/test_app.py::test_calculate_division PASSED                        [ 16%]
2026-09-23T08:43:40.6578078Z tests/test_app.py::test_convert_to_int PASSED                            [ 33%]
2026-09-23T08:43:40.6583308Z tests/test_app.py::test_get_list_item PASSED                             [ 50%]
2026-09-23T08:43:40.6588213Z tests/test_app.py::test_get_dict_value PASSED                            [ 66%]
2026-09-23T08:43:40.6593144Z tests/test_app.py::test_assert_positive PASSED                           [ 83%]
2026-09-23T08:43:40.6810210Z tests/test_app.py::test_assertion_failure FAILED                         [100%]
2026-09-23T08:43:40.6810733Z 
2026-09-23T08:43:40.6810942Z =================================== FAILURES ===================================
2026-09-23T08:43:40.6811411Z ____________________________ test_assertion_failure ____________________________
2026-09-23T08:43:40.6811723Z 
2026-09-23T08:43:40.6811835Z     def test_assertion_failure():
2026-09-23T08:43:40.6812148Z         """Injected synthetic AssertionError."""
2026-09-23T08:43:40.6812489Z         expected_status = 200
2026-09-23T08:43:40.6812795Z         actual_status = 500
2026-09-23T08:43:40.6813338Z >       assert actual_status == expected_status, f"Expected {expected_status}, received {actual_status}"
2026-09-23T08:43:40.6813880Z E       AssertionError: Expected 200, received 500
2026-09-23T08:43:40.6814126Z E       assert 500 == 200
2026-09-23T08:43:40.6814240Z 
2026-09-23T08:43:40.6814545Z tests/test_app.py:138: AssertionError
2026-09-23T08:43:40.6814933Z =========================== short test summary info ============================
2026-09-23T08:43:40.6815601Z FAILED tests/test_app.py::test_assertion_failure - AssertionError: Expected 200, received 500
2026-09-23T08:43:40.6816143Z assert 500 == 200
2026-09-23T08:43:40.6816501Z ========================= 1 failed, 5 passed in 0.02s ==========================
2026-09-23T08:43:40.6985976Z ##[error]Process completed with exit code 1.
2026-09-23T08:43:40.7093665Z Node 20 is being deprecated. This workflow is running with Node 24 by default. If you need to temporarily use Node 20, you can set the ACTIONS_ALLOW_USE_UNSECURE_NODE_VERSION=true environment variable. For more information see: https://github.blog/changelog/2025-09-19-deprecation-of-node-20-on-github-actions-runners/
2026-09-23T08:43:40.7094728Z Post job cleanup.
2026-09-23T08:43:40.7778806Z [command]/usr/bin/git version
2026-09-23T08:43:40.7813944Z git version 2.55.0
2026-09-23T08:43:40.7844586Z Temporarily overriding HOME='/home/runner/work/_temp/72ddd283-086a-4a73-a616-170e50eac27f' before making global git config changes
2026-09-23T08:43:40.7845685Z Adding repository directory to the temporary git global config as a safe directory
2026-09-23T08:43:40.7850083Z [command]/usr/bin/git config --global --add safe.directory /home/runner/work/log-generation/log-generation
2026-09-23T08:43:40.7885122Z [command]/usr/bin/git config --local --name-only --get-regexp core\.sshCommand
2026-09-23T08:43:40.7915286Z [command]/usr/bin/git submodule foreach --recursive sh -c "git config --local --name-only --get-regexp 'core\.sshCommand' && git config --local --unset-all 'core.sshCommand' || :"
2026-09-23T08:43:40.8131868Z [command]/usr/bin/git config --local --name-only --get-regexp http\.https\:\/\/github\.com\/\.extraheader
2026-09-23T08:43:40.8159274Z http.https://github.com/.extraheader
2026-09-23T08:43:40.8169108Z [command]/usr/bin/git config --local --unset-all http.https://github.com/.extraheader
2026-09-23T08:43:40.8199863Z [command]/usr/bin/git submodule foreach --recursive sh -c "git config --local --name-only --get-regexp 'http\.https\:\/\/github\.com\/\.extraheader' && git config --local --unset-all 'http.https://github.com/.extraheader' || :"
2026-09-23T08:43:40.8419355Z [command]/usr/bin/git config --local --name-only --get-regexp ^includeIf\.gitdir:
2026-09-23T08:43:40.8461462Z [command]/usr/bin/git submodule foreach --recursive git config --local --show-origin --name-only --get-regexp remote.origin.url
2026-09-23T08:43:40.8782848Z Cleaning up orphan processes
2026-09-23T08:43:40.9000931Z ##[warning]Node.js 20 is deprecated. The following actions target Node.js 20 but are being forced to run on Node.js 24: actions/checkout@v4, actions/setup-python@v5. For more information see: https://github.blog/changelog/2025-09-19-deprecation-of-node-20-on-github-actions-runners/
