ï»¿2026-09-23T08:44:39.3890200Z Current runner version: '2.337.0'
2026-09-23T08:44:39.3915685Z ##[group]Runner Image Provisioner
2026-09-23T08:44:39.3916459Z Hosted Compute Agent
2026-09-23T08:44:39.3917031Z Version: 20260828.587
2026-09-23T08:44:39.3917788Z Commit: abac92662cab4cc7352de4f9f9d2e2419aad9c29
2026-09-23T08:44:39.3918470Z Build Date: 2026-08-28T16:44:25Z
2026-09-23T08:44:39.3919106Z Worker ID: {5d8615ec-8a07-456b-8744-5c90e70580d4}
2026-09-23T08:44:39.3919758Z Azure Region: centralus
2026-09-23T08:44:39.3920272Z ##[endgroup]
2026-09-23T08:44:39.3921877Z ##[group]Operating System
2026-09-23T08:44:39.3922444Z Ubuntu
2026-09-23T08:44:39.3922963Z 24.04.5
2026-09-23T08:44:39.3923426Z LTS
2026-09-23T08:44:39.3924215Z ##[endgroup]
2026-09-23T08:44:39.3924837Z ##[group]Runner Image
2026-09-23T08:44:39.3925373Z Image: ubuntu-24.04
2026-09-23T08:44:39.3925896Z Version: 20260920.314.1
2026-09-23T08:44:39.3927037Z Included Software: https://github.com/actions/runner-images/blob/ubuntu24/20260920.314/images/ubuntu/Ubuntu2404-Readme.md
2026-09-23T08:44:39.3928972Z Image Release: https://github.com/actions/runner-images/releases/tag/ubuntu24%2F20260920.314
2026-09-23T08:44:39.3929839Z ##[endgroup]
2026-09-23T08:44:39.3930986Z ##[group]GITHUB_TOKEN Permissions
2026-09-23T08:44:39.3933322Z Contents: read
2026-09-23T08:44:39.3933944Z Metadata: read
2026-09-23T08:44:39.3934453Z Packages: read
2026-09-23T08:44:39.3934936Z ##[endgroup]
2026-09-23T08:44:39.3937042Z Secret source: Actions
2026-09-23T08:44:39.3938163Z Cache mode: write
2026-09-23T08:44:39.3939223Z Prepare workflow directory
2026-09-23T08:44:39.4256305Z Prepare all required actions
2026-09-23T08:44:39.4305560Z Getting action download info
2026-09-23T08:44:39.6920292Z Download action repository 'actions/checkout@v4' (SHA:11d5960a326750d5838078e36cf38b85af677262)
2026-09-23T08:44:39.7890405Z Download action repository 'actions/setup-python@v5' (SHA:a26af69be951a213d495a4c3e4e4022e16d87065)
2026-09-23T08:44:39.9795282Z Complete job name: test-f3 (AssertionError #127)
2026-09-23T08:44:40.0461707Z Node 20 is being deprecated. This workflow is running with Node 24 by default. If you need to temporarily use Node 20, you can set the ACTIONS_ALLOW_USE_UNSECURE_NODE_VERSION=true environment variable. For more information see: https://github.blog/changelog/2025-09-19-deprecation-of-node-20-on-github-actions-runners/
2026-09-23T08:44:40.0470269Z ##[group]Run actions/checkout@v4
2026-09-23T08:44:40.0471024Z with:
2026-09-23T08:44:40.0471564Z   fetch-depth: 1
2026-09-23T08:44:40.0472143Z   repository: DhruvHegde/log-generation
2026-09-23T08:44:40.0475975Z   token: ***
2026-09-23T08:44:40.0476435Z   ssh-strict: true
2026-09-23T08:44:40.0476910Z   ssh-user: git
2026-09-23T08:44:40.0477854Z   persist-credentials: true
2026-09-23T08:44:40.0478537Z   clean: true
2026-09-23T08:44:40.0479016Z   sparse-checkout-cone-mode: true
2026-09-23T08:44:40.0479561Z   fetch-tags: false
2026-09-23T08:44:40.0480036Z   show-progress: true
2026-09-23T08:44:40.0480528Z   lfs: false
2026-09-23T08:44:40.0481084Z   submodules: false
2026-09-23T08:44:40.0481574Z   set-safe-directory: true
2026-09-23T08:44:40.0482116Z   allow-unsafe-pr-checkout: false
2026-09-23T08:44:40.0483017Z ##[endgroup]
2026-09-23T08:44:40.1592300Z Syncing repository: DhruvHegde/log-generation
2026-09-23T08:44:40.1595219Z ##[group]Getting Git version info
2026-09-23T08:44:40.1596459Z Working directory is '/home/runner/work/log-generation/log-generation'
2026-09-23T08:44:40.1598510Z [command]/usr/bin/git version
2026-09-23T08:44:40.1722574Z git version 2.55.0
2026-09-23T08:44:40.1742110Z ##[endgroup]
2026-09-23T08:44:40.1756277Z Temporarily overriding HOME='/home/runner/work/_temp/2cac6e43-ba18-4a60-bb16-6c85bfe4b91a' before making global git config changes
2026-09-23T08:44:40.1758881Z Adding repository directory to the temporary git global config as a safe directory
2026-09-23T08:44:40.1761202Z [command]/usr/bin/git config --global --add safe.directory /home/runner/work/log-generation/log-generation
2026-09-23T08:44:40.1808334Z Deleting the contents of '/home/runner/work/log-generation/log-generation'
2026-09-23T08:44:40.1814976Z ##[group]Initializing the repository
2026-09-23T08:44:40.1819650Z [command]/usr/bin/git init /home/runner/work/log-generation/log-generation
2026-09-23T08:44:40.1916410Z hint: Using 'master' as the name for the initial branch. This default branch name
2026-09-23T08:44:40.1917667Z hint: will change to "main" in Git 3.0. To configure the initial branch name
2026-09-23T08:44:40.1918693Z hint: to use in all of your new repositories, which will suppress this warning,
2026-09-23T08:44:40.1919867Z hint: call:
2026-09-23T08:44:40.1920518Z hint:
2026-09-23T08:44:40.1921336Z hint: 	git config --global init.defaultBranch <name>
2026-09-23T08:44:40.1922331Z hint:
2026-09-23T08:44:40.1923273Z hint: Names commonly chosen instead of 'master' are 'main', 'trunk' and
2026-09-23T08:44:40.1924750Z hint: 'development'. The just-created branch can be renamed via this command:
2026-09-23T08:44:40.1925979Z hint:
2026-09-23T08:44:40.1926724Z hint: 	git branch -m <name>
2026-09-23T08:44:40.1927729Z hint:
2026-09-23T08:44:40.1928755Z hint: Disable this message with "git config set advice.defaultBranchName false"
2026-09-23T08:44:40.1930491Z Initialized empty Git repository in /home/runner/work/log-generation/log-generation/.git/
2026-09-23T08:44:40.1942318Z [command]/usr/bin/git remote add origin https://github.com/DhruvHegde/log-generation
2026-09-23T08:44:40.1981120Z ##[endgroup]
2026-09-23T08:44:40.1982526Z ##[group]Disabling automatic garbage collection
2026-09-23T08:44:40.1988300Z [command]/usr/bin/git config --local gc.auto 0
2026-09-23T08:44:40.2015883Z ##[endgroup]
2026-09-23T08:44:40.2017255Z ##[group]Setting up auth
2026-09-23T08:44:40.2024017Z [command]/usr/bin/git config --local --name-only --get-regexp core\.sshCommand
2026-09-23T08:44:40.2051114Z [command]/usr/bin/git submodule foreach --recursive sh -c "git config --local --name-only --get-regexp 'core\.sshCommand' && git config --local --unset-all 'core.sshCommand' || :"
2026-09-23T08:44:40.2392609Z [command]/usr/bin/git config --local --name-only --get-regexp http\.https\:\/\/github\.com\/\.extraheader
2026-09-23T08:44:40.2425070Z [command]/usr/bin/git submodule foreach --recursive sh -c "git config --local --name-only --get-regexp 'http\.https\:\/\/github\.com\/\.extraheader' && git config --local --unset-all 'http.https://github.com/.extraheader' || :"
2026-09-23T08:44:40.2607805Z [command]/usr/bin/git config --local --name-only --get-regexp ^includeIf\.gitdir:
2026-09-23T08:44:40.2635798Z [command]/usr/bin/git submodule foreach --recursive git config --local --show-origin --name-only --get-regexp remote.origin.url
2026-09-23T08:44:40.2811769Z [command]/usr/bin/git config --local http.https://github.com/.extraheader AUTHORIZATION: basic ***
2026-09-23T08:44:40.2844640Z ##[endgroup]
2026-09-23T08:44:40.2845406Z ##[group]Fetching the repository
2026-09-23T08:44:40.2854968Z [command]/usr/bin/git -c protocol.version=2 fetch --no-tags --prune --no-recurse-submodules --depth=1 origin +dfcb6f158e4bd8054252a4da5d0a9edc2ab15d57:refs/remotes/origin/feature/f3-test-failures
2026-09-23T08:44:40.6121839Z From https://github.com/DhruvHegde/log-generation
2026-09-23T08:44:40.6122786Z  * [new ref]         dfcb6f158e4bd8054252a4da5d0a9edc2ab15d57 -> origin/feature/f3-test-failures
2026-09-23T08:44:40.6126275Z ##[endgroup]
2026-09-23T08:44:40.6126940Z ##[group]Determining the checkout info
2026-09-23T08:44:40.6129038Z ##[endgroup]
2026-09-23T08:44:40.6135259Z [command]/usr/bin/git sparse-checkout disable
2026-09-23T08:44:40.6180726Z [command]/usr/bin/git config --local --unset-all extensions.worktreeConfig
2026-09-23T08:44:40.6204675Z ##[group]Checking out the ref
2026-09-23T08:44:40.6209026Z [command]/usr/bin/git checkout --progress --force -B feature/f3-test-failures refs/remotes/origin/feature/f3-test-failures
2026-09-23T08:44:40.6264802Z Switched to a new branch 'feature/f3-test-failures'
2026-09-23T08:44:40.6271658Z branch 'feature/f3-test-failures' set up to track 'origin/feature/f3-test-failures'.
2026-09-23T08:44:40.6274806Z ##[endgroup]
2026-09-23T08:44:40.6309766Z [command]/usr/bin/git log -1 --format=%H
2026-09-23T08:44:40.6329906Z dfcb6f158e4bd8054252a4da5d0a9edc2ab15d57
2026-09-23T08:44:40.6562075Z Node 20 is being deprecated. This workflow is running with Node 24 by default. If you need to temporarily use Node 20, you can set the ACTIONS_ALLOW_USE_UNSECURE_NODE_VERSION=true environment variable. For more information see: https://github.blog/changelog/2025-09-19-deprecation-of-node-20-on-github-actions-runners/
2026-09-23T08:44:40.6564680Z ##[group]Run actions/setup-python@v5
2026-09-23T08:44:40.6565156Z with:
2026-09-23T08:44:40.6565514Z   python-version: 3.11
2026-09-23T08:44:40.6565917Z   check-latest: false
2026-09-23T08:44:40.6569769Z   token: ***
2026-09-23T08:44:40.6570150Z   update-environment: true
2026-09-23T08:44:40.6570579Z   allow-prereleases: false
2026-09-23T08:44:40.6570997Z   freethreaded: false
2026-09-23T08:44:40.6571389Z ##[endgroup]
2026-09-23T08:44:40.7850034Z ##[group]Installed versions
2026-09-23T08:44:40.7926732Z (node:2167) [DEP0040] DeprecationWarning: The `punycode` module is deprecated. Please use a userland alternative instead.
2026-09-23T08:44:40.7929551Z (Use `node --trace-deprecation ...` to show where the warning was created)
2026-09-23T08:44:40.7931323Z Successfully set up CPython (3.11.16)
2026-09-23T08:44:40.7933183Z ##[endgroup]
2026-09-23T08:44:40.8071895Z ##[group]Run pip install --no-cache-dir pytest
2026-09-23T08:44:40.8072738Z [36;1mpip install --no-cache-dir pytest[0m
2026-09-23T08:44:40.8326422Z shell: /usr/bin/bash -e {0}
2026-09-23T08:44:40.8327107Z env:
2026-09-23T08:44:40.8327918Z   pythonLocation: /opt/hostedtoolcache/Python/3.11.16/x64
2026-09-23T08:44:40.8328877Z   PKG_CONFIG_PATH: /opt/hostedtoolcache/Python/3.11.16/x64/lib/pkgconfig
2026-09-23T08:44:40.8329799Z   Python_ROOT_DIR: /opt/hostedtoolcache/Python/3.11.16/x64
2026-09-23T08:44:40.8330659Z   Python2_ROOT_DIR: /opt/hostedtoolcache/Python/3.11.16/x64
2026-09-23T08:44:40.8331515Z   Python3_ROOT_DIR: /opt/hostedtoolcache/Python/3.11.16/x64
2026-09-23T08:44:40.8332417Z   LD_LIBRARY_PATH: /opt/hostedtoolcache/Python/3.11.16/x64/lib
2026-09-23T08:44:40.8333200Z ##[endgroup]
2026-09-23T08:44:43.5537069Z Collecting pytest
2026-09-23T08:44:43.6231869Z   Downloading pytest-9.1.1-py3-none-any.whl.metadata (7.6 kB)
2026-09-23T08:44:43.6430679Z Collecting iniconfig>=1.0.1 (from pytest)
2026-09-23T08:44:43.6532094Z   Downloading iniconfig-2.3.0-py3-none-any.whl.metadata (2.5 kB)
2026-09-23T08:44:43.6760575Z Collecting packaging>=22 (from pytest)
2026-09-23T08:44:43.6865745Z   Downloading packaging-26.3-py3-none-any.whl.metadata (3.5 kB)
2026-09-23T08:44:43.7065977Z Collecting pluggy<2,>=1.5 (from pytest)
2026-09-23T08:44:43.7166718Z   Downloading pluggy-1.6.0-py3-none-any.whl.metadata (4.8 kB)
2026-09-23T08:44:43.7448404Z Collecting pygments>=2.7.2 (from pytest)
2026-09-23T08:44:43.7551236Z   Downloading pygments-2.21.0-py3-none-any.whl.metadata (2.5 kB)
2026-09-23T08:44:43.7676660Z Downloading pytest-9.1.1-py3-none-any.whl (386 kB)
2026-09-23T08:44:43.8137857Z Downloading pluggy-1.6.0-py3-none-any.whl (20 kB)
2026-09-23T08:44:43.8244936Z Downloading iniconfig-2.3.0-py3-none-any.whl (7.5 kB)
2026-09-23T08:44:43.8353450Z Downloading packaging-26.3-py3-none-any.whl (129 kB)
2026-09-23T08:44:43.8461334Z Downloading pygments-2.21.0-py3-none-any.whl (1.3 MB)
2026-09-23T08:44:43.8763474Z    ââââââââââââââââââââââââââââââââââââââââ 1.3/1.3 MB 47.4 MB/s  0:00:00
2026-09-23T08:44:44.0853319Z Installing collected packages: pygments, pluggy, packaging, iniconfig, pytest
2026-09-23T08:44:44.8872474Z 
2026-09-23T08:44:44.8883812Z Successfully installed iniconfig-2.3.0 packaging-26.3 pluggy-1.6.0 pygments-2.21.0 pytest-9.1.1
2026-09-23T08:44:44.9438151Z ##[group]Run python automation/inject_mutation.py --error-type "AssertionError"
2026-09-23T08:44:44.9438756Z [36;1mpython automation/inject_mutation.py --error-type "AssertionError"[0m
2026-09-23T08:44:44.9478904Z shell: /usr/bin/bash -e {0}
2026-09-23T08:44:44.9479176Z env:
2026-09-23T08:44:44.9479643Z   pythonLocation: /opt/hostedtoolcache/Python/3.11.16/x64
2026-09-23T08:44:44.9480070Z   PKG_CONFIG_PATH: /opt/hostedtoolcache/Python/3.11.16/x64/lib/pkgconfig
2026-09-23T08:44:44.9480490Z   Python_ROOT_DIR: /opt/hostedtoolcache/Python/3.11.16/x64
2026-09-23T08:44:44.9480864Z   Python2_ROOT_DIR: /opt/hostedtoolcache/Python/3.11.16/x64
2026-09-23T08:44:44.9481230Z   Python3_ROOT_DIR: /opt/hostedtoolcache/Python/3.11.16/x64
2026-09-23T08:44:44.9481603Z   LD_LIBRARY_PATH: /opt/hostedtoolcache/Python/3.11.16/x64/lib
2026-09-23T08:44:44.9481925Z ##[endgroup]
2026-09-23T08:44:44.9755774Z [Mutation Injected] Successfully injected AssertionError into tests/test_app.py
2026-09-23T08:44:44.9821319Z ##[group]Run pytest tests/test_app.py -v
2026-09-23T08:44:44.9821657Z [36;1mpytest tests/test_app.py -v[0m
2026-09-23T08:44:44.9860350Z shell: /usr/bin/bash -e {0}
2026-09-23T08:44:44.9860629Z env:
2026-09-23T08:44:44.9860901Z   pythonLocation: /opt/hostedtoolcache/Python/3.11.16/x64
2026-09-23T08:44:44.9861324Z   PKG_CONFIG_PATH: /opt/hostedtoolcache/Python/3.11.16/x64/lib/pkgconfig
2026-09-23T08:44:44.9861744Z   Python_ROOT_DIR: /opt/hostedtoolcache/Python/3.11.16/x64
2026-09-23T08:44:44.9862111Z   Python2_ROOT_DIR: /opt/hostedtoolcache/Python/3.11.16/x64
2026-09-23T08:44:44.9862470Z   Python3_ROOT_DIR: /opt/hostedtoolcache/Python/3.11.16/x64
2026-09-23T08:44:44.9862835Z   LD_LIBRARY_PATH: /opt/hostedtoolcache/Python/3.11.16/x64/lib
2026-09-23T08:44:44.9863140Z ##[endgroup]
2026-09-23T08:44:45.3840694Z ============================= test session starts ==============================
2026-09-23T08:44:45.3842371Z platform linux -- Python 3.11.16, pytest-9.1.1, pluggy-1.6.0 -- /opt/hostedtoolcache/Python/3.11.16/x64/bin/python
2026-09-23T08:44:45.3843550Z cachedir: .pytest_cache
2026-09-23T08:44:45.3844677Z rootdir: /home/runner/work/log-generation/log-generation
2026-09-23T08:44:45.3845354Z configfile: pytest.ini
2026-09-23T08:44:45.3921329Z collecting ... collected 6 items
2026-09-23T08:44:45.3921678Z 
2026-09-23T08:44:45.3929205Z tests/test_app.py::test_calculate_division PASSED                        [ 16%]
2026-09-23T08:44:45.3935857Z tests/test_app.py::test_convert_to_int PASSED                            [ 33%]
2026-09-23T08:44:45.3942163Z tests/test_app.py::test_get_list_item PASSED                             [ 50%]
2026-09-23T08:44:45.3948105Z tests/test_app.py::test_get_dict_value PASSED                            [ 66%]
2026-09-23T08:44:45.3953834Z tests/test_app.py::test_assert_positive PASSED                           [ 83%]
2026-09-23T08:44:45.4156937Z tests/test_app.py::test_assertion_failure FAILED                         [100%]
2026-09-23T08:44:45.4158050Z 
2026-09-23T08:44:45.4158415Z =================================== FAILURES ===================================
2026-09-23T08:44:45.4159396Z ____________________________ test_assertion_failure ____________________________
2026-09-23T08:44:45.4160001Z 
2026-09-23T08:44:45.4160185Z     def test_assertion_failure():
2026-09-23T08:44:45.4160680Z         """Injected synthetic AssertionError."""
2026-09-23T08:44:45.4161236Z         expected_status = 200
2026-09-23T08:44:45.4161697Z         actual_status = 500
2026-09-23T08:44:45.4162445Z >       assert actual_status == expected_status, f"Expected {expected_status}, received {actual_status}"
2026-09-23T08:44:45.4163319Z E       AssertionError: Expected 200, received 500
2026-09-23T08:44:45.4163828Z E       assert 500 == 200
2026-09-23T08:44:45.4164067Z 
2026-09-23T08:44:45.4164266Z tests/test_app.py:138: AssertionError
2026-09-23T08:44:45.4164831Z =========================== short test summary info ============================
2026-09-23T08:44:45.4165763Z FAILED tests/test_app.py::test_assertion_failure - AssertionError: Expected 200, received 500
2026-09-23T08:44:45.4166518Z assert 500 == 200
2026-09-23T08:44:45.4166978Z ========================= 1 failed, 5 passed in 0.02s ==========================
2026-09-23T08:44:45.4351020Z ##[error]Process completed with exit code 1.
2026-09-23T08:44:45.4481915Z Node 20 is being deprecated. This workflow is running with Node 24 by default. If you need to temporarily use Node 20, you can set the ACTIONS_ALLOW_USE_UNSECURE_NODE_VERSION=true environment variable. For more information see: https://github.blog/changelog/2025-09-19-deprecation-of-node-20-on-github-actions-runners/
2026-09-23T08:44:45.4483155Z Post job cleanup.
2026-09-23T08:44:45.5299972Z [command]/usr/bin/git version
2026-09-23T08:44:45.5336645Z git version 2.55.0
2026-09-23T08:44:45.5371888Z Temporarily overriding HOME='/home/runner/work/_temp/8cbd317d-1fe1-45fb-a77c-e0b0c48149fb' before making global git config changes
2026-09-23T08:44:45.5373253Z Adding repository directory to the temporary git global config as a safe directory
2026-09-23T08:44:45.5379450Z [command]/usr/bin/git config --global --add safe.directory /home/runner/work/log-generation/log-generation
2026-09-23T08:44:45.5412295Z [command]/usr/bin/git config --local --name-only --get-regexp core\.sshCommand
2026-09-23T08:44:45.5442000Z [command]/usr/bin/git submodule foreach --recursive sh -c "git config --local --name-only --get-regexp 'core\.sshCommand' && git config --local --unset-all 'core.sshCommand' || :"
2026-09-23T08:44:45.5649368Z [command]/usr/bin/git config --local --name-only --get-regexp http\.https\:\/\/github\.com\/\.extraheader
2026-09-23T08:44:45.5675400Z http.https://github.com/.extraheader
2026-09-23T08:44:45.5686888Z [command]/usr/bin/git config --local --unset-all http.https://github.com/.extraheader
2026-09-23T08:44:45.5717596Z [command]/usr/bin/git submodule foreach --recursive sh -c "git config --local --name-only --get-regexp 'http\.https\:\/\/github\.com\/\.extraheader' && git config --local --unset-all 'http.https://github.com/.extraheader' || :"
2026-09-23T08:44:45.5921727Z [command]/usr/bin/git config --local --name-only --get-regexp ^includeIf\.gitdir:
2026-09-23T08:44:45.5949752Z [command]/usr/bin/git submodule foreach --recursive git config --local --show-origin --name-only --get-regexp remote.origin.url
2026-09-23T08:44:45.6282545Z Cleaning up orphan processes
2026-09-23T08:44:45.6493922Z ##[warning]Node.js 20 is deprecated. The following actions target Node.js 20 but are being forced to run on Node.js 24: actions/checkout@v4, actions/setup-python@v5. For more information see: https://github.blog/changelog/2025-09-19-deprecation-of-node-20-on-github-actions-runners/
