ï»¿2026-09-23T08:48:35.1616016Z Current runner version: '2.337.0'
2026-09-23T08:48:35.1648487Z ##[group]Runner Image Provisioner
2026-09-23T08:48:35.1649968Z Hosted Compute Agent
2026-09-23T08:48:35.1650950Z Version: 20260828.587
2026-09-23T08:48:35.1652324Z Commit: abac92662cab4cc7352de4f9f9d2e2419aad9c29
2026-09-23T08:48:35.1653958Z Build Date: 2026-08-28T16:44:25Z
2026-09-23T08:48:35.1655317Z Worker ID: {b3524ba3-f6d6-4b83-ae56-fe3b1f2f9023}
2026-09-23T08:48:35.1656811Z Azure Region: westcentralus
2026-09-23T08:48:35.1657920Z ##[endgroup]
2026-09-23T08:48:35.1660489Z ##[group]Operating System
2026-09-23T08:48:35.1661738Z Ubuntu
2026-09-23T08:48:35.1662998Z 24.04.5
2026-09-23T08:48:35.1664032Z LTS
2026-09-23T08:48:35.1665553Z ##[endgroup]
2026-09-23T08:48:35.1666624Z ##[group]Runner Image
2026-09-23T08:48:35.1667722Z Image: ubuntu-24.04
2026-09-23T08:48:35.1668821Z Version: 20260920.314.1
2026-09-23T08:48:35.1670907Z Included Software: https://github.com/actions/runner-images/blob/ubuntu24/20260920.314/images/ubuntu/Ubuntu2404-Readme.md
2026-09-23T08:48:35.1674192Z Image Release: https://github.com/actions/runner-images/releases/tag/ubuntu24%2F20260920.314
2026-09-23T08:48:35.1676088Z ##[endgroup]
2026-09-23T08:48:35.1678330Z ##[group]GITHUB_TOKEN Permissions
2026-09-23T08:48:35.1681411Z Contents: read
2026-09-23T08:48:35.1683018Z Metadata: read
2026-09-23T08:48:35.1684070Z Packages: read
2026-09-23T08:48:35.1685158Z ##[endgroup]
2026-09-23T08:48:35.1688457Z Secret source: Actions
2026-09-23T08:48:35.1690181Z Cache mode: write
2026-09-23T08:48:35.1692035Z Prepare workflow directory
2026-09-23T08:48:35.2070124Z Prepare all required actions
2026-09-23T08:48:35.2118628Z Getting action download info
2026-09-23T08:48:35.5219942Z Download action repository 'actions/checkout@v4' (SHA:11d5960a326750d5838078e36cf38b85af677262)
2026-09-23T08:48:35.6304100Z Download action repository 'actions/setup-python@v5' (SHA:a26af69be951a213d495a4c3e4e4022e16d87065)
2026-09-23T08:48:35.8202127Z Complete job name: test-f3 (IndexError #40)
2026-09-23T08:48:35.8983111Z Node 20 is being deprecated. This workflow is running with Node 24 by default. If you need to temporarily use Node 20, you can set the ACTIONS_ALLOW_USE_UNSECURE_NODE_VERSION=true environment variable. For more information see: https://github.blog/changelog/2025-09-19-deprecation-of-node-20-on-github-actions-runners/
2026-09-23T08:48:35.8992207Z ##[group]Run actions/checkout@v4
2026-09-23T08:48:35.8993377Z with:
2026-09-23T08:48:35.8993835Z   fetch-depth: 1
2026-09-23T08:48:35.8994340Z   repository: DhruvHegde/log-generation
2026-09-23T08:48:35.8998106Z   token: ***
2026-09-23T08:48:35.8998569Z   ssh-strict: true
2026-09-23T08:48:35.8999043Z   ssh-user: git
2026-09-23T08:48:35.8999523Z   persist-credentials: true
2026-09-23T08:48:35.9000043Z   clean: true
2026-09-23T08:48:35.9000526Z   sparse-checkout-cone-mode: true
2026-09-23T08:48:35.9001073Z   fetch-tags: false
2026-09-23T08:48:35.9001546Z   show-progress: true
2026-09-23T08:48:35.9002017Z   lfs: false
2026-09-23T08:48:35.9002784Z   submodules: false
2026-09-23T08:48:35.9003285Z   set-safe-directory: true
2026-09-23T08:48:35.9003826Z   allow-unsafe-pr-checkout: false
2026-09-23T08:48:35.9004686Z ##[endgroup]
2026-09-23T08:48:36.0051453Z Syncing repository: DhruvHegde/log-generation
2026-09-23T08:48:36.0054447Z ##[group]Getting Git version info
2026-09-23T08:48:36.0055697Z Working directory is '/home/runner/work/log-generation/log-generation'
2026-09-23T08:48:36.0056887Z [command]/usr/bin/git version
2026-09-23T08:48:36.0135976Z git version 2.55.0
2026-09-23T08:48:36.0175124Z ##[endgroup]
2026-09-23T08:48:36.0183907Z Temporarily overriding HOME='/home/runner/work/_temp/1a23f164-720b-452c-9bfb-374dea5fc167' before making global git config changes
2026-09-23T08:48:36.0185944Z Adding repository directory to the temporary git global config as a safe directory
2026-09-23T08:48:36.0190238Z [command]/usr/bin/git config --global --add safe.directory /home/runner/work/log-generation/log-generation
2026-09-23T08:48:36.0244133Z Deleting the contents of '/home/runner/work/log-generation/log-generation'
2026-09-23T08:48:36.0254180Z ##[group]Initializing the repository
2026-09-23T08:48:36.0261828Z [command]/usr/bin/git init /home/runner/work/log-generation/log-generation
2026-09-23T08:48:36.0362881Z hint: Using 'master' as the name for the initial branch. This default branch name
2026-09-23T08:48:36.0364191Z hint: will change to "main" in Git 3.0. To configure the initial branch name
2026-09-23T08:48:36.0365295Z hint: to use in all of your new repositories, which will suppress this warning,
2026-09-23T08:48:36.0366146Z hint: call:
2026-09-23T08:48:36.0366703Z hint:
2026-09-23T08:48:36.0367702Z hint: 	git config --global init.defaultBranch <name>
2026-09-23T08:48:36.0369054Z hint:
2026-09-23T08:48:36.0370202Z hint: Names commonly chosen instead of 'master' are 'main', 'trunk' and
2026-09-23T08:48:36.0372040Z hint: 'development'. The just-created branch can be renamed via this command:
2026-09-23T08:48:36.0373889Z hint:
2026-09-23T08:48:36.0374797Z hint: 	git branch -m <name>
2026-09-23T08:48:36.0375736Z hint:
2026-09-23T08:48:36.0376916Z hint: Disable this message with "git config set advice.defaultBranchName false"
2026-09-23T08:48:36.0379155Z Initialized empty Git repository in /home/runner/work/log-generation/log-generation/.git/
2026-09-23T08:48:36.0384513Z [command]/usr/bin/git remote add origin https://github.com/DhruvHegde/log-generation
2026-09-23T08:48:36.0435846Z ##[endgroup]
2026-09-23T08:48:36.0436742Z ##[group]Disabling automatic garbage collection
2026-09-23T08:48:36.0439894Z [command]/usr/bin/git config --local gc.auto 0
2026-09-23T08:48:36.0474070Z ##[endgroup]
2026-09-23T08:48:36.0475014Z ##[group]Setting up auth
2026-09-23T08:48:36.0482045Z [command]/usr/bin/git config --local --name-only --get-regexp core\.sshCommand
2026-09-23T08:48:36.0517641Z [command]/usr/bin/git submodule foreach --recursive sh -c "git config --local --name-only --get-regexp 'core\.sshCommand' && git config --local --unset-all 'core.sshCommand' || :"
2026-09-23T08:48:36.0919296Z [command]/usr/bin/git config --local --name-only --get-regexp http\.https\:\/\/github\.com\/\.extraheader
2026-09-23T08:48:36.0963996Z [command]/usr/bin/git submodule foreach --recursive sh -c "git config --local --name-only --get-regexp 'http\.https\:\/\/github\.com\/\.extraheader' && git config --local --unset-all 'http.https://github.com/.extraheader' || :"
2026-09-23T08:48:36.1199520Z [command]/usr/bin/git config --local --name-only --get-regexp ^includeIf\.gitdir:
2026-09-23T08:48:36.1237817Z [command]/usr/bin/git submodule foreach --recursive git config --local --show-origin --name-only --get-regexp remote.origin.url
2026-09-23T08:48:36.1491324Z [command]/usr/bin/git config --local http.https://github.com/.extraheader AUTHORIZATION: basic ***
2026-09-23T08:48:36.1534765Z ##[endgroup]
2026-09-23T08:48:36.1535586Z ##[group]Fetching the repository
2026-09-23T08:48:36.1545440Z [command]/usr/bin/git -c protocol.version=2 fetch --no-tags --prune --no-recurse-submodules --depth=1 origin +43f20917de93b9aad51cf79a69ad5239c5632917:refs/remotes/origin/feature/f3-test-failures
2026-09-23T08:48:36.9963489Z From https://github.com/DhruvHegde/log-generation
2026-09-23T08:48:36.9965256Z  * [new ref]         43f20917de93b9aad51cf79a69ad5239c5632917 -> origin/feature/f3-test-failures
2026-09-23T08:48:36.9976745Z ##[endgroup]
2026-09-23T08:48:36.9978940Z ##[group]Determining the checkout info
2026-09-23T08:48:36.9984759Z ##[endgroup]
2026-09-23T08:48:36.9993716Z [command]/usr/bin/git sparse-checkout disable
2026-09-23T08:48:37.0041610Z [command]/usr/bin/git config --local --unset-all extensions.worktreeConfig
2026-09-23T08:48:37.0079273Z ##[group]Checking out the ref
2026-09-23T08:48:37.0084675Z [command]/usr/bin/git checkout --progress --force -B feature/f3-test-failures refs/remotes/origin/feature/f3-test-failures
2026-09-23T08:48:37.0483872Z Switched to a new branch 'feature/f3-test-failures'
2026-09-23T08:48:37.0489385Z branch 'feature/f3-test-failures' set up to track 'origin/feature/f3-test-failures'.
2026-09-23T08:48:37.0499215Z ##[endgroup]
2026-09-23T08:48:37.0547159Z [command]/usr/bin/git log -1 --format=%H
2026-09-23T08:48:37.0574992Z 43f20917de93b9aad51cf79a69ad5239c5632917
2026-09-23T08:48:37.0962297Z Node 20 is being deprecated. This workflow is running with Node 24 by default. If you need to temporarily use Node 20, you can set the ACTIONS_ALLOW_USE_UNSECURE_NODE_VERSION=true environment variable. For more information see: https://github.blog/changelog/2025-09-19-deprecation-of-node-20-on-github-actions-runners/
2026-09-23T08:48:37.0968542Z ##[group]Run actions/setup-python@v5
2026-09-23T08:48:37.0969740Z with:
2026-09-23T08:48:37.0970641Z   python-version: 3.11
2026-09-23T08:48:37.0971690Z   check-latest: false
2026-09-23T08:48:37.0982529Z   token: ***
2026-09-23T08:48:37.0983561Z   update-environment: true
2026-09-23T08:48:37.0984719Z   allow-prereleases: false
2026-09-23T08:48:37.0985840Z   freethreaded: false
2026-09-23T08:48:37.0986835Z ##[endgroup]
2026-09-23T08:48:37.2364373Z ##[group]Installed versions
2026-09-23T08:48:37.2458105Z (node:2332) [DEP0040] DeprecationWarning: The `punycode` module is deprecated. Please use a userland alternative instead.
2026-09-23T08:48:37.2462897Z (Use `node --trace-deprecation ...` to show where the warning was created)
2026-09-23T08:48:37.2465443Z Successfully set up CPython (3.11.16)
2026-09-23T08:48:37.2468244Z ##[endgroup]
2026-09-23T08:48:37.2673732Z ##[group]Run pip install --no-cache-dir pytest
2026-09-23T08:48:37.2675392Z [36;1mpip install --no-cache-dir pytest[0m
2026-09-23T08:48:37.2977807Z shell: /usr/bin/bash -e {0}
2026-09-23T08:48:37.2979090Z env:
2026-09-23T08:48:37.2980351Z   pythonLocation: /opt/hostedtoolcache/Python/3.11.16/x64
2026-09-23T08:48:37.2982305Z   PKG_CONFIG_PATH: /opt/hostedtoolcache/Python/3.11.16/x64/lib/pkgconfig
2026-09-23T08:48:37.2984448Z   Python_ROOT_DIR: /opt/hostedtoolcache/Python/3.11.16/x64
2026-09-23T08:48:37.2986140Z   Python2_ROOT_DIR: /opt/hostedtoolcache/Python/3.11.16/x64
2026-09-23T08:48:37.2987846Z   Python3_ROOT_DIR: /opt/hostedtoolcache/Python/3.11.16/x64
2026-09-23T08:48:37.3061956Z   LD_LIBRARY_PATH: /opt/hostedtoolcache/Python/3.11.16/x64/lib
2026-09-23T08:48:37.3063960Z ##[endgroup]
2026-09-23T08:48:38.6142812Z Collecting pytest
2026-09-23T08:48:38.7079327Z   Downloading pytest-9.1.1-py3-none-any.whl.metadata (7.6 kB)
2026-09-23T08:48:38.7325944Z Collecting iniconfig>=1.0.1 (from pytest)
2026-09-23T08:48:38.7516421Z   Downloading iniconfig-2.3.0-py3-none-any.whl.metadata (2.5 kB)
2026-09-23T08:48:38.7786852Z Collecting packaging>=22 (from pytest)
2026-09-23T08:48:38.7978282Z   Downloading packaging-26.3-py3-none-any.whl.metadata (3.5 kB)
2026-09-23T08:48:38.8223183Z Collecting pluggy<2,>=1.5 (from pytest)
2026-09-23T08:48:38.8414307Z   Downloading pluggy-1.6.0-py3-none-any.whl.metadata (4.8 kB)
2026-09-23T08:48:38.8724469Z Collecting pygments>=2.7.2 (from pytest)
2026-09-23T08:48:38.8915266Z   Downloading pygments-2.21.0-py3-none-any.whl.metadata (2.5 kB)
2026-09-23T08:48:38.9150184Z Downloading pytest-9.1.1-py3-none-any.whl (386 kB)
2026-09-23T08:48:39.0009123Z Downloading pluggy-1.6.0-py3-none-any.whl (20 kB)
2026-09-23T08:48:39.0205452Z Downloading iniconfig-2.3.0-py3-none-any.whl (7.5 kB)
2026-09-23T08:48:39.0400451Z Downloading packaging-26.3-py3-none-any.whl (129 kB)
2026-09-23T08:48:39.0608370Z Downloading pygments-2.21.0-py3-none-any.whl (1.3 MB)
2026-09-23T08:48:39.1146957Z    ââââââââââââââââââââââââââââââââââââââââ 1.3/1.3 MB 21.0 MB/s  0:00:00
2026-09-23T08:48:39.1837379Z Installing collected packages: pygments, pluggy, packaging, iniconfig, pytest
2026-09-23T08:48:40.1710757Z 
2026-09-23T08:48:40.1719518Z Successfully installed iniconfig-2.3.0 packaging-26.3 pluggy-1.6.0 pygments-2.21.0 pytest-9.1.1
2026-09-23T08:48:40.2285777Z ##[group]Run python automation/inject_mutation.py --error-type "IndexError"
2026-09-23T08:48:40.2286396Z [36;1mpython automation/inject_mutation.py --error-type "IndexError"[0m
2026-09-23T08:48:40.2352029Z shell: /usr/bin/bash -e {0}
2026-09-23T08:48:40.2352495Z env:
2026-09-23T08:48:40.2352796Z   pythonLocation: /opt/hostedtoolcache/Python/3.11.16/x64
2026-09-23T08:48:40.2353501Z   PKG_CONFIG_PATH: /opt/hostedtoolcache/Python/3.11.16/x64/lib/pkgconfig
2026-09-23T08:48:40.2353959Z   Python_ROOT_DIR: /opt/hostedtoolcache/Python/3.11.16/x64
2026-09-23T08:48:40.2354367Z   Python2_ROOT_DIR: /opt/hostedtoolcache/Python/3.11.16/x64
2026-09-23T08:48:40.2354788Z   Python3_ROOT_DIR: /opt/hostedtoolcache/Python/3.11.16/x64
2026-09-23T08:48:40.2355199Z   LD_LIBRARY_PATH: /opt/hostedtoolcache/Python/3.11.16/x64/lib
2026-09-23T08:48:40.2355572Z ##[endgroup]
2026-09-23T08:48:40.2680491Z [Mutation Injected] Successfully injected IndexError into tests/test_app.py
2026-09-23T08:48:40.2759435Z ##[group]Run pytest tests/test_app.py -v
2026-09-23T08:48:40.2759829Z [36;1mpytest tests/test_app.py -v[0m
2026-09-23T08:48:40.2825593Z shell: /usr/bin/bash -e {0}
2026-09-23T08:48:40.2825862Z env:
2026-09-23T08:48:40.2826146Z   pythonLocation: /opt/hostedtoolcache/Python/3.11.16/x64
2026-09-23T08:48:40.2826604Z   PKG_CONFIG_PATH: /opt/hostedtoolcache/Python/3.11.16/x64/lib/pkgconfig
2026-09-23T08:48:40.2827094Z   Python_ROOT_DIR: /opt/hostedtoolcache/Python/3.11.16/x64
2026-09-23T08:48:40.2827491Z   Python2_ROOT_DIR: /opt/hostedtoolcache/Python/3.11.16/x64
2026-09-23T08:48:40.2827901Z   Python3_ROOT_DIR: /opt/hostedtoolcache/Python/3.11.16/x64
2026-09-23T08:48:40.2828304Z   LD_LIBRARY_PATH: /opt/hostedtoolcache/Python/3.11.16/x64/lib
2026-09-23T08:48:40.2828646Z ##[endgroup]
2026-09-23T08:48:41.1190070Z ============================= test session starts ==============================
2026-09-23T08:48:41.1191393Z platform linux -- Python 3.11.16, pytest-9.1.1, pluggy-1.6.0 -- /opt/hostedtoolcache/Python/3.11.16/x64/bin/python
2026-09-23T08:48:41.1192740Z cachedir: .pytest_cache
2026-09-23T08:48:41.1193510Z rootdir: /home/runner/work/log-generation/log-generation
2026-09-23T08:48:41.1194389Z configfile: pytest.ini
2026-09-23T08:48:41.1285063Z collecting ... collected 6 items
2026-09-23T08:48:41.1285433Z 
2026-09-23T08:48:41.1295529Z tests/test_app.py::test_calculate_division PASSED                        [ 16%]
2026-09-23T08:48:41.1303482Z tests/test_app.py::test_convert_to_int PASSED                            [ 33%]
2026-09-23T08:48:41.1311162Z tests/test_app.py::test_get_list_item PASSED                             [ 50%]
2026-09-23T08:48:41.1318362Z tests/test_app.py::test_get_dict_value PASSED                            [ 66%]
2026-09-23T08:48:41.1325518Z tests/test_app.py::test_assert_positive PASSED                           [ 83%]
2026-09-23T08:48:41.1609169Z tests/test_app.py::test_index_error FAILED                               [100%]
2026-09-23T08:48:41.1610078Z 
2026-09-23T08:48:41.1610722Z =================================== FAILURES ===================================
2026-09-23T08:48:41.1611532Z _______________________________ test_index_error _______________________________
2026-09-23T08:48:41.1612051Z 
2026-09-23T08:48:41.1612718Z     def test_index_error():
2026-09-23T08:48:41.1613440Z         """Injected synthetic IndexError."""
2026-09-23T08:48:41.1614262Z         from src.app import get_list_item
2026-09-23T08:48:41.1615029Z         dataset = [10, 20, 30]
2026-09-23T08:48:41.1615643Z >       get_list_item(dataset, 999)
2026-09-23T08:48:41.1616103Z 
2026-09-23T08:48:41.1616511Z tests/test_app.py:140: 
2026-09-23T08:48:41.1617063Z _ _ _ _ _ _ _ _ _ _ _ _ _ _ _ _ _ _ _ _ _ _ _ _ _ _ _ _ _ _ _ _ _ _ _ _ _ _ _ _ 
2026-09-23T08:48:41.1617729Z 
2026-09-23T08:48:41.1621144Z lst = [10, 20, 30], index = 999
2026-09-23T08:48:41.1621775Z 
2026-09-23T08:48:41.1622246Z     def get_list_item(lst, index):
2026-09-23T08:48:41.1623367Z >       return lst[index]
2026-09-23T08:48:41.1624082Z                ^^^^^^^^^^
2026-09-23T08:48:41.1624859Z E       IndexError: list index out of range
2026-09-23T08:48:41.1625540Z 
2026-09-23T08:48:41.1625988Z src/app.py:8: IndexError
2026-09-23T08:48:41.1626852Z =========================== short test summary info ============================
2026-09-23T08:48:41.1628050Z FAILED tests/test_app.py::test_index_error - IndexError: list index out of range
2026-09-23T08:48:41.1629583Z ========================= 1 failed, 5 passed in 0.03s ==========================
2026-09-23T08:48:41.1825197Z ##[error]Process completed with exit code 1.
2026-09-23T08:48:41.1971410Z Node 20 is being deprecated. This workflow is running with Node 24 by default. If you need to temporarily use Node 20, you can set the ACTIONS_ALLOW_USE_UNSECURE_NODE_VERSION=true environment variable. For more information see: https://github.blog/changelog/2025-09-19-deprecation-of-node-20-on-github-actions-runners/
2026-09-23T08:48:41.1972919Z Post job cleanup.
2026-09-23T08:48:41.2851055Z [command]/usr/bin/git version
2026-09-23T08:48:41.2897143Z git version 2.55.0
2026-09-23T08:48:41.2937271Z Temporarily overriding HOME='/home/runner/work/_temp/aa61b2ee-d836-4617-a3c7-cda01620d86a' before making global git config changes
2026-09-23T08:48:41.2938678Z Adding repository directory to the temporary git global config as a safe directory
2026-09-23T08:48:41.2944426Z [command]/usr/bin/git config --global --add safe.directory /home/runner/work/log-generation/log-generation
2026-09-23T08:48:41.2985855Z [command]/usr/bin/git config --local --name-only --get-regexp core\.sshCommand
2026-09-23T08:48:41.3029135Z [command]/usr/bin/git submodule foreach --recursive sh -c "git config --local --name-only --get-regexp 'core\.sshCommand' && git config --local --unset-all 'core.sshCommand' || :"
2026-09-23T08:48:41.3306508Z [command]/usr/bin/git config --local --name-only --get-regexp http\.https\:\/\/github\.com\/\.extraheader
2026-09-23T08:48:41.3342911Z http.https://github.com/.extraheader
2026-09-23T08:48:41.3354798Z [command]/usr/bin/git config --local --unset-all http.https://github.com/.extraheader
2026-09-23T08:48:41.3396719Z [command]/usr/bin/git submodule foreach --recursive sh -c "git config --local --name-only --get-regexp 'http\.https\:\/\/github\.com\/\.extraheader' && git config --local --unset-all 'http.https://github.com/.extraheader' || :"
2026-09-23T08:48:41.3660272Z [command]/usr/bin/git config --local --name-only --get-regexp ^includeIf\.gitdir:
2026-09-23T08:48:41.3708574Z [command]/usr/bin/git submodule foreach --recursive git config --local --show-origin --name-only --get-regexp remote.origin.url
2026-09-23T08:48:41.4107548Z Cleaning up orphan processes
2026-09-23T08:48:41.4384959Z ##[warning]Node.js 20 is deprecated. The following actions target Node.js 20 but are being forced to run on Node.js 24: actions/checkout@v4, actions/setup-python@v5. For more information see: https://github.blog/changelog/2025-09-19-deprecation-of-node-20-on-github-actions-runners/
