ï»¿2026-09-23T08:50:22.4821101Z Current runner version: '2.337.0'
2026-09-23T08:50:22.4848566Z ##[group]Runner Image Provisioner
2026-09-23T08:50:22.4849619Z Hosted Compute Agent
2026-09-23T08:50:22.4850154Z Version: 20260828.587
2026-09-23T08:50:22.4850772Z Commit: abac92662cab4cc7352de4f9f9d2e2419aad9c29
2026-09-23T08:50:22.4851456Z Build Date: 2026-08-28T16:44:25Z
2026-09-23T08:50:22.4852151Z Worker ID: {72f6ee8f-4da5-4b28-8007-b9663042f664}
2026-09-23T08:50:22.4852801Z Azure Region: westus3
2026-09-23T08:50:22.4853324Z ##[endgroup]
2026-09-23T08:50:22.4855111Z ##[group]Operating System
2026-09-23T08:50:22.4855678Z Ubuntu
2026-09-23T08:50:22.4856191Z 24.04.5
2026-09-23T08:50:22.4856677Z LTS
2026-09-23T08:50:22.4857134Z ##[endgroup]
2026-09-23T08:50:22.4857925Z ##[group]Runner Image
2026-09-23T08:50:22.4858527Z Image: ubuntu-24.04
2026-09-23T08:50:22.4859071Z Version: 20260907.300.1
2026-09-23T08:50:22.4860520Z Included Software: https://github.com/actions/runner-images/blob/ubuntu24/20260907.300/images/ubuntu/Ubuntu2404-Readme.md
2026-09-23T08:50:22.4861863Z Image Release: https://github.com/actions/runner-images/releases/tag/ubuntu24%2F20260907.300
2026-09-23T08:50:22.4862780Z ##[endgroup]
2026-09-23T08:50:22.4863845Z ##[group]GITHUB_TOKEN Permissions
2026-09-23T08:50:22.4866073Z Contents: read
2026-09-23T08:50:22.4866596Z Metadata: read
2026-09-23T08:50:22.4867155Z Packages: read
2026-09-23T08:50:22.4867672Z ##[endgroup]
2026-09-23T08:50:22.4870461Z Secret source: Actions
2026-09-23T08:50:22.4871791Z Cache mode: write
2026-09-23T08:50:22.4873232Z Prepare workflow directory
2026-09-23T08:50:22.5206635Z Prepare all required actions
2026-09-23T08:50:22.5254701Z Getting action download info
2026-09-23T08:50:22.8282053Z Download action repository 'actions/checkout@v4' (SHA:11d5960a326750d5838078e36cf38b85af677262)
2026-09-23T08:50:22.9068266Z Download action repository 'actions/setup-python@v5' (SHA:a26af69be951a213d495a4c3e4e4022e16d87065)
2026-09-23T08:50:23.0602407Z Complete job name: test-f3 (ZeroDivisionError #233)
2026-09-23T08:50:23.1294279Z Node 20 is being deprecated. This workflow is running with Node 24 by default. If you need to temporarily use Node 20, you can set the ACTIONS_ALLOW_USE_UNSECURE_NODE_VERSION=true environment variable. For more information see: https://github.blog/changelog/2025-09-19-deprecation-of-node-20-on-github-actions-runners/
2026-09-23T08:50:23.1303131Z ##[group]Run actions/checkout@v4
2026-09-23T08:50:23.1303938Z with:
2026-09-23T08:50:23.1304412Z   fetch-depth: 1
2026-09-23T08:50:23.1304951Z   repository: DhruvHegde/log-generation
2026-09-23T08:50:23.1308819Z   token: ***
2026-09-23T08:50:23.1309443Z   ssh-strict: true
2026-09-23T08:50:23.1309921Z   ssh-user: git
2026-09-23T08:50:23.1310408Z   persist-credentials: true
2026-09-23T08:50:23.1310943Z   clean: true
2026-09-23T08:50:23.1311433Z   sparse-checkout-cone-mode: true
2026-09-23T08:50:23.1311971Z   fetch-tags: false
2026-09-23T08:50:23.1312429Z   show-progress: true
2026-09-23T08:50:23.1312931Z   lfs: false
2026-09-23T08:50:23.1313486Z   submodules: false
2026-09-23T08:50:23.1314003Z   set-safe-directory: true
2026-09-23T08:50:23.1314534Z   allow-unsafe-pr-checkout: false
2026-09-23T08:50:23.1315358Z ##[endgroup]
2026-09-23T08:50:23.2367974Z Syncing repository: DhruvHegde/log-generation
2026-09-23T08:50:23.2371591Z ##[group]Getting Git version info
2026-09-23T08:50:23.2372929Z Working directory is '/home/runner/work/log-generation/log-generation'
2026-09-23T08:50:23.2374805Z [command]/usr/bin/git version
2026-09-23T08:50:23.2389463Z git version 2.55.0
2026-09-23T08:50:23.2409373Z ##[endgroup]
2026-09-23T08:50:23.2423829Z Temporarily overriding HOME='/home/runner/work/_temp/cf4c5845-140f-4761-876a-bce0d6be84cd' before making global git config changes
2026-09-23T08:50:23.2426308Z Adding repository directory to the temporary git global config as a safe directory
2026-09-23T08:50:23.2429965Z [command]/usr/bin/git config --global --add safe.directory /home/runner/work/log-generation/log-generation
2026-09-23T08:50:23.2479594Z Deleting the contents of '/home/runner/work/log-generation/log-generation'
2026-09-23T08:50:23.2494223Z ##[group]Initializing the repository
2026-09-23T08:50:23.2494973Z [command]/usr/bin/git init /home/runner/work/log-generation/log-generation
2026-09-23T08:50:23.2587321Z hint: Using 'master' as the name for the initial branch. This default branch name
2026-09-23T08:50:23.2588692Z hint: will change to "main" in Git 3.0. To configure the initial branch name
2026-09-23T08:50:23.2589753Z hint: to use in all of your new repositories, which will suppress this warning,
2026-09-23T08:50:23.2590530Z hint: call:
2026-09-23T08:50:23.2590963Z hint:
2026-09-23T08:50:23.2591510Z hint: 	git config --global init.defaultBranch <name>
2026-09-23T08:50:23.2592386Z hint:
2026-09-23T08:50:23.2593026Z hint: Names commonly chosen instead of 'master' are 'main', 'trunk' and
2026-09-23T08:50:23.2593877Z hint: 'development'. The just-created branch can be renamed via this command:
2026-09-23T08:50:23.2594545Z hint:
2026-09-23T08:50:23.2594955Z hint: 	git branch -m <name>
2026-09-23T08:50:23.2595399Z hint:
2026-09-23T08:50:23.2595946Z hint: Disable this message with "git config set advice.defaultBranchName false"
2026-09-23T08:50:23.2600690Z Initialized empty Git repository in /home/runner/work/log-generation/log-generation/.git/
2026-09-23T08:50:23.2612144Z [command]/usr/bin/git remote add origin https://github.com/DhruvHegde/log-generation
2026-09-23T08:50:23.2652591Z ##[endgroup]
2026-09-23T08:50:23.2653467Z ##[group]Disabling automatic garbage collection
2026-09-23T08:50:23.2658120Z [command]/usr/bin/git config --local gc.auto 0
2026-09-23T08:50:23.2685592Z ##[endgroup]
2026-09-23T08:50:23.2686404Z ##[group]Setting up auth
2026-09-23T08:50:23.2694188Z [command]/usr/bin/git config --local --name-only --get-regexp core\.sshCommand
2026-09-23T08:50:23.2723373Z [command]/usr/bin/git submodule foreach --recursive sh -c "git config --local --name-only --get-regexp 'core\.sshCommand' && git config --local --unset-all 'core.sshCommand' || :"
2026-09-23T08:50:23.3038845Z [command]/usr/bin/git config --local --name-only --get-regexp http\.https\:\/\/github\.com\/\.extraheader
2026-09-23T08:50:23.3073082Z [command]/usr/bin/git submodule foreach --recursive sh -c "git config --local --name-only --get-regexp 'http\.https\:\/\/github\.com\/\.extraheader' && git config --local --unset-all 'http.https://github.com/.extraheader' || :"
2026-09-23T08:50:23.3274914Z [command]/usr/bin/git config --local --name-only --get-regexp ^includeIf\.gitdir:
2026-09-23T08:50:23.3305429Z [command]/usr/bin/git submodule foreach --recursive git config --local --show-origin --name-only --get-regexp remote.origin.url
2026-09-23T08:50:23.3483832Z [command]/usr/bin/git config --local http.https://github.com/.extraheader AUTHORIZATION: basic ***
2026-09-23T08:50:23.3515153Z ##[endgroup]
2026-09-23T08:50:23.3516468Z ##[group]Fetching the repository
2026-09-23T08:50:23.3590059Z [command]/usr/bin/git -c protocol.version=2 fetch --no-tags --prune --no-recurse-submodules --depth=1 origin +43f20917de93b9aad51cf79a69ad5239c5632917:refs/remotes/origin/feature/f3-test-failures
2026-09-23T08:50:24.1688853Z From https://github.com/DhruvHegde/log-generation
2026-09-23T08:50:24.1689854Z  * [new ref]         43f20917de93b9aad51cf79a69ad5239c5632917 -> origin/feature/f3-test-failures
2026-09-23T08:50:24.1693605Z ##[endgroup]
2026-09-23T08:50:24.1694441Z ##[group]Determining the checkout info
2026-09-23T08:50:24.1697343Z ##[endgroup]
2026-09-23T08:50:24.1705171Z [command]/usr/bin/git sparse-checkout disable
2026-09-23T08:50:24.1751515Z [command]/usr/bin/git config --local --unset-all extensions.worktreeConfig
2026-09-23T08:50:24.1776476Z ##[group]Checking out the ref
2026-09-23T08:50:24.1782499Z [command]/usr/bin/git checkout --progress --force -B feature/f3-test-failures refs/remotes/origin/feature/f3-test-failures
2026-09-23T08:50:24.2102314Z Switched to a new branch 'feature/f3-test-failures'
2026-09-23T08:50:24.2105586Z branch 'feature/f3-test-failures' set up to track 'origin/feature/f3-test-failures'.
2026-09-23T08:50:24.2112027Z ##[endgroup]
2026-09-23T08:50:24.2152178Z [command]/usr/bin/git log -1 --format=%H
2026-09-23T08:50:24.2173584Z 43f20917de93b9aad51cf79a69ad5239c5632917
2026-09-23T08:50:24.2422863Z Node 20 is being deprecated. This workflow is running with Node 24 by default. If you need to temporarily use Node 20, you can set the ACTIONS_ALLOW_USE_UNSECURE_NODE_VERSION=true environment variable. For more information see: https://github.blog/changelog/2025-09-19-deprecation-of-node-20-on-github-actions-runners/
2026-09-23T08:50:24.2424763Z ##[group]Run actions/setup-python@v5
2026-09-23T08:50:24.2425202Z with:
2026-09-23T08:50:24.2425567Z   python-version: 3.11
2026-09-23T08:50:24.2425950Z   check-latest: false
2026-09-23T08:50:24.2428927Z   token: ***
2026-09-23T08:50:24.2429532Z   update-environment: true
2026-09-23T08:50:24.2429963Z   allow-prereleases: false
2026-09-23T08:50:24.2430357Z   freethreaded: false
2026-09-23T08:50:24.2430723Z ##[endgroup]
2026-09-23T08:50:24.3730797Z ##[group]Installed versions
2026-09-23T08:50:24.3815905Z (node:2246) [DEP0040] DeprecationWarning: The `punycode` module is deprecated. Please use a userland alternative instead.
2026-09-23T08:50:24.3817260Z (Use `node --trace-deprecation ...` to show where the warning was created)
2026-09-23T08:50:24.3818102Z Successfully set up CPython (3.11.16)
2026-09-23T08:50:24.3819182Z ##[endgroup]
2026-09-23T08:50:24.3953979Z ##[group]Run pip install --no-cache-dir pytest
2026-09-23T08:50:24.3954728Z [36;1mpip install --no-cache-dir pytest[0m
2026-09-23T08:50:24.3993214Z shell: /usr/bin/bash -e {0}
2026-09-23T08:50:24.3993681Z env:
2026-09-23T08:50:24.3994099Z   pythonLocation: /opt/hostedtoolcache/Python/3.11.16/x64
2026-09-23T08:50:24.3994721Z   PKG_CONFIG_PATH: /opt/hostedtoolcache/Python/3.11.16/x64/lib/pkgconfig
2026-09-23T08:50:24.3995306Z   Python_ROOT_DIR: /opt/hostedtoolcache/Python/3.11.16/x64
2026-09-23T08:50:24.3995991Z   Python2_ROOT_DIR: /opt/hostedtoolcache/Python/3.11.16/x64
2026-09-23T08:50:24.3996531Z   Python3_ROOT_DIR: /opt/hostedtoolcache/Python/3.11.16/x64
2026-09-23T08:50:24.3997110Z   LD_LIBRARY_PATH: /opt/hostedtoolcache/Python/3.11.16/x64/lib
2026-09-23T08:50:24.3997568Z ##[endgroup]
2026-09-23T08:50:25.2308221Z Collecting pytest
2026-09-23T08:50:25.2785368Z   Downloading pytest-9.1.1-py3-none-any.whl.metadata (7.6 kB)
2026-09-23T08:50:25.2932079Z Collecting iniconfig>=1.0.1 (from pytest)
2026-09-23T08:50:25.2966474Z   Downloading iniconfig-2.3.0-py3-none-any.whl.metadata (2.5 kB)
2026-09-23T08:50:25.3146554Z Collecting packaging>=22 (from pytest)
2026-09-23T08:50:25.3179034Z   Downloading packaging-26.3-py3-none-any.whl.metadata (3.5 kB)
2026-09-23T08:50:25.3323761Z Collecting pluggy<2,>=1.5 (from pytest)
2026-09-23T08:50:25.3355464Z   Downloading pluggy-1.6.0-py3-none-any.whl.metadata (4.8 kB)
2026-09-23T08:50:25.3563538Z Collecting pygments>=2.7.2 (from pytest)
2026-09-23T08:50:25.3595442Z   Downloading pygments-2.21.0-py3-none-any.whl.metadata (2.5 kB)
2026-09-23T08:50:25.3656677Z Downloading pytest-9.1.1-py3-none-any.whl (386 kB)
2026-09-23T08:50:25.3856733Z Downloading pluggy-1.6.0-py3-none-any.whl (20 kB)
2026-09-23T08:50:25.3888692Z Downloading iniconfig-2.3.0-py3-none-any.whl (7.5 kB)
2026-09-23T08:50:25.3920942Z Downloading packaging-26.3-py3-none-any.whl (129 kB)
2026-09-23T08:50:25.3965347Z Downloading pygments-2.21.0-py3-none-any.whl (1.3 MB)
2026-09-23T08:50:25.4115414Z    ââââââââââââââââââââââââââââââââââââââââ 1.3/1.3 MB 111.1 MB/s  0:00:00
2026-09-23T08:50:25.4711469Z Installing collected packages: pygments, pluggy, packaging, iniconfig, pytest
2026-09-23T08:50:26.3031218Z 
2026-09-23T08:50:26.3040105Z Successfully installed iniconfig-2.3.0 packaging-26.3 pluggy-1.6.0 pygments-2.21.0 pytest-9.1.1
2026-09-23T08:50:26.3639768Z ##[group]Run python automation/inject_mutation.py --error-type "ZeroDivisionError"
2026-09-23T08:50:26.3640427Z [36;1mpython automation/inject_mutation.py --error-type "ZeroDivisionError"[0m
2026-09-23T08:50:26.3664360Z shell: /usr/bin/bash -e {0}
2026-09-23T08:50:26.3664630Z env:
2026-09-23T08:50:26.3665097Z   pythonLocation: /opt/hostedtoolcache/Python/3.11.16/x64
2026-09-23T08:50:26.3665521Z   PKG_CONFIG_PATH: /opt/hostedtoolcache/Python/3.11.16/x64/lib/pkgconfig
2026-09-23T08:50:26.3665932Z   Python_ROOT_DIR: /opt/hostedtoolcache/Python/3.11.16/x64
2026-09-23T08:50:26.3666303Z   Python2_ROOT_DIR: /opt/hostedtoolcache/Python/3.11.16/x64
2026-09-23T08:50:26.3666672Z   Python3_ROOT_DIR: /opt/hostedtoolcache/Python/3.11.16/x64
2026-09-23T08:50:26.3667048Z   LD_LIBRARY_PATH: /opt/hostedtoolcache/Python/3.11.16/x64/lib
2026-09-23T08:50:26.3667379Z ##[endgroup]
2026-09-23T08:50:26.3930799Z [Mutation Injected] Successfully injected ZeroDivisionError into tests/test_app.py
2026-09-23T08:50:26.4003219Z ##[group]Run pytest tests/test_app.py -v
2026-09-23T08:50:26.4003642Z [36;1mpytest tests/test_app.py -v[0m
2026-09-23T08:50:26.4030608Z shell: /usr/bin/bash -e {0}
2026-09-23T08:50:26.4030888Z env:
2026-09-23T08:50:26.4031166Z   pythonLocation: /opt/hostedtoolcache/Python/3.11.16/x64
2026-09-23T08:50:26.4031607Z   PKG_CONFIG_PATH: /opt/hostedtoolcache/Python/3.11.16/x64/lib/pkgconfig
2026-09-23T08:50:26.4032028Z   Python_ROOT_DIR: /opt/hostedtoolcache/Python/3.11.16/x64
2026-09-23T08:50:26.4032398Z   Python2_ROOT_DIR: /opt/hostedtoolcache/Python/3.11.16/x64
2026-09-23T08:50:26.4032772Z   Python3_ROOT_DIR: /opt/hostedtoolcache/Python/3.11.16/x64
2026-09-23T08:50:26.4033157Z   LD_LIBRARY_PATH: /opt/hostedtoolcache/Python/3.11.16/x64/lib
2026-09-23T08:50:26.4033474Z ##[endgroup]
2026-09-23T08:50:26.7404813Z ============================= test session starts ==============================
2026-09-23T08:50:26.7406251Z platform linux -- Python 3.11.16, pytest-9.1.1, pluggy-1.6.0 -- /opt/hostedtoolcache/Python/3.11.16/x64/bin/python
2026-09-23T08:50:26.7407134Z cachedir: .pytest_cache
2026-09-23T08:50:26.7407672Z rootdir: /home/runner/work/log-generation/log-generation
2026-09-23T08:50:26.7408274Z configfile: pytest.ini
2026-09-23T08:50:26.7487480Z collecting ... collected 6 items
2026-09-23T08:50:26.7488151Z 
2026-09-23T08:50:26.7496074Z tests/test_app.py::test_calculate_division PASSED                        [ 16%]
2026-09-23T08:50:26.7503366Z tests/test_app.py::test_convert_to_int PASSED                            [ 33%]
2026-09-23T08:50:26.7510369Z tests/test_app.py::test_get_list_item PASSED                             [ 50%]
2026-09-23T08:50:26.7517172Z tests/test_app.py::test_get_dict_value PASSED                            [ 66%]
2026-09-23T08:50:26.7523864Z tests/test_app.py::test_assert_positive PASSED                           [ 83%]
2026-09-23T08:50:26.7777665Z tests/test_app.py::test_zero_division_error FAILED                       [100%]
2026-09-23T08:50:26.7779037Z 
2026-09-23T08:50:26.7779899Z =================================== FAILURES ===================================
2026-09-23T08:50:26.7781099Z ___________________________ test_zero_division_error ___________________________
2026-09-23T08:50:26.7781765Z 
2026-09-23T08:50:26.7782105Z     def test_zero_division_error():
2026-09-23T08:50:26.7782768Z         """Injected synthetic ZeroDivisionError."""
2026-09-23T08:50:26.7783458Z         from src.app import calculate_division
2026-09-23T08:50:26.7784185Z >       calculate_division(42, 0)
2026-09-23T08:50:26.7784616Z 
2026-09-23T08:50:26.7784917Z tests/test_app.py:139: 
2026-09-23T08:50:26.7785563Z _ _ _ _ _ _ _ _ _ _ _ _ _ _ _ _ _ _ _ _ _ _ _ _ _ _ _ _ _ _ _ _ _ _ _ _ _ _ _ _ 
2026-09-23T08:50:26.7786119Z 
2026-09-23T08:50:26.7786393Z a = 42, b = 0
2026-09-23T08:50:26.7786819Z 
2026-09-23T08:50:26.7787167Z     def calculate_division(a, b):
2026-09-23T08:50:26.7787751Z >       return a / b
2026-09-23T08:50:26.7788293Z                ^^^^^
2026-09-23T08:50:26.7788843Z E       ZeroDivisionError: division by zero
2026-09-23T08:50:26.7789447Z 
2026-09-23T08:50:26.7789754Z src/app.py:2: ZeroDivisionError
2026-09-23T08:50:26.7790410Z =========================== short test summary info ============================
2026-09-23T08:50:26.7791461Z FAILED tests/test_app.py::test_zero_division_error - ZeroDivisionError: division by zero
2026-09-23T08:50:26.7792841Z ========================= 1 failed, 5 passed in 0.03s ==========================
2026-09-23T08:50:26.8010012Z ##[error]Process completed with exit code 1.
2026-09-23T08:50:26.8147676Z Node 20 is being deprecated. This workflow is running with Node 24 by default. If you need to temporarily use Node 20, you can set the ACTIONS_ALLOW_USE_UNSECURE_NODE_VERSION=true environment variable. For more information see: https://github.blog/changelog/2025-09-19-deprecation-of-node-20-on-github-actions-runners/
2026-09-23T08:50:26.8148885Z Post job cleanup.
2026-09-23T08:50:26.9001285Z [command]/usr/bin/git version
2026-09-23T08:50:26.9039496Z git version 2.55.0
2026-09-23T08:50:26.9074805Z Temporarily overriding HOME='/home/runner/work/_temp/1ca51e98-1c7c-401f-8e94-966ea6f758f7' before making global git config changes
2026-09-23T08:50:26.9076666Z Adding repository directory to the temporary git global config as a safe directory
2026-09-23T08:50:26.9080056Z [command]/usr/bin/git config --global --add safe.directory /home/runner/work/log-generation/log-generation
2026-09-23T08:50:26.9116311Z [command]/usr/bin/git config --local --name-only --get-regexp core\.sshCommand
2026-09-23T08:50:26.9147780Z [command]/usr/bin/git submodule foreach --recursive sh -c "git config --local --name-only --get-regexp 'core\.sshCommand' && git config --local --unset-all 'core.sshCommand' || :"
2026-09-23T08:50:26.9370992Z [command]/usr/bin/git config --local --name-only --get-regexp http\.https\:\/\/github\.com\/\.extraheader
2026-09-23T08:50:26.9394793Z http.https://github.com/.extraheader
2026-09-23T08:50:26.9405185Z [command]/usr/bin/git config --local --unset-all http.https://github.com/.extraheader
2026-09-23T08:50:26.9435312Z [command]/usr/bin/git submodule foreach --recursive sh -c "git config --local --name-only --get-regexp 'http\.https\:\/\/github\.com\/\.extraheader' && git config --local --unset-all 'http.https://github.com/.extraheader' || :"
2026-09-23T08:50:26.9656230Z [command]/usr/bin/git config --local --name-only --get-regexp ^includeIf\.gitdir:
2026-09-23T08:50:26.9688395Z [command]/usr/bin/git submodule foreach --recursive git config --local --show-origin --name-only --get-regexp remote.origin.url
2026-09-23T08:50:27.0030240Z Cleaning up orphan processes
2026-09-23T08:50:27.0248166Z ##[warning]Node.js 20 is deprecated. The following actions target Node.js 20 but are being forced to run on Node.js 24: actions/checkout@v4, actions/setup-python@v5. For more information see: https://github.blog/changelog/2025-09-19-deprecation-of-node-20-on-github-actions-runners/
