ï»¿2026-09-23T08:44:55.5988187Z Current runner version: '2.337.0'
2026-09-23T08:44:55.6014943Z ##[group]Runner Image Provisioner
2026-09-23T08:44:55.6015823Z Hosted Compute Agent
2026-09-23T08:44:55.6016499Z Version: 20260828.587
2026-09-23T08:44:55.6017138Z Commit: abac92662cab4cc7352de4f9f9d2e2419aad9c29
2026-09-23T08:44:55.6017878Z Build Date: 2026-08-28T16:44:25Z
2026-09-23T08:44:55.6018679Z Worker ID: {b2862b3d-aac0-46ae-bc34-6d4620ba6c73}
2026-09-23T08:44:55.6019384Z Azure Region: eastus2
2026-09-23T08:44:55.6019996Z ##[endgroup]
2026-09-23T08:44:55.6021628Z ##[group]Operating System
2026-09-23T08:44:55.6022319Z Ubuntu
2026-09-23T08:44:55.6023447Z 24.04.5
2026-09-23T08:44:55.6024091Z LTS
2026-09-23T08:44:55.6025057Z ##[endgroup]
2026-09-23T08:44:55.6025669Z ##[group]Runner Image
2026-09-23T08:44:55.6026308Z Image: ubuntu-24.04
2026-09-23T08:44:55.6026987Z Version: 20260920.314.1
2026-09-23T08:44:55.6028211Z Included Software: https://github.com/actions/runner-images/blob/ubuntu24/20260920.314/images/ubuntu/Ubuntu2404-Readme.md
2026-09-23T08:44:55.6029880Z Image Release: https://github.com/actions/runner-images/releases/tag/ubuntu24%2F20260920.314
2026-09-23T08:44:55.6030890Z ##[endgroup]
2026-09-23T08:44:55.6032135Z ##[group]GITHUB_TOKEN Permissions
2026-09-23T08:44:55.6034656Z Contents: read
2026-09-23T08:44:55.6035371Z Metadata: read
2026-09-23T08:44:55.6035960Z Packages: read
2026-09-23T08:44:55.6036542Z ##[endgroup]
2026-09-23T08:44:55.6038904Z Secret source: Actions
2026-09-23T08:44:55.6039939Z Cache mode: write
2026-09-23T08:44:55.6040899Z Prepare workflow directory
2026-09-23T08:44:55.6504608Z Prepare all required actions
2026-09-23T08:44:55.6576041Z Getting action download info
2026-09-23T08:44:55.8874944Z Download action repository 'actions/checkout@v4' (SHA:11d5960a326750d5838078e36cf38b85af677262)
2026-09-23T08:44:55.9823941Z Download action repository 'actions/setup-python@v5' (SHA:a26af69be951a213d495a4c3e4e4022e16d87065)
2026-09-23T08:44:56.1662047Z Complete job name: test-f3 (KeyError #160)
2026-09-23T08:44:56.2450833Z Node 20 is being deprecated. This workflow is running with Node 24 by default. If you need to temporarily use Node 20, you can set the ACTIONS_ALLOW_USE_UNSECURE_NODE_VERSION=true environment variable. For more information see: https://github.blog/changelog/2025-09-19-deprecation-of-node-20-on-github-actions-runners/
2026-09-23T08:44:56.2459959Z ##[group]Run actions/checkout@v4
2026-09-23T08:44:56.2460716Z with:
2026-09-23T08:44:56.2461145Z   fetch-depth: 1
2026-09-23T08:44:56.2461631Z   repository: DhruvHegde/log-generation
2026-09-23T08:44:56.2465898Z   token: ***
2026-09-23T08:44:56.2466339Z   ssh-strict: true
2026-09-23T08:44:56.2466785Z   ssh-user: git
2026-09-23T08:44:56.2467226Z   persist-credentials: true
2026-09-23T08:44:56.2467710Z   clean: true
2026-09-23T08:44:56.2468159Z   sparse-checkout-cone-mode: true
2026-09-23T08:44:56.2468675Z   fetch-tags: false
2026-09-23T08:44:56.2469114Z   show-progress: true
2026-09-23T08:44:56.2469563Z   lfs: false
2026-09-23T08:44:56.2470018Z   submodules: false
2026-09-23T08:44:56.2470471Z   set-safe-directory: true
2026-09-23T08:44:56.2470981Z   allow-unsafe-pr-checkout: false
2026-09-23T08:44:56.2471760Z ##[endgroup]
2026-09-23T08:44:56.3487490Z Syncing repository: DhruvHegde/log-generation
2026-09-23T08:44:56.3490104Z ##[group]Getting Git version info
2026-09-23T08:44:56.3491346Z Working directory is '/home/runner/work/log-generation/log-generation'
2026-09-23T08:44:56.3493452Z [command]/usr/bin/git version
2026-09-23T08:44:56.3559647Z git version 2.55.0
2026-09-23T08:44:56.3582527Z ##[endgroup]
2026-09-23T08:44:56.3616794Z Temporarily overriding HOME='/home/runner/work/_temp/882b199a-d636-4542-b77f-7851fad6813f' before making global git config changes
2026-09-23T08:44:56.3619654Z Adding repository directory to the temporary git global config as a safe directory
2026-09-23T08:44:56.3634067Z [command]/usr/bin/git config --global --add safe.directory /home/runner/work/log-generation/log-generation
2026-09-23T08:44:56.3672454Z Deleting the contents of '/home/runner/work/log-generation/log-generation'
2026-09-23T08:44:56.3681291Z ##[group]Initializing the repository
2026-09-23T08:44:56.3683034Z [command]/usr/bin/git init /home/runner/work/log-generation/log-generation
2026-09-23T08:44:56.3817050Z hint: Using 'master' as the name for the initial branch. This default branch name
2026-09-23T08:44:56.3818719Z hint: will change to "main" in Git 3.0. To configure the initial branch name
2026-09-23T08:44:56.3820261Z hint: to use in all of your new repositories, which will suppress this warning,
2026-09-23T08:44:56.3821551Z hint: call:
2026-09-23T08:44:56.3822195Z hint:
2026-09-23T08:44:56.3823223Z hint: 	git config --global init.defaultBranch <name>
2026-09-23T08:44:56.3824243Z hint:
2026-09-23T08:44:56.3825161Z hint: Names commonly chosen instead of 'master' are 'main', 'trunk' and
2026-09-23T08:44:56.3826777Z hint: 'development'. The just-created branch can be renamed via this command:
2026-09-23T08:44:56.3828018Z hint:
2026-09-23T08:44:56.3828715Z hint: 	git branch -m <name>
2026-09-23T08:44:56.3829474Z hint:
2026-09-23T08:44:56.3830460Z hint: Disable this message with "git config set advice.defaultBranchName false"
2026-09-23T08:44:56.3832218Z Initialized empty Git repository in /home/runner/work/log-generation/log-generation/.git/
2026-09-23T08:44:56.3835941Z [command]/usr/bin/git remote add origin https://github.com/DhruvHegde/log-generation
2026-09-23T08:44:56.3894309Z ##[endgroup]
2026-09-23T08:44:56.3895638Z ##[group]Disabling automatic garbage collection
2026-09-23T08:44:56.3898026Z [command]/usr/bin/git config --local gc.auto 0
2026-09-23T08:44:56.3933417Z ##[endgroup]
2026-09-23T08:44:56.3934848Z ##[group]Setting up auth
2026-09-23T08:44:56.3940889Z [command]/usr/bin/git config --local --name-only --get-regexp core\.sshCommand
2026-09-23T08:44:56.3975215Z [command]/usr/bin/git submodule foreach --recursive sh -c "git config --local --name-only --get-regexp 'core\.sshCommand' && git config --local --unset-all 'core.sshCommand' || :"
2026-09-23T08:44:56.4410243Z [command]/usr/bin/git config --local --name-only --get-regexp http\.https\:\/\/github\.com\/\.extraheader
2026-09-23T08:44:56.4449826Z [command]/usr/bin/git submodule foreach --recursive sh -c "git config --local --name-only --get-regexp 'http\.https\:\/\/github\.com\/\.extraheader' && git config --local --unset-all 'http.https://github.com/.extraheader' || :"
2026-09-23T08:44:56.4681659Z [command]/usr/bin/git config --local --name-only --get-regexp ^includeIf\.gitdir:
2026-09-23T08:44:56.4719752Z [command]/usr/bin/git submodule foreach --recursive git config --local --show-origin --name-only --get-regexp remote.origin.url
2026-09-23T08:44:56.4947880Z [command]/usr/bin/git config --local http.https://github.com/.extraheader AUTHORIZATION: basic ***
2026-09-23T08:44:56.4990051Z ##[endgroup]
2026-09-23T08:44:56.4991328Z ##[group]Fetching the repository
2026-09-23T08:44:56.5000609Z [command]/usr/bin/git -c protocol.version=2 fetch --no-tags --prune --no-recurse-submodules --depth=1 origin +dfcb6f158e4bd8054252a4da5d0a9edc2ab15d57:refs/remotes/origin/feature/f3-test-failures
2026-09-23T08:44:56.7637368Z From https://github.com/DhruvHegde/log-generation
2026-09-23T08:44:56.7638821Z  * [new ref]         dfcb6f158e4bd8054252a4da5d0a9edc2ab15d57 -> origin/feature/f3-test-failures
2026-09-23T08:44:56.7643428Z ##[endgroup]
2026-09-23T08:44:56.7645152Z ##[group]Determining the checkout info
2026-09-23T08:44:56.7647954Z ##[endgroup]
2026-09-23T08:44:56.7655228Z [command]/usr/bin/git sparse-checkout disable
2026-09-23T08:44:56.7718078Z [command]/usr/bin/git config --local --unset-all extensions.worktreeConfig
2026-09-23T08:44:56.7751416Z ##[group]Checking out the ref
2026-09-23T08:44:56.7757217Z [command]/usr/bin/git checkout --progress --force -B feature/f3-test-failures refs/remotes/origin/feature/f3-test-failures
2026-09-23T08:44:56.7844610Z Switched to a new branch 'feature/f3-test-failures'
2026-09-23T08:44:56.7851004Z branch 'feature/f3-test-failures' set up to track 'origin/feature/f3-test-failures'.
2026-09-23T08:44:56.7857126Z ##[endgroup]
2026-09-23T08:44:56.7899353Z [command]/usr/bin/git log -1 --format=%H
2026-09-23T08:44:56.7926278Z dfcb6f158e4bd8054252a4da5d0a9edc2ab15d57
2026-09-23T08:44:56.8219784Z Node 20 is being deprecated. This workflow is running with Node 24 by default. If you need to temporarily use Node 20, you can set the ACTIONS_ALLOW_USE_UNSECURE_NODE_VERSION=true environment variable. For more information see: https://github.blog/changelog/2025-09-19-deprecation-of-node-20-on-github-actions-runners/
2026-09-23T08:44:56.8222545Z ##[group]Run actions/setup-python@v5
2026-09-23T08:44:56.8223326Z with:
2026-09-23T08:44:56.8223794Z   python-version: 3.11
2026-09-23T08:44:56.8224300Z   check-latest: false
2026-09-23T08:44:56.8228417Z   token: ***
2026-09-23T08:44:56.8228906Z   update-environment: true
2026-09-23T08:44:56.8229449Z   allow-prereleases: false
2026-09-23T08:44:56.8229970Z   freethreaded: false
2026-09-23T08:44:56.8230462Z ##[endgroup]
2026-09-23T08:44:56.9569109Z ##[group]Installed versions
2026-09-23T08:44:56.9708608Z (node:2264) [DEP0040] DeprecationWarning: The `punycode` module is deprecated. Please use a userland alternative instead.
2026-09-23T08:44:56.9711124Z (Use `node --trace-deprecation ...` to show where the warning was created)
2026-09-23T08:44:56.9712602Z Successfully set up CPython (3.11.16)
2026-09-23T08:44:56.9714484Z ##[endgroup]
2026-09-23T08:44:56.9903455Z ##[group]Run pip install --no-cache-dir pytest
2026-09-23T08:44:56.9904444Z [36;1mpip install --no-cache-dir pytest[0m
2026-09-23T08:44:57.0238550Z shell: /usr/bin/bash -e {0}
2026-09-23T08:44:57.0239216Z env:
2026-09-23T08:44:57.0239810Z   pythonLocation: /opt/hostedtoolcache/Python/3.11.16/x64
2026-09-23T08:44:57.0240858Z   PKG_CONFIG_PATH: /opt/hostedtoolcache/Python/3.11.16/x64/lib/pkgconfig
2026-09-23T08:44:57.0241925Z   Python_ROOT_DIR: /opt/hostedtoolcache/Python/3.11.16/x64
2026-09-23T08:44:57.0310471Z   Python2_ROOT_DIR: /opt/hostedtoolcache/Python/3.11.16/x64
2026-09-23T08:44:57.0311596Z   Python3_ROOT_DIR: /opt/hostedtoolcache/Python/3.11.16/x64
2026-09-23T08:44:57.0312916Z   LD_LIBRARY_PATH: /opt/hostedtoolcache/Python/3.11.16/x64/lib
2026-09-23T08:44:57.0313810Z ##[endgroup]
2026-09-23T08:44:57.9694717Z Collecting pytest
2026-09-23T08:44:58.0314679Z   Downloading pytest-9.1.1-py3-none-any.whl.metadata (7.6 kB)
2026-09-23T08:44:58.0449137Z Collecting iniconfig>=1.0.1 (from pytest)
2026-09-23T08:44:58.0528549Z   Downloading iniconfig-2.3.0-py3-none-any.whl.metadata (2.5 kB)
2026-09-23T08:44:58.0677903Z Collecting packaging>=22 (from pytest)
2026-09-23T08:44:58.0750736Z   Downloading packaging-26.3-py3-none-any.whl.metadata (3.5 kB)
2026-09-23T08:44:58.0878710Z Collecting pluggy<2,>=1.5 (from pytest)
2026-09-23T08:44:58.0953719Z   Downloading pluggy-1.6.0-py3-none-any.whl.metadata (4.8 kB)
2026-09-23T08:44:58.1144305Z Collecting pygments>=2.7.2 (from pytest)
2026-09-23T08:44:58.1221342Z   Downloading pygments-2.21.0-py3-none-any.whl.metadata (2.5 kB)
2026-09-23T08:44:58.1321003Z Downloading pytest-9.1.1-py3-none-any.whl (386 kB)
2026-09-23T08:44:58.1634670Z Downloading pluggy-1.6.0-py3-none-any.whl (20 kB)
2026-09-23T08:44:58.1709725Z Downloading iniconfig-2.3.0-py3-none-any.whl (7.5 kB)
2026-09-23T08:44:58.1782538Z Downloading packaging-26.3-py3-none-any.whl (129 kB)
2026-09-23T08:44:58.1875778Z Downloading pygments-2.21.0-py3-none-any.whl (1.3 MB)
2026-09-23T08:44:58.2248561Z    ââââââââââââââââââââââââââââââââââââââââ 1.3/1.3 MB 37.6 MB/s  0:00:00
2026-09-23T08:44:58.2950299Z Installing collected packages: pygments, pluggy, packaging, iniconfig, pytest
2026-09-23T08:44:59.2833944Z 
2026-09-23T08:44:59.2844279Z Successfully installed iniconfig-2.3.0 packaging-26.3 pluggy-1.6.0 pygments-2.21.0 pytest-9.1.1
2026-09-23T08:44:59.3443341Z ##[group]Run python automation/inject_mutation.py --error-type "KeyError"
2026-09-23T08:44:59.3443979Z [36;1mpython automation/inject_mutation.py --error-type "KeyError"[0m
2026-09-23T08:44:59.3511516Z shell: /usr/bin/bash -e {0}
2026-09-23T08:44:59.3511813Z env:
2026-09-23T08:44:59.3512124Z   pythonLocation: /opt/hostedtoolcache/Python/3.11.16/x64
2026-09-23T08:44:59.3513172Z   PKG_CONFIG_PATH: /opt/hostedtoolcache/Python/3.11.16/x64/lib/pkgconfig
2026-09-23T08:44:59.3513639Z   Python_ROOT_DIR: /opt/hostedtoolcache/Python/3.11.16/x64
2026-09-23T08:44:59.3514054Z   Python2_ROOT_DIR: /opt/hostedtoolcache/Python/3.11.16/x64
2026-09-23T08:44:59.3514500Z   Python3_ROOT_DIR: /opt/hostedtoolcache/Python/3.11.16/x64
2026-09-23T08:44:59.3514931Z   LD_LIBRARY_PATH: /opt/hostedtoolcache/Python/3.11.16/x64/lib
2026-09-23T08:44:59.3515310Z ##[endgroup]
2026-09-23T08:44:59.3843318Z [Mutation Injected] Successfully injected KeyError into tests/test_app.py
2026-09-23T08:44:59.3919800Z ##[group]Run pytest tests/test_app.py -v
2026-09-23T08:44:59.3920183Z [36;1mpytest tests/test_app.py -v[0m
2026-09-23T08:44:59.3986183Z shell: /usr/bin/bash -e {0}
2026-09-23T08:44:59.3986459Z env:
2026-09-23T08:44:59.3986740Z   pythonLocation: /opt/hostedtoolcache/Python/3.11.16/x64
2026-09-23T08:44:59.3987211Z   PKG_CONFIG_PATH: /opt/hostedtoolcache/Python/3.11.16/x64/lib/pkgconfig
2026-09-23T08:44:59.3987705Z   Python_ROOT_DIR: /opt/hostedtoolcache/Python/3.11.16/x64
2026-09-23T08:44:59.3988135Z   Python2_ROOT_DIR: /opt/hostedtoolcache/Python/3.11.16/x64
2026-09-23T08:44:59.3988550Z   Python3_ROOT_DIR: /opt/hostedtoolcache/Python/3.11.16/x64
2026-09-23T08:44:59.3989003Z   LD_LIBRARY_PATH: /opt/hostedtoolcache/Python/3.11.16/x64/lib
2026-09-23T08:44:59.3989367Z ##[endgroup]
2026-09-23T08:44:59.8107952Z ============================= test session starts ==============================
2026-09-23T08:44:59.8109248Z platform linux -- Python 3.11.16, pytest-9.1.1, pluggy-1.6.0 -- /opt/hostedtoolcache/Python/3.11.16/x64/bin/python
2026-09-23T08:44:59.8110193Z cachedir: .pytest_cache
2026-09-23T08:44:59.8110788Z rootdir: /home/runner/work/log-generation/log-generation
2026-09-23T08:44:59.8111415Z configfile: pytest.ini
2026-09-23T08:44:59.8198186Z collecting ... collected 6 items
2026-09-23T08:44:59.8198595Z 
2026-09-23T08:44:59.8207351Z tests/test_app.py::test_calculate_division PASSED                        [ 16%]
2026-09-23T08:44:59.8215078Z tests/test_app.py::test_convert_to_int PASSED                            [ 33%]
2026-09-23T08:44:59.8222624Z tests/test_app.py::test_get_list_item PASSED                             [ 50%]
2026-09-23T08:44:59.8230394Z tests/test_app.py::test_get_dict_value PASSED                            [ 66%]
2026-09-23T08:44:59.8238253Z tests/test_app.py::test_assert_positive PASSED                           [ 83%]
2026-09-23T08:44:59.8511581Z tests/test_app.py::test_key_error FAILED                                 [100%]
2026-09-23T08:44:59.8512202Z 
2026-09-23T08:44:59.8512522Z =================================== FAILURES ===================================
2026-09-23T08:44:59.8513569Z ________________________________ test_key_error ________________________________
2026-09-23T08:44:59.8514101Z 
2026-09-23T08:44:59.8514274Z     def test_key_error():
2026-09-23T08:44:59.8514791Z         """Injected synthetic KeyError."""
2026-09-23T08:44:59.8515408Z         from src.app import get_dict_value
2026-09-23T08:44:59.8516027Z         config = {"env": "staging", "retries": 3}
2026-09-23T08:44:59.8516722Z >       get_dict_value(config, "missing_auth_token")
2026-09-23T08:44:59.8517172Z 
2026-09-23T08:44:59.8517431Z tests/test_app.py:138: 
2026-09-23T08:44:59.8518007Z _ _ _ _ _ _ _ _ _ _ _ _ _ _ _ _ _ _ _ _ _ _ _ _ _ _ _ _ _ _ _ _ _ _ _ _ _ _ _ _ 
2026-09-23T08:44:59.8518495Z 
2026-09-23T08:44:59.8518733Z d = {'env': 'staging', 'retries': 3}, key = 'missing_auth_token'
2026-09-23T08:44:59.8519080Z 
2026-09-23T08:44:59.8519201Z     def get_dict_value(d, key):
2026-09-23T08:44:59.8519533Z >       return d[key]
2026-09-23T08:44:59.8519803Z                ^^^^^^
2026-09-23T08:44:59.8520092Z E       KeyError: 'missing_auth_token'
2026-09-23T08:44:59.8520337Z 
2026-09-23T08:44:59.8520458Z src/app.py:11: KeyError
2026-09-23T08:44:59.8520833Z =========================== short test summary info ============================
2026-09-23T08:44:59.8521746Z FAILED tests/test_app.py::test_key_error - KeyError: 'missing_auth_token'
2026-09-23T08:44:59.8522356Z ========================= 1 failed, 5 passed in 0.03s ==========================
2026-09-23T08:44:59.8737220Z ##[error]Process completed with exit code 1.
2026-09-23T08:44:59.8889750Z Node 20 is being deprecated. This workflow is running with Node 24 by default. If you need to temporarily use Node 20, you can set the ACTIONS_ALLOW_USE_UNSECURE_NODE_VERSION=true environment variable. For more information see: https://github.blog/changelog/2025-09-19-deprecation-of-node-20-on-github-actions-runners/
2026-09-23T08:44:59.8891006Z Post job cleanup.
2026-09-23T08:44:59.9755842Z [command]/usr/bin/git version
2026-09-23T08:44:59.9799192Z git version 2.55.0
2026-09-23T08:44:59.9840574Z Temporarily overriding HOME='/home/runner/work/_temp/7c551954-307a-4c45-b8b5-ebdcc73baf78' before making global git config changes
2026-09-23T08:44:59.9842020Z Adding repository directory to the temporary git global config as a safe directory
2026-09-23T08:44:59.9847416Z [command]/usr/bin/git config --global --add safe.directory /home/runner/work/log-generation/log-generation
2026-09-23T08:44:59.9888112Z [command]/usr/bin/git config --local --name-only --get-regexp core\.sshCommand
2026-09-23T08:44:59.9926431Z [command]/usr/bin/git submodule foreach --recursive sh -c "git config --local --name-only --get-regexp 'core\.sshCommand' && git config --local --unset-all 'core.sshCommand' || :"
2026-09-23T08:45:00.0184964Z [command]/usr/bin/git config --local --name-only --get-regexp http\.https\:\/\/github\.com\/\.extraheader
2026-09-23T08:45:00.0235847Z http.https://github.com/.extraheader
2026-09-23T08:45:00.0278236Z [command]/usr/bin/git config --local --unset-all http.https://github.com/.extraheader
2026-09-23T08:45:00.0302552Z [command]/usr/bin/git submodule foreach --recursive sh -c "git config --local --name-only --get-regexp 'http\.https\:\/\/github\.com\/\.extraheader' && git config --local --unset-all 'http.https://github.com/.extraheader' || :"
2026-09-23T08:45:00.0696144Z [command]/usr/bin/git config --local --name-only --get-regexp ^includeIf\.gitdir:
2026-09-23T08:45:00.0822340Z [command]/usr/bin/git submodule foreach --recursive git config --local --show-origin --name-only --get-regexp remote.origin.url
2026-09-23T08:45:00.1250891Z Cleaning up orphan processes
2026-09-23T08:45:00.1550902Z ##[warning]Node.js 20 is deprecated. The following actions target Node.js 20 but are being forced to run on Node.js 24: actions/checkout@v4, actions/setup-python@v5. For more information see: https://github.blog/changelog/2025-09-19-deprecation-of-node-20-on-github-actions-runners/
