ï»¿2026-09-23T08:50:21.1172489Z Current runner version: '2.337.0'
2026-09-23T08:50:21.1200587Z ##[group]Runner Image Provisioner
2026-09-23T08:50:21.1201341Z Hosted Compute Agent
2026-09-23T08:50:21.1201955Z Version: 20260828.587
2026-09-23T08:50:21.1202496Z Commit: abac92662cab4cc7352de4f9f9d2e2419aad9c29
2026-09-23T08:50:21.1203130Z Build Date: 2026-08-28T16:44:25Z
2026-09-23T08:50:21.1203710Z Worker ID: {52ef9f14-4b8c-4879-bc33-186bb1484dce}
2026-09-23T08:50:21.1204552Z Azure Region: westcentralus
2026-09-23T08:50:21.1205170Z ##[endgroup]
2026-09-23T08:50:21.1206671Z ##[group]Operating System
2026-09-23T08:50:21.1207202Z Ubuntu
2026-09-23T08:50:21.1207807Z 24.04.5
2026-09-23T08:50:21.1208280Z LTS
2026-09-23T08:50:21.1209112Z ##[endgroup]
2026-09-23T08:50:21.1209592Z ##[group]Runner Image
2026-09-23T08:50:21.1210138Z Image: ubuntu-24.04
2026-09-23T08:50:21.1210635Z Version: 20260907.300.1
2026-09-23T08:50:21.1211784Z Included Software: https://github.com/actions/runner-images/blob/ubuntu24/20260907.300/images/ubuntu/Ubuntu2404-Readme.md
2026-09-23T08:50:21.1213030Z Image Release: https://github.com/actions/runner-images/releases/tag/ubuntu24%2F20260907.300
2026-09-23T08:50:21.1214091Z ##[endgroup]
2026-09-23T08:50:21.1215118Z ##[group]GITHUB_TOKEN Permissions
2026-09-23T08:50:21.1216987Z Contents: read
2026-09-23T08:50:21.1217507Z Metadata: read
2026-09-23T08:50:21.1218005Z Packages: read
2026-09-23T08:50:21.1218530Z ##[endgroup]
2026-09-23T08:50:21.1220312Z Secret source: Actions
2026-09-23T08:50:21.1221208Z Cache mode: write
2026-09-23T08:50:21.1222055Z Prepare workflow directory
2026-09-23T08:50:21.1503457Z Prepare all required actions
2026-09-23T08:50:21.1542015Z Getting action download info
2026-09-23T08:50:21.4386672Z Download action repository 'actions/checkout@v4' (SHA:11d5960a326750d5838078e36cf38b85af677262)
2026-09-23T08:50:21.5282419Z Download action repository 'actions/setup-python@v5' (SHA:a26af69be951a213d495a4c3e4e4022e16d87065)
2026-09-23T08:50:21.7121591Z Complete job name: test-f3 (ZeroDivisionError #203)
2026-09-23T08:50:21.7718883Z Node 20 is being deprecated. This workflow is running with Node 24 by default. If you need to temporarily use Node 20, you can set the ACTIONS_ALLOW_USE_UNSECURE_NODE_VERSION=true environment variable. For more information see: https://github.blog/changelog/2025-09-19-deprecation-of-node-20-on-github-actions-runners/
2026-09-23T08:50:21.7725928Z ##[group]Run actions/checkout@v4
2026-09-23T08:50:21.7726476Z with:
2026-09-23T08:50:21.7726811Z   fetch-depth: 1
2026-09-23T08:50:21.7727186Z   repository: DhruvHegde/log-generation
2026-09-23T08:50:21.7730275Z   token: ***
2026-09-23T08:50:21.7730617Z   ssh-strict: true
2026-09-23T08:50:21.7730968Z   ssh-user: git
2026-09-23T08:50:21.7731319Z   persist-credentials: true
2026-09-23T08:50:21.7731703Z   clean: true
2026-09-23T08:50:21.7732050Z   sparse-checkout-cone-mode: true
2026-09-23T08:50:21.7732451Z   fetch-tags: false
2026-09-23T08:50:21.7732799Z   show-progress: true
2026-09-23T08:50:21.7733221Z   lfs: false
2026-09-23T08:50:21.7733588Z   submodules: false
2026-09-23T08:50:21.7734123Z   set-safe-directory: true
2026-09-23T08:50:21.7734517Z   allow-unsafe-pr-checkout: false
2026-09-23T08:50:21.7735089Z ##[endgroup]
2026-09-23T08:50:21.8532869Z Syncing repository: DhruvHegde/log-generation
2026-09-23T08:50:21.8534641Z ##[group]Getting Git version info
2026-09-23T08:50:21.8535287Z Working directory is '/home/runner/work/log-generation/log-generation'
2026-09-23T08:50:21.8536187Z [command]/usr/bin/git version
2026-09-23T08:50:21.8600787Z git version 2.55.0
2026-09-23T08:50:21.8620055Z ##[endgroup]
2026-09-23T08:50:21.8679922Z Temporarily overriding HOME='/home/runner/work/_temp/8bcaba6e-c025-44f5-aa2b-44faf3a5b1fb' before making global git config changes
2026-09-23T08:50:21.8681885Z Adding repository directory to the temporary git global config as a safe directory
2026-09-23T08:50:21.8684376Z [command]/usr/bin/git config --global --add safe.directory /home/runner/work/log-generation/log-generation
2026-09-23T08:50:21.9954516Z Deleting the contents of '/home/runner/work/log-generation/log-generation'
2026-09-23T08:50:21.9958362Z ##[group]Initializing the repository
2026-09-23T08:50:21.9961870Z [command]/usr/bin/git init /home/runner/work/log-generation/log-generation
2026-09-23T08:50:22.0073133Z hint: Using 'master' as the name for the initial branch. This default branch name
2026-09-23T08:50:22.0074340Z hint: will change to "main" in Git 3.0. To configure the initial branch name
2026-09-23T08:50:22.0075468Z hint: to use in all of your new repositories, which will suppress this warning,
2026-09-23T08:50:22.0076154Z hint: call:
2026-09-23T08:50:22.0076509Z hint:
2026-09-23T08:50:22.0076965Z hint: 	git config --global init.defaultBranch <name>
2026-09-23T08:50:22.0077624Z hint:
2026-09-23T08:50:22.0078434Z hint: Names commonly chosen instead of 'master' are 'main', 'trunk' and
2026-09-23T08:50:22.0079362Z hint: 'development'. The just-created branch can be renamed via this command:
2026-09-23T08:50:22.0079979Z hint:
2026-09-23T08:50:22.0080403Z hint: 	git branch -m <name>
2026-09-23T08:50:22.0080840Z hint:
2026-09-23T08:50:22.0081373Z hint: Disable this message with "git config set advice.defaultBranchName false"
2026-09-23T08:50:22.0082256Z Initialized empty Git repository in /home/runner/work/log-generation/log-generation/.git/
2026-09-23T08:50:22.0085017Z [command]/usr/bin/git remote add origin https://github.com/DhruvHegde/log-generation
2026-09-23T08:50:22.0141130Z ##[endgroup]
2026-09-23T08:50:22.0141762Z ##[group]Disabling automatic garbage collection
2026-09-23T08:50:22.0144205Z [command]/usr/bin/git config --local gc.auto 0
2026-09-23T08:50:22.0171580Z ##[endgroup]
2026-09-23T08:50:22.0172150Z ##[group]Setting up auth
2026-09-23T08:50:22.0176983Z [command]/usr/bin/git config --local --name-only --get-regexp core\.sshCommand
2026-09-23T08:50:22.0205064Z [command]/usr/bin/git submodule foreach --recursive sh -c "git config --local --name-only --get-regexp 'core\.sshCommand' && git config --local --unset-all 'core.sshCommand' || :"
2026-09-23T08:50:22.0510308Z [command]/usr/bin/git config --local --name-only --get-regexp http\.https\:\/\/github\.com\/\.extraheader
2026-09-23T08:50:22.0540912Z [command]/usr/bin/git submodule foreach --recursive sh -c "git config --local --name-only --get-regexp 'http\.https\:\/\/github\.com\/\.extraheader' && git config --local --unset-all 'http.https://github.com/.extraheader' || :"
2026-09-23T08:50:22.0731272Z [command]/usr/bin/git config --local --name-only --get-regexp ^includeIf\.gitdir:
2026-09-23T08:50:22.0762637Z [command]/usr/bin/git submodule foreach --recursive git config --local --show-origin --name-only --get-regexp remote.origin.url
2026-09-23T08:50:22.0962088Z [command]/usr/bin/git config --local http.https://github.com/.extraheader AUTHORIZATION: basic ***
2026-09-23T08:50:22.0994425Z ##[endgroup]
2026-09-23T08:50:22.0995165Z ##[group]Fetching the repository
2026-09-23T08:50:22.1001645Z [command]/usr/bin/git -c protocol.version=2 fetch --no-tags --prune --no-recurse-submodules --depth=1 origin +43f20917de93b9aad51cf79a69ad5239c5632917:refs/remotes/origin/feature/f3-test-failures
2026-09-23T08:50:22.9011545Z From https://github.com/DhruvHegde/log-generation
2026-09-23T08:50:22.9013199Z  * [new ref]         43f20917de93b9aad51cf79a69ad5239c5632917 -> origin/feature/f3-test-failures
2026-09-23T08:50:22.9018266Z ##[endgroup]
2026-09-23T08:50:22.9019271Z ##[group]Determining the checkout info
2026-09-23T08:50:22.9020279Z ##[endgroup]
2026-09-23T08:50:22.9024508Z [command]/usr/bin/git sparse-checkout disable
2026-09-23T08:50:22.9090929Z [command]/usr/bin/git config --local --unset-all extensions.worktreeConfig
2026-09-23T08:50:22.9120133Z ##[group]Checking out the ref
2026-09-23T08:50:22.9123148Z [command]/usr/bin/git checkout --progress --force -B feature/f3-test-failures refs/remotes/origin/feature/f3-test-failures
2026-09-23T08:50:22.9447314Z Switched to a new branch 'feature/f3-test-failures'
2026-09-23T08:50:22.9450253Z branch 'feature/f3-test-failures' set up to track 'origin/feature/f3-test-failures'.
2026-09-23T08:50:22.9455743Z ##[endgroup]
2026-09-23T08:50:22.9495310Z [command]/usr/bin/git log -1 --format=%H
2026-09-23T08:50:22.9518002Z 43f20917de93b9aad51cf79a69ad5239c5632917
2026-09-23T08:50:22.9805341Z Node 20 is being deprecated. This workflow is running with Node 24 by default. If you need to temporarily use Node 20, you can set the ACTIONS_ALLOW_USE_UNSECURE_NODE_VERSION=true environment variable. For more information see: https://github.blog/changelog/2025-09-19-deprecation-of-node-20-on-github-actions-runners/
2026-09-23T08:50:22.9809134Z ##[group]Run actions/setup-python@v5
2026-09-23T08:50:22.9810050Z with:
2026-09-23T08:50:22.9810778Z   python-version: 3.11
2026-09-23T08:50:22.9811597Z   check-latest: false
2026-09-23T08:50:22.9818318Z   token: ***
2026-09-23T08:50:22.9819104Z   update-environment: true
2026-09-23T08:50:22.9819978Z   allow-prereleases: false
2026-09-23T08:50:22.9820823Z   freethreaded: false
2026-09-23T08:50:22.9821613Z ##[endgroup]
2026-09-23T08:50:23.0865000Z ##[group]Installed versions
2026-09-23T08:50:23.0950222Z (node:2113) [DEP0040] DeprecationWarning: The `punycode` module is deprecated. Please use a userland alternative instead.
2026-09-23T08:50:23.0952354Z (Use `node --trace-deprecation ...` to show where the warning was created)
2026-09-23T08:50:23.0954050Z Successfully set up CPython (3.11.16)
2026-09-23T08:50:23.0955863Z ##[endgroup]
2026-09-23T08:50:23.1153533Z ##[group]Run pip install --no-cache-dir pytest
2026-09-23T08:50:23.1155416Z [36;1mpip install --no-cache-dir pytest[0m
2026-09-23T08:50:23.1225575Z shell: /usr/bin/bash -e {0}
2026-09-23T08:50:23.1227168Z env:
2026-09-23T08:50:23.1228693Z   pythonLocation: /opt/hostedtoolcache/Python/3.11.16/x64
2026-09-23T08:50:23.1230597Z   PKG_CONFIG_PATH: /opt/hostedtoolcache/Python/3.11.16/x64/lib/pkgconfig
2026-09-23T08:50:23.1232487Z   Python_ROOT_DIR: /opt/hostedtoolcache/Python/3.11.16/x64
2026-09-23T08:50:23.1234436Z   Python2_ROOT_DIR: /opt/hostedtoolcache/Python/3.11.16/x64
2026-09-23T08:50:23.1236274Z   Python3_ROOT_DIR: /opt/hostedtoolcache/Python/3.11.16/x64
2026-09-23T08:50:23.1302258Z   LD_LIBRARY_PATH: /opt/hostedtoolcache/Python/3.11.16/x64/lib
2026-09-23T08:50:23.1303930Z ##[endgroup]
2026-09-23T08:50:24.1016954Z Collecting pytest
2026-09-23T08:50:24.1870387Z   Downloading pytest-9.1.1-py3-none-any.whl.metadata (7.6 kB)
2026-09-23T08:50:24.2104386Z Collecting iniconfig>=1.0.1 (from pytest)
2026-09-23T08:50:24.2291603Z   Downloading iniconfig-2.3.0-py3-none-any.whl.metadata (2.5 kB)
2026-09-23T08:50:24.2542572Z Collecting packaging>=22 (from pytest)
2026-09-23T08:50:24.2727923Z   Downloading packaging-26.3-py3-none-any.whl.metadata (3.5 kB)
2026-09-23T08:50:24.2955383Z Collecting pluggy<2,>=1.5 (from pytest)
2026-09-23T08:50:24.3142096Z   Downloading pluggy-1.6.0-py3-none-any.whl.metadata (4.8 kB)
2026-09-23T08:50:24.3432010Z Collecting pygments>=2.7.2 (from pytest)
2026-09-23T08:50:24.3620645Z   Downloading pygments-2.21.0-py3-none-any.whl.metadata (2.5 kB)
2026-09-23T08:50:24.3831562Z Downloading pytest-9.1.1-py3-none-any.whl (386 kB)
2026-09-23T08:50:24.4685379Z Downloading pluggy-1.6.0-py3-none-any.whl (20 kB)
2026-09-23T08:50:24.4877630Z Downloading iniconfig-2.3.0-py3-none-any.whl (7.5 kB)
2026-09-23T08:50:24.5069627Z Downloading packaging-26.3-py3-none-any.whl (129 kB)
2026-09-23T08:50:24.5273230Z Downloading pygments-2.21.0-py3-none-any.whl (1.3 MB)
2026-09-23T08:50:24.5808998Z    ââââââââââââââââââââââââââââââââââââââââ 1.3/1.3 MB 21.5 MB/s  0:00:00
2026-09-23T08:50:24.6350135Z Installing collected packages: pygments, pluggy, packaging, iniconfig, pytest
2026-09-23T08:50:25.4036412Z 
2026-09-23T08:50:25.4043986Z Successfully installed iniconfig-2.3.0 packaging-26.3 pluggy-1.6.0 pygments-2.21.0 pytest-9.1.1
2026-09-23T08:50:25.4513464Z ##[group]Run python automation/inject_mutation.py --error-type "ZeroDivisionError"
2026-09-23T08:50:25.4514188Z [36;1mpython automation/inject_mutation.py --error-type "ZeroDivisionError"[0m
2026-09-23T08:50:25.4548573Z shell: /usr/bin/bash -e {0}
2026-09-23T08:50:25.4548790Z env:
2026-09-23T08:50:25.4549196Z   pythonLocation: /opt/hostedtoolcache/Python/3.11.16/x64
2026-09-23T08:50:25.4549546Z   PKG_CONFIG_PATH: /opt/hostedtoolcache/Python/3.11.16/x64/lib/pkgconfig
2026-09-23T08:50:25.4549875Z   Python_ROOT_DIR: /opt/hostedtoolcache/Python/3.11.16/x64
2026-09-23T08:50:25.4550167Z   Python2_ROOT_DIR: /opt/hostedtoolcache/Python/3.11.16/x64
2026-09-23T08:50:25.4550474Z   Python3_ROOT_DIR: /opt/hostedtoolcache/Python/3.11.16/x64
2026-09-23T08:50:25.4550772Z   LD_LIBRARY_PATH: /opt/hostedtoolcache/Python/3.11.16/x64/lib
2026-09-23T08:50:25.4551064Z ##[endgroup]
2026-09-23T08:50:25.4801081Z [Mutation Injected] Successfully injected ZeroDivisionError into tests/test_app.py
2026-09-23T08:50:25.4859905Z ##[group]Run pytest tests/test_app.py -v
2026-09-23T08:50:25.4860191Z [36;1mpytest tests/test_app.py -v[0m
2026-09-23T08:50:25.4891538Z shell: /usr/bin/bash -e {0}
2026-09-23T08:50:25.4891748Z env:
2026-09-23T08:50:25.4891971Z   pythonLocation: /opt/hostedtoolcache/Python/3.11.16/x64
2026-09-23T08:50:25.4892336Z   PKG_CONFIG_PATH: /opt/hostedtoolcache/Python/3.11.16/x64/lib/pkgconfig
2026-09-23T08:50:25.4892667Z   Python_ROOT_DIR: /opt/hostedtoolcache/Python/3.11.16/x64
2026-09-23T08:50:25.4892958Z   Python2_ROOT_DIR: /opt/hostedtoolcache/Python/3.11.16/x64
2026-09-23T08:50:25.4893265Z   Python3_ROOT_DIR: /opt/hostedtoolcache/Python/3.11.16/x64
2026-09-23T08:50:25.4893571Z   LD_LIBRARY_PATH: /opt/hostedtoolcache/Python/3.11.16/x64/lib
2026-09-23T08:50:25.4893976Z ##[endgroup]
2026-09-23T08:50:25.9662767Z ============================= test session starts ==============================
2026-09-23T08:50:25.9663562Z platform linux -- Python 3.11.16, pytest-9.1.1, pluggy-1.6.0 -- /opt/hostedtoolcache/Python/3.11.16/x64/bin/python
2026-09-23T08:50:25.9664091Z cachedir: .pytest_cache
2026-09-23T08:50:25.9664338Z rootdir: /home/runner/work/log-generation/log-generation
2026-09-23T08:50:25.9664604Z configfile: pytest.ini
2026-09-23T08:50:25.9726381Z collecting ... collected 6 items
2026-09-23T08:50:25.9726587Z 
2026-09-23T08:50:25.9732342Z tests/test_app.py::test_calculate_division PASSED                        [ 16%]
2026-09-23T08:50:25.9737310Z tests/test_app.py::test_convert_to_int PASSED                            [ 33%]
2026-09-23T08:50:25.9742018Z tests/test_app.py::test_get_list_item PASSED                             [ 50%]
2026-09-23T08:50:25.9746565Z tests/test_app.py::test_get_dict_value PASSED                            [ 66%]
2026-09-23T08:50:25.9750769Z tests/test_app.py::test_assert_positive PASSED                           [ 83%]
2026-09-23T08:50:25.9975978Z tests/test_app.py::test_zero_division_error FAILED                       [100%]
2026-09-23T08:50:25.9976396Z 
2026-09-23T08:50:25.9976555Z =================================== FAILURES ===================================
2026-09-23T08:50:25.9976919Z ___________________________ test_zero_division_error ___________________________
2026-09-23T08:50:25.9977122Z 
2026-09-23T08:50:25.9977214Z     def test_zero_division_error():
2026-09-23T08:50:25.9977468Z         """Injected synthetic ZeroDivisionError."""
2026-09-23T08:50:25.9977736Z         from src.app import calculate_division
2026-09-23T08:50:25.9977975Z >       calculate_division(42, 0)
2026-09-23T08:50:25.9978111Z 
2026-09-23T08:50:25.9978190Z tests/test_app.py:139: 
2026-09-23T08:50:25.9978421Z _ _ _ _ _ _ _ _ _ _ _ _ _ _ _ _ _ _ _ _ _ _ _ _ _ _ _ _ _ _ _ _ _ _ _ _ _ _ _ _ 
2026-09-23T08:50:25.9978638Z 
2026-09-23T08:50:25.9978716Z a = 42, b = 0
2026-09-23T08:50:25.9978806Z 
2026-09-23T08:50:25.9978902Z     def calculate_division(a, b):
2026-09-23T08:50:25.9979102Z >       return a / b
2026-09-23T08:50:25.9979269Z                ^^^^^
2026-09-23T08:50:25.9979458Z E       ZeroDivisionError: division by zero
2026-09-23T08:50:25.9979613Z 
2026-09-23T08:50:25.9979699Z src/app.py:2: ZeroDivisionError
2026-09-23T08:50:25.9979946Z =========================== short test summary info ============================
2026-09-23T08:50:25.9980349Z FAILED tests/test_app.py::test_zero_division_error - ZeroDivisionError: division by zero
2026-09-23T08:50:25.9980961Z ========================= 1 failed, 5 passed in 0.02s ==========================
2026-09-23T08:50:26.0146563Z ##[error]Process completed with exit code 1.
2026-09-23T08:50:26.0261076Z Node 20 is being deprecated. This workflow is running with Node 24 by default. If you need to temporarily use Node 20, you can set the ACTIONS_ALLOW_USE_UNSECURE_NODE_VERSION=true environment variable. For more information see: https://github.blog/changelog/2025-09-19-deprecation-of-node-20-on-github-actions-runners/
2026-09-23T08:50:26.0262026Z Post job cleanup.
2026-09-23T08:50:26.0968846Z [command]/usr/bin/git version
2026-09-23T08:50:26.1003008Z git version 2.55.0
2026-09-23T08:50:26.1031339Z Temporarily overriding HOME='/home/runner/work/_temp/785b34bb-b2e4-43d1-8356-8f656a088f6c' before making global git config changes
2026-09-23T08:50:26.1032383Z Adding repository directory to the temporary git global config as a safe directory
2026-09-23T08:50:26.1035221Z [command]/usr/bin/git config --global --add safe.directory /home/runner/work/log-generation/log-generation
2026-09-23T08:50:26.1068684Z [command]/usr/bin/git config --local --name-only --get-regexp core\.sshCommand
2026-09-23T08:50:26.1102013Z [command]/usr/bin/git submodule foreach --recursive sh -c "git config --local --name-only --get-regexp 'core\.sshCommand' && git config --local --unset-all 'core.sshCommand' || :"
2026-09-23T08:50:26.1321827Z [command]/usr/bin/git config --local --name-only --get-regexp http\.https\:\/\/github\.com\/\.extraheader
2026-09-23T08:50:26.1346061Z http.https://github.com/.extraheader
2026-09-23T08:50:26.1358783Z [command]/usr/bin/git config --local --unset-all http.https://github.com/.extraheader
2026-09-23T08:50:26.1390345Z [command]/usr/bin/git submodule foreach --recursive sh -c "git config --local --name-only --get-regexp 'http\.https\:\/\/github\.com\/\.extraheader' && git config --local --unset-all 'http.https://github.com/.extraheader' || :"
2026-09-23T08:50:26.1607178Z [command]/usr/bin/git config --local --name-only --get-regexp ^includeIf\.gitdir:
2026-09-23T08:50:26.1642601Z [command]/usr/bin/git submodule foreach --recursive git config --local --show-origin --name-only --get-regexp remote.origin.url
2026-09-23T08:50:26.1967493Z Cleaning up orphan processes
2026-09-23T08:50:26.2192269Z ##[warning]Node.js 20 is deprecated. The following actions target Node.js 20 but are being forced to run on Node.js 24: actions/checkout@v4, actions/setup-python@v5. For more information see: https://github.blog/changelog/2025-09-19-deprecation-of-node-20-on-github-actions-runners/
