ï»¿2026-09-23T08:48:50.9036143Z Current runner version: '2.337.0'
2026-09-23T08:48:50.9056712Z ##[group]Runner Image Provisioner
2026-09-23T08:48:50.9057461Z Hosted Compute Agent
2026-09-23T08:48:50.9057944Z Version: 20260828.587
2026-09-23T08:48:50.9058552Z Commit: abac92662cab4cc7352de4f9f9d2e2419aad9c29
2026-09-23T08:48:50.9059167Z Build Date: 2026-08-28T16:44:25Z
2026-09-23T08:48:50.9059763Z Worker ID: {2d667ace-176f-4887-801c-2478b92076c5}
2026-09-23T08:48:50.9060398Z Azure Region: westus
2026-09-23T08:48:50.9060898Z ##[endgroup]
2026-09-23T08:48:50.9062266Z ##[group]Operating System
2026-09-23T08:48:50.9062938Z Ubuntu
2026-09-23T08:48:50.9063444Z 24.04.5
2026-09-23T08:48:50.9063930Z LTS
2026-09-23T08:48:50.9064703Z ##[endgroup]
2026-09-23T08:48:50.9065192Z ##[group]Runner Image
2026-09-23T08:48:50.9065693Z Image: ubuntu-24.04
2026-09-23T08:48:50.9066238Z Version: 20260907.300.1
2026-09-23T08:48:50.9067291Z Included Software: https://github.com/actions/runner-images/blob/ubuntu24/20260907.300/images/ubuntu/Ubuntu2404-Readme.md
2026-09-23T08:48:50.9068577Z Image Release: https://github.com/actions/runner-images/releases/tag/ubuntu24%2F20260907.300
2026-09-23T08:48:50.9069385Z ##[endgroup]
2026-09-23T08:48:50.9070427Z ##[group]GITHUB_TOKEN Permissions
2026-09-23T08:48:50.9072210Z Contents: read
2026-09-23T08:48:50.9072903Z Metadata: read
2026-09-23T08:48:50.9073383Z Packages: read
2026-09-23T08:48:50.9073840Z ##[endgroup]
2026-09-23T08:48:50.9075640Z Secret source: Actions
2026-09-23T08:48:50.9076433Z Cache mode: write
2026-09-23T08:48:50.9077352Z Prepare workflow directory
2026-09-23T08:48:50.9336734Z Prepare all required actions
2026-09-23T08:48:50.9375811Z Getting action download info
2026-09-23T08:48:51.4384265Z Download action repository 'actions/checkout@v4' (SHA:11d5960a326750d5838078e36cf38b85af677262)
2026-09-23T08:48:51.6178973Z Download action repository 'actions/setup-python@v5' (SHA:a26af69be951a213d495a4c3e4e4022e16d87065)
2026-09-23T08:48:51.8001848Z Complete job name: test-f3 (FileNotFoundError #88)
2026-09-23T08:48:51.8611412Z Node 20 is being deprecated. This workflow is running with Node 24 by default. If you need to temporarily use Node 20, you can set the ACTIONS_ALLOW_USE_UNSECURE_NODE_VERSION=true environment variable. For more information see: https://github.blog/changelog/2025-09-19-deprecation-of-node-20-on-github-actions-runners/
2026-09-23T08:48:51.8618710Z ##[group]Run actions/checkout@v4
2026-09-23T08:48:51.8619342Z with:
2026-09-23T08:48:51.8619735Z   fetch-depth: 1
2026-09-23T08:48:51.8620171Z   repository: DhruvHegde/log-generation
2026-09-23T08:48:51.8623710Z   token: ***
2026-09-23T08:48:51.8624117Z   ssh-strict: true
2026-09-23T08:48:51.8624521Z   ssh-user: git
2026-09-23T08:48:51.8624925Z   persist-credentials: true
2026-09-23T08:48:51.8625373Z   clean: true
2026-09-23T08:48:51.8625787Z   sparse-checkout-cone-mode: true
2026-09-23T08:48:51.8626261Z   fetch-tags: false
2026-09-23T08:48:51.8626676Z   show-progress: true
2026-09-23T08:48:51.8627090Z   lfs: false
2026-09-23T08:48:51.8627516Z   submodules: false
2026-09-23T08:48:51.8627939Z   set-safe-directory: true
2026-09-23T08:48:51.8628402Z   allow-unsafe-pr-checkout: false
2026-09-23T08:48:51.8629080Z ##[endgroup]
2026-09-23T08:48:51.9464585Z Syncing repository: DhruvHegde/log-generation
2026-09-23T08:48:51.9466292Z ##[group]Getting Git version info
2026-09-23T08:48:51.9467055Z Working directory is '/home/runner/work/log-generation/log-generation'
2026-09-23T08:48:51.9468192Z [command]/usr/bin/git version
2026-09-23T08:48:52.0897656Z git version 2.55.0
2026-09-23T08:48:52.0914855Z ##[endgroup]
2026-09-23T08:48:52.0926752Z Temporarily overriding HOME='/home/runner/work/_temp/8be55d9a-2f06-4976-9d6a-5f2a48a9d316' before making global git config changes
2026-09-23T08:48:52.0928575Z Adding repository directory to the temporary git global config as a safe directory
2026-09-23T08:48:52.0930982Z [command]/usr/bin/git config --global --add safe.directory /home/runner/work/log-generation/log-generation
2026-09-23T08:48:52.1029590Z Deleting the contents of '/home/runner/work/log-generation/log-generation'
2026-09-23T08:48:52.1033268Z ##[group]Initializing the repository
2026-09-23T08:48:52.1036399Z [command]/usr/bin/git init /home/runner/work/log-generation/log-generation
2026-09-23T08:48:52.1208472Z hint: Using 'master' as the name for the initial branch. This default branch name
2026-09-23T08:48:52.1209433Z hint: will change to "main" in Git 3.0. To configure the initial branch name
2026-09-23T08:48:52.1210296Z hint: to use in all of your new repositories, which will suppress this warning,
2026-09-23T08:48:52.1211029Z hint: call:
2026-09-23T08:48:52.1211437Z hint:
2026-09-23T08:48:52.1211967Z hint: 	git config --global init.defaultBranch <name>
2026-09-23T08:48:52.1212658Z hint:
2026-09-23T08:48:52.1213222Z hint: Names commonly chosen instead of 'master' are 'main', 'trunk' and
2026-09-23T08:48:52.1214080Z hint: 'development'. The just-created branch can be renamed via this command:
2026-09-23T08:48:52.1214787Z hint:
2026-09-23T08:48:52.1215233Z hint: 	git branch -m <name>
2026-09-23T08:48:52.1215720Z hint:
2026-09-23T08:48:52.1216310Z hint: Disable this message with "git config set advice.defaultBranchName false"
2026-09-23T08:48:52.1220906Z Initialized empty Git repository in /home/runner/work/log-generation/log-generation/.git/
2026-09-23T08:48:52.1229123Z [command]/usr/bin/git remote add origin https://github.com/DhruvHegde/log-generation
2026-09-23T08:48:52.1275833Z ##[endgroup]
2026-09-23T08:48:52.1276588Z ##[group]Disabling automatic garbage collection
2026-09-23T08:48:52.1278360Z [command]/usr/bin/git config --local gc.auto 0
2026-09-23T08:48:52.1310165Z ##[endgroup]
2026-09-23T08:48:52.1310901Z ##[group]Setting up auth
2026-09-23T08:48:52.1315978Z [command]/usr/bin/git config --local --name-only --get-regexp core\.sshCommand
2026-09-23T08:48:52.1346459Z [command]/usr/bin/git submodule foreach --recursive sh -c "git config --local --name-only --get-regexp 'core\.sshCommand' && git config --local --unset-all 'core.sshCommand' || :"
2026-09-23T08:48:52.1650024Z [command]/usr/bin/git config --local --name-only --get-regexp http\.https\:\/\/github\.com\/\.extraheader
2026-09-23T08:48:52.1680135Z [command]/usr/bin/git submodule foreach --recursive sh -c "git config --local --name-only --get-regexp 'http\.https\:\/\/github\.com\/\.extraheader' && git config --local --unset-all 'http.https://github.com/.extraheader' || :"
2026-09-23T08:48:52.1869049Z [command]/usr/bin/git config --local --name-only --get-regexp ^includeIf\.gitdir:
2026-09-23T08:48:52.1899073Z [command]/usr/bin/git submodule foreach --recursive git config --local --show-origin --name-only --get-regexp remote.origin.url
2026-09-23T08:48:52.2104388Z [command]/usr/bin/git config --local http.https://github.com/.extraheader AUTHORIZATION: basic ***
2026-09-23T08:48:52.2136829Z ##[endgroup]
2026-09-23T08:48:52.2137998Z ##[group]Fetching the repository
2026-09-23T08:48:52.2145969Z [command]/usr/bin/git -c protocol.version=2 fetch --no-tags --prune --no-recurse-submodules --depth=1 origin +43f20917de93b9aad51cf79a69ad5239c5632917:refs/remotes/origin/feature/f3-test-failures
2026-09-23T08:48:53.2293802Z From https://github.com/DhruvHegde/log-generation
2026-09-23T08:48:53.2295626Z  * [new ref]         43f20917de93b9aad51cf79a69ad5239c5632917 -> origin/feature/f3-test-failures
2026-09-23T08:48:53.2299019Z ##[endgroup]
2026-09-23T08:48:53.2300073Z ##[group]Determining the checkout info
2026-09-23T08:48:53.2301714Z ##[endgroup]
2026-09-23T08:48:53.2306046Z [command]/usr/bin/git sparse-checkout disable
2026-09-23T08:48:53.2348873Z [command]/usr/bin/git config --local --unset-all extensions.worktreeConfig
2026-09-23T08:48:53.2425531Z ##[group]Checking out the ref
2026-09-23T08:48:53.2428828Z [command]/usr/bin/git checkout --progress --force -B feature/f3-test-failures refs/remotes/origin/feature/f3-test-failures
2026-09-23T08:48:53.2734091Z Switched to a new branch 'feature/f3-test-failures'
2026-09-23T08:48:53.2738717Z branch 'feature/f3-test-failures' set up to track 'origin/feature/f3-test-failures'.
2026-09-23T08:48:53.2745225Z ##[endgroup]
2026-09-23T08:48:53.2780883Z [command]/usr/bin/git log -1 --format=%H
2026-09-23T08:48:53.2803823Z 43f20917de93b9aad51cf79a69ad5239c5632917
2026-09-23T08:48:53.3110022Z Node 20 is being deprecated. This workflow is running with Node 24 by default. If you need to temporarily use Node 20, you can set the ACTIONS_ALLOW_USE_UNSECURE_NODE_VERSION=true environment variable. For more information see: https://github.blog/changelog/2025-09-19-deprecation-of-node-20-on-github-actions-runners/
2026-09-23T08:48:53.3115133Z ##[group]Run actions/setup-python@v5
2026-09-23T08:48:53.3116120Z with:
2026-09-23T08:48:53.3116876Z   python-version: 3.11
2026-09-23T08:48:53.3117736Z   check-latest: false
2026-09-23T08:48:53.3125447Z   token: ***
2026-09-23T08:48:53.3126262Z   update-environment: true
2026-09-23T08:48:53.3127200Z   allow-prereleases: false
2026-09-23T08:48:53.3128103Z   freethreaded: false
2026-09-23T08:48:53.3128913Z ##[endgroup]
2026-09-23T08:48:53.4154710Z ##[group]Installed versions
2026-09-23T08:48:53.4398892Z (node:2025) [DEP0040] DeprecationWarning: The `punycode` module is deprecated. Please use a userland alternative instead.
2026-09-23T08:48:53.4402333Z (Use `node --trace-deprecation ...` to show where the warning was created)
2026-09-23T08:48:53.4404650Z Successfully set up CPython (3.11.16)
2026-09-23T08:48:53.4409138Z ##[endgroup]
2026-09-23T08:48:53.4579556Z ##[group]Run pip install --no-cache-dir pytest
2026-09-23T08:48:53.4580838Z [36;1mpip install --no-cache-dir pytest[0m
2026-09-23T08:48:53.4646648Z shell: /usr/bin/bash -e {0}
2026-09-23T08:48:53.4647999Z env:
2026-09-23T08:48:53.4649286Z   pythonLocation: /opt/hostedtoolcache/Python/3.11.16/x64
2026-09-23T08:48:53.4651414Z   PKG_CONFIG_PATH: /opt/hostedtoolcache/Python/3.11.16/x64/lib/pkgconfig
2026-09-23T08:48:53.4653534Z   Python_ROOT_DIR: /opt/hostedtoolcache/Python/3.11.16/x64
2026-09-23T08:48:53.4655510Z   Python2_ROOT_DIR: /opt/hostedtoolcache/Python/3.11.16/x64
2026-09-23T08:48:53.4720629Z   Python3_ROOT_DIR: /opt/hostedtoolcache/Python/3.11.16/x64
2026-09-23T08:48:53.4722826Z   LD_LIBRARY_PATH: /opt/hostedtoolcache/Python/3.11.16/x64/lib
2026-09-23T08:48:53.4724296Z ##[endgroup]
2026-09-23T08:48:54.5816526Z Collecting pytest
2026-09-23T08:48:54.6426064Z   Downloading pytest-9.1.1-py3-none-any.whl.metadata (7.6 kB)
2026-09-23T08:48:54.6666762Z Collecting iniconfig>=1.0.1 (from pytest)
2026-09-23T08:48:54.6774132Z   Downloading iniconfig-2.3.0-py3-none-any.whl.metadata (2.5 kB)
2026-09-23T08:48:54.7034189Z Collecting packaging>=22 (from pytest)
2026-09-23T08:48:54.7141131Z   Downloading packaging-26.3-py3-none-any.whl.metadata (3.5 kB)
2026-09-23T08:48:54.7379119Z Collecting pluggy<2,>=1.5 (from pytest)
2026-09-23T08:48:54.7483734Z   Downloading pluggy-1.6.0-py3-none-any.whl.metadata (4.8 kB)
2026-09-23T08:48:54.7772837Z Collecting pygments>=2.7.2 (from pytest)
2026-09-23T08:48:54.7875969Z   Downloading pygments-2.21.0-py3-none-any.whl.metadata (2.5 kB)
2026-09-23T08:48:54.8373533Z Downloading pytest-9.1.1-py3-none-any.whl (386 kB)
2026-09-23T08:48:54.8809393Z Downloading pluggy-1.6.0-py3-none-any.whl (20 kB)
2026-09-23T08:48:54.8916563Z Downloading iniconfig-2.3.0-py3-none-any.whl (7.5 kB)
2026-09-23T08:48:54.9019934Z Downloading packaging-26.3-py3-none-any.whl (129 kB)
2026-09-23T08:48:54.9138034Z Downloading pygments-2.21.0-py3-none-any.whl (1.3 MB)
2026-09-23T08:48:54.9436668Z    ââââââââââââââââââââââââââââââââââââââââ 1.3/1.3 MB 39.2 MB/s  0:00:00
2026-09-23T08:48:55.0616293Z Installing collected packages: pygments, pluggy, packaging, iniconfig, pytest
2026-09-23T08:48:55.8604947Z 
2026-09-23T08:48:55.8612073Z Successfully installed iniconfig-2.3.0 packaging-26.3 pluggy-1.6.0 pygments-2.21.0 pytest-9.1.1
2026-09-23T08:48:55.9097366Z ##[group]Run python automation/inject_mutation.py --error-type "FileNotFoundError"
2026-09-23T08:48:55.9097884Z [36;1mpython automation/inject_mutation.py --error-type "FileNotFoundError"[0m
2026-09-23T08:48:55.9130062Z shell: /usr/bin/bash -e {0}
2026-09-23T08:48:55.9130293Z env:
2026-09-23T08:48:55.9130700Z   pythonLocation: /opt/hostedtoolcache/Python/3.11.16/x64
2026-09-23T08:48:55.9131061Z   PKG_CONFIG_PATH: /opt/hostedtoolcache/Python/3.11.16/x64/lib/pkgconfig
2026-09-23T08:48:55.9131409Z   Python_ROOT_DIR: /opt/hostedtoolcache/Python/3.11.16/x64
2026-09-23T08:48:55.9131724Z   Python2_ROOT_DIR: /opt/hostedtoolcache/Python/3.11.16/x64
2026-09-23T08:48:55.9132042Z   Python3_ROOT_DIR: /opt/hostedtoolcache/Python/3.11.16/x64
2026-09-23T08:48:55.9132352Z   LD_LIBRARY_PATH: /opt/hostedtoolcache/Python/3.11.16/x64/lib
2026-09-23T08:48:55.9132761Z ##[endgroup]
2026-09-23T08:48:55.9412013Z [Mutation Injected] Successfully injected FileNotFoundError into tests/test_app.py
2026-09-23T08:48:55.9470526Z ##[group]Run pytest tests/test_app.py -v
2026-09-23T08:48:55.9470829Z [36;1mpytest tests/test_app.py -v[0m
2026-09-23T08:48:55.9502348Z shell: /usr/bin/bash -e {0}
2026-09-23T08:48:55.9502696Z env:
2026-09-23T08:48:55.9502936Z   pythonLocation: /opt/hostedtoolcache/Python/3.11.16/x64
2026-09-23T08:48:55.9503338Z   PKG_CONFIG_PATH: /opt/hostedtoolcache/Python/3.11.16/x64/lib/pkgconfig
2026-09-23T08:48:55.9503683Z   Python_ROOT_DIR: /opt/hostedtoolcache/Python/3.11.16/x64
2026-09-23T08:48:55.9503999Z   Python2_ROOT_DIR: /opt/hostedtoolcache/Python/3.11.16/x64
2026-09-23T08:48:55.9504306Z   Python3_ROOT_DIR: /opt/hostedtoolcache/Python/3.11.16/x64
2026-09-23T08:48:55.9504624Z   LD_LIBRARY_PATH: /opt/hostedtoolcache/Python/3.11.16/x64/lib
2026-09-23T08:48:55.9504899Z ##[endgroup]
2026-09-23T08:48:56.4211433Z ============================= test session starts ==============================
2026-09-23T08:48:56.4212320Z platform linux -- Python 3.11.16, pytest-9.1.1, pluggy-1.6.0 -- /opt/hostedtoolcache/Python/3.11.16/x64/bin/python
2026-09-23T08:48:56.4213154Z cachedir: .pytest_cache
2026-09-23T08:48:56.4213541Z rootdir: /home/runner/work/log-generation/log-generation
2026-09-23T08:48:56.4213964Z configfile: pytest.ini
2026-09-23T08:48:56.4274565Z collecting ... collected 6 items
2026-09-23T08:48:56.4275024Z 
2026-09-23T08:48:56.4281159Z tests/test_app.py::test_calculate_division PASSED                        [ 16%]
2026-09-23T08:48:56.4285760Z tests/test_app.py::test_convert_to_int PASSED                            [ 33%]
2026-09-23T08:48:56.4290515Z tests/test_app.py::test_get_list_item PASSED                             [ 50%]
2026-09-23T08:48:56.4295227Z tests/test_app.py::test_get_dict_value PASSED                            [ 66%]
2026-09-23T08:48:56.4299570Z tests/test_app.py::test_assert_positive PASSED                           [ 83%]
2026-09-23T08:48:56.4509417Z tests/test_app.py::test_file_not_found_error FAILED                      [100%]
2026-09-23T08:48:56.4509706Z 
2026-09-23T08:48:56.4509869Z =================================== FAILURES ===================================
2026-09-23T08:48:56.4510229Z __________________________ test_file_not_found_error ___________________________
2026-09-23T08:48:56.4510456Z 
2026-09-23T08:48:56.4510556Z     def test_file_not_found_error():
2026-09-23T08:48:56.4510825Z         """Injected synthetic FileNotFoundError."""
2026-09-23T08:48:56.4511114Z         from src.app import read_config_file
2026-09-23T08:48:56.4511439Z >       read_config_file("fixtures/non_existent_pipeline_config.json")
2026-09-23T08:48:56.4511669Z 
2026-09-23T08:48:56.4511764Z tests/test_app.py:139: 
2026-09-23T08:48:56.4512016Z _ _ _ _ _ _ _ _ _ _ _ _ _ _ _ _ _ _ _ _ _ _ _ _ _ _ _ _ _ _ _ _ _ _ _ _ _ _ _ _ 
2026-09-23T08:48:56.4512233Z 
2026-09-23T08:48:56.4512361Z path = 'fixtures/non_existent_pipeline_config.json'
2026-09-23T08:48:56.4512713Z 
2026-09-23T08:48:56.4512831Z     def read_config_file(path):
2026-09-23T08:48:56.4513069Z >       with open(path, "r") as f:
2026-09-23T08:48:56.4513302Z              ^^^^^^^^^^^^^^^
2026-09-23T08:48:56.4513685Z E       FileNotFoundError: [Errno 2] No such file or directory: 'fixtures/non_existent_pipeline_config.json'
2026-09-23T08:48:56.4513986Z 
2026-09-23T08:48:56.4514089Z src/app.py:17: FileNotFoundError
2026-09-23T08:48:56.4514365Z =========================== short test summary info ============================
2026-09-23T08:48:56.4515224Z FAILED tests/test_app.py::test_file_not_found_error - FileNotFoundError: [Errno 2] No such file or directory: 'fixtures/non_existent_pipeline_config.json'
2026-09-23T08:48:56.4515774Z ========================= 1 failed, 5 passed in 0.02s ==========================
2026-09-23T08:48:56.4681151Z ##[error]Process completed with exit code 1.
2026-09-23T08:48:56.4791573Z Node 20 is being deprecated. This workflow is running with Node 24 by default. If you need to temporarily use Node 20, you can set the ACTIONS_ALLOW_USE_UNSECURE_NODE_VERSION=true environment variable. For more information see: https://github.blog/changelog/2025-09-19-deprecation-of-node-20-on-github-actions-runners/
2026-09-23T08:48:56.4792640Z Post job cleanup.
2026-09-23T08:48:56.5479258Z [command]/usr/bin/git version
2026-09-23T08:48:56.5532302Z git version 2.55.0
2026-09-23T08:48:56.5569992Z Temporarily overriding HOME='/home/runner/work/_temp/60908999-c4f2-4ec5-ac02-043b8eaab1d7' before making global git config changes
2026-09-23T08:48:56.5571298Z Adding repository directory to the temporary git global config as a safe directory
2026-09-23T08:48:56.5574881Z [command]/usr/bin/git config --global --add safe.directory /home/runner/work/log-generation/log-generation
2026-09-23T08:48:56.5610035Z [command]/usr/bin/git config --local --name-only --get-regexp core\.sshCommand
2026-09-23T08:48:56.5642791Z [command]/usr/bin/git submodule foreach --recursive sh -c "git config --local --name-only --get-regexp 'core\.sshCommand' && git config --local --unset-all 'core.sshCommand' || :"
2026-09-23T08:48:56.5857911Z [command]/usr/bin/git config --local --name-only --get-regexp http\.https\:\/\/github\.com\/\.extraheader
2026-09-23T08:48:56.5883170Z http.https://github.com/.extraheader
2026-09-23T08:48:56.5892033Z [command]/usr/bin/git config --local --unset-all http.https://github.com/.extraheader
2026-09-23T08:48:56.5926679Z [command]/usr/bin/git submodule foreach --recursive sh -c "git config --local --name-only --get-regexp 'http\.https\:\/\/github\.com\/\.extraheader' && git config --local --unset-all 'http.https://github.com/.extraheader' || :"
2026-09-23T08:48:56.6147173Z [command]/usr/bin/git config --local --name-only --get-regexp ^includeIf\.gitdir:
2026-09-23T08:48:56.6181601Z [command]/usr/bin/git submodule foreach --recursive git config --local --show-origin --name-only --get-regexp remote.origin.url
2026-09-23T08:48:56.6518497Z Cleaning up orphan processes
2026-09-23T08:48:56.6747224Z ##[warning]Node.js 20 is deprecated. The following actions target Node.js 20 but are being forced to run on Node.js 24: actions/checkout@v4, actions/setup-python@v5. For more information see: https://github.blog/changelog/2025-09-19-deprecation-of-node-20-on-github-actions-runners/
