ï»¿2026-09-23T08:45:49.2990113Z Current runner version: '2.337.0'
2026-09-23T08:45:49.3015798Z ##[group]Runner Image Provisioner
2026-09-23T08:45:49.3016735Z Hosted Compute Agent
2026-09-23T08:45:49.3017352Z Version: 20260828.587
2026-09-23T08:45:49.3018087Z Commit: abac92662cab4cc7352de4f9f9d2e2419aad9c29
2026-09-23T08:45:49.3018934Z Build Date: 2026-08-28T16:44:25Z
2026-09-23T08:45:49.3019620Z Worker ID: {4c2d8d75-a331-4972-b30d-7359595cf395}
2026-09-23T08:45:49.3020480Z Azure Region: centralus
2026-09-23T08:45:49.3021105Z ##[endgroup]
2026-09-23T08:45:49.3023007Z ##[group]Operating System
2026-09-23T08:45:49.3023737Z Ubuntu
2026-09-23T08:45:49.3024273Z 24.04.5
2026-09-23T08:45:49.3024932Z LTS
2026-09-23T08:45:49.3025479Z ##[endgroup]
2026-09-23T08:45:49.3026434Z ##[group]Runner Image
2026-09-23T08:45:49.3027084Z Image: ubuntu-24.04
2026-09-23T08:45:49.3027669Z Version: 20260907.300.1
2026-09-23T08:45:49.3029041Z Included Software: https://github.com/actions/runner-images/blob/ubuntu24/20260907.300/images/ubuntu/Ubuntu2404-Readme.md
2026-09-23T08:45:49.3030609Z Image Release: https://github.com/actions/runner-images/releases/tag/ubuntu24%2F20260907.300
2026-09-23T08:45:49.3031613Z ##[endgroup]
2026-09-23T08:45:49.3033292Z ##[group]GITHUB_TOKEN Permissions
2026-09-23T08:45:49.3035520Z Contents: read
2026-09-23T08:45:49.3036141Z Metadata: read
2026-09-23T08:45:49.3036814Z Packages: read
2026-09-23T08:45:49.3037449Z ##[endgroup]
2026-09-23T08:45:49.3039598Z Secret source: Actions
2026-09-23T08:45:49.3040567Z Cache mode: write
2026-09-23T08:45:49.3041595Z Prepare workflow directory
2026-09-23T08:45:49.3376935Z Prepare all required actions
2026-09-23T08:45:49.3424493Z Getting action download info
2026-09-23T08:45:49.6065343Z Download action repository 'actions/checkout@v4' (SHA:11d5960a326750d5838078e36cf38b85af677262)
2026-09-23T08:45:49.7103771Z Download action repository 'actions/setup-python@v5' (SHA:a26af69be951a213d495a4c3e4e4022e16d87065)
2026-09-23T08:45:49.8958197Z Complete job name: test-f3 (AttributeError #207)
2026-09-23T08:45:49.9712929Z Node 20 is being deprecated. This workflow is running with Node 24 by default. If you need to temporarily use Node 20, you can set the ACTIONS_ALLOW_USE_UNSECURE_NODE_VERSION=true environment variable. For more information see: https://github.blog/changelog/2025-09-19-deprecation-of-node-20-on-github-actions-runners/
2026-09-23T08:45:49.9721624Z ##[group]Run actions/checkout@v4
2026-09-23T08:45:49.9722626Z with:
2026-09-23T08:45:49.9723057Z   fetch-depth: 1
2026-09-23T08:45:49.9723536Z   repository: DhruvHegde/log-generation
2026-09-23T08:45:49.9727295Z   token: ***
2026-09-23T08:45:49.9727728Z   ssh-strict: true
2026-09-23T08:45:49.9728173Z   ssh-user: git
2026-09-23T08:45:49.9728627Z   persist-credentials: true
2026-09-23T08:45:49.9729114Z   clean: true
2026-09-23T08:45:49.9729566Z   sparse-checkout-cone-mode: true
2026-09-23T08:45:49.9730089Z   fetch-tags: false
2026-09-23T08:45:49.9730534Z   show-progress: true
2026-09-23T08:45:49.9730984Z   lfs: false
2026-09-23T08:45:49.9731449Z   submodules: false
2026-09-23T08:45:49.9731913Z   set-safe-directory: true
2026-09-23T08:45:49.9732553Z   allow-unsafe-pr-checkout: false
2026-09-23T08:45:49.9733264Z ##[endgroup]
2026-09-23T08:45:50.0753156Z Syncing repository: DhruvHegde/log-generation
2026-09-23T08:45:50.0755291Z ##[group]Getting Git version info
2026-09-23T08:45:50.0756352Z Working directory is '/home/runner/work/log-generation/log-generation'
2026-09-23T08:45:50.0757482Z [command]/usr/bin/git version
2026-09-23T08:45:50.0819999Z git version 2.55.0
2026-09-23T08:45:50.0841784Z ##[endgroup]
2026-09-23T08:45:50.0857900Z Temporarily overriding HOME='/home/runner/work/_temp/84803044-1ae0-4655-856e-6bf6da1559da' before making global git config changes
2026-09-23T08:45:50.0859869Z Adding repository directory to the temporary git global config as a safe directory
2026-09-23T08:45:50.0864187Z [command]/usr/bin/git config --global --add safe.directory /home/runner/work/log-generation/log-generation
2026-09-23T08:45:50.0931090Z Deleting the contents of '/home/runner/work/log-generation/log-generation'
2026-09-23T08:45:50.0935390Z ##[group]Initializing the repository
2026-09-23T08:45:50.0940251Z [command]/usr/bin/git init /home/runner/work/log-generation/log-generation
2026-09-23T08:45:50.1050010Z hint: Using 'master' as the name for the initial branch. This default branch name
2026-09-23T08:45:50.1051651Z hint: will change to "main" in Git 3.0. To configure the initial branch name
2026-09-23T08:45:50.1053399Z hint: to use in all of your new repositories, which will suppress this warning,
2026-09-23T08:45:50.1054670Z hint: call:
2026-09-23T08:45:50.1055303Z hint:
2026-09-23T08:45:50.1056094Z hint: 	git config --global init.defaultBranch <name>
2026-09-23T08:45:50.1057089Z hint:
2026-09-23T08:45:50.1057993Z hint: Names commonly chosen instead of 'master' are 'main', 'trunk' and
2026-09-23T08:45:50.1059428Z hint: 'development'. The just-created branch can be renamed via this command:
2026-09-23T08:45:50.1060635Z hint:
2026-09-23T08:45:50.1061341Z hint: 	git branch -m <name>
2026-09-23T08:45:50.1062258Z hint:
2026-09-23T08:45:50.1063260Z hint: Disable this message with "git config set advice.defaultBranchName false"
2026-09-23T08:45:50.1070025Z Initialized empty Git repository in /home/runner/work/log-generation/log-generation/.git/
2026-09-23T08:45:50.1080096Z [command]/usr/bin/git remote add origin https://github.com/DhruvHegde/log-generation
2026-09-23T08:45:50.1127418Z ##[endgroup]
2026-09-23T08:45:50.1128661Z ##[group]Disabling automatic garbage collection
2026-09-23T08:45:50.1131101Z [command]/usr/bin/git config --local gc.auto 0
2026-09-23T08:45:50.1165651Z ##[endgroup]
2026-09-23T08:45:50.1166857Z ##[group]Setting up auth
2026-09-23T08:45:50.1172828Z [command]/usr/bin/git config --local --name-only --get-regexp core\.sshCommand
2026-09-23T08:45:50.1208937Z [command]/usr/bin/git submodule foreach --recursive sh -c "git config --local --name-only --get-regexp 'core\.sshCommand' && git config --local --unset-all 'core.sshCommand' || :"
2026-09-23T08:45:50.1590824Z [command]/usr/bin/git config --local --name-only --get-regexp http\.https\:\/\/github\.com\/\.extraheader
2026-09-23T08:45:50.1633257Z [command]/usr/bin/git submodule foreach --recursive sh -c "git config --local --name-only --get-regexp 'http\.https\:\/\/github\.com\/\.extraheader' && git config --local --unset-all 'http.https://github.com/.extraheader' || :"
2026-09-23T08:45:50.1886767Z [command]/usr/bin/git config --local --name-only --get-regexp ^includeIf\.gitdir:
2026-09-23T08:45:50.1924994Z [command]/usr/bin/git submodule foreach --recursive git config --local --show-origin --name-only --get-regexp remote.origin.url
2026-09-23T08:45:50.2166816Z [command]/usr/bin/git config --local http.https://github.com/.extraheader AUTHORIZATION: basic ***
2026-09-23T08:45:50.2207882Z ##[endgroup]
2026-09-23T08:45:50.2208703Z ##[group]Fetching the repository
2026-09-23T08:45:50.2217700Z [command]/usr/bin/git -c protocol.version=2 fetch --no-tags --prune --no-recurse-submodules --depth=1 origin +dfcb6f158e4bd8054252a4da5d0a9edc2ab15d57:refs/remotes/origin/feature/f3-test-failures
2026-09-23T08:45:50.5811300Z From https://github.com/DhruvHegde/log-generation
2026-09-23T08:45:50.5813115Z  * [new ref]         dfcb6f158e4bd8054252a4da5d0a9edc2ab15d57 -> origin/feature/f3-test-failures
2026-09-23T08:45:50.5817650Z ##[endgroup]
2026-09-23T08:45:50.5818865Z ##[group]Determining the checkout info
2026-09-23T08:45:50.5820310Z ##[endgroup]
2026-09-23T08:45:50.5827114Z [command]/usr/bin/git sparse-checkout disable
2026-09-23T08:45:50.5880315Z [command]/usr/bin/git config --local --unset-all extensions.worktreeConfig
2026-09-23T08:45:50.5926803Z ##[group]Checking out the ref
2026-09-23T08:45:50.5927861Z [command]/usr/bin/git checkout --progress --force -B feature/f3-test-failures refs/remotes/origin/feature/f3-test-failures
2026-09-23T08:45:50.6005673Z Switched to a new branch 'feature/f3-test-failures'
2026-09-23T08:45:50.6011783Z branch 'feature/f3-test-failures' set up to track 'origin/feature/f3-test-failures'.
2026-09-23T08:45:50.6016802Z ##[endgroup]
2026-09-23T08:45:50.6059651Z [command]/usr/bin/git log -1 --format=%H
2026-09-23T08:45:50.6088485Z dfcb6f158e4bd8054252a4da5d0a9edc2ab15d57
2026-09-23T08:45:50.6367181Z Node 20 is being deprecated. This workflow is running with Node 24 by default. If you need to temporarily use Node 20, you can set the ACTIONS_ALLOW_USE_UNSECURE_NODE_VERSION=true environment variable. For more information see: https://github.blog/changelog/2025-09-19-deprecation-of-node-20-on-github-actions-runners/
2026-09-23T08:45:50.6370172Z ##[group]Run actions/setup-python@v5
2026-09-23T08:45:50.6370709Z with:
2026-09-23T08:45:50.6371132Z   python-version: 3.11
2026-09-23T08:45:50.6371603Z   check-latest: false
2026-09-23T08:45:50.6375512Z   token: ***
2026-09-23T08:45:50.6375973Z   update-environment: true
2026-09-23T08:45:50.6376486Z   allow-prereleases: false
2026-09-23T08:45:50.6376979Z   freethreaded: false
2026-09-23T08:45:50.6377435Z ##[endgroup]
2026-09-23T08:45:50.7724567Z ##[group]Installed versions
2026-09-23T08:45:50.7835927Z (node:2248) [DEP0040] DeprecationWarning: The `punycode` module is deprecated. Please use a userland alternative instead.
2026-09-23T08:45:50.7838621Z (Use `node --trace-deprecation ...` to show where the warning was created)
2026-09-23T08:45:50.7839975Z Successfully set up CPython (3.11.16)
2026-09-23T08:45:50.7841644Z ##[endgroup]
2026-09-23T08:45:50.8037030Z ##[group]Run pip install --no-cache-dir pytest
2026-09-23T08:45:50.8038202Z [36;1mpip install --no-cache-dir pytest[0m
2026-09-23T08:45:50.8099229Z shell: /usr/bin/bash -e {0}
2026-09-23T08:45:50.8100331Z env:
2026-09-23T08:45:50.8101324Z   pythonLocation: /opt/hostedtoolcache/Python/3.11.16/x64
2026-09-23T08:45:50.8103215Z   PKG_CONFIG_PATH: /opt/hostedtoolcache/Python/3.11.16/x64/lib/pkgconfig
2026-09-23T08:45:50.8201706Z   Python_ROOT_DIR: /opt/hostedtoolcache/Python/3.11.16/x64
2026-09-23T08:45:50.8203432Z   Python2_ROOT_DIR: /opt/hostedtoolcache/Python/3.11.16/x64
2026-09-23T08:45:50.8204729Z   Python3_ROOT_DIR: /opt/hostedtoolcache/Python/3.11.16/x64
2026-09-23T08:45:50.8206088Z   LD_LIBRARY_PATH: /opt/hostedtoolcache/Python/3.11.16/x64/lib
2026-09-23T08:45:50.8207177Z ##[endgroup]
2026-09-23T08:45:51.6712618Z Collecting pytest
2026-09-23T08:45:51.7478810Z   Downloading pytest-9.1.1-py3-none-any.whl.metadata (7.6 kB)
2026-09-23T08:45:51.7687761Z Collecting iniconfig>=1.0.1 (from pytest)
2026-09-23T08:45:51.7821157Z   Downloading iniconfig-2.3.0-py3-none-any.whl.metadata (2.5 kB)
2026-09-23T08:45:51.8050359Z Collecting packaging>=22 (from pytest)
2026-09-23T08:45:51.8183824Z   Downloading packaging-26.3-py3-none-any.whl.metadata (3.5 kB)
2026-09-23T08:45:51.8386519Z Collecting pluggy<2,>=1.5 (from pytest)
2026-09-23T08:45:51.8519696Z   Downloading pluggy-1.6.0-py3-none-any.whl.metadata (4.8 kB)
2026-09-23T08:45:51.8782816Z Collecting pygments>=2.7.2 (from pytest)
2026-09-23T08:45:51.8915874Z   Downloading pygments-2.21.0-py3-none-any.whl.metadata (2.5 kB)
2026-09-23T08:45:51.9072683Z Downloading pytest-9.1.1-py3-none-any.whl (386 kB)
2026-09-23T08:45:51.9631708Z Downloading pluggy-1.6.0-py3-none-any.whl (20 kB)
2026-09-23T08:45:51.9764673Z Downloading iniconfig-2.3.0-py3-none-any.whl (7.5 kB)
2026-09-23T08:45:51.9898645Z Downloading packaging-26.3-py3-none-any.whl (129 kB)
2026-09-23T08:45:52.0054415Z Downloading pygments-2.21.0-py3-none-any.whl (1.3 MB)
2026-09-23T08:45:52.0460005Z    ââââââââââââââââââââââââââââââââââââââââ 1.3/1.3 MB 38.6 MB/s  0:00:00
2026-09-23T08:45:52.1216876Z Installing collected packages: pygments, pluggy, packaging, iniconfig, pytest
2026-09-23T08:45:53.1276784Z 
2026-09-23T08:45:53.1286146Z Successfully installed iniconfig-2.3.0 packaging-26.3 pluggy-1.6.0 pygments-2.21.0 pytest-9.1.1
2026-09-23T08:45:53.1868721Z ##[group]Run python automation/inject_mutation.py --error-type "AttributeError"
2026-09-23T08:45:53.1869351Z [36;1mpython automation/inject_mutation.py --error-type "AttributeError"[0m
2026-09-23T08:45:53.1911764Z shell: /usr/bin/bash -e {0}
2026-09-23T08:45:53.1912029Z env:
2026-09-23T08:45:53.1912677Z   pythonLocation: /opt/hostedtoolcache/Python/3.11.16/x64
2026-09-23T08:45:53.1913125Z   PKG_CONFIG_PATH: /opt/hostedtoolcache/Python/3.11.16/x64/lib/pkgconfig
2026-09-23T08:45:53.1913552Z   Python_ROOT_DIR: /opt/hostedtoolcache/Python/3.11.16/x64
2026-09-23T08:45:53.1913933Z   Python2_ROOT_DIR: /opt/hostedtoolcache/Python/3.11.16/x64
2026-09-23T08:45:53.1914323Z   Python3_ROOT_DIR: /opt/hostedtoolcache/Python/3.11.16/x64
2026-09-23T08:45:53.1914703Z   LD_LIBRARY_PATH: /opt/hostedtoolcache/Python/3.11.16/x64/lib
2026-09-23T08:45:53.1915027Z ##[endgroup]
2026-09-23T08:45:53.2234972Z [Mutation Injected] Successfully injected AttributeError into tests/test_app.py
2026-09-23T08:45:53.2309291Z ##[group]Run pytest tests/test_app.py -v
2026-09-23T08:45:53.2309667Z [36;1mpytest tests/test_app.py -v[0m
2026-09-23T08:45:53.2350574Z shell: /usr/bin/bash -e {0}
2026-09-23T08:45:53.2350837Z env:
2026-09-23T08:45:53.2351141Z   pythonLocation: /opt/hostedtoolcache/Python/3.11.16/x64
2026-09-23T08:45:53.2351592Z   PKG_CONFIG_PATH: /opt/hostedtoolcache/Python/3.11.16/x64/lib/pkgconfig
2026-09-23T08:45:53.2352030Z   Python_ROOT_DIR: /opt/hostedtoolcache/Python/3.11.16/x64
2026-09-23T08:45:53.2352702Z   Python2_ROOT_DIR: /opt/hostedtoolcache/Python/3.11.16/x64
2026-09-23T08:45:53.2353085Z   Python3_ROOT_DIR: /opt/hostedtoolcache/Python/3.11.16/x64
2026-09-23T08:45:53.2353489Z   LD_LIBRARY_PATH: /opt/hostedtoolcache/Python/3.11.16/x64/lib
2026-09-23T08:45:53.2353826Z ##[endgroup]
2026-09-23T08:45:53.4637209Z ============================= test session starts ==============================
2026-09-23T08:45:53.4638725Z platform linux -- Python 3.11.16, pytest-9.1.1, pluggy-1.6.0 -- /opt/hostedtoolcache/Python/3.11.16/x64/bin/python
2026-09-23T08:45:53.4639588Z cachedir: .pytest_cache
2026-09-23T08:45:53.4640243Z rootdir: /home/runner/work/log-generation/log-generation
2026-09-23T08:45:53.4640931Z configfile: pytest.ini
2026-09-23T08:45:53.4719746Z collecting ... collected 6 items
2026-09-23T08:45:53.4720581Z 
2026-09-23T08:45:53.4728982Z tests/test_app.py::test_calculate_division PASSED                        [ 16%]
2026-09-23T08:45:53.4735925Z tests/test_app.py::test_convert_to_int PASSED                            [ 33%]
2026-09-23T08:45:53.4742680Z tests/test_app.py::test_get_list_item PASSED                             [ 50%]
2026-09-23T08:45:53.4748969Z tests/test_app.py::test_get_dict_value PASSED                            [ 66%]
2026-09-23T08:45:53.4755213Z tests/test_app.py::test_assert_positive PASSED                           [ 83%]
2026-09-23T08:45:53.5070072Z tests/test_app.py::test_attribute_error FAILED                           [100%]
2026-09-23T08:45:53.5070744Z 
2026-09-23T08:45:53.5071024Z =================================== FAILURES ===================================
2026-09-23T08:45:53.5071776Z _____________________________ test_attribute_error _____________________________
2026-09-23T08:45:53.5072426Z 
2026-09-23T08:45:53.5072606Z     def test_attribute_error():
2026-09-23T08:45:53.5073137Z         """Injected synthetic AttributeError."""
2026-09-23T08:45:53.5073722Z         from src.app import get_object_attribute
2026-09-23T08:45:53.5074268Z >       get_object_attribute(object())
2026-09-23T08:45:53.5074612Z 
2026-09-23T08:45:53.5074778Z tests/test_app.py:137: 
2026-09-23T08:45:53.5075287Z _ _ _ _ _ _ _ _ _ _ _ _ _ _ _ _ _ _ _ _ _ _ _ _ _ _ _ _ _ _ _ _ _ _ _ _ _ _ _ _ 
2026-09-23T08:45:53.5075723Z 
2026-09-23T08:45:53.5075906Z obj = <object object at 0x7f4beb89d370>
2026-09-23T08:45:53.5076282Z 
2026-09-23T08:45:53.5076465Z     def get_object_attribute(obj):
2026-09-23T08:45:53.5076947Z >       return obj.non_existent_attribute
2026-09-23T08:45:53.5077479Z                ^^^^^^^^^^^^^^^^^^^^^^^^^^
2026-09-23T08:45:53.5078151Z E       AttributeError: 'object' object has no attribute 'non_existent_attribute'
2026-09-23T08:45:53.5078707Z 
2026-09-23T08:45:53.5078888Z src/app.py:14: AttributeError
2026-09-23T08:45:53.5079452Z =========================== short test summary info ============================
2026-09-23T08:45:53.5080915Z FAILED tests/test_app.py::test_attribute_error - AttributeError: 'object' object has no attribute 'non_existent_attribute'
2026-09-23T08:45:53.5082004Z ========================= 1 failed, 5 passed in 0.03s ==========================
2026-09-23T08:45:53.5276769Z ##[error]Process completed with exit code 1.
2026-09-23T08:45:53.5410751Z Node 20 is being deprecated. This workflow is running with Node 24 by default. If you need to temporarily use Node 20, you can set the ACTIONS_ALLOW_USE_UNSECURE_NODE_VERSION=true environment variable. For more information see: https://github.blog/changelog/2025-09-19-deprecation-of-node-20-on-github-actions-runners/
2026-09-23T08:45:53.5411921Z Post job cleanup.
2026-09-23T08:45:53.6269375Z [command]/usr/bin/git version
2026-09-23T08:45:53.6315324Z git version 2.55.0
2026-09-23T08:45:53.6359681Z Temporarily overriding HOME='/home/runner/work/_temp/073ff26e-549e-4c3d-bb0f-da51033c3079' before making global git config changes
2026-09-23T08:45:53.6361185Z Adding repository directory to the temporary git global config as a safe directory
2026-09-23T08:45:53.6365472Z [command]/usr/bin/git config --global --add safe.directory /home/runner/work/log-generation/log-generation
2026-09-23T08:45:53.6411391Z [command]/usr/bin/git config --local --name-only --get-regexp core\.sshCommand
2026-09-23T08:45:53.6449565Z [command]/usr/bin/git submodule foreach --recursive sh -c "git config --local --name-only --get-regexp 'core\.sshCommand' && git config --local --unset-all 'core.sshCommand' || :"
2026-09-23T08:45:53.6725781Z [command]/usr/bin/git config --local --name-only --get-regexp http\.https\:\/\/github\.com\/\.extraheader
2026-09-23T08:45:53.6757142Z http.https://github.com/.extraheader
2026-09-23T08:45:53.6769139Z [command]/usr/bin/git config --local --unset-all http.https://github.com/.extraheader
2026-09-23T08:45:53.6805889Z [command]/usr/bin/git submodule foreach --recursive sh -c "git config --local --name-only --get-regexp 'http\.https\:\/\/github\.com\/\.extraheader' && git config --local --unset-all 'http.https://github.com/.extraheader' || :"
2026-09-23T08:45:53.7089225Z [command]/usr/bin/git config --local --name-only --get-regexp ^includeIf\.gitdir:
2026-09-23T08:45:53.7154239Z [command]/usr/bin/git submodule foreach --recursive git config --local --show-origin --name-only --get-regexp remote.origin.url
2026-09-23T08:45:53.7583020Z Cleaning up orphan processes
2026-09-23T08:45:53.7880205Z ##[warning]Node.js 20 is deprecated. The following actions target Node.js 20 but are being forced to run on Node.js 24: actions/checkout@v4, actions/setup-python@v5. For more information see: https://github.blog/changelog/2025-09-19-deprecation-of-node-20-on-github-actions-runners/
