ï»¿2026-09-23T08:49:25.9161573Z Current runner version: '2.337.0'
2026-09-23T08:49:25.9181924Z ##[group]Runner Image Provisioner
2026-09-23T08:49:25.9182653Z Hosted Compute Agent
2026-09-23T08:49:25.9183218Z Version: 20260828.587
2026-09-23T08:49:25.9183713Z Commit: abac92662cab4cc7352de4f9f9d2e2419aad9c29
2026-09-23T08:49:25.9184361Z Build Date: 2026-08-28T16:44:25Z
2026-09-23T08:49:25.9184911Z Worker ID: {8405466c-1715-4994-952e-b58445e91d57}
2026-09-23T08:49:25.9185645Z Azure Region: westus3
2026-09-23T08:49:25.9186158Z ##[endgroup]
2026-09-23T08:49:25.9187472Z ##[group]Operating System
2026-09-23T08:49:25.9188053Z Ubuntu
2026-09-23T08:49:25.9188487Z 24.04.5
2026-09-23T08:49:25.9188897Z LTS
2026-09-23T08:49:25.9189440Z ##[endgroup]
2026-09-23T08:49:25.9189891Z ##[group]Runner Image
2026-09-23T08:49:25.9190675Z Image: ubuntu-24.04
2026-09-23T08:49:25.9191140Z Version: 20260907.300.1
2026-09-23T08:49:25.9192209Z Included Software: https://github.com/actions/runner-images/blob/ubuntu24/20260907.300/images/ubuntu/Ubuntu2404-Readme.md
2026-09-23T08:49:25.9193420Z Image Release: https://github.com/actions/runner-images/releases/tag/ubuntu24%2F20260907.300
2026-09-23T08:49:25.9194244Z ##[endgroup]
2026-09-23T08:49:25.9195338Z ##[group]GITHUB_TOKEN Permissions
2026-09-23T08:49:25.9197202Z Contents: read
2026-09-23T08:49:25.9197685Z Metadata: read
2026-09-23T08:49:25.9198127Z Packages: read
2026-09-23T08:49:25.9198636Z ##[endgroup]
2026-09-23T08:49:25.9200262Z Secret source: Actions
2026-09-23T08:49:25.9201128Z Cache mode: write
2026-09-23T08:49:25.9201943Z Prepare workflow directory
2026-09-23T08:49:25.9457527Z Prepare all required actions
2026-09-23T08:49:25.9495539Z Getting action download info
2026-09-23T08:49:26.2385400Z Download action repository 'actions/checkout@v4' (SHA:11d5960a326750d5838078e36cf38b85af677262)
2026-09-23T08:49:26.4108681Z Download action repository 'actions/setup-python@v5' (SHA:a26af69be951a213d495a4c3e4e4022e16d87065)
2026-09-23T08:49:26.5996972Z Complete job name: test-f3 (IndexError #161)
2026-09-23T08:49:26.6580994Z Node 20 is being deprecated. This workflow is running with Node 24 by default. If you need to temporarily use Node 20, you can set the ACTIONS_ALLOW_USE_UNSECURE_NODE_VERSION=true environment variable. For more information see: https://github.blog/changelog/2025-09-19-deprecation-of-node-20-on-github-actions-runners/
2026-09-23T08:49:26.6587948Z ##[group]Run actions/checkout@v4
2026-09-23T08:49:26.6588497Z with:
2026-09-23T08:49:26.6588826Z   fetch-depth: 1
2026-09-23T08:49:26.6589201Z   repository: DhruvHegde/log-generation
2026-09-23T08:49:26.6592262Z   token: ***
2026-09-23T08:49:26.6592599Z   ssh-strict: true
2026-09-23T08:49:26.6592940Z   ssh-user: git
2026-09-23T08:49:26.6593287Z   persist-credentials: true
2026-09-23T08:49:26.6593668Z   clean: true
2026-09-23T08:49:26.6594024Z   sparse-checkout-cone-mode: true
2026-09-23T08:49:26.6594424Z   fetch-tags: false
2026-09-23T08:49:26.6594778Z   show-progress: true
2026-09-23T08:49:26.6595363Z   lfs: false
2026-09-23T08:49:26.6595799Z   submodules: false
2026-09-23T08:49:26.6596166Z   set-safe-directory: true
2026-09-23T08:49:26.6596560Z   allow-unsafe-pr-checkout: false
2026-09-23T08:49:26.6597171Z ##[endgroup]
2026-09-23T08:49:26.7400108Z Syncing repository: DhruvHegde/log-generation
2026-09-23T08:49:26.7402327Z ##[group]Getting Git version info
2026-09-23T08:49:26.7403295Z Working directory is '/home/runner/work/log-generation/log-generation'
2026-09-23T08:49:26.7404543Z [command]/usr/bin/git version
2026-09-23T08:49:26.7480116Z git version 2.55.0
2026-09-23T08:49:26.7496925Z ##[endgroup]
2026-09-23T08:49:26.7509411Z Temporarily overriding HOME='/home/runner/work/_temp/4527db88-967f-4beb-b7a3-4e752a0d75bc' before making global git config changes
2026-09-23T08:49:26.7511059Z Adding repository directory to the temporary git global config as a safe directory
2026-09-23T08:49:26.7514302Z [command]/usr/bin/git config --global --add safe.directory /home/runner/work/log-generation/log-generation
2026-09-23T08:49:26.7555859Z Deleting the contents of '/home/runner/work/log-generation/log-generation'
2026-09-23T08:49:26.7563097Z ##[group]Initializing the repository
2026-09-23T08:49:26.7572947Z [command]/usr/bin/git init /home/runner/work/log-generation/log-generation
2026-09-23T08:49:26.7632330Z hint: Using 'master' as the name for the initial branch. This default branch name
2026-09-23T08:49:26.7633360Z hint: will change to "main" in Git 3.0. To configure the initial branch name
2026-09-23T08:49:26.7634106Z hint: to use in all of your new repositories, which will suppress this warning,
2026-09-23T08:49:26.7634854Z hint: call:
2026-09-23T08:49:26.7635580Z hint:
2026-09-23T08:49:26.7636305Z hint: 	git config --global init.defaultBranch <name>
2026-09-23T08:49:26.7637195Z hint:
2026-09-23T08:49:26.7638235Z hint: Names commonly chosen instead of 'master' are 'main', 'trunk' and
2026-09-23T08:49:26.7639634Z hint: 'development'. The just-created branch can be renamed via this command:
2026-09-23T08:49:26.7640570Z hint:
2026-09-23T08:49:26.7641214Z hint: 	git branch -m <name>
2026-09-23T08:49:26.7642001Z hint:
2026-09-23T08:49:26.7642773Z hint: Disable this message with "git config set advice.defaultBranchName false"
2026-09-23T08:49:26.7644051Z Initialized empty Git repository in /home/runner/work/log-generation/log-generation/.git/
2026-09-23T08:49:26.7648488Z [command]/usr/bin/git remote add origin https://github.com/DhruvHegde/log-generation
2026-09-23T08:49:26.7685001Z ##[endgroup]
2026-09-23T08:49:26.7686051Z ##[group]Disabling automatic garbage collection
2026-09-23T08:49:26.7688648Z [command]/usr/bin/git config --local gc.auto 0
2026-09-23T08:49:26.7714080Z ##[endgroup]
2026-09-23T08:49:26.7714653Z ##[group]Setting up auth
2026-09-23T08:49:26.7720210Z [command]/usr/bin/git config --local --name-only --get-regexp core\.sshCommand
2026-09-23T08:49:26.7747111Z [command]/usr/bin/git submodule foreach --recursive sh -c "git config --local --name-only --get-regexp 'core\.sshCommand' && git config --local --unset-all 'core.sshCommand' || :"
2026-09-23T08:49:26.8043911Z [command]/usr/bin/git config --local --name-only --get-regexp http\.https\:\/\/github\.com\/\.extraheader
2026-09-23T08:49:26.8075867Z [command]/usr/bin/git submodule foreach --recursive sh -c "git config --local --name-only --get-regexp 'http\.https\:\/\/github\.com\/\.extraheader' && git config --local --unset-all 'http.https://github.com/.extraheader' || :"
2026-09-23T08:49:26.8283899Z [command]/usr/bin/git config --local --name-only --get-regexp ^includeIf\.gitdir:
2026-09-23T08:49:26.8314044Z [command]/usr/bin/git submodule foreach --recursive git config --local --show-origin --name-only --get-regexp remote.origin.url
2026-09-23T08:49:26.8498623Z [command]/usr/bin/git config --local http.https://github.com/.extraheader AUTHORIZATION: basic ***
2026-09-23T08:49:26.8529786Z ##[endgroup]
2026-09-23T08:49:26.8530570Z ##[group]Fetching the repository
2026-09-23T08:49:26.8537085Z [command]/usr/bin/git -c protocol.version=2 fetch --no-tags --prune --no-recurse-submodules --depth=1 origin +43f20917de93b9aad51cf79a69ad5239c5632917:refs/remotes/origin/feature/f3-test-failures
2026-09-23T08:49:27.7357716Z From https://github.com/DhruvHegde/log-generation
2026-09-23T08:49:27.7358857Z  * [new ref]         43f20917de93b9aad51cf79a69ad5239c5632917 -> origin/feature/f3-test-failures
2026-09-23T08:49:27.7388628Z ##[endgroup]
2026-09-23T08:49:27.7389564Z ##[group]Determining the checkout info
2026-09-23T08:49:27.7390585Z ##[endgroup]
2026-09-23T08:49:27.7391201Z [command]/usr/bin/git sparse-checkout disable
2026-09-23T08:49:27.7417423Z [command]/usr/bin/git config --local --unset-all extensions.worktreeConfig
2026-09-23T08:49:27.7447173Z ##[group]Checking out the ref
2026-09-23T08:49:27.7451454Z [command]/usr/bin/git checkout --progress --force -B feature/f3-test-failures refs/remotes/origin/feature/f3-test-failures
2026-09-23T08:49:27.7815506Z Switched to a new branch 'feature/f3-test-failures'
2026-09-23T08:49:27.7819649Z branch 'feature/f3-test-failures' set up to track 'origin/feature/f3-test-failures'.
2026-09-23T08:49:27.7825963Z ##[endgroup]
2026-09-23T08:49:27.7860497Z [command]/usr/bin/git log -1 --format=%H
2026-09-23T08:49:27.7882422Z 43f20917de93b9aad51cf79a69ad5239c5632917
2026-09-23T08:49:27.8158876Z Node 20 is being deprecated. This workflow is running with Node 24 by default. If you need to temporarily use Node 20, you can set the ACTIONS_ALLOW_USE_UNSECURE_NODE_VERSION=true environment variable. For more information see: https://github.blog/changelog/2025-09-19-deprecation-of-node-20-on-github-actions-runners/
2026-09-23T08:49:27.8162658Z ##[group]Run actions/setup-python@v5
2026-09-23T08:49:27.8163695Z with:
2026-09-23T08:49:27.8164562Z   python-version: 3.11
2026-09-23T08:49:27.8165619Z   check-latest: false
2026-09-23T08:49:27.8171913Z   token: ***
2026-09-23T08:49:27.8172826Z   update-environment: true
2026-09-23T08:49:27.8173822Z   allow-prereleases: false
2026-09-23T08:49:27.8174789Z   freethreaded: false
2026-09-23T08:49:27.8175775Z ##[endgroup]
2026-09-23T08:49:27.9220080Z ##[group]Installed versions
2026-09-23T08:49:27.9287238Z (node:2067) [DEP0040] DeprecationWarning: The `punycode` module is deprecated. Please use a userland alternative instead.
2026-09-23T08:49:27.9289963Z (Use `node --trace-deprecation ...` to show where the warning was created)
2026-09-23T08:49:27.9291420Z Successfully set up CPython (3.11.16)
2026-09-23T08:49:27.9292780Z ##[endgroup]
2026-09-23T08:49:27.9464325Z ##[group]Run pip install --no-cache-dir pytest
2026-09-23T08:49:27.9465717Z [36;1mpip install --no-cache-dir pytest[0m
2026-09-23T08:49:27.9521267Z shell: /usr/bin/bash -e {0}
2026-09-23T08:49:27.9522547Z env:
2026-09-23T08:49:27.9523805Z   pythonLocation: /opt/hostedtoolcache/Python/3.11.16/x64
2026-09-23T08:49:27.9526125Z   PKG_CONFIG_PATH: /opt/hostedtoolcache/Python/3.11.16/x64/lib/pkgconfig
2026-09-23T08:49:27.9528125Z   Python_ROOT_DIR: /opt/hostedtoolcache/Python/3.11.16/x64
2026-09-23T08:49:27.9529789Z   Python2_ROOT_DIR: /opt/hostedtoolcache/Python/3.11.16/x64
2026-09-23T08:49:27.9531299Z   Python3_ROOT_DIR: /opt/hostedtoolcache/Python/3.11.16/x64
2026-09-23T08:49:27.9597149Z   LD_LIBRARY_PATH: /opt/hostedtoolcache/Python/3.11.16/x64/lib
2026-09-23T08:49:27.9598447Z ##[endgroup]
2026-09-23T08:49:28.5450244Z Collecting pytest
2026-09-23T08:49:28.5850291Z   Downloading pytest-9.1.1-py3-none-any.whl.metadata (7.6 kB)
2026-09-23T08:49:28.5915631Z Collecting iniconfig>=1.0.1 (from pytest)
2026-09-23T08:49:28.5944630Z   Downloading iniconfig-2.3.0-py3-none-any.whl.metadata (2.5 kB)
2026-09-23T08:49:28.6016258Z Collecting packaging>=22 (from pytest)
2026-09-23T08:49:28.6049399Z   Downloading packaging-26.3-py3-none-any.whl.metadata (3.5 kB)
2026-09-23T08:49:28.6107330Z Collecting pluggy<2,>=1.5 (from pytest)
2026-09-23T08:49:28.6136664Z   Downloading pluggy-1.6.0-py3-none-any.whl.metadata (4.8 kB)
2026-09-23T08:49:28.6234336Z Collecting pygments>=2.7.2 (from pytest)
2026-09-23T08:49:28.6263133Z   Downloading pygments-2.21.0-py3-none-any.whl.metadata (2.5 kB)
2026-09-23T08:49:28.6311311Z Downloading pytest-9.1.1-py3-none-any.whl (386 kB)
2026-09-23T08:49:28.6442629Z Downloading pluggy-1.6.0-py3-none-any.whl (20 kB)
2026-09-23T08:49:28.6470772Z Downloading iniconfig-2.3.0-py3-none-any.whl (7.5 kB)
2026-09-23T08:49:28.6499878Z Downloading packaging-26.3-py3-none-any.whl (129 kB)
2026-09-23T08:49:28.6533992Z Downloading pygments-2.21.0-py3-none-any.whl (1.3 MB)
2026-09-23T08:49:28.6668731Z    ââââââââââââââââââââââââââââââââââââââââ 1.3/1.3 MB 113.7 MB/s  0:00:00
2026-09-23T08:49:28.7143320Z Installing collected packages: pygments, pluggy, packaging, iniconfig, pytest
2026-09-23T08:49:29.4730597Z 
2026-09-23T08:49:29.4737404Z Successfully installed iniconfig-2.3.0 packaging-26.3 pluggy-1.6.0 pygments-2.21.0 pytest-9.1.1
2026-09-23T08:49:29.5185977Z ##[group]Run python automation/inject_mutation.py --error-type "IndexError"
2026-09-23T08:49:29.5186460Z [36;1mpython automation/inject_mutation.py --error-type "IndexError"[0m
2026-09-23T08:49:29.5220066Z shell: /usr/bin/bash -e {0}
2026-09-23T08:49:29.5220283Z env:
2026-09-23T08:49:29.5220503Z   pythonLocation: /opt/hostedtoolcache/Python/3.11.16/x64
2026-09-23T08:49:29.5221039Z   PKG_CONFIG_PATH: /opt/hostedtoolcache/Python/3.11.16/x64/lib/pkgconfig
2026-09-23T08:49:29.5221364Z   Python_ROOT_DIR: /opt/hostedtoolcache/Python/3.11.16/x64
2026-09-23T08:49:29.5221664Z   Python2_ROOT_DIR: /opt/hostedtoolcache/Python/3.11.16/x64
2026-09-23T08:49:29.5221956Z   Python3_ROOT_DIR: /opt/hostedtoolcache/Python/3.11.16/x64
2026-09-23T08:49:29.5222250Z   LD_LIBRARY_PATH: /opt/hostedtoolcache/Python/3.11.16/x64/lib
2026-09-23T08:49:29.5222503Z ##[endgroup]
2026-09-23T08:49:29.5471788Z [Mutation Injected] Successfully injected IndexError into tests/test_app.py
2026-09-23T08:49:29.5527615Z ##[group]Run pytest tests/test_app.py -v
2026-09-23T08:49:29.5527912Z [36;1mpytest tests/test_app.py -v[0m
2026-09-23T08:49:29.5558295Z shell: /usr/bin/bash -e {0}
2026-09-23T08:49:29.5558504Z env:
2026-09-23T08:49:29.5558724Z   pythonLocation: /opt/hostedtoolcache/Python/3.11.16/x64
2026-09-23T08:49:29.5559080Z   PKG_CONFIG_PATH: /opt/hostedtoolcache/Python/3.11.16/x64/lib/pkgconfig
2026-09-23T08:49:29.5559435Z   Python_ROOT_DIR: /opt/hostedtoolcache/Python/3.11.16/x64
2026-09-23T08:49:29.5559735Z   Python2_ROOT_DIR: /opt/hostedtoolcache/Python/3.11.16/x64
2026-09-23T08:49:29.5560029Z   Python3_ROOT_DIR: /opt/hostedtoolcache/Python/3.11.16/x64
2026-09-23T08:49:29.5560324Z   LD_LIBRARY_PATH: /opt/hostedtoolcache/Python/3.11.16/x64/lib
2026-09-23T08:49:29.5560584Z ##[endgroup]
2026-09-23T08:49:29.8676247Z ============================= test session starts ==============================
2026-09-23T08:49:29.8677103Z platform linux -- Python 3.11.16, pytest-9.1.1, pluggy-1.6.0 -- /opt/hostedtoolcache/Python/3.11.16/x64/bin/python
2026-09-23T08:49:29.8677506Z cachedir: .pytest_cache
2026-09-23T08:49:29.8677774Z rootdir: /home/runner/work/log-generation/log-generation
2026-09-23T08:49:29.8678069Z configfile: pytest.ini
2026-09-23T08:49:29.8739425Z collecting ... collected 6 items
2026-09-23T08:49:29.8739674Z 
2026-09-23T08:49:29.8745923Z tests/test_app.py::test_calculate_division PASSED                        [ 16%]
2026-09-23T08:49:29.8750716Z tests/test_app.py::test_convert_to_int PASSED                            [ 33%]
2026-09-23T08:49:29.8755703Z tests/test_app.py::test_get_list_item PASSED                             [ 50%]
2026-09-23T08:49:29.8760358Z tests/test_app.py::test_get_dict_value PASSED                            [ 66%]
2026-09-23T08:49:29.8764718Z tests/test_app.py::test_assert_positive PASSED                           [ 83%]
2026-09-23T08:49:29.8987449Z tests/test_app.py::test_index_error FAILED                               [100%]
2026-09-23T08:49:29.8987872Z 
2026-09-23T08:49:29.8988070Z =================================== FAILURES ===================================
2026-09-23T08:49:29.8988428Z _______________________________ test_index_error _______________________________
2026-09-23T08:49:29.8988662Z 
2026-09-23T08:49:29.8988754Z     def test_index_error():
2026-09-23T08:49:29.8988968Z         """Injected synthetic IndexError."""
2026-09-23T08:49:29.8989220Z         from src.app import get_list_item
2026-09-23T08:49:29.8989471Z         dataset = [10, 20, 30]
2026-09-23T08:49:29.8989672Z >       get_list_item(dataset, 999)
2026-09-23T08:49:29.8989816Z 
2026-09-23T08:49:29.8989897Z tests/test_app.py:140: 
2026-09-23T08:49:29.8990135Z _ _ _ _ _ _ _ _ _ _ _ _ _ _ _ _ _ _ _ _ _ _ _ _ _ _ _ _ _ _ _ _ _ _ _ _ _ _ _ _ 
2026-09-23T08:49:29.8990329Z 
2026-09-23T08:49:29.8990415Z lst = [10, 20, 30], index = 999
2026-09-23T08:49:29.8990543Z 
2026-09-23T08:49:29.8990631Z     def get_list_item(lst, index):
2026-09-23T08:49:29.8990835Z >       return lst[index]
2026-09-23T08:49:29.8991021Z                ^^^^^^^^^^
2026-09-23T08:49:29.8991211Z E       IndexError: list index out of range
2026-09-23T08:49:29.8991363Z 
2026-09-23T08:49:29.8991439Z src/app.py:8: IndexError
2026-09-23T08:49:29.8991671Z =========================== short test summary info ============================
2026-09-23T08:49:29.8992048Z FAILED tests/test_app.py::test_index_error - IndexError: list index out of range
2026-09-23T08:49:29.8992615Z ========================= 1 failed, 5 passed in 0.02s ==========================
2026-09-23T08:49:29.9146278Z ##[error]Process completed with exit code 1.
2026-09-23T08:49:29.9259013Z Node 20 is being deprecated. This workflow is running with Node 24 by default. If you need to temporarily use Node 20, you can set the ACTIONS_ALLOW_USE_UNSECURE_NODE_VERSION=true environment variable. For more information see: https://github.blog/changelog/2025-09-19-deprecation-of-node-20-on-github-actions-runners/
2026-09-23T08:49:29.9259989Z Post job cleanup.
2026-09-23T08:49:29.9916310Z [command]/usr/bin/git version
2026-09-23T08:49:29.9952853Z git version 2.55.0
2026-09-23T08:49:29.9985997Z Temporarily overriding HOME='/home/runner/work/_temp/7f91810a-d47b-4851-8375-3b199f461f2b' before making global git config changes
2026-09-23T08:49:29.9986765Z Adding repository directory to the temporary git global config as a safe directory
2026-09-23T08:49:29.9991077Z [command]/usr/bin/git config --global --add safe.directory /home/runner/work/log-generation/log-generation
2026-09-23T08:49:30.0022185Z [command]/usr/bin/git config --local --name-only --get-regexp core\.sshCommand
2026-09-23T08:49:30.0049494Z [command]/usr/bin/git submodule foreach --recursive sh -c "git config --local --name-only --get-regexp 'core\.sshCommand' && git config --local --unset-all 'core.sshCommand' || :"
2026-09-23T08:49:30.0255067Z [command]/usr/bin/git config --local --name-only --get-regexp http\.https\:\/\/github\.com\/\.extraheader
2026-09-23T08:49:30.0277952Z http.https://github.com/.extraheader
2026-09-23T08:49:30.0286903Z [command]/usr/bin/git config --local --unset-all http.https://github.com/.extraheader
2026-09-23T08:49:30.0314163Z [command]/usr/bin/git submodule foreach --recursive sh -c "git config --local --name-only --get-regexp 'http\.https\:\/\/github\.com\/\.extraheader' && git config --local --unset-all 'http.https://github.com/.extraheader' || :"
2026-09-23T08:49:30.0559998Z [command]/usr/bin/git config --local --name-only --get-regexp ^includeIf\.gitdir:
2026-09-23T08:49:30.0599319Z [command]/usr/bin/git submodule foreach --recursive git config --local --show-origin --name-only --get-regexp remote.origin.url
2026-09-23T08:49:30.0995564Z Cleaning up orphan processes
2026-09-23T08:49:30.1222104Z ##[warning]Node.js 20 is deprecated. The following actions target Node.js 20 but are being forced to run on Node.js 24: actions/checkout@v4, actions/setup-python@v5. For more information see: https://github.blog/changelog/2025-09-19-deprecation-of-node-20-on-github-actions-runners/
