ï»¿2026-09-23T08:44:53.5121846Z Current runner version: '2.337.0'
2026-09-23T08:44:53.5146801Z ##[group]Runner Image Provisioner
2026-09-23T08:44:53.5148715Z Hosted Compute Agent
2026-09-23T08:44:53.5149332Z Version: 20260828.587
2026-09-23T08:44:53.5149981Z Commit: abac92662cab4cc7352de4f9f9d2e2419aad9c29
2026-09-23T08:44:53.5150866Z Build Date: 2026-08-28T16:44:25Z
2026-09-23T08:44:53.5151569Z Worker ID: {93584707-25a7-4fa5-9e0b-9c09b0f85e03}
2026-09-23T08:44:53.5152600Z Azure Region: eastus
2026-09-23T08:44:53.5153413Z ##[endgroup]
2026-09-23T08:44:53.5155357Z ##[group]Operating System
2026-09-23T08:44:53.5156109Z Ubuntu
2026-09-23T08:44:53.5156962Z 24.04.5
2026-09-23T08:44:53.5158178Z LTS
2026-09-23T08:44:53.5158725Z ##[endgroup]
2026-09-23T08:44:53.5159341Z ##[group]Runner Image
2026-09-23T08:44:53.5160054Z Image: ubuntu-24.04
2026-09-23T08:44:53.5160656Z Version: 20260907.300.1
2026-09-23T08:44:53.5161961Z Included Software: https://github.com/actions/runner-images/blob/ubuntu24/20260907.300/images/ubuntu/Ubuntu2404-Readme.md
2026-09-23T08:44:53.5163556Z Image Release: https://github.com/actions/runner-images/releases/tag/ubuntu24%2F20260907.300
2026-09-23T08:44:53.5164595Z ##[endgroup]
2026-09-23T08:44:53.5165883Z ##[group]GITHUB_TOKEN Permissions
2026-09-23T08:44:53.5168371Z Contents: read
2026-09-23T08:44:53.5168963Z Metadata: read
2026-09-23T08:44:53.5169693Z Packages: read
2026-09-23T08:44:53.5170258Z ##[endgroup]
2026-09-23T08:44:53.5172411Z Secret source: Actions
2026-09-23T08:44:53.5173480Z Cache mode: write
2026-09-23T08:44:53.5174234Z Prepare workflow directory
2026-09-23T08:44:53.5504564Z Prepare all required actions
2026-09-23T08:44:53.5552616Z Getting action download info
2026-09-23T08:44:53.7871868Z Download action repository 'actions/checkout@v4' (SHA:11d5960a326750d5838078e36cf38b85af677262)
2026-09-23T08:44:53.9144255Z Download action repository 'actions/setup-python@v5' (SHA:a26af69be951a213d495a4c3e4e4022e16d87065)
2026-09-23T08:44:54.1018646Z Complete job name: test-f3 (ValueError #189)
2026-09-23T08:44:54.1780345Z Node 20 is being deprecated. This workflow is running with Node 24 by default. If you need to temporarily use Node 20, you can set the ACTIONS_ALLOW_USE_UNSECURE_NODE_VERSION=true environment variable. For more information see: https://github.blog/changelog/2025-09-19-deprecation-of-node-20-on-github-actions-runners/
2026-09-23T08:44:54.1789208Z ##[group]Run actions/checkout@v4
2026-09-23T08:44:54.1789960Z with:
2026-09-23T08:44:54.1790391Z   fetch-depth: 1
2026-09-23T08:44:54.1790876Z   repository: DhruvHegde/log-generation
2026-09-23T08:44:54.1794605Z   token: ***
2026-09-23T08:44:54.1795033Z   ssh-strict: true
2026-09-23T08:44:54.1795478Z   ssh-user: git
2026-09-23T08:44:54.1795929Z   persist-credentials: true
2026-09-23T08:44:54.1796419Z   clean: true
2026-09-23T08:44:54.1796871Z   sparse-checkout-cone-mode: true
2026-09-23T08:44:54.1797589Z   fetch-tags: false
2026-09-23T08:44:54.1798048Z   show-progress: true
2026-09-23T08:44:54.1798498Z   lfs: false
2026-09-23T08:44:54.1798960Z   submodules: false
2026-09-23T08:44:54.1799421Z   set-safe-directory: true
2026-09-23T08:44:54.1799937Z   allow-unsafe-pr-checkout: false
2026-09-23T08:44:54.1800722Z ##[endgroup]
2026-09-23T08:44:54.2822714Z Syncing repository: DhruvHegde/log-generation
2026-09-23T08:44:54.2825376Z ##[group]Getting Git version info
2026-09-23T08:44:54.2826620Z Working directory is '/home/runner/work/log-generation/log-generation'
2026-09-23T08:44:54.2828681Z [command]/usr/bin/git version
2026-09-23T08:44:54.2898196Z git version 2.55.0
2026-09-23T08:44:54.2928221Z ##[endgroup]
2026-09-23T08:44:54.2951399Z Temporarily overriding HOME='/home/runner/work/_temp/780bd0ac-c2dc-4637-81fe-36a56691c10d' before making global git config changes
2026-09-23T08:44:54.2954692Z Adding repository directory to the temporary git global config as a safe directory
2026-09-23T08:44:54.2960983Z [command]/usr/bin/git config --global --add safe.directory /home/runner/work/log-generation/log-generation
2026-09-23T08:44:54.3029380Z Deleting the contents of '/home/runner/work/log-generation/log-generation'
2026-09-23T08:44:54.3031929Z ##[group]Initializing the repository
2026-09-23T08:44:54.3033637Z [command]/usr/bin/git init /home/runner/work/log-generation/log-generation
2026-09-23T08:44:54.3164920Z hint: Using 'master' as the name for the initial branch. This default branch name
2026-09-23T08:44:54.3166905Z hint: will change to "main" in Git 3.0. To configure the initial branch name
2026-09-23T08:44:54.3169200Z hint: to use in all of your new repositories, which will suppress this warning,
2026-09-23T08:44:54.3171107Z hint: call:
2026-09-23T08:44:54.3172289Z hint:
2026-09-23T08:44:54.3173289Z hint: 	git config --global init.defaultBranch <name>
2026-09-23T08:44:54.3174429Z hint:
2026-09-23T08:44:54.3175473Z hint: Names commonly chosen instead of 'master' are 'main', 'trunk' and
2026-09-23T08:44:54.3177509Z hint: 'development'. The just-created branch can be renamed via this command:
2026-09-23T08:44:54.3179396Z hint:
2026-09-23T08:44:54.3180282Z hint: 	git branch -m <name>
2026-09-23T08:44:54.3181226Z hint:
2026-09-23T08:44:54.3182450Z hint: Disable this message with "git config set advice.defaultBranchName false"
2026-09-23T08:44:54.3184368Z Initialized empty Git repository in /home/runner/work/log-generation/log-generation/.git/
2026-09-23T08:44:54.3187782Z [command]/usr/bin/git remote add origin https://github.com/DhruvHegde/log-generation
2026-09-23T08:44:54.3275677Z ##[endgroup]
2026-09-23T08:44:54.3276501Z ##[group]Disabling automatic garbage collection
2026-09-23T08:44:54.3281658Z [command]/usr/bin/git config --local gc.auto 0
2026-09-23T08:44:54.3318172Z ##[endgroup]
2026-09-23T08:44:54.3319873Z ##[group]Setting up auth
2026-09-23T08:44:54.3328673Z [command]/usr/bin/git config --local --name-only --get-regexp core\.sshCommand
2026-09-23T08:44:54.3378100Z [command]/usr/bin/git submodule foreach --recursive sh -c "git config --local --name-only --get-regexp 'core\.sshCommand' && git config --local --unset-all 'core.sshCommand' || :"
2026-09-23T08:44:54.3803349Z [command]/usr/bin/git config --local --name-only --get-regexp http\.https\:\/\/github\.com\/\.extraheader
2026-09-23T08:44:54.3842996Z [command]/usr/bin/git submodule foreach --recursive sh -c "git config --local --name-only --get-regexp 'http\.https\:\/\/github\.com\/\.extraheader' && git config --local --unset-all 'http.https://github.com/.extraheader' || :"
2026-09-23T08:44:54.4075810Z [command]/usr/bin/git config --local --name-only --get-regexp ^includeIf\.gitdir:
2026-09-23T08:44:54.4113333Z [command]/usr/bin/git submodule foreach --recursive git config --local --show-origin --name-only --get-regexp remote.origin.url
2026-09-23T08:44:54.4346504Z [command]/usr/bin/git config --local http.https://github.com/.extraheader AUTHORIZATION: basic ***
2026-09-23T08:44:54.4390504Z ##[endgroup]
2026-09-23T08:44:54.4391452Z ##[group]Fetching the repository
2026-09-23T08:44:54.4401579Z [command]/usr/bin/git -c protocol.version=2 fetch --no-tags --prune --no-recurse-submodules --depth=1 origin +dfcb6f158e4bd8054252a4da5d0a9edc2ab15d57:refs/remotes/origin/feature/f3-test-failures
2026-09-23T08:44:54.6698961Z From https://github.com/DhruvHegde/log-generation
2026-09-23T08:44:54.6700490Z  * [new ref]         dfcb6f158e4bd8054252a4da5d0a9edc2ab15d57 -> origin/feature/f3-test-failures
2026-09-23T08:44:54.6704063Z ##[endgroup]
2026-09-23T08:44:54.6705056Z ##[group]Determining the checkout info
2026-09-23T08:44:54.6706759Z ##[endgroup]
2026-09-23T08:44:54.6712588Z [command]/usr/bin/git sparse-checkout disable
2026-09-23T08:44:54.6762566Z [command]/usr/bin/git config --local --unset-all extensions.worktreeConfig
2026-09-23T08:44:54.6795262Z ##[group]Checking out the ref
2026-09-23T08:44:54.6808636Z [command]/usr/bin/git checkout --progress --force -B feature/f3-test-failures refs/remotes/origin/feature/f3-test-failures
2026-09-23T08:44:54.6885530Z Switched to a new branch 'feature/f3-test-failures'
2026-09-23T08:44:54.6891333Z branch 'feature/f3-test-failures' set up to track 'origin/feature/f3-test-failures'.
2026-09-23T08:44:54.6896424Z ##[endgroup]
2026-09-23T08:44:54.6938093Z [command]/usr/bin/git log -1 --format=%H
2026-09-23T08:44:54.6965124Z dfcb6f158e4bd8054252a4da5d0a9edc2ab15d57
2026-09-23T08:44:54.7244607Z Node 20 is being deprecated. This workflow is running with Node 24 by default. If you need to temporarily use Node 20, you can set the ACTIONS_ALLOW_USE_UNSECURE_NODE_VERSION=true environment variable. For more information see: https://github.blog/changelog/2025-09-19-deprecation-of-node-20-on-github-actions-runners/
2026-09-23T08:44:54.7247641Z ##[group]Run actions/setup-python@v5
2026-09-23T08:44:54.7248254Z with:
2026-09-23T08:44:54.7248721Z   python-version: 3.11
2026-09-23T08:44:54.7249245Z   check-latest: false
2026-09-23T08:44:54.7253050Z   token: ***
2026-09-23T08:44:54.7253546Z   update-environment: true
2026-09-23T08:44:54.7254113Z   allow-prereleases: false
2026-09-23T08:44:54.7254658Z   freethreaded: false
2026-09-23T08:44:54.7255167Z ##[endgroup]
2026-09-23T08:44:54.8563444Z ##[group]Installed versions
2026-09-23T08:44:54.8679624Z (node:2264) [DEP0040] DeprecationWarning: The `punycode` module is deprecated. Please use a userland alternative instead.
2026-09-23T08:44:54.8682210Z (Use `node --trace-deprecation ...` to show where the warning was created)
2026-09-23T08:44:54.8683792Z Successfully set up CPython (3.11.16)
2026-09-23T08:44:54.8685804Z ##[endgroup]
2026-09-23T08:44:54.8910825Z ##[group]Run pip install --no-cache-dir pytest
2026-09-23T08:44:54.8911775Z [36;1mpip install --no-cache-dir pytest[0m
2026-09-23T08:44:54.8968065Z shell: /usr/bin/bash -e {0}
2026-09-23T08:44:54.8968771Z env:
2026-09-23T08:44:54.8969395Z   pythonLocation: /opt/hostedtoolcache/Python/3.11.16/x64
2026-09-23T08:44:54.8970326Z   PKG_CONFIG_PATH: /opt/hostedtoolcache/Python/3.11.16/x64/lib/pkgconfig
2026-09-23T08:44:54.8971244Z   Python_ROOT_DIR: /opt/hostedtoolcache/Python/3.11.16/x64
2026-09-23T08:44:54.8972065Z   Python2_ROOT_DIR: /opt/hostedtoolcache/Python/3.11.16/x64
2026-09-23T08:44:54.8973138Z   Python3_ROOT_DIR: /opt/hostedtoolcache/Python/3.11.16/x64
2026-09-23T08:44:54.8974622Z   LD_LIBRARY_PATH: /opt/hostedtoolcache/Python/3.11.16/x64/lib
2026-09-23T08:44:54.8975821Z ##[endgroup]
2026-09-23T08:44:55.7290619Z Collecting pytest
2026-09-23T08:44:55.7795243Z   Downloading pytest-9.1.1-py3-none-any.whl.metadata (7.6 kB)
2026-09-23T08:44:55.7882322Z Collecting iniconfig>=1.0.1 (from pytest)
2026-09-23T08:44:55.7921721Z   Downloading iniconfig-2.3.0-py3-none-any.whl.metadata (2.5 kB)
2026-09-23T08:44:55.8028903Z Collecting packaging>=22 (from pytest)
2026-09-23T08:44:55.8070035Z   Downloading packaging-26.3-py3-none-any.whl.metadata (3.5 kB)
2026-09-23T08:44:55.8148156Z Collecting pluggy<2,>=1.5 (from pytest)
2026-09-23T08:44:55.8185798Z   Downloading pluggy-1.6.0-py3-none-any.whl.metadata (4.8 kB)
2026-09-23T08:44:55.8316996Z Collecting pygments>=2.7.2 (from pytest)
2026-09-23T08:44:55.8353837Z   Downloading pygments-2.21.0-py3-none-any.whl.metadata (2.5 kB)
2026-09-23T08:44:55.8417078Z Downloading pytest-9.1.1-py3-none-any.whl (386 kB)
2026-09-23T08:44:55.8594467Z Downloading pluggy-1.6.0-py3-none-any.whl (20 kB)
2026-09-23T08:44:55.8632622Z Downloading iniconfig-2.3.0-py3-none-any.whl (7.5 kB)
2026-09-23T08:44:55.8668945Z Downloading packaging-26.3-py3-none-any.whl (129 kB)
2026-09-23T08:44:55.8720340Z Downloading pygments-2.21.0-py3-none-any.whl (1.3 MB)
2026-09-23T08:44:55.8795098Z    ââââââââââââââââââââââââââââââââââââââââ 1.3/1.3 MB 216.6 MB/s  0:00:00
2026-09-23T08:44:55.9455062Z Installing collected packages: pygments, pluggy, packaging, iniconfig, pytest
2026-09-23T08:44:56.9050257Z 
2026-09-23T08:44:56.9060241Z Successfully installed iniconfig-2.3.0 packaging-26.3 pluggy-1.6.0 pygments-2.21.0 pytest-9.1.1
2026-09-23T08:44:56.9620386Z ##[group]Run python automation/inject_mutation.py --error-type "ValueError"
2026-09-23T08:44:56.9621016Z [36;1mpython automation/inject_mutation.py --error-type "ValueError"[0m
2026-09-23T08:44:56.9660115Z shell: /usr/bin/bash -e {0}
2026-09-23T08:44:56.9660408Z env:
2026-09-23T08:44:56.9660717Z   pythonLocation: /opt/hostedtoolcache/Python/3.11.16/x64
2026-09-23T08:44:56.9661443Z   PKG_CONFIG_PATH: /opt/hostedtoolcache/Python/3.11.16/x64/lib/pkgconfig
2026-09-23T08:44:56.9661959Z   Python_ROOT_DIR: /opt/hostedtoolcache/Python/3.11.16/x64
2026-09-23T08:44:56.9662406Z   Python2_ROOT_DIR: /opt/hostedtoolcache/Python/3.11.16/x64
2026-09-23T08:44:56.9662857Z   Python3_ROOT_DIR: /opt/hostedtoolcache/Python/3.11.16/x64
2026-09-23T08:44:56.9663310Z   LD_LIBRARY_PATH: /opt/hostedtoolcache/Python/3.11.16/x64/lib
2026-09-23T08:44:56.9663689Z ##[endgroup]
2026-09-23T08:44:56.9968818Z [Mutation Injected] Successfully injected ValueError into tests/test_app.py
2026-09-23T08:44:57.0044026Z ##[group]Run pytest tests/test_app.py -v
2026-09-23T08:44:57.0044405Z [36;1mpytest tests/test_app.py -v[0m
2026-09-23T08:44:57.0082702Z shell: /usr/bin/bash -e {0}
2026-09-23T08:44:57.0082974Z env:
2026-09-23T08:44:57.0083255Z   pythonLocation: /opt/hostedtoolcache/Python/3.11.16/x64
2026-09-23T08:44:57.0083737Z   PKG_CONFIG_PATH: /opt/hostedtoolcache/Python/3.11.16/x64/lib/pkgconfig
2026-09-23T08:44:57.0084217Z   Python_ROOT_DIR: /opt/hostedtoolcache/Python/3.11.16/x64
2026-09-23T08:44:57.0084645Z   Python2_ROOT_DIR: /opt/hostedtoolcache/Python/3.11.16/x64
2026-09-23T08:44:57.0085074Z   Python3_ROOT_DIR: /opt/hostedtoolcache/Python/3.11.16/x64
2026-09-23T08:44:57.0085494Z   LD_LIBRARY_PATH: /opt/hostedtoolcache/Python/3.11.16/x64/lib
2026-09-23T08:44:57.0085845Z ##[endgroup]
2026-09-23T08:44:57.4061376Z ============================= test session starts ==============================
2026-09-23T08:44:57.4062405Z platform linux -- Python 3.11.16, pytest-9.1.1, pluggy-1.6.0 -- /opt/hostedtoolcache/Python/3.11.16/x64/bin/python
2026-09-23T08:44:57.4063171Z cachedir: .pytest_cache
2026-09-23T08:44:57.4063637Z rootdir: /home/runner/work/log-generation/log-generation
2026-09-23T08:44:57.4064128Z configfile: pytest.ini
2026-09-23T08:44:57.4209147Z collecting ... collected 6 items
2026-09-23T08:44:57.4209693Z 
2026-09-23T08:44:57.4218203Z tests/test_app.py::test_calculate_division PASSED                        [ 16%]
2026-09-23T08:44:57.4225907Z tests/test_app.py::test_convert_to_int PASSED                            [ 33%]
2026-09-23T08:44:57.4233838Z tests/test_app.py::test_get_list_item PASSED                             [ 50%]
2026-09-23T08:44:57.4241587Z tests/test_app.py::test_get_dict_value PASSED                            [ 66%]
2026-09-23T08:44:57.4248400Z tests/test_app.py::test_assert_positive PASSED                           [ 83%]
2026-09-23T08:44:57.4534557Z tests/test_app.py::test_value_error FAILED                               [100%]
2026-09-23T08:44:57.4535172Z 
2026-09-23T08:44:57.4535436Z =================================== FAILURES ===================================
2026-09-23T08:44:57.4536180Z _______________________________ test_value_error _______________________________
2026-09-23T08:44:57.4536710Z 
2026-09-23T08:44:57.4536912Z     def test_value_error():
2026-09-23T08:44:57.4537758Z         """Injected synthetic ValueError."""
2026-09-23T08:44:57.4538391Z         from src.app import convert_to_int
2026-09-23T08:44:57.4539071Z >       convert_to_int("unparseable_alphanumeric_0x99")
2026-09-23T08:44:57.4539539Z 
2026-09-23T08:44:57.4539718Z tests/test_app.py:137: 
2026-09-23T08:44:57.4540254Z _ _ _ _ _ _ _ _ _ _ _ _ _ _ _ _ _ _ _ _ _ _ _ _ _ _ _ _ _ _ _ _ _ _ _ _ _ _ _ _ 
2026-09-23T08:44:57.4540723Z 
2026-09-23T08:44:57.4540980Z val = 'unparseable_alphanumeric_0x99'
2026-09-23T08:44:57.4541371Z 
2026-09-23T08:44:57.4541568Z     def convert_to_int(val):
2026-09-23T08:44:57.4542030Z >       return int(val)
2026-09-23T08:44:57.4542433Z                ^^^^^^^^
2026-09-23T08:44:57.4543158Z E       ValueError: invalid literal for int() with base 10: 'unparseable_alphanumeric_0x99'
2026-09-23T08:44:57.4543830Z 
2026-09-23T08:44:57.4544019Z src/app.py:5: ValueError
2026-09-23T08:44:57.4544573Z =========================== short test summary info ============================
2026-09-23T08:44:57.4545860Z FAILED tests/test_app.py::test_value_error - ValueError: invalid literal for int() with base 10: 'unparseable_alphanumeric_0x99'
2026-09-23T08:44:57.4547819Z ========================= 1 failed, 5 passed in 0.04s ==========================
2026-09-23T08:44:57.4729046Z ##[error]Process completed with exit code 1.
2026-09-23T08:44:57.4875697Z Node 20 is being deprecated. This workflow is running with Node 24 by default. If you need to temporarily use Node 20, you can set the ACTIONS_ALLOW_USE_UNSECURE_NODE_VERSION=true environment variable. For more information see: https://github.blog/changelog/2025-09-19-deprecation-of-node-20-on-github-actions-runners/
2026-09-23T08:44:57.4876931Z Post job cleanup.
2026-09-23T08:44:57.5742975Z [command]/usr/bin/git version
2026-09-23T08:44:57.5788988Z git version 2.55.0
2026-09-23T08:44:57.5834876Z Temporarily overriding HOME='/home/runner/work/_temp/b02fae80-a7f3-490b-b2d0-d9544539eea3' before making global git config changes
2026-09-23T08:44:57.5836191Z Adding repository directory to the temporary git global config as a safe directory
2026-09-23T08:44:57.5841457Z [command]/usr/bin/git config --global --add safe.directory /home/runner/work/log-generation/log-generation
2026-09-23T08:44:57.5884504Z [command]/usr/bin/git config --local --name-only --get-regexp core\.sshCommand
2026-09-23T08:44:57.5922083Z [command]/usr/bin/git submodule foreach --recursive sh -c "git config --local --name-only --get-regexp 'core\.sshCommand' && git config --local --unset-all 'core.sshCommand' || :"
2026-09-23T08:44:57.6180917Z [command]/usr/bin/git config --local --name-only --get-regexp http\.https\:\/\/github\.com\/\.extraheader
2026-09-23T08:44:57.6208778Z http.https://github.com/.extraheader
2026-09-23T08:44:57.6221737Z [command]/usr/bin/git config --local --unset-all http.https://github.com/.extraheader
2026-09-23T08:44:57.6266206Z [command]/usr/bin/git submodule foreach --recursive sh -c "git config --local --name-only --get-regexp 'http\.https\:\/\/github\.com\/\.extraheader' && git config --local --unset-all 'http.https://github.com/.extraheader' || :"
2026-09-23T08:44:57.6533730Z [command]/usr/bin/git config --local --name-only --get-regexp ^includeIf\.gitdir:
2026-09-23T08:44:57.6572444Z [command]/usr/bin/git submodule foreach --recursive git config --local --show-origin --name-only --get-regexp remote.origin.url
2026-09-23T08:44:57.6969691Z Cleaning up orphan processes
2026-09-23T08:44:57.7249106Z ##[warning]Node.js 20 is deprecated. The following actions target Node.js 20 but are being forced to run on Node.js 24: actions/checkout@v4, actions/setup-python@v5. For more information see: https://github.blog/changelog/2025-09-19-deprecation-of-node-20-on-github-actions-runners/
