ï»¿2026-09-23T08:50:20.4510325Z Current runner version: '2.337.0'
2026-09-23T08:50:20.4531884Z ##[group]Runner Image Provisioner
2026-09-23T08:50:20.4532675Z Hosted Compute Agent
2026-09-23T08:50:20.4533190Z Version: 20260828.587
2026-09-23T08:50:20.4533823Z Commit: abac92662cab4cc7352de4f9f9d2e2419aad9c29
2026-09-23T08:50:20.4534510Z Build Date: 2026-08-28T16:44:25Z
2026-09-23T08:50:20.4535317Z Worker ID: {5b9addc5-46e9-4320-adc1-2c0e156b21fb}
2026-09-23T08:50:20.4536008Z Azure Region: westus3
2026-09-23T08:50:20.4536594Z ##[endgroup]
2026-09-23T08:50:20.4538210Z ##[group]Operating System
2026-09-23T08:50:20.4538802Z Ubuntu
2026-09-23T08:50:20.4539295Z 24.04.5
2026-09-23T08:50:20.4539775Z LTS
2026-09-23T08:50:20.4540229Z ##[endgroup]
2026-09-23T08:50:20.4541051Z ##[group]Runner Image
2026-09-23T08:50:20.4541622Z Image: ubuntu-24.04
2026-09-23T08:50:20.4542181Z Version: 20260920.314.1
2026-09-23T08:50:20.4543341Z Included Software: https://github.com/actions/runner-images/blob/ubuntu24/20260920.314/images/ubuntu/Ubuntu2404-Readme.md
2026-09-23T08:50:20.4544732Z Image Release: https://github.com/actions/runner-images/releases/tag/ubuntu24%2F20260920.314
2026-09-23T08:50:20.4545906Z ##[endgroup]
2026-09-23T08:50:20.4547342Z ##[group]GITHUB_TOKEN Permissions
2026-09-23T08:50:20.4549585Z Contents: read
2026-09-23T08:50:20.4550143Z Metadata: read
2026-09-23T08:50:20.4550689Z Packages: read
2026-09-23T08:50:20.4551184Z ##[endgroup]
2026-09-23T08:50:20.4553221Z Secret source: Actions
2026-09-23T08:50:20.4554077Z Cache mode: write
2026-09-23T08:50:20.4555287Z Prepare workflow directory
2026-09-23T08:50:20.4835232Z Prepare all required actions
2026-09-23T08:50:20.4881166Z Getting action download info
2026-09-23T08:50:20.8040363Z Download action repository 'actions/checkout@v4' (SHA:11d5960a326750d5838078e36cf38b85af677262)
2026-09-23T08:50:20.8782786Z Download action repository 'actions/setup-python@v5' (SHA:a26af69be951a213d495a4c3e4e4022e16d87065)
2026-09-23T08:50:21.0991363Z Complete job name: test-f3 (AttributeError #247)
2026-09-23T08:50:21.1728114Z Node 20 is being deprecated. This workflow is running with Node 24 by default. If you need to temporarily use Node 20, you can set the ACTIONS_ALLOW_USE_UNSECURE_NODE_VERSION=true environment variable. For more information see: https://github.blog/changelog/2025-09-19-deprecation-of-node-20-on-github-actions-runners/
2026-09-23T08:50:21.1736331Z ##[group]Run actions/checkout@v4
2026-09-23T08:50:21.1737059Z with:
2026-09-23T08:50:21.1737522Z   fetch-depth: 1
2026-09-23T08:50:21.1738074Z   repository: DhruvHegde/log-generation
2026-09-23T08:50:21.1741916Z   token: ***
2026-09-23T08:50:21.1742404Z   ssh-strict: true
2026-09-23T08:50:21.1742898Z   ssh-user: git
2026-09-23T08:50:21.1743388Z   persist-credentials: true
2026-09-23T08:50:21.1743933Z   clean: true
2026-09-23T08:50:21.1744451Z   sparse-checkout-cone-mode: true
2026-09-23T08:50:21.1744998Z   fetch-tags: false
2026-09-23T08:50:21.1745818Z   show-progress: true
2026-09-23T08:50:21.1746307Z   lfs: false
2026-09-23T08:50:21.1746930Z   submodules: false
2026-09-23T08:50:21.1747448Z   set-safe-directory: true
2026-09-23T08:50:21.1748008Z   allow-unsafe-pr-checkout: false
2026-09-23T08:50:21.1748732Z ##[endgroup]
2026-09-23T08:50:21.2721105Z Syncing repository: DhruvHegde/log-generation
2026-09-23T08:50:21.2723621Z ##[group]Getting Git version info
2026-09-23T08:50:21.2724360Z Working directory is '/home/runner/work/log-generation/log-generation'
2026-09-23T08:50:21.2725669Z [command]/usr/bin/git version
2026-09-23T08:50:21.2832346Z git version 2.55.0
2026-09-23T08:50:21.2849250Z ##[endgroup]
2026-09-23T08:50:21.2861167Z Temporarily overriding HOME='/home/runner/work/_temp/441c90d4-1545-4f10-a683-3aa6d2eac0b5' before making global git config changes
2026-09-23T08:50:21.2863060Z Adding repository directory to the temporary git global config as a safe directory
2026-09-23T08:50:21.2864986Z [command]/usr/bin/git config --global --add safe.directory /home/runner/work/log-generation/log-generation
2026-09-23T08:50:21.2917079Z Deleting the contents of '/home/runner/work/log-generation/log-generation'
2026-09-23T08:50:21.2921376Z ##[group]Initializing the repository
2026-09-23T08:50:21.2924761Z [command]/usr/bin/git init /home/runner/work/log-generation/log-generation
2026-09-23T08:50:21.3034932Z hint: Using 'master' as the name for the initial branch. This default branch name
2026-09-23T08:50:21.3036941Z hint: will change to "main" in Git 3.0. To configure the initial branch name
2026-09-23T08:50:21.3038473Z hint: to use in all of your new repositories, which will suppress this warning,
2026-09-23T08:50:21.3039694Z hint: call:
2026-09-23T08:50:21.3040383Z hint:
2026-09-23T08:50:21.3041225Z hint: 	git config --global init.defaultBranch <name>
2026-09-23T08:50:21.3042389Z hint:
2026-09-23T08:50:21.3043456Z hint: Names commonly chosen instead of 'master' are 'main', 'trunk' and
2026-09-23T08:50:21.3044869Z hint: 'development'. The just-created branch can be renamed via this command:
2026-09-23T08:50:21.3046204Z hint:
2026-09-23T08:50:21.3046985Z hint: 	git branch -m <name>
2026-09-23T08:50:21.3047842Z hint:
2026-09-23T08:50:21.3048909Z hint: Disable this message with "git config set advice.defaultBranchName false"
2026-09-23T08:50:21.3050717Z Initialized empty Git repository in /home/runner/work/log-generation/log-generation/.git/
2026-09-23T08:50:21.3053536Z [command]/usr/bin/git remote add origin https://github.com/DhruvHegde/log-generation
2026-09-23T08:50:21.3106577Z ##[endgroup]
2026-09-23T08:50:21.3107497Z ##[group]Disabling automatic garbage collection
2026-09-23T08:50:21.3116742Z [command]/usr/bin/git config --local gc.auto 0
2026-09-23T08:50:21.3138925Z ##[endgroup]
2026-09-23T08:50:21.3139757Z ##[group]Setting up auth
2026-09-23T08:50:21.3147342Z [command]/usr/bin/git config --local --name-only --get-regexp core\.sshCommand
2026-09-23T08:50:21.3173386Z [command]/usr/bin/git submodule foreach --recursive sh -c "git config --local --name-only --get-regexp 'core\.sshCommand' && git config --local --unset-all 'core.sshCommand' || :"
2026-09-23T08:50:21.3504484Z [command]/usr/bin/git config --local --name-only --get-regexp http\.https\:\/\/github\.com\/\.extraheader
2026-09-23T08:50:21.3533263Z [command]/usr/bin/git submodule foreach --recursive sh -c "git config --local --name-only --get-regexp 'http\.https\:\/\/github\.com\/\.extraheader' && git config --local --unset-all 'http.https://github.com/.extraheader' || :"
2026-09-23T08:50:21.3730815Z [command]/usr/bin/git config --local --name-only --get-regexp ^includeIf\.gitdir:
2026-09-23T08:50:21.3757824Z [command]/usr/bin/git submodule foreach --recursive git config --local --show-origin --name-only --get-regexp remote.origin.url
2026-09-23T08:50:21.3928614Z [command]/usr/bin/git config --local http.https://github.com/.extraheader AUTHORIZATION: basic ***
2026-09-23T08:50:21.3962400Z ##[endgroup]
2026-09-23T08:50:21.3963553Z ##[group]Fetching the repository
2026-09-23T08:50:21.3971511Z [command]/usr/bin/git -c protocol.version=2 fetch --no-tags --prune --no-recurse-submodules --depth=1 origin +43f20917de93b9aad51cf79a69ad5239c5632917:refs/remotes/origin/feature/f3-test-failures
2026-09-23T08:50:22.2109964Z From https://github.com/DhruvHegde/log-generation
2026-09-23T08:50:22.2111953Z  * [new ref]         43f20917de93b9aad51cf79a69ad5239c5632917 -> origin/feature/f3-test-failures
2026-09-23T08:50:22.2117867Z ##[endgroup]
2026-09-23T08:50:22.2119364Z ##[group]Determining the checkout info
2026-09-23T08:50:22.2121802Z ##[endgroup]
2026-09-23T08:50:22.2123052Z [command]/usr/bin/git sparse-checkout disable
2026-09-23T08:50:22.2173992Z [command]/usr/bin/git config --local --unset-all extensions.worktreeConfig
2026-09-23T08:50:22.2207209Z ##[group]Checking out the ref
2026-09-23T08:50:22.2211427Z [command]/usr/bin/git checkout --progress --force -B feature/f3-test-failures refs/remotes/origin/feature/f3-test-failures
2026-09-23T08:50:22.2500837Z Switched to a new branch 'feature/f3-test-failures'
2026-09-23T08:50:22.2504739Z branch 'feature/f3-test-failures' set up to track 'origin/feature/f3-test-failures'.
2026-09-23T08:50:22.2511543Z ##[endgroup]
2026-09-23T08:50:22.2548143Z [command]/usr/bin/git log -1 --format=%H
2026-09-23T08:50:22.2572052Z 43f20917de93b9aad51cf79a69ad5239c5632917
2026-09-23T08:50:22.2880503Z Node 20 is being deprecated. This workflow is running with Node 24 by default. If you need to temporarily use Node 20, you can set the ACTIONS_ALLOW_USE_UNSECURE_NODE_VERSION=true environment variable. For more information see: https://github.blog/changelog/2025-09-19-deprecation-of-node-20-on-github-actions-runners/
2026-09-23T08:50:22.2885756Z ##[group]Run actions/setup-python@v5
2026-09-23T08:50:22.2887059Z with:
2026-09-23T08:50:22.2888097Z   python-version: 3.11
2026-09-23T08:50:22.2889277Z   check-latest: false
2026-09-23T08:50:22.2897909Z   token: ***
2026-09-23T08:50:22.2899076Z   update-environment: true
2026-09-23T08:50:22.2900345Z   allow-prereleases: false
2026-09-23T08:50:22.2901556Z   freethreaded: false
2026-09-23T08:50:22.2902644Z ##[endgroup]
2026-09-23T08:50:22.4119481Z ##[group]Installed versions
2026-09-23T08:50:22.4206109Z (node:2044) [DEP0040] DeprecationWarning: The `punycode` module is deprecated. Please use a userland alternative instead.
2026-09-23T08:50:22.4209033Z (Use `node --trace-deprecation ...` to show where the warning was created)
2026-09-23T08:50:22.4210712Z Successfully set up CPython (3.11.16)
2026-09-23T08:50:22.4212484Z ##[endgroup]
2026-09-23T08:50:22.4457604Z ##[group]Run pip install --no-cache-dir pytest
2026-09-23T08:50:22.4459864Z [36;1mpip install --no-cache-dir pytest[0m
2026-09-23T08:50:22.4728507Z shell: /usr/bin/bash -e {0}
2026-09-23T08:50:22.4729543Z env:
2026-09-23T08:50:22.4730588Z   pythonLocation: /opt/hostedtoolcache/Python/3.11.16/x64
2026-09-23T08:50:22.4732093Z   PKG_CONFIG_PATH: /opt/hostedtoolcache/Python/3.11.16/x64/lib/pkgconfig
2026-09-23T08:50:22.4733684Z   Python_ROOT_DIR: /opt/hostedtoolcache/Python/3.11.16/x64
2026-09-23T08:50:22.4735231Z   Python2_ROOT_DIR: /opt/hostedtoolcache/Python/3.11.16/x64
2026-09-23T08:50:22.4736640Z   Python3_ROOT_DIR: /opt/hostedtoolcache/Python/3.11.16/x64
2026-09-23T08:50:22.4738090Z   LD_LIBRARY_PATH: /opt/hostedtoolcache/Python/3.11.16/x64/lib
2026-09-23T08:50:22.4739253Z ##[endgroup]
2026-09-23T08:50:23.3062641Z Collecting pytest
2026-09-23T08:50:23.3651447Z   Downloading pytest-9.1.1-py3-none-any.whl.metadata (7.6 kB)
2026-09-23T08:50:23.3722057Z Collecting iniconfig>=1.0.1 (from pytest)
2026-09-23T08:50:23.3750676Z   Downloading iniconfig-2.3.0-py3-none-any.whl.metadata (2.5 kB)
2026-09-23T08:50:23.3831851Z Collecting packaging>=22 (from pytest)
2026-09-23T08:50:23.3860876Z   Downloading packaging-26.3-py3-none-any.whl.metadata (3.5 kB)
2026-09-23T08:50:23.3926227Z Collecting pluggy<2,>=1.5 (from pytest)
2026-09-23T08:50:23.3957141Z   Downloading pluggy-1.6.0-py3-none-any.whl.metadata (4.8 kB)
2026-09-23T08:50:23.4063456Z Collecting pygments>=2.7.2 (from pytest)
2026-09-23T08:50:23.4091348Z   Downloading pygments-2.21.0-py3-none-any.whl.metadata (2.5 kB)
2026-09-23T08:50:23.4141888Z Downloading pytest-9.1.1-py3-none-any.whl (386 kB)
2026-09-23T08:50:23.4318850Z Downloading pluggy-1.6.0-py3-none-any.whl (20 kB)
2026-09-23T08:50:23.4347680Z Downloading iniconfig-2.3.0-py3-none-any.whl (7.5 kB)
2026-09-23T08:50:23.4374641Z Downloading packaging-26.3-py3-none-any.whl (129 kB)
2026-09-23T08:50:23.4417419Z Downloading pygments-2.21.0-py3-none-any.whl (1.3 MB)
2026-09-23T08:50:23.4585719Z    ââââââââââââââââââââââââââââââââââââââââ 1.3/1.3 MB 92.9 MB/s  0:00:00
2026-09-23T08:50:23.5236358Z Installing collected packages: pygments, pluggy, packaging, iniconfig, pytest
2026-09-23T08:50:24.2798762Z 
2026-09-23T08:50:24.2810026Z Successfully installed iniconfig-2.3.0 packaging-26.3 pluggy-1.6.0 pygments-2.21.0 pytest-9.1.1
2026-09-23T08:50:24.3367420Z ##[group]Run python automation/inject_mutation.py --error-type "AttributeError"
2026-09-23T08:50:24.3368045Z [36;1mpython automation/inject_mutation.py --error-type "AttributeError"[0m
2026-09-23T08:50:24.3409857Z shell: /usr/bin/bash -e {0}
2026-09-23T08:50:24.3410211Z env:
2026-09-23T08:50:24.3410750Z   pythonLocation: /opt/hostedtoolcache/Python/3.11.16/x64
2026-09-23T08:50:24.3411272Z   PKG_CONFIG_PATH: /opt/hostedtoolcache/Python/3.11.16/x64/lib/pkgconfig
2026-09-23T08:50:24.3411724Z   Python_ROOT_DIR: /opt/hostedtoolcache/Python/3.11.16/x64
2026-09-23T08:50:24.3412133Z   Python2_ROOT_DIR: /opt/hostedtoolcache/Python/3.11.16/x64
2026-09-23T08:50:24.3412585Z   Python3_ROOT_DIR: /opt/hostedtoolcache/Python/3.11.16/x64
2026-09-23T08:50:24.3413010Z   LD_LIBRARY_PATH: /opt/hostedtoolcache/Python/3.11.16/x64/lib
2026-09-23T08:50:24.3413437Z ##[endgroup]
2026-09-23T08:50:24.3669859Z [Mutation Injected] Successfully injected AttributeError into tests/test_app.py
2026-09-23T08:50:24.3739234Z ##[group]Run pytest tests/test_app.py -v
2026-09-23T08:50:24.3739631Z [36;1mpytest tests/test_app.py -v[0m
2026-09-23T08:50:24.3772032Z shell: /usr/bin/bash -e {0}
2026-09-23T08:50:24.3772417Z env:
2026-09-23T08:50:24.3772750Z   pythonLocation: /opt/hostedtoolcache/Python/3.11.16/x64
2026-09-23T08:50:24.3773240Z   PKG_CONFIG_PATH: /opt/hostedtoolcache/Python/3.11.16/x64/lib/pkgconfig
2026-09-23T08:50:24.3773660Z   Python_ROOT_DIR: /opt/hostedtoolcache/Python/3.11.16/x64
2026-09-23T08:50:24.3774043Z   Python2_ROOT_DIR: /opt/hostedtoolcache/Python/3.11.16/x64
2026-09-23T08:50:24.3774446Z   Python3_ROOT_DIR: /opt/hostedtoolcache/Python/3.11.16/x64
2026-09-23T08:50:24.3774813Z   LD_LIBRARY_PATH: /opt/hostedtoolcache/Python/3.11.16/x64/lib
2026-09-23T08:50:24.3775448Z ##[endgroup]
2026-09-23T08:50:24.5792909Z ============================= test session starts ==============================
2026-09-23T08:50:24.5794491Z platform linux -- Python 3.11.16, pytest-9.1.1, pluggy-1.6.0 -- /opt/hostedtoolcache/Python/3.11.16/x64/bin/python
2026-09-23T08:50:24.5795655Z cachedir: .pytest_cache
2026-09-23T08:50:24.5796687Z rootdir: /home/runner/work/log-generation/log-generation
2026-09-23T08:50:24.5797541Z configfile: pytest.ini
2026-09-23T08:50:24.5863265Z collecting ... collected 6 items
2026-09-23T08:50:24.5863880Z 
2026-09-23T08:50:24.5870001Z tests/test_app.py::test_calculate_division PASSED                        [ 16%]
2026-09-23T08:50:24.5875877Z tests/test_app.py::test_convert_to_int PASSED                            [ 33%]
2026-09-23T08:50:24.5881424Z tests/test_app.py::test_get_list_item PASSED                             [ 50%]
2026-09-23T08:50:24.5886893Z tests/test_app.py::test_get_dict_value PASSED                            [ 66%]
2026-09-23T08:50:24.5892421Z tests/test_app.py::test_assert_positive PASSED                           [ 83%]
2026-09-23T08:50:24.6124085Z tests/test_app.py::test_attribute_error FAILED                           [100%]
2026-09-23T08:50:24.6125285Z 
2026-09-23T08:50:24.6126183Z =================================== FAILURES ===================================
2026-09-23T08:50:24.6127024Z _____________________________ test_attribute_error _____________________________
2026-09-23T08:50:24.6127526Z 
2026-09-23T08:50:24.6127718Z     def test_attribute_error():
2026-09-23T08:50:24.6128412Z         """Injected synthetic AttributeError."""
2026-09-23T08:50:24.6129021Z         from src.app import get_object_attribute
2026-09-23T08:50:24.6129644Z >       get_object_attribute(object())
2026-09-23T08:50:24.6129938Z 
2026-09-23T08:50:24.6130155Z tests/test_app.py:139: 
2026-09-23T08:50:24.6130700Z _ _ _ _ _ _ _ _ _ _ _ _ _ _ _ _ _ _ _ _ _ _ _ _ _ _ _ _ _ _ _ _ _ _ _ _ _ _ _ _ 
2026-09-23T08:50:24.6131132Z 
2026-09-23T08:50:24.6131402Z obj = <object object at 0x7f9066a9d370>
2026-09-23T08:50:24.6131764Z 
2026-09-23T08:50:24.6131954Z     def get_object_attribute(obj):
2026-09-23T08:50:24.6132491Z >       return obj.non_existent_attribute
2026-09-23T08:50:24.6133010Z                ^^^^^^^^^^^^^^^^^^^^^^^^^^
2026-09-23T08:50:24.6133720Z E       AttributeError: 'object' object has no attribute 'non_existent_attribute'
2026-09-23T08:50:24.6134221Z 
2026-09-23T08:50:24.6134447Z src/app.py:14: AttributeError
2026-09-23T08:50:24.6134997Z =========================== short test summary info ============================
2026-09-23T08:50:24.6136481Z FAILED tests/test_app.py::test_attribute_error - AttributeError: 'object' object has no attribute 'non_existent_attribute'
2026-09-23T08:50:24.6137491Z ========================= 1 failed, 5 passed in 0.02s ==========================
2026-09-23T08:50:24.6329364Z ##[error]Process completed with exit code 1.
2026-09-23T08:50:24.6460892Z Node 20 is being deprecated. This workflow is running with Node 24 by default. If you need to temporarily use Node 20, you can set the ACTIONS_ALLOW_USE_UNSECURE_NODE_VERSION=true environment variable. For more information see: https://github.blog/changelog/2025-09-19-deprecation-of-node-20-on-github-actions-runners/
2026-09-23T08:50:24.6462067Z Post job cleanup.
2026-09-23T08:50:24.7266646Z [command]/usr/bin/git version
2026-09-23T08:50:24.7305905Z git version 2.55.0
2026-09-23T08:50:24.7346462Z Temporarily overriding HOME='/home/runner/work/_temp/b255e971-7143-4d00-b904-452077d1ed49' before making global git config changes
2026-09-23T08:50:24.7347542Z Adding repository directory to the temporary git global config as a safe directory
2026-09-23T08:50:24.7352764Z [command]/usr/bin/git config --global --add safe.directory /home/runner/work/log-generation/log-generation
2026-09-23T08:50:24.7390598Z [command]/usr/bin/git config --local --name-only --get-regexp core\.sshCommand
2026-09-23T08:50:24.7422558Z [command]/usr/bin/git submodule foreach --recursive sh -c "git config --local --name-only --get-regexp 'core\.sshCommand' && git config --local --unset-all 'core.sshCommand' || :"
2026-09-23T08:50:24.7632615Z [command]/usr/bin/git config --local --name-only --get-regexp http\.https\:\/\/github\.com\/\.extraheader
2026-09-23T08:50:24.7650141Z http.https://github.com/.extraheader
2026-09-23T08:50:24.7659698Z [command]/usr/bin/git config --local --unset-all http.https://github.com/.extraheader
2026-09-23T08:50:24.7694199Z [command]/usr/bin/git submodule foreach --recursive sh -c "git config --local --name-only --get-regexp 'http\.https\:\/\/github\.com\/\.extraheader' && git config --local --unset-all 'http.https://github.com/.extraheader' || :"
2026-09-23T08:50:24.7937780Z [command]/usr/bin/git config --local --name-only --get-regexp ^includeIf\.gitdir:
2026-09-23T08:50:24.7975387Z [command]/usr/bin/git submodule foreach --recursive git config --local --show-origin --name-only --get-regexp remote.origin.url
2026-09-23T08:50:24.8310631Z Cleaning up orphan processes
2026-09-23T08:50:24.8568117Z ##[warning]Node.js 20 is deprecated. The following actions target Node.js 20 but are being forced to run on Node.js 24: actions/checkout@v4, actions/setup-python@v5. For more information see: https://github.blog/changelog/2025-09-19-deprecation-of-node-20-on-github-actions-runners/
