ï»¿2026-09-23T08:44:55.3497933Z Current runner version: '2.337.0'
2026-09-23T08:44:55.3518666Z ##[group]Runner Image Provisioner
2026-09-23T08:44:55.3519366Z Hosted Compute Agent
2026-09-23T08:44:55.3519834Z Version: 20260828.587
2026-09-23T08:44:55.3520424Z Commit: abac92662cab4cc7352de4f9f9d2e2419aad9c29
2026-09-23T08:44:55.3521025Z Build Date: 2026-08-28T16:44:25Z
2026-09-23T08:44:55.3521630Z Worker ID: {651988b3-d193-43c5-82f1-fca70bcb20ca}
2026-09-23T08:44:55.3522265Z Azure Region: westus3
2026-09-23T08:44:55.3522719Z ##[endgroup]
2026-09-23T08:44:55.3524155Z ##[group]Operating System
2026-09-23T08:44:55.3524701Z Ubuntu
2026-09-23T08:44:55.3525185Z 24.04.5
2026-09-23T08:44:55.3525639Z LTS
2026-09-23T08:44:55.3526076Z ##[endgroup]
2026-09-23T08:44:55.3526891Z ##[group]Runner Image
2026-09-23T08:44:55.3527542Z Image: ubuntu-24.04
2026-09-23T08:44:55.3528039Z Version: 20260920.314.1
2026-09-23T08:44:55.3529104Z Included Software: https://github.com/actions/runner-images/blob/ubuntu24/20260920.314/images/ubuntu/Ubuntu2404-Readme.md
2026-09-23T08:44:55.3530368Z Image Release: https://github.com/actions/runner-images/releases/tag/ubuntu24%2F20260920.314
2026-09-23T08:44:55.3531174Z ##[endgroup]
2026-09-23T08:44:55.3532196Z ##[group]GITHUB_TOKEN Permissions
2026-09-23T08:44:55.3533948Z Contents: read
2026-09-23T08:44:55.3534489Z Metadata: read
2026-09-23T08:44:55.3534997Z Packages: read
2026-09-23T08:44:55.3535468Z ##[endgroup]
2026-09-23T08:44:55.3537589Z Secret source: Actions
2026-09-23T08:44:55.3538414Z Cache mode: write
2026-09-23T08:44:55.3539387Z Prepare workflow directory
2026-09-23T08:44:55.3801440Z Prepare all required actions
2026-09-23T08:44:55.3840604Z Getting action download info
2026-09-23T08:44:55.7040562Z Download action repository 'actions/checkout@v4' (SHA:11d5960a326750d5838078e36cf38b85af677262)
2026-09-23T08:44:55.8525994Z Download action repository 'actions/setup-python@v5' (SHA:a26af69be951a213d495a4c3e4e4022e16d87065)
2026-09-23T08:44:56.0503874Z Complete job name: test-f3 (IndexError #146)
2026-09-23T08:44:56.1113374Z Node 20 is being deprecated. This workflow is running with Node 24 by default. If you need to temporarily use Node 20, you can set the ACTIONS_ALLOW_USE_UNSECURE_NODE_VERSION=true environment variable. For more information see: https://github.blog/changelog/2025-09-19-deprecation-of-node-20-on-github-actions-runners/
2026-09-23T08:44:56.1120524Z ##[group]Run actions/checkout@v4
2026-09-23T08:44:56.1121090Z with:
2026-09-23T08:44:56.1121425Z   fetch-depth: 1
2026-09-23T08:44:56.1121802Z   repository: DhruvHegde/log-generation
2026-09-23T08:44:56.1124846Z   token: ***
2026-09-23T08:44:56.1125190Z   ssh-strict: true
2026-09-23T08:44:56.1125541Z   ssh-user: git
2026-09-23T08:44:56.1125900Z   persist-credentials: true
2026-09-23T08:44:56.1126282Z   clean: true
2026-09-23T08:44:56.1126640Z   sparse-checkout-cone-mode: true
2026-09-23T08:44:56.1127051Z   fetch-tags: false
2026-09-23T08:44:56.1127551Z   show-progress: true
2026-09-23T08:44:56.1127907Z   lfs: false
2026-09-23T08:44:56.1128271Z   submodules: false
2026-09-23T08:44:56.1128637Z   set-safe-directory: true
2026-09-23T08:44:56.1129027Z   allow-unsafe-pr-checkout: false
2026-09-23T08:44:56.1129600Z ##[endgroup]
2026-09-23T08:44:56.1965255Z Syncing repository: DhruvHegde/log-generation
2026-09-23T08:44:56.1967430Z ##[group]Getting Git version info
2026-09-23T08:44:56.1968368Z Working directory is '/home/runner/work/log-generation/log-generation'
2026-09-23T08:44:56.1969702Z [command]/usr/bin/git version
2026-09-23T08:44:56.2014659Z git version 2.55.0
2026-09-23T08:44:56.2030738Z ##[endgroup]
2026-09-23T08:44:56.2049208Z Temporarily overriding HOME='/home/runner/work/_temp/8fef9413-3329-4bdd-80d1-faa3260ecc00' before making global git config changes
2026-09-23T08:44:56.2052827Z Adding repository directory to the temporary git global config as a safe directory
2026-09-23T08:44:56.2054443Z [command]/usr/bin/git config --global --add safe.directory /home/runner/work/log-generation/log-generation
2026-09-23T08:44:56.2098034Z Deleting the contents of '/home/runner/work/log-generation/log-generation'
2026-09-23T08:44:56.2108691Z ##[group]Initializing the repository
2026-09-23T08:44:56.2110185Z [command]/usr/bin/git init /home/runner/work/log-generation/log-generation
2026-09-23T08:44:56.2518028Z hint: Using 'master' as the name for the initial branch. This default branch name
2026-09-23T08:44:56.2519627Z hint: will change to "main" in Git 3.0. To configure the initial branch name
2026-09-23T08:44:56.2521081Z hint: to use in all of your new repositories, which will suppress this warning,
2026-09-23T08:44:56.2522210Z hint: call:
2026-09-23T08:44:56.2522849Z hint:
2026-09-23T08:44:56.2523668Z hint: 	git config --global init.defaultBranch <name>
2026-09-23T08:44:56.2524595Z hint:
2026-09-23T08:44:56.2525491Z hint: Names commonly chosen instead of 'master' are 'main', 'trunk' and
2026-09-23T08:44:56.2526795Z hint: 'development'. The just-created branch can be renamed via this command:
2026-09-23T08:44:56.2528284Z hint:
2026-09-23T08:44:56.2528998Z hint: 	git branch -m <name>
2026-09-23T08:44:56.2529769Z hint:
2026-09-23T08:44:56.2530738Z hint: Disable this message with "git config set advice.defaultBranchName false"
2026-09-23T08:44:56.2532621Z Initialized empty Git repository in /home/runner/work/log-generation/log-generation/.git/
2026-09-23T08:44:56.2535873Z [command]/usr/bin/git remote add origin https://github.com/DhruvHegde/log-generation
2026-09-23T08:44:56.2606758Z ##[endgroup]
2026-09-23T08:44:56.2607835Z ##[group]Disabling automatic garbage collection
2026-09-23T08:44:56.2610961Z [command]/usr/bin/git config --local gc.auto 0
2026-09-23T08:44:56.2643524Z ##[endgroup]
2026-09-23T08:44:56.2644401Z ##[group]Setting up auth
2026-09-23T08:44:56.2649875Z [command]/usr/bin/git config --local --name-only --get-regexp core\.sshCommand
2026-09-23T08:44:56.2678742Z [command]/usr/bin/git submodule foreach --recursive sh -c "git config --local --name-only --get-regexp 'core\.sshCommand' && git config --local --unset-all 'core.sshCommand' || :"
2026-09-23T08:44:56.3730482Z [command]/usr/bin/git config --local --name-only --get-regexp http\.https\:\/\/github\.com\/\.extraheader
2026-09-23T08:44:56.3760002Z [command]/usr/bin/git submodule foreach --recursive sh -c "git config --local --name-only --get-regexp 'http\.https\:\/\/github\.com\/\.extraheader' && git config --local --unset-all 'http.https://github.com/.extraheader' || :"
2026-09-23T08:44:56.3954418Z [command]/usr/bin/git config --local --name-only --get-regexp ^includeIf\.gitdir:
2026-09-23T08:44:56.3987764Z [command]/usr/bin/git submodule foreach --recursive git config --local --show-origin --name-only --get-regexp remote.origin.url
2026-09-23T08:44:56.4196220Z [command]/usr/bin/git config --local http.https://github.com/.extraheader AUTHORIZATION: basic ***
2026-09-23T08:44:56.4233987Z ##[endgroup]
2026-09-23T08:44:56.4234997Z ##[group]Fetching the repository
2026-09-23T08:44:56.4242774Z [command]/usr/bin/git -c protocol.version=2 fetch --no-tags --prune --no-recurse-submodules --depth=1 origin +dfcb6f158e4bd8054252a4da5d0a9edc2ab15d57:refs/remotes/origin/feature/f3-test-failures
2026-09-23T08:44:56.9799990Z From https://github.com/DhruvHegde/log-generation
2026-09-23T08:44:56.9801648Z  * [new ref]         dfcb6f158e4bd8054252a4da5d0a9edc2ab15d57 -> origin/feature/f3-test-failures
2026-09-23T08:44:56.9805272Z ##[endgroup]
2026-09-23T08:44:56.9806726Z ##[group]Determining the checkout info
2026-09-23T08:44:56.9808327Z ##[endgroup]
2026-09-23T08:44:56.9828222Z [command]/usr/bin/git sparse-checkout disable
2026-09-23T08:44:56.9863212Z [command]/usr/bin/git config --local --unset-all extensions.worktreeConfig
2026-09-23T08:44:56.9894887Z ##[group]Checking out the ref
2026-09-23T08:44:56.9898834Z [command]/usr/bin/git checkout --progress --force -B feature/f3-test-failures refs/remotes/origin/feature/f3-test-failures
2026-09-23T08:44:56.9994609Z Switched to a new branch 'feature/f3-test-failures'
2026-09-23T08:44:56.9998902Z branch 'feature/f3-test-failures' set up to track 'origin/feature/f3-test-failures'.
2026-09-23T08:44:57.0004590Z ##[endgroup]
2026-09-23T08:44:57.0041562Z [command]/usr/bin/git log -1 --format=%H
2026-09-23T08:44:57.0063806Z dfcb6f158e4bd8054252a4da5d0a9edc2ab15d57
2026-09-23T08:44:57.0351532Z Node 20 is being deprecated. This workflow is running with Node 24 by default. If you need to temporarily use Node 20, you can set the ACTIONS_ALLOW_USE_UNSECURE_NODE_VERSION=true environment variable. For more information see: https://github.blog/changelog/2025-09-19-deprecation-of-node-20-on-github-actions-runners/
2026-09-23T08:44:57.0356194Z ##[group]Run actions/setup-python@v5
2026-09-23T08:44:57.0357055Z with:
2026-09-23T08:44:57.0357906Z   python-version: 3.11
2026-09-23T08:44:57.0358661Z   check-latest: false
2026-09-23T08:44:57.0365554Z   token: ***
2026-09-23T08:44:57.0366256Z   update-environment: true
2026-09-23T08:44:57.0367057Z   allow-prereleases: false
2026-09-23T08:44:57.0367980Z   freethreaded: false
2026-09-23T08:44:57.0368701Z ##[endgroup]
2026-09-23T08:44:57.1444864Z ##[group]Installed versions
2026-09-23T08:44:57.2004285Z (node:2043) [DEP0040] DeprecationWarning: The `punycode` module is deprecated. Please use a userland alternative instead.
2026-09-23T08:44:57.2014996Z (Use `node --trace-deprecation ...` to show where the warning was created)
2026-09-23T08:44:57.2016289Z Successfully set up CPython (3.11.16)
2026-09-23T08:44:57.2053035Z ##[endgroup]
2026-09-23T08:44:57.2187117Z ##[group]Run pip install --no-cache-dir pytest
2026-09-23T08:44:57.2188476Z [36;1mpip install --no-cache-dir pytest[0m
2026-09-23T08:44:57.2505895Z shell: /usr/bin/bash -e {0}
2026-09-23T08:44:57.2506718Z env:
2026-09-23T08:44:57.2507652Z   pythonLocation: /opt/hostedtoolcache/Python/3.11.16/x64
2026-09-23T08:44:57.2508961Z   PKG_CONFIG_PATH: /opt/hostedtoolcache/Python/3.11.16/x64/lib/pkgconfig
2026-09-23T08:44:57.2510258Z   Python_ROOT_DIR: /opt/hostedtoolcache/Python/3.11.16/x64
2026-09-23T08:44:57.2511429Z   Python2_ROOT_DIR: /opt/hostedtoolcache/Python/3.11.16/x64
2026-09-23T08:44:57.2512609Z   Python3_ROOT_DIR: /opt/hostedtoolcache/Python/3.11.16/x64
2026-09-23T08:44:57.2513811Z   LD_LIBRARY_PATH: /opt/hostedtoolcache/Python/3.11.16/x64/lib
2026-09-23T08:44:57.2514823Z ##[endgroup]
2026-09-23T08:44:58.0369557Z Collecting pytest
2026-09-23T08:44:58.0943613Z   Downloading pytest-9.1.1-py3-none-any.whl.metadata (7.6 kB)
2026-09-23T08:44:58.1083437Z Collecting iniconfig>=1.0.1 (from pytest)
2026-09-23T08:44:58.1179312Z   Downloading iniconfig-2.3.0-py3-none-any.whl.metadata (2.5 kB)
2026-09-23T08:44:58.1334343Z Collecting packaging>=22 (from pytest)
2026-09-23T08:44:58.1431798Z   Downloading packaging-26.3-py3-none-any.whl.metadata (3.5 kB)
2026-09-23T08:44:58.1569483Z Collecting pluggy<2,>=1.5 (from pytest)
2026-09-23T08:44:58.1671411Z   Downloading pluggy-1.6.0-py3-none-any.whl.metadata (4.8 kB)
2026-09-23T08:44:58.1872340Z Collecting pygments>=2.7.2 (from pytest)
2026-09-23T08:44:58.1967438Z   Downloading pygments-2.21.0-py3-none-any.whl.metadata (2.5 kB)
2026-09-23T08:44:58.2082037Z Downloading pytest-9.1.1-py3-none-any.whl (386 kB)
2026-09-23T08:44:58.2510646Z Downloading pluggy-1.6.0-py3-none-any.whl (20 kB)
2026-09-23T08:44:58.2606560Z Downloading iniconfig-2.3.0-py3-none-any.whl (7.5 kB)
2026-09-23T08:44:58.2702231Z Downloading packaging-26.3-py3-none-any.whl (129 kB)
2026-09-23T08:44:58.2812212Z Downloading pygments-2.21.0-py3-none-any.whl (1.3 MB)
2026-09-23T08:44:58.3100718Z    ââââââââââââââââââââââââââââââââââââââââ 1.3/1.3 MB 55.5 MB/s  0:00:00
2026-09-23T08:44:58.3922379Z Installing collected packages: pygments, pluggy, packaging, iniconfig, pytest
2026-09-23T08:44:59.2475129Z 
2026-09-23T08:44:59.2483477Z Successfully installed iniconfig-2.3.0 packaging-26.3 pluggy-1.6.0 pygments-2.21.0 pytest-9.1.1
2026-09-23T08:44:59.3015185Z ##[group]Run python automation/inject_mutation.py --error-type "IndexError"
2026-09-23T08:44:59.3015702Z [36;1mpython automation/inject_mutation.py --error-type "IndexError"[0m
2026-09-23T08:44:59.3075653Z shell: /usr/bin/bash -e {0}
2026-09-23T08:44:59.3075908Z env:
2026-09-23T08:44:59.3076163Z   pythonLocation: /opt/hostedtoolcache/Python/3.11.16/x64
2026-09-23T08:44:59.3076802Z   PKG_CONFIG_PATH: /opt/hostedtoolcache/Python/3.11.16/x64/lib/pkgconfig
2026-09-23T08:44:59.3077328Z   Python_ROOT_DIR: /opt/hostedtoolcache/Python/3.11.16/x64
2026-09-23T08:44:59.3077705Z   Python2_ROOT_DIR: /opt/hostedtoolcache/Python/3.11.16/x64
2026-09-23T08:44:59.3078046Z   Python3_ROOT_DIR: /opt/hostedtoolcache/Python/3.11.16/x64
2026-09-23T08:44:59.3078376Z   LD_LIBRARY_PATH: /opt/hostedtoolcache/Python/3.11.16/x64/lib
2026-09-23T08:44:59.3078689Z ##[endgroup]
2026-09-23T08:44:59.3363092Z [Mutation Injected] Successfully injected IndexError into tests/test_app.py
2026-09-23T08:44:59.3428097Z ##[group]Run pytest tests/test_app.py -v
2026-09-23T08:44:59.3428414Z [36;1mpytest tests/test_app.py -v[0m
2026-09-23T08:44:59.3487073Z shell: /usr/bin/bash -e {0}
2026-09-23T08:44:59.3487444Z env:
2026-09-23T08:44:59.3487680Z   pythonLocation: /opt/hostedtoolcache/Python/3.11.16/x64
2026-09-23T08:44:59.3488070Z   PKG_CONFIG_PATH: /opt/hostedtoolcache/Python/3.11.16/x64/lib/pkgconfig
2026-09-23T08:44:59.3488463Z   Python_ROOT_DIR: /opt/hostedtoolcache/Python/3.11.16/x64
2026-09-23T08:44:59.3488795Z   Python2_ROOT_DIR: /opt/hostedtoolcache/Python/3.11.16/x64
2026-09-23T08:44:59.3489122Z   Python3_ROOT_DIR: /opt/hostedtoolcache/Python/3.11.16/x64
2026-09-23T08:44:59.3489458Z   LD_LIBRARY_PATH: /opt/hostedtoolcache/Python/3.11.16/x64/lib
2026-09-23T08:44:59.3489738Z ##[endgroup]
2026-09-23T08:44:59.5409580Z ============================= test session starts ==============================
2026-09-23T08:44:59.5410715Z platform linux -- Python 3.11.16, pytest-9.1.1, pluggy-1.6.0 -- /opt/hostedtoolcache/Python/3.11.16/x64/bin/python
2026-09-23T08:44:59.5411469Z cachedir: .pytest_cache
2026-09-23T08:44:59.5411921Z rootdir: /home/runner/work/log-generation/log-generation
2026-09-23T08:44:59.5412437Z configfile: pytest.ini
2026-09-23T08:44:59.5475245Z collecting ... collected 6 items
2026-09-23T08:44:59.5475843Z 
2026-09-23T08:44:59.5482204Z tests/test_app.py::test_calculate_division PASSED                        [ 16%]
2026-09-23T08:44:59.5487449Z tests/test_app.py::test_convert_to_int PASSED                            [ 33%]
2026-09-23T08:44:59.5492679Z tests/test_app.py::test_get_list_item PASSED                             [ 50%]
2026-09-23T08:44:59.5497545Z tests/test_app.py::test_get_dict_value PASSED                            [ 66%]
2026-09-23T08:44:59.5502362Z tests/test_app.py::test_assert_positive PASSED                           [ 83%]
2026-09-23T08:44:59.5738153Z tests/test_app.py::test_index_error FAILED                               [100%]
2026-09-23T08:44:59.5738762Z 
2026-09-23T08:44:59.5739190Z =================================== FAILURES ===================================
2026-09-23T08:44:59.5739737Z _______________________________ test_index_error _______________________________
2026-09-23T08:44:59.5740109Z 
2026-09-23T08:44:59.5740243Z     def test_index_error():
2026-09-23T08:44:59.5740574Z         """Injected synthetic IndexError."""
2026-09-23T08:44:59.5740978Z         from src.app import get_list_item
2026-09-23T08:44:59.5741330Z         dataset = [10, 20, 30]
2026-09-23T08:44:59.5741650Z >       get_list_item(dataset, 999)
2026-09-23T08:44:59.5741878Z 
2026-09-23T08:44:59.5741999Z tests/test_app.py:138: 
2026-09-23T08:44:59.5742367Z _ _ _ _ _ _ _ _ _ _ _ _ _ _ _ _ _ _ _ _ _ _ _ _ _ _ _ _ _ _ _ _ _ _ _ _ _ _ _ _ 
2026-09-23T08:44:59.5742697Z 
2026-09-23T08:44:59.5743021Z lst = [10, 20, 30], index = 999
2026-09-23T08:44:59.5743284Z 
2026-09-23T08:44:59.5745800Z     def get_list_item(lst, index):
2026-09-23T08:44:59.5746612Z >       return lst[index]
2026-09-23T08:44:59.5747043Z                ^^^^^^^^^^
2026-09-23T08:44:59.5747531Z E       IndexError: list index out of range
2026-09-23T08:44:59.5747802Z 
2026-09-23T08:44:59.5747931Z src/app.py:8: IndexError
2026-09-23T08:44:59.5748332Z =========================== short test summary info ============================
2026-09-23T08:44:59.5749014Z FAILED tests/test_app.py::test_index_error - IndexError: list index out of range
2026-09-23T08:44:59.5749943Z ========================= 1 failed, 5 passed in 0.02s ==========================
2026-09-23T08:44:59.5917840Z ##[error]Process completed with exit code 1.
2026-09-23T08:44:59.6040704Z Node 20 is being deprecated. This workflow is running with Node 24 by default. If you need to temporarily use Node 20, you can set the ACTIONS_ALLOW_USE_UNSECURE_NODE_VERSION=true environment variable. For more information see: https://github.blog/changelog/2025-09-19-deprecation-of-node-20-on-github-actions-runners/
2026-09-23T08:44:59.6041819Z Post job cleanup.
2026-09-23T08:44:59.6734594Z [command]/usr/bin/git version
2026-09-23T08:44:59.6771565Z git version 2.55.0
2026-09-23T08:44:59.6801339Z Temporarily overriding HOME='/home/runner/work/_temp/2e28a82c-fb21-4dc8-97ed-58f520057964' before making global git config changes
2026-09-23T08:44:59.6802478Z Adding repository directory to the temporary git global config as a safe directory
2026-09-23T08:44:59.6805225Z [command]/usr/bin/git config --global --add safe.directory /home/runner/work/log-generation/log-generation
2026-09-23T08:44:59.6836998Z [command]/usr/bin/git config --local --name-only --get-regexp core\.sshCommand
2026-09-23T08:44:59.6866409Z [command]/usr/bin/git submodule foreach --recursive sh -c "git config --local --name-only --get-regexp 'core\.sshCommand' && git config --local --unset-all 'core.sshCommand' || :"
2026-09-23T08:44:59.7073073Z [command]/usr/bin/git config --local --name-only --get-regexp http\.https\:\/\/github\.com\/\.extraheader
2026-09-23T08:44:59.7100157Z http.https://github.com/.extraheader
2026-09-23T08:44:59.7109737Z [command]/usr/bin/git config --local --unset-all http.https://github.com/.extraheader
2026-09-23T08:44:59.7140503Z [command]/usr/bin/git submodule foreach --recursive sh -c "git config --local --name-only --get-regexp 'http\.https\:\/\/github\.com\/\.extraheader' && git config --local --unset-all 'http.https://github.com/.extraheader' || :"
2026-09-23T08:44:59.7348958Z [command]/usr/bin/git config --local --name-only --get-regexp ^includeIf\.gitdir:
2026-09-23T08:44:59.7386330Z [command]/usr/bin/git submodule foreach --recursive git config --local --show-origin --name-only --get-regexp remote.origin.url
2026-09-23T08:44:59.7730665Z Cleaning up orphan processes
2026-09-23T08:44:59.7973054Z ##[warning]Node.js 20 is deprecated. The following actions target Node.js 20 but are being forced to run on Node.js 24: actions/checkout@v4, actions/setup-python@v5. For more information see: https://github.blog/changelog/2025-09-19-deprecation-of-node-20-on-github-actions-runners/
