ï»¿2026-09-23T08:48:32.0551997Z Current runner version: '2.337.0'
2026-09-23T08:48:32.0578116Z ##[group]Runner Image Provisioner
2026-09-23T08:48:32.0579364Z Hosted Compute Agent
2026-09-23T08:48:32.0580160Z Version: 20260828.587
2026-09-23T08:48:32.0580883Z Commit: abac92662cab4cc7352de4f9f9d2e2419aad9c29
2026-09-23T08:48:32.0581699Z Build Date: 2026-08-28T16:44:25Z
2026-09-23T08:48:32.0582884Z Worker ID: {2dbd6e9a-039a-448c-a72c-46c8ce76a54b}
2026-09-23T08:48:32.0584026Z Azure Region: eastus2
2026-09-23T08:48:32.0585245Z ##[endgroup]
2026-09-23T08:48:32.0587559Z ##[group]Operating System
2026-09-23T08:48:32.0589189Z Ubuntu
2026-09-23T08:48:32.0590161Z 24.04.5
2026-09-23T08:48:32.0591435Z LTS
2026-09-23T08:48:32.0592428Z ##[endgroup]
2026-09-23T08:48:32.0593358Z ##[group]Runner Image
2026-09-23T08:48:32.0594469Z Image: ubuntu-24.04
2026-09-23T08:48:32.0595457Z Version: 20260920.314.1
2026-09-23T08:48:32.0597641Z Included Software: https://github.com/actions/runner-images/blob/ubuntu24/20260920.314/images/ubuntu/Ubuntu2404-Readme.md
2026-09-23T08:48:32.0601455Z Image Release: https://github.com/actions/runner-images/releases/tag/ubuntu24%2F20260920.314
2026-09-23T08:48:32.0603295Z ##[endgroup]
2026-09-23T08:48:32.0605406Z ##[group]GITHUB_TOKEN Permissions
2026-09-23T08:48:32.0608787Z Contents: read
2026-09-23T08:48:32.0609792Z Metadata: read
2026-09-23T08:48:32.0610701Z Packages: read
2026-09-23T08:48:32.0611863Z ##[endgroup]
2026-09-23T08:48:32.0615194Z Secret source: Actions
2026-09-23T08:48:32.0616915Z Cache mode: write
2026-09-23T08:48:32.0618120Z Prepare workflow directory
2026-09-23T08:48:32.1091869Z Prepare all required actions
2026-09-23T08:48:32.1161995Z Getting action download info
2026-09-23T08:48:32.3562147Z Download action repository 'actions/checkout@v4' (SHA:11d5960a326750d5838078e36cf38b85af677262)
2026-09-23T08:48:32.4819432Z Download action repository 'actions/setup-python@v5' (SHA:a26af69be951a213d495a4c3e4e4022e16d87065)
2026-09-23T08:48:32.6696099Z Complete job name: test-f3 (AssertionError #44)
2026-09-23T08:48:32.7465583Z Node 20 is being deprecated. This workflow is running with Node 24 by default. If you need to temporarily use Node 20, you can set the ACTIONS_ALLOW_USE_UNSECURE_NODE_VERSION=true environment variable. For more information see: https://github.blog/changelog/2025-09-19-deprecation-of-node-20-on-github-actions-runners/
2026-09-23T08:48:32.7474454Z ##[group]Run actions/checkout@v4
2026-09-23T08:48:32.7475593Z with:
2026-09-23T08:48:32.7476034Z   fetch-depth: 1
2026-09-23T08:48:32.7476522Z   repository: DhruvHegde/log-generation
2026-09-23T08:48:32.7480501Z   token: ***
2026-09-23T08:48:32.7480948Z   ssh-strict: true
2026-09-23T08:48:32.7481395Z   ssh-user: git
2026-09-23T08:48:32.7481848Z   persist-credentials: true
2026-09-23T08:48:32.7482348Z   clean: true
2026-09-23T08:48:32.7482795Z   sparse-checkout-cone-mode: true
2026-09-23T08:48:32.7483316Z   fetch-tags: false
2026-09-23T08:48:32.7483760Z   show-progress: true
2026-09-23T08:48:32.7484207Z   lfs: false
2026-09-23T08:48:32.7484669Z   submodules: false
2026-09-23T08:48:32.7485138Z   set-safe-directory: true
2026-09-23T08:48:32.7485640Z   allow-unsafe-pr-checkout: false
2026-09-23T08:48:32.7486434Z ##[endgroup]
2026-09-23T08:48:32.8492085Z Syncing repository: DhruvHegde/log-generation
2026-09-23T08:48:32.8494151Z ##[group]Getting Git version info
2026-09-23T08:48:32.8494994Z Working directory is '/home/runner/work/log-generation/log-generation'
2026-09-23T08:48:32.8496192Z [command]/usr/bin/git version
2026-09-23T08:48:32.8569453Z git version 2.55.0
2026-09-23T08:48:32.8602482Z ##[endgroup]
2026-09-23T08:48:32.8612760Z Temporarily overriding HOME='/home/runner/work/_temp/e7534eae-be40-4a57-8c85-014da9e90547' before making global git config changes
2026-09-23T08:48:32.8615734Z Adding repository directory to the temporary git global config as a safe directory
2026-09-23T08:48:32.8618729Z [command]/usr/bin/git config --global --add safe.directory /home/runner/work/log-generation/log-generation
2026-09-23T08:48:32.8680933Z Deleting the contents of '/home/runner/work/log-generation/log-generation'
2026-09-23T08:48:32.8689786Z ##[group]Initializing the repository
2026-09-23T08:48:32.8697652Z [command]/usr/bin/git init /home/runner/work/log-generation/log-generation
2026-09-23T08:48:32.8816438Z hint: Using 'master' as the name for the initial branch. This default branch name
2026-09-23T08:48:32.8818647Z hint: will change to "main" in Git 3.0. To configure the initial branch name
2026-09-23T08:48:32.8820325Z hint: to use in all of your new repositories, which will suppress this warning,
2026-09-23T08:48:32.8821621Z hint: call:
2026-09-23T08:48:32.8822321Z hint:
2026-09-23T08:48:32.8823233Z hint: 	git config --global init.defaultBranch <name>
2026-09-23T08:48:32.8824314Z hint:
2026-09-23T08:48:32.8825363Z hint: Names commonly chosen instead of 'master' are 'main', 'trunk' and
2026-09-23T08:48:32.8826959Z hint: 'development'. The just-created branch can be renamed via this command:
2026-09-23T08:48:32.8828172Z hint:
2026-09-23T08:48:32.8829138Z hint: 	git branch -m <name>
2026-09-23T08:48:32.8829918Z hint:
2026-09-23T08:48:32.8830935Z hint: Disable this message with "git config set advice.defaultBranchName false"
2026-09-23T08:48:32.8832733Z Initialized empty Git repository in /home/runner/work/log-generation/log-generation/.git/
2026-09-23T08:48:32.8835679Z [command]/usr/bin/git remote add origin https://github.com/DhruvHegde/log-generation
2026-09-23T08:48:32.8887804Z ##[endgroup]
2026-09-23T08:48:32.8889546Z ##[group]Disabling automatic garbage collection
2026-09-23T08:48:32.8892889Z [command]/usr/bin/git config --local gc.auto 0
2026-09-23T08:48:32.8928063Z ##[endgroup]
2026-09-23T08:48:32.8929811Z ##[group]Setting up auth
2026-09-23T08:48:32.8936136Z [command]/usr/bin/git config --local --name-only --get-regexp core\.sshCommand
2026-09-23T08:48:32.8979687Z [command]/usr/bin/git submodule foreach --recursive sh -c "git config --local --name-only --get-regexp 'core\.sshCommand' && git config --local --unset-all 'core.sshCommand' || :"
2026-09-23T08:48:32.9394112Z [command]/usr/bin/git config --local --name-only --get-regexp http\.https\:\/\/github\.com\/\.extraheader
2026-09-23T08:48:32.9430928Z [command]/usr/bin/git submodule foreach --recursive sh -c "git config --local --name-only --get-regexp 'http\.https\:\/\/github\.com\/\.extraheader' && git config --local --unset-all 'http.https://github.com/.extraheader' || :"
2026-09-23T08:48:32.9659857Z [command]/usr/bin/git config --local --name-only --get-regexp ^includeIf\.gitdir:
2026-09-23T08:48:32.9696824Z [command]/usr/bin/git submodule foreach --recursive git config --local --show-origin --name-only --get-regexp remote.origin.url
2026-09-23T08:48:32.9922158Z [command]/usr/bin/git config --local http.https://github.com/.extraheader AUTHORIZATION: basic ***
2026-09-23T08:48:32.9963167Z ##[endgroup]
2026-09-23T08:48:32.9972719Z ##[group]Fetching the repository
2026-09-23T08:48:32.9974496Z [command]/usr/bin/git -c protocol.version=2 fetch --no-tags --prune --no-recurse-submodules --depth=1 origin +43f20917de93b9aad51cf79a69ad5239c5632917:refs/remotes/origin/feature/f3-test-failures
2026-09-23T08:48:33.3127381Z From https://github.com/DhruvHegde/log-generation
2026-09-23T08:48:33.3129772Z  * [new ref]         43f20917de93b9aad51cf79a69ad5239c5632917 -> origin/feature/f3-test-failures
2026-09-23T08:48:33.3133792Z ##[endgroup]
2026-09-23T08:48:33.3135481Z ##[group]Determining the checkout info
2026-09-23T08:48:33.3137419Z ##[endgroup]
2026-09-23T08:48:33.3144014Z [command]/usr/bin/git sparse-checkout disable
2026-09-23T08:48:33.3201091Z [command]/usr/bin/git config --local --unset-all extensions.worktreeConfig
2026-09-23T08:48:33.3234781Z ##[group]Checking out the ref
2026-09-23T08:48:33.3242062Z [command]/usr/bin/git checkout --progress --force -B feature/f3-test-failures refs/remotes/origin/feature/f3-test-failures
2026-09-23T08:48:33.3645800Z Switched to a new branch 'feature/f3-test-failures'
2026-09-23T08:48:33.3651734Z branch 'feature/f3-test-failures' set up to track 'origin/feature/f3-test-failures'.
2026-09-23T08:48:33.3658760Z ##[endgroup]
2026-09-23T08:48:33.3705874Z [command]/usr/bin/git log -1 --format=%H
2026-09-23T08:48:33.3732693Z 43f20917de93b9aad51cf79a69ad5239c5632917
2026-09-23T08:48:33.4026828Z Node 20 is being deprecated. This workflow is running with Node 24 by default. If you need to temporarily use Node 20, you can set the ACTIONS_ALLOW_USE_UNSECURE_NODE_VERSION=true environment variable. For more information see: https://github.blog/changelog/2025-09-19-deprecation-of-node-20-on-github-actions-runners/
2026-09-23T08:48:33.4029988Z ##[group]Run actions/setup-python@v5
2026-09-23T08:48:33.4030597Z with:
2026-09-23T08:48:33.4031084Z   python-version: 3.11
2026-09-23T08:48:33.4031649Z   check-latest: false
2026-09-23T08:48:33.4035613Z   token: ***
2026-09-23T08:48:33.4036109Z   update-environment: true
2026-09-23T08:48:33.4036667Z   allow-prereleases: false
2026-09-23T08:48:33.4037206Z   freethreaded: false
2026-09-23T08:48:33.4037717Z ##[endgroup]
2026-09-23T08:48:33.5372958Z ##[group]Installed versions
2026-09-23T08:48:33.5481298Z (node:2223) [DEP0040] DeprecationWarning: The `punycode` module is deprecated. Please use a userland alternative instead.
2026-09-23T08:48:33.5483602Z (Use `node --trace-deprecation ...` to show where the warning was created)
2026-09-23T08:48:33.5485240Z Successfully set up CPython (3.11.16)
2026-09-23T08:48:33.5486774Z ##[endgroup]
2026-09-23T08:48:33.5682059Z ##[group]Run pip install --no-cache-dir pytest
2026-09-23T08:48:33.5683283Z [36;1mpip install --no-cache-dir pytest[0m
2026-09-23T08:48:33.6139942Z shell: /usr/bin/bash -e {0}
2026-09-23T08:48:33.6140799Z env:
2026-09-23T08:48:33.6141615Z   pythonLocation: /opt/hostedtoolcache/Python/3.11.16/x64
2026-09-23T08:48:33.6143243Z   PKG_CONFIG_PATH: /opt/hostedtoolcache/Python/3.11.16/x64/lib/pkgconfig
2026-09-23T08:48:33.6144869Z   Python_ROOT_DIR: /opt/hostedtoolcache/Python/3.11.16/x64
2026-09-23T08:48:33.6146290Z   Python2_ROOT_DIR: /opt/hostedtoolcache/Python/3.11.16/x64
2026-09-23T08:48:33.6147722Z   Python3_ROOT_DIR: /opt/hostedtoolcache/Python/3.11.16/x64
2026-09-23T08:48:33.6214704Z   LD_LIBRARY_PATH: /opt/hostedtoolcache/Python/3.11.16/x64/lib
2026-09-23T08:48:33.6216649Z ##[endgroup]
2026-09-23T08:48:34.5830679Z Collecting pytest
2026-09-23T08:48:34.6468776Z   Downloading pytest-9.1.1-py3-none-any.whl.metadata (7.6 kB)
2026-09-23T08:48:34.6596044Z Collecting iniconfig>=1.0.1 (from pytest)
2026-09-23T08:48:34.6672396Z   Downloading iniconfig-2.3.0-py3-none-any.whl.metadata (2.5 kB)
2026-09-23T08:48:34.6827400Z Collecting packaging>=22 (from pytest)
2026-09-23T08:48:34.6900392Z   Downloading packaging-26.3-py3-none-any.whl.metadata (3.5 kB)
2026-09-23T08:48:34.7020897Z Collecting pluggy<2,>=1.5 (from pytest)
2026-09-23T08:48:34.7096964Z   Downloading pluggy-1.6.0-py3-none-any.whl.metadata (4.8 kB)
2026-09-23T08:48:34.7286064Z Collecting pygments>=2.7.2 (from pytest)
2026-09-23T08:48:34.7358233Z   Downloading pygments-2.21.0-py3-none-any.whl.metadata (2.5 kB)
2026-09-23T08:48:34.7456136Z Downloading pytest-9.1.1-py3-none-any.whl (386 kB)
2026-09-23T08:48:34.7771721Z Downloading pluggy-1.6.0-py3-none-any.whl (20 kB)
2026-09-23T08:48:34.7848803Z Downloading iniconfig-2.3.0-py3-none-any.whl (7.5 kB)
2026-09-23T08:48:34.7920642Z Downloading packaging-26.3-py3-none-any.whl (129 kB)
2026-09-23T08:48:34.8012162Z Downloading pygments-2.21.0-py3-none-any.whl (1.3 MB)
2026-09-23T08:48:34.8361100Z    ââââââââââââââââââââââââââââââââââââââââ 1.3/1.3 MB 38.2 MB/s  0:00:00
2026-09-23T08:48:34.9142866Z Installing collected packages: pygments, pluggy, packaging, iniconfig, pytest
2026-09-23T08:48:35.8689391Z 
2026-09-23T08:48:35.8697592Z Successfully installed iniconfig-2.3.0 packaging-26.3 pluggy-1.6.0 pygments-2.21.0 pytest-9.1.1
2026-09-23T08:48:35.9232033Z ##[group]Run python automation/inject_mutation.py --error-type "AssertionError"
2026-09-23T08:48:35.9232706Z [36;1mpython automation/inject_mutation.py --error-type "AssertionError"[0m
2026-09-23T08:48:35.9298102Z shell: /usr/bin/bash -e {0}
2026-09-23T08:48:35.9298377Z env:
2026-09-23T08:48:35.9299239Z   pythonLocation: /opt/hostedtoolcache/Python/3.11.16/x64
2026-09-23T08:48:35.9299706Z   PKG_CONFIG_PATH: /opt/hostedtoolcache/Python/3.11.16/x64/lib/pkgconfig
2026-09-23T08:48:35.9300148Z   Python_ROOT_DIR: /opt/hostedtoolcache/Python/3.11.16/x64
2026-09-23T08:48:35.9300540Z   Python2_ROOT_DIR: /opt/hostedtoolcache/Python/3.11.16/x64
2026-09-23T08:48:35.9300943Z   Python3_ROOT_DIR: /opt/hostedtoolcache/Python/3.11.16/x64
2026-09-23T08:48:35.9301348Z   LD_LIBRARY_PATH: /opt/hostedtoolcache/Python/3.11.16/x64/lib
2026-09-23T08:48:35.9301692Z ##[endgroup]
2026-09-23T08:48:35.9621263Z [Mutation Injected] Successfully injected AssertionError into tests/test_app.py
2026-09-23T08:48:35.9694054Z ##[group]Run pytest tests/test_app.py -v
2026-09-23T08:48:35.9694422Z [36;1mpytest tests/test_app.py -v[0m
2026-09-23T08:48:35.9758793Z shell: /usr/bin/bash -e {0}
2026-09-23T08:48:35.9759064Z env:
2026-09-23T08:48:35.9759347Z   pythonLocation: /opt/hostedtoolcache/Python/3.11.16/x64
2026-09-23T08:48:35.9759824Z   PKG_CONFIG_PATH: /opt/hostedtoolcache/Python/3.11.16/x64/lib/pkgconfig
2026-09-23T08:48:35.9760304Z   Python_ROOT_DIR: /opt/hostedtoolcache/Python/3.11.16/x64
2026-09-23T08:48:35.9760724Z   Python2_ROOT_DIR: /opt/hostedtoolcache/Python/3.11.16/x64
2026-09-23T08:48:35.9761139Z   Python3_ROOT_DIR: /opt/hostedtoolcache/Python/3.11.16/x64
2026-09-23T08:48:35.9761567Z   LD_LIBRARY_PATH: /opt/hostedtoolcache/Python/3.11.16/x64/lib
2026-09-23T08:48:35.9761923Z ##[endgroup]
2026-09-23T08:48:36.3742594Z ============================= test session starts ==============================
2026-09-23T08:48:36.3744184Z platform linux -- Python 3.11.16, pytest-9.1.1, pluggy-1.6.0 -- /opt/hostedtoolcache/Python/3.11.16/x64/bin/python
2026-09-23T08:48:36.3745383Z cachedir: .pytest_cache
2026-09-23T08:48:36.3746062Z rootdir: /home/runner/work/log-generation/log-generation
2026-09-23T08:48:36.3746906Z configfile: pytest.ini
2026-09-23T08:48:36.3836060Z collecting ... collected 6 items
2026-09-23T08:48:36.3836593Z 
2026-09-23T08:48:36.3846153Z tests/test_app.py::test_calculate_division PASSED                        [ 16%]
2026-09-23T08:48:36.3853716Z tests/test_app.py::test_convert_to_int PASSED                            [ 33%]
2026-09-23T08:48:36.3861382Z tests/test_app.py::test_get_list_item PASSED                             [ 50%]
2026-09-23T08:48:36.3868504Z tests/test_app.py::test_get_dict_value PASSED                            [ 66%]
2026-09-23T08:48:36.3875528Z tests/test_app.py::test_assert_positive PASSED                           [ 83%]
2026-09-23T08:48:36.4117082Z tests/test_app.py::test_assertion_failure FAILED                         [100%]
2026-09-23T08:48:36.4117769Z 
2026-09-23T08:48:36.4118059Z =================================== FAILURES ===================================
2026-09-23T08:48:36.4121285Z ____________________________ test_assertion_failure ____________________________
2026-09-23T08:48:36.4121840Z 
2026-09-23T08:48:36.4122041Z     def test_assertion_failure():
2026-09-23T08:48:36.4122569Z         """Injected synthetic AssertionError."""
2026-09-23T08:48:36.4123151Z         expected_status = 200
2026-09-23T08:48:36.4123611Z         actual_status = 500
2026-09-23T08:48:36.4124819Z >       assert actual_status == expected_status, f"Expected {expected_status}, received {actual_status}"
2026-09-23T08:48:36.4125800Z E       AssertionError: Expected 200, received 500
2026-09-23T08:48:36.4126371Z E       assert 500 == 200
2026-09-23T08:48:36.4126655Z 
2026-09-23T08:48:36.4126853Z tests/test_app.py:140: AssertionError
2026-09-23T08:48:36.4127506Z =========================== short test summary info ============================
2026-09-23T08:48:36.4128755Z FAILED tests/test_app.py::test_assertion_failure - AssertionError: Expected 200, received 500
2026-09-23T08:48:36.4129650Z assert 500 == 200
2026-09-23T08:48:36.4130169Z ========================= 1 failed, 5 passed in 0.03s ==========================
2026-09-23T08:48:36.4303575Z ##[error]Process completed with exit code 1.
2026-09-23T08:48:36.4450647Z Node 20 is being deprecated. This workflow is running with Node 24 by default. If you need to temporarily use Node 20, you can set the ACTIONS_ALLOW_USE_UNSECURE_NODE_VERSION=true environment variable. For more information see: https://github.blog/changelog/2025-09-19-deprecation-of-node-20-on-github-actions-runners/
2026-09-23T08:48:36.4452107Z Post job cleanup.
2026-09-23T08:48:36.5309318Z [command]/usr/bin/git version
2026-09-23T08:48:36.5351280Z git version 2.55.0
2026-09-23T08:48:36.5389645Z Temporarily overriding HOME='/home/runner/work/_temp/687ef828-1a90-48f7-9abc-fdeb348276f5' before making global git config changes
2026-09-23T08:48:36.5391273Z Adding repository directory to the temporary git global config as a safe directory
2026-09-23T08:48:36.5394680Z [command]/usr/bin/git config --global --add safe.directory /home/runner/work/log-generation/log-generation
2026-09-23T08:48:36.5434310Z [command]/usr/bin/git config --local --name-only --get-regexp core\.sshCommand
2026-09-23T08:48:36.5471449Z [command]/usr/bin/git submodule foreach --recursive sh -c "git config --local --name-only --get-regexp 'core\.sshCommand' && git config --local --unset-all 'core.sshCommand' || :"
2026-09-23T08:48:36.5719126Z [command]/usr/bin/git config --local --name-only --get-regexp http\.https\:\/\/github\.com\/\.extraheader
2026-09-23T08:48:36.5746567Z http.https://github.com/.extraheader
2026-09-23T08:48:36.5759706Z [command]/usr/bin/git config --local --unset-all http.https://github.com/.extraheader
2026-09-23T08:48:36.5795620Z [command]/usr/bin/git submodule foreach --recursive sh -c "git config --local --name-only --get-regexp 'http\.https\:\/\/github\.com\/\.extraheader' && git config --local --unset-all 'http.https://github.com/.extraheader' || :"
2026-09-23T08:48:36.6054881Z [command]/usr/bin/git config --local --name-only --get-regexp ^includeIf\.gitdir:
2026-09-23T08:48:36.6094525Z [command]/usr/bin/git submodule foreach --recursive git config --local --show-origin --name-only --get-regexp remote.origin.url
2026-09-23T08:48:36.6504642Z Cleaning up orphan processes
2026-09-23T08:48:36.6774946Z ##[warning]Node.js 20 is deprecated. The following actions target Node.js 20 but are being forced to run on Node.js 24: actions/checkout@v4, actions/setup-python@v5. For more information see: https://github.blog/changelog/2025-09-19-deprecation-of-node-20-on-github-actions-runners/
