ï»¿2026-09-23T08:48:14.9253520Z Current runner version: '2.337.0'
2026-09-23T08:48:14.9277635Z ##[group]Runner Image Provisioner
2026-09-23T08:48:14.9278467Z Hosted Compute Agent
2026-09-23T08:48:14.9279127Z Version: 20260828.587
2026-09-23T08:48:14.9279786Z Commit: abac92662cab4cc7352de4f9f9d2e2419aad9c29
2026-09-23T08:48:14.9280530Z Build Date: 2026-08-28T16:44:25Z
2026-09-23T08:48:14.9281558Z Worker ID: {2b66c103-f772-4594-a423-1ab85dc6de83}
2026-09-23T08:48:14.9282309Z Azure Region: northcentralus
2026-09-23T08:48:14.9282916Z ##[endgroup]
2026-09-23T08:48:14.9284460Z ##[group]Operating System
2026-09-23T08:48:14.9285103Z Ubuntu
2026-09-23T08:48:14.9285744Z 24.04.5
2026-09-23T08:48:14.9286274Z LTS
2026-09-23T08:48:14.9286773Z ##[endgroup]
2026-09-23T08:48:14.9287783Z ##[group]Runner Image
2026-09-23T08:48:14.9288394Z Image: ubuntu-24.04
2026-09-23T08:48:14.9289023Z Version: 20260907.300.1
2026-09-23T08:48:14.9290300Z Included Software: https://github.com/actions/runner-images/blob/ubuntu24/20260907.300/images/ubuntu/Ubuntu2404-Readme.md
2026-09-23T08:48:14.9292156Z Image Release: https://github.com/actions/runner-images/releases/tag/ubuntu24%2F20260907.300
2026-09-23T08:48:14.9293147Z ##[endgroup]
2026-09-23T08:48:14.9294432Z ##[group]GITHUB_TOKEN Permissions
2026-09-23T08:48:14.9296526Z Contents: read
2026-09-23T08:48:14.9297195Z Metadata: read
2026-09-23T08:48:14.9297820Z Packages: read
2026-09-23T08:48:14.9298397Z ##[endgroup]
2026-09-23T08:48:14.9300445Z Secret source: Actions
2026-09-23T08:48:14.9301787Z Cache mode: write
2026-09-23T08:48:14.9302808Z Prepare workflow directory
2026-09-23T08:48:14.9642085Z Prepare all required actions
2026-09-23T08:48:14.9689963Z Getting action download info
2026-09-23T08:48:15.2645462Z Download action repository 'actions/checkout@v4' (SHA:11d5960a326750d5838078e36cf38b85af677262)
2026-09-23T08:48:15.3776152Z Download action repository 'actions/setup-python@v5' (SHA:a26af69be951a213d495a4c3e4e4022e16d87065)
2026-09-23T08:48:15.5617980Z Complete job name: test-f3 (TypeError #7)
2026-09-23T08:48:15.6372722Z Node 20 is being deprecated. This workflow is running with Node 24 by default. If you need to temporarily use Node 20, you can set the ACTIONS_ALLOW_USE_UNSECURE_NODE_VERSION=true environment variable. For more information see: https://github.blog/changelog/2025-09-19-deprecation-of-node-20-on-github-actions-runners/
2026-09-23T08:48:15.6381710Z ##[group]Run actions/checkout@v4
2026-09-23T08:48:15.6382576Z with:
2026-09-23T08:48:15.6383026Z   fetch-depth: 1
2026-09-23T08:48:15.6383520Z   repository: DhruvHegde/log-generation
2026-09-23T08:48:15.6387600Z   token: ***
2026-09-23T08:48:15.6388043Z   ssh-strict: true
2026-09-23T08:48:15.6388485Z   ssh-user: git
2026-09-23T08:48:15.6388944Z   persist-credentials: true
2026-09-23T08:48:15.6389435Z   clean: true
2026-09-23T08:48:15.6389889Z   sparse-checkout-cone-mode: true
2026-09-23T08:48:15.6390423Z   fetch-tags: false
2026-09-23T08:48:15.6391060Z   show-progress: true
2026-09-23T08:48:15.6391564Z   lfs: false
2026-09-23T08:48:15.6392020Z   submodules: false
2026-09-23T08:48:15.6392492Z   set-safe-directory: true
2026-09-23T08:48:15.6393011Z   allow-unsafe-pr-checkout: false
2026-09-23T08:48:15.6393837Z ##[endgroup]
2026-09-23T08:48:15.7396977Z Syncing repository: DhruvHegde/log-generation
2026-09-23T08:48:15.7399113Z ##[group]Getting Git version info
2026-09-23T08:48:15.7399944Z Working directory is '/home/runner/work/log-generation/log-generation'
2026-09-23T08:48:15.7401273Z [command]/usr/bin/git version
2026-09-23T08:48:15.7529176Z git version 2.55.0
2026-09-23T08:48:15.7557891Z ##[endgroup]
2026-09-23T08:48:15.7573576Z Temporarily overriding HOME='/home/runner/work/_temp/f7cd95f5-9184-423d-9a7f-d70a6ecd9ac7' before making global git config changes
2026-09-23T08:48:15.7575982Z Adding repository directory to the temporary git global config as a safe directory
2026-09-23T08:48:15.7579019Z [command]/usr/bin/git config --global --add safe.directory /home/runner/work/log-generation/log-generation
2026-09-23T08:48:15.7634363Z Deleting the contents of '/home/runner/work/log-generation/log-generation'
2026-09-23T08:48:15.7640472Z ##[group]Initializing the repository
2026-09-23T08:48:15.7644619Z [command]/usr/bin/git init /home/runner/work/log-generation/log-generation
2026-09-23T08:48:15.7771841Z hint: Using 'master' as the name for the initial branch. This default branch name
2026-09-23T08:48:15.7773837Z hint: will change to "main" in Git 3.0. To configure the initial branch name
2026-09-23T08:48:15.7775727Z hint: to use in all of your new repositories, which will suppress this warning,
2026-09-23T08:48:15.7777212Z hint: call:
2026-09-23T08:48:15.7778097Z hint:
2026-09-23T08:48:15.7779184Z hint: 	git config --global init.defaultBranch <name>
2026-09-23T08:48:15.7780410Z hint:
2026-09-23T08:48:15.7781791Z hint: Names commonly chosen instead of 'master' are 'main', 'trunk' and
2026-09-23T08:48:15.7783542Z hint: 'development'. The just-created branch can be renamed via this command:
2026-09-23T08:48:15.7784957Z hint:
2026-09-23T08:48:15.7785898Z hint: 	git branch -m <name>
2026-09-23T08:48:15.7788006Z hint:
2026-09-23T08:48:15.7789263Z hint: Disable this message with "git config set advice.defaultBranchName false"
2026-09-23T08:48:15.7791433Z Initialized empty Git repository in /home/runner/work/log-generation/log-generation/.git/
2026-09-23T08:48:15.7794295Z [command]/usr/bin/git remote add origin https://github.com/DhruvHegde/log-generation
2026-09-23T08:48:15.7841178Z ##[endgroup]
2026-09-23T08:48:15.7842727Z ##[group]Disabling automatic garbage collection
2026-09-23T08:48:15.7845386Z [command]/usr/bin/git config --local gc.auto 0
2026-09-23T08:48:15.7880316Z ##[endgroup]
2026-09-23T08:48:15.7882271Z ##[group]Setting up auth
2026-09-23T08:48:15.7888955Z [command]/usr/bin/git config --local --name-only --get-regexp core\.sshCommand
2026-09-23T08:48:15.7922695Z [command]/usr/bin/git submodule foreach --recursive sh -c "git config --local --name-only --get-regexp 'core\.sshCommand' && git config --local --unset-all 'core.sshCommand' || :"
2026-09-23T08:48:15.8391182Z [command]/usr/bin/git config --local --name-only --get-regexp http\.https\:\/\/github\.com\/\.extraheader
2026-09-23T08:48:15.8431442Z [command]/usr/bin/git submodule foreach --recursive sh -c "git config --local --name-only --get-regexp 'http\.https\:\/\/github\.com\/\.extraheader' && git config --local --unset-all 'http.https://github.com/.extraheader' || :"
2026-09-23T08:48:15.8672248Z [command]/usr/bin/git config --local --name-only --get-regexp ^includeIf\.gitdir:
2026-09-23T08:48:15.8709784Z [command]/usr/bin/git submodule foreach --recursive git config --local --show-origin --name-only --get-regexp remote.origin.url
2026-09-23T08:48:15.8943338Z [command]/usr/bin/git config --local http.https://github.com/.extraheader AUTHORIZATION: basic ***
2026-09-23T08:48:15.8991572Z ##[endgroup]
2026-09-23T08:48:15.8993021Z ##[group]Fetching the repository
2026-09-23T08:48:15.9003928Z [command]/usr/bin/git -c protocol.version=2 fetch --no-tags --prune --no-recurse-submodules --depth=1 origin +43f20917de93b9aad51cf79a69ad5239c5632917:refs/remotes/origin/feature/f3-test-failures
2026-09-23T08:48:16.3515304Z From https://github.com/DhruvHegde/log-generation
2026-09-23T08:48:16.3518058Z  * [new ref]         43f20917de93b9aad51cf79a69ad5239c5632917 -> origin/feature/f3-test-failures
2026-09-23T08:48:16.3523607Z ##[endgroup]
2026-09-23T08:48:16.3525759Z ##[group]Determining the checkout info
2026-09-23T08:48:16.3528180Z ##[endgroup]
2026-09-23T08:48:16.3534270Z [command]/usr/bin/git sparse-checkout disable
2026-09-23T08:48:16.3593034Z [command]/usr/bin/git config --local --unset-all extensions.worktreeConfig
2026-09-23T08:48:16.3628887Z ##[group]Checking out the ref
2026-09-23T08:48:16.3635742Z [command]/usr/bin/git checkout --progress --force -B feature/f3-test-failures refs/remotes/origin/feature/f3-test-failures
2026-09-23T08:48:16.4037728Z Switched to a new branch 'feature/f3-test-failures'
2026-09-23T08:48:16.4043987Z branch 'feature/f3-test-failures' set up to track 'origin/feature/f3-test-failures'.
2026-09-23T08:48:16.4051803Z ##[endgroup]
2026-09-23T08:48:16.4097289Z [command]/usr/bin/git log -1 --format=%H
2026-09-23T08:48:16.4124882Z 43f20917de93b9aad51cf79a69ad5239c5632917
2026-09-23T08:48:16.4482372Z Node 20 is being deprecated. This workflow is running with Node 24 by default. If you need to temporarily use Node 20, you can set the ACTIONS_ALLOW_USE_UNSECURE_NODE_VERSION=true environment variable. For more information see: https://github.blog/changelog/2025-09-19-deprecation-of-node-20-on-github-actions-runners/
2026-09-23T08:48:16.4487494Z ##[group]Run actions/setup-python@v5
2026-09-23T08:48:16.4488675Z with:
2026-09-23T08:48:16.4489612Z   python-version: 3.11
2026-09-23T08:48:16.4490678Z   check-latest: false
2026-09-23T08:48:16.4500697Z   token: ***
2026-09-23T08:48:16.4501881Z   update-environment: true
2026-09-23T08:48:16.4503025Z   allow-prereleases: false
2026-09-23T08:48:16.4504141Z   freethreaded: false
2026-09-23T08:48:16.4505158Z ##[endgroup]
2026-09-23T08:48:16.5837929Z ##[group]Installed versions
2026-09-23T08:48:16.5965917Z (node:2232) [DEP0040] DeprecationWarning: The `punycode` module is deprecated. Please use a userland alternative instead.
2026-09-23T08:48:16.5971054Z (Use `node --trace-deprecation ...` to show where the warning was created)
2026-09-23T08:48:16.5974988Z Successfully set up CPython (3.11.16)
2026-09-23T08:48:16.5978360Z ##[endgroup]
2026-09-23T08:48:16.6175408Z ##[group]Run pip install --no-cache-dir pytest
2026-09-23T08:48:16.6176968Z [36;1mpip install --no-cache-dir pytest[0m
2026-09-23T08:48:16.6238474Z shell: /usr/bin/bash -e {0}
2026-09-23T08:48:16.6239601Z env:
2026-09-23T08:48:16.6240722Z   pythonLocation: /opt/hostedtoolcache/Python/3.11.16/x64
2026-09-23T08:48:16.6242694Z   PKG_CONFIG_PATH: /opt/hostedtoolcache/Python/3.11.16/x64/lib/pkgconfig
2026-09-23T08:48:16.6332652Z   Python_ROOT_DIR: /opt/hostedtoolcache/Python/3.11.16/x64
2026-09-23T08:48:16.6335531Z   Python2_ROOT_DIR: /opt/hostedtoolcache/Python/3.11.16/x64
2026-09-23T08:48:16.6337851Z   Python3_ROOT_DIR: /opt/hostedtoolcache/Python/3.11.16/x64
2026-09-23T08:48:16.6340490Z   LD_LIBRARY_PATH: /opt/hostedtoolcache/Python/3.11.16/x64/lib
2026-09-23T08:48:16.6343033Z ##[endgroup]
2026-09-23T08:48:17.5580700Z Collecting pytest
2026-09-23T08:48:17.6056703Z   Downloading pytest-9.1.1-py3-none-any.whl.metadata (7.6 kB)
2026-09-23T08:48:17.6139481Z Collecting iniconfig>=1.0.1 (from pytest)
2026-09-23T08:48:17.6173951Z   Downloading iniconfig-2.3.0-py3-none-any.whl.metadata (2.5 kB)
2026-09-23T08:48:17.6282842Z Collecting packaging>=22 (from pytest)
2026-09-23T08:48:17.6321995Z   Downloading packaging-26.3-py3-none-any.whl.metadata (3.5 kB)
2026-09-23T08:48:17.6415058Z Collecting pluggy<2,>=1.5 (from pytest)
2026-09-23T08:48:17.6448286Z   Downloading pluggy-1.6.0-py3-none-any.whl.metadata (4.8 kB)
2026-09-23T08:48:17.6587004Z Collecting pygments>=2.7.2 (from pytest)
2026-09-23T08:48:17.6620345Z   Downloading pygments-2.21.0-py3-none-any.whl.metadata (2.5 kB)
2026-09-23T08:48:17.6681077Z Downloading pytest-9.1.1-py3-none-any.whl (386 kB)
2026-09-23T08:48:17.6848148Z Downloading pluggy-1.6.0-py3-none-any.whl (20 kB)
2026-09-23T08:48:17.6881026Z Downloading iniconfig-2.3.0-py3-none-any.whl (7.5 kB)
2026-09-23T08:48:17.6917618Z Downloading packaging-26.3-py3-none-any.whl (129 kB)
2026-09-23T08:48:17.6958471Z Downloading pygments-2.21.0-py3-none-any.whl (1.3 MB)
2026-09-23T08:48:17.7044547Z    ââââââââââââââââââââââââââââââââââââââââ 1.3/1.3 MB 228.8 MB/s  0:00:00
2026-09-23T08:48:17.7704252Z Installing collected packages: pygments, pluggy, packaging, iniconfig, pytest
2026-09-23T08:48:18.7413428Z 
2026-09-23T08:48:18.7422290Z Successfully installed iniconfig-2.3.0 packaging-26.3 pluggy-1.6.0 pygments-2.21.0 pytest-9.1.1
2026-09-23T08:48:18.7932671Z ##[group]Run python automation/inject_mutation.py --error-type "TypeError"
2026-09-23T08:48:18.7933284Z [36;1mpython automation/inject_mutation.py --error-type "TypeError"[0m
2026-09-23T08:48:18.7972949Z shell: /usr/bin/bash -e {0}
2026-09-23T08:48:18.7973204Z env:
2026-09-23T08:48:18.7973480Z   pythonLocation: /opt/hostedtoolcache/Python/3.11.16/x64
2026-09-23T08:48:18.7974140Z   PKG_CONFIG_PATH: /opt/hostedtoolcache/Python/3.11.16/x64/lib/pkgconfig
2026-09-23T08:48:18.7974588Z   Python_ROOT_DIR: /opt/hostedtoolcache/Python/3.11.16/x64
2026-09-23T08:48:18.7974977Z   Python2_ROOT_DIR: /opt/hostedtoolcache/Python/3.11.16/x64
2026-09-23T08:48:18.7975372Z   Python3_ROOT_DIR: /opt/hostedtoolcache/Python/3.11.16/x64
2026-09-23T08:48:18.7975757Z   LD_LIBRARY_PATH: /opt/hostedtoolcache/Python/3.11.16/x64/lib
2026-09-23T08:48:18.7976106Z ##[endgroup]
2026-09-23T08:48:18.8272837Z [Mutation Injected] Successfully injected TypeError into tests/test_app.py
2026-09-23T08:48:18.8342992Z ##[group]Run pytest tests/test_app.py -v
2026-09-23T08:48:18.8343350Z [36;1mpytest tests/test_app.py -v[0m
2026-09-23T08:48:18.8379098Z shell: /usr/bin/bash -e {0}
2026-09-23T08:48:18.8379347Z env:
2026-09-23T08:48:18.8379610Z   pythonLocation: /opt/hostedtoolcache/Python/3.11.16/x64
2026-09-23T08:48:18.8380041Z   PKG_CONFIG_PATH: /opt/hostedtoolcache/Python/3.11.16/x64/lib/pkgconfig
2026-09-23T08:48:18.8380475Z   Python_ROOT_DIR: /opt/hostedtoolcache/Python/3.11.16/x64
2026-09-23T08:48:18.8381077Z   Python2_ROOT_DIR: /opt/hostedtoolcache/Python/3.11.16/x64
2026-09-23T08:48:18.8381477Z   Python3_ROOT_DIR: /opt/hostedtoolcache/Python/3.11.16/x64
2026-09-23T08:48:18.8381868Z   LD_LIBRARY_PATH: /opt/hostedtoolcache/Python/3.11.16/x64/lib
2026-09-23T08:48:18.8382189Z ##[endgroup]
2026-09-23T08:48:19.0670430Z ============================= test session starts ==============================
2026-09-23T08:48:19.0671820Z platform linux -- Python 3.11.16, pytest-9.1.1, pluggy-1.6.0 -- /opt/hostedtoolcache/Python/3.11.16/x64/bin/python
2026-09-23T08:48:19.0672815Z cachedir: .pytest_cache
2026-09-23T08:48:19.0673389Z rootdir: /home/runner/work/log-generation/log-generation
2026-09-23T08:48:19.0674030Z configfile: pytest.ini
2026-09-23T08:48:19.0759657Z collecting ... collected 6 items
2026-09-23T08:48:19.0760202Z 
2026-09-23T08:48:19.0769584Z tests/test_app.py::test_calculate_division PASSED                        [ 16%]
2026-09-23T08:48:19.0778474Z tests/test_app.py::test_convert_to_int PASSED                            [ 33%]
2026-09-23T08:48:19.0787187Z tests/test_app.py::test_get_list_item PASSED                             [ 50%]
2026-09-23T08:48:19.0795495Z tests/test_app.py::test_get_dict_value PASSED                            [ 66%]
2026-09-23T08:48:19.0803437Z tests/test_app.py::test_assert_positive PASSED                           [ 83%]
2026-09-23T08:48:19.1069777Z tests/test_app.py::test_type_error FAILED                                [100%]
2026-09-23T08:48:19.1070543Z 
2026-09-23T08:48:19.1070803Z =================================== FAILURES ===================================
2026-09-23T08:48:19.1071711Z _______________________________ test_type_error ________________________________
2026-09-23T08:48:19.1072210Z 
2026-09-23T08:48:19.1072389Z     def test_type_error():
2026-09-23T08:48:19.1072847Z         """Injected synthetic TypeError."""
2026-09-23T08:48:19.1073415Z         from src.app import calculate_division
2026-09-23T08:48:19.1073976Z >       calculate_division("invalid_string", 5)
2026-09-23T08:48:19.1074357Z 
2026-09-23T08:48:19.1074523Z tests/test_app.py:139: 
2026-09-23T08:48:19.1075025Z _ _ _ _ _ _ _ _ _ _ _ _ _ _ _ _ _ _ _ _ _ _ _ _ _ _ _ _ _ _ _ _ _ _ _ _ _ _ _ _ 
2026-09-23T08:48:19.1075474Z 
2026-09-23T08:48:19.1075638Z a = 'invalid_string', b = 5
2026-09-23T08:48:19.1075940Z 
2026-09-23T08:48:19.1076125Z     def calculate_division(a, b):
2026-09-23T08:48:19.1076575Z >       return a / b
2026-09-23T08:48:19.1076932Z                ^^^^^
2026-09-23T08:48:19.1077466Z E       TypeError: unsupported operand type(s) for /: 'str' and 'int'
2026-09-23T08:48:19.1077963Z 
2026-09-23T08:48:19.1078129Z src/app.py:2: TypeError
2026-09-23T08:48:19.1078644Z =========================== short test summary info ============================
2026-09-23T08:48:19.1079680Z FAILED tests/test_app.py::test_type_error - TypeError: unsupported operand type(s) for /: 'str' and 'int'
2026-09-23T08:48:19.1081252Z ========================= 1 failed, 5 passed in 0.03s ==========================
2026-09-23T08:48:19.1260518Z ##[error]Process completed with exit code 1.
2026-09-23T08:48:19.1405307Z Node 20 is being deprecated. This workflow is running with Node 24 by default. If you need to temporarily use Node 20, you can set the ACTIONS_ALLOW_USE_UNSECURE_NODE_VERSION=true environment variable. For more information see: https://github.blog/changelog/2025-09-19-deprecation-of-node-20-on-github-actions-runners/
2026-09-23T08:48:19.1406557Z Post job cleanup.
2026-09-23T08:48:19.2260791Z [command]/usr/bin/git version
2026-09-23T08:48:19.2304240Z git version 2.55.0
2026-09-23T08:48:19.2345701Z Temporarily overriding HOME='/home/runner/work/_temp/783dcb01-675a-481b-98fc-0f1415979181' before making global git config changes
2026-09-23T08:48:19.2347511Z Adding repository directory to the temporary git global config as a safe directory
2026-09-23T08:48:19.2352719Z [command]/usr/bin/git config --global --add safe.directory /home/runner/work/log-generation/log-generation
2026-09-23T08:48:19.2391577Z [command]/usr/bin/git config --local --name-only --get-regexp core\.sshCommand
2026-09-23T08:48:19.2428080Z [command]/usr/bin/git submodule foreach --recursive sh -c "git config --local --name-only --get-regexp 'core\.sshCommand' && git config --local --unset-all 'core.sshCommand' || :"
2026-09-23T08:48:19.2674237Z [command]/usr/bin/git config --local --name-only --get-regexp http\.https\:\/\/github\.com\/\.extraheader
2026-09-23T08:48:19.2717945Z http.https://github.com/.extraheader
2026-09-23T08:48:19.2719436Z [command]/usr/bin/git config --local --unset-all http.https://github.com/.extraheader
2026-09-23T08:48:19.2761162Z [command]/usr/bin/git submodule foreach --recursive sh -c "git config --local --name-only --get-regexp 'http\.https\:\/\/github\.com\/\.extraheader' && git config --local --unset-all 'http.https://github.com/.extraheader' || :"
2026-09-23T08:48:19.3012988Z [command]/usr/bin/git config --local --name-only --get-regexp ^includeIf\.gitdir:
2026-09-23T08:48:19.3049807Z [command]/usr/bin/git submodule foreach --recursive git config --local --show-origin --name-only --get-regexp remote.origin.url
2026-09-23T08:48:19.3445699Z Cleaning up orphan processes
2026-09-23T08:48:19.3725414Z ##[warning]Node.js 20 is deprecated. The following actions target Node.js 20 but are being forced to run on Node.js 24: actions/checkout@v4, actions/setup-python@v5. For more information see: https://github.blog/changelog/2025-09-19-deprecation-of-node-20-on-github-actions-runners/
