ï»¿2026-09-23T08:49:30.0146550Z Current runner version: '2.337.0'
2026-09-23T08:49:30.0162818Z ##[group]Runner Image Provisioner
2026-09-23T08:49:30.0163324Z Hosted Compute Agent
2026-09-23T08:49:30.0163698Z Version: 20260828.587
2026-09-23T08:49:30.0164123Z Commit: abac92662cab4cc7352de4f9f9d2e2419aad9c29
2026-09-23T08:49:30.0164546Z Build Date: 2026-08-28T16:44:25Z
2026-09-23T08:49:30.0164965Z Worker ID: {8e5f5d9b-928b-42f0-96bb-1a3ddbb2d0eb}
2026-09-23T08:49:30.0165393Z Azure Region: centralus
2026-09-23T08:49:30.0165771Z ##[endgroup]
2026-09-23T08:49:30.0166796Z ##[group]Operating System
2026-09-23T08:49:30.0167154Z Ubuntu
2026-09-23T08:49:30.0167500Z 24.04.5
2026-09-23T08:49:30.0167821Z LTS
2026-09-23T08:49:30.0168159Z ##[endgroup]
2026-09-23T08:49:30.0168734Z ##[group]Runner Image
2026-09-23T08:49:30.0169084Z Image: ubuntu-24.04
2026-09-23T08:49:30.0169406Z Version: 20260907.300.1
2026-09-23T08:49:30.0170216Z Included Software: https://github.com/actions/runner-images/blob/ubuntu24/20260907.300/images/ubuntu/Ubuntu2404-Readme.md
2026-09-23T08:49:30.0171396Z Image Release: https://github.com/actions/runner-images/releases/tag/ubuntu24%2F20260907.300
2026-09-23T08:49:30.0171948Z ##[endgroup]
2026-09-23T08:49:30.0172682Z ##[group]GITHUB_TOKEN Permissions
2026-09-23T08:49:30.0174049Z Contents: read
2026-09-23T08:49:30.0174376Z Metadata: read
2026-09-23T08:49:30.0174789Z Packages: read
2026-09-23T08:49:30.0175120Z ##[endgroup]
2026-09-23T08:49:30.0176410Z Secret source: Actions
2026-09-23T08:49:30.0176966Z Cache mode: write
2026-09-23T08:49:30.0177606Z Prepare workflow directory
2026-09-23T08:49:30.0581686Z Prepare all required actions
2026-09-23T08:49:30.0611390Z Getting action download info
2026-09-23T08:49:30.2670037Z Download action repository 'actions/checkout@v4' (SHA:11d5960a326750d5838078e36cf38b85af677262)
2026-09-23T08:49:30.5248465Z Download action repository 'actions/setup-python@v5' (SHA:a26af69be951a213d495a4c3e4e4022e16d87065)
2026-09-23T08:49:31.0755598Z Complete job name: test-f3 (ValueError #149)
2026-09-23T08:49:31.1313044Z Node 20 is being deprecated. This workflow is running with Node 24 by default. If you need to temporarily use Node 20, you can set the ACTIONS_ALLOW_USE_UNSECURE_NODE_VERSION=true environment variable. For more information see: https://github.blog/changelog/2025-09-19-deprecation-of-node-20-on-github-actions-runners/
2026-09-23T08:49:31.1319368Z ##[group]Run actions/checkout@v4
2026-09-23T08:49:31.1320010Z with:
2026-09-23T08:49:31.1320440Z   fetch-depth: 1
2026-09-23T08:49:31.1321099Z   repository: DhruvHegde/log-generation
2026-09-23T08:49:31.1325932Z   token: ***
2026-09-23T08:49:31.1326385Z   ssh-strict: true
2026-09-23T08:49:31.1326854Z   ssh-user: git
2026-09-23T08:49:31.1327333Z   persist-credentials: true
2026-09-23T08:49:31.1327864Z   clean: true
2026-09-23T08:49:31.1328344Z   sparse-checkout-cone-mode: true
2026-09-23T08:49:31.1328937Z   fetch-tags: false
2026-09-23T08:49:31.1329419Z   show-progress: true
2026-09-23T08:49:31.1329906Z   lfs: false
2026-09-23T08:49:31.1330385Z   submodules: false
2026-09-23T08:49:31.1330993Z   set-safe-directory: true
2026-09-23T08:49:31.1331564Z   allow-unsafe-pr-checkout: false
2026-09-23T08:49:31.1332229Z ##[endgroup]
2026-09-23T08:49:31.2001510Z Syncing repository: DhruvHegde/log-generation
2026-09-23T08:49:31.2003781Z ##[group]Getting Git version info
2026-09-23T08:49:31.2005044Z Working directory is '/home/runner/work/log-generation/log-generation'
2026-09-23T08:49:31.2006889Z [command]/usr/bin/git version
2026-09-23T08:49:31.2086085Z git version 2.55.0
2026-09-23T08:49:31.2098651Z ##[endgroup]
2026-09-23T08:49:31.2108584Z Temporarily overriding HOME='/home/runner/work/_temp/a7c762fc-e78b-493e-8495-3e5901ad3f72' before making global git config changes
2026-09-23T08:49:31.2111211Z Adding repository directory to the temporary git global config as a safe directory
2026-09-23T08:49:31.2113411Z [command]/usr/bin/git config --global --add safe.directory /home/runner/work/log-generation/log-generation
2026-09-23T08:49:31.2179214Z Deleting the contents of '/home/runner/work/log-generation/log-generation'
2026-09-23T08:49:31.2184436Z ##[group]Initializing the repository
2026-09-23T08:49:31.2188161Z [command]/usr/bin/git init /home/runner/work/log-generation/log-generation
2026-09-23T08:49:31.2369775Z hint: Using 'master' as the name for the initial branch. This default branch name
2026-09-23T08:49:31.2372092Z hint: will change to "main" in Git 3.0. To configure the initial branch name
2026-09-23T08:49:31.2374466Z hint: to use in all of your new repositories, which will suppress this warning,
2026-09-23T08:49:31.2375926Z hint: call:
2026-09-23T08:49:31.2376892Z hint:
2026-09-23T08:49:31.2377789Z hint: 	git config --global init.defaultBranch <name>
2026-09-23T08:49:31.2378818Z hint:
2026-09-23T08:49:31.2379773Z hint: Names commonly chosen instead of 'master' are 'main', 'trunk' and
2026-09-23T08:49:31.2381539Z hint: 'development'. The just-created branch can be renamed via this command:
2026-09-23T08:49:31.2382861Z hint:
2026-09-23T08:49:31.2383575Z hint: 	git branch -m <name>
2026-09-23T08:49:31.2384340Z hint:
2026-09-23T08:49:31.2385336Z hint: Disable this message with "git config set advice.defaultBranchName false"
2026-09-23T08:49:31.2387159Z Initialized empty Git repository in /home/runner/work/log-generation/log-generation/.git/
2026-09-23T08:49:31.2390308Z [command]/usr/bin/git remote add origin https://github.com/DhruvHegde/log-generation
2026-09-23T08:49:31.2854568Z ##[endgroup]
2026-09-23T08:49:31.2855783Z ##[group]Disabling automatic garbage collection
2026-09-23T08:49:31.2859215Z [command]/usr/bin/git config --local gc.auto 0
2026-09-23T08:49:31.3063522Z ##[endgroup]
2026-09-23T08:49:31.3064314Z ##[group]Setting up auth
2026-09-23T08:49:31.3065110Z [command]/usr/bin/git config --local --name-only --get-regexp core\.sshCommand
2026-09-23T08:49:31.3091832Z [command]/usr/bin/git submodule foreach --recursive sh -c "git config --local --name-only --get-regexp 'core\.sshCommand' && git config --local --unset-all 'core.sshCommand' || :"
2026-09-23T08:49:31.3389887Z [command]/usr/bin/git config --local --name-only --get-regexp http\.https\:\/\/github\.com\/\.extraheader
2026-09-23T08:49:31.3418243Z [command]/usr/bin/git submodule foreach --recursive sh -c "git config --local --name-only --get-regexp 'http\.https\:\/\/github\.com\/\.extraheader' && git config --local --unset-all 'http.https://github.com/.extraheader' || :"
2026-09-23T08:49:31.3587867Z [command]/usr/bin/git config --local --name-only --get-regexp ^includeIf\.gitdir:
2026-09-23T08:49:31.3614434Z [command]/usr/bin/git submodule foreach --recursive git config --local --show-origin --name-only --get-regexp remote.origin.url
2026-09-23T08:49:31.3791601Z [command]/usr/bin/git config --local http.https://github.com/.extraheader AUTHORIZATION: basic ***
2026-09-23T08:49:31.3963013Z ##[endgroup]
2026-09-23T08:49:31.3964400Z ##[group]Fetching the repository
2026-09-23T08:49:31.3970817Z [command]/usr/bin/git -c protocol.version=2 fetch --no-tags --prune --no-recurse-submodules --depth=1 origin +43f20917de93b9aad51cf79a69ad5239c5632917:refs/remotes/origin/feature/f3-test-failures
2026-09-23T08:49:32.2802652Z From https://github.com/DhruvHegde/log-generation
2026-09-23T08:49:32.2803293Z  * [new ref]         43f20917de93b9aad51cf79a69ad5239c5632917 -> origin/feature/f3-test-failures
2026-09-23T08:49:32.2807009Z ##[endgroup]
2026-09-23T08:49:32.2807453Z ##[group]Determining the checkout info
2026-09-23T08:49:32.2809540Z ##[endgroup]
2026-09-23T08:49:32.2814270Z [command]/usr/bin/git sparse-checkout disable
2026-09-23T08:49:32.3644880Z [command]/usr/bin/git config --local --unset-all extensions.worktreeConfig
2026-09-23T08:49:32.3749798Z ##[group]Checking out the ref
2026-09-23T08:49:32.3764125Z [command]/usr/bin/git checkout --progress --force -B feature/f3-test-failures refs/remotes/origin/feature/f3-test-failures
2026-09-23T08:49:32.4357422Z Switched to a new branch 'feature/f3-test-failures'
2026-09-23T08:49:32.4367344Z branch 'feature/f3-test-failures' set up to track 'origin/feature/f3-test-failures'.
2026-09-23T08:49:32.4372815Z ##[endgroup]
2026-09-23T08:49:32.4405821Z [command]/usr/bin/git log -1 --format=%H
2026-09-23T08:49:32.4427595Z 43f20917de93b9aad51cf79a69ad5239c5632917
2026-09-23T08:49:32.4604707Z Node 20 is being deprecated. This workflow is running with Node 24 by default. If you need to temporarily use Node 20, you can set the ACTIONS_ALLOW_USE_UNSECURE_NODE_VERSION=true environment variable. For more information see: https://github.blog/changelog/2025-09-19-deprecation-of-node-20-on-github-actions-runners/
2026-09-23T08:49:32.4605753Z ##[group]Run actions/setup-python@v5
2026-09-23T08:49:32.4605927Z with:
2026-09-23T08:49:32.4606077Z   python-version: 3.11
2026-09-23T08:49:32.4606231Z   check-latest: false
2026-09-23T08:49:32.4607565Z   token: ***
2026-09-23T08:49:32.4607717Z   update-environment: true
2026-09-23T08:49:32.4607888Z   allow-prereleases: false
2026-09-23T08:49:32.4608048Z   freethreaded: false
2026-09-23T08:49:32.4608210Z ##[endgroup]
2026-09-23T08:49:32.5447221Z ##[group]Installed versions
2026-09-23T08:49:32.5525196Z (node:2064) [DEP0040] DeprecationWarning: The `punycode` module is deprecated. Please use a userland alternative instead.
2026-09-23T08:49:32.5525907Z (Use `node --trace-deprecation ...` to show where the warning was created)
2026-09-23T08:49:32.5526294Z Successfully set up CPython (3.11.16)
2026-09-23T08:49:32.5526620Z ##[endgroup]
2026-09-23T08:49:32.5654721Z ##[group]Run pip install --no-cache-dir pytest
2026-09-23T08:49:32.5655055Z [36;1mpip install --no-cache-dir pytest[0m
2026-09-23T08:49:32.5707702Z shell: /usr/bin/bash -e {0}
2026-09-23T08:49:32.5708069Z env:
2026-09-23T08:49:32.5708389Z   pythonLocation: /opt/hostedtoolcache/Python/3.11.16/x64
2026-09-23T08:49:32.5708694Z   PKG_CONFIG_PATH: /opt/hostedtoolcache/Python/3.11.16/x64/lib/pkgconfig
2026-09-23T08:49:32.5708965Z   Python_ROOT_DIR: /opt/hostedtoolcache/Python/3.11.16/x64
2026-09-23T08:49:32.5709299Z   Python2_ROOT_DIR: /opt/hostedtoolcache/Python/3.11.16/x64
2026-09-23T08:49:32.5709542Z   Python3_ROOT_DIR: /opt/hostedtoolcache/Python/3.11.16/x64
2026-09-23T08:49:32.5709928Z   LD_LIBRARY_PATH: /opt/hostedtoolcache/Python/3.11.16/x64/lib
2026-09-23T08:49:32.5771556Z ##[endgroup]
2026-09-23T08:49:33.8032162Z Collecting pytest
2026-09-23T08:49:33.8723852Z   Downloading pytest-9.1.1-py3-none-any.whl.metadata (7.6 kB)
2026-09-23T08:49:33.8895981Z Collecting iniconfig>=1.0.1 (from pytest)
2026-09-23T08:49:33.9047655Z   Downloading iniconfig-2.3.0-py3-none-any.whl.metadata (2.5 kB)
2026-09-23T08:49:33.9235397Z Collecting packaging>=22 (from pytest)
2026-09-23T08:49:33.9389953Z   Downloading packaging-26.3-py3-none-any.whl.metadata (3.5 kB)
2026-09-23T08:49:33.9561832Z Collecting pluggy<2,>=1.5 (from pytest)
2026-09-23T08:49:33.9713368Z   Downloading pluggy-1.6.0-py3-none-any.whl.metadata (4.8 kB)
2026-09-23T08:49:33.9930771Z Collecting pygments>=2.7.2 (from pytest)
2026-09-23T08:49:34.0082058Z   Downloading pygments-2.21.0-py3-none-any.whl.metadata (2.5 kB)
2026-09-23T08:49:34.0249164Z Downloading pytest-9.1.1-py3-none-any.whl (386 kB)
2026-09-23T08:49:34.0962071Z Downloading pluggy-1.6.0-py3-none-any.whl (20 kB)
2026-09-23T08:49:34.1113145Z Downloading iniconfig-2.3.0-py3-none-any.whl (7.5 kB)
2026-09-23T08:49:34.1264559Z Downloading packaging-26.3-py3-none-any.whl (129 kB)
2026-09-23T08:49:34.1436789Z Downloading pygments-2.21.0-py3-none-any.whl (1.3 MB)
2026-09-23T08:49:34.1910858Z    ââââââââââââââââââââââââââââââââââââââââ 1.3/1.3 MB 23.6 MB/s  0:00:00
2026-09-23T08:49:34.2338398Z Installing collected packages: pygments, pluggy, packaging, iniconfig, pytest
2026-09-23T08:49:34.8161967Z 
2026-09-23T08:49:34.8167951Z Successfully installed iniconfig-2.3.0 packaging-26.3 pluggy-1.6.0 pygments-2.21.0 pytest-9.1.1
2026-09-23T08:49:34.8578711Z ##[group]Run python automation/inject_mutation.py --error-type "ValueError"
2026-09-23T08:49:34.8579058Z [36;1mpython automation/inject_mutation.py --error-type "ValueError"[0m
2026-09-23T08:49:34.8609941Z shell: /usr/bin/bash -e {0}
2026-09-23T08:49:34.8610078Z env:
2026-09-23T08:49:34.8610224Z   pythonLocation: /opt/hostedtoolcache/Python/3.11.16/x64
2026-09-23T08:49:34.8610723Z   PKG_CONFIG_PATH: /opt/hostedtoolcache/Python/3.11.16/x64/lib/pkgconfig
2026-09-23T08:49:34.8610948Z   Python_ROOT_DIR: /opt/hostedtoolcache/Python/3.11.16/x64
2026-09-23T08:49:34.8611152Z   Python2_ROOT_DIR: /opt/hostedtoolcache/Python/3.11.16/x64
2026-09-23T08:49:34.8611358Z   Python3_ROOT_DIR: /opt/hostedtoolcache/Python/3.11.16/x64
2026-09-23T08:49:34.8611566Z   LD_LIBRARY_PATH: /opt/hostedtoolcache/Python/3.11.16/x64/lib
2026-09-23T08:49:34.8611744Z ##[endgroup]
2026-09-23T08:49:34.8823499Z [Mutation Injected] Successfully injected ValueError into tests/test_app.py
2026-09-23T08:49:34.8866509Z ##[group]Run pytest tests/test_app.py -v
2026-09-23T08:49:34.8866696Z [36;1mpytest tests/test_app.py -v[0m
2026-09-23T08:49:34.8891955Z shell: /usr/bin/bash -e {0}
2026-09-23T08:49:34.8892085Z env:
2026-09-23T08:49:34.8892228Z   pythonLocation: /opt/hostedtoolcache/Python/3.11.16/x64
2026-09-23T08:49:34.8892458Z   PKG_CONFIG_PATH: /opt/hostedtoolcache/Python/3.11.16/x64/lib/pkgconfig
2026-09-23T08:49:34.8892693Z   Python_ROOT_DIR: /opt/hostedtoolcache/Python/3.11.16/x64
2026-09-23T08:49:34.8892897Z   Python2_ROOT_DIR: /opt/hostedtoolcache/Python/3.11.16/x64
2026-09-23T08:49:34.8893096Z   Python3_ROOT_DIR: /opt/hostedtoolcache/Python/3.11.16/x64
2026-09-23T08:49:34.8893300Z   LD_LIBRARY_PATH: /opt/hostedtoolcache/Python/3.11.16/x64/lib
2026-09-23T08:49:34.8893475Z ##[endgroup]
2026-09-23T08:49:35.2902659Z ============================= test session starts ==============================
2026-09-23T08:49:35.2903269Z platform linux -- Python 3.11.16, pytest-9.1.1, pluggy-1.6.0 -- /opt/hostedtoolcache/Python/3.11.16/x64/bin/python
2026-09-23T08:49:35.2903718Z cachedir: .pytest_cache
2026-09-23T08:49:35.2903999Z rootdir: /home/runner/work/log-generation/log-generation
2026-09-23T08:49:35.2904296Z configfile: pytest.ini
2026-09-23T08:49:35.2953863Z collecting ... collected 6 items
2026-09-23T08:49:35.2954050Z 
2026-09-23T08:49:35.2958620Z tests/test_app.py::test_calculate_division PASSED                        [ 16%]
2026-09-23T08:49:35.2962673Z tests/test_app.py::test_convert_to_int PASSED                            [ 33%]
2026-09-23T08:49:35.2967194Z tests/test_app.py::test_get_list_item PASSED                             [ 50%]
2026-09-23T08:49:35.2970888Z tests/test_app.py::test_get_dict_value PASSED                            [ 66%]
2026-09-23T08:49:35.2974482Z tests/test_app.py::test_assert_positive PASSED                           [ 83%]
2026-09-23T08:49:35.3166394Z tests/test_app.py::test_value_error FAILED                               [100%]
2026-09-23T08:49:35.3166687Z 
2026-09-23T08:49:35.3166834Z =================================== FAILURES ===================================
2026-09-23T08:49:35.3167184Z _______________________________ test_value_error _______________________________
2026-09-23T08:49:35.3167408Z 
2026-09-23T08:49:35.3167494Z     def test_value_error():
2026-09-23T08:49:35.3167723Z         """Injected synthetic ValueError."""
2026-09-23T08:49:35.3168074Z         from src.app import convert_to_int
2026-09-23T08:49:35.3168373Z >       convert_to_int("unparseable_alphanumeric_0x99")
2026-09-23T08:49:35.3168583Z 
2026-09-23T08:49:35.3168674Z tests/test_app.py:139: 
2026-09-23T08:49:35.3168925Z _ _ _ _ _ _ _ _ _ _ _ _ _ _ _ _ _ _ _ _ _ _ _ _ _ _ _ _ _ _ _ _ _ _ _ _ _ _ _ _ 
2026-09-23T08:49:35.3169158Z 
2026-09-23T08:49:35.3169262Z val = 'unparseable_alphanumeric_0x99'
2026-09-23T08:49:35.3169421Z 
2026-09-23T08:49:35.3169511Z     def convert_to_int(val):
2026-09-23T08:49:35.3169720Z >       return int(val)
2026-09-23T08:49:35.3169909Z                ^^^^^^^^
2026-09-23T08:49:35.3170247Z E       ValueError: invalid literal for int() with base 10: 'unparseable_alphanumeric_0x99'
2026-09-23T08:49:35.3170707Z 
2026-09-23T08:49:35.3170794Z src/app.py:5: ValueError
2026-09-23T08:49:35.3171056Z =========================== short test summary info ============================
2026-09-23T08:49:35.3171625Z FAILED tests/test_app.py::test_value_error - ValueError: invalid literal for int() with base 10: 'unparseable_alphanumeric_0x99'
2026-09-23T08:49:35.3172389Z ========================= 1 failed, 5 passed in 0.02s ==========================
2026-09-23T08:49:35.3309172Z ##[error]Process completed with exit code 1.
2026-09-23T08:49:35.3392870Z Node 20 is being deprecated. This workflow is running with Node 24 by default. If you need to temporarily use Node 20, you can set the ACTIONS_ALLOW_USE_UNSECURE_NODE_VERSION=true environment variable. For more information see: https://github.blog/changelog/2025-09-19-deprecation-of-node-20-on-github-actions-runners/
2026-09-23T08:49:35.3393513Z Post job cleanup.
2026-09-23T08:49:35.3955006Z [command]/usr/bin/git version
2026-09-23T08:49:35.3986433Z git version 2.55.0
2026-09-23T08:49:35.4009380Z Temporarily overriding HOME='/home/runner/work/_temp/52e0fc81-ba3b-4eba-9bc7-8d699d0486dd' before making global git config changes
2026-09-23T08:49:35.4010117Z Adding repository directory to the temporary git global config as a safe directory
2026-09-23T08:49:35.4013775Z [command]/usr/bin/git config --global --add safe.directory /home/runner/work/log-generation/log-generation
2026-09-23T08:49:35.4042382Z [command]/usr/bin/git config --local --name-only --get-regexp core\.sshCommand
2026-09-23T08:49:35.4067949Z [command]/usr/bin/git submodule foreach --recursive sh -c "git config --local --name-only --get-regexp 'core\.sshCommand' && git config --local --unset-all 'core.sshCommand' || :"
2026-09-23T08:49:35.4266507Z [command]/usr/bin/git config --local --name-only --get-regexp http\.https\:\/\/github\.com\/\.extraheader
2026-09-23T08:49:35.4291260Z http.https://github.com/.extraheader
2026-09-23T08:49:35.4299065Z [command]/usr/bin/git config --local --unset-all http.https://github.com/.extraheader
2026-09-23T08:49:35.4327171Z [command]/usr/bin/git submodule foreach --recursive sh -c "git config --local --name-only --get-regexp 'http\.https\:\/\/github\.com\/\.extraheader' && git config --local --unset-all 'http.https://github.com/.extraheader' || :"
2026-09-23T08:49:35.4519138Z [command]/usr/bin/git config --local --name-only --get-regexp ^includeIf\.gitdir:
2026-09-23T08:49:35.4551775Z [command]/usr/bin/git submodule foreach --recursive git config --local --show-origin --name-only --get-regexp remote.origin.url
2026-09-23T08:49:35.4836272Z Cleaning up orphan processes
2026-09-23T08:49:35.5028915Z ##[warning]Node.js 20 is deprecated. The following actions target Node.js 20 but are being forced to run on Node.js 24: actions/checkout@v4, actions/setup-python@v5. For more information see: https://github.blog/changelog/2025-09-19-deprecation-of-node-20-on-github-actions-runners/
