ï»¿2026-09-23T08:49:14.6993957Z Current runner version: '2.337.0'
2026-09-23T08:49:14.7013219Z ##[group]Runner Image Provisioner
2026-09-23T08:49:14.7013774Z Hosted Compute Agent
2026-09-23T08:49:14.7014285Z Version: 20260828.587
2026-09-23T08:49:14.7014665Z Commit: abac92662cab4cc7352de4f9f9d2e2419aad9c29
2026-09-23T08:49:14.7015089Z Build Date: 2026-08-28T16:44:25Z
2026-09-23T08:49:14.7015554Z Worker ID: {3e447db0-402a-46ff-b74f-305a1f4832e9}
2026-09-23T08:49:14.7015977Z Azure Region: westus3
2026-09-23T08:49:14.7016380Z ##[endgroup]
2026-09-23T08:49:14.7017229Z ##[group]Operating System
2026-09-23T08:49:14.7017596Z Ubuntu
2026-09-23T08:49:14.7017960Z 24.04.5
2026-09-23T08:49:14.7018277Z LTS
2026-09-23T08:49:14.7018955Z ##[endgroup]
2026-09-23T08:49:14.7019302Z ##[group]Runner Image
2026-09-23T08:49:14.7019669Z Image: ubuntu-24.04
2026-09-23T08:49:14.7020049Z Version: 20260907.300.1
2026-09-23T08:49:14.7020848Z Included Software: https://github.com/actions/runner-images/blob/ubuntu24/20260907.300/images/ubuntu/Ubuntu2404-Readme.md
2026-09-23T08:49:14.7021882Z Image Release: https://github.com/actions/runner-images/releases/tag/ubuntu24%2F20260907.300
2026-09-23T08:49:14.7022442Z ##[endgroup]
2026-09-23T08:49:14.7023199Z ##[group]GITHUB_TOKEN Permissions
2026-09-23T08:49:14.7024487Z Contents: read
2026-09-23T08:49:14.7024886Z Metadata: read
2026-09-23T08:49:14.7025225Z Packages: read
2026-09-23T08:49:14.7025557Z ##[endgroup]
2026-09-23T08:49:14.7026921Z Secret source: Actions
2026-09-23T08:49:14.7027616Z Cache mode: write
2026-09-23T08:49:14.7028251Z Prepare workflow directory
2026-09-23T08:49:14.7422019Z Prepare all required actions
2026-09-23T08:49:14.7454098Z Getting action download info
2026-09-23T08:49:15.0463808Z Download action repository 'actions/checkout@v4' (SHA:11d5960a326750d5838078e36cf38b85af677262)
2026-09-23T08:49:15.3263618Z Download action repository 'actions/setup-python@v5' (SHA:a26af69be951a213d495a4c3e4e4022e16d87065)
2026-09-23T08:49:15.6536096Z Complete job name: test-f3 (FileNotFoundError #127)
2026-09-23T08:49:15.7053413Z Node 20 is being deprecated. This workflow is running with Node 24 by default. If you need to temporarily use Node 20, you can set the ACTIONS_ALLOW_USE_UNSECURE_NODE_VERSION=true environment variable. For more information see: https://github.blog/changelog/2025-09-19-deprecation-of-node-20-on-github-actions-runners/
2026-09-23T08:49:15.7058960Z ##[group]Run actions/checkout@v4
2026-09-23T08:49:15.7059364Z with:
2026-09-23T08:49:15.7059623Z   fetch-depth: 1
2026-09-23T08:49:15.7059910Z   repository: DhruvHegde/log-generation
2026-09-23T08:49:15.7062550Z   token: ***
2026-09-23T08:49:15.7062813Z   ssh-strict: true
2026-09-23T08:49:15.7063077Z   ssh-user: git
2026-09-23T08:49:15.7063353Z   persist-credentials: true
2026-09-23T08:49:15.7063647Z   clean: true
2026-09-23T08:49:15.7063920Z   sparse-checkout-cone-mode: true
2026-09-23T08:49:15.7064236Z   fetch-tags: false
2026-09-23T08:49:15.7064513Z   show-progress: true
2026-09-23T08:49:15.7064806Z   lfs: false
2026-09-23T08:49:15.7065115Z   submodules: false
2026-09-23T08:49:15.7065408Z   set-safe-directory: true
2026-09-23T08:49:15.7065715Z   allow-unsafe-pr-checkout: false
2026-09-23T08:49:15.7066114Z ##[endgroup]
2026-09-23T08:49:15.7808855Z Syncing repository: DhruvHegde/log-generation
2026-09-23T08:49:15.7811486Z ##[group]Getting Git version info
2026-09-23T08:49:15.7822769Z Working directory is '/home/runner/work/log-generation/log-generation'
2026-09-23T08:49:15.7835670Z [command]/usr/bin/git version
2026-09-23T08:49:15.7939004Z git version 2.55.0
2026-09-23T08:49:15.7954864Z ##[endgroup]
2026-09-23T08:49:15.7965841Z Temporarily overriding HOME='/home/runner/work/_temp/bd165b83-fbc4-40a1-ac8b-e8a00b683d82' before making global git config changes
2026-09-23T08:49:15.7967402Z Adding repository directory to the temporary git global config as a safe directory
2026-09-23T08:49:15.7971796Z [command]/usr/bin/git config --global --add safe.directory /home/runner/work/log-generation/log-generation
2026-09-23T08:49:15.8026929Z Deleting the contents of '/home/runner/work/log-generation/log-generation'
2026-09-23T08:49:15.8030156Z ##[group]Initializing the repository
2026-09-23T08:49:15.8033415Z [command]/usr/bin/git init /home/runner/work/log-generation/log-generation
2026-09-23T08:49:15.8233334Z hint: Using 'master' as the name for the initial branch. This default branch name
2026-09-23T08:49:15.8234580Z hint: will change to "main" in Git 3.0. To configure the initial branch name
2026-09-23T08:49:15.8235935Z hint: to use in all of your new repositories, which will suppress this warning,
2026-09-23T08:49:15.8236846Z hint: call:
2026-09-23T08:49:15.8237649Z hint:
2026-09-23T08:49:15.8238257Z hint: 	git config --global init.defaultBranch <name>
2026-09-23T08:49:15.8238859Z hint:
2026-09-23T08:49:15.8239429Z hint: Names commonly chosen instead of 'master' are 'main', 'trunk' and
2026-09-23T08:49:15.8240350Z hint: 'development'. The just-created branch can be renamed via this command:
2026-09-23T08:49:15.8241073Z hint:
2026-09-23T08:49:15.8241552Z hint: 	git branch -m <name>
2026-09-23T08:49:15.8242191Z hint:
2026-09-23T08:49:15.8242807Z hint: Disable this message with "git config set advice.defaultBranchName false"
2026-09-23T08:49:15.8243914Z Initialized empty Git repository in /home/runner/work/log-generation/log-generation/.git/
2026-09-23T08:49:15.8245954Z [command]/usr/bin/git remote add origin https://github.com/DhruvHegde/log-generation
2026-09-23T08:49:15.8493934Z ##[endgroup]
2026-09-23T08:49:15.8494476Z ##[group]Disabling automatic garbage collection
2026-09-23T08:49:15.8497529Z [command]/usr/bin/git config --local gc.auto 0
2026-09-23T08:49:15.8614938Z ##[endgroup]
2026-09-23T08:49:15.8616001Z ##[group]Setting up auth
2026-09-23T08:49:15.8620360Z [command]/usr/bin/git config --local --name-only --get-regexp core\.sshCommand
2026-09-23T08:49:15.8654182Z [command]/usr/bin/git submodule foreach --recursive sh -c "git config --local --name-only --get-regexp 'core\.sshCommand' && git config --local --unset-all 'core.sshCommand' || :"
2026-09-23T08:49:15.8969319Z [command]/usr/bin/git config --local --name-only --get-regexp http\.https\:\/\/github\.com\/\.extraheader
2026-09-23T08:49:15.8998427Z [command]/usr/bin/git submodule foreach --recursive sh -c "git config --local --name-only --get-regexp 'http\.https\:\/\/github\.com\/\.extraheader' && git config --local --unset-all 'http.https://github.com/.extraheader' || :"
2026-09-23T08:49:15.9178093Z [command]/usr/bin/git config --local --name-only --get-regexp ^includeIf\.gitdir:
2026-09-23T08:49:15.9208233Z [command]/usr/bin/git submodule foreach --recursive git config --local --show-origin --name-only --get-regexp remote.origin.url
2026-09-23T08:49:15.9390937Z [command]/usr/bin/git config --local http.https://github.com/.extraheader AUTHORIZATION: basic ***
2026-09-23T08:49:16.0005325Z ##[endgroup]
2026-09-23T08:49:16.0006439Z ##[group]Fetching the repository
2026-09-23T08:49:16.0017446Z [command]/usr/bin/git -c protocol.version=2 fetch --no-tags --prune --no-recurse-submodules --depth=1 origin +43f20917de93b9aad51cf79a69ad5239c5632917:refs/remotes/origin/feature/f3-test-failures
2026-09-23T08:49:17.0695064Z From https://github.com/DhruvHegde/log-generation
2026-09-23T08:49:17.0697272Z  * [new ref]         43f20917de93b9aad51cf79a69ad5239c5632917 -> origin/feature/f3-test-failures
2026-09-23T08:49:17.0701167Z ##[endgroup]
2026-09-23T08:49:17.0702672Z ##[group]Determining the checkout info
2026-09-23T08:49:17.0704092Z ##[endgroup]
2026-09-23T08:49:17.0704908Z [command]/usr/bin/git sparse-checkout disable
2026-09-23T08:49:17.0846221Z [command]/usr/bin/git config --local --unset-all extensions.worktreeConfig
2026-09-23T08:49:17.0947522Z ##[group]Checking out the ref
2026-09-23T08:49:17.0953279Z [command]/usr/bin/git checkout --progress --force -B feature/f3-test-failures refs/remotes/origin/feature/f3-test-failures
2026-09-23T08:49:17.1413680Z Switched to a new branch 'feature/f3-test-failures'
2026-09-23T08:49:17.1447650Z branch 'feature/f3-test-failures' set up to track 'origin/feature/f3-test-failures'.
2026-09-23T08:49:17.1454903Z ##[endgroup]
2026-09-23T08:49:17.1494774Z [command]/usr/bin/git log -1 --format=%H
2026-09-23T08:49:17.1518296Z 43f20917de93b9aad51cf79a69ad5239c5632917
2026-09-23T08:49:17.1793396Z Node 20 is being deprecated. This workflow is running with Node 24 by default. If you need to temporarily use Node 20, you can set the ACTIONS_ALLOW_USE_UNSECURE_NODE_VERSION=true environment variable. For more information see: https://github.blog/changelog/2025-09-19-deprecation-of-node-20-on-github-actions-runners/
2026-09-23T08:49:17.1797078Z ##[group]Run actions/setup-python@v5
2026-09-23T08:49:17.1797794Z with:
2026-09-23T08:49:17.1798341Z   python-version: 3.11
2026-09-23T08:49:17.1798971Z   check-latest: false
2026-09-23T08:49:17.1805292Z   token: ***
2026-09-23T08:49:17.1805870Z   update-environment: true
2026-09-23T08:49:17.1806557Z   allow-prereleases: false
2026-09-23T08:49:17.1807218Z   freethreaded: false
2026-09-23T08:49:17.1807810Z ##[endgroup]
2026-09-23T08:49:17.2744018Z ##[group]Installed versions
2026-09-23T08:49:17.2807985Z (node:2034) [DEP0040] DeprecationWarning: The `punycode` module is deprecated. Please use a userland alternative instead.
2026-09-23T08:49:17.2810438Z (Use `node --trace-deprecation ...` to show where the warning was created)
2026-09-23T08:49:17.2812060Z Successfully set up CPython (3.11.16)
2026-09-23T08:49:17.2813653Z ##[endgroup]
2026-09-23T08:49:17.2975617Z ##[group]Run pip install --no-cache-dir pytest
2026-09-23T08:49:17.2976980Z [36;1mpip install --no-cache-dir pytest[0m
2026-09-23T08:49:17.3036992Z shell: /usr/bin/bash -e {0}
2026-09-23T08:49:17.3037740Z env:
2026-09-23T08:49:17.3038456Z   pythonLocation: /opt/hostedtoolcache/Python/3.11.16/x64
2026-09-23T08:49:17.3039581Z   PKG_CONFIG_PATH: /opt/hostedtoolcache/Python/3.11.16/x64/lib/pkgconfig
2026-09-23T08:49:17.3040687Z   Python_ROOT_DIR: /opt/hostedtoolcache/Python/3.11.16/x64
2026-09-23T08:49:17.3106928Z   Python2_ROOT_DIR: /opt/hostedtoolcache/Python/3.11.16/x64
2026-09-23T08:49:17.3108360Z   Python3_ROOT_DIR: /opt/hostedtoolcache/Python/3.11.16/x64
2026-09-23T08:49:17.3109449Z   LD_LIBRARY_PATH: /opt/hostedtoolcache/Python/3.11.16/x64/lib
2026-09-23T08:49:17.3110304Z ##[endgroup]
2026-09-23T08:49:18.3198899Z Collecting pytest
2026-09-23T08:49:18.3557053Z   Downloading pytest-9.1.1-py3-none-any.whl.metadata (7.6 kB)
2026-09-23T08:49:18.3694670Z Collecting iniconfig>=1.0.1 (from pytest)
2026-09-23T08:49:18.3725601Z   Downloading iniconfig-2.3.0-py3-none-any.whl.metadata (2.5 kB)
2026-09-23T08:49:18.3868452Z Collecting packaging>=22 (from pytest)
2026-09-23T08:49:18.3897202Z   Downloading packaging-26.3-py3-none-any.whl.metadata (3.5 kB)
2026-09-23T08:49:18.4028989Z Collecting pluggy<2,>=1.5 (from pytest)
2026-09-23T08:49:18.4057855Z   Downloading pluggy-1.6.0-py3-none-any.whl.metadata (4.8 kB)
2026-09-23T08:49:18.4219292Z Collecting pygments>=2.7.2 (from pytest)
2026-09-23T08:49:18.4247884Z   Downloading pygments-2.21.0-py3-none-any.whl.metadata (2.5 kB)
2026-09-23T08:49:18.4294874Z Downloading pytest-9.1.1-py3-none-any.whl (386 kB)
2026-09-23T08:49:18.4423543Z Downloading pluggy-1.6.0-py3-none-any.whl (20 kB)
2026-09-23T08:49:18.4449391Z Downloading iniconfig-2.3.0-py3-none-any.whl (7.5 kB)
2026-09-23T08:49:18.4474673Z Downloading packaging-26.3-py3-none-any.whl (129 kB)
2026-09-23T08:49:18.4508279Z Downloading pygments-2.21.0-py3-none-any.whl (1.3 MB)
2026-09-23T08:49:18.4633849Z    ââââââââââââââââââââââââââââââââââââââââ 1.3/1.3 MB 115.0 MB/s  0:00:00
2026-09-23T08:49:18.5177505Z Installing collected packages: pygments, pluggy, packaging, iniconfig, pytest
2026-09-23T08:49:19.1140184Z 
2026-09-23T08:49:19.1147610Z Successfully installed iniconfig-2.3.0 packaging-26.3 pluggy-1.6.0 pygments-2.21.0 pytest-9.1.1
2026-09-23T08:49:19.1648718Z ##[group]Run python automation/inject_mutation.py --error-type "FileNotFoundError"
2026-09-23T08:49:19.1649102Z [36;1mpython automation/inject_mutation.py --error-type "FileNotFoundError"[0m
2026-09-23T08:49:19.1679813Z shell: /usr/bin/bash -e {0}
2026-09-23T08:49:19.1679950Z env:
2026-09-23T08:49:19.1680248Z   pythonLocation: /opt/hostedtoolcache/Python/3.11.16/x64
2026-09-23T08:49:19.1680486Z   PKG_CONFIG_PATH: /opt/hostedtoolcache/Python/3.11.16/x64/lib/pkgconfig
2026-09-23T08:49:19.1680715Z   Python_ROOT_DIR: /opt/hostedtoolcache/Python/3.11.16/x64
2026-09-23T08:49:19.1680921Z   Python2_ROOT_DIR: /opt/hostedtoolcache/Python/3.11.16/x64
2026-09-23T08:49:19.1681126Z   Python3_ROOT_DIR: /opt/hostedtoolcache/Python/3.11.16/x64
2026-09-23T08:49:19.1681332Z   LD_LIBRARY_PATH: /opt/hostedtoolcache/Python/3.11.16/x64/lib
2026-09-23T08:49:19.1681506Z ##[endgroup]
2026-09-23T08:49:19.1885028Z [Mutation Injected] Successfully injected FileNotFoundError into tests/test_app.py
2026-09-23T08:49:19.1934957Z ##[group]Run pytest tests/test_app.py -v
2026-09-23T08:49:19.1935167Z [36;1mpytest tests/test_app.py -v[0m
2026-09-23T08:49:19.1964775Z shell: /usr/bin/bash -e {0}
2026-09-23T08:49:19.1964911Z env:
2026-09-23T08:49:19.1965060Z   pythonLocation: /opt/hostedtoolcache/Python/3.11.16/x64
2026-09-23T08:49:19.1965309Z   PKG_CONFIG_PATH: /opt/hostedtoolcache/Python/3.11.16/x64/lib/pkgconfig
2026-09-23T08:49:19.1965538Z   Python_ROOT_DIR: /opt/hostedtoolcache/Python/3.11.16/x64
2026-09-23T08:49:19.1965741Z   Python2_ROOT_DIR: /opt/hostedtoolcache/Python/3.11.16/x64
2026-09-23T08:49:19.1965946Z   Python3_ROOT_DIR: /opt/hostedtoolcache/Python/3.11.16/x64
2026-09-23T08:49:19.1966155Z   LD_LIBRARY_PATH: /opt/hostedtoolcache/Python/3.11.16/x64/lib
2026-09-23T08:49:19.1966329Z ##[endgroup]
2026-09-23T08:49:19.3445122Z ============================= test session starts ==============================
2026-09-23T08:49:19.3445697Z platform linux -- Python 3.11.16, pytest-9.1.1, pluggy-1.6.0 -- /opt/hostedtoolcache/Python/3.11.16/x64/bin/python
2026-09-23T08:49:19.3445991Z cachedir: .pytest_cache
2026-09-23T08:49:19.3446164Z rootdir: /home/runner/work/log-generation/log-generation
2026-09-23T08:49:19.3446356Z configfile: pytest.ini
2026-09-23T08:49:19.3498775Z collecting ... collected 6 items
2026-09-23T08:49:19.3498940Z 
2026-09-23T08:49:19.3504903Z tests/test_app.py::test_calculate_division PASSED                        [ 16%]
2026-09-23T08:49:19.3508746Z tests/test_app.py::test_convert_to_int PASSED                            [ 33%]
2026-09-23T08:49:19.3512750Z tests/test_app.py::test_get_list_item PASSED                             [ 50%]
2026-09-23T08:49:19.3515985Z tests/test_app.py::test_get_dict_value PASSED                            [ 66%]
2026-09-23T08:49:19.3519102Z tests/test_app.py::test_assert_positive PASSED                           [ 83%]
2026-09-23T08:49:19.3754591Z tests/test_app.py::test_file_not_found_error FAILED                      [100%]
2026-09-23T08:49:19.3754931Z 
2026-09-23T08:49:19.3755094Z =================================== FAILURES ===================================
2026-09-23T08:49:19.3755459Z __________________________ test_file_not_found_error ___________________________
2026-09-23T08:49:19.3755694Z 
2026-09-23T08:49:19.3755792Z     def test_file_not_found_error():
2026-09-23T08:49:19.3756062Z         """Injected synthetic FileNotFoundError."""
2026-09-23T08:49:19.3756361Z         from src.app import read_config_file
2026-09-23T08:49:19.3756683Z >       read_config_file("fixtures/non_existent_pipeline_config.json")
2026-09-23T08:49:19.3756920Z 
2026-09-23T08:49:19.3757006Z tests/test_app.py:139: 
2026-09-23T08:49:19.3757255Z _ _ _ _ _ _ _ _ _ _ _ _ _ _ _ _ _ _ _ _ _ _ _ _ _ _ _ _ _ _ _ _ _ _ _ _ _ _ _ _ 
2026-09-23T08:49:19.3757467Z 
2026-09-23T08:49:19.3757584Z path = 'fixtures/non_existent_pipeline_config.json'
2026-09-23T08:49:19.3757803Z 
2026-09-23T08:49:19.3757898Z     def read_config_file(path):
2026-09-23T08:49:19.3758113Z >       with open(path, "r") as f:
2026-09-23T08:49:19.3758330Z              ^^^^^^^^^^^^^^^
2026-09-23T08:49:19.3758705Z E       FileNotFoundError: [Errno 2] No such file or directory: 'fixtures/non_existent_pipeline_config.json'
2026-09-23T08:49:19.3759045Z 
2026-09-23T08:49:19.3759139Z src/app.py:17: FileNotFoundError
2026-09-23T08:49:19.3759416Z =========================== short test summary info ============================
2026-09-23T08:49:19.3760389Z FAILED tests/test_app.py::test_file_not_found_error - FileNotFoundError: [Errno 2] No such file or directory: 'fixtures/non_existent_pipeline_config.json'
2026-09-23T08:49:19.3761003Z ========================= 1 failed, 5 passed in 0.02s ==========================
2026-09-23T08:49:19.3919870Z ##[error]Process completed with exit code 1.
2026-09-23T08:49:19.4004980Z Node 20 is being deprecated. This workflow is running with Node 24 by default. If you need to temporarily use Node 20, you can set the ACTIONS_ALLOW_USE_UNSECURE_NODE_VERSION=true environment variable. For more information see: https://github.blog/changelog/2025-09-19-deprecation-of-node-20-on-github-actions-runners/
2026-09-23T08:49:19.4005624Z Post job cleanup.
2026-09-23T08:49:19.4536880Z [command]/usr/bin/git version
2026-09-23T08:49:19.4570411Z git version 2.55.0
2026-09-23T08:49:19.4595841Z Temporarily overriding HOME='/home/runner/work/_temp/0006c396-7c94-4beb-8ec8-149fe997222f' before making global git config changes
2026-09-23T08:49:19.4596517Z Adding repository directory to the temporary git global config as a safe directory
2026-09-23T08:49:19.4599044Z [command]/usr/bin/git config --global --add safe.directory /home/runner/work/log-generation/log-generation
2026-09-23T08:49:19.4635463Z [command]/usr/bin/git config --local --name-only --get-regexp core\.sshCommand
2026-09-23T08:49:19.4674183Z [command]/usr/bin/git submodule foreach --recursive sh -c "git config --local --name-only --get-regexp 'core\.sshCommand' && git config --local --unset-all 'core.sshCommand' || :"
2026-09-23T08:49:19.4895525Z [command]/usr/bin/git config --local --name-only --get-regexp http\.https\:\/\/github\.com\/\.extraheader
2026-09-23T08:49:19.4939866Z http.https://github.com/.extraheader
2026-09-23T08:49:19.4953836Z [command]/usr/bin/git config --local --unset-all http.https://github.com/.extraheader
2026-09-23T08:49:19.4984310Z [command]/usr/bin/git submodule foreach --recursive sh -c "git config --local --name-only --get-regexp 'http\.https\:\/\/github\.com\/\.extraheader' && git config --local --unset-all 'http.https://github.com/.extraheader' || :"
2026-09-23T08:49:19.5223961Z [command]/usr/bin/git config --local --name-only --get-regexp ^includeIf\.gitdir:
2026-09-23T08:49:19.5254495Z [command]/usr/bin/git submodule foreach --recursive git config --local --show-origin --name-only --get-regexp remote.origin.url
2026-09-23T08:49:19.5546167Z Cleaning up orphan processes
2026-09-23T08:49:19.5740151Z ##[warning]Node.js 20 is deprecated. The following actions target Node.js 20 but are being forced to run on Node.js 24: actions/checkout@v4, actions/setup-python@v5. For more information see: https://github.blog/changelog/2025-09-19-deprecation-of-node-20-on-github-actions-runners/
