ï»¿2026-09-23T08:49:24.2309461Z Current runner version: '2.337.0'
2026-09-23T08:49:24.2327966Z ##[group]Runner Image Provisioner
2026-09-23T08:49:24.2328648Z Hosted Compute Agent
2026-09-23T08:49:24.2329185Z Version: 20260828.587
2026-09-23T08:49:24.2329770Z Commit: abac92662cab4cc7352de4f9f9d2e2419aad9c29
2026-09-23T08:49:24.2330367Z Build Date: 2026-08-28T16:44:25Z
2026-09-23T08:49:24.2331016Z Worker ID: {9480f7e2-e19f-45d8-a3bf-2ea5cf64e8b5}
2026-09-23T08:49:24.2331600Z Azure Region: centralus
2026-09-23T08:49:24.2332095Z ##[endgroup]
2026-09-23T08:49:24.2333738Z ##[group]Operating System
2026-09-23T08:49:24.2334231Z Ubuntu
2026-09-23T08:49:24.2334699Z 24.04.5
2026-09-23T08:49:24.2335166Z LTS
2026-09-23T08:49:24.2335849Z ##[endgroup]
2026-09-23T08:49:24.2336417Z ##[group]Runner Image
2026-09-23T08:49:24.2336991Z Image: ubuntu-24.04
2026-09-23T08:49:24.2337660Z Version: 20260920.314.1
2026-09-23T08:49:24.2338745Z Included Software: https://github.com/actions/runner-images/blob/ubuntu24/20260920.314/images/ubuntu/Ubuntu2404-Readme.md
2026-09-23T08:49:24.2340266Z Image Release: https://github.com/actions/runner-images/releases/tag/ubuntu24%2F20260920.314
2026-09-23T08:49:24.2341196Z ##[endgroup]
2026-09-23T08:49:24.2342232Z ##[group]GITHUB_TOKEN Permissions
2026-09-23T08:49:24.2344079Z Contents: read
2026-09-23T08:49:24.2344665Z Metadata: read
2026-09-23T08:49:24.2345152Z Packages: read
2026-09-23T08:49:24.2345591Z ##[endgroup]
2026-09-23T08:49:24.2347500Z Secret source: Actions
2026-09-23T08:49:24.2348261Z Cache mode: write
2026-09-23T08:49:24.2349122Z Prepare workflow directory
2026-09-23T08:49:24.2583343Z Prepare all required actions
2026-09-23T08:49:24.2612085Z Getting action download info
2026-09-23T08:49:24.4709642Z Download action repository 'actions/checkout@v4' (SHA:11d5960a326750d5838078e36cf38b85af677262)
2026-09-23T08:49:24.5432783Z Download action repository 'actions/setup-python@v5' (SHA:a26af69be951a213d495a4c3e4e4022e16d87065)
2026-09-23T08:49:24.6862700Z Complete job name: test-f3 (FileNotFoundError #132)
2026-09-23T08:49:24.7340182Z Node 20 is being deprecated. This workflow is running with Node 24 by default. If you need to temporarily use Node 20, you can set the ACTIONS_ALLOW_USE_UNSECURE_NODE_VERSION=true environment variable. For more information see: https://github.blog/changelog/2025-09-19-deprecation-of-node-20-on-github-actions-runners/
2026-09-23T08:49:24.7345603Z ##[group]Run actions/checkout@v4
2026-09-23T08:49:24.7345949Z with:
2026-09-23T08:49:24.7346252Z   fetch-depth: 1
2026-09-23T08:49:24.7346501Z   repository: DhruvHegde/log-generation
2026-09-23T08:49:24.7348764Z   token: ***
2026-09-23T08:49:24.7348987Z   ssh-strict: true
2026-09-23T08:49:24.7349217Z   ssh-user: git
2026-09-23T08:49:24.7349452Z   persist-credentials: true
2026-09-23T08:49:24.7349755Z   clean: true
2026-09-23T08:49:24.7350028Z   sparse-checkout-cone-mode: true
2026-09-23T08:49:24.7350303Z   fetch-tags: false
2026-09-23T08:49:24.7350537Z   show-progress: true
2026-09-23T08:49:24.7350769Z   lfs: false
2026-09-23T08:49:24.7351016Z   submodules: false
2026-09-23T08:49:24.7351263Z   set-safe-directory: true
2026-09-23T08:49:24.7351533Z   allow-unsafe-pr-checkout: false
2026-09-23T08:49:24.7351930Z ##[endgroup]
2026-09-23T08:49:24.7979854Z Syncing repository: DhruvHegde/log-generation
2026-09-23T08:49:24.7981333Z ##[group]Getting Git version info
2026-09-23T08:49:24.7982073Z Working directory is '/home/runner/work/log-generation/log-generation'
2026-09-23T08:49:24.7982688Z [command]/usr/bin/git version
2026-09-23T08:49:24.8072763Z git version 2.55.0
2026-09-23T08:49:24.8090152Z ##[endgroup]
2026-09-23T08:49:24.8101590Z Temporarily overriding HOME='/home/runner/work/_temp/cb6d5116-41e1-4efa-8183-1458e2f201bd' before making global git config changes
2026-09-23T08:49:24.8102848Z Adding repository directory to the temporary git global config as a safe directory
2026-09-23T08:49:24.8105325Z [command]/usr/bin/git config --global --add safe.directory /home/runner/work/log-generation/log-generation
2026-09-23T08:49:24.8149957Z Deleting the contents of '/home/runner/work/log-generation/log-generation'
2026-09-23T08:49:24.8152602Z ##[group]Initializing the repository
2026-09-23T08:49:24.8155489Z [command]/usr/bin/git init /home/runner/work/log-generation/log-generation
2026-09-23T08:49:24.8246173Z hint: Using 'master' as the name for the initial branch. This default branch name
2026-09-23T08:49:24.8246955Z hint: will change to "main" in Git 3.0. To configure the initial branch name
2026-09-23T08:49:24.8247582Z hint: to use in all of your new repositories, which will suppress this warning,
2026-09-23T08:49:24.8248366Z hint: call:
2026-09-23T08:49:24.8248688Z hint:
2026-09-23T08:49:24.8249109Z hint: 	git config --global init.defaultBranch <name>
2026-09-23T08:49:24.8249618Z hint:
2026-09-23T08:49:24.8250067Z hint: Names commonly chosen instead of 'master' are 'main', 'trunk' and
2026-09-23T08:49:24.8250821Z hint: 'development'. The just-created branch can be renamed via this command:
2026-09-23T08:49:24.8251422Z hint:
2026-09-23T08:49:24.8251829Z hint: 	git branch -m <name>
2026-09-23T08:49:24.8252232Z hint:
2026-09-23T08:49:24.8252745Z hint: Disable this message with "git config set advice.defaultBranchName false"
2026-09-23T08:49:24.8253616Z Initialized empty Git repository in /home/runner/work/log-generation/log-generation/.git/
2026-09-23T08:49:24.8258457Z [command]/usr/bin/git remote add origin https://github.com/DhruvHegde/log-generation
2026-09-23T08:49:24.8305532Z ##[endgroup]
2026-09-23T08:49:24.8306175Z ##[group]Disabling automatic garbage collection
2026-09-23T08:49:24.8308755Z [command]/usr/bin/git config --local gc.auto 0
2026-09-23T08:49:24.8336462Z ##[endgroup]
2026-09-23T08:49:24.8337044Z ##[group]Setting up auth
2026-09-23T08:49:24.8341614Z [command]/usr/bin/git config --local --name-only --get-regexp core\.sshCommand
2026-09-23T08:49:24.8369297Z [command]/usr/bin/git submodule foreach --recursive sh -c "git config --local --name-only --get-regexp 'core\.sshCommand' && git config --local --unset-all 'core.sshCommand' || :"
2026-09-23T08:49:24.8666831Z [command]/usr/bin/git config --local --name-only --get-regexp http\.https\:\/\/github\.com\/\.extraheader
2026-09-23T08:49:24.8694242Z [command]/usr/bin/git submodule foreach --recursive sh -c "git config --local --name-only --get-regexp 'http\.https\:\/\/github\.com\/\.extraheader' && git config --local --unset-all 'http.https://github.com/.extraheader' || :"
2026-09-23T08:49:24.8859649Z [command]/usr/bin/git config --local --name-only --get-regexp ^includeIf\.gitdir:
2026-09-23T08:49:24.8885471Z [command]/usr/bin/git submodule foreach --recursive git config --local --show-origin --name-only --get-regexp remote.origin.url
2026-09-23T08:49:24.9049471Z [command]/usr/bin/git config --local http.https://github.com/.extraheader AUTHORIZATION: basic ***
2026-09-23T08:49:24.9080981Z ##[endgroup]
2026-09-23T08:49:24.9081403Z ##[group]Fetching the repository
2026-09-23T08:49:24.9086990Z [command]/usr/bin/git -c protocol.version=2 fetch --no-tags --prune --no-recurse-submodules --depth=1 origin +43f20917de93b9aad51cf79a69ad5239c5632917:refs/remotes/origin/feature/f3-test-failures
2026-09-23T08:49:25.4433667Z From https://github.com/DhruvHegde/log-generation
2026-09-23T08:49:25.4434652Z  * [new ref]         43f20917de93b9aad51cf79a69ad5239c5632917 -> origin/feature/f3-test-failures
2026-09-23T08:49:25.4438572Z ##[endgroup]
2026-09-23T08:49:25.4439258Z ##[group]Determining the checkout info
2026-09-23T08:49:25.4440777Z ##[endgroup]
2026-09-23T08:49:25.4445289Z [command]/usr/bin/git sparse-checkout disable
2026-09-23T08:49:25.4488235Z [command]/usr/bin/git config --local --unset-all extensions.worktreeConfig
2026-09-23T08:49:25.4514012Z ##[group]Checking out the ref
2026-09-23T08:49:25.4516371Z [command]/usr/bin/git checkout --progress --force -B feature/f3-test-failures refs/remotes/origin/feature/f3-test-failures
2026-09-23T08:49:25.4792245Z Switched to a new branch 'feature/f3-test-failures'
2026-09-23T08:49:25.4796064Z branch 'feature/f3-test-failures' set up to track 'origin/feature/f3-test-failures'.
2026-09-23T08:49:25.4801848Z ##[endgroup]
2026-09-23T08:49:25.4835873Z [command]/usr/bin/git log -1 --format=%H
2026-09-23T08:49:25.4856233Z 43f20917de93b9aad51cf79a69ad5239c5632917
2026-09-23T08:49:25.5041482Z Node 20 is being deprecated. This workflow is running with Node 24 by default. If you need to temporarily use Node 20, you can set the ACTIONS_ALLOW_USE_UNSECURE_NODE_VERSION=true environment variable. For more information see: https://github.blog/changelog/2025-09-19-deprecation-of-node-20-on-github-actions-runners/
2026-09-23T08:49:25.5042981Z ##[group]Run actions/setup-python@v5
2026-09-23T08:49:25.5043285Z with:
2026-09-23T08:49:25.5043524Z   python-version: 3.11
2026-09-23T08:49:25.5043793Z   check-latest: false
2026-09-23T08:49:25.5045778Z   token: ***
2026-09-23T08:49:25.5046028Z   update-environment: true
2026-09-23T08:49:25.5046317Z   allow-prereleases: false
2026-09-23T08:49:25.5046592Z   freethreaded: false
2026-09-23T08:49:25.5046850Z ##[endgroup]
2026-09-23T08:49:25.5830560Z ##[group]Installed versions
2026-09-23T08:49:25.5896675Z (node:2033) [DEP0040] DeprecationWarning: The `punycode` module is deprecated. Please use a userland alternative instead.
2026-09-23T08:49:25.5897993Z (Use `node --trace-deprecation ...` to show where the warning was created)
2026-09-23T08:49:25.5898693Z Successfully set up CPython (3.11.16)
2026-09-23T08:49:25.5899435Z ##[endgroup]
2026-09-23T08:49:25.6042336Z ##[group]Run pip install --no-cache-dir pytest
2026-09-23T08:49:25.6042870Z [36;1mpip install --no-cache-dir pytest[0m
2026-09-23T08:49:25.6296274Z shell: /usr/bin/bash -e {0}
2026-09-23T08:49:25.6296685Z env:
2026-09-23T08:49:25.6297012Z   pythonLocation: /opt/hostedtoolcache/Python/3.11.16/x64
2026-09-23T08:49:25.6297622Z   PKG_CONFIG_PATH: /opt/hostedtoolcache/Python/3.11.16/x64/lib/pkgconfig
2026-09-23T08:49:25.6298092Z   Python_ROOT_DIR: /opt/hostedtoolcache/Python/3.11.16/x64
2026-09-23T08:49:25.6298512Z   Python2_ROOT_DIR: /opt/hostedtoolcache/Python/3.11.16/x64
2026-09-23T08:49:25.6298937Z   Python3_ROOT_DIR: /opt/hostedtoolcache/Python/3.11.16/x64
2026-09-23T08:49:25.6299388Z   LD_LIBRARY_PATH: /opt/hostedtoolcache/Python/3.11.16/x64/lib
2026-09-23T08:49:25.6299759Z ##[endgroup]
2026-09-23T08:49:26.3066980Z Collecting pytest
2026-09-23T08:49:26.3744045Z   Downloading pytest-9.1.1-py3-none-any.whl.metadata (7.6 kB)
2026-09-23T08:49:26.3873407Z Collecting iniconfig>=1.0.1 (from pytest)
2026-09-23T08:49:26.3999452Z   Downloading iniconfig-2.3.0-py3-none-any.whl.metadata (2.5 kB)
2026-09-23T08:49:26.4140742Z Collecting packaging>=22 (from pytest)
2026-09-23T08:49:26.4265650Z   Downloading packaging-26.3-py3-none-any.whl.metadata (3.5 kB)
2026-09-23T08:49:26.4395097Z Collecting pluggy<2,>=1.5 (from pytest)
2026-09-23T08:49:26.4519644Z   Downloading pluggy-1.6.0-py3-none-any.whl.metadata (4.8 kB)
2026-09-23T08:49:26.4698102Z Collecting pygments>=2.7.2 (from pytest)
2026-09-23T08:49:26.4822968Z   Downloading pygments-2.21.0-py3-none-any.whl.metadata (2.5 kB)
2026-09-23T08:49:26.4962220Z Downloading pytest-9.1.1-py3-none-any.whl (386 kB)
2026-09-23T08:49:26.5533340Z Downloading pluggy-1.6.0-py3-none-any.whl (20 kB)
2026-09-23T08:49:26.5656202Z Downloading iniconfig-2.3.0-py3-none-any.whl (7.5 kB)
2026-09-23T08:49:26.5780065Z Downloading packaging-26.3-py3-none-any.whl (129 kB)
2026-09-23T08:49:26.5920710Z Downloading pygments-2.21.0-py3-none-any.whl (1.3 MB)
2026-09-23T08:49:26.6312028Z    ââââââââââââââââââââââââââââââââââââââââ 1.3/1.3 MB 38.1 MB/s  0:00:00
2026-09-23T08:49:26.6757053Z Installing collected packages: pygments, pluggy, packaging, iniconfig, pytest
2026-09-23T08:49:27.2513873Z 
2026-09-23T08:49:27.2522004Z Successfully installed iniconfig-2.3.0 packaging-26.3 pluggy-1.6.0 pygments-2.21.0 pytest-9.1.1
2026-09-23T08:49:27.2936952Z ##[group]Run python automation/inject_mutation.py --error-type "FileNotFoundError"
2026-09-23T08:49:27.2937443Z [36;1mpython automation/inject_mutation.py --error-type "FileNotFoundError"[0m
2026-09-23T08:49:27.2990333Z shell: /usr/bin/bash -e {0}
2026-09-23T08:49:27.2990469Z env:
2026-09-23T08:49:27.2990781Z   pythonLocation: /opt/hostedtoolcache/Python/3.11.16/x64
2026-09-23T08:49:27.2991010Z   PKG_CONFIG_PATH: /opt/hostedtoolcache/Python/3.11.16/x64/lib/pkgconfig
2026-09-23T08:49:27.2991235Z   Python_ROOT_DIR: /opt/hostedtoolcache/Python/3.11.16/x64
2026-09-23T08:49:27.2991438Z   Python2_ROOT_DIR: /opt/hostedtoolcache/Python/3.11.16/x64
2026-09-23T08:49:27.2991652Z   Python3_ROOT_DIR: /opt/hostedtoolcache/Python/3.11.16/x64
2026-09-23T08:49:27.2991854Z   LD_LIBRARY_PATH: /opt/hostedtoolcache/Python/3.11.16/x64/lib
2026-09-23T08:49:27.2992057Z ##[endgroup]
2026-09-23T08:49:27.3208664Z [Mutation Injected] Successfully injected FileNotFoundError into tests/test_app.py
2026-09-23T08:49:27.3256770Z ##[group]Run pytest tests/test_app.py -v
2026-09-23T08:49:27.3256959Z [36;1mpytest tests/test_app.py -v[0m
2026-09-23T08:49:27.3302210Z shell: /usr/bin/bash -e {0}
2026-09-23T08:49:27.3302347Z env:
2026-09-23T08:49:27.3302493Z   pythonLocation: /opt/hostedtoolcache/Python/3.11.16/x64
2026-09-23T08:49:27.3302731Z   PKG_CONFIG_PATH: /opt/hostedtoolcache/Python/3.11.16/x64/lib/pkgconfig
2026-09-23T08:49:27.3302951Z   Python_ROOT_DIR: /opt/hostedtoolcache/Python/3.11.16/x64
2026-09-23T08:49:27.3303152Z   Python2_ROOT_DIR: /opt/hostedtoolcache/Python/3.11.16/x64
2026-09-23T08:49:27.3303350Z   Python3_ROOT_DIR: /opt/hostedtoolcache/Python/3.11.16/x64
2026-09-23T08:49:27.3303551Z   LD_LIBRARY_PATH: /opt/hostedtoolcache/Python/3.11.16/x64/lib
2026-09-23T08:49:27.3303719Z ##[endgroup]
2026-09-23T08:49:27.7618355Z ============================= test session starts ==============================
2026-09-23T08:49:27.7658300Z platform linux -- Python 3.11.16, pytest-9.1.1, pluggy-1.6.0 -- /opt/hostedtoolcache/Python/3.11.16/x64/bin/python
2026-09-23T08:49:27.7658677Z cachedir: .pytest_cache
2026-09-23T08:49:27.7658845Z rootdir: /home/runner/work/log-generation/log-generation
2026-09-23T08:49:27.7659099Z configfile: pytest.ini
2026-09-23T08:49:27.7667840Z collecting ... collected 6 items
2026-09-23T08:49:27.7667994Z 
2026-09-23T08:49:27.7674504Z tests/test_app.py::test_calculate_division PASSED                        [ 16%]
2026-09-23T08:49:27.7680021Z tests/test_app.py::test_convert_to_int PASSED                            [ 33%]
2026-09-23T08:49:27.7685800Z tests/test_app.py::test_get_list_item PASSED                             [ 50%]
2026-09-23T08:49:27.7690858Z tests/test_app.py::test_get_dict_value PASSED                            [ 66%]
2026-09-23T08:49:27.7695840Z tests/test_app.py::test_assert_positive PASSED                           [ 83%]
2026-09-23T08:49:27.7940595Z tests/test_app.py::test_file_not_found_error FAILED                      [100%]
2026-09-23T08:49:27.7940858Z 
2026-09-23T08:49:27.7941002Z =================================== FAILURES ===================================
2026-09-23T08:49:27.7941271Z __________________________ test_file_not_found_error ___________________________
2026-09-23T08:49:27.7941407Z 
2026-09-23T08:49:27.7941467Z     def test_file_not_found_error():
2026-09-23T08:49:27.7941632Z         """Injected synthetic FileNotFoundError."""
2026-09-23T08:49:27.7941911Z         from src.app import read_config_file
2026-09-23T08:49:27.7942205Z >       read_config_file("fixtures/non_existent_pipeline_config.json")
2026-09-23T08:49:27.7942421Z 
2026-09-23T08:49:27.7942500Z tests/test_app.py:139: 
2026-09-23T08:49:27.7942740Z _ _ _ _ _ _ _ _ _ _ _ _ _ _ _ _ _ _ _ _ _ _ _ _ _ _ _ _ _ _ _ _ _ _ _ _ _ _ _ _ 
2026-09-23T08:49:27.7942936Z 
2026-09-23T08:49:27.7943048Z path = 'fixtures/non_existent_pipeline_config.json'
2026-09-23T08:49:27.7943246Z 
2026-09-23T08:49:27.7943333Z     def read_config_file(path):
2026-09-23T08:49:27.7943548Z >       with open(path, "r") as f:
2026-09-23T08:49:27.7943761Z              ^^^^^^^^^^^^^^^
2026-09-23T08:49:27.7944154Z E       FileNotFoundError: [Errno 2] No such file or directory: 'fixtures/non_existent_pipeline_config.json'
2026-09-23T08:49:27.7944473Z 
2026-09-23T08:49:27.7944562Z src/app.py:17: FileNotFoundError
2026-09-23T08:49:27.7944825Z =========================== short test summary info ============================
2026-09-23T08:49:27.7945695Z FAILED tests/test_app.py::test_file_not_found_error - FileNotFoundError: [Errno 2] No such file or directory: 'fixtures/non_existent_pipeline_config.json'
2026-09-23T08:49:27.7946257Z ========================= 1 failed, 5 passed in 0.02s ==========================
2026-09-23T08:49:27.8086384Z ##[error]Process completed with exit code 1.
2026-09-23T08:49:27.8171326Z Node 20 is being deprecated. This workflow is running with Node 24 by default. If you need to temporarily use Node 20, you can set the ACTIONS_ALLOW_USE_UNSECURE_NODE_VERSION=true environment variable. For more information see: https://github.blog/changelog/2025-09-19-deprecation-of-node-20-on-github-actions-runners/
2026-09-23T08:49:27.8171931Z Post job cleanup.
2026-09-23T08:49:27.8677694Z [command]/usr/bin/git version
2026-09-23T08:49:27.8706542Z git version 2.55.0
2026-09-23T08:49:27.8728265Z Temporarily overriding HOME='/home/runner/work/_temp/ce3c62b0-3d49-42ba-a789-de91d1482369' before making global git config changes
2026-09-23T08:49:27.8729266Z Adding repository directory to the temporary git global config as a safe directory
2026-09-23T08:49:27.8731399Z [command]/usr/bin/git config --global --add safe.directory /home/runner/work/log-generation/log-generation
2026-09-23T08:49:27.8758567Z [command]/usr/bin/git config --local --name-only --get-regexp core\.sshCommand
2026-09-23T08:49:27.8782576Z [command]/usr/bin/git submodule foreach --recursive sh -c "git config --local --name-only --get-regexp 'core\.sshCommand' && git config --local --unset-all 'core.sshCommand' || :"
2026-09-23T08:49:27.8976672Z [command]/usr/bin/git config --local --name-only --get-regexp http\.https\:\/\/github\.com\/\.extraheader
2026-09-23T08:49:27.9011829Z http.https://github.com/.extraheader
2026-09-23T08:49:27.9013023Z [command]/usr/bin/git config --local --unset-all http.https://github.com/.extraheader
2026-09-23T08:49:27.9037126Z [command]/usr/bin/git submodule foreach --recursive sh -c "git config --local --name-only --get-regexp 'http\.https\:\/\/github\.com\/\.extraheader' && git config --local --unset-all 'http.https://github.com/.extraheader' || :"
2026-09-23T08:49:27.9225263Z [command]/usr/bin/git config --local --name-only --get-regexp ^includeIf\.gitdir:
2026-09-23T08:49:27.9252912Z [command]/usr/bin/git submodule foreach --recursive git config --local --show-origin --name-only --get-regexp remote.origin.url
2026-09-23T08:49:27.9527656Z Cleaning up orphan processes
2026-09-23T08:49:27.9703199Z ##[warning]Node.js 20 is deprecated. The following actions target Node.js 20 but are being forced to run on Node.js 24: actions/checkout@v4, actions/setup-python@v5. For more information see: https://github.blog/changelog/2025-09-19-deprecation-of-node-20-on-github-actions-runners/
