ï»¿2026-09-23T08:44:12.8015664Z Current runner version: '2.337.0'
2026-09-23T08:44:12.8041398Z ##[group]Runner Image Provisioner
2026-09-23T08:44:12.8042171Z Hosted Compute Agent
2026-09-23T08:44:12.8042680Z Version: 20260828.587
2026-09-23T08:44:12.8043321Z Commit: abac92662cab4cc7352de4f9f9d2e2419aad9c29
2026-09-23T08:44:12.8043981Z Build Date: 2026-08-28T16:44:25Z
2026-09-23T08:44:12.8044595Z Worker ID: {ab5121a1-d8a0-43cf-ad21-d3e3ac4fb451}
2026-09-23T08:44:12.8045239Z Azure Region: westus3
2026-09-23T08:44:12.8045755Z ##[endgroup]
2026-09-23T08:44:12.8047444Z ##[group]Operating System
2026-09-23T08:44:12.8048009Z Ubuntu
2026-09-23T08:44:12.8048503Z 24.04.5
2026-09-23T08:44:12.8048970Z LTS
2026-09-23T08:44:12.8049420Z ##[endgroup]
2026-09-23T08:44:12.8050276Z ##[group]Runner Image
2026-09-23T08:44:12.8051144Z Image: ubuntu-24.04
2026-09-23T08:44:12.8051628Z Version: 20260907.300.1
2026-09-23T08:44:12.8052797Z Included Software: https://github.com/actions/runner-images/blob/ubuntu24/20260907.300/images/ubuntu/Ubuntu2404-Readme.md
2026-09-23T08:44:12.8054194Z Image Release: https://github.com/actions/runner-images/releases/tag/ubuntu24%2F20260907.300
2026-09-23T08:44:12.8055041Z ##[endgroup]
2026-09-23T08:44:12.8056208Z ##[group]GITHUB_TOKEN Permissions
2026-09-23T08:44:12.8058348Z Contents: read
2026-09-23T08:44:12.8058894Z Metadata: read
2026-09-23T08:44:12.8059467Z Packages: read
2026-09-23T08:44:12.8059962Z ##[endgroup]
2026-09-23T08:44:12.8062263Z Secret source: Actions
2026-09-23T08:44:12.8063099Z Cache mode: write
2026-09-23T08:44:12.8064073Z Prepare workflow directory
2026-09-23T08:44:12.8387028Z Prepare all required actions
2026-09-23T08:44:12.8434598Z Getting action download info
2026-09-23T08:44:13.1605608Z Download action repository 'actions/checkout@v4' (SHA:11d5960a326750d5838078e36cf38b85af677262)
2026-09-23T08:44:13.2527306Z Download action repository 'actions/setup-python@v5' (SHA:a26af69be951a213d495a4c3e4e4022e16d87065)
2026-09-23T08:44:13.4065374Z Complete job name: test-f3 (KeyError #94)
2026-09-23T08:44:13.4745365Z Node 20 is being deprecated. This workflow is running with Node 24 by default. If you need to temporarily use Node 20, you can set the ACTIONS_ALLOW_USE_UNSECURE_NODE_VERSION=true environment variable. For more information see: https://github.blog/changelog/2025-09-19-deprecation-of-node-20-on-github-actions-runners/
2026-09-23T08:44:13.4754025Z ##[group]Run actions/checkout@v4
2026-09-23T08:44:13.4754767Z with:
2026-09-23T08:44:13.4755287Z   fetch-depth: 1
2026-09-23T08:44:13.4755852Z   repository: DhruvHegde/log-generation
2026-09-23T08:44:13.4762836Z   token: ***
2026-09-23T08:44:13.4763631Z   ssh-strict: true
2026-09-23T08:44:13.4764499Z   ssh-user: git
2026-09-23T08:44:13.4765391Z   persist-credentials: true
2026-09-23T08:44:13.4766370Z   clean: true
2026-09-23T08:44:13.4767424Z   sparse-checkout-cone-mode: true
2026-09-23T08:44:13.4768454Z   fetch-tags: false
2026-09-23T08:44:13.4769274Z   show-progress: true
2026-09-23T08:44:13.4770019Z   lfs: false
2026-09-23T08:44:13.4771109Z   submodules: false
2026-09-23T08:44:13.4771895Z   set-safe-directory: true
2026-09-23T08:44:13.4772817Z   allow-unsafe-pr-checkout: false
2026-09-23T08:44:13.4774251Z ##[endgroup]
2026-09-23T08:44:13.5922805Z Syncing repository: DhruvHegde/log-generation
2026-09-23T08:44:13.5925607Z ##[group]Getting Git version info
2026-09-23T08:44:13.5927006Z Working directory is '/home/runner/work/log-generation/log-generation'
2026-09-23T08:44:13.5928936Z [command]/usr/bin/git version
2026-09-23T08:44:13.5948146Z git version 2.55.0
2026-09-23T08:44:13.5968180Z ##[endgroup]
2026-09-23T08:44:13.5981652Z Temporarily overriding HOME='/home/runner/work/_temp/00c64d76-a963-4748-b9c6-d49ab3f721d1' before making global git config changes
2026-09-23T08:44:13.5984383Z Adding repository directory to the temporary git global config as a safe directory
2026-09-23T08:44:13.5986821Z [command]/usr/bin/git config --global --add safe.directory /home/runner/work/log-generation/log-generation
2026-09-23T08:44:13.6030226Z Deleting the contents of '/home/runner/work/log-generation/log-generation'
2026-09-23T08:44:13.6049652Z ##[group]Initializing the repository
2026-09-23T08:44:13.6052084Z [command]/usr/bin/git init /home/runner/work/log-generation/log-generation
2026-09-23T08:44:13.6126837Z hint: Using 'master' as the name for the initial branch. This default branch name
2026-09-23T08:44:13.6128869Z hint: will change to "main" in Git 3.0. To configure the initial branch name
2026-09-23T08:44:13.6130691Z hint: to use in all of your new repositories, which will suppress this warning,
2026-09-23T08:44:13.6131624Z hint: call:
2026-09-23T08:44:13.6132252Z hint:
2026-09-23T08:44:13.6133034Z hint: 	git config --global init.defaultBranch <name>
2026-09-23T08:44:13.6134196Z hint:
2026-09-23T08:44:13.6135086Z hint: Names commonly chosen instead of 'master' are 'main', 'trunk' and
2026-09-23T08:44:13.6136385Z hint: 'development'. The just-created branch can be renamed via this command:
2026-09-23T08:44:13.6137243Z hint:
2026-09-23T08:44:13.6137980Z hint: 	git branch -m <name>
2026-09-23T08:44:13.6138665Z hint:
2026-09-23T08:44:13.6139736Z hint: Disable this message with "git config set advice.defaultBranchName false"
2026-09-23T08:44:13.6141579Z Initialized empty Git repository in /home/runner/work/log-generation/log-generation/.git/
2026-09-23T08:44:13.6144282Z [command]/usr/bin/git remote add origin https://github.com/DhruvHegde/log-generation
2026-09-23T08:44:13.6184365Z ##[endgroup]
2026-09-23T08:44:13.6185859Z ##[group]Disabling automatic garbage collection
2026-09-23T08:44:13.6193594Z [command]/usr/bin/git config --local gc.auto 0
2026-09-23T08:44:13.6214970Z ##[endgroup]
2026-09-23T08:44:13.6216499Z ##[group]Setting up auth
2026-09-23T08:44:13.6221895Z [command]/usr/bin/git config --local --name-only --get-regexp core\.sshCommand
2026-09-23T08:44:13.6251188Z [command]/usr/bin/git submodule foreach --recursive sh -c "git config --local --name-only --get-regexp 'core\.sshCommand' && git config --local --unset-all 'core.sshCommand' || :"
2026-09-23T08:44:13.6548395Z [command]/usr/bin/git config --local --name-only --get-regexp http\.https\:\/\/github\.com\/\.extraheader
2026-09-23T08:44:13.6582333Z [command]/usr/bin/git submodule foreach --recursive sh -c "git config --local --name-only --get-regexp 'http\.https\:\/\/github\.com\/\.extraheader' && git config --local --unset-all 'http.https://github.com/.extraheader' || :"
2026-09-23T08:44:13.6785937Z [command]/usr/bin/git config --local --name-only --get-regexp ^includeIf\.gitdir:
2026-09-23T08:44:13.6818826Z [command]/usr/bin/git submodule foreach --recursive git config --local --show-origin --name-only --get-regexp remote.origin.url
2026-09-23T08:44:13.6994540Z [command]/usr/bin/git config --local http.https://github.com/.extraheader AUTHORIZATION: basic ***
2026-09-23T08:44:13.7026639Z ##[endgroup]
2026-09-23T08:44:13.7036050Z ##[group]Fetching the repository
2026-09-23T08:44:13.7038643Z [command]/usr/bin/git -c protocol.version=2 fetch --no-tags --prune --no-recurse-submodules --depth=1 origin +dfcb6f158e4bd8054252a4da5d0a9edc2ab15d57:refs/remotes/origin/feature/f3-test-failures
2026-09-23T08:44:14.1620676Z From https://github.com/DhruvHegde/log-generation
2026-09-23T08:44:14.1624250Z  * [new ref]         dfcb6f158e4bd8054252a4da5d0a9edc2ab15d57 -> origin/feature/f3-test-failures
2026-09-23T08:44:14.1627023Z ##[endgroup]
2026-09-23T08:44:14.1627913Z ##[group]Determining the checkout info
2026-09-23T08:44:14.1629377Z ##[endgroup]
2026-09-23T08:44:14.1635490Z [command]/usr/bin/git sparse-checkout disable
2026-09-23T08:44:14.1679575Z [command]/usr/bin/git config --local --unset-all extensions.worktreeConfig
2026-09-23T08:44:14.1706213Z ##[group]Checking out the ref
2026-09-23T08:44:14.1709885Z [command]/usr/bin/git checkout --progress --force -B feature/f3-test-failures refs/remotes/origin/feature/f3-test-failures
2026-09-23T08:44:14.1767037Z Switched to a new branch 'feature/f3-test-failures'
2026-09-23T08:44:14.1771803Z branch 'feature/f3-test-failures' set up to track 'origin/feature/f3-test-failures'.
2026-09-23T08:44:14.1775352Z ##[endgroup]
2026-09-23T08:44:14.1808569Z [command]/usr/bin/git log -1 --format=%H
2026-09-23T08:44:14.1829751Z dfcb6f158e4bd8054252a4da5d0a9edc2ab15d57
2026-09-23T08:44:14.2063017Z Node 20 is being deprecated. This workflow is running with Node 24 by default. If you need to temporarily use Node 20, you can set the ACTIONS_ALLOW_USE_UNSECURE_NODE_VERSION=true environment variable. For more information see: https://github.blog/changelog/2025-09-19-deprecation-of-node-20-on-github-actions-runners/
2026-09-23T08:44:14.2065670Z ##[group]Run actions/setup-python@v5
2026-09-23T08:44:14.2066375Z with:
2026-09-23T08:44:14.2066780Z   python-version: 3.11
2026-09-23T08:44:14.2067191Z   check-latest: false
2026-09-23T08:44:14.2070890Z   token: ***
2026-09-23T08:44:14.2071280Z   update-environment: true
2026-09-23T08:44:14.2071719Z   allow-prereleases: false
2026-09-23T08:44:14.2072142Z   freethreaded: false
2026-09-23T08:44:14.2072542Z ##[endgroup]
2026-09-23T08:44:14.3371604Z ##[group]Installed versions
2026-09-23T08:44:14.3445671Z (node:2169) [DEP0040] DeprecationWarning: The `punycode` module is deprecated. Please use a userland alternative instead.
2026-09-23T08:44:14.3447900Z (Use `node --trace-deprecation ...` to show where the warning was created)
2026-09-23T08:44:14.3449229Z Successfully set up CPython (3.11.16)
2026-09-23T08:44:14.3450980Z ##[endgroup]
2026-09-23T08:44:14.3604490Z ##[group]Run pip install --no-cache-dir pytest
2026-09-23T08:44:14.3605769Z [36;1mpip install --no-cache-dir pytest[0m
2026-09-23T08:44:14.3654825Z shell: /usr/bin/bash -e {0}
2026-09-23T08:44:14.3655787Z env:
2026-09-23T08:44:14.3656744Z   pythonLocation: /opt/hostedtoolcache/Python/3.11.16/x64
2026-09-23T08:44:14.3658309Z   PKG_CONFIG_PATH: /opt/hostedtoolcache/Python/3.11.16/x64/lib/pkgconfig
2026-09-23T08:44:14.3659871Z   Python_ROOT_DIR: /opt/hostedtoolcache/Python/3.11.16/x64
2026-09-23T08:44:14.3661456Z   Python2_ROOT_DIR: /opt/hostedtoolcache/Python/3.11.16/x64
2026-09-23T08:44:14.3662893Z   Python3_ROOT_DIR: /opt/hostedtoolcache/Python/3.11.16/x64
2026-09-23T08:44:14.3664395Z   LD_LIBRARY_PATH: /opt/hostedtoolcache/Python/3.11.16/x64/lib
2026-09-23T08:44:14.3665618Z ##[endgroup]
2026-09-23T08:44:15.0721317Z Collecting pytest
2026-09-23T08:44:15.1430977Z   Downloading pytest-9.1.1-py3-none-any.whl.metadata (7.6 kB)
2026-09-23T08:44:15.1530987Z Collecting iniconfig>=1.0.1 (from pytest)
2026-09-23T08:44:15.1632745Z   Downloading iniconfig-2.3.0-py3-none-any.whl.metadata (2.5 kB)
2026-09-23T08:44:15.1756026Z Collecting packaging>=22 (from pytest)
2026-09-23T08:44:15.1859095Z   Downloading packaging-26.3-py3-none-any.whl.metadata (3.5 kB)
2026-09-23T08:44:15.1931912Z Collecting pluggy<2,>=1.5 (from pytest)
2026-09-23T08:44:15.2033331Z   Downloading pluggy-1.6.0-py3-none-any.whl.metadata (4.8 kB)
2026-09-23T08:44:15.2157986Z Collecting pygments>=2.7.2 (from pytest)
2026-09-23T08:44:15.2261898Z   Downloading pygments-2.21.0-py3-none-any.whl.metadata (2.5 kB)
2026-09-23T08:44:15.2388001Z Downloading pytest-9.1.1-py3-none-any.whl (386 kB)
2026-09-23T08:44:15.2810039Z Downloading pluggy-1.6.0-py3-none-any.whl (20 kB)
2026-09-23T08:44:15.2911279Z Downloading iniconfig-2.3.0-py3-none-any.whl (7.5 kB)
2026-09-23T08:44:15.3011554Z Downloading packaging-26.3-py3-none-any.whl (129 kB)
2026-09-23T08:44:15.3125854Z Downloading pygments-2.21.0-py3-none-any.whl (1.3 MB)
2026-09-23T08:44:15.3407759Z    ââââââââââââââââââââââââââââââââââââââââ 1.3/1.3 MB 56.2 MB/s  0:00:00
2026-09-23T08:44:15.3984948Z Installing collected packages: pygments, pluggy, packaging, iniconfig, pytest
2026-09-23T08:44:16.2289343Z 
2026-09-23T08:44:16.2299647Z Successfully installed iniconfig-2.3.0 packaging-26.3 pluggy-1.6.0 pygments-2.21.0 pytest-9.1.1
2026-09-23T08:44:16.2861855Z ##[group]Run python automation/inject_mutation.py --error-type "KeyError"
2026-09-23T08:44:16.2862506Z [36;1mpython automation/inject_mutation.py --error-type "KeyError"[0m
2026-09-23T08:44:16.2886302Z shell: /usr/bin/bash -e {0}
2026-09-23T08:44:16.2886626Z env:
2026-09-23T08:44:16.2886955Z   pythonLocation: /opt/hostedtoolcache/Python/3.11.16/x64
2026-09-23T08:44:16.2887610Z   PKG_CONFIG_PATH: /opt/hostedtoolcache/Python/3.11.16/x64/lib/pkgconfig
2026-09-23T08:44:16.2888079Z   Python_ROOT_DIR: /opt/hostedtoolcache/Python/3.11.16/x64
2026-09-23T08:44:16.2888503Z   Python2_ROOT_DIR: /opt/hostedtoolcache/Python/3.11.16/x64
2026-09-23T08:44:16.2888931Z   Python3_ROOT_DIR: /opt/hostedtoolcache/Python/3.11.16/x64
2026-09-23T08:44:16.2889352Z   LD_LIBRARY_PATH: /opt/hostedtoolcache/Python/3.11.16/x64/lib
2026-09-23T08:44:16.2889724Z ##[endgroup]
2026-09-23T08:44:16.3151105Z [Mutation Injected] Successfully injected KeyError into tests/test_app.py
2026-09-23T08:44:16.3220959Z ##[group]Run pytest tests/test_app.py -v
2026-09-23T08:44:16.3221410Z [36;1mpytest tests/test_app.py -v[0m
2026-09-23T08:44:16.3244810Z shell: /usr/bin/bash -e {0}
2026-09-23T08:44:16.3245123Z env:
2026-09-23T08:44:16.3245449Z   pythonLocation: /opt/hostedtoolcache/Python/3.11.16/x64
2026-09-23T08:44:16.3245919Z   PKG_CONFIG_PATH: /opt/hostedtoolcache/Python/3.11.16/x64/lib/pkgconfig
2026-09-23T08:44:16.3246432Z   Python_ROOT_DIR: /opt/hostedtoolcache/Python/3.11.16/x64
2026-09-23T08:44:16.3246851Z   Python2_ROOT_DIR: /opt/hostedtoolcache/Python/3.11.16/x64
2026-09-23T08:44:16.3247273Z   Python3_ROOT_DIR: /opt/hostedtoolcache/Python/3.11.16/x64
2026-09-23T08:44:16.3247698Z   LD_LIBRARY_PATH: /opt/hostedtoolcache/Python/3.11.16/x64/lib
2026-09-23T08:44:16.3248055Z ##[endgroup]
2026-09-23T08:44:16.6851009Z ============================= test session starts ==============================
2026-09-23T08:44:16.6852307Z platform linux -- Python 3.11.16, pytest-9.1.1, pluggy-1.6.0 -- /opt/hostedtoolcache/Python/3.11.16/x64/bin/python
2026-09-23T08:44:16.6852835Z cachedir: .pytest_cache
2026-09-23T08:44:16.6853164Z rootdir: /home/runner/work/log-generation/log-generation
2026-09-23T08:44:16.6853509Z configfile: pytest.ini
2026-09-23T08:44:16.6926141Z collecting ... collected 6 items
2026-09-23T08:44:16.6926471Z 
2026-09-23T08:44:16.6934652Z tests/test_app.py::test_calculate_division PASSED                        [ 16%]
2026-09-23T08:44:16.6941686Z tests/test_app.py::test_convert_to_int PASSED                            [ 33%]
2026-09-23T08:44:16.6947431Z tests/test_app.py::test_get_list_item PASSED                             [ 50%]
2026-09-23T08:44:16.6952946Z tests/test_app.py::test_get_dict_value PASSED                            [ 66%]
2026-09-23T08:44:16.6958263Z tests/test_app.py::test_assert_positive PASSED                           [ 83%]
2026-09-23T08:44:16.7195863Z tests/test_app.py::test_key_error FAILED                                 [100%]
2026-09-23T08:44:16.7196279Z 
2026-09-23T08:44:16.7196559Z =================================== FAILURES ===================================
2026-09-23T08:44:16.7197071Z ________________________________ test_key_error ________________________________
2026-09-23T08:44:16.7197376Z 
2026-09-23T08:44:16.7197510Z     def test_key_error():
2026-09-23T08:44:16.7197828Z         """Injected synthetic KeyError."""
2026-09-23T08:44:16.7198220Z         from src.app import get_dict_value
2026-09-23T08:44:16.7198674Z         config = {"env": "staging", "retries": 3}
2026-09-23T08:44:16.7199088Z >       get_dict_value(config, "missing_auth_token")
2026-09-23T08:44:16.7199349Z 
2026-09-23T08:44:16.7199477Z tests/test_app.py:138: 
2026-09-23T08:44:16.7199834Z _ _ _ _ _ _ _ _ _ _ _ _ _ _ _ _ _ _ _ _ _ _ _ _ _ _ _ _ _ _ _ _ _ _ _ _ _ _ _ _ 
2026-09-23T08:44:16.7200108Z 
2026-09-23T08:44:16.7200308Z d = {'env': 'staging', 'retries': 3}, key = 'missing_auth_token'
2026-09-23T08:44:16.7200862Z 
2026-09-23T08:44:16.7200995Z     def get_dict_value(d, key):
2026-09-23T08:44:16.7201350Z >       return d[key]
2026-09-23T08:44:16.7201624Z                ^^^^^^
2026-09-23T08:44:16.7201914Z E       KeyError: 'missing_auth_token'
2026-09-23T08:44:16.7202122Z 
2026-09-23T08:44:16.7202249Z src/app.py:11: KeyError
2026-09-23T08:44:16.7202614Z =========================== short test summary info ============================
2026-09-23T08:44:16.7203205Z FAILED tests/test_app.py::test_key_error - KeyError: 'missing_auth_token'
2026-09-23T08:44:16.7204169Z ========================= 1 failed, 5 passed in 0.03s ==========================
2026-09-23T08:44:16.7394740Z ##[error]Process completed with exit code 1.
2026-09-23T08:44:16.7530946Z Node 20 is being deprecated. This workflow is running with Node 24 by default. If you need to temporarily use Node 20, you can set the ACTIONS_ALLOW_USE_UNSECURE_NODE_VERSION=true environment variable. For more information see: https://github.blog/changelog/2025-09-19-deprecation-of-node-20-on-github-actions-runners/
2026-09-23T08:44:16.7532136Z Post job cleanup.
2026-09-23T08:44:16.8394785Z [command]/usr/bin/git version
2026-09-23T08:44:16.8439232Z git version 2.55.0
2026-09-23T08:44:16.8483852Z Temporarily overriding HOME='/home/runner/work/_temp/e6d3a504-0f7d-4800-91e7-9102712058f4' before making global git config changes
2026-09-23T08:44:16.8484610Z Adding repository directory to the temporary git global config as a safe directory
2026-09-23T08:44:16.8490904Z [command]/usr/bin/git config --global --add safe.directory /home/runner/work/log-generation/log-generation
2026-09-23T08:44:16.8533012Z [command]/usr/bin/git config --local --name-only --get-regexp core\.sshCommand
2026-09-23T08:44:16.8569404Z [command]/usr/bin/git submodule foreach --recursive sh -c "git config --local --name-only --get-regexp 'core\.sshCommand' && git config --local --unset-all 'core.sshCommand' || :"
2026-09-23T08:44:16.8783679Z [command]/usr/bin/git config --local --name-only --get-regexp http\.https\:\/\/github\.com\/\.extraheader
2026-09-23T08:44:16.8809232Z http.https://github.com/.extraheader
2026-09-23T08:44:16.8819172Z [command]/usr/bin/git config --local --unset-all http.https://github.com/.extraheader
2026-09-23T08:44:16.8851661Z [command]/usr/bin/git submodule foreach --recursive sh -c "git config --local --name-only --get-regexp 'http\.https\:\/\/github\.com\/\.extraheader' && git config --local --unset-all 'http.https://github.com/.extraheader' || :"
2026-09-23T08:44:16.9055575Z [command]/usr/bin/git config --local --name-only --get-regexp ^includeIf\.gitdir:
2026-09-23T08:44:16.9102566Z [command]/usr/bin/git submodule foreach --recursive git config --local --show-origin --name-only --get-regexp remote.origin.url
2026-09-23T08:44:16.9495714Z Cleaning up orphan processes
2026-09-23T08:44:16.9721137Z ##[warning]Node.js 20 is deprecated. The following actions target Node.js 20 but are being forced to run on Node.js 24: actions/checkout@v4, actions/setup-python@v5. For more information see: https://github.blog/changelog/2025-09-19-deprecation-of-node-20-on-github-actions-runners/
