ï»¿2026-09-23T08:43:44.5096786Z Current runner version: '2.337.0'
2026-09-23T08:43:44.5133918Z ##[group]Runner Image Provisioner
2026-09-23T08:43:44.5135484Z Hosted Compute Agent
2026-09-23T08:43:44.5136734Z Version: 20260828.587
2026-09-23T08:43:44.5138000Z Commit: abac92662cab4cc7352de4f9f9d2e2419aad9c29
2026-09-23T08:43:44.5139337Z Build Date: 2026-08-28T16:44:25Z
2026-09-23T08:43:44.5140690Z Worker ID: {c33d0470-ca0e-4dac-9bdc-97c0aba72a2c}
2026-09-23T08:43:44.5141935Z Azure Region: eastus
2026-09-23T08:43:44.5142922Z ##[endgroup]
2026-09-23T08:43:44.5145416Z ##[group]Operating System
2026-09-23T08:43:44.5146815Z Ubuntu
2026-09-23T08:43:44.5147907Z 24.04.5
2026-09-23T08:43:44.5148801Z LTS
2026-09-23T08:43:44.5149801Z ##[endgroup]
2026-09-23T08:43:44.5150837Z ##[group]Runner Image
2026-09-23T08:43:44.5151971Z Image: ubuntu-24.04
2026-09-23T08:43:44.5153127Z Version: 20260907.300.1
2026-09-23T08:43:44.5155401Z Included Software: https://github.com/actions/runner-images/blob/ubuntu24/20260907.300/images/ubuntu/Ubuntu2404-Readme.md
2026-09-23T08:43:44.5158561Z Image Release: https://github.com/actions/runner-images/releases/tag/ubuntu24%2F20260907.300
2026-09-23T08:43:44.5160336Z ##[endgroup]
2026-09-23T08:43:44.5162325Z ##[group]GITHUB_TOKEN Permissions
2026-09-23T08:43:44.5165479Z Contents: read
2026-09-23T08:43:44.5166859Z Metadata: read
2026-09-23T08:43:44.5167909Z Packages: read
2026-09-23T08:43:44.5168911Z ##[endgroup]
2026-09-23T08:43:44.5172089Z Secret source: Actions
2026-09-23T08:43:44.5173989Z Cache mode: write
2026-09-23T08:43:44.5175203Z Prepare workflow directory
2026-09-23T08:43:44.5612205Z Prepare all required actions
2026-09-23T08:43:44.5661629Z Getting action download info
2026-09-23T08:43:44.7229936Z Download action repository 'actions/checkout@v4' (SHA:11d5960a326750d5838078e36cf38b85af677262)
2026-09-23T08:43:44.8551992Z Download action repository 'actions/setup-python@v5' (SHA:a26af69be951a213d495a4c3e4e4022e16d87065)
2026-09-23T08:43:45.0811089Z Complete job name: test-f3 (AssertionError #19)
2026-09-23T08:43:45.1589147Z Node 20 is being deprecated. This workflow is running with Node 24 by default. If you need to temporarily use Node 20, you can set the ACTIONS_ALLOW_USE_UNSECURE_NODE_VERSION=true environment variable. For more information see: https://github.blog/changelog/2025-09-19-deprecation-of-node-20-on-github-actions-runners/
2026-09-23T08:43:45.1598016Z ##[group]Run actions/checkout@v4
2026-09-23T08:43:45.1598806Z with:
2026-09-23T08:43:45.1599254Z   fetch-depth: 1
2026-09-23T08:43:45.1599756Z   repository: DhruvHegde/log-generation
2026-09-23T08:43:45.1603780Z   token: ***
2026-09-23T08:43:45.1604223Z   ssh-strict: true
2026-09-23T08:43:45.1604679Z   ssh-user: git
2026-09-23T08:43:45.1605147Z   persist-credentials: true
2026-09-23T08:43:45.1605656Z   clean: true
2026-09-23T08:43:45.1606605Z   sparse-checkout-cone-mode: true
2026-09-23T08:43:45.1607159Z   fetch-tags: false
2026-09-23T08:43:45.1607622Z   show-progress: true
2026-09-23T08:43:45.1608096Z   lfs: false
2026-09-23T08:43:45.1608564Z   submodules: false
2026-09-23T08:43:45.1609050Z   set-safe-directory: true
2026-09-23T08:43:45.1609575Z   allow-unsafe-pr-checkout: false
2026-09-23T08:43:45.1610442Z ##[endgroup]
2026-09-23T08:43:45.2648086Z Syncing repository: DhruvHegde/log-generation
2026-09-23T08:43:45.2650741Z ##[group]Getting Git version info
2026-09-23T08:43:45.2652232Z Working directory is '/home/runner/work/log-generation/log-generation'
2026-09-23T08:43:45.2653992Z [command]/usr/bin/git version
2026-09-23T08:43:45.2742465Z git version 2.55.0
2026-09-23T08:43:45.2779447Z ##[endgroup]
2026-09-23T08:43:45.2790448Z Temporarily overriding HOME='/home/runner/work/_temp/962e697b-9728-44b6-8226-8f64b4251859' before making global git config changes
2026-09-23T08:43:45.2792927Z Adding repository directory to the temporary git global config as a safe directory
2026-09-23T08:43:45.2795035Z [command]/usr/bin/git config --global --add safe.directory /home/runner/work/log-generation/log-generation
2026-09-23T08:43:45.2853213Z Deleting the contents of '/home/runner/work/log-generation/log-generation'
2026-09-23T08:43:45.2858031Z ##[group]Initializing the repository
2026-09-23T08:43:45.2861998Z [command]/usr/bin/git init /home/runner/work/log-generation/log-generation
2026-09-23T08:43:45.3042041Z hint: Using 'master' as the name for the initial branch. This default branch name
2026-09-23T08:43:45.3043710Z hint: will change to "main" in Git 3.0. To configure the initial branch name
2026-09-23T08:43:45.3045277Z hint: to use in all of your new repositories, which will suppress this warning,
2026-09-23T08:43:45.3046777Z hint: call:
2026-09-23T08:43:45.3047409Z hint:
2026-09-23T08:43:45.3048201Z hint: 	git config --global init.defaultBranch <name>
2026-09-23T08:43:45.3049213Z hint:
2026-09-23T08:43:45.3050203Z hint: Names commonly chosen instead of 'master' are 'main', 'trunk' and
2026-09-23T08:43:45.3051723Z hint: 'development'. The just-created branch can be renamed via this command:
2026-09-23T08:43:45.3052947Z hint:
2026-09-23T08:43:45.3053650Z hint: 	git branch -m <name>
2026-09-23T08:43:45.3054476Z hint:
2026-09-23T08:43:45.3055568Z hint: Disable this message with "git config set advice.defaultBranchName false"
2026-09-23T08:43:45.3057582Z Initialized empty Git repository in /home/runner/work/log-generation/log-generation/.git/
2026-09-23T08:43:45.3060588Z [command]/usr/bin/git remote add origin https://github.com/DhruvHegde/log-generation
2026-09-23T08:43:45.3127037Z ##[endgroup]
2026-09-23T08:43:45.3128418Z ##[group]Disabling automatic garbage collection
2026-09-23T08:43:45.3129574Z [command]/usr/bin/git config --local gc.auto 0
2026-09-23T08:43:45.3160227Z ##[endgroup]
2026-09-23T08:43:45.3161649Z ##[group]Setting up auth
2026-09-23T08:43:45.3169178Z [command]/usr/bin/git config --local --name-only --get-regexp core\.sshCommand
2026-09-23T08:43:45.3205273Z [command]/usr/bin/git submodule foreach --recursive sh -c "git config --local --name-only --get-regexp 'core\.sshCommand' && git config --local --unset-all 'core.sshCommand' || :"
2026-09-23T08:43:45.3624926Z [command]/usr/bin/git config --local --name-only --get-regexp http\.https\:\/\/github\.com\/\.extraheader
2026-09-23T08:43:45.3661485Z [command]/usr/bin/git submodule foreach --recursive sh -c "git config --local --name-only --get-regexp 'http\.https\:\/\/github\.com\/\.extraheader' && git config --local --unset-all 'http.https://github.com/.extraheader' || :"
2026-09-23T08:43:45.3887044Z [command]/usr/bin/git config --local --name-only --get-regexp ^includeIf\.gitdir:
2026-09-23T08:43:45.3923944Z [command]/usr/bin/git submodule foreach --recursive git config --local --show-origin --name-only --get-regexp remote.origin.url
2026-09-23T08:43:45.4160332Z [command]/usr/bin/git config --local http.https://github.com/.extraheader AUTHORIZATION: basic ***
2026-09-23T08:43:45.4200869Z ##[endgroup]
2026-09-23T08:43:45.4201878Z ##[group]Fetching the repository
2026-09-23T08:43:45.4211498Z [command]/usr/bin/git -c protocol.version=2 fetch --no-tags --prune --no-recurse-submodules --depth=1 origin +dfcb6f158e4bd8054252a4da5d0a9edc2ab15d57:refs/remotes/origin/feature/f3-test-failures
2026-09-23T08:43:45.6700658Z From https://github.com/DhruvHegde/log-generation
2026-09-23T08:43:45.6702568Z  * [new ref]         dfcb6f158e4bd8054252a4da5d0a9edc2ab15d57 -> origin/feature/f3-test-failures
2026-09-23T08:43:45.6706819Z ##[endgroup]
2026-09-23T08:43:45.6708239Z ##[group]Determining the checkout info
2026-09-23T08:43:45.6710417Z ##[endgroup]
2026-09-23T08:43:45.6717107Z [command]/usr/bin/git sparse-checkout disable
2026-09-23T08:43:45.6772389Z [command]/usr/bin/git config --local --unset-all extensions.worktreeConfig
2026-09-23T08:43:45.6806106Z ##[group]Checking out the ref
2026-09-23T08:43:45.6811762Z [command]/usr/bin/git checkout --progress --force -B feature/f3-test-failures refs/remotes/origin/feature/f3-test-failures
2026-09-23T08:43:45.6914697Z Switched to a new branch 'feature/f3-test-failures'
2026-09-23T08:43:45.6922416Z branch 'feature/f3-test-failures' set up to track 'origin/feature/f3-test-failures'.
2026-09-23T08:43:45.6928320Z ##[endgroup]
2026-09-23T08:43:45.6972037Z [command]/usr/bin/git log -1 --format=%H
2026-09-23T08:43:45.6998858Z dfcb6f158e4bd8054252a4da5d0a9edc2ab15d57
2026-09-23T08:43:45.7270150Z Node 20 is being deprecated. This workflow is running with Node 24 by default. If you need to temporarily use Node 20, you can set the ACTIONS_ALLOW_USE_UNSECURE_NODE_VERSION=true environment variable. For more information see: https://github.blog/changelog/2025-09-19-deprecation-of-node-20-on-github-actions-runners/
2026-09-23T08:43:45.7272789Z ##[group]Run actions/setup-python@v5
2026-09-23T08:43:45.7273336Z with:
2026-09-23T08:43:45.7273766Z   python-version: 3.11
2026-09-23T08:43:45.7274239Z   check-latest: false
2026-09-23T08:43:45.7278465Z   token: ***
2026-09-23T08:43:45.7278932Z   update-environment: true
2026-09-23T08:43:45.7279446Z   allow-prereleases: false
2026-09-23T08:43:45.7279945Z   freethreaded: false
2026-09-23T08:43:45.7280404Z ##[endgroup]
2026-09-23T08:43:45.8595553Z ##[group]Installed versions
2026-09-23T08:43:45.8712132Z (node:2261) [DEP0040] DeprecationWarning: The `punycode` module is deprecated. Please use a userland alternative instead.
2026-09-23T08:43:45.8714272Z (Use `node --trace-deprecation ...` to show where the warning was created)
2026-09-23T08:43:45.8715558Z Successfully set up CPython (3.11.16)
2026-09-23T08:43:45.8717251Z ##[endgroup]
2026-09-23T08:43:45.8884651Z ##[group]Run pip install --no-cache-dir pytest
2026-09-23T08:43:45.8885464Z [36;1mpip install --no-cache-dir pytest[0m
2026-09-23T08:43:45.8941318Z shell: /usr/bin/bash -e {0}
2026-09-23T08:43:45.8941888Z env:
2026-09-23T08:43:45.8942437Z   pythonLocation: /opt/hostedtoolcache/Python/3.11.16/x64
2026-09-23T08:43:45.8943315Z   PKG_CONFIG_PATH: /opt/hostedtoolcache/Python/3.11.16/x64/lib/pkgconfig
2026-09-23T08:43:45.8944318Z   Python_ROOT_DIR: /opt/hostedtoolcache/Python/3.11.16/x64
2026-09-23T08:43:45.8945081Z   Python2_ROOT_DIR: /opt/hostedtoolcache/Python/3.11.16/x64
2026-09-23T08:43:45.8946196Z   Python3_ROOT_DIR: /opt/hostedtoolcache/Python/3.11.16/x64
2026-09-23T08:43:45.8947042Z   LD_LIBRARY_PATH: /opt/hostedtoolcache/Python/3.11.16/x64/lib
2026-09-23T08:43:45.8947731Z ##[endgroup]
2026-09-23T08:43:46.9084251Z Collecting pytest
2026-09-23T08:43:46.9598390Z   Downloading pytest-9.1.1-py3-none-any.whl.metadata (7.6 kB)
2026-09-23T08:43:46.9688428Z Collecting iniconfig>=1.0.1 (from pytest)
2026-09-23T08:43:46.9729392Z   Downloading iniconfig-2.3.0-py3-none-any.whl.metadata (2.5 kB)
2026-09-23T08:43:46.9835200Z Collecting packaging>=22 (from pytest)
2026-09-23T08:43:46.9874032Z   Downloading packaging-26.3-py3-none-any.whl.metadata (3.5 kB)
2026-09-23T08:43:46.9957979Z Collecting pluggy<2,>=1.5 (from pytest)
2026-09-23T08:43:46.9997929Z   Downloading pluggy-1.6.0-py3-none-any.whl.metadata (4.8 kB)
2026-09-23T08:43:47.0128490Z Collecting pygments>=2.7.2 (from pytest)
2026-09-23T08:43:47.0167085Z   Downloading pygments-2.21.0-py3-none-any.whl.metadata (2.5 kB)
2026-09-23T08:43:47.0233314Z Downloading pytest-9.1.1-py3-none-any.whl (386 kB)
2026-09-23T08:43:47.0429732Z Downloading pluggy-1.6.0-py3-none-any.whl (20 kB)
2026-09-23T08:43:47.0465952Z Downloading iniconfig-2.3.0-py3-none-any.whl (7.5 kB)
2026-09-23T08:43:47.0502139Z Downloading packaging-26.3-py3-none-any.whl (129 kB)
2026-09-23T08:43:47.0543582Z Downloading pygments-2.21.0-py3-none-any.whl (1.3 MB)
2026-09-23T08:43:47.0632241Z    ââââââââââââââââââââââââââââââââââââââââ 1.3/1.3 MB 171.3 MB/s  0:00:00
2026-09-23T08:43:47.1332383Z Installing collected packages: pygments, pluggy, packaging, iniconfig, pytest
2026-09-23T08:43:48.1139460Z 
2026-09-23T08:43:48.1150042Z Successfully installed iniconfig-2.3.0 packaging-26.3 pluggy-1.6.0 pygments-2.21.0 pytest-9.1.1
2026-09-23T08:43:48.1671620Z ##[group]Run python automation/inject_mutation.py --error-type "AssertionError"
2026-09-23T08:43:48.1672380Z [36;1mpython automation/inject_mutation.py --error-type "AssertionError"[0m
2026-09-23T08:43:48.1711888Z shell: /usr/bin/bash -e {0}
2026-09-23T08:43:48.1712210Z env:
2026-09-23T08:43:48.1712742Z   pythonLocation: /opt/hostedtoolcache/Python/3.11.16/x64
2026-09-23T08:43:48.1713258Z   PKG_CONFIG_PATH: /opt/hostedtoolcache/Python/3.11.16/x64/lib/pkgconfig
2026-09-23T08:43:48.1713769Z   Python_ROOT_DIR: /opt/hostedtoolcache/Python/3.11.16/x64
2026-09-23T08:43:48.1714221Z   Python2_ROOT_DIR: /opt/hostedtoolcache/Python/3.11.16/x64
2026-09-23T08:43:48.1714682Z   Python3_ROOT_DIR: /opt/hostedtoolcache/Python/3.11.16/x64
2026-09-23T08:43:48.1715131Z   LD_LIBRARY_PATH: /opt/hostedtoolcache/Python/3.11.16/x64/lib
2026-09-23T08:43:48.1715528Z ##[endgroup]
2026-09-23T08:43:48.2017981Z [Mutation Injected] Successfully injected AssertionError into tests/test_app.py
2026-09-23T08:43:48.2094083Z ##[group]Run pytest tests/test_app.py -v
2026-09-23T08:43:48.2094590Z [36;1mpytest tests/test_app.py -v[0m
2026-09-23T08:43:48.2132160Z shell: /usr/bin/bash -e {0}
2026-09-23T08:43:48.2132494Z env:
2026-09-23T08:43:48.2132849Z   pythonLocation: /opt/hostedtoolcache/Python/3.11.16/x64
2026-09-23T08:43:48.2133387Z   PKG_CONFIG_PATH: /opt/hostedtoolcache/Python/3.11.16/x64/lib/pkgconfig
2026-09-23T08:43:48.2133932Z   Python_ROOT_DIR: /opt/hostedtoolcache/Python/3.11.16/x64
2026-09-23T08:43:48.2134405Z   Python2_ROOT_DIR: /opt/hostedtoolcache/Python/3.11.16/x64
2026-09-23T08:43:48.2134877Z   Python3_ROOT_DIR: /opt/hostedtoolcache/Python/3.11.16/x64
2026-09-23T08:43:48.2135356Z   LD_LIBRARY_PATH: /opt/hostedtoolcache/Python/3.11.16/x64/lib
2026-09-23T08:43:48.2136067Z ##[endgroup]
2026-09-23T08:43:48.5054434Z ============================= test session starts ==============================
2026-09-23T08:43:48.5056034Z platform linux -- Python 3.11.16, pytest-9.1.1, pluggy-1.6.0 -- /opt/hostedtoolcache/Python/3.11.16/x64/bin/python
2026-09-23T08:43:48.5056965Z cachedir: .pytest_cache
2026-09-23T08:43:48.5057474Z rootdir: /home/runner/work/log-generation/log-generation
2026-09-23T08:43:48.5058031Z configfile: pytest.ini
2026-09-23T08:43:48.5144899Z collecting ... collected 6 items
2026-09-23T08:43:48.5145291Z 
2026-09-23T08:43:48.5153755Z tests/test_app.py::test_calculate_division PASSED                        [ 16%]
2026-09-23T08:43:48.5161164Z tests/test_app.py::test_convert_to_int PASSED                            [ 33%]
2026-09-23T08:43:48.5168764Z tests/test_app.py::test_get_list_item PASSED                             [ 50%]
2026-09-23T08:43:48.5175410Z tests/test_app.py::test_get_dict_value PASSED                            [ 66%]
2026-09-23T08:43:48.5182351Z tests/test_app.py::test_assert_positive PASSED                           [ 83%]
2026-09-23T08:43:48.5447651Z tests/test_app.py::test_assertion_failure FAILED                         [100%]
2026-09-23T08:43:48.5448302Z 
2026-09-23T08:43:48.5448647Z =================================== FAILURES ===================================
2026-09-23T08:43:48.5449443Z ____________________________ test_assertion_failure ____________________________
2026-09-23T08:43:48.5449950Z 
2026-09-23T08:43:48.5450141Z     def test_assertion_failure():
2026-09-23T08:43:48.5450660Z         """Injected synthetic AssertionError."""
2026-09-23T08:43:48.5451232Z         expected_status = 200
2026-09-23T08:43:48.5451673Z         actual_status = 500
2026-09-23T08:43:48.5452494Z >       assert actual_status == expected_status, f"Expected {expected_status}, received {actual_status}"
2026-09-23T08:43:48.5453448Z E       AssertionError: Expected 200, received 500
2026-09-23T08:43:48.5453989Z E       assert 500 == 200
2026-09-23T08:43:48.5454249Z 
2026-09-23T08:43:48.5454450Z tests/test_app.py:138: AssertionError
2026-09-23T08:43:48.5455031Z =========================== short test summary info ============================
2026-09-23T08:43:48.5456218Z FAILED tests/test_app.py::test_assertion_failure - AssertionError: Expected 200, received 500
2026-09-23T08:43:48.5456904Z assert 500 == 200
2026-09-23T08:43:48.5457406Z ========================= 1 failed, 5 passed in 0.03s ==========================
2026-09-23T08:43:48.5633174Z ##[error]Process completed with exit code 1.
2026-09-23T08:43:48.5781886Z Node 20 is being deprecated. This workflow is running with Node 24 by default. If you need to temporarily use Node 20, you can set the ACTIONS_ALLOW_USE_UNSECURE_NODE_VERSION=true environment variable. For more information see: https://github.blog/changelog/2025-09-19-deprecation-of-node-20-on-github-actions-runners/
2026-09-23T08:43:48.5783368Z Post job cleanup.
2026-09-23T08:43:48.6649016Z [command]/usr/bin/git version
2026-09-23T08:43:48.6691082Z git version 2.55.0
2026-09-23T08:43:48.6734409Z Temporarily overriding HOME='/home/runner/work/_temp/7265f5b7-41bb-4b00-95dd-62664485f4a3' before making global git config changes
2026-09-23T08:43:48.6736011Z Adding repository directory to the temporary git global config as a safe directory
2026-09-23T08:43:48.6741427Z [command]/usr/bin/git config --global --add safe.directory /home/runner/work/log-generation/log-generation
2026-09-23T08:43:48.6784497Z [command]/usr/bin/git config --local --name-only --get-regexp core\.sshCommand
2026-09-23T08:43:48.6822307Z [command]/usr/bin/git submodule foreach --recursive sh -c "git config --local --name-only --get-regexp 'core\.sshCommand' && git config --local --unset-all 'core.sshCommand' || :"
2026-09-23T08:43:48.7083986Z [command]/usr/bin/git config --local --name-only --get-regexp http\.https\:\/\/github\.com\/\.extraheader
2026-09-23T08:43:48.7119519Z http.https://github.com/.extraheader
2026-09-23T08:43:48.7132571Z [command]/usr/bin/git config --local --unset-all http.https://github.com/.extraheader
2026-09-23T08:43:48.7168793Z [command]/usr/bin/git submodule foreach --recursive sh -c "git config --local --name-only --get-regexp 'http\.https\:\/\/github\.com\/\.extraheader' && git config --local --unset-all 'http.https://github.com/.extraheader' || :"
2026-09-23T08:43:48.7443110Z [command]/usr/bin/git config --local --name-only --get-regexp ^includeIf\.gitdir:
2026-09-23T08:43:48.7485027Z [command]/usr/bin/git submodule foreach --recursive git config --local --show-origin --name-only --get-regexp remote.origin.url
2026-09-23T08:43:48.7904825Z Cleaning up orphan processes
2026-09-23T08:43:48.8217326Z ##[warning]Node.js 20 is deprecated. The following actions target Node.js 20 but are being forced to run on Node.js 24: actions/checkout@v4, actions/setup-python@v5. For more information see: https://github.blog/changelog/2025-09-19-deprecation-of-node-20-on-github-actions-runners/
