ï»¿2026-09-23T08:43:39.8490039Z Current runner version: '2.337.0'
2026-09-23T08:43:39.8526522Z ##[group]Runner Image Provisioner
2026-09-23T08:43:39.8527845Z Hosted Compute Agent
2026-09-23T08:43:39.8529294Z Version: 20260828.587
2026-09-23T08:43:39.8530582Z Commit: abac92662cab4cc7352de4f9f9d2e2419aad9c29
2026-09-23T08:43:39.8532241Z Build Date: 2026-08-28T16:44:25Z
2026-09-23T08:43:39.8533605Z Worker ID: {7bd91d94-f4f0-49f6-bcbe-4efdb68e7476}
2026-09-23T08:43:39.8535095Z Azure Region: eastus2
2026-09-23T08:43:39.8536132Z ##[endgroup]
2026-09-23T08:43:39.8538621Z ##[group]Operating System
2026-09-23T08:43:39.8539913Z Ubuntu
2026-09-23T08:43:39.8540799Z 24.04.5
2026-09-23T08:43:39.8542074Z LTS
2026-09-23T08:43:39.8543121Z ##[endgroup]
2026-09-23T08:43:39.8544241Z ##[group]Runner Image
2026-09-23T08:43:39.8545373Z Image: ubuntu-24.04
2026-09-23T08:43:39.8546308Z Version: 20260920.314.1
2026-09-23T08:43:39.8548862Z Included Software: https://github.com/actions/runner-images/blob/ubuntu24/20260920.314/images/ubuntu/Ubuntu2404-Readme.md
2026-09-23T08:43:39.8551806Z Image Release: https://github.com/actions/runner-images/releases/tag/ubuntu24%2F20260920.314
2026-09-23T08:43:39.8553540Z ##[endgroup]
2026-09-23T08:43:39.8555513Z ##[group]GITHUB_TOKEN Permissions
2026-09-23T08:43:39.8558791Z Contents: read
2026-09-23T08:43:39.8559819Z Metadata: read
2026-09-23T08:43:39.8560869Z Packages: read
2026-09-23T08:43:39.8561863Z ##[endgroup]
2026-09-23T08:43:39.8565225Z Secret source: Actions
2026-09-23T08:43:39.8566829Z Cache mode: write
2026-09-23T08:43:39.8568768Z Prepare workflow directory
2026-09-23T08:43:39.9034661Z Prepare all required actions
2026-09-23T08:43:39.9104783Z Getting action download info
2026-09-23T08:43:40.1287192Z Download action repository 'actions/checkout@v4' (SHA:11d5960a326750d5838078e36cf38b85af677262)
2026-09-23T08:43:40.2387848Z Download action repository 'actions/setup-python@v5' (SHA:a26af69be951a213d495a4c3e4e4022e16d87065)
2026-09-23T08:43:40.4162991Z Complete job name: test-f3 (AttributeError #4)
2026-09-23T08:43:40.4933897Z Node 20 is being deprecated. This workflow is running with Node 24 by default. If you need to temporarily use Node 20, you can set the ACTIONS_ALLOW_USE_UNSECURE_NODE_VERSION=true environment variable. For more information see: https://github.blog/changelog/2025-09-19-deprecation-of-node-20-on-github-actions-runners/
2026-09-23T08:43:40.4942768Z ##[group]Run actions/checkout@v4
2026-09-23T08:43:40.4943580Z with:
2026-09-23T08:43:40.4944054Z   fetch-depth: 1
2026-09-23T08:43:40.4944552Z   repository: DhruvHegde/log-generation
2026-09-23T08:43:40.4948554Z   token: ***
2026-09-23T08:43:40.4949023Z   ssh-strict: true
2026-09-23T08:43:40.4949483Z   ssh-user: git
2026-09-23T08:43:40.4949947Z   persist-credentials: true
2026-09-23T08:43:40.4950454Z   clean: true
2026-09-23T08:43:40.4950918Z   sparse-checkout-cone-mode: true
2026-09-23T08:43:40.4951461Z   fetch-tags: false
2026-09-23T08:43:40.4951917Z   show-progress: true
2026-09-23T08:43:40.4952381Z   lfs: false
2026-09-23T08:43:40.4952848Z   submodules: false
2026-09-23T08:43:40.4953326Z   set-safe-directory: true
2026-09-23T08:43:40.4953849Z   allow-unsafe-pr-checkout: false
2026-09-23T08:43:40.4954637Z ##[endgroup]
2026-09-23T08:43:40.5951846Z Syncing repository: DhruvHegde/log-generation
2026-09-23T08:43:40.5953870Z ##[group]Getting Git version info
2026-09-23T08:43:40.5954713Z Working directory is '/home/runner/work/log-generation/log-generation'
2026-09-23T08:43:40.5955946Z [command]/usr/bin/git version
2026-09-23T08:43:40.6034144Z git version 2.55.0
2026-09-23T08:43:40.6059886Z ##[endgroup]
2026-09-23T08:43:40.6075751Z Temporarily overriding HOME='/home/runner/work/_temp/83005d6a-aa94-40e4-bda1-2e31d1798335' before making global git config changes
2026-09-23T08:43:40.6078738Z Adding repository directory to the temporary git global config as a safe directory
2026-09-23T08:43:40.6083152Z [command]/usr/bin/git config --global --add safe.directory /home/runner/work/log-generation/log-generation
2026-09-23T08:43:40.6136458Z Deleting the contents of '/home/runner/work/log-generation/log-generation'
2026-09-23T08:43:40.6145281Z ##[group]Initializing the repository
2026-09-23T08:43:40.6153709Z [command]/usr/bin/git init /home/runner/work/log-generation/log-generation
2026-09-23T08:43:40.6263559Z hint: Using 'master' as the name for the initial branch. This default branch name
2026-09-23T08:43:40.6265529Z hint: will change to "main" in Git 3.0. To configure the initial branch name
2026-09-23T08:43:40.6267421Z hint: to use in all of your new repositories, which will suppress this warning,
2026-09-23T08:43:40.6269046Z hint: call:
2026-09-23T08:43:40.6270243Z hint:
2026-09-23T08:43:40.6271605Z hint: 	git config --global init.defaultBranch <name>
2026-09-23T08:43:40.6272861Z hint:
2026-09-23T08:43:40.6273978Z hint: Names commonly chosen instead of 'master' are 'main', 'trunk' and
2026-09-23T08:43:40.6275796Z hint: 'development'. The just-created branch can be renamed via this command:
2026-09-23T08:43:40.6277245Z hint:
2026-09-23T08:43:40.6277932Z hint: 	git branch -m <name>
2026-09-23T08:43:40.6278749Z hint:
2026-09-23T08:43:40.6279655Z hint: Disable this message with "git config set advice.defaultBranchName false"
2026-09-23T08:43:40.6282871Z Initialized empty Git repository in /home/runner/work/log-generation/log-generation/.git/
2026-09-23T08:43:40.6284775Z [command]/usr/bin/git remote add origin https://github.com/DhruvHegde/log-generation
2026-09-23T08:43:40.6332988Z ##[endgroup]
2026-09-23T08:43:40.6333832Z ##[group]Disabling automatic garbage collection
2026-09-23T08:43:40.6337342Z [command]/usr/bin/git config --local gc.auto 0
2026-09-23T08:43:40.6368911Z ##[endgroup]
2026-09-23T08:43:40.6369796Z ##[group]Setting up auth
2026-09-23T08:43:40.6376594Z [command]/usr/bin/git config --local --name-only --get-regexp core\.sshCommand
2026-09-23T08:43:40.6409572Z [command]/usr/bin/git submodule foreach --recursive sh -c "git config --local --name-only --get-regexp 'core\.sshCommand' && git config --local --unset-all 'core.sshCommand' || :"
2026-09-23T08:43:40.6797925Z [command]/usr/bin/git config --local --name-only --get-regexp http\.https\:\/\/github\.com\/\.extraheader
2026-09-23T08:43:40.6843070Z [command]/usr/bin/git submodule foreach --recursive sh -c "git config --local --name-only --get-regexp 'http\.https\:\/\/github\.com\/\.extraheader' && git config --local --unset-all 'http.https://github.com/.extraheader' || :"
2026-09-23T08:43:40.7071309Z [command]/usr/bin/git config --local --name-only --get-regexp ^includeIf\.gitdir:
2026-09-23T08:43:40.7109088Z [command]/usr/bin/git submodule foreach --recursive git config --local --show-origin --name-only --get-regexp remote.origin.url
2026-09-23T08:43:40.7331118Z [command]/usr/bin/git config --local http.https://github.com/.extraheader AUTHORIZATION: basic ***
2026-09-23T08:43:40.7371750Z ##[endgroup]
2026-09-23T08:43:40.7372624Z ##[group]Fetching the repository
2026-09-23T08:43:40.7381832Z [command]/usr/bin/git -c protocol.version=2 fetch --no-tags --prune --no-recurse-submodules --depth=1 origin +dfcb6f158e4bd8054252a4da5d0a9edc2ab15d57:refs/remotes/origin/feature/f3-test-failures
2026-09-23T08:43:40.9796580Z From https://github.com/DhruvHegde/log-generation
2026-09-23T08:43:40.9799151Z  * [new ref]         dfcb6f158e4bd8054252a4da5d0a9edc2ab15d57 -> origin/feature/f3-test-failures
2026-09-23T08:43:40.9803108Z ##[endgroup]
2026-09-23T08:43:40.9804833Z ##[group]Determining the checkout info
2026-09-23T08:43:40.9806841Z ##[endgroup]
2026-09-23T08:43:40.9813178Z [command]/usr/bin/git sparse-checkout disable
2026-09-23T08:43:40.9865745Z [command]/usr/bin/git config --local --unset-all extensions.worktreeConfig
2026-09-23T08:43:40.9899403Z ##[group]Checking out the ref
2026-09-23T08:43:40.9903452Z [command]/usr/bin/git checkout --progress --force -B feature/f3-test-failures refs/remotes/origin/feature/f3-test-failures
2026-09-23T08:43:40.9981907Z Switched to a new branch 'feature/f3-test-failures'
2026-09-23T08:43:40.9987132Z branch 'feature/f3-test-failures' set up to track 'origin/feature/f3-test-failures'.
2026-09-23T08:43:40.9993780Z ##[endgroup]
2026-09-23T08:43:41.0034973Z [command]/usr/bin/git log -1 --format=%H
2026-09-23T08:43:41.0061344Z dfcb6f158e4bd8054252a4da5d0a9edc2ab15d57
2026-09-23T08:43:41.0346620Z Node 20 is being deprecated. This workflow is running with Node 24 by default. If you need to temporarily use Node 20, you can set the ACTIONS_ALLOW_USE_UNSECURE_NODE_VERSION=true environment variable. For more information see: https://github.blog/changelog/2025-09-19-deprecation-of-node-20-on-github-actions-runners/
2026-09-23T08:43:41.0350203Z ##[group]Run actions/setup-python@v5
2026-09-23T08:43:41.0350852Z with:
2026-09-23T08:43:41.0351336Z   python-version: 3.11
2026-09-23T08:43:41.0351866Z   check-latest: false
2026-09-23T08:43:41.0355680Z   token: ***
2026-09-23T08:43:41.0356187Z   update-environment: true
2026-09-23T08:43:41.0356755Z   allow-prereleases: false
2026-09-23T08:43:41.0357303Z   freethreaded: false
2026-09-23T08:43:41.0357807Z ##[endgroup]
2026-09-23T08:43:41.1681950Z ##[group]Installed versions
2026-09-23T08:43:41.1786509Z (node:2250) [DEP0040] DeprecationWarning: The `punycode` module is deprecated. Please use a userland alternative instead.
2026-09-23T08:43:41.1789491Z (Use `node --trace-deprecation ...` to show where the warning was created)
2026-09-23T08:43:41.1791138Z Successfully set up CPython (3.11.16)
2026-09-23T08:43:41.1792792Z ##[endgroup]
2026-09-23T08:43:41.1937491Z ##[group]Run pip install --no-cache-dir pytest
2026-09-23T08:43:41.1938742Z [36;1mpip install --no-cache-dir pytest[0m
2026-09-23T08:43:41.2281540Z shell: /usr/bin/bash -e {0}
2026-09-23T08:43:41.2282274Z env:
2026-09-23T08:43:41.2282917Z   pythonLocation: /opt/hostedtoolcache/Python/3.11.16/x64
2026-09-23T08:43:41.2283941Z   PKG_CONFIG_PATH: /opt/hostedtoolcache/Python/3.11.16/x64/lib/pkgconfig
2026-09-23T08:43:41.2284960Z   Python_ROOT_DIR: /opt/hostedtoolcache/Python/3.11.16/x64
2026-09-23T08:43:41.2285878Z   Python2_ROOT_DIR: /opt/hostedtoolcache/Python/3.11.16/x64
2026-09-23T08:43:41.2286813Z   Python3_ROOT_DIR: /opt/hostedtoolcache/Python/3.11.16/x64
2026-09-23T08:43:41.2353309Z   LD_LIBRARY_PATH: /opt/hostedtoolcache/Python/3.11.16/x64/lib
2026-09-23T08:43:41.2354285Z ##[endgroup]
2026-09-23T08:43:42.1364693Z Collecting pytest
2026-09-23T08:43:42.1946350Z   Downloading pytest-9.1.1-py3-none-any.whl.metadata (7.6 kB)
2026-09-23T08:43:42.2067178Z Collecting iniconfig>=1.0.1 (from pytest)
2026-09-23T08:43:42.2146159Z   Downloading iniconfig-2.3.0-py3-none-any.whl.metadata (2.5 kB)
2026-09-23T08:43:42.2293893Z Collecting packaging>=22 (from pytest)
2026-09-23T08:43:42.2366232Z   Downloading packaging-26.3-py3-none-any.whl.metadata (3.5 kB)
2026-09-23T08:43:42.2487417Z Collecting pluggy<2,>=1.5 (from pytest)
2026-09-23T08:43:42.2559919Z   Downloading pluggy-1.6.0-py3-none-any.whl.metadata (4.8 kB)
2026-09-23T08:43:42.2742790Z Collecting pygments>=2.7.2 (from pytest)
2026-09-23T08:43:42.2815703Z   Downloading pygments-2.21.0-py3-none-any.whl.metadata (2.5 kB)
2026-09-23T08:43:42.2914658Z Downloading pytest-9.1.1-py3-none-any.whl (386 kB)
2026-09-23T08:43:42.3218712Z Downloading pluggy-1.6.0-py3-none-any.whl (20 kB)
2026-09-23T08:43:42.3292494Z Downloading iniconfig-2.3.0-py3-none-any.whl (7.5 kB)
2026-09-23T08:43:42.3364360Z Downloading packaging-26.3-py3-none-any.whl (129 kB)
2026-09-23T08:43:42.3456918Z Downloading pygments-2.21.0-py3-none-any.whl (1.3 MB)
2026-09-23T08:43:42.3822750Z    ââââââââââââââââââââââââââââââââââââââââ 1.3/1.3 MB 37.1 MB/s  0:00:00
2026-09-23T08:43:42.4456804Z Installing collected packages: pygments, pluggy, packaging, iniconfig, pytest
2026-09-23T08:43:43.3886275Z 
2026-09-23T08:43:43.3898616Z Successfully installed iniconfig-2.3.0 packaging-26.3 pluggy-1.6.0 pygments-2.21.0 pytest-9.1.1
2026-09-23T08:43:43.4391321Z ##[group]Run python automation/inject_mutation.py --error-type "AttributeError"
2026-09-23T08:43:43.4391975Z [36;1mpython automation/inject_mutation.py --error-type "AttributeError"[0m
2026-09-23T08:43:43.4459657Z shell: /usr/bin/bash -e {0}
2026-09-23T08:43:43.4460100Z env:
2026-09-23T08:43:43.4460865Z   pythonLocation: /opt/hostedtoolcache/Python/3.11.16/x64
2026-09-23T08:43:43.4461590Z   PKG_CONFIG_PATH: /opt/hostedtoolcache/Python/3.11.16/x64/lib/pkgconfig
2026-09-23T08:43:43.4462326Z   Python_ROOT_DIR: /opt/hostedtoolcache/Python/3.11.16/x64
2026-09-23T08:43:43.4462921Z   Python2_ROOT_DIR: /opt/hostedtoolcache/Python/3.11.16/x64
2026-09-23T08:43:43.4463556Z   Python3_ROOT_DIR: /opt/hostedtoolcache/Python/3.11.16/x64
2026-09-23T08:43:43.4464159Z   LD_LIBRARY_PATH: /opt/hostedtoolcache/Python/3.11.16/x64/lib
2026-09-23T08:43:43.4464746Z ##[endgroup]
2026-09-23T08:43:43.4796111Z [Mutation Injected] Successfully injected AttributeError into tests/test_app.py
2026-09-23T08:43:43.4871435Z ##[group]Run pytest tests/test_app.py -v
2026-09-23T08:43:43.4872156Z [36;1mpytest tests/test_app.py -v[0m
2026-09-23T08:43:43.4944864Z shell: /usr/bin/bash -e {0}
2026-09-23T08:43:43.4945139Z env:
2026-09-23T08:43:43.4945422Z   pythonLocation: /opt/hostedtoolcache/Python/3.11.16/x64
2026-09-23T08:43:43.4945892Z   PKG_CONFIG_PATH: /opt/hostedtoolcache/Python/3.11.16/x64/lib/pkgconfig
2026-09-23T08:43:43.4946357Z   Python_ROOT_DIR: /opt/hostedtoolcache/Python/3.11.16/x64
2026-09-23T08:43:43.4946802Z   Python2_ROOT_DIR: /opt/hostedtoolcache/Python/3.11.16/x64
2026-09-23T08:43:43.4947208Z   Python3_ROOT_DIR: /opt/hostedtoolcache/Python/3.11.16/x64
2026-09-23T08:43:43.4947644Z   LD_LIBRARY_PATH: /opt/hostedtoolcache/Python/3.11.16/x64/lib
2026-09-23T08:43:43.4947993Z ##[endgroup]
2026-09-23T08:43:43.7294703Z ============================= test session starts ==============================
2026-09-23T08:43:43.7296233Z platform linux -- Python 3.11.16, pytest-9.1.1, pluggy-1.6.0 -- /opt/hostedtoolcache/Python/3.11.16/x64/bin/python
2026-09-23T08:43:43.7297457Z cachedir: .pytest_cache
2026-09-23T08:43:43.7298513Z rootdir: /home/runner/work/log-generation/log-generation
2026-09-23T08:43:43.7299407Z configfile: pytest.ini
2026-09-23T08:43:43.7392711Z collecting ... collected 6 items
2026-09-23T08:43:43.7393479Z 
2026-09-23T08:43:43.7401632Z tests/test_app.py::test_calculate_division PASSED                        [ 16%]
2026-09-23T08:43:43.7409625Z tests/test_app.py::test_convert_to_int PASSED                            [ 33%]
2026-09-23T08:43:43.7416677Z tests/test_app.py::test_get_list_item PASSED                             [ 50%]
2026-09-23T08:43:43.7423923Z tests/test_app.py::test_get_dict_value PASSED                            [ 66%]
2026-09-23T08:43:43.7431173Z tests/test_app.py::test_assert_positive PASSED                           [ 83%]
2026-09-23T08:43:43.7706108Z tests/test_app.py::test_attribute_error FAILED                           [100%]
2026-09-23T08:43:43.7706939Z 
2026-09-23T08:43:43.7707262Z =================================== FAILURES ===================================
2026-09-23T08:43:43.7708070Z _____________________________ test_attribute_error _____________________________
2026-09-23T08:43:43.7708894Z 
2026-09-23T08:43:43.7709104Z     def test_attribute_error():
2026-09-23T08:43:43.7709641Z         """Injected synthetic AttributeError."""
2026-09-23T08:43:43.7710255Z         from src.app import get_object_attribute
2026-09-23T08:43:43.7710805Z >       get_object_attribute(object())
2026-09-23T08:43:43.7711142Z 
2026-09-23T08:43:43.7711319Z tests/test_app.py:137: 
2026-09-23T08:43:43.7711818Z _ _ _ _ _ _ _ _ _ _ _ _ _ _ _ _ _ _ _ _ _ _ _ _ _ _ _ _ _ _ _ _ _ _ _ _ _ _ _ _ 
2026-09-23T08:43:43.7712265Z 
2026-09-23T08:43:43.7712485Z obj = <object object at 0x7f65c5d85370>
2026-09-23T08:43:43.7712844Z 
2026-09-23T08:43:43.7713030Z     def get_object_attribute(obj):
2026-09-23T08:43:43.7713534Z >       return obj.non_existent_attribute
2026-09-23T08:43:43.7714064Z                ^^^^^^^^^^^^^^^^^^^^^^^^^^
2026-09-23T08:43:43.7714769Z E       AttributeError: 'object' object has no attribute 'non_existent_attribute'
2026-09-23T08:43:43.7715348Z 
2026-09-23T08:43:43.7715545Z src/app.py:14: AttributeError
2026-09-23T08:43:43.7716124Z =========================== short test summary info ============================
2026-09-23T08:43:43.7717705Z FAILED tests/test_app.py::test_attribute_error - AttributeError: 'object' object has no attribute 'non_existent_attribute'
2026-09-23T08:43:43.7719172Z ========================= 1 failed, 5 passed in 0.03s ==========================
2026-09-23T08:43:43.7909658Z ##[error]Process completed with exit code 1.
2026-09-23T08:43:43.8054977Z Node 20 is being deprecated. This workflow is running with Node 24 by default. If you need to temporarily use Node 20, you can set the ACTIONS_ALLOW_USE_UNSECURE_NODE_VERSION=true environment variable. For more information see: https://github.blog/changelog/2025-09-19-deprecation-of-node-20-on-github-actions-runners/
2026-09-23T08:43:43.8056244Z Post job cleanup.
2026-09-23T08:43:43.8888898Z [command]/usr/bin/git version
2026-09-23T08:43:43.8934542Z git version 2.55.0
2026-09-23T08:43:43.8977149Z Temporarily overriding HOME='/home/runner/work/_temp/e95eb704-c4f0-437f-b29d-86cfcfc9eaab' before making global git config changes
2026-09-23T08:43:43.8978730Z Adding repository directory to the temporary git global config as a safe directory
2026-09-23T08:43:43.8983384Z [command]/usr/bin/git config --global --add safe.directory /home/runner/work/log-generation/log-generation
2026-09-23T08:43:43.9023605Z [command]/usr/bin/git config --local --name-only --get-regexp core\.sshCommand
2026-09-23T08:43:43.9057738Z [command]/usr/bin/git submodule foreach --recursive sh -c "git config --local --name-only --get-regexp 'core\.sshCommand' && git config --local --unset-all 'core.sshCommand' || :"
2026-09-23T08:43:43.9302241Z [command]/usr/bin/git config --local --name-only --get-regexp http\.https\:\/\/github\.com\/\.extraheader
2026-09-23T08:43:43.9347893Z http.https://github.com/.extraheader
2026-09-23T08:43:43.9363397Z [command]/usr/bin/git config --local --unset-all http.https://github.com/.extraheader
2026-09-23T08:43:43.9400013Z [command]/usr/bin/git submodule foreach --recursive sh -c "git config --local --name-only --get-regexp 'http\.https\:\/\/github\.com\/\.extraheader' && git config --local --unset-all 'http.https://github.com/.extraheader' || :"
2026-09-23T08:43:43.9674826Z [command]/usr/bin/git config --local --name-only --get-regexp ^includeIf\.gitdir:
2026-09-23T08:43:43.9717210Z [command]/usr/bin/git submodule foreach --recursive git config --local --show-origin --name-only --get-regexp remote.origin.url
2026-09-23T08:43:44.0100460Z Cleaning up orphan processes
2026-09-23T08:43:44.0391470Z ##[warning]Node.js 20 is deprecated. The following actions target Node.js 20 but are being forced to run on Node.js 24: actions/checkout@v4, actions/setup-python@v5. For more information see: https://github.blog/changelog/2025-09-19-deprecation-of-node-20-on-github-actions-runners/
