ï»¿2026-09-23T08:44:08.1428839Z Current runner version: '2.337.0'
2026-09-23T08:44:08.1450367Z ##[group]Runner Image Provisioner
2026-09-23T08:44:08.1451099Z Hosted Compute Agent
2026-09-23T08:44:08.1451566Z Version: 20260828.587
2026-09-23T08:44:08.1452146Z Commit: abac92662cab4cc7352de4f9f9d2e2419aad9c29
2026-09-23T08:44:08.1453078Z Build Date: 2026-08-28T16:44:25Z
2026-09-23T08:44:08.1453682Z Worker ID: {8c92e98a-18dd-4ca5-93e0-0a6d8a65c2af}
2026-09-23T08:44:08.1454330Z Azure Region: westus3
2026-09-23T08:44:08.1454789Z ##[endgroup]
2026-09-23T08:44:08.1456251Z ##[group]Operating System
2026-09-23T08:44:08.1456801Z Ubuntu
2026-09-23T08:44:08.1457285Z 24.04.5
2026-09-23T08:44:08.1457733Z LTS
2026-09-23T08:44:08.1458534Z ##[endgroup]
2026-09-23T08:44:08.1459049Z ##[group]Runner Image
2026-09-23T08:44:08.1459578Z Image: ubuntu-24.04
2026-09-23T08:44:08.1460121Z Version: 20260920.314.1
2026-09-23T08:44:08.1461122Z Included Software: https://github.com/actions/runner-images/blob/ubuntu24/20260920.314/images/ubuntu/Ubuntu2404-Readme.md
2026-09-23T08:44:08.1462607Z Image Release: https://github.com/actions/runner-images/releases/tag/ubuntu24%2F20260920.314
2026-09-23T08:44:08.1463505Z ##[endgroup]
2026-09-23T08:44:08.1464542Z ##[group]GITHUB_TOKEN Permissions
2026-09-23T08:44:08.1466412Z Contents: read
2026-09-23T08:44:08.1466961Z Metadata: read
2026-09-23T08:44:08.1467453Z Packages: read
2026-09-23T08:44:08.1467899Z ##[endgroup]
2026-09-23T08:44:08.1469734Z Secret source: Actions
2026-09-23T08:44:08.1470531Z Cache mode: write
2026-09-23T08:44:08.1471460Z Prepare workflow directory
2026-09-23T08:44:08.1776731Z Prepare all required actions
2026-09-23T08:44:08.1821437Z Getting action download info
2026-09-23T08:44:08.4719560Z Download action repository 'actions/checkout@v4' (SHA:11d5960a326750d5838078e36cf38b85af677262)
2026-09-23T08:44:08.7010531Z Download action repository 'actions/setup-python@v5' (SHA:a26af69be951a213d495a4c3e4e4022e16d87065)
2026-09-23T08:44:08.8897527Z Complete job name: test-f3 (TypeError #89)
2026-09-23T08:44:08.9503485Z Node 20 is being deprecated. This workflow is running with Node 24 by default. If you need to temporarily use Node 20, you can set the ACTIONS_ALLOW_USE_UNSECURE_NODE_VERSION=true environment variable. For more information see: https://github.blog/changelog/2025-09-19-deprecation-of-node-20-on-github-actions-runners/
2026-09-23T08:44:08.9510090Z ##[group]Run actions/checkout@v4
2026-09-23T08:44:08.9510698Z with:
2026-09-23T08:44:08.9511051Z   fetch-depth: 1
2026-09-23T08:44:08.9511427Z   repository: DhruvHegde/log-generation
2026-09-23T08:44:08.9514721Z   token: ***
2026-09-23T08:44:08.9515071Z   ssh-strict: true
2026-09-23T08:44:08.9515416Z   ssh-user: git
2026-09-23T08:44:08.9515770Z   persist-credentials: true
2026-09-23T08:44:08.9516156Z   clean: true
2026-09-23T08:44:08.9516510Z   sparse-checkout-cone-mode: true
2026-09-23T08:44:08.9516919Z   fetch-tags: false
2026-09-23T08:44:08.9517271Z   show-progress: true
2026-09-23T08:44:08.9517630Z   lfs: false
2026-09-23T08:44:08.9518005Z   submodules: false
2026-09-23T08:44:08.9518377Z   set-safe-directory: true
2026-09-23T08:44:08.9518772Z   allow-unsafe-pr-checkout: false
2026-09-23T08:44:08.9519640Z ##[endgroup]
2026-09-23T08:44:09.0408270Z Syncing repository: DhruvHegde/log-generation
2026-09-23T08:44:09.0410657Z ##[group]Getting Git version info
2026-09-23T08:44:09.0411697Z Working directory is '/home/runner/work/log-generation/log-generation'
2026-09-23T08:44:09.0413295Z [command]/usr/bin/git version
2026-09-23T08:44:09.0988531Z git version 2.55.0
2026-09-23T08:44:09.1007143Z ##[endgroup]
2026-09-23T08:44:09.1020583Z Temporarily overriding HOME='/home/runner/work/_temp/276e1909-8f72-43b9-81c5-a34d083438ed' before making global git config changes
2026-09-23T08:44:09.1022486Z Adding repository directory to the temporary git global config as a safe directory
2026-09-23T08:44:09.1026034Z [command]/usr/bin/git config --global --add safe.directory /home/runner/work/log-generation/log-generation
2026-09-23T08:44:09.1077949Z Deleting the contents of '/home/runner/work/log-generation/log-generation'
2026-09-23T08:44:09.1082576Z ##[group]Initializing the repository
2026-09-23T08:44:09.1086731Z [command]/usr/bin/git init /home/runner/work/log-generation/log-generation
2026-09-23T08:44:09.1161221Z hint: Using 'master' as the name for the initial branch. This default branch name
2026-09-23T08:44:09.1162717Z hint: will change to "main" in Git 3.0. To configure the initial branch name
2026-09-23T08:44:09.1163719Z hint: to use in all of your new repositories, which will suppress this warning,
2026-09-23T08:44:09.1164952Z hint: call:
2026-09-23T08:44:09.1165453Z hint:
2026-09-23T08:44:09.1166044Z hint: 	git config --global init.defaultBranch <name>
2026-09-23T08:44:09.1166709Z hint:
2026-09-23T08:44:09.1167358Z hint: Names commonly chosen instead of 'master' are 'main', 'trunk' and
2026-09-23T08:44:09.1168263Z hint: 'development'. The just-created branch can be renamed via this command:
2026-09-23T08:44:09.1169012Z hint:
2026-09-23T08:44:09.1169541Z hint: 	git branch -m <name>
2026-09-23T08:44:09.1170108Z hint:
2026-09-23T08:44:09.1170777Z hint: Disable this message with "git config set advice.defaultBranchName false"
2026-09-23T08:44:09.1171822Z Initialized empty Git repository in /home/runner/work/log-generation/log-generation/.git/
2026-09-23T08:44:09.1173956Z [command]/usr/bin/git remote add origin https://github.com/DhruvHegde/log-generation
2026-09-23T08:44:09.1217892Z ##[endgroup]
2026-09-23T08:44:09.1219107Z ##[group]Disabling automatic garbage collection
2026-09-23T08:44:09.1221628Z [command]/usr/bin/git config --local gc.auto 0
2026-09-23T08:44:09.1255095Z ##[endgroup]
2026-09-23T08:44:09.1255729Z ##[group]Setting up auth
2026-09-23T08:44:09.1260555Z [command]/usr/bin/git config --local --name-only --get-regexp core\.sshCommand
2026-09-23T08:44:09.1291279Z [command]/usr/bin/git submodule foreach --recursive sh -c "git config --local --name-only --get-regexp 'core\.sshCommand' && git config --local --unset-all 'core.sshCommand' || :"
2026-09-23T08:44:09.1789367Z [command]/usr/bin/git config --local --name-only --get-regexp http\.https\:\/\/github\.com\/\.extraheader
2026-09-23T08:44:09.1824568Z [command]/usr/bin/git submodule foreach --recursive sh -c "git config --local --name-only --get-regexp 'http\.https\:\/\/github\.com\/\.extraheader' && git config --local --unset-all 'http.https://github.com/.extraheader' || :"
2026-09-23T08:44:09.2042220Z [command]/usr/bin/git config --local --name-only --get-regexp ^includeIf\.gitdir:
2026-09-23T08:44:09.2082923Z [command]/usr/bin/git submodule foreach --recursive git config --local --show-origin --name-only --get-regexp remote.origin.url
2026-09-23T08:44:09.2306936Z [command]/usr/bin/git config --local http.https://github.com/.extraheader AUTHORIZATION: basic ***
2026-09-23T08:44:09.2351171Z ##[endgroup]
2026-09-23T08:44:09.2352272Z ##[group]Fetching the repository
2026-09-23T08:44:09.2361244Z [command]/usr/bin/git -c protocol.version=2 fetch --no-tags --prune --no-recurse-submodules --depth=1 origin +dfcb6f158e4bd8054252a4da5d0a9edc2ab15d57:refs/remotes/origin/feature/f3-test-failures
2026-09-23T08:44:09.6834294Z From https://github.com/DhruvHegde/log-generation
2026-09-23T08:44:09.6836053Z  * [new ref]         dfcb6f158e4bd8054252a4da5d0a9edc2ab15d57 -> origin/feature/f3-test-failures
2026-09-23T08:44:09.6839042Z ##[endgroup]
2026-09-23T08:44:09.6840849Z ##[group]Determining the checkout info
2026-09-23T08:44:09.6842188Z ##[endgroup]
2026-09-23T08:44:09.6847514Z [command]/usr/bin/git sparse-checkout disable
2026-09-23T08:44:09.6909948Z [command]/usr/bin/git config --local --unset-all extensions.worktreeConfig
2026-09-23T08:44:09.6943900Z ##[group]Checking out the ref
2026-09-23T08:44:09.6948988Z [command]/usr/bin/git checkout --progress --force -B feature/f3-test-failures refs/remotes/origin/feature/f3-test-failures
2026-09-23T08:44:09.7019524Z Switched to a new branch 'feature/f3-test-failures'
2026-09-23T08:44:09.7022348Z branch 'feature/f3-test-failures' set up to track 'origin/feature/f3-test-failures'.
2026-09-23T08:44:09.7032773Z ##[endgroup]
2026-09-23T08:44:09.7067913Z [command]/usr/bin/git log -1 --format=%H
2026-09-23T08:44:09.7091682Z dfcb6f158e4bd8054252a4da5d0a9edc2ab15d57
2026-09-23T08:44:09.7393180Z Node 20 is being deprecated. This workflow is running with Node 24 by default. If you need to temporarily use Node 20, you can set the ACTIONS_ALLOW_USE_UNSECURE_NODE_VERSION=true environment variable. For more information see: https://github.blog/changelog/2025-09-19-deprecation-of-node-20-on-github-actions-runners/
2026-09-23T08:44:09.7397827Z ##[group]Run actions/setup-python@v5
2026-09-23T08:44:09.7398685Z with:
2026-09-23T08:44:09.7399323Z   python-version: 3.11
2026-09-23T08:44:09.7400078Z   check-latest: false
2026-09-23T08:44:09.7407505Z   token: ***
2026-09-23T08:44:09.7408205Z   update-environment: true
2026-09-23T08:44:09.7409009Z   allow-prereleases: false
2026-09-23T08:44:09.7409790Z   freethreaded: false
2026-09-23T08:44:09.7410516Z ##[endgroup]
2026-09-23T08:44:09.8511116Z ##[group]Installed versions
2026-09-23T08:44:09.8636519Z (node:2017) [DEP0040] DeprecationWarning: The `punycode` module is deprecated. Please use a userland alternative instead.
2026-09-23T08:44:09.8639575Z (Use `node --trace-deprecation ...` to show where the warning was created)
2026-09-23T08:44:09.8640980Z Successfully set up CPython (3.11.16)
2026-09-23T08:44:09.8642652Z ##[endgroup]
2026-09-23T08:44:09.8800735Z ##[group]Run pip install --no-cache-dir pytest
2026-09-23T08:44:09.8801907Z [36;1mpip install --no-cache-dir pytest[0m
2026-09-23T08:44:09.9568318Z shell: /usr/bin/bash -e {0}
2026-09-23T08:44:09.9569258Z env:
2026-09-23T08:44:09.9570076Z   pythonLocation: /opt/hostedtoolcache/Python/3.11.16/x64
2026-09-23T08:44:09.9571428Z   PKG_CONFIG_PATH: /opt/hostedtoolcache/Python/3.11.16/x64/lib/pkgconfig
2026-09-23T08:44:09.9635378Z   Python_ROOT_DIR: /opt/hostedtoolcache/Python/3.11.16/x64
2026-09-23T08:44:09.9637125Z   Python2_ROOT_DIR: /opt/hostedtoolcache/Python/3.11.16/x64
2026-09-23T08:44:09.9638362Z   Python3_ROOT_DIR: /opt/hostedtoolcache/Python/3.11.16/x64
2026-09-23T08:44:09.9639614Z   LD_LIBRARY_PATH: /opt/hostedtoolcache/Python/3.11.16/x64/lib
2026-09-23T08:44:09.9640644Z ##[endgroup]
2026-09-23T08:44:14.4647153Z Collecting pytest
2026-09-23T08:44:14.5228214Z   Downloading pytest-9.1.1-py3-none-any.whl.metadata (7.6 kB)
2026-09-23T08:44:14.5373951Z Collecting iniconfig>=1.0.1 (from pytest)
2026-09-23T08:44:14.5474285Z   Downloading iniconfig-2.3.0-py3-none-any.whl.metadata (2.5 kB)
2026-09-23T08:44:14.5636407Z Collecting packaging>=22 (from pytest)
2026-09-23T08:44:14.5736691Z   Downloading packaging-26.3-py3-none-any.whl.metadata (3.5 kB)
2026-09-23T08:44:14.5876958Z Collecting pluggy<2,>=1.5 (from pytest)
2026-09-23T08:44:14.5980046Z   Downloading pluggy-1.6.0-py3-none-any.whl.metadata (4.8 kB)
2026-09-23T08:44:14.6173168Z Collecting pygments>=2.7.2 (from pytest)
2026-09-23T08:44:14.6272698Z   Downloading pygments-2.21.0-py3-none-any.whl.metadata (2.5 kB)
2026-09-23T08:44:14.6393020Z Downloading pytest-9.1.1-py3-none-any.whl (386 kB)
2026-09-23T08:44:14.6853942Z Downloading pluggy-1.6.0-py3-none-any.whl (20 kB)
2026-09-23T08:44:14.6952859Z Downloading iniconfig-2.3.0-py3-none-any.whl (7.5 kB)
2026-09-23T08:44:14.7051157Z Downloading packaging-26.3-py3-none-any.whl (129 kB)
2026-09-23T08:44:14.7156510Z Downloading pygments-2.21.0-py3-none-any.whl (1.3 MB)
2026-09-23T08:44:14.7436210Z    ââââââââââââââââââââââââââââââââââââââââ 1.3/1.3 MB 42.2 MB/s  0:00:00
2026-09-23T08:44:14.9976071Z Installing collected packages: pygments, pluggy, packaging, iniconfig, pytest
2026-09-23T08:44:15.8276915Z 
2026-09-23T08:44:15.8285067Z Successfully installed iniconfig-2.3.0 packaging-26.3 pluggy-1.6.0 pygments-2.21.0 pytest-9.1.1
2026-09-23T08:44:15.8896661Z ##[group]Run python automation/inject_mutation.py --error-type "TypeError"
2026-09-23T08:44:15.8897143Z [36;1mpython automation/inject_mutation.py --error-type "TypeError"[0m
2026-09-23T08:44:15.8956063Z shell: /usr/bin/bash -e {0}
2026-09-23T08:44:15.8956300Z env:
2026-09-23T08:44:15.8956546Z   pythonLocation: /opt/hostedtoolcache/Python/3.11.16/x64
2026-09-23T08:44:15.8957116Z   PKG_CONFIG_PATH: /opt/hostedtoolcache/Python/3.11.16/x64/lib/pkgconfig
2026-09-23T08:44:15.8957453Z   Python_ROOT_DIR: /opt/hostedtoolcache/Python/3.11.16/x64
2026-09-23T08:44:15.8957758Z   Python2_ROOT_DIR: /opt/hostedtoolcache/Python/3.11.16/x64
2026-09-23T08:44:15.8958064Z   Python3_ROOT_DIR: /opt/hostedtoolcache/Python/3.11.16/x64
2026-09-23T08:44:15.8958359Z   LD_LIBRARY_PATH: /opt/hostedtoolcache/Python/3.11.16/x64/lib
2026-09-23T08:44:15.8958645Z ##[endgroup]
2026-09-23T08:44:15.9244261Z [Mutation Injected] Successfully injected TypeError into tests/test_app.py
2026-09-23T08:44:15.9311279Z ##[group]Run pytest tests/test_app.py -v
2026-09-23T08:44:15.9311585Z [36;1mpytest tests/test_app.py -v[0m
2026-09-23T08:44:15.9371081Z shell: /usr/bin/bash -e {0}
2026-09-23T08:44:15.9371330Z env:
2026-09-23T08:44:15.9371562Z   pythonLocation: /opt/hostedtoolcache/Python/3.11.16/x64
2026-09-23T08:44:15.9371919Z   PKG_CONFIG_PATH: /opt/hostedtoolcache/Python/3.11.16/x64/lib/pkgconfig
2026-09-23T08:44:15.9372275Z   Python_ROOT_DIR: /opt/hostedtoolcache/Python/3.11.16/x64
2026-09-23T08:44:15.9372766Z   Python2_ROOT_DIR: /opt/hostedtoolcache/Python/3.11.16/x64
2026-09-23T08:44:15.9373063Z   Python3_ROOT_DIR: /opt/hostedtoolcache/Python/3.11.16/x64
2026-09-23T08:44:15.9373356Z   LD_LIBRARY_PATH: /opt/hostedtoolcache/Python/3.11.16/x64/lib
2026-09-23T08:44:15.9373612Z ##[endgroup]
2026-09-23T08:44:16.6628621Z ============================= test session starts ==============================
2026-09-23T08:44:16.6629504Z platform linux -- Python 3.11.16, pytest-9.1.1, pluggy-1.6.0 -- /opt/hostedtoolcache/Python/3.11.16/x64/bin/python
2026-09-23T08:44:16.6630130Z cachedir: .pytest_cache
2026-09-23T08:44:16.6722272Z rootdir: /home/runner/work/log-generation/log-generation
2026-09-23T08:44:16.6722933Z configfile: pytest.ini
2026-09-23T08:44:16.6723242Z collecting ... collected 6 items
2026-09-23T08:44:16.6723637Z 
2026-09-23T08:44:16.6728630Z tests/test_app.py::test_calculate_division PASSED                        [ 16%]
2026-09-23T08:44:16.6734050Z tests/test_app.py::test_convert_to_int PASSED                            [ 33%]
2026-09-23T08:44:16.6739039Z tests/test_app.py::test_get_list_item PASSED                             [ 50%]
2026-09-23T08:44:16.6744037Z tests/test_app.py::test_get_dict_value PASSED                            [ 66%]
2026-09-23T08:44:16.6748734Z tests/test_app.py::test_assert_positive PASSED                           [ 83%]
2026-09-23T08:44:16.7010541Z tests/test_app.py::test_type_error FAILED                                [100%]
2026-09-23T08:44:16.7011085Z 
2026-09-23T08:44:16.7011293Z =================================== FAILURES ===================================
2026-09-23T08:44:16.7011801Z _______________________________ test_type_error ________________________________
2026-09-23T08:44:16.7012121Z 
2026-09-23T08:44:16.7012235Z     def test_type_error():
2026-09-23T08:44:16.7012734Z         """Injected synthetic TypeError."""
2026-09-23T08:44:16.7013112Z         from src.app import calculate_division
2026-09-23T08:44:16.7013503Z >       calculate_division("invalid_string", 5)
2026-09-23T08:44:16.7013750Z 
2026-09-23T08:44:16.7013872Z tests/test_app.py:137: 
2026-09-23T08:44:16.7014224Z _ _ _ _ _ _ _ _ _ _ _ _ _ _ _ _ _ _ _ _ _ _ _ _ _ _ _ _ _ _ _ _ _ _ _ _ _ _ _ _ 
2026-09-23T08:44:16.7014523Z 
2026-09-23T08:44:16.7014649Z a = 'invalid_string', b = 5
2026-09-23T08:44:16.7014844Z 
2026-09-23T08:44:16.7014962Z     def calculate_division(a, b):
2026-09-23T08:44:16.7015260Z >       return a / b
2026-09-23T08:44:16.7015497Z                ^^^^^
2026-09-23T08:44:16.7015865Z E       TypeError: unsupported operand type(s) for /: 'str' and 'int'
2026-09-23T08:44:16.7016182Z 
2026-09-23T08:44:16.7016346Z src/app.py:2: TypeError
2026-09-23T08:44:16.7016680Z =========================== short test summary info ============================
2026-09-23T08:44:16.7017377Z FAILED tests/test_app.py::test_type_error - TypeError: unsupported operand type(s) for /: 'str' and 'int'
2026-09-23T08:44:16.7018450Z ========================= 1 failed, 5 passed in 0.03s ==========================
2026-09-23T08:44:16.7208306Z ##[error]Process completed with exit code 1.
2026-09-23T08:44:16.7328826Z Node 20 is being deprecated. This workflow is running with Node 24 by default. If you need to temporarily use Node 20, you can set the ACTIONS_ALLOW_USE_UNSECURE_NODE_VERSION=true environment variable. For more information see: https://github.blog/changelog/2025-09-19-deprecation-of-node-20-on-github-actions-runners/
2026-09-23T08:44:16.7329789Z Post job cleanup.
2026-09-23T08:44:16.8035774Z [command]/usr/bin/git version
2026-09-23T08:44:16.8072642Z git version 2.55.0
2026-09-23T08:44:16.8103736Z Temporarily overriding HOME='/home/runner/work/_temp/6a847ce8-3b0b-4b2b-9a25-424c04a88475' before making global git config changes
2026-09-23T08:44:16.8104811Z Adding repository directory to the temporary git global config as a safe directory
2026-09-23T08:44:16.8107965Z [command]/usr/bin/git config --global --add safe.directory /home/runner/work/log-generation/log-generation
2026-09-23T08:44:16.8147194Z [command]/usr/bin/git config --local --name-only --get-regexp core\.sshCommand
2026-09-23T08:44:16.8181725Z [command]/usr/bin/git submodule foreach --recursive sh -c "git config --local --name-only --get-regexp 'core\.sshCommand' && git config --local --unset-all 'core.sshCommand' || :"
2026-09-23T08:44:16.8440386Z [command]/usr/bin/git config --local --name-only --get-regexp http\.https\:\/\/github\.com\/\.extraheader
2026-09-23T08:44:16.8534513Z http.https://github.com/.extraheader
2026-09-23T08:44:16.8550636Z [command]/usr/bin/git config --local --unset-all http.https://github.com/.extraheader
2026-09-23T08:44:16.8580489Z [command]/usr/bin/git submodule foreach --recursive sh -c "git config --local --name-only --get-regexp 'http\.https\:\/\/github\.com\/\.extraheader' && git config --local --unset-all 'http.https://github.com/.extraheader' || :"
2026-09-23T08:44:16.8810281Z [command]/usr/bin/git config --local --name-only --get-regexp ^includeIf\.gitdir:
2026-09-23T08:44:16.8847435Z [command]/usr/bin/git submodule foreach --recursive git config --local --show-origin --name-only --get-regexp remote.origin.url
2026-09-23T08:44:16.9183120Z Cleaning up orphan processes
2026-09-23T08:44:16.9414529Z ##[warning]Node.js 20 is deprecated. The following actions target Node.js 20 but are being forced to run on Node.js 24: actions/checkout@v4, actions/setup-python@v5. For more information see: https://github.blog/changelog/2025-09-19-deprecation-of-node-20-on-github-actions-runners/
