ï»¿2026-09-23T08:45:33.2721518Z Current runner version: '2.337.0'
2026-09-23T08:45:33.2744511Z ##[group]Runner Image Provisioner
2026-09-23T08:45:33.2745430Z Hosted Compute Agent
2026-09-23T08:45:33.2746053Z Version: 20260828.587
2026-09-23T08:45:33.2746670Z Commit: abac92662cab4cc7352de4f9f9d2e2419aad9c29
2026-09-23T08:45:33.2747369Z Build Date: 2026-08-28T16:44:25Z
2026-09-23T08:45:33.2748013Z Worker ID: {43605582-81f7-4e8e-9cb4-bbe64222aa72}
2026-09-23T08:45:33.2748687Z Azure Region: centralus
2026-09-23T08:45:33.2749252Z ##[endgroup]
2026-09-23T08:45:33.2750759Z ##[group]Operating System
2026-09-23T08:45:33.2751376Z Ubuntu
2026-09-23T08:45:33.2751870Z 24.04.5
2026-09-23T08:45:33.2752362Z LTS
2026-09-23T08:45:33.2752914Z ##[endgroup]
2026-09-23T08:45:33.2753465Z ##[group]Runner Image
2026-09-23T08:45:33.2754675Z Image: ubuntu-24.04
2026-09-23T08:45:33.2755208Z Version: 20260907.300.1
2026-09-23T08:45:33.2756419Z Included Software: https://github.com/actions/runner-images/blob/ubuntu24/20260907.300/images/ubuntu/Ubuntu2404-Readme.md
2026-09-23T08:45:33.2757781Z Image Release: https://github.com/actions/runner-images/releases/tag/ubuntu24%2F20260907.300
2026-09-23T08:45:33.2758712Z ##[endgroup]
2026-09-23T08:45:33.2759787Z ##[group]GITHUB_TOKEN Permissions
2026-09-23T08:45:33.2762070Z Contents: read
2026-09-23T08:45:33.2762610Z Metadata: read
2026-09-23T08:45:33.2763137Z Packages: read
2026-09-23T08:45:33.2763667Z ##[endgroup]
2026-09-23T08:45:33.2765784Z Secret source: Actions
2026-09-23T08:45:33.2766709Z Cache mode: write
2026-09-23T08:45:33.2767636Z Prepare workflow directory
2026-09-23T08:45:33.3059939Z Prepare all required actions
2026-09-23T08:45:33.3106658Z Getting action download info
2026-09-23T08:45:33.5894758Z Download action repository 'actions/checkout@v4' (SHA:11d5960a326750d5838078e36cf38b85af677262)
2026-09-23T08:45:33.7135825Z Download action repository 'actions/setup-python@v5' (SHA:a26af69be951a213d495a4c3e4e4022e16d87065)
2026-09-23T08:45:33.9115908Z Complete job name: test-f3 (KeyError #250)
2026-09-23T08:45:33.9740909Z Node 20 is being deprecated. This workflow is running with Node 24 by default. If you need to temporarily use Node 20, you can set the ACTIONS_ALLOW_USE_UNSECURE_NODE_VERSION=true environment variable. For more information see: https://github.blog/changelog/2025-09-19-deprecation-of-node-20-on-github-actions-runners/
2026-09-23T08:45:33.9749054Z ##[group]Run actions/checkout@v4
2026-09-23T08:45:33.9749772Z with:
2026-09-23T08:45:33.9750340Z   fetch-depth: 1
2026-09-23T08:45:33.9750896Z   repository: DhruvHegde/log-generation
2026-09-23T08:45:33.9754961Z   token: ***
2026-09-23T08:45:33.9755492Z   ssh-strict: true
2026-09-23T08:45:33.9755973Z   ssh-user: git
2026-09-23T08:45:33.9756562Z   persist-credentials: true
2026-09-23T08:45:33.9757092Z   clean: true
2026-09-23T08:45:33.9757567Z   sparse-checkout-cone-mode: true
2026-09-23T08:45:33.9758155Z   fetch-tags: false
2026-09-23T08:45:33.9758643Z   show-progress: true
2026-09-23T08:45:33.9759126Z   lfs: false
2026-09-23T08:45:33.9759724Z   submodules: false
2026-09-23T08:45:33.9760238Z   set-safe-directory: true
2026-09-23T08:45:33.9760791Z   allow-unsafe-pr-checkout: false
2026-09-23T08:45:33.9761495Z ##[endgroup]
2026-09-23T08:45:34.0705176Z Syncing repository: DhruvHegde/log-generation
2026-09-23T08:45:34.0707866Z ##[group]Getting Git version info
2026-09-23T08:45:34.0709068Z Working directory is '/home/runner/work/log-generation/log-generation'
2026-09-23T08:45:34.0710659Z [command]/usr/bin/git version
2026-09-23T08:45:34.0712659Z git version 2.55.0
2026-09-23T08:45:34.0730013Z ##[endgroup]
2026-09-23T08:45:34.0742068Z Temporarily overriding HOME='/home/runner/work/_temp/351930bd-2aab-4fae-adfe-06e6969485ab' before making global git config changes
2026-09-23T08:45:34.0744225Z Adding repository directory to the temporary git global config as a safe directory
2026-09-23T08:45:34.0746730Z [command]/usr/bin/git config --global --add safe.directory /home/runner/work/log-generation/log-generation
2026-09-23T08:45:34.0789301Z Deleting the contents of '/home/runner/work/log-generation/log-generation'
2026-09-23T08:45:34.0792851Z ##[group]Initializing the repository
2026-09-23T08:45:34.0797048Z [command]/usr/bin/git init /home/runner/work/log-generation/log-generation
2026-09-23T08:45:34.0887881Z hint: Using 'master' as the name for the initial branch. This default branch name
2026-09-23T08:45:34.0889268Z hint: will change to "main" in Git 3.0. To configure the initial branch name
2026-09-23T08:45:34.0890940Z hint: to use in all of your new repositories, which will suppress this warning,
2026-09-23T08:45:34.0892048Z hint: call:
2026-09-23T08:45:34.0892890Z hint:
2026-09-23T08:45:34.0894151Z hint: 	git config --global init.defaultBranch <name>
2026-09-23T08:45:34.0895184Z hint:
2026-09-23T08:45:34.0896206Z hint: Names commonly chosen instead of 'master' are 'main', 'trunk' and
2026-09-23T08:45:34.0898324Z hint: 'development'. The just-created branch can be renamed via this command:
2026-09-23T08:45:34.0899479Z hint:
2026-09-23T08:45:34.0900328Z hint: 	git branch -m <name>
2026-09-23T08:45:34.0901201Z hint:
2026-09-23T08:45:34.0902188Z hint: Disable this message with "git config set advice.defaultBranchName false"
2026-09-23T08:45:34.0904476Z Initialized empty Git repository in /home/runner/work/log-generation/log-generation/.git/
2026-09-23T08:45:34.0907479Z [command]/usr/bin/git remote add origin https://github.com/DhruvHegde/log-generation
2026-09-23T08:45:34.0936203Z ##[endgroup]
2026-09-23T08:45:34.0937378Z ##[group]Disabling automatic garbage collection
2026-09-23T08:45:34.0938809Z [command]/usr/bin/git config --local gc.auto 0
2026-09-23T08:45:34.0963242Z ##[endgroup]
2026-09-23T08:45:34.0964539Z ##[group]Setting up auth
2026-09-23T08:45:34.0967621Z [command]/usr/bin/git config --local --name-only --get-regexp core\.sshCommand
2026-09-23T08:45:34.0993823Z [command]/usr/bin/git submodule foreach --recursive sh -c "git config --local --name-only --get-regexp 'core\.sshCommand' && git config --local --unset-all 'core.sshCommand' || :"
2026-09-23T08:45:34.1284345Z [command]/usr/bin/git config --local --name-only --get-regexp http\.https\:\/\/github\.com\/\.extraheader
2026-09-23T08:45:34.1311274Z [command]/usr/bin/git submodule foreach --recursive sh -c "git config --local --name-only --get-regexp 'http\.https\:\/\/github\.com\/\.extraheader' && git config --local --unset-all 'http.https://github.com/.extraheader' || :"
2026-09-23T08:45:34.1499989Z [command]/usr/bin/git config --local --name-only --get-regexp ^includeIf\.gitdir:
2026-09-23T08:45:34.1533087Z [command]/usr/bin/git submodule foreach --recursive git config --local --show-origin --name-only --get-regexp remote.origin.url
2026-09-23T08:45:34.1722979Z [command]/usr/bin/git config --local http.https://github.com/.extraheader AUTHORIZATION: basic ***
2026-09-23T08:45:34.1752602Z ##[endgroup]
2026-09-23T08:45:34.1753847Z ##[group]Fetching the repository
2026-09-23T08:45:34.1763060Z [command]/usr/bin/git -c protocol.version=2 fetch --no-tags --prune --no-recurse-submodules --depth=1 origin +dfcb6f158e4bd8054252a4da5d0a9edc2ab15d57:refs/remotes/origin/feature/f3-test-failures
2026-09-23T08:45:34.5169090Z From https://github.com/DhruvHegde/log-generation
2026-09-23T08:45:34.5170498Z  * [new ref]         dfcb6f158e4bd8054252a4da5d0a9edc2ab15d57 -> origin/feature/f3-test-failures
2026-09-23T08:45:34.5173056Z ##[endgroup]
2026-09-23T08:45:34.5173855Z ##[group]Determining the checkout info
2026-09-23T08:45:34.5176038Z ##[endgroup]
2026-09-23T08:45:34.5181402Z [command]/usr/bin/git sparse-checkout disable
2026-09-23T08:45:34.5228778Z [command]/usr/bin/git config --local --unset-all extensions.worktreeConfig
2026-09-23T08:45:34.5253356Z ##[group]Checking out the ref
2026-09-23T08:45:34.5257353Z [command]/usr/bin/git checkout --progress --force -B feature/f3-test-failures refs/remotes/origin/feature/f3-test-failures
2026-09-23T08:45:34.5310061Z Switched to a new branch 'feature/f3-test-failures'
2026-09-23T08:45:34.5314026Z branch 'feature/f3-test-failures' set up to track 'origin/feature/f3-test-failures'.
2026-09-23T08:45:34.5317864Z ##[endgroup]
2026-09-23T08:45:34.5350012Z [command]/usr/bin/git log -1 --format=%H
2026-09-23T08:45:34.5368181Z dfcb6f158e4bd8054252a4da5d0a9edc2ab15d57
2026-09-23T08:45:34.5594007Z Node 20 is being deprecated. This workflow is running with Node 24 by default. If you need to temporarily use Node 20, you can set the ACTIONS_ALLOW_USE_UNSECURE_NODE_VERSION=true environment variable. For more information see: https://github.blog/changelog/2025-09-19-deprecation-of-node-20-on-github-actions-runners/
2026-09-23T08:45:34.5596415Z ##[group]Run actions/setup-python@v5
2026-09-23T08:45:34.5597019Z with:
2026-09-23T08:45:34.5597476Z   python-version: 3.11
2026-09-23T08:45:34.5597966Z   check-latest: false
2026-09-23T08:45:34.5601792Z   token: ***
2026-09-23T08:45:34.5602255Z   update-environment: true
2026-09-23T08:45:34.5602816Z   allow-prereleases: false
2026-09-23T08:45:34.5603326Z   freethreaded: false
2026-09-23T08:45:34.5603788Z ##[endgroup]
2026-09-23T08:45:34.6831511Z ##[group]Installed versions
2026-09-23T08:45:34.6923516Z (node:2031) [DEP0040] DeprecationWarning: The `punycode` module is deprecated. Please use a userland alternative instead.
2026-09-23T08:45:34.6925512Z (Use `node --trace-deprecation ...` to show where the warning was created)
2026-09-23T08:45:34.6926593Z Successfully set up CPython (3.11.16)
2026-09-23T08:45:34.6927816Z ##[endgroup]
2026-09-23T08:45:34.7049384Z ##[group]Run pip install --no-cache-dir pytest
2026-09-23T08:45:34.7050167Z [36;1mpip install --no-cache-dir pytest[0m
2026-09-23T08:45:34.7087625Z shell: /usr/bin/bash -e {0}
2026-09-23T08:45:34.7088481Z env:
2026-09-23T08:45:34.7089085Z   pythonLocation: /opt/hostedtoolcache/Python/3.11.16/x64
2026-09-23T08:45:34.7089850Z   PKG_CONFIG_PATH: /opt/hostedtoolcache/Python/3.11.16/x64/lib/pkgconfig
2026-09-23T08:45:34.7090669Z   Python_ROOT_DIR: /opt/hostedtoolcache/Python/3.11.16/x64
2026-09-23T08:45:34.7091391Z   Python2_ROOT_DIR: /opt/hostedtoolcache/Python/3.11.16/x64
2026-09-23T08:45:34.7092092Z   Python3_ROOT_DIR: /opt/hostedtoolcache/Python/3.11.16/x64
2026-09-23T08:45:34.7092809Z   LD_LIBRARY_PATH: /opt/hostedtoolcache/Python/3.11.16/x64/lib
2026-09-23T08:45:34.7093399Z ##[endgroup]
2026-09-23T08:45:35.4963501Z Collecting pytest
2026-09-23T08:45:35.5702164Z   Downloading pytest-9.1.1-py3-none-any.whl.metadata (7.6 kB)
2026-09-23T08:45:35.5903569Z Collecting iniconfig>=1.0.1 (from pytest)
2026-09-23T08:45:35.6011093Z   Downloading iniconfig-2.3.0-py3-none-any.whl.metadata (2.5 kB)
2026-09-23T08:45:35.6238979Z Collecting packaging>=22 (from pytest)
2026-09-23T08:45:35.6346512Z   Downloading packaging-26.3-py3-none-any.whl.metadata (3.5 kB)
2026-09-23T08:45:35.6548544Z Collecting pluggy<2,>=1.5 (from pytest)
2026-09-23T08:45:35.6654984Z   Downloading pluggy-1.6.0-py3-none-any.whl.metadata (4.8 kB)
2026-09-23T08:45:35.6926129Z Collecting pygments>=2.7.2 (from pytest)
2026-09-23T08:45:35.7031140Z   Downloading pygments-2.21.0-py3-none-any.whl.metadata (2.5 kB)
2026-09-23T08:45:35.7161691Z Downloading pytest-9.1.1-py3-none-any.whl (386 kB)
2026-09-23T08:45:35.7630821Z Downloading pluggy-1.6.0-py3-none-any.whl (20 kB)
2026-09-23T08:45:35.7735982Z Downloading iniconfig-2.3.0-py3-none-any.whl (7.5 kB)
2026-09-23T08:45:35.7840455Z Downloading packaging-26.3-py3-none-any.whl (129 kB)
2026-09-23T08:45:35.7949697Z Downloading pygments-2.21.0-py3-none-any.whl (1.3 MB)
2026-09-23T08:45:35.8240212Z    ââââââââââââââââââââââââââââââââââââââââ 1.3/1.3 MB 41.0 MB/s  0:00:00
2026-09-23T08:45:35.8796860Z Installing collected packages: pygments, pluggy, packaging, iniconfig, pytest
2026-09-23T08:45:36.6757393Z 
2026-09-23T08:45:36.6768296Z Successfully installed iniconfig-2.3.0 packaging-26.3 pluggy-1.6.0 pygments-2.21.0 pytest-9.1.1
2026-09-23T08:45:36.7386005Z ##[group]Run python automation/inject_mutation.py --error-type "KeyError"
2026-09-23T08:45:36.7386740Z [36;1mpython automation/inject_mutation.py --error-type "KeyError"[0m
2026-09-23T08:45:36.7411849Z shell: /usr/bin/bash -e {0}
2026-09-23T08:45:36.7412267Z env:
2026-09-23T08:45:36.7412720Z   pythonLocation: /opt/hostedtoolcache/Python/3.11.16/x64
2026-09-23T08:45:36.7413442Z   PKG_CONFIG_PATH: /opt/hostedtoolcache/Python/3.11.16/x64/lib/pkgconfig
2026-09-23T08:45:36.7414124Z   Python_ROOT_DIR: /opt/hostedtoolcache/Python/3.11.16/x64
2026-09-23T08:45:36.7414678Z   Python2_ROOT_DIR: /opt/hostedtoolcache/Python/3.11.16/x64
2026-09-23T08:45:36.7415193Z   Python3_ROOT_DIR: /opt/hostedtoolcache/Python/3.11.16/x64
2026-09-23T08:45:36.7415726Z   LD_LIBRARY_PATH: /opt/hostedtoolcache/Python/3.11.16/x64/lib
2026-09-23T08:45:36.7416203Z ##[endgroup]
2026-09-23T08:45:36.7676226Z [Mutation Injected] Successfully injected KeyError into tests/test_app.py
2026-09-23T08:45:36.7747528Z ##[group]Run pytest tests/test_app.py -v
2026-09-23T08:45:36.7748050Z [36;1mpytest tests/test_app.py -v[0m
2026-09-23T08:45:36.7771660Z shell: /usr/bin/bash -e {0}
2026-09-23T08:45:36.7772179Z env:
2026-09-23T08:45:36.7772590Z   pythonLocation: /opt/hostedtoolcache/Python/3.11.16/x64
2026-09-23T08:45:36.7773115Z   PKG_CONFIG_PATH: /opt/hostedtoolcache/Python/3.11.16/x64/lib/pkgconfig
2026-09-23T08:45:36.7773708Z   Python_ROOT_DIR: /opt/hostedtoolcache/Python/3.11.16/x64
2026-09-23T08:45:36.7774353Z   Python2_ROOT_DIR: /opt/hostedtoolcache/Python/3.11.16/x64
2026-09-23T08:45:36.7774852Z   Python3_ROOT_DIR: /opt/hostedtoolcache/Python/3.11.16/x64
2026-09-23T08:45:36.7775354Z   LD_LIBRARY_PATH: /opt/hostedtoolcache/Python/3.11.16/x64/lib
2026-09-23T08:45:36.7775792Z ##[endgroup]
2026-09-23T08:45:37.0753802Z ============================= test session starts ==============================
2026-09-23T08:45:37.0755341Z platform linux -- Python 3.11.16, pytest-9.1.1, pluggy-1.6.0 -- /opt/hostedtoolcache/Python/3.11.16/x64/bin/python
2026-09-23T08:45:37.0755981Z cachedir: .pytest_cache
2026-09-23T08:45:37.0756421Z rootdir: /home/runner/work/log-generation/log-generation
2026-09-23T08:45:37.0826088Z configfile: pytest.ini
2026-09-23T08:45:37.0826582Z collecting ... collected 6 items
2026-09-23T08:45:37.0827022Z 
2026-09-23T08:45:37.0833190Z tests/test_app.py::test_calculate_division PASSED                        [ 16%]
2026-09-23T08:45:37.0838718Z tests/test_app.py::test_convert_to_int PASSED                            [ 33%]
2026-09-23T08:45:37.0844014Z tests/test_app.py::test_get_list_item PASSED                             [ 50%]
2026-09-23T08:45:37.0848758Z tests/test_app.py::test_get_dict_value PASSED                            [ 66%]
2026-09-23T08:45:37.0853381Z tests/test_app.py::test_assert_positive PASSED                           [ 83%]
2026-09-23T08:45:37.1094255Z tests/test_app.py::test_key_error FAILED                                 [100%]
2026-09-23T08:45:37.1094721Z 
2026-09-23T08:45:37.1094992Z =================================== FAILURES ===================================
2026-09-23T08:45:37.1095612Z ________________________________ test_key_error ________________________________
2026-09-23T08:45:37.1095875Z 
2026-09-23T08:45:37.1096042Z     def test_key_error():
2026-09-23T08:45:37.1096454Z         """Injected synthetic KeyError."""
2026-09-23T08:45:37.1096882Z         from src.app import get_dict_value
2026-09-23T08:45:37.1097269Z         config = {"env": "staging", "retries": 3}
2026-09-23T08:45:37.1097703Z >       get_dict_value(config, "missing_auth_token")
2026-09-23T08:45:37.1097959Z 
2026-09-23T08:45:37.1098124Z tests/test_app.py:138: 
2026-09-23T08:45:37.1098506Z _ _ _ _ _ _ _ _ _ _ _ _ _ _ _ _ _ _ _ _ _ _ _ _ _ _ _ _ _ _ _ _ _ _ _ _ _ _ _ _ 
2026-09-23T08:45:37.1098787Z 
2026-09-23T08:45:37.1099012Z d = {'env': 'staging', 'retries': 3}, key = 'missing_auth_token'
2026-09-23T08:45:37.1099256Z 
2026-09-23T08:45:37.1099433Z     def get_dict_value(d, key):
2026-09-23T08:45:37.1099793Z >       return d[key]
2026-09-23T08:45:37.1100096Z                ^^^^^^
2026-09-23T08:45:37.1100400Z E       KeyError: 'missing_auth_token'
2026-09-23T08:45:37.1100680Z 
2026-09-23T08:45:37.1100808Z src/app.py:11: KeyError
2026-09-23T08:45:37.1101218Z =========================== short test summary info ============================
2026-09-23T08:45:37.1102040Z FAILED tests/test_app.py::test_key_error - KeyError: 'missing_auth_token'
2026-09-23T08:45:37.1102565Z ========================= 1 failed, 5 passed in 0.02s ==========================
2026-09-23T08:45:37.1306091Z ##[error]Process completed with exit code 1.
2026-09-23T08:45:37.1438298Z Node 20 is being deprecated. This workflow is running with Node 24 by default. If you need to temporarily use Node 20, you can set the ACTIONS_ALLOW_USE_UNSECURE_NODE_VERSION=true environment variable. For more information see: https://github.blog/changelog/2025-09-19-deprecation-of-node-20-on-github-actions-runners/
2026-09-23T08:45:37.1439363Z Post job cleanup.
2026-09-23T08:45:37.2225558Z [command]/usr/bin/git version
2026-09-23T08:45:37.2260530Z git version 2.55.0
2026-09-23T08:45:37.2294117Z Temporarily overriding HOME='/home/runner/work/_temp/9107b3ff-7043-424d-b536-7566d51e0021' before making global git config changes
2026-09-23T08:45:37.2295994Z Adding repository directory to the temporary git global config as a safe directory
2026-09-23T08:45:37.2302306Z [command]/usr/bin/git config --global --add safe.directory /home/runner/work/log-generation/log-generation
2026-09-23T08:45:37.2334144Z [command]/usr/bin/git config --local --name-only --get-regexp core\.sshCommand
2026-09-23T08:45:37.2361847Z [command]/usr/bin/git submodule foreach --recursive sh -c "git config --local --name-only --get-regexp 'core\.sshCommand' && git config --local --unset-all 'core.sshCommand' || :"
2026-09-23T08:45:37.2559706Z [command]/usr/bin/git config --local --name-only --get-regexp http\.https\:\/\/github\.com\/\.extraheader
2026-09-23T08:45:37.2581217Z http.https://github.com/.extraheader
2026-09-23T08:45:37.2593330Z [command]/usr/bin/git config --local --unset-all http.https://github.com/.extraheader
2026-09-23T08:45:37.2623358Z [command]/usr/bin/git submodule foreach --recursive sh -c "git config --local --name-only --get-regexp 'http\.https\:\/\/github\.com\/\.extraheader' && git config --local --unset-all 'http.https://github.com/.extraheader' || :"
2026-09-23T08:45:37.2834437Z [command]/usr/bin/git config --local --name-only --get-regexp ^includeIf\.gitdir:
2026-09-23T08:45:37.2861737Z [command]/usr/bin/git submodule foreach --recursive git config --local --show-origin --name-only --get-regexp remote.origin.url
2026-09-23T08:45:37.3218224Z Cleaning up orphan processes
2026-09-23T08:45:37.3447130Z ##[warning]Node.js 20 is deprecated. The following actions target Node.js 20 but are being forced to run on Node.js 24: actions/checkout@v4, actions/setup-python@v5. For more information see: https://github.blog/changelog/2025-09-19-deprecation-of-node-20-on-github-actions-runners/
