ï»¿2026-09-23T08:44:25.0076769Z Current runner version: '2.337.0'
2026-09-23T08:44:25.0102216Z ##[group]Runner Image Provisioner
2026-09-23T08:44:25.0103168Z Hosted Compute Agent
2026-09-23T08:44:25.0103749Z Version: 20260828.587
2026-09-23T08:44:25.0104474Z Commit: abac92662cab4cc7352de4f9f9d2e2419aad9c29
2026-09-23T08:44:25.0105232Z Build Date: 2026-08-28T16:44:25Z
2026-09-23T08:44:25.0105939Z Worker ID: {3a95714e-73ff-4114-9342-dbe159ef8e94}
2026-09-23T08:44:25.0106697Z Azure Region: westus3
2026-09-23T08:44:25.0107280Z ##[endgroup]
2026-09-23T08:44:25.0109381Z ##[group]Operating System
2026-09-23T08:44:25.0110055Z Ubuntu
2026-09-23T08:44:25.0110693Z 24.04.5
2026-09-23T08:44:25.0111267Z LTS
2026-09-23T08:44:25.0111782Z ##[endgroup]
2026-09-23T08:44:25.0112743Z ##[group]Runner Image
2026-09-23T08:44:25.0113376Z Image: ubuntu-24.04
2026-09-23T08:44:25.0113937Z Version: 20260907.300.1
2026-09-23T08:44:25.0115312Z Included Software: https://github.com/actions/runner-images/blob/ubuntu24/20260907.300/images/ubuntu/Ubuntu2404-Readme.md
2026-09-23T08:44:25.0116935Z Image Release: https://github.com/actions/runner-images/releases/tag/ubuntu24%2F20260907.300
2026-09-23T08:44:25.0118121Z ##[endgroup]
2026-09-23T08:44:25.0119457Z ##[group]GITHUB_TOKEN Permissions
2026-09-23T08:44:25.0121618Z Contents: read
2026-09-23T08:44:25.0122216Z Metadata: read
2026-09-23T08:44:25.0122883Z Packages: read
2026-09-23T08:44:25.0123451Z ##[endgroup]
2026-09-23T08:44:25.0125711Z Secret source: Actions
2026-09-23T08:44:25.0126656Z Cache mode: write
2026-09-23T08:44:25.0127829Z Prepare workflow directory
2026-09-23T08:44:25.0523483Z Prepare all required actions
2026-09-23T08:44:25.0572007Z Getting action download info
2026-09-23T08:44:25.3722472Z Download action repository 'actions/checkout@v4' (SHA:11d5960a326750d5838078e36cf38b85af677262)
2026-09-23T08:44:25.4716605Z Download action repository 'actions/setup-python@v5' (SHA:a26af69be951a213d495a4c3e4e4022e16d87065)
2026-09-23T08:44:25.6568483Z Complete job name: test-f3 (KeyError #82)
2026-09-23T08:44:25.7328211Z Node 20 is being deprecated. This workflow is running with Node 24 by default. If you need to temporarily use Node 20, you can set the ACTIONS_ALLOW_USE_UNSECURE_NODE_VERSION=true environment variable. For more information see: https://github.blog/changelog/2025-09-19-deprecation-of-node-20-on-github-actions-runners/
2026-09-23T08:44:25.7337089Z ##[group]Run actions/checkout@v4
2026-09-23T08:44:25.7337848Z with:
2026-09-23T08:44:25.7338508Z   fetch-depth: 1
2026-09-23T08:44:25.7339000Z   repository: DhruvHegde/log-generation
2026-09-23T08:44:25.7342791Z   token: ***
2026-09-23T08:44:25.7343250Z   ssh-strict: true
2026-09-23T08:44:25.7343691Z   ssh-user: git
2026-09-23T08:44:25.7344151Z   persist-credentials: true
2026-09-23T08:44:25.7344644Z   clean: true
2026-09-23T08:44:25.7345087Z   sparse-checkout-cone-mode: true
2026-09-23T08:44:25.7345613Z   fetch-tags: false
2026-09-23T08:44:25.7346085Z   show-progress: true
2026-09-23T08:44:25.7346536Z   lfs: false
2026-09-23T08:44:25.7346981Z   submodules: false
2026-09-23T08:44:25.7347441Z   set-safe-directory: true
2026-09-23T08:44:25.7348148Z   allow-unsafe-pr-checkout: false
2026-09-23T08:44:25.7348973Z ##[endgroup]
2026-09-23T08:44:25.8363943Z Syncing repository: DhruvHegde/log-generation
2026-09-23T08:44:25.8366662Z ##[group]Getting Git version info
2026-09-23T08:44:25.8368145Z Working directory is '/home/runner/work/log-generation/log-generation'
2026-09-23T08:44:25.8369940Z [command]/usr/bin/git version
2026-09-23T08:44:25.8433098Z git version 2.55.0
2026-09-23T08:44:25.8454200Z ##[endgroup]
2026-09-23T08:44:25.8469957Z Temporarily overriding HOME='/home/runner/work/_temp/f973661b-1a42-4492-a20e-b345d4404dc1' before making global git config changes
2026-09-23T08:44:25.8472426Z Adding repository directory to the temporary git global config as a safe directory
2026-09-23T08:44:25.8475153Z [command]/usr/bin/git config --global --add safe.directory /home/runner/work/log-generation/log-generation
2026-09-23T08:44:25.8537449Z Deleting the contents of '/home/runner/work/log-generation/log-generation'
2026-09-23T08:44:25.8546495Z ##[group]Initializing the repository
2026-09-23T08:44:25.8554457Z [command]/usr/bin/git init /home/runner/work/log-generation/log-generation
2026-09-23T08:44:25.8656959Z hint: Using 'master' as the name for the initial branch. This default branch name
2026-09-23T08:44:25.8659102Z hint: will change to "main" in Git 3.0. To configure the initial branch name
2026-09-23T08:44:25.8660897Z hint: to use in all of your new repositories, which will suppress this warning,
2026-09-23T08:44:25.8662338Z hint: call:
2026-09-23T08:44:25.8663183Z hint:
2026-09-23T08:44:25.8664182Z hint: 	git config --global init.defaultBranch <name>
2026-09-23T08:44:25.8665371Z hint:
2026-09-23T08:44:25.8666510Z hint: Names commonly chosen instead of 'master' are 'main', 'trunk' and
2026-09-23T08:44:25.8668540Z hint: 'development'. The just-created branch can be renamed via this command:
2026-09-23T08:44:25.8669956Z hint:
2026-09-23T08:44:25.8670799Z hint: 	git branch -m <name>
2026-09-23T08:44:25.8672609Z hint:
2026-09-23T08:44:25.8673918Z hint: Disable this message with "git config set advice.defaultBranchName false"
2026-09-23T08:44:25.8675963Z Initialized empty Git repository in /home/runner/work/log-generation/log-generation/.git/
2026-09-23T08:44:25.8679847Z [command]/usr/bin/git remote add origin https://github.com/DhruvHegde/log-generation
2026-09-23T08:44:25.8720229Z ##[endgroup]
2026-09-23T08:44:25.8721669Z ##[group]Disabling automatic garbage collection
2026-09-23T08:44:25.8722934Z [command]/usr/bin/git config --local gc.auto 0
2026-09-23T08:44:25.8753942Z ##[endgroup]
2026-09-23T08:44:25.8755251Z ##[group]Setting up auth
2026-09-23T08:44:25.8759416Z [command]/usr/bin/git config --local --name-only --get-regexp core\.sshCommand
2026-09-23T08:44:25.8791941Z [command]/usr/bin/git submodule foreach --recursive sh -c "git config --local --name-only --get-regexp 'core\.sshCommand' && git config --local --unset-all 'core.sshCommand' || :"
2026-09-23T08:44:25.9187411Z [command]/usr/bin/git config --local --name-only --get-regexp http\.https\:\/\/github\.com\/\.extraheader
2026-09-23T08:44:25.9223927Z [command]/usr/bin/git submodule foreach --recursive sh -c "git config --local --name-only --get-regexp 'http\.https\:\/\/github\.com\/\.extraheader' && git config --local --unset-all 'http.https://github.com/.extraheader' || :"
2026-09-23T08:44:25.9473179Z [command]/usr/bin/git config --local --name-only --get-regexp ^includeIf\.gitdir:
2026-09-23T08:44:25.9511324Z [command]/usr/bin/git submodule foreach --recursive git config --local --show-origin --name-only --get-regexp remote.origin.url
2026-09-23T08:44:25.9751958Z [command]/usr/bin/git config --local http.https://github.com/.extraheader AUTHORIZATION: basic ***
2026-09-23T08:44:25.9798337Z ##[endgroup]
2026-09-23T08:44:25.9799823Z ##[group]Fetching the repository
2026-09-23T08:44:25.9810594Z [command]/usr/bin/git -c protocol.version=2 fetch --no-tags --prune --no-recurse-submodules --depth=1 origin +dfcb6f158e4bd8054252a4da5d0a9edc2ab15d57:refs/remotes/origin/feature/f3-test-failures
2026-09-23T08:44:26.4471276Z From https://github.com/DhruvHegde/log-generation
2026-09-23T08:44:26.4476029Z  * [new ref]         dfcb6f158e4bd8054252a4da5d0a9edc2ab15d57 -> origin/feature/f3-test-failures
2026-09-23T08:44:26.4479543Z ##[endgroup]
2026-09-23T08:44:26.4480995Z ##[group]Determining the checkout info
2026-09-23T08:44:26.4482597Z ##[endgroup]
2026-09-23T08:44:26.4488680Z [command]/usr/bin/git sparse-checkout disable
2026-09-23T08:44:26.4540701Z [command]/usr/bin/git config --local --unset-all extensions.worktreeConfig
2026-09-23T08:44:26.4575676Z ##[group]Checking out the ref
2026-09-23T08:44:26.4583080Z [command]/usr/bin/git checkout --progress --force -B feature/f3-test-failures refs/remotes/origin/feature/f3-test-failures
2026-09-23T08:44:26.4664583Z Switched to a new branch 'feature/f3-test-failures'
2026-09-23T08:44:26.4672956Z branch 'feature/f3-test-failures' set up to track 'origin/feature/f3-test-failures'.
2026-09-23T08:44:26.4677169Z ##[endgroup]
2026-09-23T08:44:26.4721231Z [command]/usr/bin/git log -1 --format=%H
2026-09-23T08:44:26.4747638Z dfcb6f158e4bd8054252a4da5d0a9edc2ab15d57
2026-09-23T08:44:26.5021027Z Node 20 is being deprecated. This workflow is running with Node 24 by default. If you need to temporarily use Node 20, you can set the ACTIONS_ALLOW_USE_UNSECURE_NODE_VERSION=true environment variable. For more information see: https://github.blog/changelog/2025-09-19-deprecation-of-node-20-on-github-actions-runners/
2026-09-23T08:44:26.5023904Z ##[group]Run actions/setup-python@v5
2026-09-23T08:44:26.5024446Z with:
2026-09-23T08:44:26.5024865Z   python-version: 3.11
2026-09-23T08:44:26.5025379Z   check-latest: false
2026-09-23T08:44:26.5029308Z   token: ***
2026-09-23T08:44:26.5029823Z   update-environment: true
2026-09-23T08:44:26.5030330Z   allow-prereleases: false
2026-09-23T08:44:26.5030819Z   freethreaded: false
2026-09-23T08:44:26.5031305Z ##[endgroup]
2026-09-23T08:44:26.6371350Z ##[group]Installed versions
2026-09-23T08:44:26.6487405Z (node:2226) [DEP0040] DeprecationWarning: The `punycode` module is deprecated. Please use a userland alternative instead.
2026-09-23T08:44:26.6490140Z (Use `node --trace-deprecation ...` to show where the warning was created)
2026-09-23T08:44:26.6491616Z Successfully set up CPython (3.11.16)
2026-09-23T08:44:26.6492713Z ##[endgroup]
2026-09-23T08:44:26.6675270Z ##[group]Run pip install --no-cache-dir pytest
2026-09-23T08:44:26.6676049Z [36;1mpip install --no-cache-dir pytest[0m
2026-09-23T08:44:26.6729150Z shell: /usr/bin/bash -e {0}
2026-09-23T08:44:26.6729711Z env:
2026-09-23T08:44:26.6730245Z   pythonLocation: /opt/hostedtoolcache/Python/3.11.16/x64
2026-09-23T08:44:26.6731105Z   PKG_CONFIG_PATH: /opt/hostedtoolcache/Python/3.11.16/x64/lib/pkgconfig
2026-09-23T08:44:26.6731944Z   Python_ROOT_DIR: /opt/hostedtoolcache/Python/3.11.16/x64
2026-09-23T08:44:26.6733279Z   Python2_ROOT_DIR: /opt/hostedtoolcache/Python/3.11.16/x64
2026-09-23T08:44:26.6734892Z   Python3_ROOT_DIR: /opt/hostedtoolcache/Python/3.11.16/x64
2026-09-23T08:44:26.6736196Z   LD_LIBRARY_PATH: /opt/hostedtoolcache/Python/3.11.16/x64/lib
2026-09-23T08:44:26.6737273Z ##[endgroup]
2026-09-23T08:44:27.5135768Z Collecting pytest
2026-09-23T08:44:27.5834396Z   Downloading pytest-9.1.1-py3-none-any.whl.metadata (7.6 kB)
2026-09-23T08:44:27.5985702Z Collecting iniconfig>=1.0.1 (from pytest)
2026-09-23T08:44:27.6092537Z   Downloading iniconfig-2.3.0-py3-none-any.whl.metadata (2.5 kB)
2026-09-23T08:44:27.6284370Z Collecting packaging>=22 (from pytest)
2026-09-23T08:44:27.6392110Z   Downloading packaging-26.3-py3-none-any.whl.metadata (3.5 kB)
2026-09-23T08:44:27.6542430Z Collecting pluggy<2,>=1.5 (from pytest)
2026-09-23T08:44:27.6646416Z   Downloading pluggy-1.6.0-py3-none-any.whl.metadata (4.8 kB)
2026-09-23T08:44:27.6888782Z Collecting pygments>=2.7.2 (from pytest)
2026-09-23T08:44:27.6994788Z   Downloading pygments-2.21.0-py3-none-any.whl.metadata (2.5 kB)
2026-09-23T08:44:27.7125692Z Downloading pytest-9.1.1-py3-none-any.whl (386 kB)
2026-09-23T08:44:27.7589569Z Downloading pluggy-1.6.0-py3-none-any.whl (20 kB)
2026-09-23T08:44:27.7696258Z Downloading iniconfig-2.3.0-py3-none-any.whl (7.5 kB)
2026-09-23T08:44:27.7800291Z Downloading packaging-26.3-py3-none-any.whl (129 kB)
2026-09-23T08:44:27.7907565Z Downloading pygments-2.21.0-py3-none-any.whl (1.3 MB)
2026-09-23T08:44:27.8190855Z    ââââââââââââââââââââââââââââââââââââââââ 1.3/1.3 MB 40.7 MB/s  0:00:00
2026-09-23T08:44:27.8843281Z Installing collected packages: pygments, pluggy, packaging, iniconfig, pytest
2026-09-23T08:44:28.8409109Z 
2026-09-23T08:44:28.8419977Z Successfully installed iniconfig-2.3.0 packaging-26.3 pluggy-1.6.0 pygments-2.21.0 pytest-9.1.1
2026-09-23T08:44:28.8932251Z ##[group]Run python automation/inject_mutation.py --error-type "KeyError"
2026-09-23T08:44:28.8932948Z [36;1mpython automation/inject_mutation.py --error-type "KeyError"[0m
2026-09-23T08:44:28.8971724Z shell: /usr/bin/bash -e {0}
2026-09-23T08:44:28.8972046Z env:
2026-09-23T08:44:28.8972380Z   pythonLocation: /opt/hostedtoolcache/Python/3.11.16/x64
2026-09-23T08:44:28.8973089Z   PKG_CONFIG_PATH: /opt/hostedtoolcache/Python/3.11.16/x64/lib/pkgconfig
2026-09-23T08:44:28.8973586Z   Python_ROOT_DIR: /opt/hostedtoolcache/Python/3.11.16/x64
2026-09-23T08:44:28.8974030Z   Python2_ROOT_DIR: /opt/hostedtoolcache/Python/3.11.16/x64
2026-09-23T08:44:28.8974489Z   Python3_ROOT_DIR: /opt/hostedtoolcache/Python/3.11.16/x64
2026-09-23T08:44:28.8974932Z   LD_LIBRARY_PATH: /opt/hostedtoolcache/Python/3.11.16/x64/lib
2026-09-23T08:44:28.8975342Z ##[endgroup]
2026-09-23T08:44:28.9275905Z [Mutation Injected] Successfully injected KeyError into tests/test_app.py
2026-09-23T08:44:28.9349983Z ##[group]Run pytest tests/test_app.py -v
2026-09-23T08:44:28.9350433Z [36;1mpytest tests/test_app.py -v[0m
2026-09-23T08:44:28.9387682Z shell: /usr/bin/bash -e {0}
2026-09-23T08:44:28.9388231Z env:
2026-09-23T08:44:28.9388563Z   pythonLocation: /opt/hostedtoolcache/Python/3.11.16/x64
2026-09-23T08:44:28.9389080Z   PKG_CONFIG_PATH: /opt/hostedtoolcache/Python/3.11.16/x64/lib/pkgconfig
2026-09-23T08:44:28.9389603Z   Python_ROOT_DIR: /opt/hostedtoolcache/Python/3.11.16/x64
2026-09-23T08:44:28.9390045Z   Python2_ROOT_DIR: /opt/hostedtoolcache/Python/3.11.16/x64
2026-09-23T08:44:28.9390481Z   Python3_ROOT_DIR: /opt/hostedtoolcache/Python/3.11.16/x64
2026-09-23T08:44:28.9390921Z   LD_LIBRARY_PATH: /opt/hostedtoolcache/Python/3.11.16/x64/lib
2026-09-23T08:44:28.9391297Z ##[endgroup]
2026-09-23T08:44:29.1873568Z ============================= test session starts ==============================
2026-09-23T08:44:29.1875278Z platform linux -- Python 3.11.16, pytest-9.1.1, pluggy-1.6.0 -- /opt/hostedtoolcache/Python/3.11.16/x64/bin/python
2026-09-23T08:44:29.1876597Z cachedir: .pytest_cache
2026-09-23T08:44:29.1877372Z rootdir: /home/runner/work/log-generation/log-generation
2026-09-23T08:44:29.1878606Z configfile: pytest.ini
2026-09-23T08:44:29.1966676Z collecting ... collected 6 items
2026-09-23T08:44:29.1967512Z 
2026-09-23T08:44:29.1976400Z tests/test_app.py::test_calculate_division PASSED                        [ 16%]
2026-09-23T08:44:29.1984778Z tests/test_app.py::test_convert_to_int PASSED                            [ 33%]
2026-09-23T08:44:29.1992744Z tests/test_app.py::test_get_list_item PASSED                             [ 50%]
2026-09-23T08:44:29.2000426Z tests/test_app.py::test_get_dict_value PASSED                            [ 66%]
2026-09-23T08:44:29.2007564Z tests/test_app.py::test_assert_positive PASSED                           [ 83%]
2026-09-23T08:44:29.2293115Z tests/test_app.py::test_key_error FAILED                                 [100%]
2026-09-23T08:44:29.2293970Z 
2026-09-23T08:44:29.2294569Z =================================== FAILURES ===================================
2026-09-23T08:44:29.2295404Z ________________________________ test_key_error ________________________________
2026-09-23T08:44:29.2295912Z 
2026-09-23T08:44:29.2296085Z     def test_key_error():
2026-09-23T08:44:29.2296558Z         """Injected synthetic KeyError."""
2026-09-23T08:44:29.2297163Z         from src.app import get_dict_value
2026-09-23T08:44:29.2297709Z         config = {"env": "staging", "retries": 3}
2026-09-23T08:44:29.2298645Z >       get_dict_value(config, "missing_auth_token")
2026-09-23T08:44:29.2299052Z 
2026-09-23T08:44:29.2299242Z tests/test_app.py:138: 
2026-09-23T08:44:29.2299780Z _ _ _ _ _ _ _ _ _ _ _ _ _ _ _ _ _ _ _ _ _ _ _ _ _ _ _ _ _ _ _ _ _ _ _ _ _ _ _ _ 
2026-09-23T08:44:29.2300237Z 
2026-09-23T08:44:29.2300528Z d = {'env': 'staging', 'retries': 3}, key = 'missing_auth_token'
2026-09-23T08:44:29.2300974Z 
2026-09-23T08:44:29.2301157Z     def get_dict_value(d, key):
2026-09-23T08:44:29.2301694Z >       return d[key]
2026-09-23T08:44:29.2302107Z                ^^^^^^
2026-09-23T08:44:29.2302530Z E       KeyError: 'missing_auth_token'
2026-09-23T08:44:29.2302873Z 
2026-09-23T08:44:29.2303059Z src/app.py:11: KeyError
2026-09-23T08:44:29.2303622Z =========================== short test summary info ============================
2026-09-23T08:44:29.2304528Z FAILED tests/test_app.py::test_key_error - KeyError: 'missing_auth_token'
2026-09-23T08:44:29.2305854Z ========================= 1 failed, 5 passed in 0.03s ==========================
2026-09-23T08:44:29.2485381Z ##[error]Process completed with exit code 1.
2026-09-23T08:44:29.2629947Z Node 20 is being deprecated. This workflow is running with Node 24 by default. If you need to temporarily use Node 20, you can set the ACTIONS_ALLOW_USE_UNSECURE_NODE_VERSION=true environment variable. For more information see: https://github.blog/changelog/2025-09-19-deprecation-of-node-20-on-github-actions-runners/
2026-09-23T08:44:29.2631249Z Post job cleanup.
2026-09-23T08:44:29.3510947Z [command]/usr/bin/git version
2026-09-23T08:44:29.3554706Z git version 2.55.0
2026-09-23T08:44:29.3595571Z Temporarily overriding HOME='/home/runner/work/_temp/8f309dc8-8793-45db-9181-4d91becf720c' before making global git config changes
2026-09-23T08:44:29.3597213Z Adding repository directory to the temporary git global config as a safe directory
2026-09-23T08:44:29.3601800Z [command]/usr/bin/git config --global --add safe.directory /home/runner/work/log-generation/log-generation
2026-09-23T08:44:29.3640449Z [command]/usr/bin/git config --local --name-only --get-regexp core\.sshCommand
2026-09-23T08:44:29.3676919Z [command]/usr/bin/git submodule foreach --recursive sh -c "git config --local --name-only --get-regexp 'core\.sshCommand' && git config --local --unset-all 'core.sshCommand' || :"
2026-09-23T08:44:29.3936400Z [command]/usr/bin/git config --local --name-only --get-regexp http\.https\:\/\/github\.com\/\.extraheader
2026-09-23T08:44:29.3963440Z http.https://github.com/.extraheader
2026-09-23T08:44:29.3980648Z [command]/usr/bin/git config --local --unset-all http.https://github.com/.extraheader
2026-09-23T08:44:29.4010573Z [command]/usr/bin/git submodule foreach --recursive sh -c "git config --local --name-only --get-regexp 'http\.https\:\/\/github\.com\/\.extraheader' && git config --local --unset-all 'http.https://github.com/.extraheader' || :"
2026-09-23T08:44:29.4275291Z [command]/usr/bin/git config --local --name-only --get-regexp ^includeIf\.gitdir:
2026-09-23T08:44:29.4319486Z [command]/usr/bin/git submodule foreach --recursive git config --local --show-origin --name-only --get-regexp remote.origin.url
2026-09-23T08:44:29.4725028Z Cleaning up orphan processes
2026-09-23T08:44:29.5033347Z ##[warning]Node.js 20 is deprecated. The following actions target Node.js 20 but are being forced to run on Node.js 24: actions/checkout@v4, actions/setup-python@v5. For more information see: https://github.blog/changelog/2025-09-19-deprecation-of-node-20-on-github-actions-runners/
