ï»¿2026-09-23T08:49:47.9201581Z Current runner version: '2.337.0'
2026-09-23T08:49:47.9225932Z ##[group]Runner Image Provisioner
2026-09-23T08:49:47.9226817Z Hosted Compute Agent
2026-09-23T08:49:47.9227420Z Version: 20260828.587
2026-09-23T08:49:47.9228322Z Commit: abac92662cab4cc7352de4f9f9d2e2419aad9c29
2026-09-23T08:49:47.9229093Z Build Date: 2026-08-28T16:44:25Z
2026-09-23T08:49:47.9229842Z Worker ID: {be3cce48-1b31-4e46-af5d-70919c704397}
2026-09-23T08:49:47.9230618Z Azure Region: westus
2026-09-23T08:49:47.9231245Z ##[endgroup]
2026-09-23T08:49:47.9233580Z ##[group]Operating System
2026-09-23T08:49:47.9234303Z Ubuntu
2026-09-23T08:49:47.9234963Z 24.04.5
2026-09-23T08:49:47.9235585Z LTS
2026-09-23T08:49:47.9236461Z ##[endgroup]
2026-09-23T08:49:47.9237206Z ##[group]Runner Image
2026-09-23T08:49:47.9237843Z Image: ubuntu-24.04
2026-09-23T08:49:47.9238490Z Version: 20260920.314.1
2026-09-23T08:49:47.9239797Z Included Software: https://github.com/actions/runner-images/blob/ubuntu24/20260920.314/images/ubuntu/Ubuntu2404-Readme.md
2026-09-23T08:49:47.9241472Z Image Release: https://github.com/actions/runner-images/releases/tag/ubuntu24%2F20260920.314
2026-09-23T08:49:47.9242936Z ##[endgroup]
2026-09-23T08:49:47.9244310Z ##[group]GITHUB_TOKEN Permissions
2026-09-23T08:49:47.9246469Z Contents: read
2026-09-23T08:49:47.9247275Z Metadata: read
2026-09-23T08:49:47.9247894Z Packages: read
2026-09-23T08:49:47.9248506Z ##[endgroup]
2026-09-23T08:49:47.9250886Z Secret source: Actions
2026-09-23T08:49:47.9252175Z Cache mode: write
2026-09-23T08:49:47.9253413Z Prepare workflow directory
2026-09-23T08:49:47.9620279Z Prepare all required actions
2026-09-23T08:49:47.9689636Z Getting action download info
2026-09-23T08:49:48.3303186Z Download action repository 'actions/checkout@v4' (SHA:11d5960a326750d5838078e36cf38b85af677262)
2026-09-23T08:49:48.4469017Z Download action repository 'actions/setup-python@v5' (SHA:a26af69be951a213d495a4c3e4e4022e16d87065)
2026-09-23T08:49:48.6288858Z Complete job name: test-f3 (KeyError #192)
2026-09-23T08:49:48.7065447Z Node 20 is being deprecated. This workflow is running with Node 24 by default. If you need to temporarily use Node 20, you can set the ACTIONS_ALLOW_USE_UNSECURE_NODE_VERSION=true environment variable. For more information see: https://github.blog/changelog/2025-09-19-deprecation-of-node-20-on-github-actions-runners/
2026-09-23T08:49:48.7074318Z ##[group]Run actions/checkout@v4
2026-09-23T08:49:48.7075091Z with:
2026-09-23T08:49:48.7075545Z   fetch-depth: 1
2026-09-23T08:49:48.7076048Z   repository: DhruvHegde/log-generation
2026-09-23T08:49:48.7079708Z   token: ***
2026-09-23T08:49:48.7080173Z   ssh-strict: true
2026-09-23T08:49:48.7080636Z   ssh-user: git
2026-09-23T08:49:48.7081108Z   persist-credentials: true
2026-09-23T08:49:48.7081626Z   clean: true
2026-09-23T08:49:48.7082318Z   sparse-checkout-cone-mode: true
2026-09-23T08:49:48.7082869Z   fetch-tags: false
2026-09-23T08:49:48.7083355Z   show-progress: true
2026-09-23T08:49:48.7083835Z   lfs: false
2026-09-23T08:49:48.7084300Z   submodules: false
2026-09-23T08:49:48.7084798Z   set-safe-directory: true
2026-09-23T08:49:48.7085339Z   allow-unsafe-pr-checkout: false
2026-09-23T08:49:48.7086180Z ##[endgroup]
2026-09-23T08:49:48.8123156Z Syncing repository: DhruvHegde/log-generation
2026-09-23T08:49:48.8125461Z ##[group]Getting Git version info
2026-09-23T08:49:48.8126483Z Working directory is '/home/runner/work/log-generation/log-generation'
2026-09-23T08:49:48.8127663Z [command]/usr/bin/git version
2026-09-23T08:49:48.8187658Z git version 2.55.0
2026-09-23T08:49:48.8210188Z ##[endgroup]
2026-09-23T08:49:48.8227028Z Temporarily overriding HOME='/home/runner/work/_temp/4310c501-47f0-4b21-a1f7-15f28311cff2' before making global git config changes
2026-09-23T08:49:48.8229842Z Adding repository directory to the temporary git global config as a safe directory
2026-09-23T08:49:48.8233607Z [command]/usr/bin/git config --global --add safe.directory /home/runner/work/log-generation/log-generation
2026-09-23T08:49:48.8286736Z Deleting the contents of '/home/runner/work/log-generation/log-generation'
2026-09-23T08:49:48.8292119Z ##[group]Initializing the repository
2026-09-23T08:49:48.8296577Z [command]/usr/bin/git init /home/runner/work/log-generation/log-generation
2026-09-23T08:49:48.8400664Z hint: Using 'master' as the name for the initial branch. This default branch name
2026-09-23T08:49:48.8402634Z hint: will change to "main" in Git 3.0. To configure the initial branch name
2026-09-23T08:49:48.8404194Z hint: to use in all of your new repositories, which will suppress this warning,
2026-09-23T08:49:48.8405375Z hint: call:
2026-09-23T08:49:48.8406036Z hint:
2026-09-23T08:49:48.8406891Z hint: 	git config --global init.defaultBranch <name>
2026-09-23T08:49:48.8407937Z hint:
2026-09-23T08:49:48.8408901Z hint: Names commonly chosen instead of 'master' are 'main', 'trunk' and
2026-09-23T08:49:48.8410404Z hint: 'development'. The just-created branch can be renamed via this command:
2026-09-23T08:49:48.8411595Z hint:
2026-09-23T08:49:48.8412508Z hint: 	git branch -m <name>
2026-09-23T08:49:48.8413355Z hint:
2026-09-23T08:49:48.8414407Z hint: Disable this message with "git config set advice.defaultBranchName false"
2026-09-23T08:49:48.8416159Z Initialized empty Git repository in /home/runner/work/log-generation/log-generation/.git/
2026-09-23T08:49:48.8420451Z [command]/usr/bin/git remote add origin https://github.com/DhruvHegde/log-generation
2026-09-23T08:49:48.8471437Z ##[endgroup]
2026-09-23T08:49:48.8472883Z ##[group]Disabling automatic garbage collection
2026-09-23T08:49:48.8475155Z [command]/usr/bin/git config --local gc.auto 0
2026-09-23T08:49:48.8536049Z ##[endgroup]
2026-09-23T08:49:48.8537264Z ##[group]Setting up auth
2026-09-23T08:49:48.8538525Z [command]/usr/bin/git config --local --name-only --get-regexp core\.sshCommand
2026-09-23T08:49:48.8568871Z [command]/usr/bin/git submodule foreach --recursive sh -c "git config --local --name-only --get-regexp 'core\.sshCommand' && git config --local --unset-all 'core.sshCommand' || :"
2026-09-23T08:49:48.8961709Z [command]/usr/bin/git config --local --name-only --get-regexp http\.https\:\/\/github\.com\/\.extraheader
2026-09-23T08:49:48.9024274Z [command]/usr/bin/git submodule foreach --recursive sh -c "git config --local --name-only --get-regexp 'http\.https\:\/\/github\.com\/\.extraheader' && git config --local --unset-all 'http.https://github.com/.extraheader' || :"
2026-09-23T08:49:48.9284224Z [command]/usr/bin/git config --local --name-only --get-regexp ^includeIf\.gitdir:
2026-09-23T08:49:48.9321224Z [command]/usr/bin/git submodule foreach --recursive git config --local --show-origin --name-only --get-regexp remote.origin.url
2026-09-23T08:49:48.9547256Z [command]/usr/bin/git config --local http.https://github.com/.extraheader AUTHORIZATION: basic ***
2026-09-23T08:49:48.9588826Z ##[endgroup]
2026-09-23T08:49:48.9589780Z ##[group]Fetching the repository
2026-09-23T08:49:48.9599330Z [command]/usr/bin/git -c protocol.version=2 fetch --no-tags --prune --no-recurse-submodules --depth=1 origin +43f20917de93b9aad51cf79a69ad5239c5632917:refs/remotes/origin/feature/f3-test-failures
2026-09-23T08:49:49.4886335Z From https://github.com/DhruvHegde/log-generation
2026-09-23T08:49:49.4888952Z  * [new ref]         43f20917de93b9aad51cf79a69ad5239c5632917 -> origin/feature/f3-test-failures
2026-09-23T08:49:49.4894263Z ##[endgroup]
2026-09-23T08:49:49.4896306Z ##[group]Determining the checkout info
2026-09-23T08:49:49.4898338Z ##[endgroup]
2026-09-23T08:49:49.4903972Z [command]/usr/bin/git sparse-checkout disable
2026-09-23T08:49:49.4958598Z [command]/usr/bin/git config --local --unset-all extensions.worktreeConfig
2026-09-23T08:49:49.4994444Z ##[group]Checking out the ref
2026-09-23T08:49:49.5007417Z [command]/usr/bin/git checkout --progress --force -B feature/f3-test-failures refs/remotes/origin/feature/f3-test-failures
2026-09-23T08:49:49.5400491Z Switched to a new branch 'feature/f3-test-failures'
2026-09-23T08:49:49.5404391Z branch 'feature/f3-test-failures' set up to track 'origin/feature/f3-test-failures'.
2026-09-23T08:49:49.5413140Z ##[endgroup]
2026-09-23T08:49:49.5459761Z [command]/usr/bin/git log -1 --format=%H
2026-09-23T08:49:49.5486797Z 43f20917de93b9aad51cf79a69ad5239c5632917
2026-09-23T08:49:49.5759447Z Node 20 is being deprecated. This workflow is running with Node 24 by default. If you need to temporarily use Node 20, you can set the ACTIONS_ALLOW_USE_UNSECURE_NODE_VERSION=true environment variable. For more information see: https://github.blog/changelog/2025-09-19-deprecation-of-node-20-on-github-actions-runners/
2026-09-23T08:49:49.5762612Z ##[group]Run actions/setup-python@v5
2026-09-23T08:49:49.5763199Z with:
2026-09-23T08:49:49.5763641Z   python-version: 3.11
2026-09-23T08:49:49.5764144Z   check-latest: false
2026-09-23T08:49:49.5767633Z   token: ***
2026-09-23T08:49:49.5768101Z   update-environment: true
2026-09-23T08:49:49.5768638Z   allow-prereleases: false
2026-09-23T08:49:49.5769156Z   freethreaded: false
2026-09-23T08:49:49.5769632Z ##[endgroup]
2026-09-23T08:49:49.7092389Z ##[group]Installed versions
2026-09-23T08:49:49.7181203Z (node:2259) [DEP0040] DeprecationWarning: The `punycode` module is deprecated. Please use a userland alternative instead.
2026-09-23T08:49:49.7183910Z (Use `node --trace-deprecation ...` to show where the warning was created)
2026-09-23T08:49:49.7185398Z Successfully set up CPython (3.11.16)
2026-09-23T08:49:49.7187172Z ##[endgroup]
2026-09-23T08:49:49.7338397Z ##[group]Run pip install --no-cache-dir pytest
2026-09-23T08:49:49.7339204Z [36;1mpip install --no-cache-dir pytest[0m
2026-09-23T08:49:49.7709128Z shell: /usr/bin/bash -e {0}
2026-09-23T08:49:49.7709754Z env:
2026-09-23T08:49:49.7710350Z   pythonLocation: /opt/hostedtoolcache/Python/3.11.16/x64
2026-09-23T08:49:49.7711291Z   PKG_CONFIG_PATH: /opt/hostedtoolcache/Python/3.11.16/x64/lib/pkgconfig
2026-09-23T08:49:49.7712458Z   Python_ROOT_DIR: /opt/hostedtoolcache/Python/3.11.16/x64
2026-09-23T08:49:49.7713347Z   Python2_ROOT_DIR: /opt/hostedtoolcache/Python/3.11.16/x64
2026-09-23T08:49:49.7714198Z   Python3_ROOT_DIR: /opt/hostedtoolcache/Python/3.11.16/x64
2026-09-23T08:49:49.7715086Z   LD_LIBRARY_PATH: /opt/hostedtoolcache/Python/3.11.16/x64/lib
2026-09-23T08:49:49.7715821Z ##[endgroup]
2026-09-23T08:49:53.0324460Z Collecting pytest
2026-09-23T08:49:53.2027726Z   Downloading pytest-9.1.1-py3-none-any.whl.metadata (7.6 kB)
2026-09-23T08:49:53.2282874Z Collecting iniconfig>=1.0.1 (from pytest)
2026-09-23T08:49:53.2729693Z   Downloading iniconfig-2.3.0-py3-none-any.whl.metadata (2.5 kB)
2026-09-23T08:49:53.3016829Z Collecting packaging>=22 (from pytest)
2026-09-23T08:49:53.3461160Z   Downloading packaging-26.3-py3-none-any.whl.metadata (3.5 kB)
2026-09-23T08:49:53.3732896Z Collecting pluggy<2,>=1.5 (from pytest)
2026-09-23T08:49:53.4178032Z   Downloading pluggy-1.6.0-py3-none-any.whl.metadata (4.8 kB)
2026-09-23T08:49:53.4515353Z Collecting pygments>=2.7.2 (from pytest)
2026-09-23T08:49:53.4958456Z   Downloading pygments-2.21.0-py3-none-any.whl.metadata (2.5 kB)
2026-09-23T08:49:53.5426696Z Downloading pytest-9.1.1-py3-none-any.whl (386 kB)
2026-09-23T08:49:53.7370610Z Downloading pluggy-1.6.0-py3-none-any.whl (20 kB)
2026-09-23T08:49:53.7813866Z Downloading iniconfig-2.3.0-py3-none-any.whl (7.5 kB)
2026-09-23T08:49:53.8261900Z Downloading packaging-26.3-py3-none-any.whl (129 kB)
2026-09-23T08:49:53.8788161Z Downloading pygments-2.21.0-py3-none-any.whl (1.3 MB)
2026-09-23T08:49:54.0141325Z    ââââââââââââââââââââââââââââââââââââââââ 1.3/1.3 MB 11.0 MB/s  0:00:00
2026-09-23T08:49:54.2759639Z Installing collected packages: pygments, pluggy, packaging, iniconfig, pytest
2026-09-23T08:49:55.2422271Z 
2026-09-23T08:49:55.2433240Z Successfully installed iniconfig-2.3.0 packaging-26.3 pluggy-1.6.0 pygments-2.21.0 pytest-9.1.1
2026-09-23T08:49:55.2938472Z ##[group]Run python automation/inject_mutation.py --error-type "KeyError"
2026-09-23T08:49:55.2939138Z [36;1mpython automation/inject_mutation.py --error-type "KeyError"[0m
2026-09-23T08:49:55.3005986Z shell: /usr/bin/bash -e {0}
2026-09-23T08:49:55.3006293Z env:
2026-09-23T08:49:55.3006620Z   pythonLocation: /opt/hostedtoolcache/Python/3.11.16/x64
2026-09-23T08:49:55.3007362Z   PKG_CONFIG_PATH: /opt/hostedtoolcache/Python/3.11.16/x64/lib/pkgconfig
2026-09-23T08:49:55.3007857Z   Python_ROOT_DIR: /opt/hostedtoolcache/Python/3.11.16/x64
2026-09-23T08:49:55.3008312Z   Python2_ROOT_DIR: /opt/hostedtoolcache/Python/3.11.16/x64
2026-09-23T08:49:55.3008758Z   Python3_ROOT_DIR: /opt/hostedtoolcache/Python/3.11.16/x64
2026-09-23T08:49:55.3009191Z   LD_LIBRARY_PATH: /opt/hostedtoolcache/Python/3.11.16/x64/lib
2026-09-23T08:49:55.3009592Z ##[endgroup]
2026-09-23T08:49:55.3333891Z [Mutation Injected] Successfully injected KeyError into tests/test_app.py
2026-09-23T08:49:55.3406517Z ##[group]Run pytest tests/test_app.py -v
2026-09-23T08:49:55.3406935Z [36;1mpytest tests/test_app.py -v[0m
2026-09-23T08:49:55.3469805Z shell: /usr/bin/bash -e {0}
2026-09-23T08:49:55.3470138Z env:
2026-09-23T08:49:55.3470479Z   pythonLocation: /opt/hostedtoolcache/Python/3.11.16/x64
2026-09-23T08:49:55.3471028Z   PKG_CONFIG_PATH: /opt/hostedtoolcache/Python/3.11.16/x64/lib/pkgconfig
2026-09-23T08:49:55.3471582Z   Python_ROOT_DIR: /opt/hostedtoolcache/Python/3.11.16/x64
2026-09-23T08:49:55.3472301Z   Python2_ROOT_DIR: /opt/hostedtoolcache/Python/3.11.16/x64
2026-09-23T08:49:55.3472788Z   Python3_ROOT_DIR: /opt/hostedtoolcache/Python/3.11.16/x64
2026-09-23T08:49:55.3473278Z   LD_LIBRARY_PATH: /opt/hostedtoolcache/Python/3.11.16/x64/lib
2026-09-23T08:49:55.3473702Z ##[endgroup]
2026-09-23T08:49:55.7716252Z ============================= test session starts ==============================
2026-09-23T08:49:55.7717346Z platform linux -- Python 3.11.16, pytest-9.1.1, pluggy-1.6.0 -- /opt/hostedtoolcache/Python/3.11.16/x64/bin/python
2026-09-23T08:49:55.7718067Z cachedir: .pytest_cache
2026-09-23T08:49:55.7718482Z rootdir: /home/runner/work/log-generation/log-generation
2026-09-23T08:49:55.7718927Z configfile: pytest.ini
2026-09-23T08:49:55.7805635Z collecting ... collected 6 items
2026-09-23T08:49:55.7806149Z 
2026-09-23T08:49:55.7815026Z tests/test_app.py::test_calculate_division PASSED                        [ 16%]
2026-09-23T08:49:55.7822849Z tests/test_app.py::test_convert_to_int PASSED                            [ 33%]
2026-09-23T08:49:55.7830765Z tests/test_app.py::test_get_list_item PASSED                             [ 50%]
2026-09-23T08:49:55.7838455Z tests/test_app.py::test_get_dict_value PASSED                            [ 66%]
2026-09-23T08:49:55.7846052Z tests/test_app.py::test_assert_positive PASSED                           [ 83%]
2026-09-23T08:49:55.8113528Z tests/test_app.py::test_key_error FAILED                                 [100%]
2026-09-23T08:49:55.8114708Z 
2026-09-23T08:49:55.8115367Z =================================== FAILURES ===================================
2026-09-23T08:49:55.8116732Z ________________________________ test_key_error ________________________________
2026-09-23T08:49:55.8117456Z 
2026-09-23T08:49:55.8117718Z     def test_key_error():
2026-09-23T08:49:55.8118394Z         """Injected synthetic KeyError."""
2026-09-23T08:49:55.8119276Z         from src.app import get_dict_value
2026-09-23T08:49:55.8120097Z         config = {"env": "staging", "retries": 3}
2026-09-23T08:49:55.8120891Z >       get_dict_value(config, "missing_auth_token")
2026-09-23T08:49:55.8121524Z 
2026-09-23T08:49:55.8122123Z tests/test_app.py:140: 
2026-09-23T08:49:55.8122950Z _ _ _ _ _ _ _ _ _ _ _ _ _ _ _ _ _ _ _ _ _ _ _ _ _ _ _ _ _ _ _ _ _ _ _ _ _ _ _ _ 
2026-09-23T08:49:55.8123549Z 
2026-09-23T08:49:55.8123907Z d = {'env': 'staging', 'retries': 3}, key = 'missing_auth_token'
2026-09-23T08:49:55.8124520Z 
2026-09-23T08:49:55.8124771Z     def get_dict_value(d, key):
2026-09-23T08:49:55.8125447Z >       return d[key]
2026-09-23T08:49:55.8125995Z                ^^^^^^
2026-09-23T08:49:55.8126552Z E       KeyError: 'missing_auth_token'
2026-09-23T08:49:55.8127017Z 
2026-09-23T08:49:55.8127250Z src/app.py:11: KeyError
2026-09-23T08:49:55.8127987Z =========================== short test summary info ============================
2026-09-23T08:49:55.8129064Z FAILED tests/test_app.py::test_key_error - KeyError: 'missing_auth_token'
2026-09-23T08:49:55.8130569Z ========================= 1 failed, 5 passed in 0.03s ==========================
2026-09-23T08:49:55.8311138Z ##[error]Process completed with exit code 1.
2026-09-23T08:49:55.8459532Z Node 20 is being deprecated. This workflow is running with Node 24 by default. If you need to temporarily use Node 20, you can set the ACTIONS_ALLOW_USE_UNSECURE_NODE_VERSION=true environment variable. For more information see: https://github.blog/changelog/2025-09-19-deprecation-of-node-20-on-github-actions-runners/
2026-09-23T08:49:55.8460806Z Post job cleanup.
2026-09-23T08:49:55.9335666Z [command]/usr/bin/git version
2026-09-23T08:49:55.9380536Z git version 2.55.0
2026-09-23T08:49:55.9422171Z Temporarily overriding HOME='/home/runner/work/_temp/6e9ae903-1b7b-4cf8-aa64-3b387da755a6' before making global git config changes
2026-09-23T08:49:55.9423655Z Adding repository directory to the temporary git global config as a safe directory
2026-09-23T08:49:55.9429855Z [command]/usr/bin/git config --global --add safe.directory /home/runner/work/log-generation/log-generation
2026-09-23T08:49:55.9470418Z [command]/usr/bin/git config --local --name-only --get-regexp core\.sshCommand
2026-09-23T08:49:55.9526478Z [command]/usr/bin/git submodule foreach --recursive sh -c "git config --local --name-only --get-regexp 'core\.sshCommand' && git config --local --unset-all 'core.sshCommand' || :"
2026-09-23T08:49:55.9772987Z [command]/usr/bin/git config --local --name-only --get-regexp http\.https\:\/\/github\.com\/\.extraheader
2026-09-23T08:49:55.9801978Z http.https://github.com/.extraheader
2026-09-23T08:49:55.9814504Z [command]/usr/bin/git config --local --unset-all http.https://github.com/.extraheader
2026-09-23T08:49:55.9873424Z [command]/usr/bin/git submodule foreach --recursive sh -c "git config --local --name-only --get-regexp 'http\.https\:\/\/github\.com\/\.extraheader' && git config --local --unset-all 'http.https://github.com/.extraheader' || :"
2026-09-23T08:49:56.0147531Z [command]/usr/bin/git config --local --name-only --get-regexp ^includeIf\.gitdir:
2026-09-23T08:49:56.0190692Z [command]/usr/bin/git submodule foreach --recursive git config --local --show-origin --name-only --get-regexp remote.origin.url
2026-09-23T08:49:56.0580542Z Cleaning up orphan processes
2026-09-23T08:49:56.0883592Z ##[warning]Node.js 20 is deprecated. The following actions target Node.js 20 but are being forced to run on Node.js 24: actions/checkout@v4, actions/setup-python@v5. For more information see: https://github.blog/changelog/2025-09-19-deprecation-of-node-20-on-github-actions-runners/
