ï»¿2026-09-23T08:43:39.7756074Z Current runner version: '2.337.0'
2026-09-23T08:43:39.7792534Z ##[group]Runner Image Provisioner
2026-09-23T08:43:39.7793922Z Hosted Compute Agent
2026-09-23T08:43:39.7794844Z Version: 20260828.587
2026-09-23T08:43:39.7796341Z Commit: abac92662cab4cc7352de4f9f9d2e2419aad9c29
2026-09-23T08:43:39.7797631Z Build Date: 2026-08-28T16:44:25Z
2026-09-23T08:43:39.7798806Z Worker ID: {09a22fa3-6ff3-4642-9941-94b587c076d5}
2026-09-23T08:43:39.7800068Z Azure Region: eastus
2026-09-23T08:43:39.7801472Z ##[endgroup]
2026-09-23T08:43:39.7804008Z ##[group]Operating System
2026-09-23T08:43:39.7805293Z Ubuntu
2026-09-23T08:43:39.7806308Z 24.04.5
2026-09-23T08:43:39.7807201Z LTS
2026-09-23T08:43:39.7808121Z ##[endgroup]
2026-09-23T08:43:39.7808993Z ##[group]Runner Image
2026-09-23T08:43:39.7809958Z Image: ubuntu-24.04
2026-09-23T08:43:39.7811047Z Version: 20260907.300.1
2026-09-23T08:43:39.7813120Z Included Software: https://github.com/actions/runner-images/blob/ubuntu24/20260907.300/images/ubuntu/Ubuntu2404-Readme.md
2026-09-23T08:43:39.7816191Z Image Release: https://github.com/actions/runner-images/releases/tag/ubuntu24%2F20260907.300
2026-09-23T08:43:39.7817956Z ##[endgroup]
2026-09-23T08:43:39.7820003Z ##[group]GITHUB_TOKEN Permissions
2026-09-23T08:43:39.7823064Z Contents: read
2026-09-23T08:43:39.7824076Z Metadata: read
2026-09-23T08:43:39.7825337Z Packages: read
2026-09-23T08:43:39.7826357Z ##[endgroup]
2026-09-23T08:43:39.7829407Z Secret source: Actions
2026-09-23T08:43:39.7831008Z Cache mode: write
2026-09-23T08:43:39.7832433Z Prepare workflow directory
2026-09-23T08:43:39.8305548Z Prepare all required actions
2026-09-23T08:43:39.8376545Z Getting action download info
2026-09-23T08:43:40.0460027Z Download action repository 'actions/checkout@v4' (SHA:11d5960a326750d5838078e36cf38b85af677262)
2026-09-23T08:43:40.1437041Z Download action repository 'actions/setup-python@v5' (SHA:a26af69be951a213d495a4c3e4e4022e16d87065)
2026-09-23T08:43:40.3616691Z Complete job name: test-f3 (AssertionError #110)
2026-09-23T08:43:40.4395550Z Node 20 is being deprecated. This workflow is running with Node 24 by default. If you need to temporarily use Node 20, you can set the ACTIONS_ALLOW_USE_UNSECURE_NODE_VERSION=true environment variable. For more information see: https://github.blog/changelog/2025-09-19-deprecation-of-node-20-on-github-actions-runners/
2026-09-23T08:43:40.4404189Z ##[group]Run actions/checkout@v4
2026-09-23T08:43:40.4405127Z with:
2026-09-23T08:43:40.4405568Z   fetch-depth: 1
2026-09-23T08:43:40.4406052Z   repository: DhruvHegde/log-generation
2026-09-23T08:43:40.4409829Z   token: ***
2026-09-23T08:43:40.4410258Z   ssh-strict: true
2026-09-23T08:43:40.4410697Z   ssh-user: git
2026-09-23T08:43:40.4411136Z   persist-credentials: true
2026-09-23T08:43:40.4411622Z   clean: true
2026-09-23T08:43:40.4412053Z   sparse-checkout-cone-mode: true
2026-09-23T08:43:40.4412561Z   fetch-tags: false
2026-09-23T08:43:40.4413002Z   show-progress: true
2026-09-23T08:43:40.4413439Z   lfs: false
2026-09-23T08:43:40.4413877Z   submodules: false
2026-09-23T08:43:40.4414331Z   set-safe-directory: true
2026-09-23T08:43:40.4414830Z   allow-unsafe-pr-checkout: false
2026-09-23T08:43:40.4415803Z ##[endgroup]
2026-09-23T08:43:40.5434627Z Syncing repository: DhruvHegde/log-generation
2026-09-23T08:43:40.5440136Z ##[group]Getting Git version info
2026-09-23T08:43:40.5441412Z Working directory is '/home/runner/work/log-generation/log-generation'
2026-09-23T08:43:40.5443152Z [command]/usr/bin/git version
2026-09-23T08:43:40.5521916Z git version 2.55.0
2026-09-23T08:43:40.5544509Z ##[endgroup]
2026-09-23T08:43:40.5572523Z Temporarily overriding HOME='/home/runner/work/_temp/da7c2989-0368-4a9b-a4ac-fe2137325166' before making global git config changes
2026-09-23T08:43:40.5580276Z Adding repository directory to the temporary git global config as a safe directory
2026-09-23T08:43:40.5582852Z [command]/usr/bin/git config --global --add safe.directory /home/runner/work/log-generation/log-generation
2026-09-23T08:43:40.5627368Z Deleting the contents of '/home/runner/work/log-generation/log-generation'
2026-09-23T08:43:40.5632537Z ##[group]Initializing the repository
2026-09-23T08:43:40.5637991Z [command]/usr/bin/git init /home/runner/work/log-generation/log-generation
2026-09-23T08:43:40.5728158Z hint: Using 'master' as the name for the initial branch. This default branch name
2026-09-23T08:43:40.5730156Z hint: will change to "main" in Git 3.0. To configure the initial branch name
2026-09-23T08:43:40.5732116Z hint: to use in all of your new repositories, which will suppress this warning,
2026-09-23T08:43:40.5733317Z hint: call:
2026-09-23T08:43:40.5734140Z hint:
2026-09-23T08:43:40.5734747Z hint: 	git config --global init.defaultBranch <name>
2026-09-23T08:43:40.5736245Z hint:
2026-09-23T08:43:40.5737087Z hint: Names commonly chosen instead of 'master' are 'main', 'trunk' and
2026-09-23T08:43:40.5738178Z hint: 'development'. The just-created branch can be renamed via this command:
2026-09-23T08:43:40.5738972Z hint:
2026-09-23T08:43:40.5739434Z hint: 	git branch -m <name>
2026-09-23T08:43:40.5739925Z hint:
2026-09-23T08:43:40.5740560Z hint: Disable this message with "git config set advice.defaultBranchName false"
2026-09-23T08:43:40.5741661Z Initialized empty Git repository in /home/runner/work/log-generation/log-generation/.git/
2026-09-23T08:43:40.5746266Z [command]/usr/bin/git remote add origin https://github.com/DhruvHegde/log-generation
2026-09-23T08:43:40.5795409Z ##[endgroup]
2026-09-23T08:43:40.5796249Z ##[group]Disabling automatic garbage collection
2026-09-23T08:43:40.5800263Z [command]/usr/bin/git config --local gc.auto 0
2026-09-23T08:43:40.5833201Z ##[endgroup]
2026-09-23T08:43:40.5834223Z ##[group]Setting up auth
2026-09-23T08:43:40.5840478Z [command]/usr/bin/git config --local --name-only --get-regexp core\.sshCommand
2026-09-23T08:43:40.5876259Z [command]/usr/bin/git submodule foreach --recursive sh -c "git config --local --name-only --get-regexp 'core\.sshCommand' && git config --local --unset-all 'core.sshCommand' || :"
2026-09-23T08:43:40.6243098Z [command]/usr/bin/git config --local --name-only --get-regexp http\.https\:\/\/github\.com\/\.extraheader
2026-09-23T08:43:40.6287946Z [command]/usr/bin/git submodule foreach --recursive sh -c "git config --local --name-only --get-regexp 'http\.https\:\/\/github\.com\/\.extraheader' && git config --local --unset-all 'http.https://github.com/.extraheader' || :"
2026-09-23T08:43:40.6522322Z [command]/usr/bin/git config --local --name-only --get-regexp ^includeIf\.gitdir:
2026-09-23T08:43:40.6560375Z [command]/usr/bin/git submodule foreach --recursive git config --local --show-origin --name-only --get-regexp remote.origin.url
2026-09-23T08:43:40.6786508Z [command]/usr/bin/git config --local http.https://github.com/.extraheader AUTHORIZATION: basic ***
2026-09-23T08:43:40.6828729Z ##[endgroup]
2026-09-23T08:43:40.6830152Z ##[group]Fetching the repository
2026-09-23T08:43:40.6840526Z [command]/usr/bin/git -c protocol.version=2 fetch --no-tags --prune --no-recurse-submodules --depth=1 origin +dfcb6f158e4bd8054252a4da5d0a9edc2ab15d57:refs/remotes/origin/feature/f3-test-failures
2026-09-23T08:43:40.9180318Z From https://github.com/DhruvHegde/log-generation
2026-09-23T08:43:40.9181980Z  * [new ref]         dfcb6f158e4bd8054252a4da5d0a9edc2ab15d57 -> origin/feature/f3-test-failures
2026-09-23T08:43:40.9185925Z ##[endgroup]
2026-09-23T08:43:40.9186903Z ##[group]Determining the checkout info
2026-09-23T08:43:40.9188982Z ##[endgroup]
2026-09-23T08:43:40.9194500Z [command]/usr/bin/git sparse-checkout disable
2026-09-23T08:43:40.9243718Z [command]/usr/bin/git config --local --unset-all extensions.worktreeConfig
2026-09-23T08:43:40.9275585Z ##[group]Checking out the ref
2026-09-23T08:43:40.9288348Z [command]/usr/bin/git checkout --progress --force -B feature/f3-test-failures refs/remotes/origin/feature/f3-test-failures
2026-09-23T08:43:40.9361181Z Switched to a new branch 'feature/f3-test-failures'
2026-09-23T08:43:40.9367185Z branch 'feature/f3-test-failures' set up to track 'origin/feature/f3-test-failures'.
2026-09-23T08:43:40.9373025Z ##[endgroup]
2026-09-23T08:43:40.9414075Z [command]/usr/bin/git log -1 --format=%H
2026-09-23T08:43:40.9440931Z dfcb6f158e4bd8054252a4da5d0a9edc2ab15d57
2026-09-23T08:43:40.9727225Z Node 20 is being deprecated. This workflow is running with Node 24 by default. If you need to temporarily use Node 20, you can set the ACTIONS_ALLOW_USE_UNSECURE_NODE_VERSION=true environment variable. For more information see: https://github.blog/changelog/2025-09-19-deprecation-of-node-20-on-github-actions-runners/
2026-09-23T08:43:40.9730124Z ##[group]Run actions/setup-python@v5
2026-09-23T08:43:40.9730711Z with:
2026-09-23T08:43:40.9731159Z   python-version: 3.11
2026-09-23T08:43:40.9731660Z   check-latest: false
2026-09-23T08:43:40.9735681Z   token: ***
2026-09-23T08:43:40.9736170Z   update-environment: true
2026-09-23T08:43:40.9736710Z   allow-prereleases: false
2026-09-23T08:43:40.9737234Z   freethreaded: false
2026-09-23T08:43:40.9737725Z ##[endgroup]
2026-09-23T08:43:41.1059456Z ##[group]Installed versions
2026-09-23T08:43:41.1467917Z (node:2261) [DEP0040] DeprecationWarning: The `punycode` module is deprecated. Please use a userland alternative instead.
2026-09-23T08:43:41.1470622Z (Use `node --trace-deprecation ...` to show where the warning was created)
2026-09-23T08:43:41.1472059Z Successfully set up CPython (3.11.16)
2026-09-23T08:43:41.1473724Z ##[endgroup]
2026-09-23T08:43:41.1650082Z ##[group]Run pip install --no-cache-dir pytest
2026-09-23T08:43:41.1651222Z [36;1mpip install --no-cache-dir pytest[0m
2026-09-23T08:43:41.1767865Z shell: /usr/bin/bash -e {0}
2026-09-23T08:43:41.1768910Z env:
2026-09-23T08:43:41.1769859Z   pythonLocation: /opt/hostedtoolcache/Python/3.11.16/x64
2026-09-23T08:43:41.1771491Z   PKG_CONFIG_PATH: /opt/hostedtoolcache/Python/3.11.16/x64/lib/pkgconfig
2026-09-23T08:43:41.1773143Z   Python_ROOT_DIR: /opt/hostedtoolcache/Python/3.11.16/x64
2026-09-23T08:43:41.1862984Z   Python2_ROOT_DIR: /opt/hostedtoolcache/Python/3.11.16/x64
2026-09-23T08:43:41.1865343Z   Python3_ROOT_DIR: /opt/hostedtoolcache/Python/3.11.16/x64
2026-09-23T08:43:41.1866855Z   LD_LIBRARY_PATH: /opt/hostedtoolcache/Python/3.11.16/x64/lib
2026-09-23T08:43:41.1868078Z ##[endgroup]
2026-09-23T08:43:43.4486663Z Collecting pytest
2026-09-23T08:43:43.4974592Z   Downloading pytest-9.1.1-py3-none-any.whl.metadata (7.6 kB)
2026-09-23T08:43:43.5060621Z Collecting iniconfig>=1.0.1 (from pytest)
2026-09-23T08:43:43.5095632Z   Downloading iniconfig-2.3.0-py3-none-any.whl.metadata (2.5 kB)
2026-09-23T08:43:43.5198170Z Collecting packaging>=22 (from pytest)
2026-09-23T08:43:43.5240799Z   Downloading packaging-26.3-py3-none-any.whl.metadata (3.5 kB)
2026-09-23T08:43:43.5321242Z Collecting pluggy<2,>=1.5 (from pytest)
2026-09-23T08:43:43.5357770Z   Downloading pluggy-1.6.0-py3-none-any.whl.metadata (4.8 kB)
2026-09-23T08:43:43.5490469Z Collecting pygments>=2.7.2 (from pytest)
2026-09-23T08:43:43.5527272Z   Downloading pygments-2.21.0-py3-none-any.whl.metadata (2.5 kB)
2026-09-23T08:43:43.5585847Z Downloading pytest-9.1.1-py3-none-any.whl (386 kB)
2026-09-23T08:43:43.5762617Z Downloading pluggy-1.6.0-py3-none-any.whl (20 kB)
2026-09-23T08:43:43.5795867Z Downloading iniconfig-2.3.0-py3-none-any.whl (7.5 kB)
2026-09-23T08:43:43.5829207Z Downloading packaging-26.3-py3-none-any.whl (129 kB)
2026-09-23T08:43:43.5865255Z Downloading pygments-2.21.0-py3-none-any.whl (1.3 MB)
2026-09-23T08:43:43.5938849Z    ââââââââââââââââââââââââââââââââââââââââ 1.3/1.3 MB 290.5 MB/s  0:00:00
2026-09-23T08:43:43.7581942Z Installing collected packages: pygments, pluggy, packaging, iniconfig, pytest
2026-09-23T08:43:44.7233860Z 
2026-09-23T08:43:44.7243444Z Successfully installed iniconfig-2.3.0 packaging-26.3 pluggy-1.6.0 pygments-2.21.0 pytest-9.1.1
2026-09-23T08:43:44.7789248Z ##[group]Run python automation/inject_mutation.py --error-type "AssertionError"
2026-09-23T08:43:44.7789930Z [36;1mpython automation/inject_mutation.py --error-type "AssertionError"[0m
2026-09-23T08:43:44.7829369Z shell: /usr/bin/bash -e {0}
2026-09-23T08:43:44.7829631Z env:
2026-09-23T08:43:44.7830147Z   pythonLocation: /opt/hostedtoolcache/Python/3.11.16/x64
2026-09-23T08:43:44.7830614Z   PKG_CONFIG_PATH: /opt/hostedtoolcache/Python/3.11.16/x64/lib/pkgconfig
2026-09-23T08:43:44.7831049Z   Python_ROOT_DIR: /opt/hostedtoolcache/Python/3.11.16/x64
2026-09-23T08:43:44.7831431Z   Python2_ROOT_DIR: /opt/hostedtoolcache/Python/3.11.16/x64
2026-09-23T08:43:44.7831823Z   Python3_ROOT_DIR: /opt/hostedtoolcache/Python/3.11.16/x64
2026-09-23T08:43:44.7832213Z   LD_LIBRARY_PATH: /opt/hostedtoolcache/Python/3.11.16/x64/lib
2026-09-23T08:43:44.7832571Z ##[endgroup]
2026-09-23T08:43:44.8131855Z [Mutation Injected] Successfully injected AssertionError into tests/test_app.py
2026-09-23T08:43:44.8203021Z ##[group]Run pytest tests/test_app.py -v
2026-09-23T08:43:44.8203412Z [36;1mpytest tests/test_app.py -v[0m
2026-09-23T08:43:44.8240058Z shell: /usr/bin/bash -e {0}
2026-09-23T08:43:44.8240320Z env:
2026-09-23T08:43:44.8240592Z   pythonLocation: /opt/hostedtoolcache/Python/3.11.16/x64
2026-09-23T08:43:44.8241050Z   PKG_CONFIG_PATH: /opt/hostedtoolcache/Python/3.11.16/x64/lib/pkgconfig
2026-09-23T08:43:44.8241517Z   Python_ROOT_DIR: /opt/hostedtoolcache/Python/3.11.16/x64
2026-09-23T08:43:44.8241913Z   Python2_ROOT_DIR: /opt/hostedtoolcache/Python/3.11.16/x64
2026-09-23T08:43:44.8242320Z   Python3_ROOT_DIR: /opt/hostedtoolcache/Python/3.11.16/x64
2026-09-23T08:43:44.8242732Z   LD_LIBRARY_PATH: /opt/hostedtoolcache/Python/3.11.16/x64/lib
2026-09-23T08:43:44.8243065Z ##[endgroup]
2026-09-23T08:43:45.1950724Z ============================= test session starts ==============================
2026-09-23T08:43:45.1952435Z platform linux -- Python 3.11.16, pytest-9.1.1, pluggy-1.6.0 -- /opt/hostedtoolcache/Python/3.11.16/x64/bin/python
2026-09-23T08:43:45.1953836Z cachedir: .pytest_cache
2026-09-23T08:43:45.1956655Z rootdir: /home/runner/work/log-generation/log-generation
2026-09-23T08:43:45.2045792Z configfile: pytest.ini
2026-09-23T08:43:45.2046271Z collecting ... collected 6 items
2026-09-23T08:43:45.2046697Z 
2026-09-23T08:43:45.2056157Z tests/test_app.py::test_calculate_division PASSED                        [ 16%]
2026-09-23T08:43:45.2064499Z tests/test_app.py::test_convert_to_int PASSED                            [ 33%]
2026-09-23T08:43:45.2072880Z tests/test_app.py::test_get_list_item PASSED                             [ 50%]
2026-09-23T08:43:45.2080764Z tests/test_app.py::test_get_dict_value PASSED                            [ 66%]
2026-09-23T08:43:45.2088251Z tests/test_app.py::test_assert_positive PASSED                           [ 83%]
2026-09-23T08:43:45.2358605Z tests/test_app.py::test_assertion_failure FAILED                         [100%]
2026-09-23T08:43:45.2359218Z 
2026-09-23T08:43:45.2359514Z =================================== FAILURES ===================================
2026-09-23T08:43:45.2360271Z ____________________________ test_assertion_failure ____________________________
2026-09-23T08:43:45.2360770Z 
2026-09-23T08:43:45.2360944Z     def test_assertion_failure():
2026-09-23T08:43:45.2361431Z         """Injected synthetic AssertionError."""
2026-09-23T08:43:45.2361973Z         expected_status = 200
2026-09-23T08:43:45.2362419Z         actual_status = 500
2026-09-23T08:43:45.2363135Z >       assert actual_status == expected_status, f"Expected {expected_status}, received {actual_status}"
2026-09-23T08:43:45.2363689Z E       AssertionError: Expected 200, received 500
2026-09-23T08:43:45.2364000Z E       assert 500 == 200
2026-09-23T08:43:45.2364150Z 
2026-09-23T08:43:45.2364285Z tests/test_app.py:138: AssertionError
2026-09-23T08:43:45.2364623Z =========================== short test summary info ============================
2026-09-23T08:43:45.2365577Z FAILED tests/test_app.py::test_assertion_failure - AssertionError: Expected 200, received 500
2026-09-23T08:43:45.2366060Z assert 500 == 200
2026-09-23T08:43:45.2366336Z ========================= 1 failed, 5 passed in 0.03s ==========================
2026-09-23T08:43:45.2553490Z ##[error]Process completed with exit code 1.
2026-09-23T08:43:45.2700402Z Node 20 is being deprecated. This workflow is running with Node 24 by default. If you need to temporarily use Node 20, you can set the ACTIONS_ALLOW_USE_UNSECURE_NODE_VERSION=true environment variable. For more information see: https://github.blog/changelog/2025-09-19-deprecation-of-node-20-on-github-actions-runners/
2026-09-23T08:43:45.2701848Z Post job cleanup.
2026-09-23T08:43:45.3548318Z [command]/usr/bin/git version
2026-09-23T08:43:45.3592678Z git version 2.55.0
2026-09-23T08:43:45.3635346Z Temporarily overriding HOME='/home/runner/work/_temp/d6f05b1f-0abc-4ded-9a65-21bb48d45284' before making global git config changes
2026-09-23T08:43:45.3636693Z Adding repository directory to the temporary git global config as a safe directory
2026-09-23T08:43:45.3642082Z [command]/usr/bin/git config --global --add safe.directory /home/runner/work/log-generation/log-generation
2026-09-23T08:43:45.3683615Z [command]/usr/bin/git config --local --name-only --get-regexp core\.sshCommand
2026-09-23T08:43:45.3729878Z [command]/usr/bin/git submodule foreach --recursive sh -c "git config --local --name-only --get-regexp 'core\.sshCommand' && git config --local --unset-all 'core.sshCommand' || :"
2026-09-23T08:43:45.3998741Z [command]/usr/bin/git config --local --name-only --get-regexp http\.https\:\/\/github\.com\/\.extraheader
2026-09-23T08:43:45.4049651Z http.https://github.com/.extraheader
2026-09-23T08:43:45.4053579Z [command]/usr/bin/git config --local --unset-all http.https://github.com/.extraheader
2026-09-23T08:43:45.4099484Z [command]/usr/bin/git submodule foreach --recursive sh -c "git config --local --name-only --get-regexp 'http\.https\:\/\/github\.com\/\.extraheader' && git config --local --unset-all 'http.https://github.com/.extraheader' || :"
2026-09-23T08:43:45.4365341Z [command]/usr/bin/git config --local --name-only --get-regexp ^includeIf\.gitdir:
2026-09-23T08:43:45.4408926Z [command]/usr/bin/git submodule foreach --recursive git config --local --show-origin --name-only --get-regexp remote.origin.url
2026-09-23T08:43:45.4832192Z Cleaning up orphan processes
2026-09-23T08:43:45.5119585Z ##[warning]Node.js 20 is deprecated. The following actions target Node.js 20 but are being forced to run on Node.js 24: actions/checkout@v4, actions/setup-python@v5. For more information see: https://github.blog/changelog/2025-09-19-deprecation-of-node-20-on-github-actions-runners/
