ï»¿2026-09-23T08:45:15.5774207Z Current runner version: '2.337.0'
2026-09-23T08:45:15.5793647Z ##[group]Runner Image Provisioner
2026-09-23T08:45:15.5794594Z Hosted Compute Agent
2026-09-23T08:45:15.5795066Z Version: 20260828.587
2026-09-23T08:45:15.5795623Z Commit: abac92662cab4cc7352de4f9f9d2e2419aad9c29
2026-09-23T08:45:15.5796215Z Build Date: 2026-08-28T16:44:25Z
2026-09-23T08:45:15.5796766Z Worker ID: {85caca56-60ba-402c-828f-92cbea07c3b1}
2026-09-23T08:45:15.5797380Z Azure Region: centralus
2026-09-23T08:45:15.5797852Z ##[endgroup]
2026-09-23T08:45:15.5799293Z ##[group]Operating System
2026-09-23T08:45:15.5799814Z Ubuntu
2026-09-23T08:45:15.5800249Z 24.04.5
2026-09-23T08:45:15.5800706Z LTS
2026-09-23T08:45:15.5801339Z ##[endgroup]
2026-09-23T08:45:15.5801889Z ##[group]Runner Image
2026-09-23T08:45:15.5802382Z Image: ubuntu-24.04
2026-09-23T08:45:15.5802855Z Version: 20260907.300.1
2026-09-23T08:45:15.5804089Z Included Software: https://github.com/actions/runner-images/blob/ubuntu24/20260907.300/images/ubuntu/Ubuntu2404-Readme.md
2026-09-23T08:45:15.5805341Z Image Release: https://github.com/actions/runner-images/releases/tag/ubuntu24%2F20260907.300
2026-09-23T08:45:15.5806107Z ##[endgroup]
2026-09-23T08:45:15.5807093Z ##[group]GITHUB_TOKEN Permissions
2026-09-23T08:45:15.5809064Z Contents: read
2026-09-23T08:45:15.5809563Z Metadata: read
2026-09-23T08:45:15.5810015Z Packages: read
2026-09-23T08:45:15.5810457Z ##[endgroup]
2026-09-23T08:45:15.5812198Z Secret source: Actions
2026-09-23T08:45:15.5812948Z Cache mode: write
2026-09-23T08:45:15.5813980Z Prepare workflow directory
2026-09-23T08:45:15.6079764Z Prepare all required actions
2026-09-23T08:45:15.6119699Z Getting action download info
2026-09-23T08:45:15.8829955Z Download action repository 'actions/checkout@v4' (SHA:11d5960a326750d5838078e36cf38b85af677262)
2026-09-23T08:45:15.9984608Z Download action repository 'actions/setup-python@v5' (SHA:a26af69be951a213d495a4c3e4e4022e16d87065)
2026-09-23T08:45:16.2999198Z Complete job name: test-f3 (ValueError #182)
2026-09-23T08:45:16.3570069Z Node 20 is being deprecated. This workflow is running with Node 24 by default. If you need to temporarily use Node 20, you can set the ACTIONS_ALLOW_USE_UNSECURE_NODE_VERSION=true environment variable. For more information see: https://github.blog/changelog/2025-09-19-deprecation-of-node-20-on-github-actions-runners/
2026-09-23T08:45:16.3577325Z ##[group]Run actions/checkout@v4
2026-09-23T08:45:16.3577951Z with:
2026-09-23T08:45:16.3578414Z   fetch-depth: 1
2026-09-23T08:45:16.3578898Z   repository: DhruvHegde/log-generation
2026-09-23T08:45:16.3582108Z   token: ***
2026-09-23T08:45:16.3582534Z   ssh-strict: true
2026-09-23T08:45:16.3582954Z   ssh-user: git
2026-09-23T08:45:16.3583396Z   persist-credentials: true
2026-09-23T08:45:16.3584016Z   clean: true
2026-09-23T08:45:16.3584445Z   sparse-checkout-cone-mode: true
2026-09-23T08:45:16.3584965Z   fetch-tags: false
2026-09-23T08:45:16.3585424Z   show-progress: true
2026-09-23T08:45:16.3585880Z   lfs: false
2026-09-23T08:45:16.3586352Z   submodules: false
2026-09-23T08:45:16.3586846Z   set-safe-directory: true
2026-09-23T08:45:16.3587319Z   allow-unsafe-pr-checkout: false
2026-09-23T08:45:16.3587930Z ##[endgroup]
2026-09-23T08:45:16.4438791Z Syncing repository: DhruvHegde/log-generation
2026-09-23T08:45:16.4441135Z ##[group]Getting Git version info
2026-09-23T08:45:16.4441951Z Working directory is '/home/runner/work/log-generation/log-generation'
2026-09-23T08:45:16.4443228Z [command]/usr/bin/git version
2026-09-23T08:45:16.4599531Z git version 2.55.0
2026-09-23T08:45:16.4614912Z ##[endgroup]
2026-09-23T08:45:16.4627718Z Temporarily overriding HOME='/home/runner/work/_temp/39ea6b02-de4b-4b91-aa8c-cbc138ad2100' before making global git config changes
2026-09-23T08:45:16.4629711Z Adding repository directory to the temporary git global config as a safe directory
2026-09-23T08:45:16.4631411Z [command]/usr/bin/git config --global --add safe.directory /home/runner/work/log-generation/log-generation
2026-09-23T08:45:16.5452976Z Deleting the contents of '/home/runner/work/log-generation/log-generation'
2026-09-23T08:45:16.5457129Z ##[group]Initializing the repository
2026-09-23T08:45:16.5461109Z [command]/usr/bin/git init /home/runner/work/log-generation/log-generation
2026-09-23T08:45:16.5880264Z hint: Using 'master' as the name for the initial branch. This default branch name
2026-09-23T08:45:16.5881369Z hint: will change to "main" in Git 3.0. To configure the initial branch name
2026-09-23T08:45:16.5882288Z hint: to use in all of your new repositories, which will suppress this warning,
2026-09-23T08:45:16.5883022Z hint: call:
2026-09-23T08:45:16.5883464Z hint:
2026-09-23T08:45:16.5884272Z hint: 	git config --global init.defaultBranch <name>
2026-09-23T08:45:16.5885461Z hint:
2026-09-23T08:45:16.5886552Z hint: Names commonly chosen instead of 'master' are 'main', 'trunk' and
2026-09-23T08:45:16.5887693Z hint: 'development'. The just-created branch can be renamed via this command:
2026-09-23T08:45:16.5888502Z hint:
2026-09-23T08:45:16.5888972Z hint: 	git branch -m <name>
2026-09-23T08:45:16.5889455Z hint:
2026-09-23T08:45:16.5890020Z hint: Disable this message with "git config set advice.defaultBranchName false"
2026-09-23T08:45:16.5890900Z Initialized empty Git repository in /home/runner/work/log-generation/log-generation/.git/
2026-09-23T08:45:16.5894340Z [command]/usr/bin/git remote add origin https://github.com/DhruvHegde/log-generation
2026-09-23T08:45:16.5930069Z ##[endgroup]
2026-09-23T08:45:16.5930840Z ##[group]Disabling automatic garbage collection
2026-09-23T08:45:16.5932665Z [command]/usr/bin/git config --local gc.auto 0
2026-09-23T08:45:16.5957969Z ##[endgroup]
2026-09-23T08:45:16.5959017Z ##[group]Setting up auth
2026-09-23T08:45:16.5964125Z [command]/usr/bin/git config --local --name-only --get-regexp core\.sshCommand
2026-09-23T08:45:16.5990709Z [command]/usr/bin/git submodule foreach --recursive sh -c "git config --local --name-only --get-regexp 'core\.sshCommand' && git config --local --unset-all 'core.sshCommand' || :"
2026-09-23T08:45:16.6362804Z [command]/usr/bin/git config --local --name-only --get-regexp http\.https\:\/\/github\.com\/\.extraheader
2026-09-23T08:45:16.6399143Z [command]/usr/bin/git submodule foreach --recursive sh -c "git config --local --name-only --get-regexp 'http\.https\:\/\/github\.com\/\.extraheader' && git config --local --unset-all 'http.https://github.com/.extraheader' || :"
2026-09-23T08:45:16.6558287Z [command]/usr/bin/git config --local --name-only --get-regexp ^includeIf\.gitdir:
2026-09-23T08:45:16.6584241Z [command]/usr/bin/git submodule foreach --recursive git config --local --show-origin --name-only --get-regexp remote.origin.url
2026-09-23T08:45:16.6742783Z [command]/usr/bin/git config --local http.https://github.com/.extraheader AUTHORIZATION: basic ***
2026-09-23T08:45:16.6769968Z ##[endgroup]
2026-09-23T08:45:16.6770946Z ##[group]Fetching the repository
2026-09-23T08:45:16.6778260Z [command]/usr/bin/git -c protocol.version=2 fetch --no-tags --prune --no-recurse-submodules --depth=1 origin +dfcb6f158e4bd8054252a4da5d0a9edc2ab15d57:refs/remotes/origin/feature/f3-test-failures
2026-09-23T08:45:17.0222079Z From https://github.com/DhruvHegde/log-generation
2026-09-23T08:45:17.0223404Z  * [new ref]         dfcb6f158e4bd8054252a4da5d0a9edc2ab15d57 -> origin/feature/f3-test-failures
2026-09-23T08:45:17.0226310Z ##[endgroup]
2026-09-23T08:45:17.0227027Z ##[group]Determining the checkout info
2026-09-23T08:45:17.0228560Z ##[endgroup]
2026-09-23T08:45:17.0234111Z [command]/usr/bin/git sparse-checkout disable
2026-09-23T08:45:17.0342761Z [command]/usr/bin/git config --local --unset-all extensions.worktreeConfig
2026-09-23T08:45:17.0859218Z ##[group]Checking out the ref
2026-09-23T08:45:17.0863619Z [command]/usr/bin/git checkout --progress --force -B feature/f3-test-failures refs/remotes/origin/feature/f3-test-failures
2026-09-23T08:45:17.0989132Z Switched to a new branch 'feature/f3-test-failures'
2026-09-23T08:45:17.0993400Z branch 'feature/f3-test-failures' set up to track 'origin/feature/f3-test-failures'.
2026-09-23T08:45:17.0996979Z ##[endgroup]
2026-09-23T08:45:17.1029205Z [command]/usr/bin/git log -1 --format=%H
2026-09-23T08:45:17.1048416Z dfcb6f158e4bd8054252a4da5d0a9edc2ab15d57
2026-09-23T08:45:17.1276963Z Node 20 is being deprecated. This workflow is running with Node 24 by default. If you need to temporarily use Node 20, you can set the ACTIONS_ALLOW_USE_UNSECURE_NODE_VERSION=true environment variable. For more information see: https://github.blog/changelog/2025-09-19-deprecation-of-node-20-on-github-actions-runners/
2026-09-23T08:45:17.1279122Z ##[group]Run actions/setup-python@v5
2026-09-23T08:45:17.1279653Z with:
2026-09-23T08:45:17.1280059Z   python-version: 3.11
2026-09-23T08:45:17.1280531Z   check-latest: false
2026-09-23T08:45:17.1283623Z   token: ***
2026-09-23T08:45:17.1284159Z   update-environment: true
2026-09-23T08:45:17.1284714Z   allow-prereleases: false
2026-09-23T08:45:17.1285171Z   freethreaded: false
2026-09-23T08:45:17.1285612Z ##[endgroup]
2026-09-23T08:45:17.2407659Z ##[group]Installed versions
2026-09-23T08:45:17.2933945Z (node:2032) [DEP0040] DeprecationWarning: The `punycode` module is deprecated. Please use a userland alternative instead.
2026-09-23T08:45:17.2936446Z (Use `node --trace-deprecation ...` to show where the warning was created)
2026-09-23T08:45:17.2937679Z Successfully set up CPython (3.11.16)
2026-09-23T08:45:17.2939123Z ##[endgroup]
2026-09-23T08:45:17.3149035Z ##[group]Run pip install --no-cache-dir pytest
2026-09-23T08:45:17.3150289Z [36;1mpip install --no-cache-dir pytest[0m
2026-09-23T08:45:17.3737731Z shell: /usr/bin/bash -e {0}
2026-09-23T08:45:17.3738777Z env:
2026-09-23T08:45:17.3739584Z   pythonLocation: /opt/hostedtoolcache/Python/3.11.16/x64
2026-09-23T08:45:17.3741059Z   PKG_CONFIG_PATH: /opt/hostedtoolcache/Python/3.11.16/x64/lib/pkgconfig
2026-09-23T08:45:17.3742508Z   Python_ROOT_DIR: /opt/hostedtoolcache/Python/3.11.16/x64
2026-09-23T08:45:17.3743976Z   Python2_ROOT_DIR: /opt/hostedtoolcache/Python/3.11.16/x64
2026-09-23T08:45:17.3745792Z   Python3_ROOT_DIR: /opt/hostedtoolcache/Python/3.11.16/x64
2026-09-23T08:45:17.3747148Z   LD_LIBRARY_PATH: /opt/hostedtoolcache/Python/3.11.16/x64/lib
2026-09-23T08:45:17.3748210Z ##[endgroup]
2026-09-23T08:45:21.5441185Z Collecting pytest
2026-09-23T08:45:21.6153335Z   Downloading pytest-9.1.1-py3-none-any.whl.metadata (7.6 kB)
2026-09-23T08:45:21.6323043Z Collecting iniconfig>=1.0.1 (from pytest)
2026-09-23T08:45:21.6451818Z   Downloading iniconfig-2.3.0-py3-none-any.whl.metadata (2.5 kB)
2026-09-23T08:45:21.6645325Z Collecting packaging>=22 (from pytest)
2026-09-23T08:45:21.6773681Z   Downloading packaging-26.3-py3-none-any.whl.metadata (3.5 kB)
2026-09-23T08:45:21.6941818Z Collecting pluggy<2,>=1.5 (from pytest)
2026-09-23T08:45:21.7071273Z   Downloading pluggy-1.6.0-py3-none-any.whl.metadata (4.8 kB)
2026-09-23T08:45:21.7295777Z Collecting pygments>=2.7.2 (from pytest)
2026-09-23T08:45:21.7427638Z   Downloading pygments-2.21.0-py3-none-any.whl.metadata (2.5 kB)
2026-09-23T08:45:21.7584258Z Downloading pytest-9.1.1-py3-none-any.whl (386 kB)
2026-09-23T08:45:21.8160696Z Downloading pluggy-1.6.0-py3-none-any.whl (20 kB)
2026-09-23T08:45:21.8302270Z Downloading iniconfig-2.3.0-py3-none-any.whl (7.5 kB)
2026-09-23T08:45:21.8434145Z Downloading packaging-26.3-py3-none-any.whl (129 kB)
2026-09-23T08:45:21.8579774Z Downloading pygments-2.21.0-py3-none-any.whl (1.3 MB)
2026-09-23T08:45:21.8959475Z    ââââââââââââââââââââââââââââââââââââââââ 1.3/1.3 MB 31.0 MB/s  0:00:00
2026-09-23T08:45:22.1189127Z Installing collected packages: pygments, pluggy, packaging, iniconfig, pytest
2026-09-23T08:45:22.8738142Z 
2026-09-23T08:45:22.8748269Z Successfully installed iniconfig-2.3.0 packaging-26.3 pluggy-1.6.0 pygments-2.21.0 pytest-9.1.1
2026-09-23T08:45:22.9313638Z ##[group]Run python automation/inject_mutation.py --error-type "ValueError"
2026-09-23T08:45:22.9314414Z [36;1mpython automation/inject_mutation.py --error-type "ValueError"[0m
2026-09-23T08:45:22.9337372Z shell: /usr/bin/bash -e {0}
2026-09-23T08:45:22.9337673Z env:
2026-09-23T08:45:22.9338003Z   pythonLocation: /opt/hostedtoolcache/Python/3.11.16/x64
2026-09-23T08:45:22.9338599Z   PKG_CONFIG_PATH: /opt/hostedtoolcache/Python/3.11.16/x64/lib/pkgconfig
2026-09-23T08:45:22.9339040Z   Python_ROOT_DIR: /opt/hostedtoolcache/Python/3.11.16/x64
2026-09-23T08:45:22.9339465Z   Python2_ROOT_DIR: /opt/hostedtoolcache/Python/3.11.16/x64
2026-09-23T08:45:22.9339856Z   Python3_ROOT_DIR: /opt/hostedtoolcache/Python/3.11.16/x64
2026-09-23T08:45:22.9340236Z   LD_LIBRARY_PATH: /opt/hostedtoolcache/Python/3.11.16/x64/lib
2026-09-23T08:45:22.9340609Z ##[endgroup]
2026-09-23T08:45:22.9570524Z [Mutation Injected] Successfully injected ValueError into tests/test_app.py
2026-09-23T08:45:22.9631998Z ##[group]Run pytest tests/test_app.py -v
2026-09-23T08:45:22.9632411Z [36;1mpytest tests/test_app.py -v[0m
2026-09-23T08:45:22.9651171Z shell: /usr/bin/bash -e {0}
2026-09-23T08:45:22.9651512Z env:
2026-09-23T08:45:22.9651836Z   pythonLocation: /opt/hostedtoolcache/Python/3.11.16/x64
2026-09-23T08:45:22.9652285Z   PKG_CONFIG_PATH: /opt/hostedtoolcache/Python/3.11.16/x64/lib/pkgconfig
2026-09-23T08:45:22.9652716Z   Python_ROOT_DIR: /opt/hostedtoolcache/Python/3.11.16/x64
2026-09-23T08:45:22.9653111Z   Python2_ROOT_DIR: /opt/hostedtoolcache/Python/3.11.16/x64
2026-09-23T08:45:22.9653482Z   Python3_ROOT_DIR: /opt/hostedtoolcache/Python/3.11.16/x64
2026-09-23T08:45:22.9654019Z   LD_LIBRARY_PATH: /opt/hostedtoolcache/Python/3.11.16/x64/lib
2026-09-23T08:45:22.9654440Z ##[endgroup]
2026-09-23T08:45:23.3548044Z ============================= test session starts ==============================
2026-09-23T08:45:23.3549339Z platform linux -- Python 3.11.16, pytest-9.1.1, pluggy-1.6.0 -- /opt/hostedtoolcache/Python/3.11.16/x64/bin/python
2026-09-23T08:45:23.3550150Z cachedir: .pytest_cache
2026-09-23T08:45:23.3550649Z rootdir: /home/runner/work/log-generation/log-generation
2026-09-23T08:45:23.3551210Z configfile: pytest.ini
2026-09-23T08:45:23.3617308Z collecting ... collected 6 items
2026-09-23T08:45:23.3617738Z 
2026-09-23T08:45:23.3623571Z tests/test_app.py::test_calculate_division PASSED                        [ 16%]
2026-09-23T08:45:23.3628828Z tests/test_app.py::test_convert_to_int PASSED                            [ 33%]
2026-09-23T08:45:23.3633966Z tests/test_app.py::test_get_list_item PASSED                             [ 50%]
2026-09-23T08:45:23.3638689Z tests/test_app.py::test_get_dict_value PASSED                            [ 66%]
2026-09-23T08:45:23.3643271Z tests/test_app.py::test_assert_positive PASSED                           [ 83%]
2026-09-23T08:45:23.3869123Z tests/test_app.py::test_value_error FAILED                               [100%]
2026-09-23T08:45:23.3869734Z 
2026-09-23T08:45:23.3870120Z =================================== FAILURES ===================================
2026-09-23T08:45:23.3871034Z _______________________________ test_value_error _______________________________
2026-09-23T08:45:23.3871593Z 
2026-09-23T08:45:23.3871788Z     def test_value_error():
2026-09-23T08:45:23.3872355Z         """Injected synthetic ValueError."""
2026-09-23T08:45:23.3873039Z         from src.app import convert_to_int
2026-09-23T08:45:23.3873606Z >       convert_to_int("unparseable_alphanumeric_0x99")
2026-09-23T08:45:23.3874093Z 
2026-09-23T08:45:23.3874321Z tests/test_app.py:137: 
2026-09-23T08:45:23.3874797Z _ _ _ _ _ _ _ _ _ _ _ _ _ _ _ _ _ _ _ _ _ _ _ _ _ _ _ _ _ _ _ _ _ _ _ _ _ _ _ _ 
2026-09-23T08:45:23.3875180Z 
2026-09-23T08:45:23.3875425Z val = 'unparseable_alphanumeric_0x99'
2026-09-23T08:45:23.3875772Z 
2026-09-23T08:45:23.3875970Z     def convert_to_int(val):
2026-09-23T08:45:23.3876448Z >       return int(val)
2026-09-23T08:45:23.3876797Z                ^^^^^^^^
2026-09-23T08:45:23.3877492Z E       ValueError: invalid literal for int() with base 10: 'unparseable_alphanumeric_0x99'
2026-09-23T08:45:23.3877941Z 
2026-09-23T08:45:23.3878145Z src/app.py:5: ValueError
2026-09-23T08:45:23.3878679Z =========================== short test summary info ============================
2026-09-23T08:45:23.3879630Z FAILED tests/test_app.py::test_value_error - ValueError: invalid literal for int() with base 10: 'unparseable_alphanumeric_0x99'
2026-09-23T08:45:23.3880783Z ========================= 1 failed, 5 passed in 0.02s ==========================
2026-09-23T08:45:23.4069582Z ##[error]Process completed with exit code 1.
2026-09-23T08:45:23.4193662Z Node 20 is being deprecated. This workflow is running with Node 24 by default. If you need to temporarily use Node 20, you can set the ACTIONS_ALLOW_USE_UNSECURE_NODE_VERSION=true environment variable. For more information see: https://github.blog/changelog/2025-09-19-deprecation-of-node-20-on-github-actions-runners/
2026-09-23T08:45:23.4194896Z Post job cleanup.
2026-09-23T08:45:23.4925740Z [command]/usr/bin/git version
2026-09-23T08:45:23.4957665Z git version 2.55.0
2026-09-23T08:45:23.4989701Z Temporarily overriding HOME='/home/runner/work/_temp/06ab7ebe-56dc-422c-be3b-e5d53f7f15cb' before making global git config changes
2026-09-23T08:45:23.4990873Z Adding repository directory to the temporary git global config as a safe directory
2026-09-23T08:45:23.4996316Z [command]/usr/bin/git config --global --add safe.directory /home/runner/work/log-generation/log-generation
2026-09-23T08:45:23.5030158Z [command]/usr/bin/git config --local --name-only --get-regexp core\.sshCommand
2026-09-23T08:45:23.5059076Z [command]/usr/bin/git submodule foreach --recursive sh -c "git config --local --name-only --get-regexp 'core\.sshCommand' && git config --local --unset-all 'core.sshCommand' || :"
2026-09-23T08:45:23.5247843Z [command]/usr/bin/git config --local --name-only --get-regexp http\.https\:\/\/github\.com\/\.extraheader
2026-09-23T08:45:23.5266289Z http.https://github.com/.extraheader
2026-09-23T08:45:23.5275429Z [command]/usr/bin/git config --local --unset-all http.https://github.com/.extraheader
2026-09-23T08:45:23.5301109Z [command]/usr/bin/git submodule foreach --recursive sh -c "git config --local --name-only --get-regexp 'http\.https\:\/\/github\.com\/\.extraheader' && git config --local --unset-all 'http.https://github.com/.extraheader' || :"
2026-09-23T08:45:23.5473343Z [command]/usr/bin/git config --local --name-only --get-regexp ^includeIf\.gitdir:
2026-09-23T08:45:23.5498095Z [command]/usr/bin/git submodule foreach --recursive git config --local --show-origin --name-only --get-regexp remote.origin.url
2026-09-23T08:45:23.5812938Z Cleaning up orphan processes
2026-09-23T08:45:23.6008438Z ##[warning]Node.js 20 is deprecated. The following actions target Node.js 20 but are being forced to run on Node.js 24: actions/checkout@v4, actions/setup-python@v5. For more information see: https://github.blog/changelog/2025-09-19-deprecation-of-node-20-on-github-actions-runners/
