ï»¿2026-09-23T08:43:53.9801654Z Current runner version: '2.337.0'
2026-09-23T08:43:53.9834216Z ##[group]Runner Image Provisioner
2026-09-23T08:43:53.9835381Z Hosted Compute Agent
2026-09-23T08:43:53.9836068Z Version: 20260828.587
2026-09-23T08:43:53.9836716Z Commit: abac92662cab4cc7352de4f9f9d2e2419aad9c29
2026-09-23T08:43:53.9837604Z Build Date: 2026-08-28T16:44:25Z
2026-09-23T08:43:53.9838302Z Worker ID: {d1329535-b3d7-455d-b56a-9787473a9682}
2026-09-23T08:43:53.9839117Z Azure Region: eastus2
2026-09-23T08:43:53.9839727Z ##[endgroup]
2026-09-23T08:43:53.9841254Z ##[group]Operating System
2026-09-23T08:43:53.9842033Z Ubuntu
2026-09-23T08:43:53.9842581Z 24.04.5
2026-09-23T08:43:53.9843565Z LTS
2026-09-23T08:43:53.9844213Z ##[endgroup]
2026-09-23T08:43:53.9845036Z ##[group]Runner Image
2026-09-23T08:43:53.9845737Z Image: ubuntu-24.04
2026-09-23T08:43:53.9846327Z Version: 20260920.314.1
2026-09-23T08:43:53.9847749Z Included Software: https://github.com/actions/runner-images/blob/ubuntu24/20260920.314/images/ubuntu/Ubuntu2404-Readme.md
2026-09-23T08:43:53.9849390Z Image Release: https://github.com/actions/runner-images/releases/tag/ubuntu24%2F20260920.314
2026-09-23T08:43:53.9850450Z ##[endgroup]
2026-09-23T08:43:53.9851651Z ##[group]GITHUB_TOKEN Permissions
2026-09-23T08:43:53.9854086Z Contents: read
2026-09-23T08:43:53.9855029Z Metadata: read
2026-09-23T08:43:53.9855691Z Packages: read
2026-09-23T08:43:53.9856318Z ##[endgroup]
2026-09-23T08:43:53.9858468Z Secret source: Actions
2026-09-23T08:43:53.9859547Z Cache mode: write
2026-09-23T08:43:53.9860552Z Prepare workflow directory
2026-09-23T08:43:54.0186222Z Prepare all required actions
2026-09-23T08:43:54.0234769Z Getting action download info
2026-09-23T08:43:54.2786296Z Download action repository 'actions/checkout@v4' (SHA:11d5960a326750d5838078e36cf38b85af677262)
2026-09-23T08:43:54.3684942Z Download action repository 'actions/setup-python@v5' (SHA:a26af69be951a213d495a4c3e4e4022e16d87065)
2026-09-23T08:43:54.5576746Z Complete job name: test-f3 (AssertionError #48)
2026-09-23T08:43:54.6330014Z Node 20 is being deprecated. This workflow is running with Node 24 by default. If you need to temporarily use Node 20, you can set the ACTIONS_ALLOW_USE_UNSECURE_NODE_VERSION=true environment variable. For more information see: https://github.blog/changelog/2025-09-19-deprecation-of-node-20-on-github-actions-runners/
2026-09-23T08:43:54.6339000Z ##[group]Run actions/checkout@v4
2026-09-23T08:43:54.6339698Z with:
2026-09-23T08:43:54.6340136Z   fetch-depth: 1
2026-09-23T08:43:54.6340631Z   repository: DhruvHegde/log-generation
2026-09-23T08:43:54.6344841Z   token: ***
2026-09-23T08:43:54.6345294Z   ssh-strict: true
2026-09-23T08:43:54.6345749Z   ssh-user: git
2026-09-23T08:43:54.6346211Z   persist-credentials: true
2026-09-23T08:43:54.6346709Z   clean: true
2026-09-23T08:43:54.6347160Z   sparse-checkout-cone-mode: true
2026-09-23T08:43:54.6347689Z   fetch-tags: false
2026-09-23T08:43:54.6348140Z   show-progress: true
2026-09-23T08:43:54.6348587Z   lfs: false
2026-09-23T08:43:54.6349054Z   submodules: false
2026-09-23T08:43:54.6349533Z   set-safe-directory: true
2026-09-23T08:43:54.6350048Z   allow-unsafe-pr-checkout: false
2026-09-23T08:43:54.6350777Z ##[endgroup]
2026-09-23T08:43:54.7367644Z Syncing repository: DhruvHegde/log-generation
2026-09-23T08:43:54.7370135Z ##[group]Getting Git version info
2026-09-23T08:43:54.7371342Z Working directory is '/home/runner/work/log-generation/log-generation'
2026-09-23T08:43:54.7373047Z [command]/usr/bin/git version
2026-09-23T08:43:54.7428068Z git version 2.55.0
2026-09-23T08:43:54.7454519Z ##[endgroup]
2026-09-23T08:43:54.7461638Z Temporarily overriding HOME='/home/runner/work/_temp/cf807214-0dcd-4dae-8114-81c19c7b263d' before making global git config changes
2026-09-23T08:43:54.7464119Z Adding repository directory to the temporary git global config as a safe directory
2026-09-23T08:43:54.7486194Z [command]/usr/bin/git config --global --add safe.directory /home/runner/work/log-generation/log-generation
2026-09-23T08:43:54.7521250Z Deleting the contents of '/home/runner/work/log-generation/log-generation'
2026-09-23T08:43:54.7527906Z ##[group]Initializing the repository
2026-09-23T08:43:54.7532715Z [command]/usr/bin/git init /home/runner/work/log-generation/log-generation
2026-09-23T08:43:54.7645218Z hint: Using 'master' as the name for the initial branch. This default branch name
2026-09-23T08:43:54.7646857Z hint: will change to "main" in Git 3.0. To configure the initial branch name
2026-09-23T08:43:54.7647872Z hint: to use in all of your new repositories, which will suppress this warning,
2026-09-23T08:43:54.7648623Z hint: call:
2026-09-23T08:43:54.7649039Z hint:
2026-09-23T08:43:54.7649574Z hint: 	git config --global init.defaultBranch <name>
2026-09-23T08:43:54.7650210Z hint:
2026-09-23T08:43:54.7650819Z hint: Names commonly chosen instead of 'master' are 'main', 'trunk' and
2026-09-23T08:43:54.7651763Z hint: 'development'. The just-created branch can be renamed via this command:
2026-09-23T08:43:54.7652501Z hint:
2026-09-23T08:43:54.7652968Z hint: 	git branch -m <name>
2026-09-23T08:43:54.7653480Z hint:
2026-09-23T08:43:54.7654132Z hint: Disable this message with "git config set advice.defaultBranchName false"
2026-09-23T08:43:54.7660375Z Initialized empty Git repository in /home/runner/work/log-generation/log-generation/.git/
2026-09-23T08:43:54.7670163Z [command]/usr/bin/git remote add origin https://github.com/DhruvHegde/log-generation
2026-09-23T08:43:54.7719939Z ##[endgroup]
2026-09-23T08:43:54.7720954Z ##[group]Disabling automatic garbage collection
2026-09-23T08:43:54.7725205Z [command]/usr/bin/git config --local gc.auto 0
2026-09-23T08:43:54.7769852Z ##[endgroup]
2026-09-23T08:43:54.7770715Z ##[group]Setting up auth
2026-09-23T08:43:54.7771502Z [command]/usr/bin/git config --local --name-only --get-regexp core\.sshCommand
2026-09-23T08:43:54.7805440Z [command]/usr/bin/git submodule foreach --recursive sh -c "git config --local --name-only --get-regexp 'core\.sshCommand' && git config --local --unset-all 'core.sshCommand' || :"
2026-09-23T08:43:54.8185657Z [command]/usr/bin/git config --local --name-only --get-regexp http\.https\:\/\/github\.com\/\.extraheader
2026-09-23T08:43:54.8230361Z [command]/usr/bin/git submodule foreach --recursive sh -c "git config --local --name-only --get-regexp 'http\.https\:\/\/github\.com\/\.extraheader' && git config --local --unset-all 'http.https://github.com/.extraheader' || :"
2026-09-23T08:43:54.8480338Z [command]/usr/bin/git config --local --name-only --get-regexp ^includeIf\.gitdir:
2026-09-23T08:43:54.8518626Z [command]/usr/bin/git submodule foreach --recursive git config --local --show-origin --name-only --get-regexp remote.origin.url
2026-09-23T08:43:54.8762304Z [command]/usr/bin/git config --local http.https://github.com/.extraheader AUTHORIZATION: basic ***
2026-09-23T08:43:54.8805432Z ##[endgroup]
2026-09-23T08:43:54.8806313Z ##[group]Fetching the repository
2026-09-23T08:43:54.8815357Z [command]/usr/bin/git -c protocol.version=2 fetch --no-tags --prune --no-recurse-submodules --depth=1 origin +dfcb6f158e4bd8054252a4da5d0a9edc2ab15d57:refs/remotes/origin/feature/f3-test-failures
2026-09-23T08:43:55.1177775Z From https://github.com/DhruvHegde/log-generation
2026-09-23T08:43:55.1179011Z  * [new ref]         dfcb6f158e4bd8054252a4da5d0a9edc2ab15d57 -> origin/feature/f3-test-failures
2026-09-23T08:43:55.1182290Z ##[endgroup]
2026-09-23T08:43:55.1183156Z ##[group]Determining the checkout info
2026-09-23T08:43:55.1184834Z ##[endgroup]
2026-09-23T08:43:55.1191778Z [command]/usr/bin/git sparse-checkout disable
2026-09-23T08:43:55.1246550Z [command]/usr/bin/git config --local --unset-all extensions.worktreeConfig
2026-09-23T08:43:55.1281907Z ##[group]Checking out the ref
2026-09-23T08:43:55.1287827Z [command]/usr/bin/git checkout --progress --force -B feature/f3-test-failures refs/remotes/origin/feature/f3-test-failures
2026-09-23T08:43:55.1368657Z Switched to a new branch 'feature/f3-test-failures'
2026-09-23T08:43:55.1375309Z branch 'feature/f3-test-failures' set up to track 'origin/feature/f3-test-failures'.
2026-09-23T08:43:55.1380789Z ##[endgroup]
2026-09-23T08:43:55.1426657Z [command]/usr/bin/git log -1 --format=%H
2026-09-23T08:43:55.1456050Z dfcb6f158e4bd8054252a4da5d0a9edc2ab15d57
2026-09-23T08:43:55.1748661Z Node 20 is being deprecated. This workflow is running with Node 24 by default. If you need to temporarily use Node 20, you can set the ACTIONS_ALLOW_USE_UNSECURE_NODE_VERSION=true environment variable. For more information see: https://github.blog/changelog/2025-09-19-deprecation-of-node-20-on-github-actions-runners/
2026-09-23T08:43:55.1751986Z ##[group]Run actions/setup-python@v5
2026-09-23T08:43:55.1752591Z with:
2026-09-23T08:43:55.1753059Z   python-version: 3.11
2026-09-23T08:43:55.1753574Z   check-latest: false
2026-09-23T08:43:55.1757913Z   token: ***
2026-09-23T08:43:55.1758417Z   update-environment: true
2026-09-23T08:43:55.1758974Z   allow-prereleases: false
2026-09-23T08:43:55.1759503Z   freethreaded: false
2026-09-23T08:43:55.1759995Z ##[endgroup]
2026-09-23T08:43:55.3104329Z ##[group]Installed versions
2026-09-23T08:43:55.3188880Z (node:2247) [DEP0040] DeprecationWarning: The `punycode` module is deprecated. Please use a userland alternative instead.
2026-09-23T08:43:55.3190878Z (Use `node --trace-deprecation ...` to show where the warning was created)
2026-09-23T08:43:55.3192009Z Successfully set up CPython (3.11.16)
2026-09-23T08:43:55.3193563Z ##[endgroup]
2026-09-23T08:43:55.3422085Z ##[group]Run pip install --no-cache-dir pytest
2026-09-23T08:43:55.3422975Z [36;1mpip install --no-cache-dir pytest[0m
2026-09-23T08:43:55.3707900Z shell: /usr/bin/bash -e {0}
2026-09-23T08:43:55.3708578Z env:
2026-09-23T08:43:55.3709186Z   pythonLocation: /opt/hostedtoolcache/Python/3.11.16/x64
2026-09-23T08:43:55.3710115Z   PKG_CONFIG_PATH: /opt/hostedtoolcache/Python/3.11.16/x64/lib/pkgconfig
2026-09-23T08:43:55.3711020Z   Python_ROOT_DIR: /opt/hostedtoolcache/Python/3.11.16/x64
2026-09-23T08:43:55.3711845Z   Python2_ROOT_DIR: /opt/hostedtoolcache/Python/3.11.16/x64
2026-09-23T08:43:55.3712661Z   Python3_ROOT_DIR: /opt/hostedtoolcache/Python/3.11.16/x64
2026-09-23T08:43:55.3789762Z   LD_LIBRARY_PATH: /opt/hostedtoolcache/Python/3.11.16/x64/lib
2026-09-23T08:43:55.3790763Z ##[endgroup]
2026-09-23T08:43:58.1057856Z Collecting pytest
2026-09-23T08:43:58.1646426Z   Downloading pytest-9.1.1-py3-none-any.whl.metadata (7.6 kB)
2026-09-23T08:43:58.1765785Z Collecting iniconfig>=1.0.1 (from pytest)
2026-09-23T08:43:58.1836406Z   Downloading iniconfig-2.3.0-py3-none-any.whl.metadata (2.5 kB)
2026-09-23T08:43:58.1974036Z Collecting packaging>=22 (from pytest)
2026-09-23T08:43:58.2048240Z   Downloading packaging-26.3-py3-none-any.whl.metadata (3.5 kB)
2026-09-23T08:43:58.2166123Z Collecting pluggy<2,>=1.5 (from pytest)
2026-09-23T08:43:58.2236469Z   Downloading pluggy-1.6.0-py3-none-any.whl.metadata (4.8 kB)
2026-09-23T08:43:58.2409892Z Collecting pygments>=2.7.2 (from pytest)
2026-09-23T08:43:58.2480509Z   Downloading pygments-2.21.0-py3-none-any.whl.metadata (2.5 kB)
2026-09-23T08:43:58.2575273Z Downloading pytest-9.1.1-py3-none-any.whl (386 kB)
2026-09-23T08:43:58.2890903Z Downloading pluggy-1.6.0-py3-none-any.whl (20 kB)
2026-09-23T08:43:58.2961270Z Downloading iniconfig-2.3.0-py3-none-any.whl (7.5 kB)
2026-09-23T08:43:58.3034830Z Downloading packaging-26.3-py3-none-any.whl (129 kB)
2026-09-23T08:43:58.3128566Z Downloading pygments-2.21.0-py3-none-any.whl (1.3 MB)
2026-09-23T08:43:58.3503922Z    ââââââââââââââââââââââââââââââââââââââââ 1.3/1.3 MB 36.3 MB/s  0:00:00
2026-09-23T08:43:58.5507426Z Installing collected packages: pygments, pluggy, packaging, iniconfig, pytest
2026-09-23T08:43:59.5525871Z 
2026-09-23T08:43:59.5536658Z Successfully installed iniconfig-2.3.0 packaging-26.3 pluggy-1.6.0 pygments-2.21.0 pytest-9.1.1
2026-09-23T08:43:59.6109117Z ##[group]Run python automation/inject_mutation.py --error-type "AssertionError"
2026-09-23T08:43:59.6109774Z [36;1mpython automation/inject_mutation.py --error-type "AssertionError"[0m
2026-09-23T08:43:59.6182729Z shell: /usr/bin/bash -e {0}
2026-09-23T08:43:59.6183002Z env:
2026-09-23T08:43:59.6183537Z   pythonLocation: /opt/hostedtoolcache/Python/3.11.16/x64
2026-09-23T08:43:59.6183992Z   PKG_CONFIG_PATH: /opt/hostedtoolcache/Python/3.11.16/x64/lib/pkgconfig
2026-09-23T08:43:59.6184434Z   Python_ROOT_DIR: /opt/hostedtoolcache/Python/3.11.16/x64
2026-09-23T08:43:59.6185006Z   Python2_ROOT_DIR: /opt/hostedtoolcache/Python/3.11.16/x64
2026-09-23T08:43:59.6185416Z   Python3_ROOT_DIR: /opt/hostedtoolcache/Python/3.11.16/x64
2026-09-23T08:43:59.6185803Z   LD_LIBRARY_PATH: /opt/hostedtoolcache/Python/3.11.16/x64/lib
2026-09-23T08:43:59.6186168Z ##[endgroup]
2026-09-23T08:43:59.6535362Z [Mutation Injected] Successfully injected AssertionError into tests/test_app.py
2026-09-23T08:43:59.6607679Z ##[group]Run pytest tests/test_app.py -v
2026-09-23T08:43:59.6608045Z [36;1mpytest tests/test_app.py -v[0m
2026-09-23T08:43:59.6682385Z shell: /usr/bin/bash -e {0}
2026-09-23T08:43:59.6682665Z env:
2026-09-23T08:43:59.6682997Z   pythonLocation: /opt/hostedtoolcache/Python/3.11.16/x64
2026-09-23T08:43:59.6683463Z   PKG_CONFIG_PATH: /opt/hostedtoolcache/Python/3.11.16/x64/lib/pkgconfig
2026-09-23T08:43:59.6683914Z   Python_ROOT_DIR: /opt/hostedtoolcache/Python/3.11.16/x64
2026-09-23T08:43:59.6684300Z   Python2_ROOT_DIR: /opt/hostedtoolcache/Python/3.11.16/x64
2026-09-23T08:43:59.6684870Z   Python3_ROOT_DIR: /opt/hostedtoolcache/Python/3.11.16/x64
2026-09-23T08:43:59.6685270Z   LD_LIBRARY_PATH: /opt/hostedtoolcache/Python/3.11.16/x64/lib
2026-09-23T08:43:59.6685616Z ##[endgroup]
2026-09-23T08:44:00.2468337Z ============================= test session starts ==============================
2026-09-23T08:44:00.2469114Z platform linux -- Python 3.11.16, pytest-9.1.1, pluggy-1.6.0 -- /opt/hostedtoolcache/Python/3.11.16/x64/bin/python
2026-09-23T08:44:00.2469632Z cachedir: .pytest_cache
2026-09-23T08:44:00.2469950Z rootdir: /home/runner/work/log-generation/log-generation
2026-09-23T08:44:00.2470293Z configfile: pytest.ini
2026-09-23T08:44:00.2555184Z collecting ... collected 6 items
2026-09-23T08:44:00.2555758Z 
2026-09-23T08:44:00.2563165Z tests/test_app.py::test_calculate_division PASSED                        [ 16%]
2026-09-23T08:44:00.2569408Z tests/test_app.py::test_convert_to_int PASSED                            [ 33%]
2026-09-23T08:44:00.2576075Z tests/test_app.py::test_get_list_item PASSED                             [ 50%]
2026-09-23T08:44:00.2581929Z tests/test_app.py::test_get_dict_value PASSED                            [ 66%]
2026-09-23T08:44:00.2587745Z tests/test_app.py::test_assert_positive PASSED                           [ 83%]
2026-09-23T08:44:00.2854038Z tests/test_app.py::test_assertion_failure FAILED                         [100%]
2026-09-23T08:44:00.2854763Z 
2026-09-23T08:44:00.2855017Z =================================== FAILURES ===================================
2026-09-23T08:44:00.2855691Z ____________________________ test_assertion_failure ____________________________
2026-09-23T08:44:00.2856134Z 
2026-09-23T08:44:00.2856315Z     def test_assertion_failure():
2026-09-23T08:44:00.2856785Z         """Injected synthetic AssertionError."""
2026-09-23T08:44:00.2857320Z         expected_status = 200
2026-09-23T08:44:00.2857725Z         actual_status = 500
2026-09-23T08:44:00.2858506Z >       assert actual_status == expected_status, f"Expected {expected_status}, received {actual_status}"
2026-09-23T08:44:00.2859429Z E       AssertionError: Expected 200, received 500
2026-09-23T08:44:00.2859934Z E       assert 500 == 200
2026-09-23T08:44:00.2860206Z 
2026-09-23T08:44:00.2860391Z tests/test_app.py:138: AssertionError
2026-09-23T08:44:00.2860952Z =========================== short test summary info ============================
2026-09-23T08:44:00.2861869Z FAILED tests/test_app.py::test_assertion_failure - AssertionError: Expected 200, received 500
2026-09-23T08:44:00.2862602Z assert 500 == 200
2026-09-23T08:44:00.2863053Z ========================= 1 failed, 5 passed in 0.03s ==========================
2026-09-23T08:44:00.3076435Z ##[error]Process completed with exit code 1.
2026-09-23T08:44:00.3223100Z Node 20 is being deprecated. This workflow is running with Node 24 by default. If you need to temporarily use Node 20, you can set the ACTIONS_ALLOW_USE_UNSECURE_NODE_VERSION=true environment variable. For more information see: https://github.blog/changelog/2025-09-19-deprecation-of-node-20-on-github-actions-runners/
2026-09-23T08:44:00.3224470Z Post job cleanup.
2026-09-23T08:44:00.4083241Z [command]/usr/bin/git version
2026-09-23T08:44:00.4127353Z git version 2.55.0
2026-09-23T08:44:00.4161991Z Temporarily overriding HOME='/home/runner/work/_temp/36417e59-ccf2-48f9-8765-26f15fcbeec1' before making global git config changes
2026-09-23T08:44:00.4163397Z Adding repository directory to the temporary git global config as a safe directory
2026-09-23T08:44:00.4168044Z [command]/usr/bin/git config --global --add safe.directory /home/runner/work/log-generation/log-generation
2026-09-23T08:44:00.4206935Z [command]/usr/bin/git config --local --name-only --get-regexp core\.sshCommand
2026-09-23T08:44:00.4243911Z [command]/usr/bin/git submodule foreach --recursive sh -c "git config --local --name-only --get-regexp 'core\.sshCommand' && git config --local --unset-all 'core.sshCommand' || :"
2026-09-23T08:44:00.4515061Z [command]/usr/bin/git config --local --name-only --get-regexp http\.https\:\/\/github\.com\/\.extraheader
2026-09-23T08:44:00.4555508Z http.https://github.com/.extraheader
2026-09-23T08:44:00.4567544Z [command]/usr/bin/git config --local --unset-all http.https://github.com/.extraheader
2026-09-23T08:44:00.4606289Z [command]/usr/bin/git submodule foreach --recursive sh -c "git config --local --name-only --get-regexp 'http\.https\:\/\/github\.com\/\.extraheader' && git config --local --unset-all 'http.https://github.com/.extraheader' || :"
2026-09-23T08:44:00.4875718Z [command]/usr/bin/git config --local --name-only --get-regexp ^includeIf\.gitdir:
2026-09-23T08:44:00.4919803Z [command]/usr/bin/git submodule foreach --recursive git config --local --show-origin --name-only --get-regexp remote.origin.url
2026-09-23T08:44:00.5385698Z Cleaning up orphan processes
2026-09-23T08:44:00.5671521Z ##[warning]Node.js 20 is deprecated. The following actions target Node.js 20 but are being forced to run on Node.js 24: actions/checkout@v4, actions/setup-python@v5. For more information see: https://github.blog/changelog/2025-09-19-deprecation-of-node-20-on-github-actions-runners/
