ï»¿2026-09-23T08:49:09.8577296Z Current runner version: '2.337.0'
2026-09-23T08:49:09.8595222Z ##[group]Runner Image Provisioner
2026-09-23T08:49:09.8595889Z Hosted Compute Agent
2026-09-23T08:49:09.8596318Z Version: 20260828.587
2026-09-23T08:49:09.8596749Z Commit: abac92662cab4cc7352de4f9f9d2e2419aad9c29
2026-09-23T08:49:09.8597258Z Build Date: 2026-08-28T16:44:25Z
2026-09-23T08:49:09.8598029Z Worker ID: {4f7c70a0-5b4a-4b7b-94d3-bb5c3682ec71}
2026-09-23T08:49:09.8598616Z Azure Region: centralus
2026-09-23T08:49:09.8599016Z ##[endgroup]
2026-09-23T08:49:09.8600232Z ##[group]Operating System
2026-09-23T08:49:09.8600661Z Ubuntu
2026-09-23T08:49:09.8601014Z 24.04.5
2026-09-23T08:49:09.8601369Z LTS
2026-09-23T08:49:09.8601739Z ##[endgroup]
2026-09-23T08:49:09.8602109Z ##[group]Runner Image
2026-09-23T08:49:09.8602738Z Image: ubuntu-24.04
2026-09-23T08:49:09.8603141Z Version: 20260907.300.1
2026-09-23T08:49:09.8604052Z Included Software: https://github.com/actions/runner-images/blob/ubuntu24/20260907.300/images/ubuntu/Ubuntu2404-Readme.md
2026-09-23T08:49:09.8605118Z Image Release: https://github.com/actions/runner-images/releases/tag/ubuntu24%2F20260907.300
2026-09-23T08:49:09.8605754Z ##[endgroup]
2026-09-23T08:49:09.8606594Z ##[group]GITHUB_TOKEN Permissions
2026-09-23T08:49:09.8608621Z Contents: read
2026-09-23T08:49:09.8609021Z Metadata: read
2026-09-23T08:49:09.8609383Z Packages: read
2026-09-23T08:49:09.8609776Z ##[endgroup]
2026-09-23T08:49:09.8611278Z Secret source: Actions
2026-09-23T08:49:09.8611938Z Cache mode: write
2026-09-23T08:49:09.8612602Z Prepare workflow directory
2026-09-23T08:49:09.8837388Z Prepare all required actions
2026-09-23T08:49:09.8875918Z Getting action download info
2026-09-23T08:49:10.1592965Z Download action repository 'actions/checkout@v4' (SHA:11d5960a326750d5838078e36cf38b85af677262)
2026-09-23T08:49:10.4839763Z Download action repository 'actions/setup-python@v5' (SHA:a26af69be951a213d495a4c3e4e4022e16d87065)
2026-09-23T08:49:10.6641394Z Complete job name: test-f3 (TypeError #103)
2026-09-23T08:49:10.7143763Z Node 20 is being deprecated. This workflow is running with Node 24 by default. If you need to temporarily use Node 20, you can set the ACTIONS_ALLOW_USE_UNSECURE_NODE_VERSION=true environment variable. For more information see: https://github.blog/changelog/2025-09-19-deprecation-of-node-20-on-github-actions-runners/
2026-09-23T08:49:10.7150047Z ##[group]Run actions/checkout@v4
2026-09-23T08:49:10.7150571Z with:
2026-09-23T08:49:10.7150914Z   fetch-depth: 1
2026-09-23T08:49:10.7151325Z   repository: DhruvHegde/log-generation
2026-09-23T08:49:10.7153980Z   token: ***
2026-09-23T08:49:10.7154338Z   ssh-strict: true
2026-09-23T08:49:10.7154703Z   ssh-user: git
2026-09-23T08:49:10.7155073Z   persist-credentials: true
2026-09-23T08:49:10.7155467Z   clean: true
2026-09-23T08:49:10.7155820Z   sparse-checkout-cone-mode: true
2026-09-23T08:49:10.7156251Z   fetch-tags: false
2026-09-23T08:49:10.7156612Z   show-progress: true
2026-09-23T08:49:10.7157162Z   lfs: false
2026-09-23T08:49:10.7157595Z   submodules: false
2026-09-23T08:49:10.7158369Z   set-safe-directory: true
2026-09-23T08:49:10.7158794Z   allow-unsafe-pr-checkout: false
2026-09-23T08:49:10.7159373Z ##[endgroup]
2026-09-23T08:49:10.7914446Z Syncing repository: DhruvHegde/log-generation
2026-09-23T08:49:10.7915791Z ##[group]Getting Git version info
2026-09-23T08:49:10.7916363Z Working directory is '/home/runner/work/log-generation/log-generation'
2026-09-23T08:49:10.7917155Z [command]/usr/bin/git version
2026-09-23T08:49:10.8715828Z git version 2.55.0
2026-09-23T08:49:10.8731103Z ##[endgroup]
2026-09-23T08:49:10.8742782Z Temporarily overriding HOME='/home/runner/work/_temp/a20f71ef-08c5-416b-a444-eaad73c7f656' before making global git config changes
2026-09-23T08:49:10.8744118Z Adding repository directory to the temporary git global config as a safe directory
2026-09-23T08:49:10.8747022Z [command]/usr/bin/git config --global --add safe.directory /home/runner/work/log-generation/log-generation
2026-09-23T08:49:10.8800802Z Deleting the contents of '/home/runner/work/log-generation/log-generation'
2026-09-23T08:49:10.8805831Z ##[group]Initializing the repository
2026-09-23T08:49:10.8809123Z [command]/usr/bin/git init /home/runner/work/log-generation/log-generation
2026-09-23T08:49:10.8903990Z hint: Using 'master' as the name for the initial branch. This default branch name
2026-09-23T08:49:10.8905226Z hint: will change to "main" in Git 3.0. To configure the initial branch name
2026-09-23T08:49:10.8906156Z hint: to use in all of your new repositories, which will suppress this warning,
2026-09-23T08:49:10.8907011Z hint: call:
2026-09-23T08:49:10.8907454Z hint:
2026-09-23T08:49:10.8908163Z hint: 	git config --global init.defaultBranch <name>
2026-09-23T08:49:10.8908860Z hint:
2026-09-23T08:49:10.8909510Z hint: Names commonly chosen instead of 'master' are 'main', 'trunk' and
2026-09-23T08:49:10.8910539Z hint: 'development'. The just-created branch can be renamed via this command:
2026-09-23T08:49:10.8911264Z hint:
2026-09-23T08:49:10.8911928Z hint: 	git branch -m <name>
2026-09-23T08:49:10.8912492Z hint:
2026-09-23T08:49:10.8913121Z hint: Disable this message with "git config set advice.defaultBranchName false"
2026-09-23T08:49:10.8914518Z Initialized empty Git repository in /home/runner/work/log-generation/log-generation/.git/
2026-09-23T08:49:10.8916378Z [command]/usr/bin/git remote add origin https://github.com/DhruvHegde/log-generation
2026-09-23T08:49:10.8954184Z ##[endgroup]
2026-09-23T08:49:10.8955109Z ##[group]Disabling automatic garbage collection
2026-09-23T08:49:10.8956237Z [command]/usr/bin/git config --local gc.auto 0
2026-09-23T08:49:10.8979333Z ##[endgroup]
2026-09-23T08:49:10.8980241Z ##[group]Setting up auth
2026-09-23T08:49:10.8984110Z [command]/usr/bin/git config --local --name-only --get-regexp core\.sshCommand
2026-09-23T08:49:10.9007000Z [command]/usr/bin/git submodule foreach --recursive sh -c "git config --local --name-only --get-regexp 'core\.sshCommand' && git config --local --unset-all 'core.sshCommand' || :"
2026-09-23T08:49:10.9935470Z [command]/usr/bin/git config --local --name-only --get-regexp http\.https\:\/\/github\.com\/\.extraheader
2026-09-23T08:49:10.9960705Z [command]/usr/bin/git submodule foreach --recursive sh -c "git config --local --name-only --get-regexp 'http\.https\:\/\/github\.com\/\.extraheader' && git config --local --unset-all 'http.https://github.com/.extraheader' || :"
2026-09-23T08:49:11.0110712Z [command]/usr/bin/git config --local --name-only --get-regexp ^includeIf\.gitdir:
2026-09-23T08:49:11.0135580Z [command]/usr/bin/git submodule foreach --recursive git config --local --show-origin --name-only --get-regexp remote.origin.url
2026-09-23T08:49:11.0283719Z [command]/usr/bin/git config --local http.https://github.com/.extraheader AUTHORIZATION: basic ***
2026-09-23T08:49:11.0310068Z ##[endgroup]
2026-09-23T08:49:11.0311076Z ##[group]Fetching the repository
2026-09-23T08:49:11.0317526Z [command]/usr/bin/git -c protocol.version=2 fetch --no-tags --prune --no-recurse-submodules --depth=1 origin +43f20917de93b9aad51cf79a69ad5239c5632917:refs/remotes/origin/feature/f3-test-failures
2026-09-23T08:49:11.6603864Z From https://github.com/DhruvHegde/log-generation
2026-09-23T08:49:11.6605599Z  * [new ref]         43f20917de93b9aad51cf79a69ad5239c5632917 -> origin/feature/f3-test-failures
2026-09-23T08:49:11.6609848Z ##[endgroup]
2026-09-23T08:49:11.6611380Z ##[group]Determining the checkout info
2026-09-23T08:49:11.6612906Z ##[endgroup]
2026-09-23T08:49:11.6614850Z [command]/usr/bin/git sparse-checkout disable
2026-09-23T08:49:11.6657041Z [command]/usr/bin/git config --local --unset-all extensions.worktreeConfig
2026-09-23T08:49:11.6679641Z ##[group]Checking out the ref
2026-09-23T08:49:11.6681893Z [command]/usr/bin/git checkout --progress --force -B feature/f3-test-failures refs/remotes/origin/feature/f3-test-failures
2026-09-23T08:49:11.7579884Z Switched to a new branch 'feature/f3-test-failures'
2026-09-23T08:49:11.7583821Z branch 'feature/f3-test-failures' set up to track 'origin/feature/f3-test-failures'.
2026-09-23T08:49:11.7588496Z ##[endgroup]
2026-09-23T08:49:11.7620626Z [command]/usr/bin/git log -1 --format=%H
2026-09-23T08:49:11.7641092Z 43f20917de93b9aad51cf79a69ad5239c5632917
2026-09-23T08:49:11.7915663Z Node 20 is being deprecated. This workflow is running with Node 24 by default. If you need to temporarily use Node 20, you can set the ACTIONS_ALLOW_USE_UNSECURE_NODE_VERSION=true environment variable. For more information see: https://github.blog/changelog/2025-09-19-deprecation-of-node-20-on-github-actions-runners/
2026-09-23T08:49:11.7919837Z ##[group]Run actions/setup-python@v5
2026-09-23T08:49:11.7920760Z with:
2026-09-23T08:49:11.7921507Z   python-version: 3.11
2026-09-23T08:49:11.7922292Z   check-latest: false
2026-09-23T08:49:11.7928978Z   token: ***
2026-09-23T08:49:11.7929738Z   update-environment: true
2026-09-23T08:49:11.7930589Z   allow-prereleases: false
2026-09-23T08:49:11.7931417Z   freethreaded: false
2026-09-23T08:49:11.7932190Z ##[endgroup]
2026-09-23T08:49:11.8907523Z ##[group]Installed versions
2026-09-23T08:49:11.8974011Z (node:2017) [DEP0040] DeprecationWarning: The `punycode` module is deprecated. Please use a userland alternative instead.
2026-09-23T08:49:11.8976588Z (Use `node --trace-deprecation ...` to show where the warning was created)
2026-09-23T08:49:11.8978033Z Successfully set up CPython (3.11.16)
2026-09-23T08:49:11.8979478Z ##[endgroup]
2026-09-23T08:49:11.9135782Z ##[group]Run pip install --no-cache-dir pytest
2026-09-23T08:49:11.9137418Z [36;1mpip install --no-cache-dir pytest[0m
2026-09-23T08:49:11.9180552Z shell: /usr/bin/bash -e {0}
2026-09-23T08:49:11.9181789Z env:
2026-09-23T08:49:11.9183059Z   pythonLocation: /opt/hostedtoolcache/Python/3.11.16/x64
2026-09-23T08:49:11.9185019Z   PKG_CONFIG_PATH: /opt/hostedtoolcache/Python/3.11.16/x64/lib/pkgconfig
2026-09-23T08:49:11.9190482Z   Python_ROOT_DIR: /opt/hostedtoolcache/Python/3.11.16/x64
2026-09-23T08:49:11.9192880Z   Python2_ROOT_DIR: /opt/hostedtoolcache/Python/3.11.16/x64
2026-09-23T08:49:11.9195409Z   Python3_ROOT_DIR: /opt/hostedtoolcache/Python/3.11.16/x64
2026-09-23T08:49:11.9197110Z   LD_LIBRARY_PATH: /opt/hostedtoolcache/Python/3.11.16/x64/lib
2026-09-23T08:49:11.9198380Z ##[endgroup]
2026-09-23T08:49:13.7217435Z Collecting pytest
2026-09-23T08:49:13.7884889Z   Downloading pytest-9.1.1-py3-none-any.whl.metadata (7.6 kB)
2026-09-23T08:49:13.8020310Z Collecting iniconfig>=1.0.1 (from pytest)
2026-09-23T08:49:13.8120811Z   Downloading iniconfig-2.3.0-py3-none-any.whl.metadata (2.5 kB)
2026-09-23T08:49:13.8269283Z Collecting packaging>=22 (from pytest)
2026-09-23T08:49:13.8372182Z   Downloading packaging-26.3-py3-none-any.whl.metadata (3.5 kB)
2026-09-23T08:49:13.8514470Z Collecting pluggy<2,>=1.5 (from pytest)
2026-09-23T08:49:13.8612520Z   Downloading pluggy-1.6.0-py3-none-any.whl.metadata (4.8 kB)
2026-09-23T08:49:13.8796447Z Collecting pygments>=2.7.2 (from pytest)
2026-09-23T08:49:13.8898387Z   Downloading pygments-2.21.0-py3-none-any.whl.metadata (2.5 kB)
2026-09-23T08:49:13.9166851Z Downloading pytest-9.1.1-py3-none-any.whl (386 kB)
2026-09-23T08:49:13.9606439Z Downloading pluggy-1.6.0-py3-none-any.whl (20 kB)
2026-09-23T08:49:13.9705752Z Downloading iniconfig-2.3.0-py3-none-any.whl (7.5 kB)
2026-09-23T08:49:13.9804995Z Downloading packaging-26.3-py3-none-any.whl (129 kB)
2026-09-23T08:49:13.9917578Z Downloading pygments-2.21.0-py3-none-any.whl (1.3 MB)
2026-09-23T08:49:14.0215001Z    ââââââââââââââââââââââââââââââââââââââââ 1.3/1.3 MB 40.7 MB/s  0:00:00
2026-09-23T08:49:14.1633851Z Installing collected packages: pygments, pluggy, packaging, iniconfig, pytest
2026-09-23T08:49:14.8008460Z 
2026-09-23T08:49:14.8015270Z Successfully installed iniconfig-2.3.0 packaging-26.3 pluggy-1.6.0 pygments-2.21.0 pytest-9.1.1
2026-09-23T08:49:14.8563871Z ##[group]Run python automation/inject_mutation.py --error-type "TypeError"
2026-09-23T08:49:14.8564382Z [36;1mpython automation/inject_mutation.py --error-type "TypeError"[0m
2026-09-23T08:49:14.8587115Z shell: /usr/bin/bash -e {0}
2026-09-23T08:49:14.8587415Z env:
2026-09-23T08:49:14.8587857Z   pythonLocation: /opt/hostedtoolcache/Python/3.11.16/x64
2026-09-23T08:49:14.8588452Z   PKG_CONFIG_PATH: /opt/hostedtoolcache/Python/3.11.16/x64/lib/pkgconfig
2026-09-23T08:49:14.8588822Z   Python_ROOT_DIR: /opt/hostedtoolcache/Python/3.11.16/x64
2026-09-23T08:49:14.8589151Z   Python2_ROOT_DIR: /opt/hostedtoolcache/Python/3.11.16/x64
2026-09-23T08:49:14.8589520Z   Python3_ROOT_DIR: /opt/hostedtoolcache/Python/3.11.16/x64
2026-09-23T08:49:14.8589855Z   LD_LIBRARY_PATH: /opt/hostedtoolcache/Python/3.11.16/x64/lib
2026-09-23T08:49:14.8590247Z ##[endgroup]
2026-09-23T08:49:14.8801740Z [Mutation Injected] Successfully injected TypeError into tests/test_app.py
2026-09-23T08:49:14.8860534Z ##[group]Run pytest tests/test_app.py -v
2026-09-23T08:49:14.8860849Z [36;1mpytest tests/test_app.py -v[0m
2026-09-23T08:49:14.8879830Z shell: /usr/bin/bash -e {0}
2026-09-23T08:49:14.8880140Z env:
2026-09-23T08:49:14.8880420Z   pythonLocation: /opt/hostedtoolcache/Python/3.11.16/x64
2026-09-23T08:49:14.8880779Z   PKG_CONFIG_PATH: /opt/hostedtoolcache/Python/3.11.16/x64/lib/pkgconfig
2026-09-23T08:49:14.8881186Z   Python_ROOT_DIR: /opt/hostedtoolcache/Python/3.11.16/x64
2026-09-23T08:49:14.8881541Z   Python2_ROOT_DIR: /opt/hostedtoolcache/Python/3.11.16/x64
2026-09-23T08:49:14.8881908Z   Python3_ROOT_DIR: /opt/hostedtoolcache/Python/3.11.16/x64
2026-09-23T08:49:14.8882230Z   LD_LIBRARY_PATH: /opt/hostedtoolcache/Python/3.11.16/x64/lib
2026-09-23T08:49:14.8882511Z ##[endgroup]
2026-09-23T08:49:15.2746229Z ============================= test session starts ==============================
2026-09-23T08:49:15.2746907Z platform linux -- Python 3.11.16, pytest-9.1.1, pluggy-1.6.0 -- /opt/hostedtoolcache/Python/3.11.16/x64/bin/python
2026-09-23T08:49:15.2747492Z cachedir: .pytest_cache
2026-09-23T08:49:15.2747913Z rootdir: /home/runner/work/log-generation/log-generation
2026-09-23T08:49:15.2748248Z configfile: pytest.ini
2026-09-23T08:49:15.2802617Z collecting ... collected 6 items
2026-09-23T08:49:15.2802857Z 
2026-09-23T08:49:15.2809702Z tests/test_app.py::test_calculate_division PASSED                        [ 16%]
2026-09-23T08:49:15.2813244Z tests/test_app.py::test_convert_to_int PASSED                            [ 33%]
2026-09-23T08:49:15.2817835Z tests/test_app.py::test_get_list_item PASSED                             [ 50%]
2026-09-23T08:49:15.2821970Z tests/test_app.py::test_get_dict_value PASSED                            [ 66%]
2026-09-23T08:49:15.2825617Z tests/test_app.py::test_assert_positive PASSED                           [ 83%]
2026-09-23T08:49:15.3027169Z tests/test_app.py::test_type_error FAILED                                [100%]
2026-09-23T08:49:15.3028050Z 
2026-09-23T08:49:15.3028352Z =================================== FAILURES ===================================
2026-09-23T08:49:15.3029048Z _______________________________ test_type_error ________________________________
2026-09-23T08:49:15.3029575Z 
2026-09-23T08:49:15.3029726Z     def test_type_error():
2026-09-23T08:49:15.3030148Z         """Injected synthetic TypeError."""
2026-09-23T08:49:15.3030627Z         from src.app import calculate_division
2026-09-23T08:49:15.3031059Z >       calculate_division("invalid_string", 5)
2026-09-23T08:49:15.3031287Z 
2026-09-23T08:49:15.3031454Z tests/test_app.py:139: 
2026-09-23T08:49:15.3032251Z _ _ _ _ _ _ _ _ _ _ _ _ _ _ _ _ _ _ _ _ _ _ _ _ _ _ _ _ _ _ _ _ _ _ _ _ _ _ _ _ 
2026-09-23T08:49:15.3032600Z 
2026-09-23T08:49:15.3032735Z a = 'invalid_string', b = 5
2026-09-23T08:49:15.3032962Z 
2026-09-23T08:49:15.3033118Z     def calculate_division(a, b):
2026-09-23T08:49:15.3033553Z >       return a / b
2026-09-23T08:49:15.3033846Z                ^^^^^
2026-09-23T08:49:15.3034271Z E       TypeError: unsupported operand type(s) for /: 'str' and 'int'
2026-09-23T08:49:15.3034599Z 
2026-09-23T08:49:15.3034759Z src/app.py:2: TypeError
2026-09-23T08:49:15.3035130Z =========================== short test summary info ============================
2026-09-23T08:49:15.3035857Z FAILED tests/test_app.py::test_type_error - TypeError: unsupported operand type(s) for /: 'str' and 'int'
2026-09-23T08:49:15.3036775Z ========================= 1 failed, 5 passed in 0.02s ==========================
2026-09-23T08:49:15.3227198Z ##[error]Process completed with exit code 1.
2026-09-23T08:49:15.3343451Z Node 20 is being deprecated. This workflow is running with Node 24 by default. If you need to temporarily use Node 20, you can set the ACTIONS_ALLOW_USE_UNSECURE_NODE_VERSION=true environment variable. For more information see: https://github.blog/changelog/2025-09-19-deprecation-of-node-20-on-github-actions-runners/
2026-09-23T08:49:15.3344424Z Post job cleanup.
2026-09-23T08:49:15.3973118Z [command]/usr/bin/git version
2026-09-23T08:49:15.4002277Z git version 2.55.0
2026-09-23T08:49:15.4028948Z Temporarily overriding HOME='/home/runner/work/_temp/52082d9b-eb44-46d2-9524-6246887a331b' before making global git config changes
2026-09-23T08:49:15.4030358Z Adding repository directory to the temporary git global config as a safe directory
2026-09-23T08:49:15.4031397Z [command]/usr/bin/git config --global --add safe.directory /home/runner/work/log-generation/log-generation
2026-09-23T08:49:15.4058391Z [command]/usr/bin/git config --local --name-only --get-regexp core\.sshCommand
2026-09-23T08:49:15.4083264Z [command]/usr/bin/git submodule foreach --recursive sh -c "git config --local --name-only --get-regexp 'core\.sshCommand' && git config --local --unset-all 'core.sshCommand' || :"
2026-09-23T08:49:15.4243964Z [command]/usr/bin/git config --local --name-only --get-regexp http\.https\:\/\/github\.com\/\.extraheader
2026-09-23T08:49:15.4272056Z http.https://github.com/.extraheader
2026-09-23T08:49:15.4274869Z [command]/usr/bin/git config --local --unset-all http.https://github.com/.extraheader
2026-09-23T08:49:15.4299409Z [command]/usr/bin/git submodule foreach --recursive sh -c "git config --local --name-only --get-regexp 'http\.https\:\/\/github\.com\/\.extraheader' && git config --local --unset-all 'http.https://github.com/.extraheader' || :"
2026-09-23T08:49:15.4464713Z [command]/usr/bin/git config --local --name-only --get-regexp ^includeIf\.gitdir:
2026-09-23T08:49:15.4475238Z [command]/usr/bin/git submodule foreach --recursive git config --local --show-origin --name-only --get-regexp remote.origin.url
2026-09-23T08:49:15.4749542Z Cleaning up orphan processes
2026-09-23T08:49:15.4935683Z ##[warning]Node.js 20 is deprecated. The following actions target Node.js 20 but are being forced to run on Node.js 24: actions/checkout@v4, actions/setup-python@v5. For more information see: https://github.blog/changelog/2025-09-19-deprecation-of-node-20-on-github-actions-runners/
