ï»¿2026-09-23T08:48:13.5869385Z Current runner version: '2.337.0'
2026-09-23T08:48:13.5896533Z ##[group]Runner Image Provisioner
2026-09-23T08:48:13.5897383Z Hosted Compute Agent
2026-09-23T08:48:13.5898340Z Version: 20260828.587
2026-09-23T08:48:13.5899002Z Commit: abac92662cab4cc7352de4f9f9d2e2419aad9c29
2026-09-23T08:48:13.5899794Z Build Date: 2026-08-28T16:44:25Z
2026-09-23T08:48:13.5900527Z Worker ID: {6952960d-042e-4f8e-b0df-a2993d1dedc7}
2026-09-23T08:48:13.5901623Z Azure Region: northcentralus
2026-09-23T08:48:13.5902359Z ##[endgroup]
2026-09-23T08:48:13.5903795Z ##[group]Operating System
2026-09-23T08:48:13.5904417Z Ubuntu
2026-09-23T08:48:13.5905063Z 24.04.5
2026-09-23T08:48:13.5905611Z LTS
2026-09-23T08:48:13.5906670Z ##[endgroup]
2026-09-23T08:48:13.5907248Z ##[group]Runner Image
2026-09-23T08:48:13.5907847Z Image: ubuntu-24.04
2026-09-23T08:48:13.5908688Z Version: 20260907.300.1
2026-09-23T08:48:13.5910004Z Included Software: https://github.com/actions/runner-images/blob/ubuntu24/20260907.300/images/ubuntu/Ubuntu2404-Readme.md
2026-09-23T08:48:13.5911784Z Image Release: https://github.com/actions/runner-images/releases/tag/ubuntu24%2F20260907.300
2026-09-23T08:48:13.5912763Z ##[endgroup]
2026-09-23T08:48:13.5914069Z ##[group]GITHUB_TOKEN Permissions
2026-09-23T08:48:13.5916277Z Contents: read
2026-09-23T08:48:13.5917009Z Metadata: read
2026-09-23T08:48:13.5917607Z Packages: read
2026-09-23T08:48:13.5918243Z ##[endgroup]
2026-09-23T08:48:13.5920316Z Secret source: Actions
2026-09-23T08:48:13.5921614Z Cache mode: write
2026-09-23T08:48:13.5922697Z Prepare workflow directory
2026-09-23T08:48:13.6306158Z Prepare all required actions
2026-09-23T08:48:13.6373550Z Getting action download info
2026-09-23T08:48:13.8763766Z Download action repository 'actions/checkout@v4' (SHA:11d5960a326750d5838078e36cf38b85af677262)
2026-09-23T08:48:13.9890581Z Download action repository 'actions/setup-python@v5' (SHA:a26af69be951a213d495a4c3e4e4022e16d87065)
2026-09-23T08:48:14.1747213Z Complete job name: test-f3 (AssertionError #15)
2026-09-23T08:48:14.2566528Z Node 20 is being deprecated. This workflow is running with Node 24 by default. If you need to temporarily use Node 20, you can set the ACTIONS_ALLOW_USE_UNSECURE_NODE_VERSION=true environment variable. For more information see: https://github.blog/changelog/2025-09-19-deprecation-of-node-20-on-github-actions-runners/
2026-09-23T08:48:14.2575540Z ##[group]Run actions/checkout@v4
2026-09-23T08:48:14.2576236Z with:
2026-09-23T08:48:14.2576666Z   fetch-depth: 1
2026-09-23T08:48:14.2577143Z   repository: DhruvHegde/log-generation
2026-09-23T08:48:14.2581261Z   token: ***
2026-09-23T08:48:14.2581813Z   ssh-strict: true
2026-09-23T08:48:14.2582259Z   ssh-user: git
2026-09-23T08:48:14.2582711Z   persist-credentials: true
2026-09-23T08:48:14.2583196Z   clean: true
2026-09-23T08:48:14.2583648Z   sparse-checkout-cone-mode: true
2026-09-23T08:48:14.2584157Z   fetch-tags: false
2026-09-23T08:48:14.2584598Z   show-progress: true
2026-09-23T08:48:14.2585043Z   lfs: false
2026-09-23T08:48:14.2585514Z   submodules: false
2026-09-23T08:48:14.2585981Z   set-safe-directory: true
2026-09-23T08:48:14.2586682Z   allow-unsafe-pr-checkout: false
2026-09-23T08:48:14.2588046Z ##[endgroup]
2026-09-23T08:48:14.3624683Z Syncing repository: DhruvHegde/log-generation
2026-09-23T08:48:14.3627470Z ##[group]Getting Git version info
2026-09-23T08:48:14.3628684Z Working directory is '/home/runner/work/log-generation/log-generation'
2026-09-23T08:48:14.3629878Z [command]/usr/bin/git version
2026-09-23T08:48:14.3701617Z git version 2.55.0
2026-09-23T08:48:14.3722752Z ##[endgroup]
2026-09-23T08:48:14.3737221Z Temporarily overriding HOME='/home/runner/work/_temp/b3004abf-a7ba-4005-9be3-ef3ab3c0a9e3' before making global git config changes
2026-09-23T08:48:14.3739170Z Adding repository directory to the temporary git global config as a safe directory
2026-09-23T08:48:14.3743881Z [command]/usr/bin/git config --global --add safe.directory /home/runner/work/log-generation/log-generation
2026-09-23T08:48:14.3804266Z Deleting the contents of '/home/runner/work/log-generation/log-generation'
2026-09-23T08:48:14.3810659Z ##[group]Initializing the repository
2026-09-23T08:48:14.3815060Z [command]/usr/bin/git init /home/runner/work/log-generation/log-generation
2026-09-23T08:48:14.3931191Z hint: Using 'master' as the name for the initial branch. This default branch name
2026-09-23T08:48:14.3933182Z hint: will change to "main" in Git 3.0. To configure the initial branch name
2026-09-23T08:48:14.3934918Z hint: to use in all of your new repositories, which will suppress this warning,
2026-09-23T08:48:14.3936354Z hint: call:
2026-09-23T08:48:14.3937171Z hint:
2026-09-23T08:48:14.3938134Z hint: 	git config --global init.defaultBranch <name>
2026-09-23T08:48:14.3939317Z hint:
2026-09-23T08:48:14.3940433Z hint: Names commonly chosen instead of 'master' are 'main', 'trunk' and
2026-09-23T08:48:14.3942294Z hint: 'development'. The just-created branch can be renamed via this command:
2026-09-23T08:48:14.3943670Z hint:
2026-09-23T08:48:14.3944587Z hint: 	git branch -m <name>
2026-09-23T08:48:14.3945517Z hint:
2026-09-23T08:48:14.3946717Z hint: Disable this message with "git config set advice.defaultBranchName false"
2026-09-23T08:48:14.3948718Z Initialized empty Git repository in /home/runner/work/log-generation/log-generation/.git/
2026-09-23T08:48:14.3952391Z [command]/usr/bin/git remote add origin https://github.com/DhruvHegde/log-generation
2026-09-23T08:48:14.3994843Z ##[endgroup]
2026-09-23T08:48:14.3996042Z ##[group]Disabling automatic garbage collection
2026-09-23T08:48:14.3999177Z [command]/usr/bin/git config --local gc.auto 0
2026-09-23T08:48:14.4032110Z ##[endgroup]
2026-09-23T08:48:14.4033253Z ##[group]Setting up auth
2026-09-23T08:48:14.4039291Z [command]/usr/bin/git config --local --name-only --get-regexp core\.sshCommand
2026-09-23T08:48:14.4073065Z [command]/usr/bin/git submodule foreach --recursive sh -c "git config --local --name-only --get-regexp 'core\.sshCommand' && git config --local --unset-all 'core.sshCommand' || :"
2026-09-23T08:48:14.4450488Z [command]/usr/bin/git config --local --name-only --get-regexp http\.https\:\/\/github\.com\/\.extraheader
2026-09-23T08:48:14.4492333Z [command]/usr/bin/git submodule foreach --recursive sh -c "git config --local --name-only --get-regexp 'http\.https\:\/\/github\.com\/\.extraheader' && git config --local --unset-all 'http.https://github.com/.extraheader' || :"
2026-09-23T08:48:14.4743044Z [command]/usr/bin/git config --local --name-only --get-regexp ^includeIf\.gitdir:
2026-09-23T08:48:14.4781237Z [command]/usr/bin/git submodule foreach --recursive git config --local --show-origin --name-only --get-regexp remote.origin.url
2026-09-23T08:48:14.5020714Z [command]/usr/bin/git config --local http.https://github.com/.extraheader AUTHORIZATION: basic ***
2026-09-23T08:48:14.5062247Z ##[endgroup]
2026-09-23T08:48:14.5063106Z ##[group]Fetching the repository
2026-09-23T08:48:14.5072490Z [command]/usr/bin/git -c protocol.version=2 fetch --no-tags --prune --no-recurse-submodules --depth=1 origin +43f20917de93b9aad51cf79a69ad5239c5632917:refs/remotes/origin/feature/f3-test-failures
2026-09-23T08:48:14.9772153Z From https://github.com/DhruvHegde/log-generation
2026-09-23T08:48:14.9774019Z  * [new ref]         43f20917de93b9aad51cf79a69ad5239c5632917 -> origin/feature/f3-test-failures
2026-09-23T08:48:14.9777400Z ##[endgroup]
2026-09-23T08:48:14.9778730Z ##[group]Determining the checkout info
2026-09-23T08:48:14.9780265Z ##[endgroup]
2026-09-23T08:48:14.9785244Z [command]/usr/bin/git sparse-checkout disable
2026-09-23T08:48:14.9838624Z [command]/usr/bin/git config --local --unset-all extensions.worktreeConfig
2026-09-23T08:48:14.9872121Z ##[group]Checking out the ref
2026-09-23T08:48:14.9876548Z [command]/usr/bin/git checkout --progress --force -B feature/f3-test-failures refs/remotes/origin/feature/f3-test-failures
2026-09-23T08:48:15.0267015Z Switched to a new branch 'feature/f3-test-failures'
2026-09-23T08:48:15.0272075Z branch 'feature/f3-test-failures' set up to track 'origin/feature/f3-test-failures'.
2026-09-23T08:48:15.0279704Z ##[endgroup]
2026-09-23T08:48:15.0324772Z [command]/usr/bin/git log -1 --format=%H
2026-09-23T08:48:15.0353605Z 43f20917de93b9aad51cf79a69ad5239c5632917
2026-09-23T08:48:15.0638771Z Node 20 is being deprecated. This workflow is running with Node 24 by default. If you need to temporarily use Node 20, you can set the ACTIONS_ALLOW_USE_UNSECURE_NODE_VERSION=true environment variable. For more information see: https://github.blog/changelog/2025-09-19-deprecation-of-node-20-on-github-actions-runners/
2026-09-23T08:48:15.0641719Z ##[group]Run actions/setup-python@v5
2026-09-23T08:48:15.0642304Z with:
2026-09-23T08:48:15.0642763Z   python-version: 3.11
2026-09-23T08:48:15.0643276Z   check-latest: false
2026-09-23T08:48:15.0647309Z   token: ***
2026-09-23T08:48:15.0647794Z   update-environment: true
2026-09-23T08:48:15.0648349Z   allow-prereleases: false
2026-09-23T08:48:15.0648882Z   freethreaded: false
2026-09-23T08:48:15.0649381Z ##[endgroup]
2026-09-23T08:48:15.1963563Z ##[group]Installed versions
2026-09-23T08:48:15.2063029Z (node:2245) [DEP0040] DeprecationWarning: The `punycode` module is deprecated. Please use a userland alternative instead.
2026-09-23T08:48:15.2065504Z (Use `node --trace-deprecation ...` to show where the warning was created)
2026-09-23T08:48:15.2067336Z Successfully set up CPython (3.11.16)
2026-09-23T08:48:15.2069065Z ##[endgroup]
2026-09-23T08:48:15.2325594Z ##[group]Run pip install --no-cache-dir pytest
2026-09-23T08:48:15.2326556Z [36;1mpip install --no-cache-dir pytest[0m
2026-09-23T08:48:15.2407223Z shell: /usr/bin/bash -e {0}
2026-09-23T08:48:15.2408300Z env:
2026-09-23T08:48:15.2409278Z   pythonLocation: /opt/hostedtoolcache/Python/3.11.16/x64
2026-09-23T08:48:15.2410723Z   PKG_CONFIG_PATH: /opt/hostedtoolcache/Python/3.11.16/x64/lib/pkgconfig
2026-09-23T08:48:15.2412424Z   Python_ROOT_DIR: /opt/hostedtoolcache/Python/3.11.16/x64
2026-09-23T08:48:15.2413574Z   Python2_ROOT_DIR: /opt/hostedtoolcache/Python/3.11.16/x64
2026-09-23T08:48:15.2414402Z   Python3_ROOT_DIR: /opt/hostedtoolcache/Python/3.11.16/x64
2026-09-23T08:48:15.2415250Z   LD_LIBRARY_PATH: /opt/hostedtoolcache/Python/3.11.16/x64/lib
2026-09-23T08:48:15.2415949Z ##[endgroup]
2026-09-23T08:48:18.8461213Z Collecting pytest
2026-09-23T08:48:18.9044425Z   Downloading pytest-9.1.1-py3-none-any.whl.metadata (7.6 kB)
2026-09-23T08:48:18.9124236Z Collecting iniconfig>=1.0.1 (from pytest)
2026-09-23T08:48:18.9159382Z   Downloading iniconfig-2.3.0-py3-none-any.whl.metadata (2.5 kB)
2026-09-23T08:48:18.9251178Z Collecting packaging>=22 (from pytest)
2026-09-23T08:48:18.9286143Z   Downloading packaging-26.3-py3-none-any.whl.metadata (3.5 kB)
2026-09-23T08:48:18.9360396Z Collecting pluggy<2,>=1.5 (from pytest)
2026-09-23T08:48:18.9395576Z   Downloading pluggy-1.6.0-py3-none-any.whl.metadata (4.8 kB)
2026-09-23T08:48:18.9514590Z Collecting pygments>=2.7.2 (from pytest)
2026-09-23T08:48:18.9548557Z   Downloading pygments-2.21.0-py3-none-any.whl.metadata (2.5 kB)
2026-09-23T08:48:18.9609232Z Downloading pytest-9.1.1-py3-none-any.whl (386 kB)
2026-09-23T08:48:18.9817911Z Downloading pluggy-1.6.0-py3-none-any.whl (20 kB)
2026-09-23T08:48:18.9854167Z Downloading iniconfig-2.3.0-py3-none-any.whl (7.5 kB)
2026-09-23T08:48:18.9887391Z Downloading packaging-26.3-py3-none-any.whl (129 kB)
2026-09-23T08:48:18.9939243Z Downloading pygments-2.21.0-py3-none-any.whl (1.3 MB)
2026-09-23T08:48:19.0147161Z    ââââââââââââââââââââââââââââââââââââââââ 1.3/1.3 MB 68.5 MB/s  0:00:00
2026-09-23T08:48:19.1905048Z Installing collected packages: pygments, pluggy, packaging, iniconfig, pytest
2026-09-23T08:48:20.1929900Z 
2026-09-23T08:48:20.1939587Z Successfully installed iniconfig-2.3.0 packaging-26.3 pluggy-1.6.0 pygments-2.21.0 pytest-9.1.1
2026-09-23T08:48:20.2554609Z ##[group]Run python automation/inject_mutation.py --error-type "AssertionError"
2026-09-23T08:48:20.2555252Z [36;1mpython automation/inject_mutation.py --error-type "AssertionError"[0m
2026-09-23T08:48:20.2597026Z shell: /usr/bin/bash -e {0}
2026-09-23T08:48:20.2597296Z env:
2026-09-23T08:48:20.2597842Z   pythonLocation: /opt/hostedtoolcache/Python/3.11.16/x64
2026-09-23T08:48:20.2598292Z   PKG_CONFIG_PATH: /opt/hostedtoolcache/Python/3.11.16/x64/lib/pkgconfig
2026-09-23T08:48:20.2598729Z   Python_ROOT_DIR: /opt/hostedtoolcache/Python/3.11.16/x64
2026-09-23T08:48:20.2599115Z   Python2_ROOT_DIR: /opt/hostedtoolcache/Python/3.11.16/x64
2026-09-23T08:48:20.2599515Z   Python3_ROOT_DIR: /opt/hostedtoolcache/Python/3.11.16/x64
2026-09-23T08:48:20.2599913Z   LD_LIBRARY_PATH: /opt/hostedtoolcache/Python/3.11.16/x64/lib
2026-09-23T08:48:20.2600285Z ##[endgroup]
2026-09-23T08:48:20.2924137Z [Mutation Injected] Successfully injected AssertionError into tests/test_app.py
2026-09-23T08:48:20.2996467Z ##[group]Run pytest tests/test_app.py -v
2026-09-23T08:48:20.2996834Z [36;1mpytest tests/test_app.py -v[0m
2026-09-23T08:48:20.3036898Z shell: /usr/bin/bash -e {0}
2026-09-23T08:48:20.3037167Z env:
2026-09-23T08:48:20.3037455Z   pythonLocation: /opt/hostedtoolcache/Python/3.11.16/x64
2026-09-23T08:48:20.3037910Z   PKG_CONFIG_PATH: /opt/hostedtoolcache/Python/3.11.16/x64/lib/pkgconfig
2026-09-23T08:48:20.3038362Z   Python_ROOT_DIR: /opt/hostedtoolcache/Python/3.11.16/x64
2026-09-23T08:48:20.3038742Z   Python2_ROOT_DIR: /opt/hostedtoolcache/Python/3.11.16/x64
2026-09-23T08:48:20.3039118Z   Python3_ROOT_DIR: /opt/hostedtoolcache/Python/3.11.16/x64
2026-09-23T08:48:20.3039500Z   LD_LIBRARY_PATH: /opt/hostedtoolcache/Python/3.11.16/x64/lib
2026-09-23T08:48:20.3039835Z ##[endgroup]
2026-09-23T08:48:20.8360300Z ============================= test session starts ==============================
2026-09-23T08:48:20.8361503Z platform linux -- Python 3.11.16, pytest-9.1.1, pluggy-1.6.0 -- /opt/hostedtoolcache/Python/3.11.16/x64/bin/python
2026-09-23T08:48:20.8362316Z cachedir: .pytest_cache
2026-09-23T08:48:20.8362785Z rootdir: /home/runner/work/log-generation/log-generation
2026-09-23T08:48:20.8494746Z configfile: pytest.ini
2026-09-23T08:48:20.8495160Z collecting ... collected 6 items
2026-09-23T08:48:20.8495532Z 
2026-09-23T08:48:20.8505658Z tests/test_app.py::test_calculate_division PASSED                        [ 16%]
2026-09-23T08:48:20.8514815Z tests/test_app.py::test_convert_to_int PASSED                            [ 33%]
2026-09-23T08:48:20.8524062Z tests/test_app.py::test_get_list_item PASSED                             [ 50%]
2026-09-23T08:48:20.8533244Z tests/test_app.py::test_get_dict_value PASSED                            [ 66%]
2026-09-23T08:48:20.8541805Z tests/test_app.py::test_assert_positive PASSED                           [ 83%]
2026-09-23T08:48:20.8864500Z tests/test_app.py::test_assertion_failure FAILED                         [100%]
2026-09-23T08:48:20.8865226Z 
2026-09-23T08:48:20.8865743Z =================================== FAILURES ===================================
2026-09-23T08:48:20.8866461Z ____________________________ test_assertion_failure ____________________________
2026-09-23T08:48:20.8866921Z 
2026-09-23T08:48:20.8867105Z     def test_assertion_failure():
2026-09-23T08:48:20.8867588Z         """Injected synthetic AssertionError."""
2026-09-23T08:48:20.8868097Z         expected_status = 200
2026-09-23T08:48:20.8868527Z         actual_status = 500
2026-09-23T08:48:20.8869259Z >       assert actual_status == expected_status, f"Expected {expected_status}, received {actual_status}"
2026-09-23T08:48:20.8870105Z E       AssertionError: Expected 200, received 500
2026-09-23T08:48:20.8870620Z E       assert 500 == 200
2026-09-23T08:48:20.8870842Z 
2026-09-23T08:48:20.8871206Z tests/test_app.py:140: AssertionError
2026-09-23T08:48:20.8871734Z =========================== short test summary info ============================
2026-09-23T08:48:20.8872612Z FAILED tests/test_app.py::test_assertion_failure - AssertionError: Expected 200, received 500
2026-09-23T08:48:20.8873334Z assert 500 == 200
2026-09-23T08:48:20.8873777Z ========================= 1 failed, 5 passed in 0.04s ==========================
2026-09-23T08:48:20.9075661Z ##[error]Process completed with exit code 1.
2026-09-23T08:48:20.9216697Z Node 20 is being deprecated. This workflow is running with Node 24 by default. If you need to temporarily use Node 20, you can set the ACTIONS_ALLOW_USE_UNSECURE_NODE_VERSION=true environment variable. For more information see: https://github.blog/changelog/2025-09-19-deprecation-of-node-20-on-github-actions-runners/
2026-09-23T08:48:20.9218050Z Post job cleanup.
2026-09-23T08:48:21.0117427Z [command]/usr/bin/git version
2026-09-23T08:48:21.0162318Z git version 2.55.0
2026-09-23T08:48:21.0197845Z Temporarily overriding HOME='/home/runner/work/_temp/4c5919f9-c2a0-4727-b7bd-b64fca166607' before making global git config changes
2026-09-23T08:48:21.0199244Z Adding repository directory to the temporary git global config as a safe directory
2026-09-23T08:48:21.0202954Z [command]/usr/bin/git config --global --add safe.directory /home/runner/work/log-generation/log-generation
2026-09-23T08:48:21.0245849Z [command]/usr/bin/git config --local --name-only --get-regexp core\.sshCommand
2026-09-23T08:48:21.0284119Z [command]/usr/bin/git submodule foreach --recursive sh -c "git config --local --name-only --get-regexp 'core\.sshCommand' && git config --local --unset-all 'core.sshCommand' || :"
2026-09-23T08:48:21.0545864Z [command]/usr/bin/git config --local --name-only --get-regexp http\.https\:\/\/github\.com\/\.extraheader
2026-09-23T08:48:21.0581495Z http.https://github.com/.extraheader
2026-09-23T08:48:21.0602695Z [command]/usr/bin/git config --local --unset-all http.https://github.com/.extraheader
2026-09-23T08:48:21.0633417Z [command]/usr/bin/git submodule foreach --recursive sh -c "git config --local --name-only --get-regexp 'http\.https\:\/\/github\.com\/\.extraheader' && git config --local --unset-all 'http.https://github.com/.extraheader' || :"
2026-09-23T08:48:21.0908473Z [command]/usr/bin/git config --local --name-only --get-regexp ^includeIf\.gitdir:
2026-09-23T08:48:21.0948853Z [command]/usr/bin/git submodule foreach --recursive git config --local --show-origin --name-only --get-regexp remote.origin.url
2026-09-23T08:48:21.1354772Z Cleaning up orphan processes
2026-09-23T08:48:21.1667218Z ##[warning]Node.js 20 is deprecated. The following actions target Node.js 20 but are being forced to run on Node.js 24: actions/checkout@v4, actions/setup-python@v5. For more information see: https://github.blog/changelog/2025-09-19-deprecation-of-node-20-on-github-actions-runners/
