ï»¿2026-09-23T08:45:56.7506557Z Current runner version: '2.337.0'
2026-09-23T08:45:56.7531060Z ##[group]Runner Image Provisioner
2026-09-23T08:45:56.7531927Z Hosted Compute Agent
2026-09-23T08:45:56.7532552Z Version: 20260828.587
2026-09-23T08:45:56.7533285Z Commit: abac92662cab4cc7352de4f9f9d2e2419aad9c29
2026-09-23T08:45:56.7534019Z Build Date: 2026-08-28T16:44:25Z
2026-09-23T08:45:56.7534726Z Worker ID: {0c1f6586-816c-40bf-aeb9-b9d614e367c8}
2026-09-23T08:45:56.7535453Z Azure Region: westus2
2026-09-23T08:45:56.7536054Z ##[endgroup]
2026-09-23T08:45:56.7538379Z ##[group]Operating System
2026-09-23T08:45:56.7539046Z Ubuntu
2026-09-23T08:45:56.7539652Z 24.04.5
2026-09-23T08:45:56.7540188Z LTS
2026-09-23T08:45:56.7541094Z ##[endgroup]
2026-09-23T08:45:56.7541802Z ##[group]Runner Image
2026-09-23T08:45:56.7542405Z Image: ubuntu-24.04
2026-09-23T08:45:56.7543011Z Version: 20260907.300.1
2026-09-23T08:45:56.7544338Z Included Software: https://github.com/actions/runner-images/blob/ubuntu24/20260907.300/images/ubuntu/Ubuntu2404-Readme.md
2026-09-23T08:45:56.7546031Z Image Release: https://github.com/actions/runner-images/releases/tag/ubuntu24%2F20260907.300
2026-09-23T08:45:56.7547069Z ##[endgroup]
2026-09-23T08:45:56.7548683Z ##[group]GITHUB_TOKEN Permissions
2026-09-23T08:45:56.7550922Z Contents: read
2026-09-23T08:45:56.7551601Z Metadata: read
2026-09-23T08:45:56.7552160Z Packages: read
2026-09-23T08:45:56.7552690Z ##[endgroup]
2026-09-23T08:45:56.7554798Z Secret source: Actions
2026-09-23T08:45:56.7555783Z Cache mode: write
2026-09-23T08:45:56.7556923Z Prepare workflow directory
2026-09-23T08:45:56.7904691Z Prepare all required actions
2026-09-23T08:45:56.7953015Z Getting action download info
2026-09-23T08:45:57.1551215Z Download action repository 'actions/checkout@v4' (SHA:11d5960a326750d5838078e36cf38b85af677262)
2026-09-23T08:45:57.2875929Z Download action repository 'actions/setup-python@v5' (SHA:a26af69be951a213d495a4c3e4e4022e16d87065)
2026-09-23T08:45:57.4711768Z Complete job name: test-f3 (AttributeError #175)
2026-09-23T08:45:57.5495555Z Node 20 is being deprecated. This workflow is running with Node 24 by default. If you need to temporarily use Node 20, you can set the ACTIONS_ALLOW_USE_UNSECURE_NODE_VERSION=true environment variable. For more information see: https://github.blog/changelog/2025-09-19-deprecation-of-node-20-on-github-actions-runners/
2026-09-23T08:45:57.5504352Z ##[group]Run actions/checkout@v4
2026-09-23T08:45:57.5505094Z with:
2026-09-23T08:45:57.5505526Z   fetch-depth: 1
2026-09-23T08:45:57.5506010Z   repository: DhruvHegde/log-generation
2026-09-23T08:45:57.5509963Z   token: ***
2026-09-23T08:45:57.5510390Z   ssh-strict: true
2026-09-23T08:45:57.5510826Z   ssh-user: git
2026-09-23T08:45:57.5511268Z   persist-credentials: true
2026-09-23T08:45:57.5511749Z   clean: true
2026-09-23T08:45:57.5512191Z   sparse-checkout-cone-mode: true
2026-09-23T08:45:57.5512701Z   fetch-tags: false
2026-09-23T08:45:57.5513145Z   show-progress: true
2026-09-23T08:45:57.5513584Z   lfs: false
2026-09-23T08:45:57.5514025Z   submodules: false
2026-09-23T08:45:57.5514488Z   set-safe-directory: true
2026-09-23T08:45:57.5514982Z   allow-unsafe-pr-checkout: false
2026-09-23T08:45:57.5515748Z ##[endgroup]
2026-09-23T08:45:57.6539625Z Syncing repository: DhruvHegde/log-generation
2026-09-23T08:45:57.6542363Z ##[group]Getting Git version info
2026-09-23T08:45:57.6543676Z Working directory is '/home/runner/work/log-generation/log-generation'
2026-09-23T08:45:57.6545561Z [command]/usr/bin/git version
2026-09-23T08:45:57.6616113Z git version 2.55.0
2026-09-23T08:45:57.6639078Z ##[endgroup]
2026-09-23T08:45:57.6665384Z Temporarily overriding HOME='/home/runner/work/_temp/a38c10c1-266d-4395-bcfd-1c5004b6b0ad' before making global git config changes
2026-09-23T08:45:57.6667042Z Adding repository directory to the temporary git global config as a safe directory
2026-09-23T08:45:57.6672061Z [command]/usr/bin/git config --global --add safe.directory /home/runner/work/log-generation/log-generation
2026-09-23T08:45:57.6732910Z Deleting the contents of '/home/runner/work/log-generation/log-generation'
2026-09-23T08:45:57.6745772Z ##[group]Initializing the repository
2026-09-23T08:45:57.6748052Z [command]/usr/bin/git init /home/runner/work/log-generation/log-generation
2026-09-23T08:45:57.6867967Z hint: Using 'master' as the name for the initial branch. This default branch name
2026-09-23T08:45:57.6870405Z hint: will change to "main" in Git 3.0. To configure the initial branch name
2026-09-23T08:45:57.6872945Z hint: to use in all of your new repositories, which will suppress this warning,
2026-09-23T08:45:57.6874568Z hint: call:
2026-09-23T08:45:57.6875312Z hint:
2026-09-23T08:45:57.6876203Z hint: 	git config --global init.defaultBranch <name>
2026-09-23T08:45:57.6877145Z hint:
2026-09-23T08:45:57.6878387Z hint: Names commonly chosen instead of 'master' are 'main', 'trunk' and
2026-09-23T08:45:57.6879955Z hint: 'development'. The just-created branch can be renamed via this command:
2026-09-23T08:45:57.6881177Z hint:
2026-09-23T08:45:57.6881826Z hint: 	git branch -m <name>
2026-09-23T08:45:57.6882332Z hint:
2026-09-23T08:45:57.6882985Z hint: Disable this message with "git config set advice.defaultBranchName false"
2026-09-23T08:45:57.6884450Z Initialized empty Git repository in /home/runner/work/log-generation/log-generation/.git/
2026-09-23T08:45:57.6887773Z [command]/usr/bin/git remote add origin https://github.com/DhruvHegde/log-generation
2026-09-23T08:45:57.6933512Z ##[endgroup]
2026-09-23T08:45:57.6934780Z ##[group]Disabling automatic garbage collection
2026-09-23T08:45:57.6937981Z [command]/usr/bin/git config --local gc.auto 0
2026-09-23T08:45:57.6969265Z ##[endgroup]
2026-09-23T08:45:57.6970485Z ##[group]Setting up auth
2026-09-23T08:45:57.6977197Z [command]/usr/bin/git config --local --name-only --get-regexp core\.sshCommand
2026-09-23T08:45:57.7009658Z [command]/usr/bin/git submodule foreach --recursive sh -c "git config --local --name-only --get-regexp 'core\.sshCommand' && git config --local --unset-all 'core.sshCommand' || :"
2026-09-23T08:45:57.7454040Z [command]/usr/bin/git config --local --name-only --get-regexp http\.https\:\/\/github\.com\/\.extraheader
2026-09-23T08:45:57.7496020Z [command]/usr/bin/git submodule foreach --recursive sh -c "git config --local --name-only --get-regexp 'http\.https\:\/\/github\.com\/\.extraheader' && git config --local --unset-all 'http.https://github.com/.extraheader' || :"
2026-09-23T08:45:57.7722804Z [command]/usr/bin/git config --local --name-only --get-regexp ^includeIf\.gitdir:
2026-09-23T08:45:57.7758214Z [command]/usr/bin/git submodule foreach --recursive git config --local --show-origin --name-only --get-regexp remote.origin.url
2026-09-23T08:45:57.7983056Z [command]/usr/bin/git config --local http.https://github.com/.extraheader AUTHORIZATION: basic ***
2026-09-23T08:45:57.8022766Z ##[endgroup]
2026-09-23T08:45:57.8024060Z ##[group]Fetching the repository
2026-09-23T08:45:57.8032497Z [command]/usr/bin/git -c protocol.version=2 fetch --no-tags --prune --no-recurse-submodules --depth=1 origin +dfcb6f158e4bd8054252a4da5d0a9edc2ab15d57:refs/remotes/origin/feature/f3-test-failures
2026-09-23T08:45:58.2688402Z From https://github.com/DhruvHegde/log-generation
2026-09-23T08:45:58.2690640Z  * [new ref]         dfcb6f158e4bd8054252a4da5d0a9edc2ab15d57 -> origin/feature/f3-test-failures
2026-09-23T08:45:58.2694437Z ##[endgroup]
2026-09-23T08:45:58.2696034Z ##[group]Determining the checkout info
2026-09-23T08:45:58.2698247Z ##[endgroup]
2026-09-23T08:45:58.2704351Z [command]/usr/bin/git sparse-checkout disable
2026-09-23T08:45:58.2756913Z [command]/usr/bin/git config --local --unset-all extensions.worktreeConfig
2026-09-23T08:45:58.2795211Z ##[group]Checking out the ref
2026-09-23T08:45:58.2797492Z [command]/usr/bin/git checkout --progress --force -B feature/f3-test-failures refs/remotes/origin/feature/f3-test-failures
2026-09-23T08:45:58.2871091Z Switched to a new branch 'feature/f3-test-failures'
2026-09-23T08:45:58.2876854Z branch 'feature/f3-test-failures' set up to track 'origin/feature/f3-test-failures'.
2026-09-23T08:45:58.2883303Z ##[endgroup]
2026-09-23T08:45:58.2925401Z [command]/usr/bin/git log -1 --format=%H
2026-09-23T08:45:58.2952546Z dfcb6f158e4bd8054252a4da5d0a9edc2ab15d57
2026-09-23T08:45:58.3232701Z Node 20 is being deprecated. This workflow is running with Node 24 by default. If you need to temporarily use Node 20, you can set the ACTIONS_ALLOW_USE_UNSECURE_NODE_VERSION=true environment variable. For more information see: https://github.blog/changelog/2025-09-19-deprecation-of-node-20-on-github-actions-runners/
2026-09-23T08:45:58.3235365Z ##[group]Run actions/setup-python@v5
2026-09-23T08:45:58.3235912Z with:
2026-09-23T08:45:58.3236334Z   python-version: 3.11
2026-09-23T08:45:58.3236814Z   check-latest: false
2026-09-23T08:45:58.3240741Z   token: ***
2026-09-23T08:45:58.3241212Z   update-environment: true
2026-09-23T08:45:58.3241732Z   allow-prereleases: false
2026-09-23T08:45:58.3242230Z   freethreaded: false
2026-09-23T08:45:58.3242728Z ##[endgroup]
2026-09-23T08:45:58.4569003Z ##[group]Installed versions
2026-09-23T08:45:58.4716988Z (node:2266) [DEP0040] DeprecationWarning: The `punycode` module is deprecated. Please use a userland alternative instead.
2026-09-23T08:45:58.4719538Z (Use `node --trace-deprecation ...` to show where the warning was created)
2026-09-23T08:45:58.4720925Z Successfully set up CPython (3.11.16)
2026-09-23T08:45:58.4722382Z ##[endgroup]
2026-09-23T08:45:58.4909023Z ##[group]Run pip install --no-cache-dir pytest
2026-09-23T08:45:58.4910215Z [36;1mpip install --no-cache-dir pytest[0m
2026-09-23T08:45:58.4975649Z shell: /usr/bin/bash -e {0}
2026-09-23T08:45:58.4976494Z env:
2026-09-23T08:45:58.4977611Z   pythonLocation: /opt/hostedtoolcache/Python/3.11.16/x64
2026-09-23T08:45:58.4979025Z   PKG_CONFIG_PATH: /opt/hostedtoolcache/Python/3.11.16/x64/lib/pkgconfig
2026-09-23T08:45:58.4980414Z   Python_ROOT_DIR: /opt/hostedtoolcache/Python/3.11.16/x64
2026-09-23T08:45:58.4981649Z   Python2_ROOT_DIR: /opt/hostedtoolcache/Python/3.11.16/x64
2026-09-23T08:45:58.4982895Z   Python3_ROOT_DIR: /opt/hostedtoolcache/Python/3.11.16/x64
2026-09-23T08:45:58.4984183Z   LD_LIBRARY_PATH: /opt/hostedtoolcache/Python/3.11.16/x64/lib
2026-09-23T08:45:58.4985259Z ##[endgroup]
2026-09-23T08:45:59.4304181Z Collecting pytest
2026-09-23T08:45:59.4889335Z   Downloading pytest-9.1.1-py3-none-any.whl.metadata (7.6 kB)
2026-09-23T08:45:59.5011044Z Collecting iniconfig>=1.0.1 (from pytest)
2026-09-23T08:45:59.5085760Z   Downloading iniconfig-2.3.0-py3-none-any.whl.metadata (2.5 kB)
2026-09-23T08:45:59.5241518Z Collecting packaging>=22 (from pytest)
2026-09-23T08:45:59.5317702Z   Downloading packaging-26.3-py3-none-any.whl.metadata (3.5 kB)
2026-09-23T08:45:59.5441430Z Collecting pluggy<2,>=1.5 (from pytest)
2026-09-23T08:45:59.5514145Z   Downloading pluggy-1.6.0-py3-none-any.whl.metadata (4.8 kB)
2026-09-23T08:45:59.5704035Z Collecting pygments>=2.7.2 (from pytest)
2026-09-23T08:45:59.5776007Z   Downloading pygments-2.21.0-py3-none-any.whl.metadata (2.5 kB)
2026-09-23T08:45:59.5874053Z Downloading pytest-9.1.1-py3-none-any.whl (386 kB)
2026-09-23T08:45:59.6249589Z Downloading pluggy-1.6.0-py3-none-any.whl (20 kB)
2026-09-23T08:45:59.6320653Z Downloading iniconfig-2.3.0-py3-none-any.whl (7.5 kB)
2026-09-23T08:45:59.6390405Z Downloading packaging-26.3-py3-none-any.whl (129 kB)
2026-09-23T08:45:59.6513818Z Downloading pygments-2.21.0-py3-none-any.whl (1.3 MB)
2026-09-23T08:45:59.7026334Z    ââââââââââââââââââââââââââââââââââââââââ 1.3/1.3 MB 26.6 MB/s  0:00:00
2026-09-23T08:45:59.7692970Z Installing collected packages: pygments, pluggy, packaging, iniconfig, pytest
2026-09-23T08:46:00.7256037Z 
2026-09-23T08:46:00.7264984Z Successfully installed iniconfig-2.3.0 packaging-26.3 pluggy-1.6.0 pygments-2.21.0 pytest-9.1.1
2026-09-23T08:46:00.7780538Z ##[group]Run python automation/inject_mutation.py --error-type "AttributeError"
2026-09-23T08:46:00.7781204Z [36;1mpython automation/inject_mutation.py --error-type "AttributeError"[0m
2026-09-23T08:46:00.7820044Z shell: /usr/bin/bash -e {0}
2026-09-23T08:46:00.7820310Z env:
2026-09-23T08:46:00.7820813Z   pythonLocation: /opt/hostedtoolcache/Python/3.11.16/x64
2026-09-23T08:46:00.7821277Z   PKG_CONFIG_PATH: /opt/hostedtoolcache/Python/3.11.16/x64/lib/pkgconfig
2026-09-23T08:46:00.7821719Z   Python_ROOT_DIR: /opt/hostedtoolcache/Python/3.11.16/x64
2026-09-23T08:46:00.7822121Z   Python2_ROOT_DIR: /opt/hostedtoolcache/Python/3.11.16/x64
2026-09-23T08:46:00.7822515Z   Python3_ROOT_DIR: /opt/hostedtoolcache/Python/3.11.16/x64
2026-09-23T08:46:00.7822921Z   LD_LIBRARY_PATH: /opt/hostedtoolcache/Python/3.11.16/x64/lib
2026-09-23T08:46:00.7823277Z ##[endgroup]
2026-09-23T08:46:00.8116818Z [Mutation Injected] Successfully injected AttributeError into tests/test_app.py
2026-09-23T08:46:00.8187978Z ##[group]Run pytest tests/test_app.py -v
2026-09-23T08:46:00.8188369Z [36;1mpytest tests/test_app.py -v[0m
2026-09-23T08:46:00.8225645Z shell: /usr/bin/bash -e {0}
2026-09-23T08:46:00.8225904Z env:
2026-09-23T08:46:00.8226182Z   pythonLocation: /opt/hostedtoolcache/Python/3.11.16/x64
2026-09-23T08:46:00.8226626Z   PKG_CONFIG_PATH: /opt/hostedtoolcache/Python/3.11.16/x64/lib/pkgconfig
2026-09-23T08:46:00.8227087Z   Python_ROOT_DIR: /opt/hostedtoolcache/Python/3.11.16/x64
2026-09-23T08:46:00.8227753Z   Python2_ROOT_DIR: /opt/hostedtoolcache/Python/3.11.16/x64
2026-09-23T08:46:00.8228137Z   Python3_ROOT_DIR: /opt/hostedtoolcache/Python/3.11.16/x64
2026-09-23T08:46:00.8228519Z   LD_LIBRARY_PATH: /opt/hostedtoolcache/Python/3.11.16/x64/lib
2026-09-23T08:46:00.8228837Z ##[endgroup]
2026-09-23T08:46:01.2017638Z ============================= test session starts ==============================
2026-09-23T08:46:01.2018735Z platform linux -- Python 3.11.16, pytest-9.1.1, pluggy-1.6.0 -- /opt/hostedtoolcache/Python/3.11.16/x64/bin/python
2026-09-23T08:46:01.2019374Z cachedir: .pytest_cache
2026-09-23T08:46:01.2019730Z rootdir: /home/runner/work/log-generation/log-generation
2026-09-23T08:46:01.2020132Z configfile: pytest.ini
2026-09-23T08:46:01.2128342Z collecting ... collected 6 items
2026-09-23T08:46:01.2129061Z 
2026-09-23T08:46:01.2137563Z tests/test_app.py::test_calculate_division PASSED                        [ 16%]
2026-09-23T08:46:01.2145256Z tests/test_app.py::test_convert_to_int PASSED                            [ 33%]
2026-09-23T08:46:01.2153301Z tests/test_app.py::test_get_list_item PASSED                             [ 50%]
2026-09-23T08:46:01.2161400Z tests/test_app.py::test_get_dict_value PASSED                            [ 66%]
2026-09-23T08:46:01.2167796Z tests/test_app.py::test_assert_positive PASSED                           [ 83%]
2026-09-23T08:46:01.2434463Z tests/test_app.py::test_attribute_error FAILED                           [100%]
2026-09-23T08:46:01.2435138Z 
2026-09-23T08:46:01.2435396Z =================================== FAILURES ===================================
2026-09-23T08:46:01.2436139Z _____________________________ test_attribute_error _____________________________
2026-09-23T08:46:01.2436638Z 
2026-09-23T08:46:01.2436818Z     def test_attribute_error():
2026-09-23T08:46:01.2437831Z         """Injected synthetic AttributeError."""
2026-09-23T08:46:01.2438470Z         from src.app import get_object_attribute
2026-09-23T08:46:01.2439027Z >       get_object_attribute(object())
2026-09-23T08:46:01.2439361Z 
2026-09-23T08:46:01.2439528Z tests/test_app.py:137: 
2026-09-23T08:46:01.2440032Z _ _ _ _ _ _ _ _ _ _ _ _ _ _ _ _ _ _ _ _ _ _ _ _ _ _ _ _ _ _ _ _ _ _ _ _ _ _ _ _ 
2026-09-23T08:46:01.2440585Z 
2026-09-23T08:46:01.2440806Z obj = <object object at 0x7fbd76985370>
2026-09-23T08:46:01.2441145Z 
2026-09-23T08:46:01.2441327Z     def get_object_attribute(obj):
2026-09-23T08:46:01.2441808Z >       return obj.non_existent_attribute
2026-09-23T08:46:01.2442300Z                ^^^^^^^^^^^^^^^^^^^^^^^^^^
2026-09-23T08:46:01.2442975Z E       AttributeError: 'object' object has no attribute 'non_existent_attribute'
2026-09-23T08:46:01.2443530Z 
2026-09-23T08:46:01.2443710Z src/app.py:14: AttributeError
2026-09-23T08:46:01.2444249Z =========================== short test summary info ============================
2026-09-23T08:46:01.2445694Z FAILED tests/test_app.py::test_attribute_error - AttributeError: 'object' object has no attribute 'non_existent_attribute'
2026-09-23T08:46:01.2446781Z ========================= 1 failed, 5 passed in 0.03s ==========================
2026-09-23T08:46:01.2633912Z ##[error]Process completed with exit code 1.
2026-09-23T08:46:01.2766637Z Node 20 is being deprecated. This workflow is running with Node 24 by default. If you need to temporarily use Node 20, you can set the ACTIONS_ALLOW_USE_UNSECURE_NODE_VERSION=true environment variable. For more information see: https://github.blog/changelog/2025-09-19-deprecation-of-node-20-on-github-actions-runners/
2026-09-23T08:46:01.2768092Z Post job cleanup.
2026-09-23T08:46:01.3613115Z [command]/usr/bin/git version
2026-09-23T08:46:01.3659570Z git version 2.55.0
2026-09-23T08:46:01.3702865Z Temporarily overriding HOME='/home/runner/work/_temp/2dde69f6-3abd-4c6e-b30d-854294412f12' before making global git config changes
2026-09-23T08:46:01.3704432Z Adding repository directory to the temporary git global config as a safe directory
2026-09-23T08:46:01.3708695Z [command]/usr/bin/git config --global --add safe.directory /home/runner/work/log-generation/log-generation
2026-09-23T08:46:01.3750883Z [command]/usr/bin/git config --local --name-only --get-regexp core\.sshCommand
2026-09-23T08:46:01.3786751Z [command]/usr/bin/git submodule foreach --recursive sh -c "git config --local --name-only --get-regexp 'core\.sshCommand' && git config --local --unset-all 'core.sshCommand' || :"
2026-09-23T08:46:01.4041147Z [command]/usr/bin/git config --local --name-only --get-regexp http\.https\:\/\/github\.com\/\.extraheader
2026-09-23T08:46:01.4068493Z http.https://github.com/.extraheader
2026-09-23T08:46:01.4081990Z [command]/usr/bin/git config --local --unset-all http.https://github.com/.extraheader
2026-09-23T08:46:01.4120559Z [command]/usr/bin/git submodule foreach --recursive sh -c "git config --local --name-only --get-regexp 'http\.https\:\/\/github\.com\/\.extraheader' && git config --local --unset-all 'http.https://github.com/.extraheader' || :"
2026-09-23T08:46:01.4379693Z [command]/usr/bin/git config --local --name-only --get-regexp ^includeIf\.gitdir:
2026-09-23T08:46:01.4423181Z [command]/usr/bin/git submodule foreach --recursive git config --local --show-origin --name-only --get-regexp remote.origin.url
2026-09-23T08:46:01.4839885Z Cleaning up orphan processes
2026-09-23T08:46:01.5105900Z ##[warning]Node.js 20 is deprecated. The following actions target Node.js 20 but are being forced to run on Node.js 24: actions/checkout@v4, actions/setup-python@v5. For more information see: https://github.blog/changelog/2025-09-19-deprecation-of-node-20-on-github-actions-runners/
