ï»¿2026-09-23T08:49:50.2304074Z Current runner version: '2.337.0'
2026-09-23T08:49:50.2326104Z ##[group]Runner Image Provisioner
2026-09-23T08:49:50.2326859Z Hosted Compute Agent
2026-09-23T08:49:50.2327337Z Version: 20260828.587
2026-09-23T08:49:50.2327908Z Commit: abac92662cab4cc7352de4f9f9d2e2419aad9c29
2026-09-23T08:49:50.2328501Z Build Date: 2026-08-28T16:44:25Z
2026-09-23T08:49:50.2329035Z Worker ID: {372128fc-49fb-4cca-bd4f-4f0ea18d0562}
2026-09-23T08:49:50.2329723Z Azure Region: westus3
2026-09-23T08:49:50.2330192Z ##[endgroup]
2026-09-23T08:49:50.2331774Z ##[group]Operating System
2026-09-23T08:49:50.2332298Z Ubuntu
2026-09-23T08:49:50.2332714Z 24.04.5
2026-09-23T08:49:50.2333228Z LTS
2026-09-23T08:49:50.2333654Z ##[endgroup]
2026-09-23T08:49:50.2334434Z ##[group]Runner Image
2026-09-23T08:49:50.2334944Z Image: ubuntu-24.04
2026-09-23T08:49:50.2335405Z Version: 20260907.300.1
2026-09-23T08:49:50.2336537Z Included Software: https://github.com/actions/runner-images/blob/ubuntu24/20260907.300/images/ubuntu/Ubuntu2404-Readme.md
2026-09-23T08:49:50.2337769Z Image Release: https://github.com/actions/runner-images/releases/tag/ubuntu24%2F20260907.300
2026-09-23T08:49:50.2338565Z ##[endgroup]
2026-09-23T08:49:50.2339567Z ##[group]GITHUB_TOKEN Permissions
2026-09-23T08:49:50.2341765Z Contents: read
2026-09-23T08:49:50.2342243Z Metadata: read
2026-09-23T08:49:50.2342781Z Packages: read
2026-09-23T08:49:50.2343226Z ##[endgroup]
2026-09-23T08:49:50.2345050Z Secret source: Actions
2026-09-23T08:49:50.2345834Z Cache mode: write
2026-09-23T08:49:50.2346699Z Prepare workflow directory
2026-09-23T08:49:50.2614238Z Prepare all required actions
2026-09-23T08:49:50.2654111Z Getting action download info
2026-09-23T08:49:50.5927485Z Download action repository 'actions/checkout@v4' (SHA:11d5960a326750d5838078e36cf38b85af677262)
2026-09-23T08:49:50.7142757Z Download action repository 'actions/setup-python@v5' (SHA:a26af69be951a213d495a4c3e4e4022e16d87065)
2026-09-23T08:49:50.9104547Z Complete job name: test-f3 (KeyError #169)
2026-09-23T08:49:50.9681225Z Node 20 is being deprecated. This workflow is running with Node 24 by default. If you need to temporarily use Node 20, you can set the ACTIONS_ALLOW_USE_UNSECURE_NODE_VERSION=true environment variable. For more information see: https://github.blog/changelog/2025-09-19-deprecation-of-node-20-on-github-actions-runners/
2026-09-23T08:49:50.9688275Z ##[group]Run actions/checkout@v4
2026-09-23T08:49:50.9688810Z with:
2026-09-23T08:49:50.9689144Z   fetch-depth: 1
2026-09-23T08:49:50.9689513Z   repository: DhruvHegde/log-generation
2026-09-23T08:49:50.9692722Z   token: ***
2026-09-23T08:49:50.9693068Z   ssh-strict: true
2026-09-23T08:49:50.9693417Z   ssh-user: git
2026-09-23T08:49:50.9693779Z   persist-credentials: true
2026-09-23T08:49:50.9694161Z   clean: true
2026-09-23T08:49:50.9694508Z   sparse-checkout-cone-mode: true
2026-09-23T08:49:50.9694914Z   fetch-tags: false
2026-09-23T08:49:50.9695258Z   show-progress: true
2026-09-23T08:49:50.9695614Z   lfs: false
2026-09-23T08:49:50.9695971Z   submodules: false
2026-09-23T08:49:50.9696331Z   set-safe-directory: true
2026-09-23T08:49:50.9696720Z   allow-unsafe-pr-checkout: false
2026-09-23T08:49:50.9697274Z ##[endgroup]
2026-09-23T08:49:51.0490719Z Syncing repository: DhruvHegde/log-generation
2026-09-23T08:49:51.0493296Z ##[group]Getting Git version info
2026-09-23T08:49:51.0494238Z Working directory is '/home/runner/work/log-generation/log-generation'
2026-09-23T08:49:51.0495595Z [command]/usr/bin/git version
2026-09-23T08:49:51.0549559Z git version 2.55.0
2026-09-23T08:49:51.0565924Z ##[endgroup]
2026-09-23T08:49:51.0583733Z Temporarily overriding HOME='/home/runner/work/_temp/d10aef14-4400-46e5-8bf9-f21c54b946a4' before making global git config changes
2026-09-23T08:49:51.0586606Z Adding repository directory to the temporary git global config as a safe directory
2026-09-23T08:49:51.0588098Z [command]/usr/bin/git config --global --add safe.directory /home/runner/work/log-generation/log-generation
2026-09-23T08:49:51.0633283Z Deleting the contents of '/home/runner/work/log-generation/log-generation'
2026-09-23T08:49:51.0636714Z ##[group]Initializing the repository
2026-09-23T08:49:51.0639778Z [command]/usr/bin/git init /home/runner/work/log-generation/log-generation
2026-09-23T08:49:51.0831353Z hint: Using 'master' as the name for the initial branch. This default branch name
2026-09-23T08:49:51.0832749Z hint: will change to "main" in Git 3.0. To configure the initial branch name
2026-09-23T08:49:51.0833910Z hint: to use in all of your new repositories, which will suppress this warning,
2026-09-23T08:49:51.0835940Z hint: call:
2026-09-23T08:49:51.0836444Z hint:
2026-09-23T08:49:51.0837064Z hint: 	git config --global init.defaultBranch <name>
2026-09-23T08:49:51.0837847Z hint:
2026-09-23T08:49:51.0838540Z hint: Names commonly chosen instead of 'master' are 'main', 'trunk' and
2026-09-23T08:49:51.0839694Z hint: 'development'. The just-created branch can be renamed via this command:
2026-09-23T08:49:51.0840594Z hint:
2026-09-23T08:49:51.0841150Z hint: 	git branch -m <name>
2026-09-23T08:49:51.0841917Z hint:
2026-09-23T08:49:51.0842689Z hint: Disable this message with "git config set advice.defaultBranchName false"
2026-09-23T08:49:51.0844039Z Initialized empty Git repository in /home/runner/work/log-generation/log-generation/.git/
2026-09-23T08:49:51.0846254Z [command]/usr/bin/git remote add origin https://github.com/DhruvHegde/log-generation
2026-09-23T08:49:51.0892225Z ##[endgroup]
2026-09-23T08:49:51.0893168Z ##[group]Disabling automatic garbage collection
2026-09-23T08:49:51.0894972Z [command]/usr/bin/git config --local gc.auto 0
2026-09-23T08:49:51.0926432Z ##[endgroup]
2026-09-23T08:49:51.0927144Z ##[group]Setting up auth
2026-09-23T08:49:51.0932364Z [command]/usr/bin/git config --local --name-only --get-regexp core\.sshCommand
2026-09-23T08:49:51.0964558Z [command]/usr/bin/git submodule foreach --recursive sh -c "git config --local --name-only --get-regexp 'core\.sshCommand' && git config --local --unset-all 'core.sshCommand' || :"
2026-09-23T08:49:51.1284536Z [command]/usr/bin/git config --local --name-only --get-regexp http\.https\:\/\/github\.com\/\.extraheader
2026-09-23T08:49:51.1317678Z [command]/usr/bin/git submodule foreach --recursive sh -c "git config --local --name-only --get-regexp 'http\.https\:\/\/github\.com\/\.extraheader' && git config --local --unset-all 'http.https://github.com/.extraheader' || :"
2026-09-23T08:49:51.1506847Z [command]/usr/bin/git config --local --name-only --get-regexp ^includeIf\.gitdir:
2026-09-23T08:49:51.1536492Z [command]/usr/bin/git submodule foreach --recursive git config --local --show-origin --name-only --get-regexp remote.origin.url
2026-09-23T08:49:51.1724662Z [command]/usr/bin/git config --local http.https://github.com/.extraheader AUTHORIZATION: basic ***
2026-09-23T08:49:51.1756890Z ##[endgroup]
2026-09-23T08:49:51.1757634Z ##[group]Fetching the repository
2026-09-23T08:49:51.1764496Z [command]/usr/bin/git -c protocol.version=2 fetch --no-tags --prune --no-recurse-submodules --depth=1 origin +43f20917de93b9aad51cf79a69ad5239c5632917:refs/remotes/origin/feature/f3-test-failures
2026-09-23T08:49:51.9711206Z From https://github.com/DhruvHegde/log-generation
2026-09-23T08:49:51.9712933Z  * [new ref]         43f20917de93b9aad51cf79a69ad5239c5632917 -> origin/feature/f3-test-failures
2026-09-23T08:49:51.9715250Z ##[endgroup]
2026-09-23T08:49:51.9716058Z ##[group]Determining the checkout info
2026-09-23T08:49:51.9717206Z ##[endgroup]
2026-09-23T08:49:51.9721837Z [command]/usr/bin/git sparse-checkout disable
2026-09-23T08:49:51.9769949Z [command]/usr/bin/git config --local --unset-all extensions.worktreeConfig
2026-09-23T08:49:51.9799847Z ##[group]Checking out the ref
2026-09-23T08:49:51.9804456Z [command]/usr/bin/git checkout --progress --force -B feature/f3-test-failures refs/remotes/origin/feature/f3-test-failures
2026-09-23T08:49:52.0120624Z Switched to a new branch 'feature/f3-test-failures'
2026-09-23T08:49:52.0127012Z branch 'feature/f3-test-failures' set up to track 'origin/feature/f3-test-failures'.
2026-09-23T08:49:52.0129649Z ##[endgroup]
2026-09-23T08:49:52.0167552Z [command]/usr/bin/git log -1 --format=%H
2026-09-23T08:49:52.0190784Z 43f20917de93b9aad51cf79a69ad5239c5632917
2026-09-23T08:49:52.0481334Z Node 20 is being deprecated. This workflow is running with Node 24 by default. If you need to temporarily use Node 20, you can set the ACTIONS_ALLOW_USE_UNSECURE_NODE_VERSION=true environment variable. For more information see: https://github.blog/changelog/2025-09-19-deprecation-of-node-20-on-github-actions-runners/
2026-09-23T08:49:52.0485879Z ##[group]Run actions/setup-python@v5
2026-09-23T08:49:52.0486860Z with:
2026-09-23T08:49:52.0487637Z   python-version: 3.11
2026-09-23T08:49:52.0488502Z   check-latest: false
2026-09-23T08:49:52.0495904Z   token: ***
2026-09-23T08:49:52.0496720Z   update-environment: true
2026-09-23T08:49:52.0497651Z   allow-prereleases: false
2026-09-23T08:49:52.0498562Z   freethreaded: false
2026-09-23T08:49:52.0499406Z ##[endgroup]
2026-09-23T08:49:52.1559619Z ##[group]Installed versions
2026-09-23T08:49:52.1631269Z (node:2179) [DEP0040] DeprecationWarning: The `punycode` module is deprecated. Please use a userland alternative instead.
2026-09-23T08:49:52.1634975Z (Use `node --trace-deprecation ...` to show where the warning was created)
2026-09-23T08:49:52.1637046Z Successfully set up CPython (3.11.16)
2026-09-23T08:49:52.1639461Z ##[endgroup]
2026-09-23T08:49:52.1812854Z ##[group]Run pip install --no-cache-dir pytest
2026-09-23T08:49:52.1814113Z [36;1mpip install --no-cache-dir pytest[0m
2026-09-23T08:49:52.1904142Z shell: /usr/bin/bash -e {0}
2026-09-23T08:49:52.1905618Z env:
2026-09-23T08:49:52.1907306Z   pythonLocation: /opt/hostedtoolcache/Python/3.11.16/x64
2026-09-23T08:49:52.1910130Z   PKG_CONFIG_PATH: /opt/hostedtoolcache/Python/3.11.16/x64/lib/pkgconfig
2026-09-23T08:49:52.1912928Z   Python_ROOT_DIR: /opt/hostedtoolcache/Python/3.11.16/x64
2026-09-23T08:49:52.1914554Z   Python2_ROOT_DIR: /opt/hostedtoolcache/Python/3.11.16/x64
2026-09-23T08:49:52.1916170Z   Python3_ROOT_DIR: /opt/hostedtoolcache/Python/3.11.16/x64
2026-09-23T08:49:52.1917825Z   LD_LIBRARY_PATH: /opt/hostedtoolcache/Python/3.11.16/x64/lib
2026-09-23T08:49:52.1918958Z ##[endgroup]
2026-09-23T08:49:54.1290052Z Collecting pytest
2026-09-23T08:49:54.1862647Z   Downloading pytest-9.1.1-py3-none-any.whl.metadata (7.6 kB)
2026-09-23T08:49:54.1998829Z Collecting iniconfig>=1.0.1 (from pytest)
2026-09-23T08:49:54.2097578Z   Downloading iniconfig-2.3.0-py3-none-any.whl.metadata (2.5 kB)
2026-09-23T08:49:54.2243112Z Collecting packaging>=22 (from pytest)
2026-09-23T08:49:54.2338177Z   Downloading packaging-26.3-py3-none-any.whl.metadata (3.5 kB)
2026-09-23T08:49:54.2470178Z Collecting pluggy<2,>=1.5 (from pytest)
2026-09-23T08:49:54.2566342Z   Downloading pluggy-1.6.0-py3-none-any.whl.metadata (4.8 kB)
2026-09-23T08:49:54.2742387Z Collecting pygments>=2.7.2 (from pytest)
2026-09-23T08:49:54.2837491Z   Downloading pygments-2.21.0-py3-none-any.whl.metadata (2.5 kB)
2026-09-23T08:49:54.2953475Z Downloading pytest-9.1.1-py3-none-any.whl (386 kB)
2026-09-23T08:49:54.3378008Z Downloading pluggy-1.6.0-py3-none-any.whl (20 kB)
2026-09-23T08:49:54.3472463Z Downloading iniconfig-2.3.0-py3-none-any.whl (7.5 kB)
2026-09-23T08:49:54.3567313Z Downloading packaging-26.3-py3-none-any.whl (129 kB)
2026-09-23T08:49:54.3672847Z Downloading pygments-2.21.0-py3-none-any.whl (1.3 MB)
2026-09-23T08:49:54.3957703Z    ââââââââââââââââââââââââââââââââââââââââ 1.3/1.3 MB 55.1 MB/s  0:00:00
2026-09-23T08:49:54.5152565Z Installing collected packages: pygments, pluggy, packaging, iniconfig, pytest
2026-09-23T08:49:55.3157089Z 
2026-09-23T08:49:55.3165052Z Successfully installed iniconfig-2.3.0 packaging-26.3 pluggy-1.6.0 pygments-2.21.0 pytest-9.1.1
2026-09-23T08:49:55.3635459Z ##[group]Run python automation/inject_mutation.py --error-type "KeyError"
2026-09-23T08:49:55.3635921Z [36;1mpython automation/inject_mutation.py --error-type "KeyError"[0m
2026-09-23T08:49:55.3670821Z shell: /usr/bin/bash -e {0}
2026-09-23T08:49:55.3671041Z env:
2026-09-23T08:49:55.3671275Z   pythonLocation: /opt/hostedtoolcache/Python/3.11.16/x64
2026-09-23T08:49:55.3671995Z   PKG_CONFIG_PATH: /opt/hostedtoolcache/Python/3.11.16/x64/lib/pkgconfig
2026-09-23T08:49:55.3672335Z   Python_ROOT_DIR: /opt/hostedtoolcache/Python/3.11.16/x64
2026-09-23T08:49:55.3672633Z   Python2_ROOT_DIR: /opt/hostedtoolcache/Python/3.11.16/x64
2026-09-23T08:49:55.3672944Z   Python3_ROOT_DIR: /opt/hostedtoolcache/Python/3.11.16/x64
2026-09-23T08:49:55.3673239Z   LD_LIBRARY_PATH: /opt/hostedtoolcache/Python/3.11.16/x64/lib
2026-09-23T08:49:55.3673526Z ##[endgroup]
2026-09-23T08:49:55.3924733Z [Mutation Injected] Successfully injected KeyError into tests/test_app.py
2026-09-23T08:49:55.3981763Z ##[group]Run pytest tests/test_app.py -v
2026-09-23T08:49:55.3982056Z [36;1mpytest tests/test_app.py -v[0m
2026-09-23T08:49:55.4012930Z shell: /usr/bin/bash -e {0}
2026-09-23T08:49:55.4013148Z env:
2026-09-23T08:49:55.4013370Z   pythonLocation: /opt/hostedtoolcache/Python/3.11.16/x64
2026-09-23T08:49:55.4013716Z   PKG_CONFIG_PATH: /opt/hostedtoolcache/Python/3.11.16/x64/lib/pkgconfig
2026-09-23T08:49:55.4014073Z   Python_ROOT_DIR: /opt/hostedtoolcache/Python/3.11.16/x64
2026-09-23T08:49:55.4014374Z   Python2_ROOT_DIR: /opt/hostedtoolcache/Python/3.11.16/x64
2026-09-23T08:49:55.4014669Z   Python3_ROOT_DIR: /opt/hostedtoolcache/Python/3.11.16/x64
2026-09-23T08:49:55.4014963Z   LD_LIBRARY_PATH: /opt/hostedtoolcache/Python/3.11.16/x64/lib
2026-09-23T08:49:55.4015220Z ##[endgroup]
2026-09-23T08:49:55.6801585Z ============================= test session starts ==============================
2026-09-23T08:49:55.6802332Z platform linux -- Python 3.11.16, pytest-9.1.1, pluggy-1.6.0 -- /opt/hostedtoolcache/Python/3.11.16/x64/bin/python
2026-09-23T08:49:55.6802756Z cachedir: .pytest_cache
2026-09-23T08:49:55.6803003Z rootdir: /home/runner/work/log-generation/log-generation
2026-09-23T08:49:55.6803269Z configfile: pytest.ini
2026-09-23T08:49:55.6865861Z collecting ... collected 6 items
2026-09-23T08:49:55.6866111Z 
2026-09-23T08:49:55.6872157Z tests/test_app.py::test_calculate_division PASSED                        [ 16%]
2026-09-23T08:49:55.6876891Z tests/test_app.py::test_convert_to_int PASSED                            [ 33%]
2026-09-23T08:49:55.6881877Z tests/test_app.py::test_get_list_item PASSED                             [ 50%]
2026-09-23T08:49:55.6886334Z tests/test_app.py::test_get_dict_value PASSED                            [ 66%]
2026-09-23T08:49:55.6890588Z tests/test_app.py::test_assert_positive PASSED                           [ 83%]
2026-09-23T08:49:55.7117760Z tests/test_app.py::test_key_error FAILED                                 [100%]
2026-09-23T08:49:55.7118140Z 
2026-09-23T08:49:55.7118325Z =================================== FAILURES ===================================
2026-09-23T08:49:55.7118756Z ________________________________ test_key_error ________________________________
2026-09-23T08:49:55.7118967Z 
2026-09-23T08:49:55.7119050Z     def test_key_error():
2026-09-23T08:49:55.7119264Z         """Injected synthetic KeyError."""
2026-09-23T08:49:55.7119525Z         from src.app import get_dict_value
2026-09-23T08:49:55.7119763Z         config = {"env": "staging", "retries": 3}
2026-09-23T08:49:55.7120025Z >       get_dict_value(config, "missing_auth_token")
2026-09-23T08:49:55.7120193Z 
2026-09-23T08:49:55.7120282Z tests/test_app.py:140: 
2026-09-23T08:49:55.7120516Z _ _ _ _ _ _ _ _ _ _ _ _ _ _ _ _ _ _ _ _ _ _ _ _ _ _ _ _ _ _ _ _ _ _ _ _ _ _ _ _ 
2026-09-23T08:49:55.7120724Z 
2026-09-23T08:49:55.7120841Z d = {'env': 'staging', 'retries': 3}, key = 'missing_auth_token'
2026-09-23T08:49:55.7121030Z 
2026-09-23T08:49:55.7121115Z     def get_dict_value(d, key):
2026-09-23T08:49:55.7121316Z >       return d[key]
2026-09-23T08:49:55.7121719Z                ^^^^^^
2026-09-23T08:49:55.7121930Z E       KeyError: 'missing_auth_token'
2026-09-23T08:49:55.7122082Z 
2026-09-23T08:49:55.7122170Z src/app.py:11: KeyError
2026-09-23T08:49:55.7122413Z =========================== short test summary info ============================
2026-09-23T08:49:55.7123019Z FAILED tests/test_app.py::test_key_error - KeyError: 'missing_auth_token'
2026-09-23T08:49:55.7123381Z ========================= 1 failed, 5 passed in 0.02s ==========================
2026-09-23T08:49:55.7279875Z ##[error]Process completed with exit code 1.
2026-09-23T08:49:55.7395034Z Node 20 is being deprecated. This workflow is running with Node 24 by default. If you need to temporarily use Node 20, you can set the ACTIONS_ALLOW_USE_UNSECURE_NODE_VERSION=true environment variable. For more information see: https://github.blog/changelog/2025-09-19-deprecation-of-node-20-on-github-actions-runners/
2026-09-23T08:49:55.7395937Z Post job cleanup.
2026-09-23T08:49:55.8090473Z [command]/usr/bin/git version
2026-09-23T08:49:55.8126429Z git version 2.55.0
2026-09-23T08:49:55.8158294Z Temporarily overriding HOME='/home/runner/work/_temp/2e78cb26-73f4-4afe-82a3-0b61856c0c8c' before making global git config changes
2026-09-23T08:49:55.8159062Z Adding repository directory to the temporary git global config as a safe directory
2026-09-23T08:49:55.8163483Z [command]/usr/bin/git config --global --add safe.directory /home/runner/work/log-generation/log-generation
2026-09-23T08:49:55.8195119Z [command]/usr/bin/git config --local --name-only --get-regexp core\.sshCommand
2026-09-23T08:49:55.8223760Z [command]/usr/bin/git submodule foreach --recursive sh -c "git config --local --name-only --get-regexp 'core\.sshCommand' && git config --local --unset-all 'core.sshCommand' || :"
2026-09-23T08:49:55.8438447Z [command]/usr/bin/git config --local --name-only --get-regexp http\.https\:\/\/github\.com\/\.extraheader
2026-09-23T08:49:55.8464186Z http.https://github.com/.extraheader
2026-09-23T08:49:55.8473088Z [command]/usr/bin/git config --local --unset-all http.https://github.com/.extraheader
2026-09-23T08:49:55.8500767Z [command]/usr/bin/git submodule foreach --recursive sh -c "git config --local --name-only --get-regexp 'http\.https\:\/\/github\.com\/\.extraheader' && git config --local --unset-all 'http.https://github.com/.extraheader' || :"
2026-09-23T08:49:55.8714139Z [command]/usr/bin/git config --local --name-only --get-regexp ^includeIf\.gitdir:
2026-09-23T08:49:55.8745958Z [command]/usr/bin/git submodule foreach --recursive git config --local --show-origin --name-only --get-regexp remote.origin.url
2026-09-23T08:49:55.9066241Z Cleaning up orphan processes
2026-09-23T08:49:55.9277588Z ##[warning]Node.js 20 is deprecated. The following actions target Node.js 20 but are being forced to run on Node.js 24: actions/checkout@v4, actions/setup-python@v5. For more information see: https://github.blog/changelog/2025-09-19-deprecation-of-node-20-on-github-actions-runners/
