ï»¿2026-09-23T08:48:47.5519865Z Current runner version: '2.337.0'
2026-09-23T08:48:47.5543426Z ##[group]Runner Image Provisioner
2026-09-23T08:48:47.5544219Z Hosted Compute Agent
2026-09-23T08:48:47.5544800Z Version: 20260828.587
2026-09-23T08:48:47.5545412Z Commit: abac92662cab4cc7352de4f9f9d2e2419aad9c29
2026-09-23T08:48:47.5546070Z Build Date: 2026-08-28T16:44:25Z
2026-09-23T08:48:47.5546685Z Worker ID: {2b1ec0fc-e4a3-4952-955b-9d795e0b04f2}
2026-09-23T08:48:47.5547417Z Azure Region: centralus
2026-09-23T08:48:47.5547943Z ##[endgroup]
2026-09-23T08:48:47.5549227Z ##[group]Operating System
2026-09-23T08:48:47.5549785Z Ubuntu
2026-09-23T08:48:47.5550244Z 24.04.5
2026-09-23T08:48:47.5550910Z LTS
2026-09-23T08:48:47.5551381Z ##[endgroup]
2026-09-23T08:48:47.5552253Z ##[group]Runner Image
2026-09-23T08:48:47.5552810Z Image: ubuntu-24.04
2026-09-23T08:48:47.5553345Z Version: 20260907.300.1
2026-09-23T08:48:47.5554524Z Included Software: https://github.com/actions/runner-images/blob/ubuntu24/20260907.300/images/ubuntu/Ubuntu2404-Readme.md
2026-09-23T08:48:47.5555951Z Image Release: https://github.com/actions/runner-images/releases/tag/ubuntu24%2F20260907.300
2026-09-23T08:48:47.5556828Z ##[endgroup]
2026-09-23T08:48:47.5558014Z ##[group]GITHUB_TOKEN Permissions
2026-09-23T08:48:47.5560465Z Contents: read
2026-09-23T08:48:47.5561162Z Metadata: read
2026-09-23T08:48:47.5561734Z Packages: read
2026-09-23T08:48:47.5562264Z ##[endgroup]
2026-09-23T08:48:47.5564377Z Secret source: Actions
2026-09-23T08:48:47.5565326Z Cache mode: write
2026-09-23T08:48:47.5566239Z Prepare workflow directory
2026-09-23T08:48:47.5875264Z Prepare all required actions
2026-09-23T08:48:47.5923826Z Getting action download info
2026-09-23T08:48:47.8738359Z Download action repository 'actions/checkout@v4' (SHA:11d5960a326750d5838078e36cf38b85af677262)
2026-09-23T08:48:47.9474958Z Download action repository 'actions/setup-python@v5' (SHA:a26af69be951a213d495a4c3e4e4022e16d87065)
2026-09-23T08:48:48.0996624Z Complete job name: test-f3 (ZeroDivisionError #67)
2026-09-23T08:48:48.1667390Z Node 20 is being deprecated. This workflow is running with Node 24 by default. If you need to temporarily use Node 20, you can set the ACTIONS_ALLOW_USE_UNSECURE_NODE_VERSION=true environment variable. For more information see: https://github.blog/changelog/2025-09-19-deprecation-of-node-20-on-github-actions-runners/
2026-09-23T08:48:48.1676366Z ##[group]Run actions/checkout@v4
2026-09-23T08:48:48.1677154Z with:
2026-09-23T08:48:48.1677654Z   fetch-depth: 1
2026-09-23T08:48:48.1678162Z   repository: DhruvHegde/log-generation
2026-09-23T08:48:48.1682223Z   token: ***
2026-09-23T08:48:48.1682697Z   ssh-strict: true
2026-09-23T08:48:48.1683216Z   ssh-user: git
2026-09-23T08:48:48.1683728Z   persist-credentials: true
2026-09-23T08:48:48.1684252Z   clean: true
2026-09-23T08:48:48.1684754Z   sparse-checkout-cone-mode: true
2026-09-23T08:48:48.1685300Z   fetch-tags: false
2026-09-23T08:48:48.1685764Z   show-progress: true
2026-09-23T08:48:48.1686283Z   lfs: false
2026-09-23T08:48:48.1686815Z   submodules: false
2026-09-23T08:48:48.1687328Z   set-safe-directory: true
2026-09-23T08:48:48.1687855Z   allow-unsafe-pr-checkout: false
2026-09-23T08:48:48.1688735Z ##[endgroup]
2026-09-23T08:48:48.2787879Z Syncing repository: DhruvHegde/log-generation
2026-09-23T08:48:48.2791333Z ##[group]Getting Git version info
2026-09-23T08:48:48.2792611Z Working directory is '/home/runner/work/log-generation/log-generation'
2026-09-23T08:48:48.2795540Z [command]/usr/bin/git version
2026-09-23T08:48:48.2796440Z git version 2.55.0
2026-09-23T08:48:48.2799109Z ##[endgroup]
2026-09-23T08:48:48.2813338Z Temporarily overriding HOME='/home/runner/work/_temp/8622e2b9-5b37-4333-9899-30ef95c9b936' before making global git config changes
2026-09-23T08:48:48.2817446Z Adding repository directory to the temporary git global config as a safe directory
2026-09-23T08:48:48.2819590Z [command]/usr/bin/git config --global --add safe.directory /home/runner/work/log-generation/log-generation
2026-09-23T08:48:48.2822850Z Deleting the contents of '/home/runner/work/log-generation/log-generation'
2026-09-23T08:48:48.2825148Z ##[group]Initializing the repository
2026-09-23T08:48:48.2826437Z [command]/usr/bin/git init /home/runner/work/log-generation/log-generation
2026-09-23T08:48:48.2898020Z hint: Using 'master' as the name for the initial branch. This default branch name
2026-09-23T08:48:48.2898992Z hint: will change to "main" in Git 3.0. To configure the initial branch name
2026-09-23T08:48:48.2900076Z hint: to use in all of your new repositories, which will suppress this warning,
2026-09-23T08:48:48.2901075Z hint: call:
2026-09-23T08:48:48.2901455Z hint:
2026-09-23T08:48:48.2901925Z hint: 	git config --global init.defaultBranch <name>
2026-09-23T08:48:48.2902685Z hint:
2026-09-23T08:48:48.2903328Z hint: Names commonly chosen instead of 'master' are 'main', 'trunk' and
2026-09-23T08:48:48.2904531Z hint: 'development'. The just-created branch can be renamed via this command:
2026-09-23T08:48:48.2905213Z hint:
2026-09-23T08:48:48.2905627Z hint: 	git branch -m <name>
2026-09-23T08:48:48.2906087Z hint:
2026-09-23T08:48:48.2911736Z hint: Disable this message with "git config set advice.defaultBranchName false"
2026-09-23T08:48:48.2913609Z Initialized empty Git repository in /home/runner/work/log-generation/log-generation/.git/
2026-09-23T08:48:48.2916849Z [command]/usr/bin/git remote add origin https://github.com/DhruvHegde/log-generation
2026-09-23T08:48:48.2953535Z ##[endgroup]
2026-09-23T08:48:48.2954411Z ##[group]Disabling automatic garbage collection
2026-09-23T08:48:48.2957992Z [command]/usr/bin/git config --local gc.auto 0
2026-09-23T08:48:48.2983519Z ##[endgroup]
2026-09-23T08:48:48.2984388Z ##[group]Setting up auth
2026-09-23T08:48:48.2991679Z [command]/usr/bin/git config --local --name-only --get-regexp core\.sshCommand
2026-09-23T08:48:48.3029995Z [command]/usr/bin/git submodule foreach --recursive sh -c "git config --local --name-only --get-regexp 'core\.sshCommand' && git config --local --unset-all 'core.sshCommand' || :"
2026-09-23T08:48:48.3328057Z [command]/usr/bin/git config --local --name-only --get-regexp http\.https\:\/\/github\.com\/\.extraheader
2026-09-23T08:48:48.3364775Z [command]/usr/bin/git submodule foreach --recursive sh -c "git config --local --name-only --get-regexp 'http\.https\:\/\/github\.com\/\.extraheader' && git config --local --unset-all 'http.https://github.com/.extraheader' || :"
2026-09-23T08:48:48.3541987Z [command]/usr/bin/git config --local --name-only --get-regexp ^includeIf\.gitdir:
2026-09-23T08:48:48.3569942Z [command]/usr/bin/git submodule foreach --recursive git config --local --show-origin --name-only --get-regexp remote.origin.url
2026-09-23T08:48:48.3740577Z [command]/usr/bin/git config --local http.https://github.com/.extraheader AUTHORIZATION: basic ***
2026-09-23T08:48:48.3769638Z ##[endgroup]
2026-09-23T08:48:48.3770996Z ##[group]Fetching the repository
2026-09-23T08:48:48.3778507Z [command]/usr/bin/git -c protocol.version=2 fetch --no-tags --prune --no-recurse-submodules --depth=1 origin +43f20917de93b9aad51cf79a69ad5239c5632917:refs/remotes/origin/feature/f3-test-failures
2026-09-23T08:48:48.8570474Z From https://github.com/DhruvHegde/log-generation
2026-09-23T08:48:48.8572439Z  * [new ref]         43f20917de93b9aad51cf79a69ad5239c5632917 -> origin/feature/f3-test-failures
2026-09-23T08:48:48.8576170Z ##[endgroup]
2026-09-23T08:48:48.8577730Z ##[group]Determining the checkout info
2026-09-23T08:48:48.8579615Z ##[endgroup]
2026-09-23T08:48:48.8585590Z [command]/usr/bin/git sparse-checkout disable
2026-09-23T08:48:48.8629110Z [command]/usr/bin/git config --local --unset-all extensions.worktreeConfig
2026-09-23T08:48:48.8653597Z ##[group]Checking out the ref
2026-09-23T08:48:48.8659374Z [command]/usr/bin/git checkout --progress --force -B feature/f3-test-failures refs/remotes/origin/feature/f3-test-failures
2026-09-23T08:48:48.8970987Z Switched to a new branch 'feature/f3-test-failures'
2026-09-23T08:48:48.8974409Z branch 'feature/f3-test-failures' set up to track 'origin/feature/f3-test-failures'.
2026-09-23T08:48:48.8981134Z ##[endgroup]
2026-09-23T08:48:48.9016819Z [command]/usr/bin/git log -1 --format=%H
2026-09-23T08:48:48.9036640Z 43f20917de93b9aad51cf79a69ad5239c5632917
2026-09-23T08:48:48.9285610Z Node 20 is being deprecated. This workflow is running with Node 24 by default. If you need to temporarily use Node 20, you can set the ACTIONS_ALLOW_USE_UNSECURE_NODE_VERSION=true environment variable. For more information see: https://github.blog/changelog/2025-09-19-deprecation-of-node-20-on-github-actions-runners/
2026-09-23T08:48:48.9288274Z ##[group]Run actions/setup-python@v5
2026-09-23T08:48:48.9288860Z with:
2026-09-23T08:48:48.9289335Z   python-version: 3.11
2026-09-23T08:48:48.9289842Z   check-latest: false
2026-09-23T08:48:48.9294164Z   token: ***
2026-09-23T08:48:48.9294662Z   update-environment: true
2026-09-23T08:48:48.9295224Z   allow-prereleases: false
2026-09-23T08:48:48.9295752Z   freethreaded: false
2026-09-23T08:48:48.9296246Z ##[endgroup]
2026-09-23T08:48:49.0537666Z ##[group]Installed versions
2026-09-23T08:48:49.0619822Z (node:2216) [DEP0040] DeprecationWarning: The `punycode` module is deprecated. Please use a userland alternative instead.
2026-09-23T08:48:49.0622977Z (Use `node --trace-deprecation ...` to show where the warning was created)
2026-09-23T08:48:49.0624633Z Successfully set up CPython (3.11.16)
2026-09-23T08:48:49.0626283Z ##[endgroup]
2026-09-23T08:48:49.0799706Z ##[group]Run pip install --no-cache-dir pytest
2026-09-23T08:48:49.0800887Z [36;1mpip install --no-cache-dir pytest[0m
2026-09-23T08:48:49.0837786Z shell: /usr/bin/bash -e {0}
2026-09-23T08:48:49.0838399Z env:
2026-09-23T08:48:49.0838971Z   pythonLocation: /opt/hostedtoolcache/Python/3.11.16/x64
2026-09-23T08:48:49.0839852Z   PKG_CONFIG_PATH: /opt/hostedtoolcache/Python/3.11.16/x64/lib/pkgconfig
2026-09-23T08:48:49.0841014Z   Python_ROOT_DIR: /opt/hostedtoolcache/Python/3.11.16/x64
2026-09-23T08:48:49.0841810Z   Python2_ROOT_DIR: /opt/hostedtoolcache/Python/3.11.16/x64
2026-09-23T08:48:49.0842621Z   Python3_ROOT_DIR: /opt/hostedtoolcache/Python/3.11.16/x64
2026-09-23T08:48:49.0843467Z   LD_LIBRARY_PATH: /opt/hostedtoolcache/Python/3.11.16/x64/lib
2026-09-23T08:48:49.0844182Z ##[endgroup]
2026-09-23T08:48:51.4882219Z Collecting pytest
2026-09-23T08:48:51.5649052Z   Downloading pytest-9.1.1-py3-none-any.whl.metadata (7.6 kB)
2026-09-23T08:48:51.5792939Z Collecting iniconfig>=1.0.1 (from pytest)
2026-09-23T08:48:51.5921737Z   Downloading iniconfig-2.3.0-py3-none-any.whl.metadata (2.5 kB)
2026-09-23T08:48:51.6086830Z Collecting packaging>=22 (from pytest)
2026-09-23T08:48:51.6216309Z   Downloading packaging-26.3-py3-none-any.whl.metadata (3.5 kB)
2026-09-23T08:48:51.6360531Z Collecting pluggy<2,>=1.5 (from pytest)
2026-09-23T08:48:51.6488702Z   Downloading pluggy-1.6.0-py3-none-any.whl.metadata (4.8 kB)
2026-09-23T08:48:51.6684222Z Collecting pygments>=2.7.2 (from pytest)
2026-09-23T08:48:51.6816328Z   Downloading pygments-2.21.0-py3-none-any.whl.metadata (2.5 kB)
2026-09-23T08:48:51.6970966Z Downloading pytest-9.1.1-py3-none-any.whl (386 kB)
2026-09-23T08:48:51.7543745Z Downloading pluggy-1.6.0-py3-none-any.whl (20 kB)
2026-09-23T08:48:51.7675156Z Downloading iniconfig-2.3.0-py3-none-any.whl (7.5 kB)
2026-09-23T08:48:51.7803641Z Downloading packaging-26.3-py3-none-any.whl (129 kB)
2026-09-23T08:48:51.7950677Z Downloading pygments-2.21.0-py3-none-any.whl (1.3 MB)
2026-09-23T08:48:51.8322825Z    ââââââââââââââââââââââââââââââââââââââââ 1.3/1.3 MB 30.9 MB/s  0:00:00
2026-09-23T08:48:51.9819446Z Installing collected packages: pygments, pluggy, packaging, iniconfig, pytest
2026-09-23T08:48:52.7876150Z 
2026-09-23T08:48:52.7885959Z Successfully installed iniconfig-2.3.0 packaging-26.3 pluggy-1.6.0 pygments-2.21.0 pytest-9.1.1
2026-09-23T08:48:52.8401326Z ##[group]Run python automation/inject_mutation.py --error-type "ZeroDivisionError"
2026-09-23T08:48:52.8401965Z [36;1mpython automation/inject_mutation.py --error-type "ZeroDivisionError"[0m
2026-09-23T08:48:52.8425964Z shell: /usr/bin/bash -e {0}
2026-09-23T08:48:52.8426237Z env:
2026-09-23T08:48:52.8426696Z   pythonLocation: /opt/hostedtoolcache/Python/3.11.16/x64
2026-09-23T08:48:52.8427139Z   PKG_CONFIG_PATH: /opt/hostedtoolcache/Python/3.11.16/x64/lib/pkgconfig
2026-09-23T08:48:52.8427563Z   Python_ROOT_DIR: /opt/hostedtoolcache/Python/3.11.16/x64
2026-09-23T08:48:52.8427943Z   Python2_ROOT_DIR: /opt/hostedtoolcache/Python/3.11.16/x64
2026-09-23T08:48:52.8428331Z   Python3_ROOT_DIR: /opt/hostedtoolcache/Python/3.11.16/x64
2026-09-23T08:48:52.8428707Z   LD_LIBRARY_PATH: /opt/hostedtoolcache/Python/3.11.16/x64/lib
2026-09-23T08:48:52.8429060Z ##[endgroup]
2026-09-23T08:48:52.8688793Z [Mutation Injected] Successfully injected ZeroDivisionError into tests/test_app.py
2026-09-23T08:48:52.8752722Z ##[group]Run pytest tests/test_app.py -v
2026-09-23T08:48:52.8753058Z [36;1mpytest tests/test_app.py -v[0m
2026-09-23T08:48:52.8775398Z shell: /usr/bin/bash -e {0}
2026-09-23T08:48:52.8775674Z env:
2026-09-23T08:48:52.8775954Z   pythonLocation: /opt/hostedtoolcache/Python/3.11.16/x64
2026-09-23T08:48:52.8776396Z   PKG_CONFIG_PATH: /opt/hostedtoolcache/Python/3.11.16/x64/lib/pkgconfig
2026-09-23T08:48:52.8776813Z   Python_ROOT_DIR: /opt/hostedtoolcache/Python/3.11.16/x64
2026-09-23T08:48:52.8777193Z   Python2_ROOT_DIR: /opt/hostedtoolcache/Python/3.11.16/x64
2026-09-23T08:48:52.8777568Z   Python3_ROOT_DIR: /opt/hostedtoolcache/Python/3.11.16/x64
2026-09-23T08:48:52.8777938Z   LD_LIBRARY_PATH: /opt/hostedtoolcache/Python/3.11.16/x64/lib
2026-09-23T08:48:52.8778261Z ##[endgroup]
2026-09-23T08:48:53.2827127Z ============================= test session starts ==============================
2026-09-23T08:48:53.2828019Z platform linux -- Python 3.11.16, pytest-9.1.1, pluggy-1.6.0 -- /opt/hostedtoolcache/Python/3.11.16/x64/bin/python
2026-09-23T08:48:53.2828623Z cachedir: .pytest_cache
2026-09-23T08:48:53.2828981Z rootdir: /home/runner/work/log-generation/log-generation
2026-09-23T08:48:53.2829372Z configfile: pytest.ini
2026-09-23T08:48:53.2901877Z collecting ... collected 6 items
2026-09-23T08:48:53.2902215Z 
2026-09-23T08:48:53.2909020Z tests/test_app.py::test_calculate_division PASSED                        [ 16%]
2026-09-23T08:48:53.2914687Z tests/test_app.py::test_convert_to_int PASSED                            [ 33%]
2026-09-23T08:48:53.2920270Z tests/test_app.py::test_get_list_item PASSED                             [ 50%]
2026-09-23T08:48:53.2925545Z tests/test_app.py::test_get_dict_value PASSED                            [ 66%]
2026-09-23T08:48:53.2930659Z tests/test_app.py::test_assert_positive PASSED                           [ 83%]
2026-09-23T08:48:53.3163583Z tests/test_app.py::test_zero_division_error FAILED                       [100%]
2026-09-23T08:48:53.3164217Z 
2026-09-23T08:48:53.3164417Z =================================== FAILURES ===================================
2026-09-23T08:48:53.3164905Z ___________________________ test_zero_division_error ___________________________
2026-09-23T08:48:53.3165215Z 
2026-09-23T08:48:53.3165342Z     def test_zero_division_error():
2026-09-23T08:48:53.3165695Z         """Injected synthetic ZeroDivisionError."""
2026-09-23T08:48:53.3166116Z         from src.app import calculate_division
2026-09-23T08:48:53.3166468Z >       calculate_division(42, 0)
2026-09-23T08:48:53.3166669Z 
2026-09-23T08:48:53.3166796Z tests/test_app.py:139: 
2026-09-23T08:48:53.3167136Z _ _ _ _ _ _ _ _ _ _ _ _ _ _ _ _ _ _ _ _ _ _ _ _ _ _ _ _ _ _ _ _ _ _ _ _ _ _ _ _ 
2026-09-23T08:48:53.3167426Z 
2026-09-23T08:48:53.3167534Z a = 42, b = 0
2026-09-23T08:48:53.3167677Z 
2026-09-23T08:48:53.3167818Z     def calculate_division(a, b):
2026-09-23T08:48:53.3168117Z >       return a / b
2026-09-23T08:48:53.3168363Z                ^^^^^
2026-09-23T08:48:53.3168643Z E       ZeroDivisionError: division by zero
2026-09-23T08:48:53.3168883Z 
2026-09-23T08:48:53.3169009Z src/app.py:2: ZeroDivisionError
2026-09-23T08:48:53.3169386Z =========================== short test summary info ============================
2026-09-23T08:48:53.3169962Z FAILED tests/test_app.py::test_zero_division_error - ZeroDivisionError: division by zero
2026-09-23T08:48:53.3170961Z ========================= 1 failed, 5 passed in 0.02s ==========================
2026-09-23T08:48:53.3365128Z ##[error]Process completed with exit code 1.
2026-09-23T08:48:53.3499545Z Node 20 is being deprecated. This workflow is running with Node 24 by default. If you need to temporarily use Node 20, you can set the ACTIONS_ALLOW_USE_UNSECURE_NODE_VERSION=true environment variable. For more information see: https://github.blog/changelog/2025-09-19-deprecation-of-node-20-on-github-actions-runners/
2026-09-23T08:48:53.3500842Z Post job cleanup.
2026-09-23T08:48:53.4307654Z [command]/usr/bin/git version
2026-09-23T08:48:53.4344589Z git version 2.55.0
2026-09-23T08:48:53.4379965Z Temporarily overriding HOME='/home/runner/work/_temp/e892c713-69f8-45e1-aa10-9571a21e439b' before making global git config changes
2026-09-23T08:48:53.4381784Z Adding repository directory to the temporary git global config as a safe directory
2026-09-23T08:48:53.4386404Z [command]/usr/bin/git config --global --add safe.directory /home/runner/work/log-generation/log-generation
2026-09-23T08:48:53.4419943Z [command]/usr/bin/git config --local --name-only --get-regexp core\.sshCommand
2026-09-23T08:48:53.4450123Z [command]/usr/bin/git submodule foreach --recursive sh -c "git config --local --name-only --get-regexp 'core\.sshCommand' && git config --local --unset-all 'core.sshCommand' || :"
2026-09-23T08:48:53.4648936Z [command]/usr/bin/git config --local --name-only --get-regexp http\.https\:\/\/github\.com\/\.extraheader
2026-09-23T08:48:53.4670935Z http.https://github.com/.extraheader
2026-09-23T08:48:53.4680951Z [command]/usr/bin/git config --local --unset-all http.https://github.com/.extraheader
2026-09-23T08:48:53.4708286Z [command]/usr/bin/git submodule foreach --recursive sh -c "git config --local --name-only --get-regexp 'http\.https\:\/\/github\.com\/\.extraheader' && git config --local --unset-all 'http.https://github.com/.extraheader' || :"
2026-09-23T08:48:53.4913042Z [command]/usr/bin/git config --local --name-only --get-regexp ^includeIf\.gitdir:
2026-09-23T08:48:53.4946873Z [command]/usr/bin/git submodule foreach --recursive git config --local --show-origin --name-only --get-regexp remote.origin.url
2026-09-23T08:48:53.5451566Z Cleaning up orphan processes
2026-09-23T08:48:53.5680023Z ##[warning]Node.js 20 is deprecated. The following actions target Node.js 20 but are being forced to run on Node.js 24: actions/checkout@v4, actions/setup-python@v5. For more information see: https://github.blog/changelog/2025-09-19-deprecation-of-node-20-on-github-actions-runners/
