ï»¿2026-09-23T08:48:03.3808348Z Current runner version: '2.337.0'
2026-09-23T08:48:03.3829890Z ##[group]Runner Image Provisioner
2026-09-23T08:48:03.3830569Z Hosted Compute Agent
2026-09-23T08:48:03.3830959Z Version: 20260828.587
2026-09-23T08:48:03.3831383Z Commit: abac92662cab4cc7352de4f9f9d2e2419aad9c29
2026-09-23T08:48:03.3831828Z Build Date: 2026-08-28T16:44:25Z
2026-09-23T08:48:03.3832264Z Worker ID: {484c9e40-96ac-4a0a-9c89-5b913f3840ad}
2026-09-23T08:48:03.3832796Z Azure Region: westus3
2026-09-23T08:48:03.3833175Z ##[endgroup]
2026-09-23T08:48:03.3834283Z ##[group]Operating System
2026-09-23T08:48:03.3834670Z Ubuntu
2026-09-23T08:48:03.3835027Z 24.04.5
2026-09-23T08:48:03.3835382Z LTS
2026-09-23T08:48:03.3835727Z ##[endgroup]
2026-09-23T08:48:03.3836379Z ##[group]Runner Image
2026-09-23T08:48:03.3836808Z Image: ubuntu-24.04
2026-09-23T08:48:03.3837150Z Version: 20260907.300.1
2026-09-23T08:48:03.3837995Z Included Software: https://github.com/actions/runner-images/blob/ubuntu24/20260907.300/images/ubuntu/Ubuntu2404-Readme.md
2026-09-23T08:48:03.3838912Z Image Release: https://github.com/actions/runner-images/releases/tag/ubuntu24%2F20260907.300
2026-09-23T08:48:03.3839705Z ##[endgroup]
2026-09-23T08:48:03.3840479Z ##[group]GITHUB_TOKEN Permissions
2026-09-23T08:48:03.3842019Z Contents: read
2026-09-23T08:48:03.3842364Z Metadata: read
2026-09-23T08:48:03.3842755Z Packages: read
2026-09-23T08:48:03.3843130Z ##[endgroup]
2026-09-23T08:48:03.3844614Z Secret source: Actions
2026-09-23T08:48:03.3845259Z Cache mode: write
2026-09-23T08:48:03.3845936Z Prepare workflow directory
2026-09-23T08:48:03.5283455Z Prepare all required actions
2026-09-23T08:48:03.5333374Z Getting action download info
2026-09-23T08:48:03.8454132Z Download action repository 'actions/checkout@v4' (SHA:11d5960a326750d5838078e36cf38b85af677262)
2026-09-23T08:48:04.0782785Z Download action repository 'actions/setup-python@v5' (SHA:a26af69be951a213d495a4c3e4e4022e16d87065)
2026-09-23T08:48:04.3122024Z Complete job name: test-f3 (KeyError #20)
2026-09-23T08:48:04.3624807Z Node 20 is being deprecated. This workflow is running with Node 24 by default. If you need to temporarily use Node 20, you can set the ACTIONS_ALLOW_USE_UNSECURE_NODE_VERSION=true environment variable. For more information see: https://github.blog/changelog/2025-09-19-deprecation-of-node-20-on-github-actions-runners/
2026-09-23T08:48:04.3630426Z ##[group]Run actions/checkout@v4
2026-09-23T08:48:04.3630790Z with:
2026-09-23T08:48:04.3631033Z   fetch-depth: 1
2026-09-23T08:48:04.3631299Z   repository: DhruvHegde/log-generation
2026-09-23T08:48:04.3633551Z   token: ***
2026-09-23T08:48:04.3633789Z   ssh-strict: true
2026-09-23T08:48:04.3634031Z   ssh-user: git
2026-09-23T08:48:04.3634279Z   persist-credentials: true
2026-09-23T08:48:04.3634550Z   clean: true
2026-09-23T08:48:04.3634808Z   sparse-checkout-cone-mode: true
2026-09-23T08:48:04.3635098Z   fetch-tags: false
2026-09-23T08:48:04.3635392Z   show-progress: true
2026-09-23T08:48:04.3635640Z   lfs: false
2026-09-23T08:48:04.3635911Z   submodules: false
2026-09-23T08:48:04.3636173Z   set-safe-directory: true
2026-09-23T08:48:04.3636456Z   allow-unsafe-pr-checkout: false
2026-09-23T08:48:04.3636809Z ##[endgroup]
2026-09-23T08:48:04.4355476Z Syncing repository: DhruvHegde/log-generation
2026-09-23T08:48:04.4358744Z ##[group]Getting Git version info
2026-09-23T08:48:04.4359797Z Working directory is '/home/runner/work/log-generation/log-generation'
2026-09-23T08:48:04.4382294Z [command]/usr/bin/git version
2026-09-23T08:48:04.4487416Z git version 2.55.0
2026-09-23T08:48:04.4504008Z ##[endgroup]
2026-09-23T08:48:04.4518933Z Temporarily overriding HOME='/home/runner/work/_temp/77d2c7ac-9b9d-40be-ae23-5aaba0850225' before making global git config changes
2026-09-23T08:48:04.4522027Z Adding repository directory to the temporary git global config as a safe directory
2026-09-23T08:48:04.4523868Z [command]/usr/bin/git config --global --add safe.directory /home/runner/work/log-generation/log-generation
2026-09-23T08:48:04.5440521Z Deleting the contents of '/home/runner/work/log-generation/log-generation'
2026-09-23T08:48:04.5447932Z ##[group]Initializing the repository
2026-09-23T08:48:04.5448540Z [command]/usr/bin/git init /home/runner/work/log-generation/log-generation
2026-09-23T08:48:04.5879869Z hint: Using 'master' as the name for the initial branch. This default branch name
2026-09-23T08:48:04.5880584Z hint: will change to "main" in Git 3.0. To configure the initial branch name
2026-09-23T08:48:04.5881106Z hint: to use in all of your new repositories, which will suppress this warning,
2026-09-23T08:48:04.5881513Z hint: call:
2026-09-23T08:48:04.5881741Z hint:
2026-09-23T08:48:04.5882073Z hint: 	git config --global init.defaultBranch <name>
2026-09-23T08:48:04.5882418Z hint:
2026-09-23T08:48:04.5882740Z hint: Names commonly chosen instead of 'master' are 'main', 'trunk' and
2026-09-23T08:48:04.5883452Z hint: 'development'. The just-created branch can be renamed via this command:
2026-09-23T08:48:04.5884097Z hint:
2026-09-23T08:48:04.5884493Z hint: 	git branch -m <name>
2026-09-23T08:48:04.5884919Z hint:
2026-09-23T08:48:04.5885476Z hint: Disable this message with "git config set advice.defaultBranchName false"
2026-09-23T08:48:04.5886405Z Initialized empty Git repository in /home/runner/work/log-generation/log-generation/.git/
2026-09-23T08:48:04.5895932Z [command]/usr/bin/git remote add origin https://github.com/DhruvHegde/log-generation
2026-09-23T08:48:04.6346246Z ##[endgroup]
2026-09-23T08:48:04.6347149Z ##[group]Disabling automatic garbage collection
2026-09-23T08:48:04.6350800Z [command]/usr/bin/git config --local gc.auto 0
2026-09-23T08:48:04.6839411Z ##[endgroup]
2026-09-23T08:48:04.6840137Z ##[group]Setting up auth
2026-09-23T08:48:04.6845561Z [command]/usr/bin/git config --local --name-only --get-regexp core\.sshCommand
2026-09-23T08:48:04.6881191Z [command]/usr/bin/git submodule foreach --recursive sh -c "git config --local --name-only --get-regexp 'core\.sshCommand' && git config --local --unset-all 'core.sshCommand' || :"
2026-09-23T08:48:04.7227081Z [command]/usr/bin/git config --local --name-only --get-regexp http\.https\:\/\/github\.com\/\.extraheader
2026-09-23T08:48:04.7257955Z [command]/usr/bin/git submodule foreach --recursive sh -c "git config --local --name-only --get-regexp 'http\.https\:\/\/github\.com\/\.extraheader' && git config --local --unset-all 'http.https://github.com/.extraheader' || :"
2026-09-23T08:48:04.7447311Z [command]/usr/bin/git config --local --name-only --get-regexp ^includeIf\.gitdir:
2026-09-23T08:48:04.7481926Z [command]/usr/bin/git submodule foreach --recursive git config --local --show-origin --name-only --get-regexp remote.origin.url
2026-09-23T08:48:04.7672069Z [command]/usr/bin/git config --local http.https://github.com/.extraheader AUTHORIZATION: basic ***
2026-09-23T08:48:04.8535015Z ##[endgroup]
2026-09-23T08:48:04.8535826Z ##[group]Fetching the repository
2026-09-23T08:48:04.8543996Z [command]/usr/bin/git -c protocol.version=2 fetch --no-tags --prune --no-recurse-submodules --depth=1 origin +43f20917de93b9aad51cf79a69ad5239c5632917:refs/remotes/origin/feature/f3-test-failures
2026-09-23T08:48:05.7839590Z From https://github.com/DhruvHegde/log-generation
2026-09-23T08:48:05.7840487Z  * [new ref]         43f20917de93b9aad51cf79a69ad5239c5632917 -> origin/feature/f3-test-failures
2026-09-23T08:48:05.7843551Z ##[endgroup]
2026-09-23T08:48:05.7844349Z ##[group]Determining the checkout info
2026-09-23T08:48:05.7845489Z ##[endgroup]
2026-09-23T08:48:05.7850780Z [command]/usr/bin/git sparse-checkout disable
2026-09-23T08:48:05.8779603Z [command]/usr/bin/git config --local --unset-all extensions.worktreeConfig
2026-09-23T08:48:05.8981550Z ##[group]Checking out the ref
2026-09-23T08:48:05.8986260Z [command]/usr/bin/git checkout --progress --force -B feature/f3-test-failures refs/remotes/origin/feature/f3-test-failures
2026-09-23T08:48:06.0895173Z Switched to a new branch 'feature/f3-test-failures'
2026-09-23T08:48:06.0897282Z branch 'feature/f3-test-failures' set up to track 'origin/feature/f3-test-failures'.
2026-09-23T08:48:06.0905922Z ##[endgroup]
2026-09-23T08:48:06.1097687Z [command]/usr/bin/git log -1 --format=%H
2026-09-23T08:48:06.1124888Z 43f20917de93b9aad51cf79a69ad5239c5632917
2026-09-23T08:48:06.1326835Z Node 20 is being deprecated. This workflow is running with Node 24 by default. If you need to temporarily use Node 20, you can set the ACTIONS_ALLOW_USE_UNSECURE_NODE_VERSION=true environment variable. For more information see: https://github.blog/changelog/2025-09-19-deprecation-of-node-20-on-github-actions-runners/
2026-09-23T08:48:06.1328214Z ##[group]Run actions/setup-python@v5
2026-09-23T08:48:06.1328399Z with:
2026-09-23T08:48:06.1328550Z   python-version: 3.11
2026-09-23T08:48:06.1328717Z   check-latest: false
2026-09-23T08:48:06.1330476Z   token: ***
2026-09-23T08:48:06.1330634Z   update-environment: true
2026-09-23T08:48:06.1330807Z   allow-prereleases: false
2026-09-23T08:48:06.1331005Z   freethreaded: false
2026-09-23T08:48:06.1331163Z ##[endgroup]
2026-09-23T08:48:06.2274299Z ##[group]Installed versions
2026-09-23T08:48:06.2356984Z (node:2029) [DEP0040] DeprecationWarning: The `punycode` module is deprecated. Please use a userland alternative instead.
2026-09-23T08:48:06.2357711Z (Use `node --trace-deprecation ...` to show where the warning was created)
2026-09-23T08:48:06.2358149Z Successfully set up CPython (3.11.16)
2026-09-23T08:48:06.2358658Z ##[endgroup]
2026-09-23T08:48:06.2544413Z ##[group]Run pip install --no-cache-dir pytest
2026-09-23T08:48:06.2545005Z [36;1mpip install --no-cache-dir pytest[0m
2026-09-23T08:48:06.2611375Z shell: /usr/bin/bash -e {0}
2026-09-23T08:48:06.2611832Z env:
2026-09-23T08:48:06.2685930Z   pythonLocation: /opt/hostedtoolcache/Python/3.11.16/x64
2026-09-23T08:48:06.2686350Z   PKG_CONFIG_PATH: /opt/hostedtoolcache/Python/3.11.16/x64/lib/pkgconfig
2026-09-23T08:48:06.2686672Z   Python_ROOT_DIR: /opt/hostedtoolcache/Python/3.11.16/x64
2026-09-23T08:48:06.2686950Z   Python2_ROOT_DIR: /opt/hostedtoolcache/Python/3.11.16/x64
2026-09-23T08:48:06.2687234Z   Python3_ROOT_DIR: /opt/hostedtoolcache/Python/3.11.16/x64
2026-09-23T08:48:06.2687592Z   LD_LIBRARY_PATH: /opt/hostedtoolcache/Python/3.11.16/x64/lib
2026-09-23T08:48:06.2687808Z ##[endgroup]
2026-09-23T08:48:08.3711116Z Collecting pytest
2026-09-23T08:48:08.4326220Z   Downloading pytest-9.1.1-py3-none-any.whl.metadata (7.6 kB)
2026-09-23T08:48:08.4395158Z Collecting iniconfig>=1.0.1 (from pytest)
2026-09-23T08:48:08.4495276Z   Downloading iniconfig-2.3.0-py3-none-any.whl.metadata (2.5 kB)
2026-09-23T08:48:08.4571493Z Collecting packaging>=22 (from pytest)
2026-09-23T08:48:08.4669879Z   Downloading packaging-26.3-py3-none-any.whl.metadata (3.5 kB)
2026-09-23T08:48:08.4732814Z Collecting pluggy<2,>=1.5 (from pytest)
2026-09-23T08:48:08.4831834Z   Downloading pluggy-1.6.0-py3-none-any.whl.metadata (4.8 kB)
2026-09-23T08:48:08.4927510Z Collecting pygments>=2.7.2 (from pytest)
2026-09-23T08:48:08.5029766Z   Downloading pygments-2.21.0-py3-none-any.whl.metadata (2.5 kB)
2026-09-23T08:48:08.5148884Z Downloading pytest-9.1.1-py3-none-any.whl (386 kB)
2026-09-23T08:48:08.5565596Z Downloading pluggy-1.6.0-py3-none-any.whl (20 kB)
2026-09-23T08:48:08.5667922Z Downloading iniconfig-2.3.0-py3-none-any.whl (7.5 kB)
2026-09-23T08:48:08.5768763Z Downloading packaging-26.3-py3-none-any.whl (129 kB)
2026-09-23T08:48:08.5879818Z Downloading pygments-2.21.0-py3-none-any.whl (1.3 MB)
2026-09-23T08:48:08.6164484Z    ââââââââââââââââââââââââââââââââââââââââ 1.3/1.3 MB 56.1 MB/s  0:00:00
2026-09-23T08:48:08.7552536Z Installing collected packages: pygments, pluggy, packaging, iniconfig, pytest
2026-09-23T08:48:09.4022034Z 
2026-09-23T08:48:09.4029405Z Successfully installed iniconfig-2.3.0 packaging-26.3 pluggy-1.6.0 pygments-2.21.0 pytest-9.1.1
2026-09-23T08:48:09.4641990Z ##[group]Run python automation/inject_mutation.py --error-type "KeyError"
2026-09-23T08:48:09.4642341Z [36;1mpython automation/inject_mutation.py --error-type "KeyError"[0m
2026-09-23T08:48:09.4675592Z shell: /usr/bin/bash -e {0}
2026-09-23T08:48:09.4675740Z env:
2026-09-23T08:48:09.4675899Z   pythonLocation: /opt/hostedtoolcache/Python/3.11.16/x64
2026-09-23T08:48:09.4676317Z   PKG_CONFIG_PATH: /opt/hostedtoolcache/Python/3.11.16/x64/lib/pkgconfig
2026-09-23T08:48:09.4676553Z   Python_ROOT_DIR: /opt/hostedtoolcache/Python/3.11.16/x64
2026-09-23T08:48:09.4676769Z   Python2_ROOT_DIR: /opt/hostedtoolcache/Python/3.11.16/x64
2026-09-23T08:48:09.4676989Z   Python3_ROOT_DIR: /opt/hostedtoolcache/Python/3.11.16/x64
2026-09-23T08:48:09.4677207Z   LD_LIBRARY_PATH: /opt/hostedtoolcache/Python/3.11.16/x64/lib
2026-09-23T08:48:09.4677426Z ##[endgroup]
2026-09-23T08:48:09.4893712Z [Mutation Injected] Successfully injected KeyError into tests/test_app.py
2026-09-23T08:48:09.4951490Z ##[group]Run pytest tests/test_app.py -v
2026-09-23T08:48:09.4951719Z [36;1mpytest tests/test_app.py -v[0m
2026-09-23T08:48:09.4984503Z shell: /usr/bin/bash -e {0}
2026-09-23T08:48:09.4984652Z env:
2026-09-23T08:48:09.4984815Z   pythonLocation: /opt/hostedtoolcache/Python/3.11.16/x64
2026-09-23T08:48:09.4985061Z   PKG_CONFIG_PATH: /opt/hostedtoolcache/Python/3.11.16/x64/lib/pkgconfig
2026-09-23T08:48:09.4985312Z   Python_ROOT_DIR: /opt/hostedtoolcache/Python/3.11.16/x64
2026-09-23T08:48:09.4985529Z   Python2_ROOT_DIR: /opt/hostedtoolcache/Python/3.11.16/x64
2026-09-23T08:48:09.4985743Z   Python3_ROOT_DIR: /opt/hostedtoolcache/Python/3.11.16/x64
2026-09-23T08:48:09.4985962Z   LD_LIBRARY_PATH: /opt/hostedtoolcache/Python/3.11.16/x64/lib
2026-09-23T08:48:09.4986148Z ##[endgroup]
2026-09-23T08:48:09.7848404Z ============================= test session starts ==============================
2026-09-23T08:48:09.7849244Z platform linux -- Python 3.11.16, pytest-9.1.1, pluggy-1.6.0 -- /opt/hostedtoolcache/Python/3.11.16/x64/bin/python
2026-09-23T08:48:09.7849681Z cachedir: .pytest_cache
2026-09-23T08:48:09.7849955Z rootdir: /home/runner/work/log-generation/log-generation
2026-09-23T08:48:09.7850390Z configfile: pytest.ini
2026-09-23T08:48:09.7908547Z collecting ... collected 6 items
2026-09-23T08:48:09.7914456Z 
2026-09-23T08:48:09.7914900Z tests/test_app.py::test_calculate_division PASSED                        [ 16%]
2026-09-23T08:48:09.7918699Z tests/test_app.py::test_convert_to_int PASSED                            [ 33%]
2026-09-23T08:48:09.7923728Z tests/test_app.py::test_get_list_item PASSED                             [ 50%]
2026-09-23T08:48:09.7927942Z tests/test_app.py::test_get_dict_value PASSED                            [ 66%]
2026-09-23T08:48:09.7932145Z tests/test_app.py::test_assert_positive PASSED                           [ 83%]
2026-09-23T08:48:09.8175906Z tests/test_app.py::test_key_error FAILED                                 [100%]
2026-09-23T08:48:09.8176503Z 
2026-09-23T08:48:09.8176674Z =================================== FAILURES ===================================
2026-09-23T08:48:09.8177124Z ________________________________ test_key_error ________________________________
2026-09-23T08:48:09.8177401Z 
2026-09-23T08:48:09.8177672Z     def test_key_error():
2026-09-23T08:48:09.8177912Z         """Injected synthetic KeyError."""
2026-09-23T08:48:09.8178255Z         from src.app import get_dict_value
2026-09-23T08:48:09.8178556Z         config = {"env": "staging", "retries": 3}
2026-09-23T08:48:09.8178901Z >       get_dict_value(config, "missing_auth_token")
2026-09-23T08:48:09.8179443Z 
2026-09-23T08:48:09.8179744Z tests/test_app.py:140: 
2026-09-23T08:48:09.8180032Z _ _ _ _ _ _ _ _ _ _ _ _ _ _ _ _ _ _ _ _ _ _ _ _ _ _ _ _ _ _ _ _ _ _ _ _ _ _ _ _ 
2026-09-23T08:48:09.8180248Z 
2026-09-23T08:48:09.8180380Z d = {'env': 'staging', 'retries': 3}, key = 'missing_auth_token'
2026-09-23T08:48:09.8180600Z 
2026-09-23T08:48:09.8180693Z     def get_dict_value(d, key):
2026-09-23T08:48:09.8180918Z >       return d[key]
2026-09-23T08:48:09.8181107Z                ^^^^^^
2026-09-23T08:48:09.8181307Z E       KeyError: 'missing_auth_token'
2026-09-23T08:48:09.8181469Z 
2026-09-23T08:48:09.8181666Z src/app.py:11: KeyError
2026-09-23T08:48:09.8181921Z =========================== short test summary info ============================
2026-09-23T08:48:09.8182397Z FAILED tests/test_app.py::test_key_error - KeyError: 'missing_auth_token'
2026-09-23T08:48:09.8183237Z ========================= 1 failed, 5 passed in 0.02s ==========================
2026-09-23T08:48:09.8387868Z ##[error]Process completed with exit code 1.
2026-09-23T08:48:09.8482692Z Node 20 is being deprecated. This workflow is running with Node 24 by default. If you need to temporarily use Node 20, you can set the ACTIONS_ALLOW_USE_UNSECURE_NODE_VERSION=true environment variable. For more information see: https://github.blog/changelog/2025-09-19-deprecation-of-node-20-on-github-actions-runners/
2026-09-23T08:48:09.8483358Z Post job cleanup.
2026-09-23T08:48:09.9114356Z [command]/usr/bin/git version
2026-09-23T08:48:09.9141410Z git version 2.55.0
2026-09-23T08:48:09.9165207Z Temporarily overriding HOME='/home/runner/work/_temp/3fda0548-0a8f-4380-9af9-0840b6240c9c' before making global git config changes
2026-09-23T08:48:09.9166019Z Adding repository directory to the temporary git global config as a safe directory
2026-09-23T08:48:09.9169258Z [command]/usr/bin/git config --global --add safe.directory /home/runner/work/log-generation/log-generation
2026-09-23T08:48:09.9204313Z [command]/usr/bin/git config --local --name-only --get-regexp core\.sshCommand
2026-09-23T08:48:09.9240312Z [command]/usr/bin/git submodule foreach --recursive sh -c "git config --local --name-only --get-regexp 'core\.sshCommand' && git config --local --unset-all 'core.sshCommand' || :"
2026-09-23T08:48:09.9451786Z [command]/usr/bin/git config --local --name-only --get-regexp http\.https\:\/\/github\.com\/\.extraheader
2026-09-23T08:48:09.9480630Z http.https://github.com/.extraheader
2026-09-23T08:48:09.9489958Z [command]/usr/bin/git config --local --unset-all http.https://github.com/.extraheader
2026-09-23T08:48:09.9527170Z [command]/usr/bin/git submodule foreach --recursive sh -c "git config --local --name-only --get-regexp 'http\.https\:\/\/github\.com\/\.extraheader' && git config --local --unset-all 'http.https://github.com/.extraheader' || :"
2026-09-23T08:48:09.9753476Z [command]/usr/bin/git config --local --name-only --get-regexp ^includeIf\.gitdir:
2026-09-23T08:48:09.9787084Z [command]/usr/bin/git submodule foreach --recursive git config --local --show-origin --name-only --get-regexp remote.origin.url
2026-09-23T08:48:10.0102665Z Cleaning up orphan processes
2026-09-23T08:48:10.0304029Z ##[warning]Node.js 20 is deprecated. The following actions target Node.js 20 but are being forced to run on Node.js 24: actions/checkout@v4, actions/setup-python@v5. For more information see: https://github.blog/changelog/2025-09-19-deprecation-of-node-20-on-github-actions-runners/
