ï»¿2026-09-23T08:48:46.2047669Z Current runner version: '2.337.0'
2026-09-23T08:48:46.2068891Z ##[group]Runner Image Provisioner
2026-09-23T08:48:46.2069694Z Hosted Compute Agent
2026-09-23T08:48:46.2070193Z Version: 20260828.587
2026-09-23T08:48:46.2070836Z Commit: abac92662cab4cc7352de4f9f9d2e2419aad9c29
2026-09-23T08:48:46.2071488Z Build Date: 2026-08-28T16:44:25Z
2026-09-23T08:48:46.2072147Z Worker ID: {3001142f-5551-47a0-afdd-73e3dcb45521}
2026-09-23T08:48:46.2072790Z Azure Region: centralus
2026-09-23T08:48:46.2073345Z ##[endgroup]
2026-09-23T08:48:46.2075215Z ##[group]Operating System
2026-09-23T08:48:46.2075790Z Ubuntu
2026-09-23T08:48:46.2076336Z 24.04.5
2026-09-23T08:48:46.2076858Z LTS
2026-09-23T08:48:46.2077644Z ##[endgroup]
2026-09-23T08:48:46.2078236Z ##[group]Runner Image
2026-09-23T08:48:46.2078765Z Image: ubuntu-24.04
2026-09-23T08:48:46.2079311Z Version: 20260907.300.1
2026-09-23T08:48:46.2080483Z Included Software: https://github.com/actions/runner-images/blob/ubuntu24/20260907.300/images/ubuntu/Ubuntu2404-Readme.md
2026-09-23T08:48:46.2081941Z Image Release: https://github.com/actions/runner-images/releases/tag/ubuntu24%2F20260907.300
2026-09-23T08:48:46.2082819Z ##[endgroup]
2026-09-23T08:48:46.2083960Z ##[group]GITHUB_TOKEN Permissions
2026-09-23T08:48:46.2086221Z Contents: read
2026-09-23T08:48:46.2086825Z Metadata: read
2026-09-23T08:48:46.2087318Z Packages: read
2026-09-23T08:48:46.2087791Z ##[endgroup]
2026-09-23T08:48:46.2089868Z Secret source: Actions
2026-09-23T08:48:46.2090707Z Cache mode: write
2026-09-23T08:48:46.2091746Z Prepare workflow directory
2026-09-23T08:48:46.2321404Z Prepare all required actions
2026-09-23T08:48:46.2351538Z Getting action download info
2026-09-23T08:48:46.4734488Z Download action repository 'actions/checkout@v4' (SHA:11d5960a326750d5838078e36cf38b85af677262)
2026-09-23T08:48:46.5929801Z Download action repository 'actions/setup-python@v5' (SHA:a26af69be951a213d495a4c3e4e4022e16d87065)
2026-09-23T08:48:46.8101095Z Complete job name: test-f3 (FileNotFoundError #69)
2026-09-23T08:48:46.8536249Z Node 20 is being deprecated. This workflow is running with Node 24 by default. If you need to temporarily use Node 20, you can set the ACTIONS_ALLOW_USE_UNSECURE_NODE_VERSION=true environment variable. For more information see: https://github.blog/changelog/2025-09-19-deprecation-of-node-20-on-github-actions-runners/
2026-09-23T08:48:46.8541533Z ##[group]Run actions/checkout@v4
2026-09-23T08:48:46.8541896Z with:
2026-09-23T08:48:46.8542127Z   fetch-depth: 1
2026-09-23T08:48:46.8542389Z   repository: DhruvHegde/log-generation
2026-09-23T08:48:46.8544483Z   token: ***
2026-09-23T08:48:46.8544713Z   ssh-strict: true
2026-09-23T08:48:46.8544949Z   ssh-user: git
2026-09-23T08:48:46.8545317Z   persist-credentials: true
2026-09-23T08:48:46.8545587Z   clean: true
2026-09-23T08:48:46.8545836Z   sparse-checkout-cone-mode: true
2026-09-23T08:48:46.8546122Z   fetch-tags: false
2026-09-23T08:48:46.8546366Z   show-progress: true
2026-09-23T08:48:46.8546609Z   lfs: false
2026-09-23T08:48:46.8546863Z   submodules: false
2026-09-23T08:48:46.8547121Z   set-safe-directory: true
2026-09-23T08:48:46.8547401Z   allow-unsafe-pr-checkout: false
2026-09-23T08:48:46.8547756Z ##[endgroup]
2026-09-23T08:48:46.9183462Z Syncing repository: DhruvHegde/log-generation
2026-09-23T08:48:46.9185344Z ##[group]Getting Git version info
2026-09-23T08:48:46.9185999Z Working directory is '/home/runner/work/log-generation/log-generation'
2026-09-23T08:48:46.9186918Z [command]/usr/bin/git version
2026-09-23T08:48:46.9286587Z git version 2.55.0
2026-09-23T08:48:46.9299160Z ##[endgroup]
2026-09-23T08:48:46.9310266Z Temporarily overriding HOME='/home/runner/work/_temp/e118fc9d-f3fe-4812-9265-73d2007e0c6e' before making global git config changes
2026-09-23T08:48:46.9311586Z Adding repository directory to the temporary git global config as a safe directory
2026-09-23T08:48:46.9314006Z [command]/usr/bin/git config --global --add safe.directory /home/runner/work/log-generation/log-generation
2026-09-23T08:48:46.9360519Z Deleting the contents of '/home/runner/work/log-generation/log-generation'
2026-09-23T08:48:46.9364120Z ##[group]Initializing the repository
2026-09-23T08:48:46.9372381Z [command]/usr/bin/git init /home/runner/work/log-generation/log-generation
2026-09-23T08:48:46.9479147Z hint: Using 'master' as the name for the initial branch. This default branch name
2026-09-23T08:48:46.9480159Z hint: will change to "main" in Git 3.0. To configure the initial branch name
2026-09-23T08:48:46.9481011Z hint: to use in all of your new repositories, which will suppress this warning,
2026-09-23T08:48:46.9481707Z hint: call:
2026-09-23T08:48:46.9482266Z hint:
2026-09-23T08:48:46.9482874Z hint: 	git config --global init.defaultBranch <name>
2026-09-23T08:48:46.9483714Z hint:
2026-09-23T08:48:46.9484336Z hint: Names commonly chosen instead of 'master' are 'main', 'trunk' and
2026-09-23T08:48:46.9485326Z hint: 'development'. The just-created branch can be renamed via this command:
2026-09-23T08:48:46.9486009Z hint:
2026-09-23T08:48:46.9486404Z hint: 	git branch -m <name>
2026-09-23T08:48:46.9486838Z hint:
2026-09-23T08:48:46.9487358Z hint: Disable this message with "git config set advice.defaultBranchName false"
2026-09-23T08:48:46.9488264Z Initialized empty Git repository in /home/runner/work/log-generation/log-generation/.git/
2026-09-23T08:48:46.9491974Z [command]/usr/bin/git remote add origin https://github.com/DhruvHegde/log-generation
2026-09-23T08:48:46.9559098Z ##[endgroup]
2026-09-23T08:48:46.9559811Z ##[group]Disabling automatic garbage collection
2026-09-23T08:48:46.9561602Z [command]/usr/bin/git config --local gc.auto 0
2026-09-23T08:48:46.9588920Z ##[endgroup]
2026-09-23T08:48:46.9589551Z ##[group]Setting up auth
2026-09-23T08:48:46.9594146Z [command]/usr/bin/git config --local --name-only --get-regexp core\.sshCommand
2026-09-23T08:48:46.9623653Z [command]/usr/bin/git submodule foreach --recursive sh -c "git config --local --name-only --get-regexp 'core\.sshCommand' && git config --local --unset-all 'core.sshCommand' || :"
2026-09-23T08:48:46.9927013Z [command]/usr/bin/git config --local --name-only --get-regexp http\.https\:\/\/github\.com\/\.extraheader
2026-09-23T08:48:46.9954266Z [command]/usr/bin/git submodule foreach --recursive sh -c "git config --local --name-only --get-regexp 'http\.https\:\/\/github\.com\/\.extraheader' && git config --local --unset-all 'http.https://github.com/.extraheader' || :"
2026-09-23T08:48:47.0129858Z [command]/usr/bin/git config --local --name-only --get-regexp ^includeIf\.gitdir:
2026-09-23T08:48:47.0157510Z [command]/usr/bin/git submodule foreach --recursive git config --local --show-origin --name-only --get-regexp remote.origin.url
2026-09-23T08:48:47.0328346Z [command]/usr/bin/git config --local http.https://github.com/.extraheader AUTHORIZATION: basic ***
2026-09-23T08:48:47.0403625Z ##[endgroup]
2026-09-23T08:48:47.0404110Z ##[group]Fetching the repository
2026-09-23T08:48:47.0405303Z [command]/usr/bin/git -c protocol.version=2 fetch --no-tags --prune --no-recurse-submodules --depth=1 origin +43f20917de93b9aad51cf79a69ad5239c5632917:refs/remotes/origin/feature/f3-test-failures
2026-09-23T08:48:47.5883702Z From https://github.com/DhruvHegde/log-generation
2026-09-23T08:48:47.5885222Z  * [new ref]         43f20917de93b9aad51cf79a69ad5239c5632917 -> origin/feature/f3-test-failures
2026-09-23T08:48:47.5887918Z ##[endgroup]
2026-09-23T08:48:47.5888836Z ##[group]Determining the checkout info
2026-09-23T08:48:47.5889898Z ##[endgroup]
2026-09-23T08:48:47.5894295Z [command]/usr/bin/git sparse-checkout disable
2026-09-23T08:48:47.5935844Z [command]/usr/bin/git config --local --unset-all extensions.worktreeConfig
2026-09-23T08:48:47.5960991Z ##[group]Checking out the ref
2026-09-23T08:48:47.5970674Z [command]/usr/bin/git checkout --progress --force -B feature/f3-test-failures refs/remotes/origin/feature/f3-test-failures
2026-09-23T08:48:47.6248545Z Switched to a new branch 'feature/f3-test-failures'
2026-09-23T08:48:47.6253671Z branch 'feature/f3-test-failures' set up to track 'origin/feature/f3-test-failures'.
2026-09-23T08:48:47.6259083Z ##[endgroup]
2026-09-23T08:48:47.6291616Z [command]/usr/bin/git log -1 --format=%H
2026-09-23T08:48:47.6312251Z 43f20917de93b9aad51cf79a69ad5239c5632917
2026-09-23T08:48:47.6552299Z Node 20 is being deprecated. This workflow is running with Node 24 by default. If you need to temporarily use Node 20, you can set the ACTIONS_ALLOW_USE_UNSECURE_NODE_VERSION=true environment variable. For more information see: https://github.blog/changelog/2025-09-19-deprecation-of-node-20-on-github-actions-runners/
2026-09-23T08:48:47.6555828Z ##[group]Run actions/setup-python@v5
2026-09-23T08:48:47.6556452Z with:
2026-09-23T08:48:47.6556924Z   python-version: 3.11
2026-09-23T08:48:47.6557462Z   check-latest: false
2026-09-23T08:48:47.6562975Z   token: ***
2026-09-23T08:48:47.6563471Z   update-environment: true
2026-09-23T08:48:47.6564056Z   allow-prereleases: false
2026-09-23T08:48:47.6564629Z   freethreaded: false
2026-09-23T08:48:47.6565264Z ##[endgroup]
2026-09-23T08:48:47.7398429Z ##[group]Installed versions
2026-09-23T08:48:47.8118702Z (node:2041) [DEP0040] DeprecationWarning: The `punycode` module is deprecated. Please use a userland alternative instead.
2026-09-23T08:48:47.8119585Z (Use `node --trace-deprecation ...` to show where the warning was created)
2026-09-23T08:48:47.8119964Z Successfully set up CPython (3.11.16)
2026-09-23T08:48:47.8120469Z ##[endgroup]
2026-09-23T08:48:47.8248436Z ##[group]Run pip install --no-cache-dir pytest
2026-09-23T08:48:47.8248896Z [36;1mpip install --no-cache-dir pytest[0m
2026-09-23T08:48:47.8351964Z shell: /usr/bin/bash -e {0}
2026-09-23T08:48:47.8352326Z env:
2026-09-23T08:48:47.8352632Z   pythonLocation: /opt/hostedtoolcache/Python/3.11.16/x64
2026-09-23T08:48:47.8353021Z   PKG_CONFIG_PATH: /opt/hostedtoolcache/Python/3.11.16/x64/lib/pkgconfig
2026-09-23T08:48:47.8353388Z   Python_ROOT_DIR: /opt/hostedtoolcache/Python/3.11.16/x64
2026-09-23T08:48:47.8353732Z   Python2_ROOT_DIR: /opt/hostedtoolcache/Python/3.11.16/x64
2026-09-23T08:48:47.8354098Z   Python3_ROOT_DIR: /opt/hostedtoolcache/Python/3.11.16/x64
2026-09-23T08:48:47.8408057Z   LD_LIBRARY_PATH: /opt/hostedtoolcache/Python/3.11.16/x64/lib
2026-09-23T08:48:47.8408389Z ##[endgroup]
2026-09-23T08:48:51.1141647Z Collecting pytest
2026-09-23T08:48:51.1870068Z   Downloading pytest-9.1.1-py3-none-any.whl.metadata (7.6 kB)
2026-09-23T08:48:51.2018202Z Collecting iniconfig>=1.0.1 (from pytest)
2026-09-23T08:48:51.2169163Z   Downloading iniconfig-2.3.0-py3-none-any.whl.metadata (2.5 kB)
2026-09-23T08:48:51.2330560Z Collecting packaging>=22 (from pytest)
2026-09-23T08:48:51.2486527Z   Downloading packaging-26.3-py3-none-any.whl.metadata (3.5 kB)
2026-09-23T08:48:51.2632250Z Collecting pluggy<2,>=1.5 (from pytest)
2026-09-23T08:48:51.2781873Z   Downloading pluggy-1.6.0-py3-none-any.whl.metadata (4.8 kB)
2026-09-23T08:48:51.2967164Z Collecting pygments>=2.7.2 (from pytest)
2026-09-23T08:48:51.3116688Z   Downloading pygments-2.21.0-py3-none-any.whl.metadata (2.5 kB)
2026-09-23T08:48:51.3280662Z Downloading pytest-9.1.1-py3-none-any.whl (386 kB)
2026-09-23T08:48:51.3933569Z Downloading pluggy-1.6.0-py3-none-any.whl (20 kB)
2026-09-23T08:48:51.4084259Z Downloading iniconfig-2.3.0-py3-none-any.whl (7.5 kB)
2026-09-23T08:48:51.4232564Z Downloading packaging-26.3-py3-none-any.whl (129 kB)
2026-09-23T08:48:51.4402436Z Downloading pygments-2.21.0-py3-none-any.whl (1.3 MB)
2026-09-23T08:48:51.4740968Z    ââââââââââââââââââââââââââââââââââââââââ 1.3/1.3 MB 34.0 MB/s  0:00:00
2026-09-23T08:48:51.6452983Z Installing collected packages: pygments, pluggy, packaging, iniconfig, pytest
2026-09-23T08:48:52.2286870Z 
2026-09-23T08:48:52.2293963Z Successfully installed iniconfig-2.3.0 packaging-26.3 pluggy-1.6.0 pygments-2.21.0 pytest-9.1.1
2026-09-23T08:48:52.2709833Z ##[group]Run python automation/inject_mutation.py --error-type "FileNotFoundError"
2026-09-23T08:48:52.2710208Z [36;1mpython automation/inject_mutation.py --error-type "FileNotFoundError"[0m
2026-09-23T08:48:52.2743109Z shell: /usr/bin/bash -e {0}
2026-09-23T08:48:52.2743256Z env:
2026-09-23T08:48:52.2743574Z   pythonLocation: /opt/hostedtoolcache/Python/3.11.16/x64
2026-09-23T08:48:52.2743819Z   PKG_CONFIG_PATH: /opt/hostedtoolcache/Python/3.11.16/x64/lib/pkgconfig
2026-09-23T08:48:52.2744058Z   Python_ROOT_DIR: /opt/hostedtoolcache/Python/3.11.16/x64
2026-09-23T08:48:52.2744273Z   Python2_ROOT_DIR: /opt/hostedtoolcache/Python/3.11.16/x64
2026-09-23T08:48:52.2744502Z   Python3_ROOT_DIR: /opt/hostedtoolcache/Python/3.11.16/x64
2026-09-23T08:48:52.2744722Z   LD_LIBRARY_PATH: /opt/hostedtoolcache/Python/3.11.16/x64/lib
2026-09-23T08:48:52.2744922Z ##[endgroup]
2026-09-23T08:48:52.2956927Z [Mutation Injected] Successfully injected FileNotFoundError into tests/test_app.py
2026-09-23T08:48:52.3005920Z ##[group]Run pytest tests/test_app.py -v
2026-09-23T08:48:52.3006125Z [36;1mpytest tests/test_app.py -v[0m
2026-09-23T08:48:52.3033810Z shell: /usr/bin/bash -e {0}
2026-09-23T08:48:52.3033952Z env:
2026-09-23T08:48:52.3034110Z   pythonLocation: /opt/hostedtoolcache/Python/3.11.16/x64
2026-09-23T08:48:52.3034366Z   PKG_CONFIG_PATH: /opt/hostedtoolcache/Python/3.11.16/x64/lib/pkgconfig
2026-09-23T08:48:52.3034604Z   Python_ROOT_DIR: /opt/hostedtoolcache/Python/3.11.16/x64
2026-09-23T08:48:52.3034819Z   Python2_ROOT_DIR: /opt/hostedtoolcache/Python/3.11.16/x64
2026-09-23T08:48:52.3035157Z   Python3_ROOT_DIR: /opt/hostedtoolcache/Python/3.11.16/x64
2026-09-23T08:48:52.3035379Z   LD_LIBRARY_PATH: /opt/hostedtoolcache/Python/3.11.16/x64/lib
2026-09-23T08:48:52.3035563Z ##[endgroup]
2026-09-23T08:48:52.6432574Z ============================= test session starts ==============================
2026-09-23T08:48:52.6433192Z platform linux -- Python 3.11.16, pytest-9.1.1, pluggy-1.6.0 -- /opt/hostedtoolcache/Python/3.11.16/x64/bin/python
2026-09-23T08:48:52.6433652Z cachedir: .pytest_cache
2026-09-23T08:48:52.6433926Z rootdir: /home/runner/work/log-generation/log-generation
2026-09-23T08:48:52.6434224Z configfile: pytest.ini
2026-09-23T08:48:52.6483927Z collecting ... collected 6 items
2026-09-23T08:48:52.6484086Z 
2026-09-23T08:48:52.6489271Z tests/test_app.py::test_calculate_division PASSED                        [ 16%]
2026-09-23T08:48:52.6492904Z tests/test_app.py::test_convert_to_int PASSED                            [ 33%]
2026-09-23T08:48:52.6496928Z tests/test_app.py::test_get_list_item PASSED                             [ 50%]
2026-09-23T08:48:52.6500362Z tests/test_app.py::test_get_dict_value PASSED                            [ 66%]
2026-09-23T08:48:52.6503668Z tests/test_app.py::test_assert_positive PASSED                           [ 83%]
2026-09-23T08:48:52.6684700Z tests/test_app.py::test_file_not_found_error FAILED                      [100%]
2026-09-23T08:48:52.6685301Z 
2026-09-23T08:48:52.6685436Z =================================== FAILURES ===================================
2026-09-23T08:48:52.6685772Z __________________________ test_file_not_found_error ___________________________
2026-09-23T08:48:52.6685925Z 
2026-09-23T08:48:52.6685992Z     def test_file_not_found_error():
2026-09-23T08:48:52.6686175Z         """Injected synthetic FileNotFoundError."""
2026-09-23T08:48:52.6686378Z         from src.app import read_config_file
2026-09-23T08:48:52.6686593Z >       read_config_file("fixtures/non_existent_pipeline_config.json")
2026-09-23T08:48:52.6686750Z 
2026-09-23T08:48:52.6686807Z tests/test_app.py:139: 
2026-09-23T08:48:52.6686999Z _ _ _ _ _ _ _ _ _ _ _ _ _ _ _ _ _ _ _ _ _ _ _ _ _ _ _ _ _ _ _ _ _ _ _ _ _ _ _ _ 
2026-09-23T08:48:52.6687136Z 
2026-09-23T08:48:52.6687214Z path = 'fixtures/non_existent_pipeline_config.json'
2026-09-23T08:48:52.6687352Z 
2026-09-23T08:48:52.6687412Z     def read_config_file(path):
2026-09-23T08:48:52.6687567Z >       with open(path, "r") as f:
2026-09-23T08:48:52.6687720Z              ^^^^^^^^^^^^^^^
2026-09-23T08:48:52.6687974Z E       FileNotFoundError: [Errno 2] No such file or directory: 'fixtures/non_existent_pipeline_config.json'
2026-09-23T08:48:52.6688193Z 
2026-09-23T08:48:52.6688260Z src/app.py:17: FileNotFoundError
2026-09-23T08:48:52.6688443Z =========================== short test summary info ============================
2026-09-23T08:48:52.6689071Z FAILED tests/test_app.py::test_file_not_found_error - FileNotFoundError: [Errno 2] No such file or directory: 'fixtures/non_existent_pipeline_config.json'
2026-09-23T08:48:52.6689461Z ========================= 1 failed, 5 passed in 0.02s ==========================
2026-09-23T08:48:52.6848431Z ##[error]Process completed with exit code 1.
2026-09-23T08:48:52.6939508Z Node 20 is being deprecated. This workflow is running with Node 24 by default. If you need to temporarily use Node 20, you can set the ACTIONS_ALLOW_USE_UNSECURE_NODE_VERSION=true environment variable. For more information see: https://github.blog/changelog/2025-09-19-deprecation-of-node-20-on-github-actions-runners/
2026-09-23T08:48:52.6940168Z Post job cleanup.
2026-09-23T08:48:52.7496685Z [command]/usr/bin/git version
2026-09-23T08:48:52.7527729Z git version 2.55.0
2026-09-23T08:48:52.7552047Z Temporarily overriding HOME='/home/runner/work/_temp/38730d3f-b7d5-457f-ba93-dec91e11d2a3' before making global git config changes
2026-09-23T08:48:52.7552858Z Adding repository directory to the temporary git global config as a safe directory
2026-09-23T08:48:52.7554259Z [command]/usr/bin/git config --global --add safe.directory /home/runner/work/log-generation/log-generation
2026-09-23T08:48:52.7582940Z [command]/usr/bin/git config --local --name-only --get-regexp core\.sshCommand
2026-09-23T08:48:52.7610117Z [command]/usr/bin/git submodule foreach --recursive sh -c "git config --local --name-only --get-regexp 'core\.sshCommand' && git config --local --unset-all 'core.sshCommand' || :"
2026-09-23T08:48:52.7819269Z [command]/usr/bin/git config --local --name-only --get-regexp http\.https\:\/\/github\.com\/\.extraheader
2026-09-23T08:48:52.7842884Z http.https://github.com/.extraheader
2026-09-23T08:48:52.7851315Z [command]/usr/bin/git config --local --unset-all http.https://github.com/.extraheader
2026-09-23T08:48:52.7880197Z [command]/usr/bin/git submodule foreach --recursive sh -c "git config --local --name-only --get-regexp 'http\.https\:\/\/github\.com\/\.extraheader' && git config --local --unset-all 'http.https://github.com/.extraheader' || :"
2026-09-23T08:48:52.8078118Z [command]/usr/bin/git config --local --name-only --get-regexp ^includeIf\.gitdir:
2026-09-23T08:48:52.8107680Z [command]/usr/bin/git submodule foreach --recursive git config --local --show-origin --name-only --get-regexp remote.origin.url
2026-09-23T08:48:52.8393877Z Cleaning up orphan processes
2026-09-23T08:48:52.8578369Z ##[warning]Node.js 20 is deprecated. The following actions target Node.js 20 but are being forced to run on Node.js 24: actions/checkout@v4, actions/setup-python@v5. For more information see: https://github.blog/changelog/2025-09-19-deprecation-of-node-20-on-github-actions-runners/
