ï»¿2026-09-23T08:50:06.6358155Z Current runner version: '2.337.0'
2026-09-23T08:50:06.6381284Z ##[group]Runner Image Provisioner
2026-09-23T08:50:06.6382108Z Hosted Compute Agent
2026-09-23T08:50:06.6382652Z Version: 20260828.587
2026-09-23T08:50:06.6383389Z Commit: abac92662cab4cc7352de4f9f9d2e2419aad9c29
2026-09-23T08:50:06.6384086Z Build Date: 2026-08-28T16:44:25Z
2026-09-23T08:50:06.6385057Z Worker ID: {0747c932-51c6-4fb0-ae74-cb8b7517341d}
2026-09-23T08:50:06.6385752Z Azure Region: westcentralus
2026-09-23T08:50:06.6386317Z ##[endgroup]
2026-09-23T08:50:06.6387930Z ##[group]Operating System
2026-09-23T08:50:06.6388527Z Ubuntu
2026-09-23T08:50:06.6389042Z 24.04.5
2026-09-23T08:50:06.6389606Z LTS
2026-09-23T08:50:06.6390124Z ##[endgroup]
2026-09-23T08:50:06.6391047Z ##[group]Runner Image
2026-09-23T08:50:06.6391634Z Image: ubuntu-24.04
2026-09-23T08:50:06.6392178Z Version: 20260907.300.1
2026-09-23T08:50:06.6393380Z Included Software: https://github.com/actions/runner-images/blob/ubuntu24/20260907.300/images/ubuntu/Ubuntu2404-Readme.md
2026-09-23T08:50:06.6395074Z Image Release: https://github.com/actions/runner-images/releases/tag/ubuntu24%2F20260907.300
2026-09-23T08:50:06.6395985Z ##[endgroup]
2026-09-23T08:50:06.6397105Z ##[group]GITHUB_TOKEN Permissions
2026-09-23T08:50:06.6399361Z Contents: read
2026-09-23T08:50:06.6399951Z Metadata: read
2026-09-23T08:50:06.6400496Z Packages: read
2026-09-23T08:50:06.6401025Z ##[endgroup]
2026-09-23T08:50:06.6402946Z Secret source: Actions
2026-09-23T08:50:06.6403851Z Cache mode: write
2026-09-23T08:50:06.6404947Z Prepare workflow directory
2026-09-23T08:50:06.6714643Z Prepare all required actions
2026-09-23T08:50:06.6763635Z Getting action download info
2026-09-23T08:50:06.9753671Z Download action repository 'actions/checkout@v4' (SHA:11d5960a326750d5838078e36cf38b85af677262)
2026-09-23T08:50:07.0841448Z Download action repository 'actions/setup-python@v5' (SHA:a26af69be951a213d495a4c3e4e4022e16d87065)
2026-09-23T08:50:07.3541455Z Complete job name: test-f3 (KeyError #218)
2026-09-23T08:50:07.4191706Z Node 20 is being deprecated. This workflow is running with Node 24 by default. If you need to temporarily use Node 20, you can set the ACTIONS_ALLOW_USE_UNSECURE_NODE_VERSION=true environment variable. For more information see: https://github.blog/changelog/2025-09-19-deprecation-of-node-20-on-github-actions-runners/
2026-09-23T08:50:07.4199873Z ##[group]Run actions/checkout@v4
2026-09-23T08:50:07.4200926Z with:
2026-09-23T08:50:07.4201405Z   fetch-depth: 1
2026-09-23T08:50:07.4201983Z   repository: DhruvHegde/log-generation
2026-09-23T08:50:07.4205832Z   token: ***
2026-09-23T08:50:07.4206310Z   ssh-strict: true
2026-09-23T08:50:07.4206839Z   ssh-user: git
2026-09-23T08:50:07.4207341Z   persist-credentials: true
2026-09-23T08:50:07.4207917Z   clean: true
2026-09-23T08:50:07.4208424Z   sparse-checkout-cone-mode: true
2026-09-23T08:50:07.4209017Z   fetch-tags: false
2026-09-23T08:50:07.4209556Z   show-progress: true
2026-09-23T08:50:07.4210075Z   lfs: false
2026-09-23T08:50:07.4210661Z   submodules: false
2026-09-23T08:50:07.4211178Z   set-safe-directory: true
2026-09-23T08:50:07.4211742Z   allow-unsafe-pr-checkout: false
2026-09-23T08:50:07.4212468Z ##[endgroup]
2026-09-23T08:50:07.5210855Z Syncing repository: DhruvHegde/log-generation
2026-09-23T08:50:07.5213199Z ##[group]Getting Git version info
2026-09-23T08:50:07.5214110Z Working directory is '/home/runner/work/log-generation/log-generation'
2026-09-23T08:50:07.5215764Z [command]/usr/bin/git version
2026-09-23T08:50:07.5349317Z git version 2.55.0
2026-09-23T08:50:07.5374738Z ##[endgroup]
2026-09-23T08:50:07.5389989Z Temporarily overriding HOME='/home/runner/work/_temp/0ea8fca8-451e-4c4e-ab11-cef2b213eba7' before making global git config changes
2026-09-23T08:50:07.5392564Z Adding repository directory to the temporary git global config as a safe directory
2026-09-23T08:50:07.5400090Z [command]/usr/bin/git config --global --add safe.directory /home/runner/work/log-generation/log-generation
2026-09-23T08:50:07.5449452Z Deleting the contents of '/home/runner/work/log-generation/log-generation'
2026-09-23T08:50:07.5454616Z ##[group]Initializing the repository
2026-09-23T08:50:07.5459195Z [command]/usr/bin/git init /home/runner/work/log-generation/log-generation
2026-09-23T08:50:07.5575307Z hint: Using 'master' as the name for the initial branch. This default branch name
2026-09-23T08:50:07.5576993Z hint: will change to "main" in Git 3.0. To configure the initial branch name
2026-09-23T08:50:07.5578558Z hint: to use in all of your new repositories, which will suppress this warning,
2026-09-23T08:50:07.5579882Z hint: call:
2026-09-23T08:50:07.5580764Z hint:
2026-09-23T08:50:07.5581778Z hint: 	git config --global init.defaultBranch <name>
2026-09-23T08:50:07.5583086Z hint:
2026-09-23T08:50:07.5584070Z hint: Names commonly chosen instead of 'master' are 'main', 'trunk' and
2026-09-23T08:50:07.5585673Z hint: 'development'. The just-created branch can be renamed via this command:
2026-09-23T08:50:07.5586932Z hint:
2026-09-23T08:50:07.5587582Z hint: 	git branch -m <name>
2026-09-23T08:50:07.5588202Z hint:
2026-09-23T08:50:07.5588936Z hint: Disable this message with "git config set advice.defaultBranchName false"
2026-09-23T08:50:07.5590213Z Initialized empty Git repository in /home/runner/work/log-generation/log-generation/.git/
2026-09-23T08:50:07.5593400Z [command]/usr/bin/git remote add origin https://github.com/DhruvHegde/log-generation
2026-09-23T08:50:07.5635934Z ##[endgroup]
2026-09-23T08:50:07.5637134Z ##[group]Disabling automatic garbage collection
2026-09-23T08:50:07.5638742Z [command]/usr/bin/git config --local gc.auto 0
2026-09-23T08:50:07.5666614Z ##[endgroup]
2026-09-23T08:50:07.5667872Z ##[group]Setting up auth
2026-09-23T08:50:07.5673206Z [command]/usr/bin/git config --local --name-only --get-regexp core\.sshCommand
2026-09-23T08:50:07.5709957Z [command]/usr/bin/git submodule foreach --recursive sh -c "git config --local --name-only --get-regexp 'core\.sshCommand' && git config --local --unset-all 'core.sshCommand' || :"
2026-09-23T08:50:07.6381592Z [command]/usr/bin/git config --local --name-only --get-regexp http\.https\:\/\/github\.com\/\.extraheader
2026-09-23T08:50:07.6410112Z [command]/usr/bin/git submodule foreach --recursive sh -c "git config --local --name-only --get-regexp 'http\.https\:\/\/github\.com\/\.extraheader' && git config --local --unset-all 'http.https://github.com/.extraheader' || :"
2026-09-23T08:50:07.6596427Z [command]/usr/bin/git config --local --name-only --get-regexp ^includeIf\.gitdir:
2026-09-23T08:50:07.6626659Z [command]/usr/bin/git submodule foreach --recursive git config --local --show-origin --name-only --get-regexp remote.origin.url
2026-09-23T08:50:07.6815706Z [command]/usr/bin/git config --local http.https://github.com/.extraheader AUTHORIZATION: basic ***
2026-09-23T08:50:07.6850536Z ##[endgroup]
2026-09-23T08:50:07.6851745Z ##[group]Fetching the repository
2026-09-23T08:50:07.6862079Z [command]/usr/bin/git -c protocol.version=2 fetch --no-tags --prune --no-recurse-submodules --depth=1 origin +43f20917de93b9aad51cf79a69ad5239c5632917:refs/remotes/origin/feature/f3-test-failures
2026-09-23T08:50:08.4033613Z From https://github.com/DhruvHegde/log-generation
2026-09-23T08:50:08.4036041Z  * [new ref]         43f20917de93b9aad51cf79a69ad5239c5632917 -> origin/feature/f3-test-failures
2026-09-23T08:50:08.4040568Z ##[endgroup]
2026-09-23T08:50:08.4042354Z ##[group]Determining the checkout info
2026-09-23T08:50:08.4044307Z ##[endgroup]
2026-09-23T08:50:08.4049373Z [command]/usr/bin/git sparse-checkout disable
2026-09-23T08:50:08.4094726Z [command]/usr/bin/git config --local --unset-all extensions.worktreeConfig
2026-09-23T08:50:08.4122402Z ##[group]Checking out the ref
2026-09-23T08:50:08.4127858Z [command]/usr/bin/git checkout --progress --force -B feature/f3-test-failures refs/remotes/origin/feature/f3-test-failures
2026-09-23T08:50:08.4435758Z Switched to a new branch 'feature/f3-test-failures'
2026-09-23T08:50:08.4440332Z branch 'feature/f3-test-failures' set up to track 'origin/feature/f3-test-failures'.
2026-09-23T08:50:08.4446391Z ##[endgroup]
2026-09-23T08:50:08.4481323Z [command]/usr/bin/git log -1 --format=%H
2026-09-23T08:50:08.4503421Z 43f20917de93b9aad51cf79a69ad5239c5632917
2026-09-23T08:50:08.4811287Z Node 20 is being deprecated. This workflow is running with Node 24 by default. If you need to temporarily use Node 20, you can set the ACTIONS_ALLOW_USE_UNSECURE_NODE_VERSION=true environment variable. For more information see: https://github.blog/changelog/2025-09-19-deprecation-of-node-20-on-github-actions-runners/
2026-09-23T08:50:08.4816358Z ##[group]Run actions/setup-python@v5
2026-09-23T08:50:08.4817300Z with:
2026-09-23T08:50:08.4817892Z   python-version: 3.11
2026-09-23T08:50:08.4818620Z   check-latest: false
2026-09-23T08:50:08.4827186Z   token: ***
2026-09-23T08:50:08.4827843Z   update-environment: true
2026-09-23T08:50:08.4828681Z   allow-prereleases: false
2026-09-23T08:50:08.4829476Z   freethreaded: false
2026-09-23T08:50:08.4830163Z ##[endgroup]
2026-09-23T08:50:08.6151721Z ##[group]Installed versions
2026-09-23T08:50:08.6326399Z (node:2361) [DEP0040] DeprecationWarning: The `punycode` module is deprecated. Please use a userland alternative instead.
2026-09-23T08:50:08.6330389Z Successfully set up CPython (3.11.16)
2026-09-23T08:50:08.6334309Z (Use `node --trace-deprecation ...` to show where the warning was created)
2026-09-23T08:50:08.6338752Z ##[endgroup]
2026-09-23T08:50:08.6489882Z ##[group]Run pip install --no-cache-dir pytest
2026-09-23T08:50:08.6491281Z [36;1mpip install --no-cache-dir pytest[0m
2026-09-23T08:50:08.6533099Z shell: /usr/bin/bash -e {0}
2026-09-23T08:50:08.6534310Z env:
2026-09-23T08:50:08.6535792Z   pythonLocation: /opt/hostedtoolcache/Python/3.11.16/x64
2026-09-23T08:50:08.6537390Z   PKG_CONFIG_PATH: /opt/hostedtoolcache/Python/3.11.16/x64/lib/pkgconfig
2026-09-23T08:50:08.6538825Z   Python_ROOT_DIR: /opt/hostedtoolcache/Python/3.11.16/x64
2026-09-23T08:50:08.6540169Z   Python2_ROOT_DIR: /opt/hostedtoolcache/Python/3.11.16/x64
2026-09-23T08:50:08.6541450Z   Python3_ROOT_DIR: /opt/hostedtoolcache/Python/3.11.16/x64
2026-09-23T08:50:08.6542687Z   LD_LIBRARY_PATH: /opt/hostedtoolcache/Python/3.11.16/x64/lib
2026-09-23T08:50:08.6543887Z ##[endgroup]
2026-09-23T08:50:11.4402448Z Collecting pytest
2026-09-23T08:50:11.5439589Z   Downloading pytest-9.1.1-py3-none-any.whl.metadata (7.6 kB)
2026-09-23T08:50:11.5674733Z Collecting iniconfig>=1.0.1 (from pytest)
2026-09-23T08:50:11.5863527Z   Downloading iniconfig-2.3.0-py3-none-any.whl.metadata (2.5 kB)
2026-09-23T08:50:11.6115991Z Collecting packaging>=22 (from pytest)
2026-09-23T08:50:11.6307691Z   Downloading packaging-26.3-py3-none-any.whl.metadata (3.5 kB)
2026-09-23T08:50:11.6546364Z Collecting pluggy<2,>=1.5 (from pytest)
2026-09-23T08:50:11.6736948Z   Downloading pluggy-1.6.0-py3-none-any.whl.metadata (4.8 kB)
2026-09-23T08:50:11.7026657Z Collecting pygments>=2.7.2 (from pytest)
2026-09-23T08:50:11.7214527Z   Downloading pygments-2.21.0-py3-none-any.whl.metadata (2.5 kB)
2026-09-23T08:50:11.7430144Z Downloading pytest-9.1.1-py3-none-any.whl (386 kB)
2026-09-23T08:50:11.8253115Z Downloading pluggy-1.6.0-py3-none-any.whl (20 kB)
2026-09-23T08:50:11.8442903Z Downloading iniconfig-2.3.0-py3-none-any.whl (7.5 kB)
2026-09-23T08:50:11.8632458Z Downloading packaging-26.3-py3-none-any.whl (129 kB)
2026-09-23T08:50:11.8853528Z Downloading pygments-2.21.0-py3-none-any.whl (1.3 MB)
2026-09-23T08:50:11.9399146Z    ââââââââââââââââââââââââââââââââââââââââ 1.3/1.3 MB 20.7 MB/s  0:00:00
2026-09-23T08:50:12.1275986Z Installing collected packages: pygments, pluggy, packaging, iniconfig, pytest
2026-09-23T08:50:12.9098257Z 
2026-09-23T08:50:12.9108104Z Successfully installed iniconfig-2.3.0 packaging-26.3 pluggy-1.6.0 pygments-2.21.0 pytest-9.1.1
2026-09-23T08:50:12.9698183Z ##[group]Run python automation/inject_mutation.py --error-type "KeyError"
2026-09-23T08:50:12.9698925Z [36;1mpython automation/inject_mutation.py --error-type "KeyError"[0m
2026-09-23T08:50:12.9726027Z shell: /usr/bin/bash -e {0}
2026-09-23T08:50:12.9726612Z env:
2026-09-23T08:50:12.9727100Z   pythonLocation: /opt/hostedtoolcache/Python/3.11.16/x64
2026-09-23T08:50:12.9727910Z   PKG_CONFIG_PATH: /opt/hostedtoolcache/Python/3.11.16/x64/lib/pkgconfig
2026-09-23T08:50:12.9728468Z   Python_ROOT_DIR: /opt/hostedtoolcache/Python/3.11.16/x64
2026-09-23T08:50:12.9728963Z   Python2_ROOT_DIR: /opt/hostedtoolcache/Python/3.11.16/x64
2026-09-23T08:50:12.9729478Z   Python3_ROOT_DIR: /opt/hostedtoolcache/Python/3.11.16/x64
2026-09-23T08:50:12.9729951Z   LD_LIBRARY_PATH: /opt/hostedtoolcache/Python/3.11.16/x64/lib
2026-09-23T08:50:12.9730727Z ##[endgroup]
2026-09-23T08:50:13.0003797Z [Mutation Injected] Successfully injected KeyError into tests/test_app.py
2026-09-23T08:50:13.0078729Z ##[group]Run pytest tests/test_app.py -v
2026-09-23T08:50:13.0079221Z [36;1mpytest tests/test_app.py -v[0m
2026-09-23T08:50:13.0104526Z shell: /usr/bin/bash -e {0}
2026-09-23T08:50:13.0104904Z env:
2026-09-23T08:50:13.0105321Z   pythonLocation: /opt/hostedtoolcache/Python/3.11.16/x64
2026-09-23T08:50:13.0105839Z   PKG_CONFIG_PATH: /opt/hostedtoolcache/Python/3.11.16/x64/lib/pkgconfig
2026-09-23T08:50:13.0106382Z   Python_ROOT_DIR: /opt/hostedtoolcache/Python/3.11.16/x64
2026-09-23T08:50:13.0106847Z   Python2_ROOT_DIR: /opt/hostedtoolcache/Python/3.11.16/x64
2026-09-23T08:50:13.0107298Z   Python3_ROOT_DIR: /opt/hostedtoolcache/Python/3.11.16/x64
2026-09-23T08:50:13.0107733Z   LD_LIBRARY_PATH: /opt/hostedtoolcache/Python/3.11.16/x64/lib
2026-09-23T08:50:13.0108164Z ##[endgroup]
2026-09-23T08:50:13.4339965Z ============================= test session starts ==============================
2026-09-23T08:50:13.4341215Z platform linux -- Python 3.11.16, pytest-9.1.1, pluggy-1.6.0 -- /opt/hostedtoolcache/Python/3.11.16/x64/bin/python
2026-09-23T08:50:13.4342244Z cachedir: .pytest_cache
2026-09-23T08:50:13.4342869Z rootdir: /home/runner/work/log-generation/log-generation
2026-09-23T08:50:13.4343563Z configfile: pytest.ini
2026-09-23T08:50:13.4416061Z collecting ... collected 6 items
2026-09-23T08:50:13.4416706Z 
2026-09-23T08:50:13.4423411Z tests/test_app.py::test_calculate_division PASSED                        [ 16%]
2026-09-23T08:50:13.4429307Z tests/test_app.py::test_convert_to_int PASSED                            [ 33%]
2026-09-23T08:50:13.4435469Z tests/test_app.py::test_get_list_item PASSED                             [ 50%]
2026-09-23T08:50:13.4440565Z tests/test_app.py::test_get_dict_value PASSED                            [ 66%]
2026-09-23T08:50:13.4445447Z tests/test_app.py::test_assert_positive PASSED                           [ 83%]
2026-09-23T08:50:13.4691228Z tests/test_app.py::test_key_error FAILED                                 [100%]
2026-09-23T08:50:13.4691838Z 
2026-09-23T08:50:13.4692261Z =================================== FAILURES ===================================
2026-09-23T08:50:13.4693056Z ________________________________ test_key_error ________________________________
2026-09-23T08:50:13.4693590Z 
2026-09-23T08:50:13.4693807Z     def test_key_error():
2026-09-23T08:50:13.4694323Z         """Injected synthetic KeyError."""
2026-09-23T08:50:13.4695379Z         from src.app import get_dict_value
2026-09-23T08:50:13.4696036Z         config = {"env": "staging", "retries": 3}
2026-09-23T08:50:13.4696732Z >       get_dict_value(config, "missing_auth_token")
2026-09-23T08:50:13.4697075Z 
2026-09-23T08:50:13.4697287Z tests/test_app.py:140: 
2026-09-23T08:50:13.4697842Z _ _ _ _ _ _ _ _ _ _ _ _ _ _ _ _ _ _ _ _ _ _ _ _ _ _ _ _ _ _ _ _ _ _ _ _ _ _ _ _ 
2026-09-23T08:50:13.4698299Z 
2026-09-23T08:50:13.4698575Z d = {'env': 'staging', 'retries': 3}, key = 'missing_auth_token'
2026-09-23T08:50:13.4699003Z 
2026-09-23T08:50:13.4699207Z     def get_dict_value(d, key):
2026-09-23T08:50:13.4699775Z >       return d[key]
2026-09-23T08:50:13.4700178Z                ^^^^^^
2026-09-23T08:50:13.4700626Z E       KeyError: 'missing_auth_token'
2026-09-23T08:50:13.4700936Z 
2026-09-23T08:50:13.4701190Z src/app.py:11: KeyError
2026-09-23T08:50:13.4701769Z =========================== short test summary info ============================
2026-09-23T08:50:13.4702928Z FAILED tests/test_app.py::test_key_error - KeyError: 'missing_auth_token'
2026-09-23T08:50:13.4703700Z ========================= 1 failed, 5 passed in 0.02s ==========================
2026-09-23T08:50:13.4913777Z ##[error]Process completed with exit code 1.
2026-09-23T08:50:13.5063607Z Node 20 is being deprecated. This workflow is running with Node 24 by default. If you need to temporarily use Node 20, you can set the ACTIONS_ALLOW_USE_UNSECURE_NODE_VERSION=true environment variable. For more information see: https://github.blog/changelog/2025-09-19-deprecation-of-node-20-on-github-actions-runners/
2026-09-23T08:50:13.5064921Z Post job cleanup.
2026-09-23T08:50:13.5875731Z [command]/usr/bin/git version
2026-09-23T08:50:13.5912064Z git version 2.55.0
2026-09-23T08:50:13.5945664Z Temporarily overriding HOME='/home/runner/work/_temp/b116518c-89b7-4746-83fd-367f02f6419d' before making global git config changes
2026-09-23T08:50:13.5947420Z Adding repository directory to the temporary git global config as a safe directory
2026-09-23T08:50:13.5950525Z [command]/usr/bin/git config --global --add safe.directory /home/runner/work/log-generation/log-generation
2026-09-23T08:50:13.5987678Z [command]/usr/bin/git config --local --name-only --get-regexp core\.sshCommand
2026-09-23T08:50:13.6018938Z [command]/usr/bin/git submodule foreach --recursive sh -c "git config --local --name-only --get-regexp 'core\.sshCommand' && git config --local --unset-all 'core.sshCommand' || :"
2026-09-23T08:50:13.6232479Z [command]/usr/bin/git config --local --name-only --get-regexp http\.https\:\/\/github\.com\/\.extraheader
2026-09-23T08:50:13.6257160Z http.https://github.com/.extraheader
2026-09-23T08:50:13.6267630Z [command]/usr/bin/git config --local --unset-all http.https://github.com/.extraheader
2026-09-23T08:50:13.6299925Z [command]/usr/bin/git submodule foreach --recursive sh -c "git config --local --name-only --get-regexp 'http\.https\:\/\/github\.com\/\.extraheader' && git config --local --unset-all 'http.https://github.com/.extraheader' || :"
2026-09-23T08:50:13.6515188Z [command]/usr/bin/git config --local --name-only --get-regexp ^includeIf\.gitdir:
2026-09-23T08:50:13.6547987Z [command]/usr/bin/git submodule foreach --recursive git config --local --show-origin --name-only --get-regexp remote.origin.url
2026-09-23T08:50:13.6949530Z Cleaning up orphan processes
2026-09-23T08:50:13.7170154Z ##[warning]Node.js 20 is deprecated. The following actions target Node.js 20 but are being forced to run on Node.js 24: actions/checkout@v4, actions/setup-python@v5. For more information see: https://github.blog/changelog/2025-09-19-deprecation-of-node-20-on-github-actions-runners/
