ï»¿2026-09-23T08:45:22.9663735Z Current runner version: '2.337.0'
2026-09-23T08:45:22.9689698Z ##[group]Runner Image Provisioner
2026-09-23T08:45:22.9690656Z Hosted Compute Agent
2026-09-23T08:45:22.9691479Z Version: 20260828.587
2026-09-23T08:45:22.9692151Z Commit: abac92662cab4cc7352de4f9f9d2e2419aad9c29
2026-09-23T08:45:22.9692963Z Build Date: 2026-08-28T16:44:25Z
2026-09-23T08:45:22.9693707Z Worker ID: {00feddcf-938d-411a-a086-97567ca93a0e}
2026-09-23T08:45:22.9694478Z Azure Region: eastus
2026-09-23T08:45:22.9695058Z ##[endgroup]
2026-09-23T08:45:22.9696827Z ##[group]Operating System
2026-09-23T08:45:22.9697943Z Ubuntu
2026-09-23T08:45:22.9698504Z 24.04.5
2026-09-23T08:45:22.9699054Z LTS
2026-09-23T08:45:22.9699604Z ##[endgroup]
2026-09-23T08:45:22.9700157Z ##[group]Runner Image
2026-09-23T08:45:22.9700828Z Image: ubuntu-24.04
2026-09-23T08:45:22.9701640Z Version: 20260907.300.1
2026-09-23T08:45:22.9703096Z Included Software: https://github.com/actions/runner-images/blob/ubuntu24/20260907.300/images/ubuntu/Ubuntu2404-Readme.md
2026-09-23T08:45:22.9704658Z Image Release: https://github.com/actions/runner-images/releases/tag/ubuntu24%2F20260907.300
2026-09-23T08:45:22.9705728Z ##[endgroup]
2026-09-23T08:45:22.9706943Z ##[group]GITHUB_TOKEN Permissions
2026-09-23T08:45:22.9709243Z Contents: read
2026-09-23T08:45:22.9709876Z Metadata: read
2026-09-23T08:45:22.9710518Z Packages: read
2026-09-23T08:45:22.9711111Z ##[endgroup]
2026-09-23T08:45:22.9713775Z Secret source: Actions
2026-09-23T08:45:22.9714850Z Cache mode: write
2026-09-23T08:45:22.9715770Z Prepare workflow directory
2026-09-23T08:45:23.0049481Z Prepare all required actions
2026-09-23T08:45:23.0098615Z Getting action download info
2026-09-23T08:45:23.2503894Z Download action repository 'actions/checkout@v4' (SHA:11d5960a326750d5838078e36cf38b85af677262)
2026-09-23T08:45:23.3875208Z Download action repository 'actions/setup-python@v5' (SHA:a26af69be951a213d495a4c3e4e4022e16d87065)
2026-09-23T08:45:23.5775248Z Complete job name: test-f3 (AssertionError #231)
2026-09-23T08:45:23.6554465Z Node 20 is being deprecated. This workflow is running with Node 24 by default. If you need to temporarily use Node 20, you can set the ACTIONS_ALLOW_USE_UNSECURE_NODE_VERSION=true environment variable. For more information see: https://github.blog/changelog/2025-09-19-deprecation-of-node-20-on-github-actions-runners/
2026-09-23T08:45:23.6563471Z ##[group]Run actions/checkout@v4
2026-09-23T08:45:23.6564225Z with:
2026-09-23T08:45:23.6564645Z   fetch-depth: 1
2026-09-23T08:45:23.6565118Z   repository: DhruvHegde/log-generation
2026-09-23T08:45:23.6568923Z   token: ***
2026-09-23T08:45:23.6569345Z   ssh-strict: true
2026-09-23T08:45:23.6569778Z   ssh-user: git
2026-09-23T08:45:23.6570223Z   persist-credentials: true
2026-09-23T08:45:23.6570730Z   clean: true
2026-09-23T08:45:23.6571180Z   sparse-checkout-cone-mode: true
2026-09-23T08:45:23.6571970Z   fetch-tags: false
2026-09-23T08:45:23.6572410Z   show-progress: true
2026-09-23T08:45:23.6572856Z   lfs: false
2026-09-23T08:45:23.6573306Z   submodules: false
2026-09-23T08:45:23.6573769Z   set-safe-directory: true
2026-09-23T08:45:23.6574268Z   allow-unsafe-pr-checkout: false
2026-09-23T08:45:23.6575066Z ##[endgroup]
2026-09-23T08:45:23.7574762Z Syncing repository: DhruvHegde/log-generation
2026-09-23T08:45:23.7577522Z ##[group]Getting Git version info
2026-09-23T08:45:23.7578854Z Working directory is '/home/runner/work/log-generation/log-generation'
2026-09-23T08:45:23.7580786Z [command]/usr/bin/git version
2026-09-23T08:45:23.7666359Z git version 2.55.0
2026-09-23T08:45:23.7689344Z ##[endgroup]
2026-09-23T08:45:23.7705378Z Temporarily overriding HOME='/home/runner/work/_temp/1ef36fa6-f81d-44a4-818a-b36019fa9b71' before making global git config changes
2026-09-23T08:45:23.7707886Z Adding repository directory to the temporary git global config as a safe directory
2026-09-23T08:45:23.7713444Z [command]/usr/bin/git config --global --add safe.directory /home/runner/work/log-generation/log-generation
2026-09-23T08:45:23.7771566Z Deleting the contents of '/home/runner/work/log-generation/log-generation'
2026-09-23T08:45:23.7776617Z ##[group]Initializing the repository
2026-09-23T08:45:23.7782859Z [command]/usr/bin/git init /home/runner/work/log-generation/log-generation
2026-09-23T08:45:23.7920461Z hint: Using 'master' as the name for the initial branch. This default branch name
2026-09-23T08:45:23.7922337Z hint: will change to "main" in Git 3.0. To configure the initial branch name
2026-09-23T08:45:23.7923531Z hint: to use in all of your new repositories, which will suppress this warning,
2026-09-23T08:45:23.7924333Z hint: call:
2026-09-23T08:45:23.7924764Z hint:
2026-09-23T08:45:23.7925327Z hint: 	git config --global init.defaultBranch <name>
2026-09-23T08:45:23.7925991Z hint:
2026-09-23T08:45:23.7926614Z hint: Names commonly chosen instead of 'master' are 'main', 'trunk' and
2026-09-23T08:45:23.7927618Z hint: 'development'. The just-created branch can be renamed via this command:
2026-09-23T08:45:23.7928417Z hint:
2026-09-23T08:45:23.7928895Z hint: 	git branch -m <name>
2026-09-23T08:45:23.7929463Z hint:
2026-09-23T08:45:23.7930114Z hint: Disable this message with "git config set advice.defaultBranchName false"
2026-09-23T08:45:23.7936228Z Initialized empty Git repository in /home/runner/work/log-generation/log-generation/.git/
2026-09-23T08:45:23.7952037Z [command]/usr/bin/git remote add origin https://github.com/DhruvHegde/log-generation
2026-09-23T08:45:23.8005572Z ##[endgroup]
2026-09-23T08:45:23.8006893Z ##[group]Disabling automatic garbage collection
2026-09-23T08:45:23.8009637Z [command]/usr/bin/git config --local gc.auto 0
2026-09-23T08:45:23.8040982Z ##[endgroup]
2026-09-23T08:45:23.8042473Z ##[group]Setting up auth
2026-09-23T08:45:23.8048243Z [command]/usr/bin/git config --local --name-only --get-regexp core\.sshCommand
2026-09-23T08:45:23.8082949Z [command]/usr/bin/git submodule foreach --recursive sh -c "git config --local --name-only --get-regexp 'core\.sshCommand' && git config --local --unset-all 'core.sshCommand' || :"
2026-09-23T08:45:23.8480368Z [command]/usr/bin/git config --local --name-only --get-regexp http\.https\:\/\/github\.com\/\.extraheader
2026-09-23T08:45:23.8517547Z [command]/usr/bin/git submodule foreach --recursive sh -c "git config --local --name-only --get-regexp 'http\.https\:\/\/github\.com\/\.extraheader' && git config --local --unset-all 'http.https://github.com/.extraheader' || :"
2026-09-23T08:45:23.8743110Z [command]/usr/bin/git config --local --name-only --get-regexp ^includeIf\.gitdir:
2026-09-23T08:45:23.8779348Z [command]/usr/bin/git submodule foreach --recursive git config --local --show-origin --name-only --get-regexp remote.origin.url
2026-09-23T08:45:23.9006124Z [command]/usr/bin/git config --local http.https://github.com/.extraheader AUTHORIZATION: basic ***
2026-09-23T08:45:23.9045823Z ##[endgroup]
2026-09-23T08:45:23.9046674Z ##[group]Fetching the repository
2026-09-23T08:45:23.9055937Z [command]/usr/bin/git -c protocol.version=2 fetch --no-tags --prune --no-recurse-submodules --depth=1 origin +dfcb6f158e4bd8054252a4da5d0a9edc2ab15d57:refs/remotes/origin/feature/f3-test-failures
2026-09-23T08:45:24.1476143Z From https://github.com/DhruvHegde/log-generation
2026-09-23T08:45:24.1478250Z  * [new ref]         dfcb6f158e4bd8054252a4da5d0a9edc2ab15d57 -> origin/feature/f3-test-failures
2026-09-23T08:45:24.1482349Z ##[endgroup]
2026-09-23T08:45:24.1483891Z ##[group]Determining the checkout info
2026-09-23T08:45:24.1485726Z ##[endgroup]
2026-09-23T08:45:24.1492134Z [command]/usr/bin/git sparse-checkout disable
2026-09-23T08:45:24.1548311Z [command]/usr/bin/git config --local --unset-all extensions.worktreeConfig
2026-09-23T08:45:24.1581197Z ##[group]Checking out the ref
2026-09-23T08:45:24.1588216Z [command]/usr/bin/git checkout --progress --force -B feature/f3-test-failures refs/remotes/origin/feature/f3-test-failures
2026-09-23T08:45:24.1677810Z Switched to a new branch 'feature/f3-test-failures'
2026-09-23T08:45:24.1685137Z branch 'feature/f3-test-failures' set up to track 'origin/feature/f3-test-failures'.
2026-09-23T08:45:24.1691110Z ##[endgroup]
2026-09-23T08:45:24.1737461Z [command]/usr/bin/git log -1 --format=%H
2026-09-23T08:45:24.1765326Z dfcb6f158e4bd8054252a4da5d0a9edc2ab15d57
2026-09-23T08:45:24.2033713Z Node 20 is being deprecated. This workflow is running with Node 24 by default. If you need to temporarily use Node 20, you can set the ACTIONS_ALLOW_USE_UNSECURE_NODE_VERSION=true environment variable. For more information see: https://github.blog/changelog/2025-09-19-deprecation-of-node-20-on-github-actions-runners/
2026-09-23T08:45:24.2036307Z ##[group]Run actions/setup-python@v5
2026-09-23T08:45:24.2036839Z with:
2026-09-23T08:45:24.2037257Z   python-version: 3.11
2026-09-23T08:45:24.2037713Z   check-latest: false
2026-09-23T08:45:24.2041534Z   token: ***
2026-09-23T08:45:24.2041981Z   update-environment: true
2026-09-23T08:45:24.2042470Z   allow-prereleases: false
2026-09-23T08:45:24.2042941Z   freethreaded: false
2026-09-23T08:45:24.2043385Z ##[endgroup]
2026-09-23T08:45:24.3370913Z ##[group]Installed versions
2026-09-23T08:45:24.3473094Z (node:2279) [DEP0040] DeprecationWarning: The `punycode` module is deprecated. Please use a userland alternative instead.
2026-09-23T08:45:24.3475645Z (Use `node --trace-deprecation ...` to show where the warning was created)
2026-09-23T08:45:24.3477316Z Successfully set up CPython (3.11.16)
2026-09-23T08:45:24.3479117Z ##[endgroup]
2026-09-23T08:45:24.3653812Z ##[group]Run pip install --no-cache-dir pytest
2026-09-23T08:45:24.3654610Z [36;1mpip install --no-cache-dir pytest[0m
2026-09-23T08:45:24.3708175Z shell: /usr/bin/bash -e {0}
2026-09-23T08:45:24.3708714Z env:
2026-09-23T08:45:24.3709237Z   pythonLocation: /opt/hostedtoolcache/Python/3.11.16/x64
2026-09-23T08:45:24.3710060Z   PKG_CONFIG_PATH: /opt/hostedtoolcache/Python/3.11.16/x64/lib/pkgconfig
2026-09-23T08:45:24.3710882Z   Python_ROOT_DIR: /opt/hostedtoolcache/Python/3.11.16/x64
2026-09-23T08:45:24.3712017Z   Python2_ROOT_DIR: /opt/hostedtoolcache/Python/3.11.16/x64
2026-09-23T08:45:24.3712790Z   Python3_ROOT_DIR: /opt/hostedtoolcache/Python/3.11.16/x64
2026-09-23T08:45:24.3713584Z   LD_LIBRARY_PATH: /opt/hostedtoolcache/Python/3.11.16/x64/lib
2026-09-23T08:45:24.3799599Z ##[endgroup]
2026-09-23T08:45:26.8416580Z Collecting pytest
2026-09-23T08:45:26.8903744Z   Downloading pytest-9.1.1-py3-none-any.whl.metadata (7.6 kB)
2026-09-23T08:45:26.8991173Z Collecting iniconfig>=1.0.1 (from pytest)
2026-09-23T08:45:26.9024873Z   Downloading iniconfig-2.3.0-py3-none-any.whl.metadata (2.5 kB)
2026-09-23T08:45:26.9132122Z Collecting packaging>=22 (from pytest)
2026-09-23T08:45:26.9167332Z   Downloading packaging-26.3-py3-none-any.whl.metadata (3.5 kB)
2026-09-23T08:45:26.9254454Z Collecting pluggy<2,>=1.5 (from pytest)
2026-09-23T08:45:26.9288639Z   Downloading pluggy-1.6.0-py3-none-any.whl.metadata (4.8 kB)
2026-09-23T08:45:26.9420226Z Collecting pygments>=2.7.2 (from pytest)
2026-09-23T08:45:26.9453036Z   Downloading pygments-2.21.0-py3-none-any.whl.metadata (2.5 kB)
2026-09-23T08:45:26.9516948Z Downloading pytest-9.1.1-py3-none-any.whl (386 kB)
2026-09-23T08:45:26.9691616Z Downloading pluggy-1.6.0-py3-none-any.whl (20 kB)
2026-09-23T08:45:26.9726515Z Downloading iniconfig-2.3.0-py3-none-any.whl (7.5 kB)
2026-09-23T08:45:26.9759301Z Downloading packaging-26.3-py3-none-any.whl (129 kB)
2026-09-23T08:45:26.9795217Z Downloading pygments-2.21.0-py3-none-any.whl (1.3 MB)
2026-09-23T08:45:26.9871722Z    ââââââââââââââââââââââââââââââââââââââââ 1.3/1.3 MB 265.7 MB/s  0:00:00
2026-09-23T08:45:27.1657665Z Installing collected packages: pygments, pluggy, packaging, iniconfig, pytest
2026-09-23T08:45:28.1240497Z 
2026-09-23T08:45:28.1249358Z Successfully installed iniconfig-2.3.0 packaging-26.3 pluggy-1.6.0 pygments-2.21.0 pytest-9.1.1
2026-09-23T08:45:28.1775454Z ##[group]Run python automation/inject_mutation.py --error-type "AssertionError"
2026-09-23T08:45:28.1776180Z [36;1mpython automation/inject_mutation.py --error-type "AssertionError"[0m
2026-09-23T08:45:28.1815156Z shell: /usr/bin/bash -e {0}
2026-09-23T08:45:28.1815467Z env:
2026-09-23T08:45:28.1815999Z   pythonLocation: /opt/hostedtoolcache/Python/3.11.16/x64
2026-09-23T08:45:28.1816501Z   PKG_CONFIG_PATH: /opt/hostedtoolcache/Python/3.11.16/x64/lib/pkgconfig
2026-09-23T08:45:28.1816979Z   Python_ROOT_DIR: /opt/hostedtoolcache/Python/3.11.16/x64
2026-09-23T08:45:28.1817420Z   Python2_ROOT_DIR: /opt/hostedtoolcache/Python/3.11.16/x64
2026-09-23T08:45:28.1817902Z   Python3_ROOT_DIR: /opt/hostedtoolcache/Python/3.11.16/x64
2026-09-23T08:45:28.1818350Z   LD_LIBRARY_PATH: /opt/hostedtoolcache/Python/3.11.16/x64/lib
2026-09-23T08:45:28.1818754Z ##[endgroup]
2026-09-23T08:45:28.2124240Z [Mutation Injected] Successfully injected AssertionError into tests/test_app.py
2026-09-23T08:45:28.2198347Z ##[group]Run pytest tests/test_app.py -v
2026-09-23T08:45:28.2198775Z [36;1mpytest tests/test_app.py -v[0m
2026-09-23T08:45:28.2236684Z shell: /usr/bin/bash -e {0}
2026-09-23T08:45:28.2236986Z env:
2026-09-23T08:45:28.2237308Z   pythonLocation: /opt/hostedtoolcache/Python/3.11.16/x64
2026-09-23T08:45:28.2237791Z   PKG_CONFIG_PATH: /opt/hostedtoolcache/Python/3.11.16/x64/lib/pkgconfig
2026-09-23T08:45:28.2238287Z   Python_ROOT_DIR: /opt/hostedtoolcache/Python/3.11.16/x64
2026-09-23T08:45:28.2238724Z   Python2_ROOT_DIR: /opt/hostedtoolcache/Python/3.11.16/x64
2026-09-23T08:45:28.2239157Z   Python3_ROOT_DIR: /opt/hostedtoolcache/Python/3.11.16/x64
2026-09-23T08:45:28.2239607Z   LD_LIBRARY_PATH: /opt/hostedtoolcache/Python/3.11.16/x64/lib
2026-09-23T08:45:28.2239988Z ##[endgroup]
2026-09-23T08:45:28.5830108Z ============================= test session starts ==============================
2026-09-23T08:45:28.5831777Z platform linux -- Python 3.11.16, pytest-9.1.1, pluggy-1.6.0 -- /opt/hostedtoolcache/Python/3.11.16/x64/bin/python
2026-09-23T08:45:28.5832892Z cachedir: .pytest_cache
2026-09-23T08:45:28.5833581Z rootdir: /home/runner/work/log-generation/log-generation
2026-09-23T08:45:28.5921148Z configfile: pytest.ini
2026-09-23T08:45:28.5921886Z collecting ... collected 6 items
2026-09-23T08:45:28.5922254Z 
2026-09-23T08:45:28.5931722Z tests/test_app.py::test_calculate_division PASSED                        [ 16%]
2026-09-23T08:45:28.5939517Z tests/test_app.py::test_convert_to_int PASSED                            [ 33%]
2026-09-23T08:45:28.5947496Z tests/test_app.py::test_get_list_item PASSED                             [ 50%]
2026-09-23T08:45:28.5955150Z tests/test_app.py::test_get_dict_value PASSED                            [ 66%]
2026-09-23T08:45:28.5962449Z tests/test_app.py::test_assert_positive PASSED                           [ 83%]
2026-09-23T08:45:28.6206184Z tests/test_app.py::test_assertion_failure FAILED                         [100%]
2026-09-23T08:45:28.6206837Z 
2026-09-23T08:45:28.6207159Z =================================== FAILURES ===================================
2026-09-23T08:45:28.6207976Z ____________________________ test_assertion_failure ____________________________
2026-09-23T08:45:28.6208500Z 
2026-09-23T08:45:28.6208699Z     def test_assertion_failure():
2026-09-23T08:45:28.6209237Z         """Injected synthetic AssertionError."""
2026-09-23T08:45:28.6209853Z         expected_status = 200
2026-09-23T08:45:28.6210288Z         actual_status = 500
2026-09-23T08:45:28.6211089Z >       assert actual_status == expected_status, f"Expected {expected_status}, received {actual_status}"
2026-09-23T08:45:28.6212280Z E       AssertionError: Expected 200, received 500
2026-09-23T08:45:28.6212842Z E       assert 500 == 200
2026-09-23T08:45:28.6213109Z 
2026-09-23T08:45:28.6213306Z tests/test_app.py:138: AssertionError
2026-09-23T08:45:28.6213929Z =========================== short test summary info ============================
2026-09-23T08:45:28.6214973Z FAILED tests/test_app.py::test_assertion_failure - AssertionError: Expected 200, received 500
2026-09-23T08:45:28.6215791Z assert 500 == 200
2026-09-23T08:45:28.6216316Z ========================= 1 failed, 5 passed in 0.03s ==========================
2026-09-23T08:45:28.6397894Z ##[error]Process completed with exit code 1.
2026-09-23T08:45:28.6540564Z Node 20 is being deprecated. This workflow is running with Node 24 by default. If you need to temporarily use Node 20, you can set the ACTIONS_ALLOW_USE_UNSECURE_NODE_VERSION=true environment variable. For more information see: https://github.blog/changelog/2025-09-19-deprecation-of-node-20-on-github-actions-runners/
2026-09-23T08:45:28.6542209Z Post job cleanup.
2026-09-23T08:45:28.7409284Z [command]/usr/bin/git version
2026-09-23T08:45:28.7454277Z git version 2.55.0
2026-09-23T08:45:28.7497092Z Temporarily overriding HOME='/home/runner/work/_temp/c13bc624-9599-4628-9c88-6fdb81949c6f' before making global git config changes
2026-09-23T08:45:28.7499004Z Adding repository directory to the temporary git global config as a safe directory
2026-09-23T08:45:28.7503930Z [command]/usr/bin/git config --global --add safe.directory /home/runner/work/log-generation/log-generation
2026-09-23T08:45:28.7542843Z [command]/usr/bin/git config --local --name-only --get-regexp core\.sshCommand
2026-09-23T08:45:28.7580031Z [command]/usr/bin/git submodule foreach --recursive sh -c "git config --local --name-only --get-regexp 'core\.sshCommand' && git config --local --unset-all 'core.sshCommand' || :"
2026-09-23T08:45:28.7832320Z [command]/usr/bin/git config --local --name-only --get-regexp http\.https\:\/\/github\.com\/\.extraheader
2026-09-23T08:45:28.7860925Z http.https://github.com/.extraheader
2026-09-23T08:45:28.7875504Z [command]/usr/bin/git config --local --unset-all http.https://github.com/.extraheader
2026-09-23T08:45:28.7924805Z [command]/usr/bin/git submodule foreach --recursive sh -c "git config --local --name-only --get-regexp 'http\.https\:\/\/github\.com\/\.extraheader' && git config --local --unset-all 'http.https://github.com/.extraheader' || :"
2026-09-23T08:45:28.8203559Z [command]/usr/bin/git config --local --name-only --get-regexp ^includeIf\.gitdir:
2026-09-23T08:45:28.8243151Z [command]/usr/bin/git submodule foreach --recursive git config --local --show-origin --name-only --get-regexp remote.origin.url
2026-09-23T08:45:28.8627239Z Cleaning up orphan processes
2026-09-23T08:45:28.8907624Z ##[warning]Node.js 20 is deprecated. The following actions target Node.js 20 but are being forced to run on Node.js 24: actions/checkout@v4, actions/setup-python@v5. For more information see: https://github.blog/changelog/2025-09-19-deprecation-of-node-20-on-github-actions-runners/
