ï»¿2026-09-23T08:44:22.6322479Z Current runner version: '2.337.0'
2026-09-23T08:44:22.6345989Z ##[group]Runner Image Provisioner
2026-09-23T08:44:22.6346925Z Hosted Compute Agent
2026-09-23T08:44:22.6347477Z Version: 20260828.587
2026-09-23T08:44:22.6348138Z Commit: abac92662cab4cc7352de4f9f9d2e2419aad9c29
2026-09-23T08:44:22.6348861Z Build Date: 2026-08-28T16:44:25Z
2026-09-23T08:44:22.6349516Z Worker ID: {945bd2b9-a8a3-47a2-8f3c-8c386e105122}
2026-09-23T08:44:22.6350219Z Azure Region: westcentralus
2026-09-23T08:44:22.6350820Z ##[endgroup]
2026-09-23T08:44:22.6352864Z ##[group]Operating System
2026-09-23T08:44:22.6353496Z Ubuntu
2026-09-23T08:44:22.6354016Z 24.04.5
2026-09-23T08:44:22.6354524Z LTS
2026-09-23T08:44:22.6355358Z ##[endgroup]
2026-09-23T08:44:22.6356040Z ##[group]Runner Image
2026-09-23T08:44:22.6356654Z Image: ubuntu-24.04
2026-09-23T08:44:22.6357214Z Version: 20260907.300.1
2026-09-23T08:44:22.6358409Z Included Software: https://github.com/actions/runner-images/blob/ubuntu24/20260907.300/images/ubuntu/Ubuntu2404-Readme.md
2026-09-23T08:44:22.6359870Z Image Release: https://github.com/actions/runner-images/releases/tag/ubuntu24%2F20260907.300
2026-09-23T08:44:22.6360763Z ##[endgroup]
2026-09-23T08:44:22.6362061Z ##[group]GITHUB_TOKEN Permissions
2026-09-23T08:44:22.6364382Z Contents: read
2026-09-23T08:44:22.6364990Z Metadata: read
2026-09-23T08:44:22.6365565Z Packages: read
2026-09-23T08:44:22.6366088Z ##[endgroup]
2026-09-23T08:44:22.6368110Z Secret source: Actions
2026-09-23T08:44:22.6369013Z Cache mode: write
2026-09-23T08:44:22.6370071Z Prepare workflow directory
2026-09-23T08:44:22.6688482Z Prepare all required actions
2026-09-23T08:44:22.6737390Z Getting action download info
2026-09-23T08:44:22.9861134Z Download action repository 'actions/checkout@v4' (SHA:11d5960a326750d5838078e36cf38b85af677262)
2026-09-23T08:44:23.1097396Z Download action repository 'actions/setup-python@v5' (SHA:a26af69be951a213d495a4c3e4e4022e16d87065)
2026-09-23T08:44:23.3149095Z Complete job name: test-f3 (KeyError #114)
2026-09-23T08:44:23.3912077Z Node 20 is being deprecated. This workflow is running with Node 24 by default. If you need to temporarily use Node 20, you can set the ACTIONS_ALLOW_USE_UNSECURE_NODE_VERSION=true environment variable. For more information see: https://github.blog/changelog/2025-09-19-deprecation-of-node-20-on-github-actions-runners/
2026-09-23T08:44:23.3920509Z ##[group]Run actions/checkout@v4
2026-09-23T08:44:23.3921234Z with:
2026-09-23T08:44:23.3921926Z   fetch-depth: 1
2026-09-23T08:44:23.3922537Z   repository: DhruvHegde/log-generation
2026-09-23T08:44:23.3926304Z   token: ***
2026-09-23T08:44:23.3926836Z   ssh-strict: true
2026-09-23T08:44:23.3927346Z   ssh-user: git
2026-09-23T08:44:23.3927854Z   persist-credentials: true
2026-09-23T08:44:23.3928436Z   clean: true
2026-09-23T08:44:23.3928941Z   sparse-checkout-cone-mode: true
2026-09-23T08:44:23.3929595Z   fetch-tags: false
2026-09-23T08:44:23.3930404Z   show-progress: true
2026-09-23T08:44:23.3930916Z   lfs: false
2026-09-23T08:44:23.3931689Z   submodules: false
2026-09-23T08:44:23.3932248Z   set-safe-directory: true
2026-09-23T08:44:23.3932882Z   allow-unsafe-pr-checkout: false
2026-09-23T08:44:23.3933750Z ##[endgroup]
2026-09-23T08:44:23.4959182Z Syncing repository: DhruvHegde/log-generation
2026-09-23T08:44:23.4961686Z ##[group]Getting Git version info
2026-09-23T08:44:23.4962762Z Working directory is '/home/runner/work/log-generation/log-generation'
2026-09-23T08:44:23.4964127Z [command]/usr/bin/git version
2026-09-23T08:44:23.5027588Z git version 2.55.0
2026-09-23T08:44:23.5048196Z ##[endgroup]
2026-09-23T08:44:23.5064014Z Temporarily overriding HOME='/home/runner/work/_temp/767d5d10-a488-4afe-a0e7-9af0aa889599' before making global git config changes
2026-09-23T08:44:23.5066017Z Adding repository directory to the temporary git global config as a safe directory
2026-09-23T08:44:23.5068125Z [command]/usr/bin/git config --global --add safe.directory /home/runner/work/log-generation/log-generation
2026-09-23T08:44:23.5123960Z Deleting the contents of '/home/runner/work/log-generation/log-generation'
2026-09-23T08:44:23.5137335Z ##[group]Initializing the repository
2026-09-23T08:44:23.5142087Z [command]/usr/bin/git init /home/runner/work/log-generation/log-generation
2026-09-23T08:44:23.5242249Z hint: Using 'master' as the name for the initial branch. This default branch name
2026-09-23T08:44:23.5243787Z hint: will change to "main" in Git 3.0. To configure the initial branch name
2026-09-23T08:44:23.5245434Z hint: to use in all of your new repositories, which will suppress this warning,
2026-09-23T08:44:23.5246825Z hint: call:
2026-09-23T08:44:23.5247541Z hint:
2026-09-23T08:44:23.5248352Z hint: 	git config --global init.defaultBranch <name>
2026-09-23T08:44:23.5249297Z hint:
2026-09-23T08:44:23.5250246Z hint: Names commonly chosen instead of 'master' are 'main', 'trunk' and
2026-09-23T08:44:23.5251711Z hint: 'development'. The just-created branch can be renamed via this command:
2026-09-23T08:44:23.5252855Z hint:
2026-09-23T08:44:23.5253794Z hint: 	git branch -m <name>
2026-09-23T08:44:23.5254620Z hint:
2026-09-23T08:44:23.5255579Z hint: Disable this message with "git config set advice.defaultBranchName false"
2026-09-23T08:44:23.5257136Z Initialized empty Git repository in /home/runner/work/log-generation/log-generation/.git/
2026-09-23T08:44:23.5260398Z [command]/usr/bin/git remote add origin https://github.com/DhruvHegde/log-generation
2026-09-23T08:44:23.5300383Z ##[endgroup]
2026-09-23T08:44:23.5301803Z ##[group]Disabling automatic garbage collection
2026-09-23T08:44:23.5303980Z [command]/usr/bin/git config --local gc.auto 0
2026-09-23T08:44:23.5333453Z ##[endgroup]
2026-09-23T08:44:23.5334657Z ##[group]Setting up auth
2026-09-23T08:44:23.5339258Z [command]/usr/bin/git config --local --name-only --get-regexp core\.sshCommand
2026-09-23T08:44:23.5369775Z [command]/usr/bin/git submodule foreach --recursive sh -c "git config --local --name-only --get-regexp 'core\.sshCommand' && git config --local --unset-all 'core.sshCommand' || :"
2026-09-23T08:44:23.5957774Z [command]/usr/bin/git config --local --name-only --get-regexp http\.https\:\/\/github\.com\/\.extraheader
2026-09-23T08:44:23.5990045Z [command]/usr/bin/git submodule foreach --recursive sh -c "git config --local --name-only --get-regexp 'http\.https\:\/\/github\.com\/\.extraheader' && git config --local --unset-all 'http.https://github.com/.extraheader' || :"
2026-09-23T08:44:23.6194997Z [command]/usr/bin/git config --local --name-only --get-regexp ^includeIf\.gitdir:
2026-09-23T08:44:23.6227592Z [command]/usr/bin/git submodule foreach --recursive git config --local --show-origin --name-only --get-regexp remote.origin.url
2026-09-23T08:44:23.6421807Z [command]/usr/bin/git config --local http.https://github.com/.extraheader AUTHORIZATION: basic ***
2026-09-23T08:44:23.6456787Z ##[endgroup]
2026-09-23T08:44:23.6457835Z ##[group]Fetching the repository
2026-09-23T08:44:23.6467290Z [command]/usr/bin/git -c protocol.version=2 fetch --no-tags --prune --no-recurse-submodules --depth=1 origin +dfcb6f158e4bd8054252a4da5d0a9edc2ab15d57:refs/remotes/origin/feature/f3-test-failures
2026-09-23T08:44:24.0863246Z From https://github.com/DhruvHegde/log-generation
2026-09-23T08:44:24.0864598Z  * [new ref]         dfcb6f158e4bd8054252a4da5d0a9edc2ab15d57 -> origin/feature/f3-test-failures
2026-09-23T08:44:24.0867352Z ##[endgroup]
2026-09-23T08:44:24.0868202Z ##[group]Determining the checkout info
2026-09-23T08:44:24.0869660Z ##[endgroup]
2026-09-23T08:44:24.0875702Z [command]/usr/bin/git sparse-checkout disable
2026-09-23T08:44:24.0952651Z [command]/usr/bin/git config --local --unset-all extensions.worktreeConfig
2026-09-23T08:44:24.0981987Z ##[group]Checking out the ref
2026-09-23T08:44:24.0985831Z [command]/usr/bin/git checkout --progress --force -B feature/f3-test-failures refs/remotes/origin/feature/f3-test-failures
2026-09-23T08:44:24.1045379Z Switched to a new branch 'feature/f3-test-failures'
2026-09-23T08:44:24.1049636Z branch 'feature/f3-test-failures' set up to track 'origin/feature/f3-test-failures'.
2026-09-23T08:44:24.1054760Z ##[endgroup]
2026-09-23T08:44:24.1093473Z [command]/usr/bin/git log -1 --format=%H
2026-09-23T08:44:24.1117520Z dfcb6f158e4bd8054252a4da5d0a9edc2ab15d57
2026-09-23T08:44:24.1375244Z Node 20 is being deprecated. This workflow is running with Node 24 by default. If you need to temporarily use Node 20, you can set the ACTIONS_ALLOW_USE_UNSECURE_NODE_VERSION=true environment variable. For more information see: https://github.blog/changelog/2025-09-19-deprecation-of-node-20-on-github-actions-runners/
2026-09-23T08:44:24.1378158Z ##[group]Run actions/setup-python@v5
2026-09-23T08:44:24.1378836Z with:
2026-09-23T08:44:24.1379312Z   python-version: 3.11
2026-09-23T08:44:24.1379845Z   check-latest: false
2026-09-23T08:44:24.1383766Z   token: ***
2026-09-23T08:44:24.1384293Z   update-environment: true
2026-09-23T08:44:24.1384893Z   allow-prereleases: false
2026-09-23T08:44:24.1385440Z   freethreaded: false
2026-09-23T08:44:24.1385974Z ##[endgroup]
2026-09-23T08:44:24.2690188Z ##[group]Installed versions
2026-09-23T08:44:24.2783217Z (node:2319) [DEP0040] DeprecationWarning: The `punycode` module is deprecated. Please use a userland alternative instead.
2026-09-23T08:44:24.2785129Z (Use `node --trace-deprecation ...` to show where the warning was created)
2026-09-23T08:44:24.2786117Z Successfully set up CPython (3.11.16)
2026-09-23T08:44:24.2787150Z ##[endgroup]
2026-09-23T08:44:24.2924767Z ##[group]Run pip install --no-cache-dir pytest
2026-09-23T08:44:24.2925606Z [36;1mpip install --no-cache-dir pytest[0m
2026-09-23T08:44:24.2978446Z shell: /usr/bin/bash -e {0}
2026-09-23T08:44:24.2979182Z env:
2026-09-23T08:44:24.2979783Z   pythonLocation: /opt/hostedtoolcache/Python/3.11.16/x64
2026-09-23T08:44:24.2980732Z   PKG_CONFIG_PATH: /opt/hostedtoolcache/Python/3.11.16/x64/lib/pkgconfig
2026-09-23T08:44:24.2982046Z   Python_ROOT_DIR: /opt/hostedtoolcache/Python/3.11.16/x64
2026-09-23T08:44:24.2982866Z   Python2_ROOT_DIR: /opt/hostedtoolcache/Python/3.11.16/x64
2026-09-23T08:44:24.2983694Z   Python3_ROOT_DIR: /opt/hostedtoolcache/Python/3.11.16/x64
2026-09-23T08:44:24.2984526Z   LD_LIBRARY_PATH: /opt/hostedtoolcache/Python/3.11.16/x64/lib
2026-09-23T08:44:24.2985350Z ##[endgroup]
2026-09-23T08:44:25.2978241Z Collecting pytest
2026-09-23T08:44:25.4037534Z   Downloading pytest-9.1.1-py3-none-any.whl.metadata (7.6 kB)
2026-09-23T08:44:25.4277060Z Collecting iniconfig>=1.0.1 (from pytest)
2026-09-23T08:44:25.4469010Z   Downloading iniconfig-2.3.0-py3-none-any.whl.metadata (2.5 kB)
2026-09-23T08:44:25.4759222Z Collecting packaging>=22 (from pytest)
2026-09-23T08:44:25.4959732Z   Downloading packaging-26.3-py3-none-any.whl.metadata (3.5 kB)
2026-09-23T08:44:25.5195334Z Collecting pluggy<2,>=1.5 (from pytest)
2026-09-23T08:44:25.5388332Z   Downloading pluggy-1.6.0-py3-none-any.whl.metadata (4.8 kB)
2026-09-23T08:44:25.5684454Z Collecting pygments>=2.7.2 (from pytest)
2026-09-23T08:44:25.5872487Z   Downloading pygments-2.21.0-py3-none-any.whl.metadata (2.5 kB)
2026-09-23T08:44:25.6090680Z Downloading pytest-9.1.1-py3-none-any.whl (386 kB)
2026-09-23T08:44:25.6954882Z Downloading pluggy-1.6.0-py3-none-any.whl (20 kB)
2026-09-23T08:44:25.7154799Z Downloading iniconfig-2.3.0-py3-none-any.whl (7.5 kB)
2026-09-23T08:44:25.7353961Z Downloading packaging-26.3-py3-none-any.whl (129 kB)
2026-09-23T08:44:25.7568491Z Downloading pygments-2.21.0-py3-none-any.whl (1.3 MB)
2026-09-23T08:44:25.7995039Z    ââââââââââââââââââââââââââââââââââââââââ 1.3/1.3 MB 28.0 MB/s  0:00:00
2026-09-23T08:44:25.8690768Z Installing collected packages: pygments, pluggy, packaging, iniconfig, pytest
2026-09-23T08:44:26.6959956Z 
2026-09-23T08:44:26.6969517Z Successfully installed iniconfig-2.3.0 packaging-26.3 pluggy-1.6.0 pygments-2.21.0 pytest-9.1.1
2026-09-23T08:44:26.7611075Z ##[group]Run python automation/inject_mutation.py --error-type "KeyError"
2026-09-23T08:44:26.7612024Z [36;1mpython automation/inject_mutation.py --error-type "KeyError"[0m
2026-09-23T08:44:26.7638570Z shell: /usr/bin/bash -e {0}
2026-09-23T08:44:26.7639010Z env:
2026-09-23T08:44:26.7639482Z   pythonLocation: /opt/hostedtoolcache/Python/3.11.16/x64
2026-09-23T08:44:26.7640259Z   PKG_CONFIG_PATH: /opt/hostedtoolcache/Python/3.11.16/x64/lib/pkgconfig
2026-09-23T08:44:26.7640857Z   Python_ROOT_DIR: /opt/hostedtoolcache/Python/3.11.16/x64
2026-09-23T08:44:26.7641535Z   Python2_ROOT_DIR: /opt/hostedtoolcache/Python/3.11.16/x64
2026-09-23T08:44:26.7642320Z   Python3_ROOT_DIR: /opt/hostedtoolcache/Python/3.11.16/x64
2026-09-23T08:44:26.7642901Z   LD_LIBRARY_PATH: /opt/hostedtoolcache/Python/3.11.16/x64/lib
2026-09-23T08:44:26.7643387Z ##[endgroup]
2026-09-23T08:44:26.7925312Z [Mutation Injected] Successfully injected KeyError into tests/test_app.py
2026-09-23T08:44:26.8003557Z ##[group]Run pytest tests/test_app.py -v
2026-09-23T08:44:26.8004108Z [36;1mpytest tests/test_app.py -v[0m
2026-09-23T08:44:26.8030873Z shell: /usr/bin/bash -e {0}
2026-09-23T08:44:26.8031331Z env:
2026-09-23T08:44:26.8031944Z   pythonLocation: /opt/hostedtoolcache/Python/3.11.16/x64
2026-09-23T08:44:26.8032550Z   PKG_CONFIG_PATH: /opt/hostedtoolcache/Python/3.11.16/x64/lib/pkgconfig
2026-09-23T08:44:26.8033155Z   Python_ROOT_DIR: /opt/hostedtoolcache/Python/3.11.16/x64
2026-09-23T08:44:26.8033752Z   Python2_ROOT_DIR: /opt/hostedtoolcache/Python/3.11.16/x64
2026-09-23T08:44:26.8034271Z   Python3_ROOT_DIR: /opt/hostedtoolcache/Python/3.11.16/x64
2026-09-23T08:44:26.8034793Z   LD_LIBRARY_PATH: /opt/hostedtoolcache/Python/3.11.16/x64/lib
2026-09-23T08:44:26.8035267Z ##[endgroup]
2026-09-23T08:44:27.0124739Z ============================= test session starts ==============================
2026-09-23T08:44:27.0126334Z platform linux -- Python 3.11.16, pytest-9.1.1, pluggy-1.6.0 -- /opt/hostedtoolcache/Python/3.11.16/x64/bin/python
2026-09-23T08:44:27.0126998Z cachedir: .pytest_cache
2026-09-23T08:44:27.0127484Z rootdir: /home/runner/work/log-generation/log-generation
2026-09-23T08:44:27.0127974Z configfile: pytest.ini
2026-09-23T08:44:27.0200453Z collecting ... collected 6 items
2026-09-23T08:44:27.0200860Z 
2026-09-23T08:44:27.0208356Z tests/test_app.py::test_calculate_division PASSED                        [ 16%]
2026-09-23T08:44:27.0213734Z tests/test_app.py::test_convert_to_int PASSED                            [ 33%]
2026-09-23T08:44:27.0219681Z tests/test_app.py::test_get_list_item PASSED                             [ 50%]
2026-09-23T08:44:27.0224750Z tests/test_app.py::test_get_dict_value PASSED                            [ 66%]
2026-09-23T08:44:27.0229761Z tests/test_app.py::test_assert_positive PASSED                           [ 83%]
2026-09-23T08:44:27.0484837Z tests/test_app.py::test_key_error FAILED                                 [100%]
2026-09-23T08:44:27.0485507Z 
2026-09-23T08:44:27.0485868Z =================================== FAILURES ===================================
2026-09-23T08:44:27.0486651Z ________________________________ test_key_error ________________________________
2026-09-23T08:44:27.0487002Z 
2026-09-23T08:44:27.0487205Z     def test_key_error():
2026-09-23T08:44:27.0487614Z         """Injected synthetic KeyError."""
2026-09-23T08:44:27.0488153Z         from src.app import get_dict_value
2026-09-23T08:44:27.0488632Z         config = {"env": "staging", "retries": 3}
2026-09-23T08:44:27.0489150Z >       get_dict_value(config, "missing_auth_token")
2026-09-23T08:44:27.0489461Z 
2026-09-23T08:44:27.0489621Z tests/test_app.py:138: 
2026-09-23T08:44:27.0490074Z _ _ _ _ _ _ _ _ _ _ _ _ _ _ _ _ _ _ _ _ _ _ _ _ _ _ _ _ _ _ _ _ _ _ _ _ _ _ _ _ 
2026-09-23T08:44:27.0490400Z 
2026-09-23T08:44:27.0490669Z d = {'env': 'staging', 'retries': 3}, key = 'missing_auth_token'
2026-09-23T08:44:27.0490977Z 
2026-09-23T08:44:27.0491177Z     def get_dict_value(d, key):
2026-09-23T08:44:27.0491902Z >       return d[key]
2026-09-23T08:44:27.0492287Z                ^^^^^^
2026-09-23T08:44:27.0492685Z E       KeyError: 'missing_auth_token'
2026-09-23T08:44:27.0492954Z 
2026-09-23T08:44:27.0493129Z src/app.py:11: KeyError
2026-09-23T08:44:27.0493614Z =========================== short test summary info ============================
2026-09-23T08:44:27.0494502Z FAILED tests/test_app.py::test_key_error - KeyError: 'missing_auth_token'
2026-09-23T08:44:27.0495167Z ========================= 1 failed, 5 passed in 0.02s ==========================
2026-09-23T08:44:27.0711912Z ##[error]Process completed with exit code 1.
2026-09-23T08:44:27.0862451Z Node 20 is being deprecated. This workflow is running with Node 24 by default. If you need to temporarily use Node 20, you can set the ACTIONS_ALLOW_USE_UNSECURE_NODE_VERSION=true environment variable. For more information see: https://github.blog/changelog/2025-09-19-deprecation-of-node-20-on-github-actions-runners/
2026-09-23T08:44:27.0863720Z Post job cleanup.
2026-09-23T08:44:27.1698628Z [command]/usr/bin/git version
2026-09-23T08:44:27.1743601Z git version 2.55.0
2026-09-23T08:44:27.1783667Z Temporarily overriding HOME='/home/runner/work/_temp/dda10647-ea7c-4a35-9b10-6d26c7a46033' before making global git config changes
2026-09-23T08:44:27.1784926Z Adding repository directory to the temporary git global config as a safe directory
2026-09-23T08:44:27.1790345Z [command]/usr/bin/git config --global --add safe.directory /home/runner/work/log-generation/log-generation
2026-09-23T08:44:27.1831052Z [command]/usr/bin/git config --local --name-only --get-regexp core\.sshCommand
2026-09-23T08:44:27.1865080Z [command]/usr/bin/git submodule foreach --recursive sh -c "git config --local --name-only --get-regexp 'core\.sshCommand' && git config --local --unset-all 'core.sshCommand' || :"
2026-09-23T08:44:27.2088194Z [command]/usr/bin/git config --local --name-only --get-regexp http\.https\:\/\/github\.com\/\.extraheader
2026-09-23T08:44:27.2118473Z http.https://github.com/.extraheader
2026-09-23T08:44:27.2131949Z [command]/usr/bin/git config --local --unset-all http.https://github.com/.extraheader
2026-09-23T08:44:27.2163971Z [command]/usr/bin/git submodule foreach --recursive sh -c "git config --local --name-only --get-regexp 'http\.https\:\/\/github\.com\/\.extraheader' && git config --local --unset-all 'http.https://github.com/.extraheader' || :"
2026-09-23T08:44:27.2368187Z [command]/usr/bin/git config --local --name-only --get-regexp ^includeIf\.gitdir:
2026-09-23T08:44:27.2424437Z [command]/usr/bin/git submodule foreach --recursive git config --local --show-origin --name-only --get-regexp remote.origin.url
2026-09-23T08:44:27.2934401Z Cleaning up orphan processes
2026-09-23T08:44:27.3211775Z ##[warning]Node.js 20 is deprecated. The following actions target Node.js 20 but are being forced to run on Node.js 24: actions/checkout@v4, actions/setup-python@v5. For more information see: https://github.blog/changelog/2025-09-19-deprecation-of-node-20-on-github-actions-runners/
