ï»¿2026-09-23T08:44:04.2407198Z Current runner version: '2.337.0'
2026-09-23T08:44:04.2432425Z ##[group]Runner Image Provisioner
2026-09-23T08:44:04.2433261Z Hosted Compute Agent
2026-09-23T08:44:04.2433947Z Version: 20260828.587
2026-09-23T08:44:04.2434622Z Commit: abac92662cab4cc7352de4f9f9d2e2419aad9c29
2026-09-23T08:44:04.2435401Z Build Date: 2026-08-28T16:44:25Z
2026-09-23T08:44:04.2436094Z Worker ID: {e075258c-f350-4c16-a071-1a2272f77428}
2026-09-23T08:44:04.2437040Z Azure Region: northcentralus
2026-09-23T08:44:04.2437719Z ##[endgroup]
2026-09-23T08:44:04.2439269Z ##[group]Operating System
2026-09-23T08:44:04.2439959Z Ubuntu
2026-09-23T08:44:04.2440491Z 24.04.5
2026-09-23T08:44:04.2441332Z LTS
2026-09-23T08:44:04.2441935Z ##[endgroup]
2026-09-23T08:44:04.2442559Z ##[group]Runner Image
2026-09-23T08:44:04.2443208Z Image: ubuntu-24.04
2026-09-23T08:44:04.2443770Z Version: 20260907.300.1
2026-09-23T08:44:04.2445073Z Included Software: https://github.com/actions/runner-images/blob/ubuntu24/20260907.300/images/ubuntu/Ubuntu2404-Readme.md
2026-09-23T08:44:04.2447010Z Image Release: https://github.com/actions/runner-images/releases/tag/ubuntu24%2F20260907.300
2026-09-23T08:44:04.2448077Z ##[endgroup]
2026-09-23T08:44:04.2449235Z ##[group]GITHUB_TOKEN Permissions
2026-09-23T08:44:04.2451507Z Contents: read
2026-09-23T08:44:04.2452210Z Metadata: read
2026-09-23T08:44:04.2452768Z Packages: read
2026-09-23T08:44:04.2453396Z ##[endgroup]
2026-09-23T08:44:04.2455518Z Secret source: Actions
2026-09-23T08:44:04.2456937Z Cache mode: write
2026-09-23T08:44:04.2458816Z Prepare workflow directory
2026-09-23T08:44:04.2807591Z Prepare all required actions
2026-09-23T08:44:04.2857001Z Getting action download info
2026-09-23T08:44:04.5605216Z Download action repository 'actions/checkout@v4' (SHA:11d5960a326750d5838078e36cf38b85af677262)
2026-09-23T08:44:04.7148704Z Download action repository 'actions/setup-python@v5' (SHA:a26af69be951a213d495a4c3e4e4022e16d87065)
2026-09-23T08:44:04.9029356Z Complete job name: test-f3 (FileNotFoundError #133)
2026-09-23T08:44:04.9921521Z Node 20 is being deprecated. This workflow is running with Node 24 by default. If you need to temporarily use Node 20, you can set the ACTIONS_ALLOW_USE_UNSECURE_NODE_VERSION=true environment variable. For more information see: https://github.blog/changelog/2025-09-19-deprecation-of-node-20-on-github-actions-runners/
2026-09-23T08:44:04.9931158Z ##[group]Run actions/checkout@v4
2026-09-23T08:44:04.9931893Z with:
2026-09-23T08:44:04.9932310Z   fetch-depth: 1
2026-09-23T08:44:04.9932781Z   repository: DhruvHegde/log-generation
2026-09-23T08:44:04.9936463Z   token: ***
2026-09-23T08:44:04.9937105Z   ssh-strict: true
2026-09-23T08:44:04.9937544Z   ssh-user: git
2026-09-23T08:44:04.9937988Z   persist-credentials: true
2026-09-23T08:44:04.9938472Z   clean: true
2026-09-23T08:44:04.9938999Z   sparse-checkout-cone-mode: true
2026-09-23T08:44:04.9939739Z   fetch-tags: false
2026-09-23T08:44:04.9940502Z   show-progress: true
2026-09-23T08:44:04.9941211Z   lfs: false
2026-09-23T08:44:04.9941738Z   submodules: false
2026-09-23T08:44:04.9942267Z   set-safe-directory: true
2026-09-23T08:44:04.9942845Z   allow-unsafe-pr-checkout: false
2026-09-23T08:44:04.9943760Z ##[endgroup]
2026-09-23T08:44:05.1004544Z Syncing repository: DhruvHegde/log-generation
2026-09-23T08:44:05.1006348Z ##[group]Getting Git version info
2026-09-23T08:44:05.1007605Z Working directory is '/home/runner/work/log-generation/log-generation'
2026-09-23T08:44:05.1008700Z [command]/usr/bin/git version
2026-09-23T08:44:05.1108280Z git version 2.55.0
2026-09-23T08:44:05.1131838Z ##[endgroup]
2026-09-23T08:44:05.1149988Z Temporarily overriding HOME='/home/runner/work/_temp/f11c3040-b389-42b4-8829-74552e7be276' before making global git config changes
2026-09-23T08:44:05.1152595Z Adding repository directory to the temporary git global config as a safe directory
2026-09-23T08:44:05.1156123Z [command]/usr/bin/git config --global --add safe.directory /home/runner/work/log-generation/log-generation
2026-09-23T08:44:05.1217607Z Deleting the contents of '/home/runner/work/log-generation/log-generation'
2026-09-23T08:44:05.1222035Z ##[group]Initializing the repository
2026-09-23T08:44:05.1227730Z [command]/usr/bin/git init /home/runner/work/log-generation/log-generation
2026-09-23T08:44:05.1365255Z hint: Using 'master' as the name for the initial branch. This default branch name
2026-09-23T08:44:05.1367301Z hint: will change to "main" in Git 3.0. To configure the initial branch name
2026-09-23T08:44:05.1369064Z hint: to use in all of your new repositories, which will suppress this warning,
2026-09-23T08:44:05.1370787Z hint: call:
2026-09-23T08:44:05.1371522Z hint:
2026-09-23T08:44:05.1372471Z hint: 	git config --global init.defaultBranch <name>
2026-09-23T08:44:05.1373607Z hint:
2026-09-23T08:44:05.1374660Z hint: Names commonly chosen instead of 'master' are 'main', 'trunk' and
2026-09-23T08:44:05.1376409Z hint: 'development'. The just-created branch can be renamed via this command:
2026-09-23T08:44:05.1377997Z hint:
2026-09-23T08:44:05.1378816Z hint: 	git branch -m <name>
2026-09-23T08:44:05.1379726Z hint:
2026-09-23T08:44:05.1380825Z hint: Disable this message with "git config set advice.defaultBranchName false"
2026-09-23T08:44:05.1382643Z Initialized empty Git repository in /home/runner/work/log-generation/log-generation/.git/
2026-09-23T08:44:05.1386843Z [command]/usr/bin/git remote add origin https://github.com/DhruvHegde/log-generation
2026-09-23T08:44:05.1447931Z ##[endgroup]
2026-09-23T08:44:05.1449254Z ##[group]Disabling automatic garbage collection
2026-09-23T08:44:05.1451865Z [command]/usr/bin/git config --local gc.auto 0
2026-09-23T08:44:05.1487632Z ##[endgroup]
2026-09-23T08:44:05.1489005Z ##[group]Setting up auth
2026-09-23T08:44:05.1495891Z [command]/usr/bin/git config --local --name-only --get-regexp core\.sshCommand
2026-09-23T08:44:05.1536927Z [command]/usr/bin/git submodule foreach --recursive sh -c "git config --local --name-only --get-regexp 'core\.sshCommand' && git config --local --unset-all 'core.sshCommand' || :"
2026-09-23T08:44:05.1966156Z [command]/usr/bin/git config --local --name-only --get-regexp http\.https\:\/\/github\.com\/\.extraheader
2026-09-23T08:44:05.2005219Z [command]/usr/bin/git submodule foreach --recursive sh -c "git config --local --name-only --get-regexp 'http\.https\:\/\/github\.com\/\.extraheader' && git config --local --unset-all 'http.https://github.com/.extraheader' || :"
2026-09-23T08:44:05.2251905Z [command]/usr/bin/git config --local --name-only --get-regexp ^includeIf\.gitdir:
2026-09-23T08:44:05.2288991Z [command]/usr/bin/git submodule foreach --recursive git config --local --show-origin --name-only --get-regexp remote.origin.url
2026-09-23T08:44:05.2524411Z [command]/usr/bin/git config --local http.https://github.com/.extraheader AUTHORIZATION: basic ***
2026-09-23T08:44:05.2567414Z ##[endgroup]
2026-09-23T08:44:05.2568937Z ##[group]Fetching the repository
2026-09-23T08:44:05.2579154Z [command]/usr/bin/git -c protocol.version=2 fetch --no-tags --prune --no-recurse-submodules --depth=1 origin +dfcb6f158e4bd8054252a4da5d0a9edc2ab15d57:refs/remotes/origin/feature/f3-test-failures
2026-09-23T08:44:05.5859880Z From https://github.com/DhruvHegde/log-generation
2026-09-23T08:44:05.5862506Z  * [new ref]         dfcb6f158e4bd8054252a4da5d0a9edc2ab15d57 -> origin/feature/f3-test-failures
2026-09-23T08:44:05.5865738Z ##[endgroup]
2026-09-23T08:44:05.5867079Z ##[group]Determining the checkout info
2026-09-23T08:44:05.5868158Z ##[endgroup]
2026-09-23T08:44:05.5868725Z [command]/usr/bin/git sparse-checkout disable
2026-09-23T08:44:05.5870271Z [command]/usr/bin/git config --local --unset-all extensions.worktreeConfig
2026-09-23T08:44:05.5909153Z ##[group]Checking out the ref
2026-09-23T08:44:05.5911822Z [command]/usr/bin/git checkout --progress --force -B feature/f3-test-failures refs/remotes/origin/feature/f3-test-failures
2026-09-23T08:44:05.6009402Z Switched to a new branch 'feature/f3-test-failures'
2026-09-23T08:44:05.6014637Z branch 'feature/f3-test-failures' set up to track 'origin/feature/f3-test-failures'.
2026-09-23T08:44:05.6063990Z ##[endgroup]
2026-09-23T08:44:05.6068179Z [command]/usr/bin/git log -1 --format=%H
2026-09-23T08:44:05.6095681Z dfcb6f158e4bd8054252a4da5d0a9edc2ab15d57
2026-09-23T08:44:05.6425911Z Node 20 is being deprecated. This workflow is running with Node 24 by default. If you need to temporarily use Node 20, you can set the ACTIONS_ALLOW_USE_UNSECURE_NODE_VERSION=true environment variable. For more information see: https://github.blog/changelog/2025-09-19-deprecation-of-node-20-on-github-actions-runners/
2026-09-23T08:44:05.6430407Z ##[group]Run actions/setup-python@v5
2026-09-23T08:44:05.6431359Z with:
2026-09-23T08:44:05.6432122Z   python-version: 3.11
2026-09-23T08:44:05.6432983Z   check-latest: false
2026-09-23T08:44:05.6438294Z   token: ***
2026-09-23T08:44:05.6439133Z   update-environment: true
2026-09-23T08:44:05.6440027Z   allow-prereleases: false
2026-09-23T08:44:05.6440866Z   freethreaded: false
2026-09-23T08:44:05.6441650Z ##[endgroup]
2026-09-23T08:44:05.7789401Z ##[group]Installed versions
2026-09-23T08:44:05.7889862Z (node:2250) [DEP0040] DeprecationWarning: The `punycode` module is deprecated. Please use a userland alternative instead.
2026-09-23T08:44:05.7892733Z (Use `node --trace-deprecation ...` to show where the warning was created)
2026-09-23T08:44:05.7894826Z Successfully set up CPython (3.11.16)
2026-09-23T08:44:05.7897562Z ##[endgroup]
2026-09-23T08:44:05.8217879Z ##[group]Run pip install --no-cache-dir pytest
2026-09-23T08:44:05.8219326Z [36;1mpip install --no-cache-dir pytest[0m
2026-09-23T08:44:05.8295846Z shell: /usr/bin/bash -e {0}
2026-09-23T08:44:05.8297208Z env:
2026-09-23T08:44:05.8298140Z   pythonLocation: /opt/hostedtoolcache/Python/3.11.16/x64
2026-09-23T08:44:05.8299499Z   PKG_CONFIG_PATH: /opt/hostedtoolcache/Python/3.11.16/x64/lib/pkgconfig
2026-09-23T08:44:05.8300815Z   Python_ROOT_DIR: /opt/hostedtoolcache/Python/3.11.16/x64
2026-09-23T08:44:05.8302005Z   Python2_ROOT_DIR: /opt/hostedtoolcache/Python/3.11.16/x64
2026-09-23T08:44:05.8303195Z   Python3_ROOT_DIR: /opt/hostedtoolcache/Python/3.11.16/x64
2026-09-23T08:44:05.8304462Z   LD_LIBRARY_PATH: /opt/hostedtoolcache/Python/3.11.16/x64/lib
2026-09-23T08:44:05.8305525Z ##[endgroup]
2026-09-23T08:44:09.2330523Z Collecting pytest
2026-09-23T08:44:09.2827769Z   Downloading pytest-9.1.1-py3-none-any.whl.metadata (7.6 kB)
2026-09-23T08:44:09.2918870Z Collecting iniconfig>=1.0.1 (from pytest)
2026-09-23T08:44:09.2952635Z   Downloading iniconfig-2.3.0-py3-none-any.whl.metadata (2.5 kB)
2026-09-23T08:44:09.3064171Z Collecting packaging>=22 (from pytest)
2026-09-23T08:44:09.3099424Z   Downloading packaging-26.3-py3-none-any.whl.metadata (3.5 kB)
2026-09-23T08:44:09.3184755Z Collecting pluggy<2,>=1.5 (from pytest)
2026-09-23T08:44:09.3219282Z   Downloading pluggy-1.6.0-py3-none-any.whl.metadata (4.8 kB)
2026-09-23T08:44:09.3359186Z Collecting pygments>=2.7.2 (from pytest)
2026-09-23T08:44:09.3393858Z   Downloading pygments-2.21.0-py3-none-any.whl.metadata (2.5 kB)
2026-09-23T08:44:09.3472888Z Downloading pytest-9.1.1-py3-none-any.whl (386 kB)
2026-09-23T08:44:09.3633425Z Downloading pluggy-1.6.0-py3-none-any.whl (20 kB)
2026-09-23T08:44:09.3665314Z Downloading iniconfig-2.3.0-py3-none-any.whl (7.5 kB)
2026-09-23T08:44:09.3697055Z Downloading packaging-26.3-py3-none-any.whl (129 kB)
2026-09-23T08:44:09.3733003Z Downloading pygments-2.21.0-py3-none-any.whl (1.3 MB)
2026-09-23T08:44:09.3815717Z    ââââââââââââââââââââââââââââââââââââââââ 1.3/1.3 MB 243.6 MB/s  0:00:00
2026-09-23T08:44:09.5829194Z Installing collected packages: pygments, pluggy, packaging, iniconfig, pytest
2026-09-23T08:44:10.5643721Z 
2026-09-23T08:44:10.5654131Z Successfully installed iniconfig-2.3.0 packaging-26.3 pluggy-1.6.0 pygments-2.21.0 pytest-9.1.1
2026-09-23T08:44:10.6231271Z ##[group]Run python automation/inject_mutation.py --error-type "FileNotFoundError"
2026-09-23T08:44:10.6231963Z [36;1mpython automation/inject_mutation.py --error-type "FileNotFoundError"[0m
2026-09-23T08:44:10.6271128Z shell: /usr/bin/bash -e {0}
2026-09-23T08:44:10.6271392Z env:
2026-09-23T08:44:10.6271909Z   pythonLocation: /opt/hostedtoolcache/Python/3.11.16/x64
2026-09-23T08:44:10.6272361Z   PKG_CONFIG_PATH: /opt/hostedtoolcache/Python/3.11.16/x64/lib/pkgconfig
2026-09-23T08:44:10.6272797Z   Python_ROOT_DIR: /opt/hostedtoolcache/Python/3.11.16/x64
2026-09-23T08:44:10.6273185Z   Python2_ROOT_DIR: /opt/hostedtoolcache/Python/3.11.16/x64
2026-09-23T08:44:10.6273589Z   Python3_ROOT_DIR: /opt/hostedtoolcache/Python/3.11.16/x64
2026-09-23T08:44:10.6273996Z   LD_LIBRARY_PATH: /opt/hostedtoolcache/Python/3.11.16/x64/lib
2026-09-23T08:44:10.6274368Z ##[endgroup]
2026-09-23T08:44:10.6575539Z [Mutation Injected] Successfully injected FileNotFoundError into tests/test_app.py
2026-09-23T08:44:10.6647510Z ##[group]Run pytest tests/test_app.py -v
2026-09-23T08:44:10.6647892Z [36;1mpytest tests/test_app.py -v[0m
2026-09-23T08:44:10.6686202Z shell: /usr/bin/bash -e {0}
2026-09-23T08:44:10.6686611Z env:
2026-09-23T08:44:10.6686894Z   pythonLocation: /opt/hostedtoolcache/Python/3.11.16/x64
2026-09-23T08:44:10.6687373Z   PKG_CONFIG_PATH: /opt/hostedtoolcache/Python/3.11.16/x64/lib/pkgconfig
2026-09-23T08:44:10.6687820Z   Python_ROOT_DIR: /opt/hostedtoolcache/Python/3.11.16/x64
2026-09-23T08:44:10.6688223Z   Python2_ROOT_DIR: /opt/hostedtoolcache/Python/3.11.16/x64
2026-09-23T08:44:10.6688618Z   Python3_ROOT_DIR: /opt/hostedtoolcache/Python/3.11.16/x64
2026-09-23T08:44:10.6689010Z   LD_LIBRARY_PATH: /opt/hostedtoolcache/Python/3.11.16/x64/lib
2026-09-23T08:44:10.6689349Z ##[endgroup]
2026-09-23T08:44:11.1037381Z ============================= test session starts ==============================
2026-09-23T08:44:11.1038355Z platform linux -- Python 3.11.16, pytest-9.1.1, pluggy-1.6.0 -- /opt/hostedtoolcache/Python/3.11.16/x64/bin/python
2026-09-23T08:44:11.1039051Z cachedir: .pytest_cache
2026-09-23T08:44:11.1039446Z rootdir: /home/runner/work/log-generation/log-generation
2026-09-23T08:44:11.1039887Z configfile: pytest.ini
2026-09-23T08:44:11.1126324Z collecting ... collected 6 items
2026-09-23T08:44:11.1127007Z 
2026-09-23T08:44:11.1135391Z tests/test_app.py::test_calculate_division PASSED                        [ 16%]
2026-09-23T08:44:11.1142973Z tests/test_app.py::test_convert_to_int PASSED                            [ 33%]
2026-09-23T08:44:11.1152787Z tests/test_app.py::test_get_list_item PASSED                             [ 50%]
2026-09-23T08:44:11.1160945Z tests/test_app.py::test_get_dict_value PASSED                            [ 66%]
2026-09-23T08:44:11.1169673Z tests/test_app.py::test_assert_positive PASSED                           [ 83%]
2026-09-23T08:44:11.1421953Z tests/test_app.py::test_file_not_found_error FAILED                      [100%]
2026-09-23T08:44:11.1422756Z 
2026-09-23T08:44:11.1423039Z =================================== FAILURES ===================================
2026-09-23T08:44:11.1423734Z __________________________ test_file_not_found_error ___________________________
2026-09-23T08:44:11.1424250Z 
2026-09-23T08:44:11.1424432Z     def test_file_not_found_error():
2026-09-23T08:44:11.1424986Z         """Injected synthetic FileNotFoundError."""
2026-09-23T08:44:11.1425572Z         from src.app import read_config_file
2026-09-23T08:44:11.1426244Z >       read_config_file("fixtures/non_existent_pipeline_config.json")
2026-09-23T08:44:11.1427001Z 
2026-09-23T08:44:11.1427180Z tests/test_app.py:137: 
2026-09-23T08:44:11.1427693Z _ _ _ _ _ _ _ _ _ _ _ _ _ _ _ _ _ _ _ _ _ _ _ _ _ _ _ _ _ _ _ _ _ _ _ _ _ _ _ _ 
2026-09-23T08:44:11.1428137Z 
2026-09-23T08:44:11.1428417Z path = 'fixtures/non_existent_pipeline_config.json'
2026-09-23T08:44:11.1428832Z 
2026-09-23T08:44:11.1429002Z     def read_config_file(path):
2026-09-23T08:44:11.1429464Z >       with open(path, "r") as f:
2026-09-23T08:44:11.1429918Z              ^^^^^^^^^^^^^^^
2026-09-23T08:44:11.1430713Z E       FileNotFoundError: [Errno 2] No such file or directory: 'fixtures/non_existent_pipeline_config.json'
2026-09-23T08:44:11.1431460Z 
2026-09-23T08:44:11.1431653Z src/app.py:17: FileNotFoundError
2026-09-23T08:44:11.1432213Z =========================== short test summary info ============================
2026-09-23T08:44:11.1433881Z FAILED tests/test_app.py::test_file_not_found_error - FileNotFoundError: [Errno 2] No such file or directory: 'fixtures/non_existent_pipeline_config.json'
2026-09-23T08:44:11.1435165Z ========================= 1 failed, 5 passed in 0.03s ==========================
2026-09-23T08:44:11.1624945Z ##[error]Process completed with exit code 1.
2026-09-23T08:44:11.1773561Z Node 20 is being deprecated. This workflow is running with Node 24 by default. If you need to temporarily use Node 20, you can set the ACTIONS_ALLOW_USE_UNSECURE_NODE_VERSION=true environment variable. For more information see: https://github.blog/changelog/2025-09-19-deprecation-of-node-20-on-github-actions-runners/
2026-09-23T08:44:11.1774824Z Post job cleanup.
2026-09-23T08:44:11.2659781Z [command]/usr/bin/git version
2026-09-23T08:44:11.2705595Z git version 2.55.0
2026-09-23T08:44:11.2746708Z Temporarily overriding HOME='/home/runner/work/_temp/c0b5261e-0a15-4b3b-9387-ec21a8710412' before making global git config changes
2026-09-23T08:44:11.2748454Z Adding repository directory to the temporary git global config as a safe directory
2026-09-23T08:44:11.2752571Z [command]/usr/bin/git config --global --add safe.directory /home/runner/work/log-generation/log-generation
2026-09-23T08:44:11.2794049Z [command]/usr/bin/git config --local --name-only --get-regexp core\.sshCommand
2026-09-23T08:44:11.2838357Z [command]/usr/bin/git submodule foreach --recursive sh -c "git config --local --name-only --get-regexp 'core\.sshCommand' && git config --local --unset-all 'core.sshCommand' || :"
2026-09-23T08:44:11.3102884Z [command]/usr/bin/git config --local --name-only --get-regexp http\.https\:\/\/github\.com\/\.extraheader
2026-09-23T08:44:11.3134967Z http.https://github.com/.extraheader
2026-09-23T08:44:11.3148085Z [command]/usr/bin/git config --local --unset-all http.https://github.com/.extraheader
2026-09-23T08:44:11.3199483Z [command]/usr/bin/git submodule foreach --recursive sh -c "git config --local --name-only --get-regexp 'http\.https\:\/\/github\.com\/\.extraheader' && git config --local --unset-all 'http.https://github.com/.extraheader' || :"
2026-09-23T08:44:11.3474574Z [command]/usr/bin/git config --local --name-only --get-regexp ^includeIf\.gitdir:
2026-09-23T08:44:11.3521883Z [command]/usr/bin/git submodule foreach --recursive git config --local --show-origin --name-only --get-regexp remote.origin.url
2026-09-23T08:44:11.3946107Z Cleaning up orphan processes
2026-09-23T08:44:11.4259532Z ##[warning]Node.js 20 is deprecated. The following actions target Node.js 20 but are being forced to run on Node.js 24: actions/checkout@v4, actions/setup-python@v5. For more information see: https://github.blog/changelog/2025-09-19-deprecation-of-node-20-on-github-actions-runners/
