ï»¿2026-09-23T08:49:33.2643178Z Current runner version: '2.337.0'
2026-09-23T08:49:33.2668567Z ##[group]Runner Image Provisioner
2026-09-23T08:49:33.2669389Z Hosted Compute Agent
2026-09-23T08:49:33.2670095Z Version: 20260828.587
2026-09-23T08:49:33.2670782Z Commit: abac92662cab4cc7352de4f9f9d2e2419aad9c29
2026-09-23T08:49:33.2671627Z Build Date: 2026-08-28T16:44:25Z
2026-09-23T08:49:33.2672889Z Worker ID: {88a7f035-047e-41eb-950c-46a6ee64232b}
2026-09-23T08:49:33.2673691Z Azure Region: eastus2
2026-09-23T08:49:33.2674349Z ##[endgroup]
2026-09-23T08:49:33.2675891Z ##[group]Operating System
2026-09-23T08:49:33.2676596Z Ubuntu
2026-09-23T08:49:33.2677171Z 24.04.5
2026-09-23T08:49:33.2677683Z LTS
2026-09-23T08:49:33.2678746Z ##[endgroup]
2026-09-23T08:49:33.2679314Z ##[group]Runner Image
2026-09-23T08:49:33.2679988Z Image: ubuntu-24.04
2026-09-23T08:49:33.2680592Z Version: 20260920.314.1
2026-09-23T08:49:33.2682206Z Included Software: https://github.com/actions/runner-images/blob/ubuntu24/20260920.314/images/ubuntu/Ubuntu2404-Readme.md
2026-09-23T08:49:33.2683826Z Image Release: https://github.com/actions/runner-images/releases/tag/ubuntu24%2F20260920.314
2026-09-23T08:49:33.2684887Z ##[endgroup]
2026-09-23T08:49:33.2686123Z ##[group]GITHUB_TOKEN Permissions
2026-09-23T08:49:33.2688351Z Contents: read
2026-09-23T08:49:33.2688971Z Metadata: read
2026-09-23T08:49:33.2689531Z Packages: read
2026-09-23T08:49:33.2690176Z ##[endgroup]
2026-09-23T08:49:33.2692835Z Secret source: Actions
2026-09-23T08:49:33.2693883Z Cache mode: write
2026-09-23T08:49:33.2694874Z Prepare workflow directory
2026-09-23T08:49:33.3160350Z Prepare all required actions
2026-09-23T08:49:33.3232435Z Getting action download info
2026-09-23T08:49:33.5407124Z Download action repository 'actions/checkout@v4' (SHA:11d5960a326750d5838078e36cf38b85af677262)
2026-09-23T08:49:33.6246849Z Download action repository 'actions/setup-python@v5' (SHA:a26af69be951a213d495a4c3e4e4022e16d87065)
2026-09-23T08:49:33.8106627Z Complete job name: test-f3 (AttributeError #154)
2026-09-23T08:49:33.8881453Z Node 20 is being deprecated. This workflow is running with Node 24 by default. If you need to temporarily use Node 20, you can set the ACTIONS_ALLOW_USE_UNSECURE_NODE_VERSION=true environment variable. For more information see: https://github.blog/changelog/2025-09-19-deprecation-of-node-20-on-github-actions-runners/
2026-09-23T08:49:33.8890364Z ##[group]Run actions/checkout@v4
2026-09-23T08:49:33.8891114Z with:
2026-09-23T08:49:33.8891546Z   fetch-depth: 1
2026-09-23T08:49:33.8892241Z   repository: DhruvHegde/log-generation
2026-09-23T08:49:33.8896006Z   token: ***
2026-09-23T08:49:33.8896440Z   ssh-strict: true
2026-09-23T08:49:33.8896877Z   ssh-user: git
2026-09-23T08:49:33.8897326Z   persist-credentials: true
2026-09-23T08:49:33.8897824Z   clean: true
2026-09-23T08:49:33.8898277Z   sparse-checkout-cone-mode: true
2026-09-23T08:49:33.8898808Z   fetch-tags: false
2026-09-23T08:49:33.8899260Z   show-progress: true
2026-09-23T08:49:33.8899710Z   lfs: false
2026-09-23T08:49:33.8900168Z   submodules: false
2026-09-23T08:49:33.8900658Z   set-safe-directory: true
2026-09-23T08:49:33.8901174Z   allow-unsafe-pr-checkout: false
2026-09-23T08:49:33.8902224Z ##[endgroup]
2026-09-23T08:49:33.9954962Z Syncing repository: DhruvHegde/log-generation
2026-09-23T08:49:33.9957795Z ##[group]Getting Git version info
2026-09-23T08:49:33.9959178Z Working directory is '/home/runner/work/log-generation/log-generation'
2026-09-23T08:49:33.9960981Z [command]/usr/bin/git version
2026-09-23T08:49:33.9987158Z git version 2.55.0
2026-09-23T08:49:34.0008785Z ##[endgroup]
2026-09-23T08:49:34.0023667Z Temporarily overriding HOME='/home/runner/work/_temp/1683730e-aa13-4d95-a85d-62d3407d4b29' before making global git config changes
2026-09-23T08:49:34.0026043Z Adding repository directory to the temporary git global config as a safe directory
2026-09-23T08:49:34.0028999Z [command]/usr/bin/git config --global --add safe.directory /home/runner/work/log-generation/log-generation
2026-09-23T08:49:34.0081450Z Deleting the contents of '/home/runner/work/log-generation/log-generation'
2026-09-23T08:49:34.0093282Z ##[group]Initializing the repository
2026-09-23T08:49:34.0105753Z [command]/usr/bin/git init /home/runner/work/log-generation/log-generation
2026-09-23T08:49:34.0204378Z hint: Using 'master' as the name for the initial branch. This default branch name
2026-09-23T08:49:34.0208960Z hint: will change to "main" in Git 3.0. To configure the initial branch name
2026-09-23T08:49:34.0210700Z hint: to use in all of your new repositories, which will suppress this warning,
2026-09-23T08:49:34.0212341Z hint: call:
2026-09-23T08:49:34.0213051Z hint:
2026-09-23T08:49:34.0213950Z hint: 	git config --global init.defaultBranch <name>
2026-09-23T08:49:34.0215042Z hint:
2026-09-23T08:49:34.0216036Z hint: Names commonly chosen instead of 'master' are 'main', 'trunk' and
2026-09-23T08:49:34.0217610Z hint: 'development'. The just-created branch can be renamed via this command:
2026-09-23T08:49:34.0218887Z hint:
2026-09-23T08:49:34.0219575Z hint: 	git branch -m <name>
2026-09-23T08:49:34.0220085Z hint:
2026-09-23T08:49:34.0220731Z hint: Disable this message with "git config set advice.defaultBranchName false"
2026-09-23T08:49:34.0222544Z Initialized empty Git repository in /home/runner/work/log-generation/log-generation/.git/
2026-09-23T08:49:34.0227080Z [command]/usr/bin/git remote add origin https://github.com/DhruvHegde/log-generation
2026-09-23T08:49:34.0280961Z ##[endgroup]
2026-09-23T08:49:34.0282771Z ##[group]Disabling automatic garbage collection
2026-09-23T08:49:34.0285588Z [command]/usr/bin/git config --local gc.auto 0
2026-09-23T08:49:34.0324351Z ##[endgroup]
2026-09-23T08:49:34.0325948Z ##[group]Setting up auth
2026-09-23T08:49:34.0341107Z [command]/usr/bin/git config --local --name-only --get-regexp core\.sshCommand
2026-09-23T08:49:34.0371161Z [command]/usr/bin/git submodule foreach --recursive sh -c "git config --local --name-only --get-regexp 'core\.sshCommand' && git config --local --unset-all 'core.sshCommand' || :"
2026-09-23T08:49:34.0764879Z [command]/usr/bin/git config --local --name-only --get-regexp http\.https\:\/\/github\.com\/\.extraheader
2026-09-23T08:49:34.0812644Z [command]/usr/bin/git submodule foreach --recursive sh -c "git config --local --name-only --get-regexp 'http\.https\:\/\/github\.com\/\.extraheader' && git config --local --unset-all 'http.https://github.com/.extraheader' || :"
2026-09-23T08:49:34.1051177Z [command]/usr/bin/git config --local --name-only --get-regexp ^includeIf\.gitdir:
2026-09-23T08:49:34.1091050Z [command]/usr/bin/git submodule foreach --recursive git config --local --show-origin --name-only --get-regexp remote.origin.url
2026-09-23T08:49:34.1330540Z [command]/usr/bin/git config --local http.https://github.com/.extraheader AUTHORIZATION: basic ***
2026-09-23T08:49:34.1373684Z ##[endgroup]
2026-09-23T08:49:34.1385334Z ##[group]Fetching the repository
2026-09-23T08:49:34.1388211Z [command]/usr/bin/git -c protocol.version=2 fetch --no-tags --prune --no-recurse-submodules --depth=1 origin +43f20917de93b9aad51cf79a69ad5239c5632917:refs/remotes/origin/feature/f3-test-failures
2026-09-23T08:49:34.4226585Z From https://github.com/DhruvHegde/log-generation
2026-09-23T08:49:34.4229768Z  * [new ref]         43f20917de93b9aad51cf79a69ad5239c5632917 -> origin/feature/f3-test-failures
2026-09-23T08:49:34.4232993Z ##[endgroup]
2026-09-23T08:49:34.4233992Z ##[group]Determining the checkout info
2026-09-23T08:49:34.4235110Z ##[endgroup]
2026-09-23T08:49:34.4241943Z [command]/usr/bin/git sparse-checkout disable
2026-09-23T08:49:34.4298944Z [command]/usr/bin/git config --local --unset-all extensions.worktreeConfig
2026-09-23T08:49:34.4334659Z ##[group]Checking out the ref
2026-09-23T08:49:34.4346999Z [command]/usr/bin/git checkout --progress --force -B feature/f3-test-failures refs/remotes/origin/feature/f3-test-failures
2026-09-23T08:49:34.4745142Z Switched to a new branch 'feature/f3-test-failures'
2026-09-23T08:49:34.4749134Z branch 'feature/f3-test-failures' set up to track 'origin/feature/f3-test-failures'.
2026-09-23T08:49:34.4758748Z ##[endgroup]
2026-09-23T08:49:34.4817167Z [command]/usr/bin/git log -1 --format=%H
2026-09-23T08:49:34.4844648Z 43f20917de93b9aad51cf79a69ad5239c5632917
2026-09-23T08:49:34.5160735Z Node 20 is being deprecated. This workflow is running with Node 24 by default. If you need to temporarily use Node 20, you can set the ACTIONS_ALLOW_USE_UNSECURE_NODE_VERSION=true environment variable. For more information see: https://github.blog/changelog/2025-09-19-deprecation-of-node-20-on-github-actions-runners/
2026-09-23T08:49:34.5164498Z ##[group]Run actions/setup-python@v5
2026-09-23T08:49:34.5165132Z with:
2026-09-23T08:49:34.5165609Z   python-version: 3.11
2026-09-23T08:49:34.5166138Z   check-latest: false
2026-09-23T08:49:34.5170009Z   token: ***
2026-09-23T08:49:34.5170504Z   update-environment: true
2026-09-23T08:49:34.5171062Z   allow-prereleases: false
2026-09-23T08:49:34.5171595Z   freethreaded: false
2026-09-23T08:49:34.5172295Z ##[endgroup]
2026-09-23T08:49:34.6533919Z ##[group]Installed versions
2026-09-23T08:49:34.6629705Z (node:2184) [DEP0040] DeprecationWarning: The `punycode` module is deprecated. Please use a userland alternative instead.
2026-09-23T08:49:34.6632846Z (Use `node --trace-deprecation ...` to show where the warning was created)
2026-09-23T08:49:34.6634728Z Successfully set up CPython (3.11.16)
2026-09-23T08:49:34.6636633Z ##[endgroup]
2026-09-23T08:49:34.6846183Z ##[group]Run pip install --no-cache-dir pytest
2026-09-23T08:49:34.6847470Z [36;1mpip install --no-cache-dir pytest[0m
2026-09-23T08:49:34.7159251Z shell: /usr/bin/bash -e {0}
2026-09-23T08:49:34.7160092Z env:
2026-09-23T08:49:34.7160880Z   pythonLocation: /opt/hostedtoolcache/Python/3.11.16/x64
2026-09-23T08:49:34.7162652Z   PKG_CONFIG_PATH: /opt/hostedtoolcache/Python/3.11.16/x64/lib/pkgconfig
2026-09-23T08:49:34.7231137Z   Python_ROOT_DIR: /opt/hostedtoolcache/Python/3.11.16/x64
2026-09-23T08:49:34.7232879Z   Python2_ROOT_DIR: /opt/hostedtoolcache/Python/3.11.16/x64
2026-09-23T08:49:34.7234266Z   Python3_ROOT_DIR: /opt/hostedtoolcache/Python/3.11.16/x64
2026-09-23T08:49:34.7235703Z   LD_LIBRARY_PATH: /opt/hostedtoolcache/Python/3.11.16/x64/lib
2026-09-23T08:49:34.7236836Z ##[endgroup]
2026-09-23T08:49:35.5550676Z Collecting pytest
2026-09-23T08:49:35.6218155Z   Downloading pytest-9.1.1-py3-none-any.whl.metadata (7.6 kB)
2026-09-23T08:49:35.6348355Z Collecting iniconfig>=1.0.1 (from pytest)
2026-09-23T08:49:35.6430613Z   Downloading iniconfig-2.3.0-py3-none-any.whl.metadata (2.5 kB)
2026-09-23T08:49:35.6586326Z Collecting packaging>=22 (from pytest)
2026-09-23T08:49:35.6667623Z   Downloading packaging-26.3-py3-none-any.whl.metadata (3.5 kB)
2026-09-23T08:49:35.6794713Z Collecting pluggy<2,>=1.5 (from pytest)
2026-09-23T08:49:35.6877946Z   Downloading pluggy-1.6.0-py3-none-any.whl.metadata (4.8 kB)
2026-09-23T08:49:35.7060180Z Collecting pygments>=2.7.2 (from pytest)
2026-09-23T08:49:35.7137648Z   Downloading pygments-2.21.0-py3-none-any.whl.metadata (2.5 kB)
2026-09-23T08:49:35.7241342Z Downloading pytest-9.1.1-py3-none-any.whl (386 kB)
2026-09-23T08:49:35.7558364Z Downloading pluggy-1.6.0-py3-none-any.whl (20 kB)
2026-09-23T08:49:35.7633662Z Downloading iniconfig-2.3.0-py3-none-any.whl (7.5 kB)
2026-09-23T08:49:35.7712713Z Downloading packaging-26.3-py3-none-any.whl (129 kB)
2026-09-23T08:49:35.7791185Z Downloading pygments-2.21.0-py3-none-any.whl (1.3 MB)
2026-09-23T08:49:35.7996380Z    ââââââââââââââââââââââââââââââââââââââââ 1.3/1.3 MB 80.3 MB/s  0:00:00
2026-09-23T08:49:35.8656584Z Installing collected packages: pygments, pluggy, packaging, iniconfig, pytest
2026-09-23T08:49:36.8623640Z 
2026-09-23T08:49:36.8633154Z Successfully installed iniconfig-2.3.0 packaging-26.3 pluggy-1.6.0 pygments-2.21.0 pytest-9.1.1
2026-09-23T08:49:36.9226545Z ##[group]Run python automation/inject_mutation.py --error-type "AttributeError"
2026-09-23T08:49:36.9227209Z [36;1mpython automation/inject_mutation.py --error-type "AttributeError"[0m
2026-09-23T08:49:36.9293947Z shell: /usr/bin/bash -e {0}
2026-09-23T08:49:36.9294222Z env:
2026-09-23T08:49:36.9294791Z   pythonLocation: /opt/hostedtoolcache/Python/3.11.16/x64
2026-09-23T08:49:36.9295242Z   PKG_CONFIG_PATH: /opt/hostedtoolcache/Python/3.11.16/x64/lib/pkgconfig
2026-09-23T08:49:36.9295681Z   Python_ROOT_DIR: /opt/hostedtoolcache/Python/3.11.16/x64
2026-09-23T08:49:36.9296075Z   Python2_ROOT_DIR: /opt/hostedtoolcache/Python/3.11.16/x64
2026-09-23T08:49:36.9296465Z   Python3_ROOT_DIR: /opt/hostedtoolcache/Python/3.11.16/x64
2026-09-23T08:49:36.9296849Z   LD_LIBRARY_PATH: /opt/hostedtoolcache/Python/3.11.16/x64/lib
2026-09-23T08:49:36.9297179Z ##[endgroup]
2026-09-23T08:49:36.9625754Z [Mutation Injected] Successfully injected AttributeError into tests/test_app.py
2026-09-23T08:49:36.9703552Z ##[group]Run pytest tests/test_app.py -v
2026-09-23T08:49:36.9703938Z [36;1mpytest tests/test_app.py -v[0m
2026-09-23T08:49:36.9769987Z shell: /usr/bin/bash -e {0}
2026-09-23T08:49:36.9770267Z env:
2026-09-23T08:49:36.9770538Z   pythonLocation: /opt/hostedtoolcache/Python/3.11.16/x64
2026-09-23T08:49:36.9770992Z   PKG_CONFIG_PATH: /opt/hostedtoolcache/Python/3.11.16/x64/lib/pkgconfig
2026-09-23T08:49:36.9771488Z   Python_ROOT_DIR: /opt/hostedtoolcache/Python/3.11.16/x64
2026-09-23T08:49:36.9772254Z   Python2_ROOT_DIR: /opt/hostedtoolcache/Python/3.11.16/x64
2026-09-23T08:49:36.9772652Z   Python3_ROOT_DIR: /opt/hostedtoolcache/Python/3.11.16/x64
2026-09-23T08:49:36.9773046Z   LD_LIBRARY_PATH: /opt/hostedtoolcache/Python/3.11.16/x64/lib
2026-09-23T08:49:36.9773381Z ##[endgroup]
2026-09-23T08:49:37.2067631Z ============================= test session starts ==============================
2026-09-23T08:49:37.2069258Z platform linux -- Python 3.11.16, pytest-9.1.1, pluggy-1.6.0 -- /opt/hostedtoolcache/Python/3.11.16/x64/bin/python
2026-09-23T08:49:37.2070470Z cachedir: .pytest_cache
2026-09-23T08:49:37.2071220Z rootdir: /home/runner/work/log-generation/log-generation
2026-09-23T08:49:37.2072344Z configfile: pytest.ini
2026-09-23T08:49:37.2161368Z collecting ... collected 6 items
2026-09-23T08:49:37.2162162Z 
2026-09-23T08:49:37.2171056Z tests/test_app.py::test_calculate_division PASSED                        [ 16%]
2026-09-23T08:49:37.2179775Z tests/test_app.py::test_convert_to_int PASSED                            [ 33%]
2026-09-23T08:49:37.2188423Z tests/test_app.py::test_get_list_item PASSED                             [ 50%]
2026-09-23T08:49:37.2196505Z tests/test_app.py::test_get_dict_value PASSED                            [ 66%]
2026-09-23T08:49:37.2204390Z tests/test_app.py::test_assert_positive PASSED                           [ 83%]
2026-09-23T08:49:37.2484195Z tests/test_app.py::test_attribute_error FAILED                           [100%]
2026-09-23T08:49:37.2484937Z 
2026-09-23T08:49:37.2485463Z =================================== FAILURES ===================================
2026-09-23T08:49:37.2486218Z _____________________________ test_attribute_error _____________________________
2026-09-23T08:49:37.2486728Z 
2026-09-23T08:49:37.2486911Z     def test_attribute_error():
2026-09-23T08:49:37.2487408Z         """Injected synthetic AttributeError."""
2026-09-23T08:49:37.2487995Z         from src.app import get_object_attribute
2026-09-23T08:49:37.2488540Z >       get_object_attribute(object())
2026-09-23T08:49:37.2488884Z 
2026-09-23T08:49:37.2489046Z tests/test_app.py:139: 
2026-09-23T08:49:37.2489577Z _ _ _ _ _ _ _ _ _ _ _ _ _ _ _ _ _ _ _ _ _ _ _ _ _ _ _ _ _ _ _ _ _ _ _ _ _ _ _ _ 
2026-09-23T08:49:37.2490542Z 
2026-09-23T08:49:37.2490751Z obj = <object object at 0x7fbe45b85370>
2026-09-23T08:49:37.2491111Z 
2026-09-23T08:49:37.2491303Z     def get_object_attribute(obj):
2026-09-23T08:49:37.2492052Z >       return obj.non_existent_attribute
2026-09-23T08:49:37.2492590Z                ^^^^^^^^^^^^^^^^^^^^^^^^^^
2026-09-23T08:49:37.2493285Z E       AttributeError: 'object' object has no attribute 'non_existent_attribute'
2026-09-23T08:49:37.2494059Z 
2026-09-23T08:49:37.2494579Z src/app.py:14: AttributeError
2026-09-23T08:49:37.2495163Z =========================== short test summary info ============================
2026-09-23T08:49:37.2496647Z FAILED tests/test_app.py::test_attribute_error - AttributeError: 'object' object has no attribute 'non_existent_attribute'
2026-09-23T08:49:37.2497803Z ========================= 1 failed, 5 passed in 0.03s ==========================
2026-09-23T08:49:37.2681439Z ##[error]Process completed with exit code 1.
2026-09-23T08:49:37.2828457Z Node 20 is being deprecated. This workflow is running with Node 24 by default. If you need to temporarily use Node 20, you can set the ACTIONS_ALLOW_USE_UNSECURE_NODE_VERSION=true environment variable. For more information see: https://github.blog/changelog/2025-09-19-deprecation-of-node-20-on-github-actions-runners/
2026-09-23T08:49:37.2829765Z Post job cleanup.
2026-09-23T08:49:37.3687966Z [command]/usr/bin/git version
2026-09-23T08:49:37.3754590Z git version 2.55.0
2026-09-23T08:49:37.3799704Z Temporarily overriding HOME='/home/runner/work/_temp/1a82744f-f634-4dfc-9c25-ffc54d3f5e49' before making global git config changes
2026-09-23T08:49:37.3801085Z Adding repository directory to the temporary git global config as a safe directory
2026-09-23T08:49:37.3806046Z [command]/usr/bin/git config --global --add safe.directory /home/runner/work/log-generation/log-generation
2026-09-23T08:49:37.3847772Z [command]/usr/bin/git config --local --name-only --get-regexp core\.sshCommand
2026-09-23T08:49:37.3886678Z [command]/usr/bin/git submodule foreach --recursive sh -c "git config --local --name-only --get-regexp 'core\.sshCommand' && git config --local --unset-all 'core.sshCommand' || :"
2026-09-23T08:49:37.4149143Z [command]/usr/bin/git config --local --name-only --get-regexp http\.https\:\/\/github\.com\/\.extraheader
2026-09-23T08:49:37.4180240Z http.https://github.com/.extraheader
2026-09-23T08:49:37.4193198Z [command]/usr/bin/git config --local --unset-all http.https://github.com/.extraheader
2026-09-23T08:49:37.4233506Z [command]/usr/bin/git submodule foreach --recursive sh -c "git config --local --name-only --get-regexp 'http\.https\:\/\/github\.com\/\.extraheader' && git config --local --unset-all 'http.https://github.com/.extraheader' || :"
2026-09-23T08:49:37.4503474Z [command]/usr/bin/git config --local --name-only --get-regexp ^includeIf\.gitdir:
2026-09-23T08:49:37.4547274Z [command]/usr/bin/git submodule foreach --recursive git config --local --show-origin --name-only --get-regexp remote.origin.url
2026-09-23T08:49:37.4946076Z Cleaning up orphan processes
2026-09-23T08:49:37.5208010Z ##[warning]Node.js 20 is deprecated. The following actions target Node.js 20 but are being forced to run on Node.js 24: actions/checkout@v4, actions/setup-python@v5. For more information see: https://github.blog/changelog/2025-09-19-deprecation-of-node-20-on-github-actions-runners/
