ï»¿2026-09-23T08:49:48.4935411Z Current runner version: '2.337.0'
2026-09-23T08:49:48.4959766Z ##[group]Runner Image Provisioner
2026-09-23T08:49:48.4960653Z Hosted Compute Agent
2026-09-23T08:49:48.4961304Z Version: 20260828.587
2026-09-23T08:49:48.4962052Z Commit: abac92662cab4cc7352de4f9f9d2e2419aad9c29
2026-09-23T08:49:48.4962806Z Build Date: 2026-08-28T16:44:25Z
2026-09-23T08:49:48.4963592Z Worker ID: {f4596bb3-cf3e-441b-a0be-d970b59268d9}
2026-09-23T08:49:48.4964347Z Azure Region: westcentralus
2026-09-23T08:49:48.4965284Z ##[endgroup]
2026-09-23T08:49:48.4967157Z ##[group]Operating System
2026-09-23T08:49:48.4967816Z Ubuntu
2026-09-23T08:49:48.4968414Z 24.04.5
2026-09-23T08:49:48.4968964Z LTS
2026-09-23T08:49:48.4969826Z ##[endgroup]
2026-09-23T08:49:48.4970518Z ##[group]Runner Image
2026-09-23T08:49:48.4971188Z Image: ubuntu-24.04
2026-09-23T08:49:48.4971824Z Version: 20260907.300.1
2026-09-23T08:49:48.4973134Z Included Software: https://github.com/actions/runner-images/blob/ubuntu24/20260907.300/images/ubuntu/Ubuntu2404-Readme.md
2026-09-23T08:49:48.4975023Z Image Release: https://github.com/actions/runner-images/releases/tag/ubuntu24%2F20260907.300
2026-09-23T08:49:48.4976131Z ##[endgroup]
2026-09-23T08:49:48.4977397Z ##[group]GITHUB_TOKEN Permissions
2026-09-23T08:49:48.4979605Z Contents: read
2026-09-23T08:49:48.4980309Z Metadata: read
2026-09-23T08:49:48.4980898Z Packages: read
2026-09-23T08:49:48.4981453Z ##[endgroup]
2026-09-23T08:49:48.4983515Z Secret source: Actions
2026-09-23T08:49:48.4984754Z Cache mode: write
2026-09-23T08:49:48.4985902Z Prepare workflow directory
2026-09-23T08:49:48.5321926Z Prepare all required actions
2026-09-23T08:49:48.5369668Z Getting action download info
2026-09-23T08:49:48.8814561Z Download action repository 'actions/checkout@v4' (SHA:11d5960a326750d5838078e36cf38b85af677262)
2026-09-23T08:49:48.9952539Z Download action repository 'actions/setup-python@v5' (SHA:a26af69be951a213d495a4c3e4e4022e16d87065)
2026-09-23T08:49:49.1764173Z Complete job name: test-f3 (AssertionError #187)
2026-09-23T08:49:49.2539571Z Node 20 is being deprecated. This workflow is running with Node 24 by default. If you need to temporarily use Node 20, you can set the ACTIONS_ALLOW_USE_UNSECURE_NODE_VERSION=true environment variable. For more information see: https://github.blog/changelog/2025-09-19-deprecation-of-node-20-on-github-actions-runners/
2026-09-23T08:49:49.2548720Z ##[group]Run actions/checkout@v4
2026-09-23T08:49:49.2549480Z with:
2026-09-23T08:49:49.2549919Z   fetch-depth: 1
2026-09-23T08:49:49.2550412Z   repository: DhruvHegde/log-generation
2026-09-23T08:49:49.2554716Z   token: ***
2026-09-23T08:49:49.2555175Z   ssh-strict: true
2026-09-23T08:49:49.2555629Z   ssh-user: git
2026-09-23T08:49:49.2556082Z   persist-credentials: true
2026-09-23T08:49:49.2556590Z   clean: true
2026-09-23T08:49:49.2557058Z   sparse-checkout-cone-mode: true
2026-09-23T08:49:49.2557591Z   fetch-tags: false
2026-09-23T08:49:49.2558051Z   show-progress: true
2026-09-23T08:49:49.2558519Z   lfs: false
2026-09-23T08:49:49.2558980Z   submodules: false
2026-09-23T08:49:49.2559466Z   set-safe-directory: true
2026-09-23T08:49:49.2559992Z   allow-unsafe-pr-checkout: false
2026-09-23T08:49:49.2560837Z ##[endgroup]
2026-09-23T08:49:49.3575761Z Syncing repository: DhruvHegde/log-generation
2026-09-23T08:49:49.3577640Z ##[group]Getting Git version info
2026-09-23T08:49:49.3578469Z Working directory is '/home/runner/work/log-generation/log-generation'
2026-09-23T08:49:49.3579602Z [command]/usr/bin/git version
2026-09-23T08:49:49.3687576Z git version 2.55.0
2026-09-23T08:49:49.3708280Z ##[endgroup]
2026-09-23T08:49:49.3719235Z Temporarily overriding HOME='/home/runner/work/_temp/29223670-e985-46a9-a451-da46a77449dd' before making global git config changes
2026-09-23T08:49:49.3728553Z Adding repository directory to the temporary git global config as a safe directory
2026-09-23T08:49:49.3731507Z [command]/usr/bin/git config --global --add safe.directory /home/runner/work/log-generation/log-generation
2026-09-23T08:49:49.3811244Z Deleting the contents of '/home/runner/work/log-generation/log-generation'
2026-09-23T08:49:49.3816130Z ##[group]Initializing the repository
2026-09-23T08:49:49.3821749Z [command]/usr/bin/git init /home/runner/work/log-generation/log-generation
2026-09-23T08:49:49.3933132Z hint: Using 'master' as the name for the initial branch. This default branch name
2026-09-23T08:49:49.3934931Z hint: will change to "main" in Git 3.0. To configure the initial branch name
2026-09-23T08:49:49.3935936Z hint: to use in all of your new repositories, which will suppress this warning,
2026-09-23T08:49:49.3936716Z hint: call:
2026-09-23T08:49:49.3937140Z hint:
2026-09-23T08:49:49.3937690Z hint: 	git config --global init.defaultBranch <name>
2026-09-23T08:49:49.3938336Z hint:
2026-09-23T08:49:49.3938950Z hint: Names commonly chosen instead of 'master' are 'main', 'trunk' and
2026-09-23T08:49:49.3939931Z hint: 'development'. The just-created branch can be renamed via this command:
2026-09-23T08:49:49.3940688Z hint:
2026-09-23T08:49:49.3941165Z hint: 	git branch -m <name>
2026-09-23T08:49:49.3941676Z hint:
2026-09-23T08:49:49.3942341Z hint: Disable this message with "git config set advice.defaultBranchName false"
2026-09-23T08:49:49.3949680Z Initialized empty Git repository in /home/runner/work/log-generation/log-generation/.git/
2026-09-23T08:49:49.3959087Z [command]/usr/bin/git remote add origin https://github.com/DhruvHegde/log-generation
2026-09-23T08:49:49.4006812Z ##[endgroup]
2026-09-23T08:49:49.4008012Z ##[group]Disabling automatic garbage collection
2026-09-23T08:49:49.4011235Z [command]/usr/bin/git config --local gc.auto 0
2026-09-23T08:49:49.4053398Z ##[endgroup]
2026-09-23T08:49:49.4054247Z ##[group]Setting up auth
2026-09-23T08:49:49.4061815Z [command]/usr/bin/git config --local --name-only --get-regexp core\.sshCommand
2026-09-23T08:49:49.4099625Z [command]/usr/bin/git submodule foreach --recursive sh -c "git config --local --name-only --get-regexp 'core\.sshCommand' && git config --local --unset-all 'core.sshCommand' || :"
2026-09-23T08:49:49.4488695Z [command]/usr/bin/git config --local --name-only --get-regexp http\.https\:\/\/github\.com\/\.extraheader
2026-09-23T08:49:49.4528640Z [command]/usr/bin/git submodule foreach --recursive sh -c "git config --local --name-only --get-regexp 'http\.https\:\/\/github\.com\/\.extraheader' && git config --local --unset-all 'http.https://github.com/.extraheader' || :"
2026-09-23T08:49:49.4767191Z [command]/usr/bin/git config --local --name-only --get-regexp ^includeIf\.gitdir:
2026-09-23T08:49:49.4803549Z [command]/usr/bin/git submodule foreach --recursive git config --local --show-origin --name-only --get-regexp remote.origin.url
2026-09-23T08:49:49.5026439Z [command]/usr/bin/git config --local http.https://github.com/.extraheader AUTHORIZATION: basic ***
2026-09-23T08:49:49.5063768Z ##[endgroup]
2026-09-23T08:49:49.5064969Z ##[group]Fetching the repository
2026-09-23T08:49:49.5073789Z [command]/usr/bin/git -c protocol.version=2 fetch --no-tags --prune --no-recurse-submodules --depth=1 origin +43f20917de93b9aad51cf79a69ad5239c5632917:refs/remotes/origin/feature/f3-test-failures
2026-09-23T08:49:50.3519970Z From https://github.com/DhruvHegde/log-generation
2026-09-23T08:49:50.3522253Z  * [new ref]         43f20917de93b9aad51cf79a69ad5239c5632917 -> origin/feature/f3-test-failures
2026-09-23T08:49:50.3527542Z ##[endgroup]
2026-09-23T08:49:50.3529671Z ##[group]Determining the checkout info
2026-09-23T08:49:50.3531754Z ##[endgroup]
2026-09-23T08:49:50.3535328Z [command]/usr/bin/git sparse-checkout disable
2026-09-23T08:49:50.3631168Z [command]/usr/bin/git config --local --unset-all extensions.worktreeConfig
2026-09-23T08:49:50.3665432Z ##[group]Checking out the ref
2026-09-23T08:49:50.3679045Z [command]/usr/bin/git checkout --progress --force -B feature/f3-test-failures refs/remotes/origin/feature/f3-test-failures
2026-09-23T08:49:50.4070300Z Switched to a new branch 'feature/f3-test-failures'
2026-09-23T08:49:50.4079964Z branch 'feature/f3-test-failures' set up to track 'origin/feature/f3-test-failures'.
2026-09-23T08:49:50.4088289Z ##[endgroup]
2026-09-23T08:49:50.4134152Z [command]/usr/bin/git log -1 --format=%H
2026-09-23T08:49:50.4160853Z 43f20917de93b9aad51cf79a69ad5239c5632917
2026-09-23T08:49:50.4528532Z Node 20 is being deprecated. This workflow is running with Node 24 by default. If you need to temporarily use Node 20, you can set the ACTIONS_ALLOW_USE_UNSECURE_NODE_VERSION=true environment variable. For more information see: https://github.blog/changelog/2025-09-19-deprecation-of-node-20-on-github-actions-runners/
2026-09-23T08:49:50.4533858Z ##[group]Run actions/setup-python@v5
2026-09-23T08:49:50.4535263Z with:
2026-09-23T08:49:50.4536218Z   python-version: 3.11
2026-09-23T08:49:50.4537288Z   check-latest: false
2026-09-23T08:49:50.4547059Z   token: ***
2026-09-23T08:49:50.4548098Z   update-environment: true
2026-09-23T08:49:50.4549244Z   allow-prereleases: false
2026-09-23T08:49:50.4550362Z   freethreaded: false
2026-09-23T08:49:50.4551394Z ##[endgroup]
2026-09-23T08:49:50.5896630Z ##[group]Installed versions
2026-09-23T08:49:50.5991735Z (node:2316) [DEP0040] DeprecationWarning: The `punycode` module is deprecated. Please use a userland alternative instead.
2026-09-23T08:49:50.5995994Z (Use `node --trace-deprecation ...` to show where the warning was created)
2026-09-23T08:49:50.5998948Z Successfully set up CPython (3.11.16)
2026-09-23T08:49:50.6001943Z ##[endgroup]
2026-09-23T08:49:50.6202763Z ##[group]Run pip install --no-cache-dir pytest
2026-09-23T08:49:50.6204274Z [36;1mpip install --no-cache-dir pytest[0m
2026-09-23T08:49:50.6267703Z shell: /usr/bin/bash -e {0}
2026-09-23T08:49:50.6268828Z env:
2026-09-23T08:49:50.6270236Z   pythonLocation: /opt/hostedtoolcache/Python/3.11.16/x64
2026-09-23T08:49:50.6272478Z   PKG_CONFIG_PATH: /opt/hostedtoolcache/Python/3.11.16/x64/lib/pkgconfig
2026-09-23T08:49:50.6274198Z   Python_ROOT_DIR: /opt/hostedtoolcache/Python/3.11.16/x64
2026-09-23T08:49:50.6275922Z   Python2_ROOT_DIR: /opt/hostedtoolcache/Python/3.11.16/x64
2026-09-23T08:49:50.6362069Z   Python3_ROOT_DIR: /opt/hostedtoolcache/Python/3.11.16/x64
2026-09-23T08:49:50.6363868Z   LD_LIBRARY_PATH: /opt/hostedtoolcache/Python/3.11.16/x64/lib
2026-09-23T08:49:50.6365525Z ##[endgroup]
2026-09-23T08:49:51.6215797Z Collecting pytest
2026-09-23T08:49:51.7157035Z   Downloading pytest-9.1.1-py3-none-any.whl.metadata (7.6 kB)
2026-09-23T08:49:51.7401051Z Collecting iniconfig>=1.0.1 (from pytest)
2026-09-23T08:49:51.7591098Z   Downloading iniconfig-2.3.0-py3-none-any.whl.metadata (2.5 kB)
2026-09-23T08:49:51.7857738Z Collecting packaging>=22 (from pytest)
2026-09-23T08:49:51.8049794Z   Downloading packaging-26.3-py3-none-any.whl.metadata (3.5 kB)
2026-09-23T08:49:51.8292486Z Collecting pluggy<2,>=1.5 (from pytest)
2026-09-23T08:49:51.8486688Z   Downloading pluggy-1.6.0-py3-none-any.whl.metadata (4.8 kB)
2026-09-23T08:49:51.8797656Z Collecting pygments>=2.7.2 (from pytest)
2026-09-23T08:49:51.8989984Z   Downloading pygments-2.21.0-py3-none-any.whl.metadata (2.5 kB)
2026-09-23T08:49:51.9209878Z Downloading pytest-9.1.1-py3-none-any.whl (386 kB)
2026-09-23T08:49:52.0088162Z Downloading pluggy-1.6.0-py3-none-any.whl (20 kB)
2026-09-23T08:49:52.0283741Z Downloading iniconfig-2.3.0-py3-none-any.whl (7.5 kB)
2026-09-23T08:49:52.0476463Z Downloading packaging-26.3-py3-none-any.whl (129 kB)
2026-09-23T08:49:52.0685106Z Downloading pygments-2.21.0-py3-none-any.whl (1.3 MB)
2026-09-23T08:49:52.1113594Z    ââââââââââââââââââââââââââââââââââââââââ 1.3/1.3 MB 28.1 MB/s  0:00:00
2026-09-23T08:49:52.1741202Z Installing collected packages: pygments, pluggy, packaging, iniconfig, pytest
2026-09-23T08:49:53.1525826Z 
2026-09-23T08:49:53.1534685Z Successfully installed iniconfig-2.3.0 packaging-26.3 pluggy-1.6.0 pygments-2.21.0 pytest-9.1.1
2026-09-23T08:49:53.2054861Z ##[group]Run python automation/inject_mutation.py --error-type "AssertionError"
2026-09-23T08:49:53.2055542Z [36;1mpython automation/inject_mutation.py --error-type "AssertionError"[0m
2026-09-23T08:49:53.2093838Z shell: /usr/bin/bash -e {0}
2026-09-23T08:49:53.2094092Z env:
2026-09-23T08:49:53.2094898Z   pythonLocation: /opt/hostedtoolcache/Python/3.11.16/x64
2026-09-23T08:49:53.2095350Z   PKG_CONFIG_PATH: /opt/hostedtoolcache/Python/3.11.16/x64/lib/pkgconfig
2026-09-23T08:49:53.2095810Z   Python_ROOT_DIR: /opt/hostedtoolcache/Python/3.11.16/x64
2026-09-23T08:49:53.2096203Z   Python2_ROOT_DIR: /opt/hostedtoolcache/Python/3.11.16/x64
2026-09-23T08:49:53.2096593Z   Python3_ROOT_DIR: /opt/hostedtoolcache/Python/3.11.16/x64
2026-09-23T08:49:53.2096991Z   LD_LIBRARY_PATH: /opt/hostedtoolcache/Python/3.11.16/x64/lib
2026-09-23T08:49:53.2097312Z ##[endgroup]
2026-09-23T08:49:53.2389915Z [Mutation Injected] Successfully injected AssertionError into tests/test_app.py
2026-09-23T08:49:53.2458404Z ##[group]Run pytest tests/test_app.py -v
2026-09-23T08:49:53.2458775Z [36;1mpytest tests/test_app.py -v[0m
2026-09-23T08:49:53.2493905Z shell: /usr/bin/bash -e {0}
2026-09-23T08:49:53.2494170Z env:
2026-09-23T08:49:53.2494677Z   pythonLocation: /opt/hostedtoolcache/Python/3.11.16/x64
2026-09-23T08:49:53.2495137Z   PKG_CONFIG_PATH: /opt/hostedtoolcache/Python/3.11.16/x64/lib/pkgconfig
2026-09-23T08:49:53.2495593Z   Python_ROOT_DIR: /opt/hostedtoolcache/Python/3.11.16/x64
2026-09-23T08:49:53.2495984Z   Python2_ROOT_DIR: /opt/hostedtoolcache/Python/3.11.16/x64
2026-09-23T08:49:53.2496367Z   Python3_ROOT_DIR: /opt/hostedtoolcache/Python/3.11.16/x64
2026-09-23T08:49:53.2496753Z   LD_LIBRARY_PATH: /opt/hostedtoolcache/Python/3.11.16/x64/lib
2026-09-23T08:49:53.2497078Z ##[endgroup]
2026-09-23T08:49:53.6379594Z ============================= test session starts ==============================
2026-09-23T08:49:53.6381078Z platform linux -- Python 3.11.16, pytest-9.1.1, pluggy-1.6.0 -- /opt/hostedtoolcache/Python/3.11.16/x64/bin/python
2026-09-23T08:49:53.6382158Z cachedir: .pytest_cache
2026-09-23T08:49:53.6382777Z rootdir: /home/runner/work/log-generation/log-generation
2026-09-23T08:49:53.6383467Z configfile: pytest.ini
2026-09-23T08:49:53.6505074Z collecting ... collected 6 items
2026-09-23T08:49:53.6505449Z 
2026-09-23T08:49:53.6514964Z tests/test_app.py::test_calculate_division PASSED                        [ 16%]
2026-09-23T08:49:53.6522382Z tests/test_app.py::test_convert_to_int PASSED                            [ 33%]
2026-09-23T08:49:53.6530139Z tests/test_app.py::test_get_list_item PASSED                             [ 50%]
2026-09-23T08:49:53.6537790Z tests/test_app.py::test_get_dict_value PASSED                            [ 66%]
2026-09-23T08:49:53.6544841Z tests/test_app.py::test_assert_positive PASSED                           [ 83%]
2026-09-23T08:49:53.6779389Z tests/test_app.py::test_assertion_failure FAILED                         [100%]
2026-09-23T08:49:53.6779970Z 
2026-09-23T08:49:53.6780236Z =================================== FAILURES ===================================
2026-09-23T08:49:53.6780910Z ____________________________ test_assertion_failure ____________________________
2026-09-23T08:49:53.6781353Z 
2026-09-23T08:49:53.6781536Z     def test_assertion_failure():
2026-09-23T08:49:53.6782035Z         """Injected synthetic AssertionError."""
2026-09-23T08:49:53.6782582Z         expected_status = 200
2026-09-23T08:49:53.6783012Z         actual_status = 500
2026-09-23T08:49:53.6783808Z >       assert actual_status == expected_status, f"Expected {expected_status}, received {actual_status}"
2026-09-23T08:49:53.6784954Z E       AssertionError: Expected 200, received 500
2026-09-23T08:49:53.6785490Z E       assert 500 == 200
2026-09-23T08:49:53.6785755Z 
2026-09-23T08:49:53.6785948Z tests/test_app.py:140: AssertionError
2026-09-23T08:49:53.6786527Z =========================== short test summary info ============================
2026-09-23T08:49:53.6787457Z FAILED tests/test_app.py::test_assertion_failure - AssertionError: Expected 200, received 500
2026-09-23T08:49:53.6788256Z assert 500 == 200
2026-09-23T08:49:53.6788725Z ========================= 1 failed, 5 passed in 0.03s ==========================
2026-09-23T08:49:53.6971814Z ##[error]Process completed with exit code 1.
2026-09-23T08:49:53.7120259Z Node 20 is being deprecated. This workflow is running with Node 24 by default. If you need to temporarily use Node 20, you can set the ACTIONS_ALLOW_USE_UNSECURE_NODE_VERSION=true environment variable. For more information see: https://github.blog/changelog/2025-09-19-deprecation-of-node-20-on-github-actions-runners/
2026-09-23T08:49:53.7121685Z Post job cleanup.
2026-09-23T08:49:53.7955734Z [command]/usr/bin/git version
2026-09-23T08:49:53.8001399Z git version 2.55.0
2026-09-23T08:49:53.8041794Z Temporarily overriding HOME='/home/runner/work/_temp/e07e989d-9d3c-4e45-a3d4-c0216aea51d1' before making global git config changes
2026-09-23T08:49:53.8043387Z Adding repository directory to the temporary git global config as a safe directory
2026-09-23T08:49:53.8048374Z [command]/usr/bin/git config --global --add safe.directory /home/runner/work/log-generation/log-generation
2026-09-23T08:49:53.8089761Z [command]/usr/bin/git config --local --name-only --get-regexp core\.sshCommand
2026-09-23T08:49:53.8136713Z [command]/usr/bin/git submodule foreach --recursive sh -c "git config --local --name-only --get-regexp 'core\.sshCommand' && git config --local --unset-all 'core.sshCommand' || :"
2026-09-23T08:49:53.8387211Z [command]/usr/bin/git config --local --name-only --get-regexp http\.https\:\/\/github\.com\/\.extraheader
2026-09-23T08:49:53.8415896Z http.https://github.com/.extraheader
2026-09-23T08:49:53.8428914Z [command]/usr/bin/git config --local --unset-all http.https://github.com/.extraheader
2026-09-23T08:49:53.8465658Z [command]/usr/bin/git submodule foreach --recursive sh -c "git config --local --name-only --get-regexp 'http\.https\:\/\/github\.com\/\.extraheader' && git config --local --unset-all 'http.https://github.com/.extraheader' || :"
2026-09-23T08:49:53.8754162Z [command]/usr/bin/git config --local --name-only --get-regexp ^includeIf\.gitdir:
2026-09-23T08:49:53.8821926Z [command]/usr/bin/git submodule foreach --recursive git config --local --show-origin --name-only --get-regexp remote.origin.url
2026-09-23T08:49:53.9310563Z Cleaning up orphan processes
2026-09-23T08:49:53.9585827Z ##[warning]Node.js 20 is deprecated. The following actions target Node.js 20 but are being forced to run on Node.js 24: actions/checkout@v4, actions/setup-python@v5. For more information see: https://github.blog/changelog/2025-09-19-deprecation-of-node-20-on-github-actions-runners/
