ï»¿2026-09-23T08:43:29.6652135Z Current runner version: '2.337.0'
2026-09-23T08:43:29.6677692Z ##[group]Runner Image Provisioner
2026-09-23T08:43:29.6678552Z Hosted Compute Agent
2026-09-23T08:43:29.6679531Z Version: 20260828.587
2026-09-23T08:43:29.6680206Z Commit: abac92662cab4cc7352de4f9f9d2e2419aad9c29
2026-09-23T08:43:29.6680996Z Build Date: 2026-08-28T16:44:25Z
2026-09-23T08:43:29.6681722Z Worker ID: {856665f1-1a31-4dda-8d76-69412c26fb6b}
2026-09-23T08:43:29.6682461Z Azure Region: eastus
2026-09-23T08:43:29.6683092Z ##[endgroup]
2026-09-23T08:43:29.6684601Z ##[group]Operating System
2026-09-23T08:43:29.6685340Z Ubuntu
2026-09-23T08:43:29.6685885Z 24.04.5
2026-09-23T08:43:29.6686436Z LTS
2026-09-23T08:43:29.6687454Z ##[endgroup]
2026-09-23T08:43:29.6688030Z ##[group]Runner Image
2026-09-23T08:43:29.6688632Z Image: ubuntu-24.04
2026-09-23T08:43:29.6689755Z Version: 20260907.300.1
2026-09-23T08:43:29.6691093Z Included Software: https://github.com/actions/runner-images/blob/ubuntu24/20260907.300/images/ubuntu/Ubuntu2404-Readme.md
2026-09-23T08:43:29.6692743Z Image Release: https://github.com/actions/runner-images/releases/tag/ubuntu24%2F20260907.300
2026-09-23T08:43:29.6693735Z ##[endgroup]
2026-09-23T08:43:29.6695090Z ##[group]GITHUB_TOKEN Permissions
2026-09-23T08:43:29.6697343Z Contents: read
2026-09-23T08:43:29.6698075Z Metadata: read
2026-09-23T08:43:29.6699105Z Packages: read
2026-09-23T08:43:29.6699762Z ##[endgroup]
2026-09-23T08:43:29.6701887Z Secret source: Actions
2026-09-23T08:43:29.6702878Z Cache mode: write
2026-09-23T08:43:29.6703995Z Prepare workflow directory
2026-09-23T08:43:29.7043251Z Prepare all required actions
2026-09-23T08:43:29.7092903Z Getting action download info
2026-09-23T08:43:29.9274855Z Download action repository 'actions/checkout@v4' (SHA:11d5960a326750d5838078e36cf38b85af677262)
2026-09-23T08:43:30.0563839Z Download action repository 'actions/setup-python@v5' (SHA:a26af69be951a213d495a4c3e4e4022e16d87065)
2026-09-23T08:43:30.2839314Z Complete job name: test-f3 (ValueError #51)
2026-09-23T08:43:30.3605694Z Node 20 is being deprecated. This workflow is running with Node 24 by default. If you need to temporarily use Node 20, you can set the ACTIONS_ALLOW_USE_UNSECURE_NODE_VERSION=true environment variable. For more information see: https://github.blog/changelog/2025-09-19-deprecation-of-node-20-on-github-actions-runners/
2026-09-23T08:43:30.3614661Z ##[group]Run actions/checkout@v4
2026-09-23T08:43:30.3615416Z with:
2026-09-23T08:43:30.3615838Z   fetch-depth: 1
2026-09-23T08:43:30.3616316Z   repository: DhruvHegde/log-generation
2026-09-23T08:43:30.3620285Z   token: ***
2026-09-23T08:43:30.3620730Z   ssh-strict: true
2026-09-23T08:43:30.3621178Z   ssh-user: git
2026-09-23T08:43:30.3621624Z   persist-credentials: true
2026-09-23T08:43:30.3622123Z   clean: true
2026-09-23T08:43:30.3622577Z   sparse-checkout-cone-mode: true
2026-09-23T08:43:30.3623102Z   fetch-tags: false
2026-09-23T08:43:30.3623540Z   show-progress: true
2026-09-23T08:43:30.3623982Z   lfs: false
2026-09-23T08:43:30.3624423Z   submodules: false
2026-09-23T08:43:30.3624888Z   set-safe-directory: true
2026-09-23T08:43:30.3625391Z   allow-unsafe-pr-checkout: false
2026-09-23T08:43:30.3626188Z ##[endgroup]
2026-09-23T08:43:30.4642948Z Syncing repository: DhruvHegde/log-generation
2026-09-23T08:43:30.4645601Z ##[group]Getting Git version info
2026-09-23T08:43:30.4646863Z Working directory is '/home/runner/work/log-generation/log-generation'
2026-09-23T08:43:30.4649105Z [command]/usr/bin/git version
2026-09-23T08:43:30.4716309Z git version 2.55.0
2026-09-23T08:43:30.4739904Z ##[endgroup]
2026-09-23T08:43:30.4757952Z Temporarily overriding HOME='/home/runner/work/_temp/39bdf617-f325-4e40-b3b6-b5db0e8b8d7b' before making global git config changes
2026-09-23T08:43:30.4760611Z Adding repository directory to the temporary git global config as a safe directory
2026-09-23T08:43:30.4764634Z [command]/usr/bin/git config --global --add safe.directory /home/runner/work/log-generation/log-generation
2026-09-23T08:43:30.4820516Z Deleting the contents of '/home/runner/work/log-generation/log-generation'
2026-09-23T08:43:30.4824979Z ##[group]Initializing the repository
2026-09-23T08:43:30.4830349Z [command]/usr/bin/git init /home/runner/work/log-generation/log-generation
2026-09-23T08:43:30.4924980Z hint: Using 'master' as the name for the initial branch. This default branch name
2026-09-23T08:43:30.4926767Z hint: will change to "main" in Git 3.0. To configure the initial branch name
2026-09-23T08:43:30.4928333Z hint: to use in all of your new repositories, which will suppress this warning,
2026-09-23T08:43:30.4930275Z hint: call:
2026-09-23T08:43:30.4930940Z hint:
2026-09-23T08:43:30.4931821Z hint: 	git config --global init.defaultBranch <name>
2026-09-23T08:43:30.4932974Z hint:
2026-09-23T08:43:30.4933819Z hint: Names commonly chosen instead of 'master' are 'main', 'trunk' and
2026-09-23T08:43:30.4934797Z hint: 'development'. The just-created branch can be renamed via this command:
2026-09-23T08:43:30.4935612Z hint:
2026-09-23T08:43:30.4936079Z hint: 	git branch -m <name>
2026-09-23T08:43:30.4936578Z hint:
2026-09-23T08:43:30.4937214Z hint: Disable this message with "git config set advice.defaultBranchName false"
2026-09-23T08:43:30.4938494Z Initialized empty Git repository in /home/runner/work/log-generation/log-generation/.git/
2026-09-23T08:43:30.4950375Z [command]/usr/bin/git remote add origin https://github.com/DhruvHegde/log-generation
2026-09-23T08:43:30.4995224Z ##[endgroup]
2026-09-23T08:43:30.4996546Z ##[group]Disabling automatic garbage collection
2026-09-23T08:43:30.4999910Z [command]/usr/bin/git config --local gc.auto 0
2026-09-23T08:43:30.5034379Z ##[endgroup]
2026-09-23T08:43:30.5035776Z ##[group]Setting up auth
2026-09-23T08:43:30.5042833Z [command]/usr/bin/git config --local --name-only --get-regexp core\.sshCommand
2026-09-23T08:43:30.5084896Z [command]/usr/bin/git submodule foreach --recursive sh -c "git config --local --name-only --get-regexp 'core\.sshCommand' && git config --local --unset-all 'core.sshCommand' || :"
2026-09-23T08:43:30.5462191Z [command]/usr/bin/git config --local --name-only --get-regexp http\.https\:\/\/github\.com\/\.extraheader
2026-09-23T08:43:30.5503055Z [command]/usr/bin/git submodule foreach --recursive sh -c "git config --local --name-only --get-regexp 'http\.https\:\/\/github\.com\/\.extraheader' && git config --local --unset-all 'http.https://github.com/.extraheader' || :"
2026-09-23T08:43:30.5741212Z [command]/usr/bin/git config --local --name-only --get-regexp ^includeIf\.gitdir:
2026-09-23T08:43:30.5778568Z [command]/usr/bin/git submodule foreach --recursive git config --local --show-origin --name-only --get-regexp remote.origin.url
2026-09-23T08:43:30.6009466Z [command]/usr/bin/git config --local http.https://github.com/.extraheader AUTHORIZATION: basic ***
2026-09-23T08:43:30.6051036Z ##[endgroup]
2026-09-23T08:43:30.6051877Z ##[group]Fetching the repository
2026-09-23T08:43:30.6061837Z [command]/usr/bin/git -c protocol.version=2 fetch --no-tags --prune --no-recurse-submodules --depth=1 origin +dfcb6f158e4bd8054252a4da5d0a9edc2ab15d57:refs/remotes/origin/feature/f3-test-failures
2026-09-23T08:43:30.8702632Z From https://github.com/DhruvHegde/log-generation
2026-09-23T08:43:30.8703986Z  * [new ref]         dfcb6f158e4bd8054252a4da5d0a9edc2ab15d57 -> origin/feature/f3-test-failures
2026-09-23T08:43:30.8706922Z ##[endgroup]
2026-09-23T08:43:30.8707767Z ##[group]Determining the checkout info
2026-09-23T08:43:30.8715747Z ##[endgroup]
2026-09-23T08:43:30.8718292Z [command]/usr/bin/git sparse-checkout disable
2026-09-23T08:43:30.8775667Z [command]/usr/bin/git config --local --unset-all extensions.worktreeConfig
2026-09-23T08:43:30.8810524Z ##[group]Checking out the ref
2026-09-23T08:43:30.8815538Z [command]/usr/bin/git checkout --progress --force -B feature/f3-test-failures refs/remotes/origin/feature/f3-test-failures
2026-09-23T08:43:30.8900672Z Switched to a new branch 'feature/f3-test-failures'
2026-09-23T08:43:30.8905919Z branch 'feature/f3-test-failures' set up to track 'origin/feature/f3-test-failures'.
2026-09-23T08:43:30.8912540Z ##[endgroup]
2026-09-23T08:43:30.8959077Z [command]/usr/bin/git log -1 --format=%H
2026-09-23T08:43:30.9072528Z dfcb6f158e4bd8054252a4da5d0a9edc2ab15d57
2026-09-23T08:43:30.9287715Z Node 20 is being deprecated. This workflow is running with Node 24 by default. If you need to temporarily use Node 20, you can set the ACTIONS_ALLOW_USE_UNSECURE_NODE_VERSION=true environment variable. For more information see: https://github.blog/changelog/2025-09-19-deprecation-of-node-20-on-github-actions-runners/
2026-09-23T08:43:30.9290659Z ##[group]Run actions/setup-python@v5
2026-09-23T08:43:30.9291395Z with:
2026-09-23T08:43:30.9291914Z   python-version: 3.11
2026-09-23T08:43:30.9292495Z   check-latest: false
2026-09-23T08:43:30.9296186Z   token: ***
2026-09-23T08:43:30.9296734Z   update-environment: true
2026-09-23T08:43:30.9297339Z   allow-prereleases: false
2026-09-23T08:43:30.9297926Z   freethreaded: false
2026-09-23T08:43:30.9298473Z ##[endgroup]
2026-09-23T08:43:31.0634627Z ##[group]Installed versions
2026-09-23T08:43:31.1202220Z (node:2254) [DEP0040] DeprecationWarning: The `punycode` module is deprecated. Please use a userland alternative instead.
2026-09-23T08:43:31.1205153Z (Use `node --trace-deprecation ...` to show where the warning was created)
2026-09-23T08:43:31.1206952Z Successfully set up CPython (3.11.16)
2026-09-23T08:43:31.1209251Z ##[endgroup]
2026-09-23T08:43:31.1439157Z ##[group]Run pip install --no-cache-dir pytest
2026-09-23T08:43:31.1441049Z [36;1mpip install --no-cache-dir pytest[0m
2026-09-23T08:43:31.1573028Z shell: /usr/bin/bash -e {0}
2026-09-23T08:43:31.1574596Z env:
2026-09-23T08:43:31.1575766Z   pythonLocation: /opt/hostedtoolcache/Python/3.11.16/x64
2026-09-23T08:43:31.1577891Z   PKG_CONFIG_PATH: /opt/hostedtoolcache/Python/3.11.16/x64/lib/pkgconfig
2026-09-23T08:43:31.1579488Z   Python_ROOT_DIR: /opt/hostedtoolcache/Python/3.11.16/x64
2026-09-23T08:43:31.1581007Z   Python2_ROOT_DIR: /opt/hostedtoolcache/Python/3.11.16/x64
2026-09-23T08:43:31.1582486Z   Python3_ROOT_DIR: /opt/hostedtoolcache/Python/3.11.16/x64
2026-09-23T08:43:31.1583822Z   LD_LIBRARY_PATH: /opt/hostedtoolcache/Python/3.11.16/x64/lib
2026-09-23T08:43:31.1665019Z ##[endgroup]
2026-09-23T08:43:34.0181223Z Collecting pytest
2026-09-23T08:43:34.0646588Z   Downloading pytest-9.1.1-py3-none-any.whl.metadata (7.6 kB)
2026-09-23T08:43:34.0739361Z Collecting iniconfig>=1.0.1 (from pytest)
2026-09-23T08:43:34.0772071Z   Downloading iniconfig-2.3.0-py3-none-any.whl.metadata (2.5 kB)
2026-09-23T08:43:34.0886851Z Collecting packaging>=22 (from pytest)
2026-09-23T08:43:34.0918766Z   Downloading packaging-26.3-py3-none-any.whl.metadata (3.5 kB)
2026-09-23T08:43:34.0998536Z Collecting pluggy<2,>=1.5 (from pytest)
2026-09-23T08:43:34.1027743Z   Downloading pluggy-1.6.0-py3-none-any.whl.metadata (4.8 kB)
2026-09-23T08:43:34.1156023Z Collecting pygments>=2.7.2 (from pytest)
2026-09-23T08:43:34.1189026Z   Downloading pygments-2.21.0-py3-none-any.whl.metadata (2.5 kB)
2026-09-23T08:43:34.1245387Z Downloading pytest-9.1.1-py3-none-any.whl (386 kB)
2026-09-23T08:43:34.1437439Z Downloading pluggy-1.6.0-py3-none-any.whl (20 kB)
2026-09-23T08:43:34.1468420Z Downloading iniconfig-2.3.0-py3-none-any.whl (7.5 kB)
2026-09-23T08:43:34.1509352Z Downloading packaging-26.3-py3-none-any.whl (129 kB)
2026-09-23T08:43:34.1554233Z Downloading pygments-2.21.0-py3-none-any.whl (1.3 MB)
2026-09-23T08:43:34.1696474Z    ââââââââââââââââââââââââââââââââââââââââ 1.3/1.3 MB 116.7 MB/s  0:00:00
2026-09-23T08:43:34.3269695Z Installing collected packages: pygments, pluggy, packaging, iniconfig, pytest
2026-09-23T08:43:35.3028737Z 
2026-09-23T08:43:35.3037666Z Successfully installed iniconfig-2.3.0 packaging-26.3 pluggy-1.6.0 pygments-2.21.0 pytest-9.1.1
2026-09-23T08:43:35.3592751Z ##[group]Run python automation/inject_mutation.py --error-type "ValueError"
2026-09-23T08:43:35.3593381Z [36;1mpython automation/inject_mutation.py --error-type "ValueError"[0m
2026-09-23T08:43:35.3632152Z shell: /usr/bin/bash -e {0}
2026-09-23T08:43:35.3632425Z env:
2026-09-23T08:43:35.3632726Z   pythonLocation: /opt/hostedtoolcache/Python/3.11.16/x64
2026-09-23T08:43:35.3633431Z   PKG_CONFIG_PATH: /opt/hostedtoolcache/Python/3.11.16/x64/lib/pkgconfig
2026-09-23T08:43:35.3633891Z   Python_ROOT_DIR: /opt/hostedtoolcache/Python/3.11.16/x64
2026-09-23T08:43:35.3634298Z   Python2_ROOT_DIR: /opt/hostedtoolcache/Python/3.11.16/x64
2026-09-23T08:43:35.3634704Z   Python3_ROOT_DIR: /opt/hostedtoolcache/Python/3.11.16/x64
2026-09-23T08:43:35.3635110Z   LD_LIBRARY_PATH: /opt/hostedtoolcache/Python/3.11.16/x64/lib
2026-09-23T08:43:35.3635452Z ##[endgroup]
2026-09-23T08:43:35.3932246Z [Mutation Injected] Successfully injected ValueError into tests/test_app.py
2026-09-23T08:43:35.3999386Z ##[group]Run pytest tests/test_app.py -v
2026-09-23T08:43:35.3999769Z [36;1mpytest tests/test_app.py -v[0m
2026-09-23T08:43:35.4035064Z shell: /usr/bin/bash -e {0}
2026-09-23T08:43:35.4035322Z env:
2026-09-23T08:43:35.4035593Z   pythonLocation: /opt/hostedtoolcache/Python/3.11.16/x64
2026-09-23T08:43:35.4036037Z   PKG_CONFIG_PATH: /opt/hostedtoolcache/Python/3.11.16/x64/lib/pkgconfig
2026-09-23T08:43:35.4036495Z   Python_ROOT_DIR: /opt/hostedtoolcache/Python/3.11.16/x64
2026-09-23T08:43:35.4036887Z   Python2_ROOT_DIR: /opt/hostedtoolcache/Python/3.11.16/x64
2026-09-23T08:43:35.4037264Z   Python3_ROOT_DIR: /opt/hostedtoolcache/Python/3.11.16/x64
2026-09-23T08:43:35.4037679Z   LD_LIBRARY_PATH: /opt/hostedtoolcache/Python/3.11.16/x64/lib
2026-09-23T08:43:35.4038015Z ##[endgroup]
2026-09-23T08:43:35.8374628Z ============================= test session starts ==============================
2026-09-23T08:43:35.8376012Z platform linux -- Python 3.11.16, pytest-9.1.1, pluggy-1.6.0 -- /opt/hostedtoolcache/Python/3.11.16/x64/bin/python
2026-09-23T08:43:35.8377098Z cachedir: .pytest_cache
2026-09-23T08:43:35.8377753Z rootdir: /home/runner/work/log-generation/log-generation
2026-09-23T08:43:35.8378469Z configfile: pytest.ini
2026-09-23T08:43:35.8459763Z collecting ... collected 6 items
2026-09-23T08:43:35.8460156Z 
2026-09-23T08:43:35.8468804Z tests/test_app.py::test_calculate_division PASSED                        [ 16%]
2026-09-23T08:43:35.8476277Z tests/test_app.py::test_convert_to_int PASSED                            [ 33%]
2026-09-23T08:43:35.8483793Z tests/test_app.py::test_get_list_item PASSED                             [ 50%]
2026-09-23T08:43:35.8490949Z tests/test_app.py::test_get_dict_value PASSED                            [ 66%]
2026-09-23T08:43:35.8497596Z tests/test_app.py::test_assert_positive PASSED                           [ 83%]
2026-09-23T08:43:35.8761772Z tests/test_app.py::test_value_error FAILED                               [100%]
2026-09-23T08:43:35.8762572Z 
2026-09-23T08:43:35.8762915Z =================================== FAILURES ===================================
2026-09-23T08:43:35.8763454Z _______________________________ test_value_error _______________________________
2026-09-23T08:43:35.8764096Z 
2026-09-23T08:43:35.8764311Z     def test_value_error():
2026-09-23T08:43:35.8764871Z         """Injected synthetic ValueError."""
2026-09-23T08:43:35.8765540Z         from src.app import convert_to_int
2026-09-23T08:43:35.8766232Z >       convert_to_int("unparseable_alphanumeric_0x99")
2026-09-23T08:43:35.8766720Z 
2026-09-23T08:43:35.8766933Z tests/test_app.py:137: 
2026-09-23T08:43:35.8767520Z _ _ _ _ _ _ _ _ _ _ _ _ _ _ _ _ _ _ _ _ _ _ _ _ _ _ _ _ _ _ _ _ _ _ _ _ _ _ _ _ 
2026-09-23T08:43:35.8768042Z 
2026-09-23T08:43:35.8768284Z val = 'unparseable_alphanumeric_0x99'
2026-09-23T08:43:35.8768680Z 
2026-09-23T08:43:35.8769174Z     def convert_to_int(val):
2026-09-23T08:43:35.8769685Z >       return int(val)
2026-09-23T08:43:35.8770049Z                ^^^^^^^^
2026-09-23T08:43:35.8770478Z E       ValueError: invalid literal for int() with base 10: 'unparseable_alphanumeric_0x99'
2026-09-23T08:43:35.8770877Z 
2026-09-23T08:43:35.8770986Z src/app.py:5: ValueError
2026-09-23T08:43:35.8771312Z =========================== short test summary info ============================
2026-09-23T08:43:35.8772053Z FAILED tests/test_app.py::test_value_error - ValueError: invalid literal for int() with base 10: 'unparseable_alphanumeric_0x99'
2026-09-23T08:43:35.8773012Z ========================= 1 failed, 5 passed in 0.03s ==========================
2026-09-23T08:43:35.8950540Z ##[error]Process completed with exit code 1.
2026-09-23T08:43:35.9095125Z Node 20 is being deprecated. This workflow is running with Node 24 by default. If you need to temporarily use Node 20, you can set the ACTIONS_ALLOW_USE_UNSECURE_NODE_VERSION=true environment variable. For more information see: https://github.blog/changelog/2025-09-19-deprecation-of-node-20-on-github-actions-runners/
2026-09-23T08:43:35.9096403Z Post job cleanup.
2026-09-23T08:43:35.9999674Z [command]/usr/bin/git version
2026-09-23T08:43:36.0029459Z git version 2.55.0
2026-09-23T08:43:36.0058434Z Temporarily overriding HOME='/home/runner/work/_temp/3d4fc2ba-3cd0-42b4-b316-5c4b5d5f791c' before making global git config changes
2026-09-23T08:43:36.0060291Z Adding repository directory to the temporary git global config as a safe directory
2026-09-23T08:43:36.0066135Z [command]/usr/bin/git config --global --add safe.directory /home/runner/work/log-generation/log-generation
2026-09-23T08:43:36.0108339Z [command]/usr/bin/git config --local --name-only --get-regexp core\.sshCommand
2026-09-23T08:43:36.0147153Z [command]/usr/bin/git submodule foreach --recursive sh -c "git config --local --name-only --get-regexp 'core\.sshCommand' && git config --local --unset-all 'core.sshCommand' || :"
2026-09-23T08:43:36.0409992Z [command]/usr/bin/git config --local --name-only --get-regexp http\.https\:\/\/github\.com\/\.extraheader
2026-09-23T08:43:36.0444152Z http.https://github.com/.extraheader
2026-09-23T08:43:36.0455743Z [command]/usr/bin/git config --local --unset-all http.https://github.com/.extraheader
2026-09-23T08:43:36.0500649Z [command]/usr/bin/git submodule foreach --recursive sh -c "git config --local --name-only --get-regexp 'http\.https\:\/\/github\.com\/\.extraheader' && git config --local --unset-all 'http.https://github.com/.extraheader' || :"
2026-09-23T08:43:36.0778719Z [command]/usr/bin/git config --local --name-only --get-regexp ^includeIf\.gitdir:
2026-09-23T08:43:36.0835676Z [command]/usr/bin/git submodule foreach --recursive git config --local --show-origin --name-only --get-regexp remote.origin.url
2026-09-23T08:43:36.1237169Z Cleaning up orphan processes
2026-09-23T08:43:36.1521063Z ##[warning]Node.js 20 is deprecated. The following actions target Node.js 20 but are being forced to run on Node.js 24: actions/checkout@v4, actions/setup-python@v5. For more information see: https://github.blog/changelog/2025-09-19-deprecation-of-node-20-on-github-actions-runners/
