ï»¿2026-09-23T08:49:22.4022444Z Current runner version: '2.337.0'
2026-09-23T08:49:22.4040643Z ##[group]Runner Image Provisioner
2026-09-23T08:49:22.4041380Z Hosted Compute Agent
2026-09-23T08:49:22.4041864Z Version: 20260828.587
2026-09-23T08:49:22.4042403Z Commit: abac92662cab4cc7352de4f9f9d2e2419aad9c29
2026-09-23T08:49:22.4043041Z Build Date: 2026-08-28T16:44:25Z
2026-09-23T08:49:22.4043591Z Worker ID: {d8ce0de4-a42d-4434-bfe0-c64b35989763}
2026-09-23T08:49:22.4044215Z Azure Region: centralus
2026-09-23T08:49:22.4044699Z ##[endgroup]
2026-09-23T08:49:22.4046116Z ##[group]Operating System
2026-09-23T08:49:22.4046653Z Ubuntu
2026-09-23T08:49:22.4047080Z 24.04.5
2026-09-23T08:49:22.4047546Z LTS
2026-09-23T08:49:22.4048202Z ##[endgroup]
2026-09-23T08:49:22.4048948Z ##[group]Runner Image
2026-09-23T08:49:22.4049516Z Image: ubuntu-24.04
2026-09-23T08:49:22.4049988Z Version: 20260907.300.1
2026-09-23T08:49:22.4051042Z Included Software: https://github.com/actions/runner-images/blob/ubuntu24/20260907.300/images/ubuntu/Ubuntu2404-Readme.md
2026-09-23T08:49:22.4052262Z Image Release: https://github.com/actions/runner-images/releases/tag/ubuntu24%2F20260907.300
2026-09-23T08:49:22.4053066Z ##[endgroup]
2026-09-23T08:49:22.4054070Z ##[group]GITHUB_TOKEN Permissions
2026-09-23T08:49:22.4055885Z Contents: read
2026-09-23T08:49:22.4056377Z Metadata: read
2026-09-23T08:49:22.4056915Z Packages: read
2026-09-23T08:49:22.4057450Z ##[endgroup]
2026-09-23T08:49:22.4059311Z Secret source: Actions
2026-09-23T08:49:22.4060096Z Cache mode: write
2026-09-23T08:49:22.4060921Z Prepare workflow directory
2026-09-23T08:49:22.4359688Z Prepare all required actions
2026-09-23T08:49:22.4399532Z Getting action download info
2026-09-23T08:49:22.6931310Z Download action repository 'actions/checkout@v4' (SHA:11d5960a326750d5838078e36cf38b85af677262)
2026-09-23T08:49:22.8405951Z Download action repository 'actions/setup-python@v5' (SHA:a26af69be951a213d495a4c3e4e4022e16d87065)
2026-09-23T08:49:23.1457541Z Complete job name: test-f3 (ValueError #173)
2026-09-23T08:49:23.2023326Z Node 20 is being deprecated. This workflow is running with Node 24 by default. If you need to temporarily use Node 20, you can set the ACTIONS_ALLOW_USE_UNSECURE_NODE_VERSION=true environment variable. For more information see: https://github.blog/changelog/2025-09-19-deprecation-of-node-20-on-github-actions-runners/
2026-09-23T08:49:23.2031097Z ##[group]Run actions/checkout@v4
2026-09-23T08:49:23.2031733Z with:
2026-09-23T08:49:23.2032133Z   fetch-depth: 1
2026-09-23T08:49:23.2032652Z   repository: DhruvHegde/log-generation
2026-09-23T08:49:23.2035956Z   token: ***
2026-09-23T08:49:23.2036379Z   ssh-strict: true
2026-09-23T08:49:23.2036803Z   ssh-user: git
2026-09-23T08:49:23.2037220Z   persist-credentials: true
2026-09-23T08:49:23.2037731Z   clean: true
2026-09-23T08:49:23.2038382Z   sparse-checkout-cone-mode: true
2026-09-23T08:49:23.2038875Z   fetch-tags: false
2026-09-23T08:49:23.2039315Z   show-progress: true
2026-09-23T08:49:23.2039744Z   lfs: false
2026-09-23T08:49:23.2040303Z   submodules: false
2026-09-23T08:49:23.2040754Z   set-safe-directory: true
2026-09-23T08:49:23.2041226Z   allow-unsafe-pr-checkout: false
2026-09-23T08:49:23.2041939Z ##[endgroup]
2026-09-23T08:49:23.2880847Z Syncing repository: DhruvHegde/log-generation
2026-09-23T08:49:23.2882344Z ##[group]Getting Git version info
2026-09-23T08:49:23.2883110Z Working directory is '/home/runner/work/log-generation/log-generation'
2026-09-23T08:49:23.2884133Z [command]/usr/bin/git version
2026-09-23T08:49:23.2958718Z git version 2.55.0
2026-09-23T08:49:23.2977042Z ##[endgroup]
2026-09-23T08:49:23.2989568Z Temporarily overriding HOME='/home/runner/work/_temp/91f3bfb1-8292-47f7-83c1-3c3ca28f060a' before making global git config changes
2026-09-23T08:49:23.2991107Z Adding repository directory to the temporary git global config as a safe directory
2026-09-23T08:49:23.2994857Z [command]/usr/bin/git config --global --add safe.directory /home/runner/work/log-generation/log-generation
2026-09-23T08:49:23.3156243Z Deleting the contents of '/home/runner/work/log-generation/log-generation'
2026-09-23T08:49:23.3160639Z ##[group]Initializing the repository
2026-09-23T08:49:23.3163279Z [command]/usr/bin/git init /home/runner/work/log-generation/log-generation
2026-09-23T08:49:23.3232241Z hint: Using 'master' as the name for the initial branch. This default branch name
2026-09-23T08:49:23.3233570Z hint: will change to "main" in Git 3.0. To configure the initial branch name
2026-09-23T08:49:23.3235221Z hint: to use in all of your new repositories, which will suppress this warning,
2026-09-23T08:49:23.3236255Z hint: call:
2026-09-23T08:49:23.3236872Z hint:
2026-09-23T08:49:23.3237600Z hint: 	git config --global init.defaultBranch <name>
2026-09-23T08:49:23.3238563Z hint:
2026-09-23T08:49:23.3239417Z hint: Names commonly chosen instead of 'master' are 'main', 'trunk' and
2026-09-23T08:49:23.3241086Z hint: 'development'. The just-created branch can be renamed via this command:
2026-09-23T08:49:23.3242255Z hint:
2026-09-23T08:49:23.3243053Z hint: 	git branch -m <name>
2026-09-23T08:49:23.3243862Z hint:
2026-09-23T08:49:23.3244818Z hint: Disable this message with "git config set advice.defaultBranchName false"
2026-09-23T08:49:23.3246880Z Initialized empty Git repository in /home/runner/work/log-generation/log-generation/.git/
2026-09-23T08:49:23.3251348Z [command]/usr/bin/git remote add origin https://github.com/DhruvHegde/log-generation
2026-09-23T08:49:23.3283660Z ##[endgroup]
2026-09-23T08:49:23.3284743Z ##[group]Disabling automatic garbage collection
2026-09-23T08:49:23.3288400Z [command]/usr/bin/git config --local gc.auto 0
2026-09-23T08:49:23.3310909Z ##[endgroup]
2026-09-23T08:49:23.3311923Z ##[group]Setting up auth
2026-09-23T08:49:23.3316792Z [command]/usr/bin/git config --local --name-only --get-regexp core\.sshCommand
2026-09-23T08:49:23.3341796Z [command]/usr/bin/git submodule foreach --recursive sh -c "git config --local --name-only --get-regexp 'core\.sshCommand' && git config --local --unset-all 'core.sshCommand' || :"
2026-09-23T08:49:23.3605788Z [command]/usr/bin/git config --local --name-only --get-regexp http\.https\:\/\/github\.com\/\.extraheader
2026-09-23T08:49:23.3631644Z [command]/usr/bin/git submodule foreach --recursive sh -c "git config --local --name-only --get-regexp 'http\.https\:\/\/github\.com\/\.extraheader' && git config --local --unset-all 'http.https://github.com/.extraheader' || :"
2026-09-23T08:49:23.3817084Z [command]/usr/bin/git config --local --name-only --get-regexp ^includeIf\.gitdir:
2026-09-23T08:49:23.3838974Z [command]/usr/bin/git submodule foreach --recursive git config --local --show-origin --name-only --get-regexp remote.origin.url
2026-09-23T08:49:23.3997319Z [command]/usr/bin/git config --local http.https://github.com/.extraheader AUTHORIZATION: basic ***
2026-09-23T08:49:23.4022661Z ##[endgroup]
2026-09-23T08:49:23.4024446Z ##[group]Fetching the repository
2026-09-23T08:49:23.4031580Z [command]/usr/bin/git -c protocol.version=2 fetch --no-tags --prune --no-recurse-submodules --depth=1 origin +43f20917de93b9aad51cf79a69ad5239c5632917:refs/remotes/origin/feature/f3-test-failures
2026-09-23T08:49:23.9189322Z From https://github.com/DhruvHegde/log-generation
2026-09-23T08:49:23.9190889Z  * [new ref]         43f20917de93b9aad51cf79a69ad5239c5632917 -> origin/feature/f3-test-failures
2026-09-23T08:49:23.9194171Z ##[endgroup]
2026-09-23T08:49:23.9195552Z ##[group]Determining the checkout info
2026-09-23T08:49:23.9196993Z ##[endgroup]
2026-09-23T08:49:23.9202643Z [command]/usr/bin/git sparse-checkout disable
2026-09-23T08:49:23.9242259Z [command]/usr/bin/git config --local --unset-all extensions.worktreeConfig
2026-09-23T08:49:23.9266842Z ##[group]Checking out the ref
2026-09-23T08:49:23.9271520Z [command]/usr/bin/git checkout --progress --force -B feature/f3-test-failures refs/remotes/origin/feature/f3-test-failures
2026-09-23T08:49:23.9535273Z Switched to a new branch 'feature/f3-test-failures'
2026-09-23T08:49:23.9568655Z branch 'feature/f3-test-failures' set up to track 'origin/feature/f3-test-failures'.
2026-09-23T08:49:23.9572739Z ##[endgroup]
2026-09-23T08:49:23.9602561Z [command]/usr/bin/git log -1 --format=%H
2026-09-23T08:49:23.9619966Z 43f20917de93b9aad51cf79a69ad5239c5632917
2026-09-23T08:49:23.9923231Z Node 20 is being deprecated. This workflow is running with Node 24 by default. If you need to temporarily use Node 20, you can set the ACTIONS_ALLOW_USE_UNSECURE_NODE_VERSION=true environment variable. For more information see: https://github.blog/changelog/2025-09-19-deprecation-of-node-20-on-github-actions-runners/
2026-09-23T08:49:23.9928359Z ##[group]Run actions/setup-python@v5
2026-09-23T08:49:23.9929565Z with:
2026-09-23T08:49:23.9930467Z   python-version: 3.11
2026-09-23T08:49:23.9931455Z   check-latest: false
2026-09-23T08:49:23.9940166Z   token: ***
2026-09-23T08:49:23.9941145Z   update-environment: true
2026-09-23T08:49:23.9942224Z   allow-prereleases: false
2026-09-23T08:49:23.9943345Z   freethreaded: false
2026-09-23T08:49:23.9944322Z ##[endgroup]
2026-09-23T08:49:24.1047677Z ##[group]Installed versions
2026-09-23T08:49:24.1111162Z (node:2042) [DEP0040] DeprecationWarning: The `punycode` module is deprecated. Please use a userland alternative instead.
2026-09-23T08:49:24.1114294Z (Use `node --trace-deprecation ...` to show where the warning was created)
2026-09-23T08:49:24.1115912Z Successfully set up CPython (3.11.16)
2026-09-23T08:49:24.1117569Z ##[endgroup]
2026-09-23T08:49:24.1295053Z ##[group]Run pip install --no-cache-dir pytest
2026-09-23T08:49:24.1297175Z [36;1mpip install --no-cache-dir pytest[0m
2026-09-23T08:49:24.1464012Z shell: /usr/bin/bash -e {0}
2026-09-23T08:49:24.1465435Z env:
2026-09-23T08:49:24.1466901Z   pythonLocation: /opt/hostedtoolcache/Python/3.11.16/x64
2026-09-23T08:49:24.1469475Z   PKG_CONFIG_PATH: /opt/hostedtoolcache/Python/3.11.16/x64/lib/pkgconfig
2026-09-23T08:49:24.1471616Z   Python_ROOT_DIR: /opt/hostedtoolcache/Python/3.11.16/x64
2026-09-23T08:49:24.1473482Z   Python2_ROOT_DIR: /opt/hostedtoolcache/Python/3.11.16/x64
2026-09-23T08:49:24.1476138Z   Python3_ROOT_DIR: /opt/hostedtoolcache/Python/3.11.16/x64
2026-09-23T08:49:24.1478534Z   LD_LIBRARY_PATH: /opt/hostedtoolcache/Python/3.11.16/x64/lib
2026-09-23T08:49:24.1480422Z ##[endgroup]
2026-09-23T08:49:27.5592721Z Collecting pytest
2026-09-23T08:49:27.6438628Z   Downloading pytest-9.1.1-py3-none-any.whl.metadata (7.6 kB)
2026-09-23T08:49:27.6612755Z Collecting iniconfig>=1.0.1 (from pytest)
2026-09-23T08:49:27.6769502Z   Downloading iniconfig-2.3.0-py3-none-any.whl.metadata (2.5 kB)
2026-09-23T08:49:27.6958990Z Collecting packaging>=22 (from pytest)
2026-09-23T08:49:27.7117495Z   Downloading packaging-26.3-py3-none-any.whl.metadata (3.5 kB)
2026-09-23T08:49:27.7283802Z Collecting pluggy<2,>=1.5 (from pytest)
2026-09-23T08:49:27.7441116Z   Downloading pluggy-1.6.0-py3-none-any.whl.metadata (4.8 kB)
2026-09-23T08:49:27.7673553Z Collecting pygments>=2.7.2 (from pytest)
2026-09-23T08:49:27.7831037Z   Downloading pygments-2.21.0-py3-none-any.whl.metadata (2.5 kB)
2026-09-23T08:49:27.8007066Z Downloading pytest-9.1.1-py3-none-any.whl (386 kB)
2026-09-23T08:49:27.8677459Z Downloading pluggy-1.6.0-py3-none-any.whl (20 kB)
2026-09-23T08:49:27.8841074Z Downloading iniconfig-2.3.0-py3-none-any.whl (7.5 kB)
2026-09-23T08:49:27.8998262Z Downloading packaging-26.3-py3-none-any.whl (129 kB)
2026-09-23T08:49:27.9169455Z Downloading pygments-2.21.0-py3-none-any.whl (1.3 MB)
2026-09-23T08:49:27.9637371Z    ââââââââââââââââââââââââââââââââââââââââ 1.3/1.3 MB 32.7 MB/s  0:00:00
2026-09-23T08:49:28.1709461Z Installing collected packages: pygments, pluggy, packaging, iniconfig, pytest
2026-09-23T08:49:28.8945692Z 
2026-09-23T08:49:28.8954518Z Successfully installed iniconfig-2.3.0 packaging-26.3 pluggy-1.6.0 pygments-2.21.0 pytest-9.1.1
2026-09-23T08:49:28.9475968Z ##[group]Run python automation/inject_mutation.py --error-type "ValueError"
2026-09-23T08:49:28.9476516Z [36;1mpython automation/inject_mutation.py --error-type "ValueError"[0m
2026-09-23T08:49:28.9500051Z shell: /usr/bin/bash -e {0}
2026-09-23T08:49:28.9500368Z env:
2026-09-23T08:49:28.9500693Z   pythonLocation: /opt/hostedtoolcache/Python/3.11.16/x64
2026-09-23T08:49:28.9501319Z   PKG_CONFIG_PATH: /opt/hostedtoolcache/Python/3.11.16/x64/lib/pkgconfig
2026-09-23T08:49:28.9501741Z   Python_ROOT_DIR: /opt/hostedtoolcache/Python/3.11.16/x64
2026-09-23T08:49:28.9502148Z   Python2_ROOT_DIR: /opt/hostedtoolcache/Python/3.11.16/x64
2026-09-23T08:49:28.9502535Z   Python3_ROOT_DIR: /opt/hostedtoolcache/Python/3.11.16/x64
2026-09-23T08:49:28.9502920Z   LD_LIBRARY_PATH: /opt/hostedtoolcache/Python/3.11.16/x64/lib
2026-09-23T08:49:28.9503284Z ##[endgroup]
2026-09-23T08:49:28.9732758Z [Mutation Injected] Successfully injected ValueError into tests/test_app.py
2026-09-23T08:49:28.9793435Z ##[group]Run pytest tests/test_app.py -v
2026-09-23T08:49:28.9793810Z [36;1mpytest tests/test_app.py -v[0m
2026-09-23T08:49:28.9812101Z shell: /usr/bin/bash -e {0}
2026-09-23T08:49:28.9812467Z env:
2026-09-23T08:49:28.9812764Z   pythonLocation: /opt/hostedtoolcache/Python/3.11.16/x64
2026-09-23T08:49:28.9813213Z   PKG_CONFIG_PATH: /opt/hostedtoolcache/Python/3.11.16/x64/lib/pkgconfig
2026-09-23T08:49:28.9813633Z   Python_ROOT_DIR: /opt/hostedtoolcache/Python/3.11.16/x64
2026-09-23T08:49:28.9814005Z   Python2_ROOT_DIR: /opt/hostedtoolcache/Python/3.11.16/x64
2026-09-23T08:49:28.9814417Z   Python3_ROOT_DIR: /opt/hostedtoolcache/Python/3.11.16/x64
2026-09-23T08:49:28.9814791Z   LD_LIBRARY_PATH: /opt/hostedtoolcache/Python/3.11.16/x64/lib
2026-09-23T08:49:28.9815143Z ##[endgroup]
2026-09-23T08:49:29.5307637Z ============================= test session starts ==============================
2026-09-23T08:49:29.5308989Z platform linux -- Python 3.11.16, pytest-9.1.1, pluggy-1.6.0 -- /opt/hostedtoolcache/Python/3.11.16/x64/bin/python
2026-09-23T08:49:29.5309766Z cachedir: .pytest_cache
2026-09-23T08:49:29.5310325Z rootdir: /home/runner/work/log-generation/log-generation
2026-09-23T08:49:29.5311009Z configfile: pytest.ini
2026-09-23T08:49:29.5373073Z collecting ... collected 6 items
2026-09-23T08:49:29.5373568Z 
2026-09-23T08:49:29.5380084Z tests/test_app.py::test_calculate_division PASSED                        [ 16%]
2026-09-23T08:49:29.5384567Z tests/test_app.py::test_convert_to_int PASSED                            [ 33%]
2026-09-23T08:49:29.5390104Z tests/test_app.py::test_get_list_item PASSED                             [ 50%]
2026-09-23T08:49:29.5394365Z tests/test_app.py::test_get_dict_value PASSED                            [ 66%]
2026-09-23T08:49:29.5398552Z tests/test_app.py::test_assert_positive PASSED                           [ 83%]
2026-09-23T08:49:29.5608799Z tests/test_app.py::test_value_error FAILED                               [100%]
2026-09-23T08:49:29.5609306Z 
2026-09-23T08:49:29.5609619Z =================================== FAILURES ===================================
2026-09-23T08:49:29.5610364Z _______________________________ test_value_error _______________________________
2026-09-23T08:49:29.5610810Z 
2026-09-23T08:49:29.5610977Z     def test_value_error():
2026-09-23T08:49:29.5611439Z         """Injected synthetic ValueError."""
2026-09-23T08:49:29.5611957Z         from src.app import convert_to_int
2026-09-23T08:49:29.5612548Z >       convert_to_int("unparseable_alphanumeric_0x99")
2026-09-23T08:49:29.5612930Z 
2026-09-23T08:49:29.5613162Z tests/test_app.py:139: 
2026-09-23T08:49:29.5613653Z _ _ _ _ _ _ _ _ _ _ _ _ _ _ _ _ _ _ _ _ _ _ _ _ _ _ _ _ _ _ _ _ _ _ _ _ _ _ _ _ 
2026-09-23T08:49:29.5613983Z 
2026-09-23T08:49:29.5614213Z val = 'unparseable_alphanumeric_0x99'
2026-09-23T08:49:29.5614524Z 
2026-09-23T08:49:29.5614690Z     def convert_to_int(val):
2026-09-23T08:49:29.5615082Z >       return int(val)
2026-09-23T08:49:29.5615499Z                ^^^^^^^^
2026-09-23T08:49:29.5616094Z E       ValueError: invalid literal for int() with base 10: 'unparseable_alphanumeric_0x99'
2026-09-23T08:49:29.5616612Z 
2026-09-23T08:49:29.5616826Z src/app.py:5: ValueError
2026-09-23T08:49:29.5617315Z =========================== short test summary info ============================
2026-09-23T08:49:29.5618422Z FAILED tests/test_app.py::test_value_error - ValueError: invalid literal for int() with base 10: 'unparseable_alphanumeric_0x99'
2026-09-23T08:49:29.5619620Z ========================= 1 failed, 5 passed in 0.02s ==========================
2026-09-23T08:49:29.5797634Z ##[error]Process completed with exit code 1.
2026-09-23T08:49:29.5919690Z Node 20 is being deprecated. This workflow is running with Node 24 by default. If you need to temporarily use Node 20, you can set the ACTIONS_ALLOW_USE_UNSECURE_NODE_VERSION=true environment variable. For more information see: https://github.blog/changelog/2025-09-19-deprecation-of-node-20-on-github-actions-runners/
2026-09-23T08:49:29.5920698Z Post job cleanup.
2026-09-23T08:49:29.6645095Z [command]/usr/bin/git version
2026-09-23T08:49:29.6679639Z git version 2.55.0
2026-09-23T08:49:29.6713516Z Temporarily overriding HOME='/home/runner/work/_temp/8e7cc83a-acbc-4ba6-814c-d90626db908b' before making global git config changes
2026-09-23T08:49:29.6714451Z Adding repository directory to the temporary git global config as a safe directory
2026-09-23T08:49:29.6719389Z [command]/usr/bin/git config --global --add safe.directory /home/runner/work/log-generation/log-generation
2026-09-23T08:49:29.6752171Z [command]/usr/bin/git config --local --name-only --get-regexp core\.sshCommand
2026-09-23T08:49:29.6780163Z [command]/usr/bin/git submodule foreach --recursive sh -c "git config --local --name-only --get-regexp 'core\.sshCommand' && git config --local --unset-all 'core.sshCommand' || :"
2026-09-23T08:49:29.6966149Z [command]/usr/bin/git config --local --name-only --get-regexp http\.https\:\/\/github\.com\/\.extraheader
2026-09-23T08:49:29.7016943Z http.https://github.com/.extraheader
2026-09-23T08:49:29.7025760Z [command]/usr/bin/git config --local --unset-all http.https://github.com/.extraheader
2026-09-23T08:49:29.7052179Z [command]/usr/bin/git submodule foreach --recursive sh -c "git config --local --name-only --get-regexp 'http\.https\:\/\/github\.com\/\.extraheader' && git config --local --unset-all 'http.https://github.com/.extraheader' || :"
2026-09-23T08:49:29.7229171Z [command]/usr/bin/git config --local --name-only --get-regexp ^includeIf\.gitdir:
2026-09-23T08:49:29.7253672Z [command]/usr/bin/git submodule foreach --recursive git config --local --show-origin --name-only --get-regexp remote.origin.url
2026-09-23T08:49:29.7557788Z Cleaning up orphan processes
2026-09-23T08:49:29.7753502Z ##[warning]Node.js 20 is deprecated. The following actions target Node.js 20 but are being forced to run on Node.js 24: actions/checkout@v4, actions/setup-python@v5. For more information see: https://github.blog/changelog/2025-09-19-deprecation-of-node-20-on-github-actions-runners/
