ï»¿2026-09-23T08:50:07.1543824Z Current runner version: '2.337.0'
2026-09-23T08:50:07.1571549Z ##[group]Runner Image Provisioner
2026-09-23T08:50:07.1572601Z Hosted Compute Agent
2026-09-23T08:50:07.1573313Z Version: 20260828.587
2026-09-23T08:50:07.1574087Z Commit: abac92662cab4cc7352de4f9f9d2e2419aad9c29
2026-09-23T08:50:07.1575136Z Build Date: 2026-08-28T16:44:25Z
2026-09-23T08:50:07.1575928Z Worker ID: {99798b88-dd77-4505-bfe0-0eafc2922e1d}
2026-09-23T08:50:07.1577307Z Azure Region: eastus
2026-09-23T08:50:07.1578004Z ##[endgroup]
2026-09-23T08:50:07.1580060Z ##[group]Operating System
2026-09-23T08:50:07.1580819Z Ubuntu
2026-09-23T08:50:07.1581422Z 24.04.5
2026-09-23T08:50:07.1582158Z LTS
2026-09-23T08:50:07.1582776Z ##[endgroup]
2026-09-23T08:50:07.1583530Z ##[group]Runner Image
2026-09-23T08:50:07.1584334Z Image: ubuntu-24.04
2026-09-23T08:50:07.1585057Z Version: 20260907.300.1
2026-09-23T08:50:07.1586632Z Included Software: https://github.com/actions/runner-images/blob/ubuntu24/20260907.300/images/ubuntu/Ubuntu2404-Readme.md
2026-09-23T08:50:07.1588679Z Image Release: https://github.com/actions/runner-images/releases/tag/ubuntu24%2F20260907.300
2026-09-23T08:50:07.1590046Z ##[endgroup]
2026-09-23T08:50:07.1591453Z ##[group]GITHUB_TOKEN Permissions
2026-09-23T08:50:07.1593851Z Contents: read
2026-09-23T08:50:07.1594626Z Metadata: read
2026-09-23T08:50:07.1595309Z Packages: read
2026-09-23T08:50:07.1596070Z ##[endgroup]
2026-09-23T08:50:07.1598396Z Secret source: Actions
2026-09-23T08:50:07.1599895Z Cache mode: write
2026-09-23T08:50:07.1600957Z Prepare workflow directory
2026-09-23T08:50:07.2056984Z Prepare all required actions
2026-09-23T08:50:07.2113623Z Getting action download info
2026-09-23T08:50:07.3714283Z Download action repository 'actions/checkout@v4' (SHA:11d5960a326750d5838078e36cf38b85af677262)
2026-09-23T08:50:07.6454851Z Download action repository 'actions/setup-python@v5' (SHA:a26af69be951a213d495a4c3e4e4022e16d87065)
2026-09-23T08:50:08.0229927Z Complete job name: test-f3 (KeyError #216)
2026-09-23T08:50:08.0845988Z Node 20 is being deprecated. This workflow is running with Node 24 by default. If you need to temporarily use Node 20, you can set the ACTIONS_ALLOW_USE_UNSECURE_NODE_VERSION=true environment variable. For more information see: https://github.blog/changelog/2025-09-19-deprecation-of-node-20-on-github-actions-runners/
2026-09-23T08:50:08.0853057Z ##[group]Run actions/checkout@v4
2026-09-23T08:50:08.0853615Z with:
2026-09-23T08:50:08.0853953Z   fetch-depth: 1
2026-09-23T08:50:08.0854333Z   repository: DhruvHegde/log-generation
2026-09-23T08:50:08.0857659Z   token: ***
2026-09-23T08:50:08.0858007Z   ssh-strict: true
2026-09-23T08:50:08.0858358Z   ssh-user: git
2026-09-23T08:50:08.0858716Z   persist-credentials: true
2026-09-23T08:50:08.0859105Z   clean: true
2026-09-23T08:50:08.0859464Z   sparse-checkout-cone-mode: true
2026-09-23T08:50:08.0860227Z   fetch-tags: false
2026-09-23T08:50:08.0860586Z   show-progress: true
2026-09-23T08:50:08.0860949Z   lfs: false
2026-09-23T08:50:08.0861323Z   submodules: false
2026-09-23T08:50:08.0861722Z   set-safe-directory: true
2026-09-23T08:50:08.0862134Z   allow-unsafe-pr-checkout: false
2026-09-23T08:50:08.0862786Z ##[endgroup]
2026-09-23T08:50:08.1788569Z Syncing repository: DhruvHegde/log-generation
2026-09-23T08:50:08.1790703Z ##[group]Getting Git version info
2026-09-23T08:50:08.1791659Z Working directory is '/home/runner/work/log-generation/log-generation'
2026-09-23T08:50:08.1793014Z [command]/usr/bin/git version
2026-09-23T08:50:08.2540311Z git version 2.55.0
2026-09-23T08:50:08.2557563Z ##[endgroup]
2026-09-23T08:50:08.2570422Z Temporarily overriding HOME='/home/runner/work/_temp/fcd6d853-94d5-4646-9970-5ada352cee05' before making global git config changes
2026-09-23T08:50:08.2572210Z Adding repository directory to the temporary git global config as a safe directory
2026-09-23T08:50:08.2576143Z [command]/usr/bin/git config --global --add safe.directory /home/runner/work/log-generation/log-generation
2026-09-23T08:50:08.2791826Z Deleting the contents of '/home/runner/work/log-generation/log-generation'
2026-09-23T08:50:08.2796013Z ##[group]Initializing the repository
2026-09-23T08:50:08.2800006Z [command]/usr/bin/git init /home/runner/work/log-generation/log-generation
2026-09-23T08:50:08.2987348Z hint: Using 'master' as the name for the initial branch. This default branch name
2026-09-23T08:50:08.2988845Z hint: will change to "main" in Git 3.0. To configure the initial branch name
2026-09-23T08:50:08.2990206Z hint: to use in all of your new repositories, which will suppress this warning,
2026-09-23T08:50:08.2990901Z hint: call:
2026-09-23T08:50:08.2991333Z hint:
2026-09-23T08:50:08.2991842Z hint: 	git config --global init.defaultBranch <name>
2026-09-23T08:50:08.2992417Z hint:
2026-09-23T08:50:08.2992985Z hint: Names commonly chosen instead of 'master' are 'main', 'trunk' and
2026-09-23T08:50:08.2993792Z hint: 'development'. The just-created branch can be renamed via this command:
2026-09-23T08:50:08.2994484Z hint:
2026-09-23T08:50:08.2994933Z hint: 	git branch -m <name>
2026-09-23T08:50:08.2995731Z hint:
2026-09-23T08:50:08.2996589Z hint: Disable this message with "git config set advice.defaultBranchName false"
2026-09-23T08:50:08.2997965Z Initialized empty Git repository in /home/runner/work/log-generation/log-generation/.git/
2026-09-23T08:50:08.3000351Z [command]/usr/bin/git remote add origin https://github.com/DhruvHegde/log-generation
2026-09-23T08:50:08.3113274Z ##[endgroup]
2026-09-23T08:50:08.3114214Z ##[group]Disabling automatic garbage collection
2026-09-23T08:50:08.3116866Z [command]/usr/bin/git config --local gc.auto 0
2026-09-23T08:50:08.3195611Z ##[endgroup]
2026-09-23T08:50:08.3196519Z ##[group]Setting up auth
2026-09-23T08:50:08.3201490Z [command]/usr/bin/git config --local --name-only --get-regexp core\.sshCommand
2026-09-23T08:50:08.3230944Z [command]/usr/bin/git submodule foreach --recursive sh -c "git config --local --name-only --get-regexp 'core\.sshCommand' && git config --local --unset-all 'core.sshCommand' || :"
2026-09-23T08:50:08.3491602Z [command]/usr/bin/git config --local --name-only --get-regexp http\.https\:\/\/github\.com\/\.extraheader
2026-09-23T08:50:08.3519436Z [command]/usr/bin/git submodule foreach --recursive sh -c "git config --local --name-only --get-regexp 'http\.https\:\/\/github\.com\/\.extraheader' && git config --local --unset-all 'http.https://github.com/.extraheader' || :"
2026-09-23T08:50:08.3707145Z [command]/usr/bin/git config --local --name-only --get-regexp ^includeIf\.gitdir:
2026-09-23T08:50:08.3738176Z [command]/usr/bin/git submodule foreach --recursive git config --local --show-origin --name-only --get-regexp remote.origin.url
2026-09-23T08:50:08.3928227Z [command]/usr/bin/git config --local http.https://github.com/.extraheader AUTHORIZATION: basic ***
2026-09-23T08:50:08.4068463Z ##[endgroup]
2026-09-23T08:50:08.4070022Z ##[group]Fetching the repository
2026-09-23T08:50:08.4077423Z [command]/usr/bin/git -c protocol.version=2 fetch --no-tags --prune --no-recurse-submodules --depth=1 origin +43f20917de93b9aad51cf79a69ad5239c5632917:refs/remotes/origin/feature/f3-test-failures
2026-09-23T08:50:09.0254743Z From https://github.com/DhruvHegde/log-generation
2026-09-23T08:50:09.0257091Z  * [new ref]         43f20917de93b9aad51cf79a69ad5239c5632917 -> origin/feature/f3-test-failures
2026-09-23T08:50:09.0259882Z ##[endgroup]
2026-09-23T08:50:09.0260906Z ##[group]Determining the checkout info
2026-09-23T08:50:09.0261902Z ##[endgroup]
2026-09-23T08:50:09.0264628Z [command]/usr/bin/git sparse-checkout disable
2026-09-23T08:50:09.1310724Z [command]/usr/bin/git config --local --unset-all extensions.worktreeConfig
2026-09-23T08:50:09.1495089Z ##[group]Checking out the ref
2026-09-23T08:50:09.1511325Z [command]/usr/bin/git checkout --progress --force -B feature/f3-test-failures refs/remotes/origin/feature/f3-test-failures
2026-09-23T08:50:09.2086871Z Switched to a new branch 'feature/f3-test-failures'
2026-09-23T08:50:09.2090519Z branch 'feature/f3-test-failures' set up to track 'origin/feature/f3-test-failures'.
2026-09-23T08:50:09.2099109Z ##[endgroup]
2026-09-23T08:50:09.2136326Z [command]/usr/bin/git log -1 --format=%H
2026-09-23T08:50:09.2158882Z 43f20917de93b9aad51cf79a69ad5239c5632917
2026-09-23T08:50:09.2459471Z Node 20 is being deprecated. This workflow is running with Node 24 by default. If you need to temporarily use Node 20, you can set the ACTIONS_ALLOW_USE_UNSECURE_NODE_VERSION=true environment variable. For more information see: https://github.blog/changelog/2025-09-19-deprecation-of-node-20-on-github-actions-runners/
2026-09-23T08:50:09.2464052Z ##[group]Run actions/setup-python@v5
2026-09-23T08:50:09.2464975Z with:
2026-09-23T08:50:09.2465678Z   python-version: 3.11
2026-09-23T08:50:09.2466483Z   check-latest: false
2026-09-23T08:50:09.2474318Z   token: ***
2026-09-23T08:50:09.2475090Z   update-environment: true
2026-09-23T08:50:09.2475955Z   allow-prereleases: false
2026-09-23T08:50:09.2476795Z   freethreaded: false
2026-09-23T08:50:09.2477582Z ##[endgroup]
2026-09-23T08:50:09.3552811Z ##[group]Installed versions
2026-09-23T08:50:09.3618940Z (node:2047) [DEP0040] DeprecationWarning: The `punycode` module is deprecated. Please use a userland alternative instead.
2026-09-23T08:50:09.3622400Z (Use `node --trace-deprecation ...` to show where the warning was created)
2026-09-23T08:50:09.3624350Z Successfully set up CPython (3.11.16)
2026-09-23T08:50:09.3626397Z ##[endgroup]
2026-09-23T08:50:09.3873756Z ##[group]Run pip install --no-cache-dir pytest
2026-09-23T08:50:09.3875492Z [36;1mpip install --no-cache-dir pytest[0m
2026-09-23T08:50:09.3926598Z shell: /usr/bin/bash -e {0}
2026-09-23T08:50:09.3927434Z env:
2026-09-23T08:50:09.3928286Z   pythonLocation: /opt/hostedtoolcache/Python/3.11.16/x64
2026-09-23T08:50:09.3929920Z   PKG_CONFIG_PATH: /opt/hostedtoolcache/Python/3.11.16/x64/lib/pkgconfig
2026-09-23T08:50:09.3931326Z   Python_ROOT_DIR: /opt/hostedtoolcache/Python/3.11.16/x64
2026-09-23T08:50:09.3932596Z   Python2_ROOT_DIR: /opt/hostedtoolcache/Python/3.11.16/x64
2026-09-23T08:50:09.3933861Z   Python3_ROOT_DIR: /opt/hostedtoolcache/Python/3.11.16/x64
2026-09-23T08:50:09.3935156Z   LD_LIBRARY_PATH: /opt/hostedtoolcache/Python/3.11.16/x64/lib
2026-09-23T08:50:09.3936524Z ##[endgroup]
2026-09-23T08:50:10.1281291Z Collecting pytest
2026-09-23T08:50:10.1682011Z   Downloading pytest-9.1.1-py3-none-any.whl.metadata (7.6 kB)
2026-09-23T08:50:10.1746999Z Collecting iniconfig>=1.0.1 (from pytest)
2026-09-23T08:50:10.1775029Z   Downloading iniconfig-2.3.0-py3-none-any.whl.metadata (2.5 kB)
2026-09-23T08:50:10.1853252Z Collecting packaging>=22 (from pytest)
2026-09-23T08:50:10.1883938Z   Downloading packaging-26.3-py3-none-any.whl.metadata (3.5 kB)
2026-09-23T08:50:10.1944516Z Collecting pluggy<2,>=1.5 (from pytest)
2026-09-23T08:50:10.1971042Z   Downloading pluggy-1.6.0-py3-none-any.whl.metadata (4.8 kB)
2026-09-23T08:50:10.2068270Z Collecting pygments>=2.7.2 (from pytest)
2026-09-23T08:50:10.2095787Z   Downloading pygments-2.21.0-py3-none-any.whl.metadata (2.5 kB)
2026-09-23T08:50:10.2146002Z Downloading pytest-9.1.1-py3-none-any.whl (386 kB)
2026-09-23T08:50:10.2285786Z Downloading pluggy-1.6.0-py3-none-any.whl (20 kB)
2026-09-23T08:50:10.2315831Z Downloading iniconfig-2.3.0-py3-none-any.whl (7.5 kB)
2026-09-23T08:50:10.2345142Z Downloading packaging-26.3-py3-none-any.whl (129 kB)
2026-09-23T08:50:10.2386474Z Downloading pygments-2.21.0-py3-none-any.whl (1.3 MB)
2026-09-23T08:50:10.2514933Z    ââââââââââââââââââââââââââââââââââââââââ 1.3/1.3 MB 115.4 MB/s  0:00:00
2026-09-23T08:50:10.3061429Z Installing collected packages: pygments, pluggy, packaging, iniconfig, pytest
2026-09-23T08:50:11.0826316Z 
2026-09-23T08:50:11.0834390Z Successfully installed iniconfig-2.3.0 packaging-26.3 pluggy-1.6.0 pygments-2.21.0 pytest-9.1.1
2026-09-23T08:50:11.1289329Z ##[group]Run python automation/inject_mutation.py --error-type "KeyError"
2026-09-23T08:50:11.1289999Z [36;1mpython automation/inject_mutation.py --error-type "KeyError"[0m
2026-09-23T08:50:11.1322793Z shell: /usr/bin/bash -e {0}
2026-09-23T08:50:11.1323012Z env:
2026-09-23T08:50:11.1323234Z   pythonLocation: /opt/hostedtoolcache/Python/3.11.16/x64
2026-09-23T08:50:11.1323752Z   PKG_CONFIG_PATH: /opt/hostedtoolcache/Python/3.11.16/x64/lib/pkgconfig
2026-09-23T08:50:11.1324091Z   Python_ROOT_DIR: /opt/hostedtoolcache/Python/3.11.16/x64
2026-09-23T08:50:11.1324407Z   Python2_ROOT_DIR: /opt/hostedtoolcache/Python/3.11.16/x64
2026-09-23T08:50:11.1324721Z   Python3_ROOT_DIR: /opt/hostedtoolcache/Python/3.11.16/x64
2026-09-23T08:50:11.1325023Z   LD_LIBRARY_PATH: /opt/hostedtoolcache/Python/3.11.16/x64/lib
2026-09-23T08:50:11.1325313Z ##[endgroup]
2026-09-23T08:50:11.1573417Z [Mutation Injected] Successfully injected KeyError into tests/test_app.py
2026-09-23T08:50:11.1627579Z ##[group]Run pytest tests/test_app.py -v
2026-09-23T08:50:11.1627887Z [36;1mpytest tests/test_app.py -v[0m
2026-09-23T08:50:11.1657305Z shell: /usr/bin/bash -e {0}
2026-09-23T08:50:11.1657519Z env:
2026-09-23T08:50:11.1657743Z   pythonLocation: /opt/hostedtoolcache/Python/3.11.16/x64
2026-09-23T08:50:11.1658093Z   PKG_CONFIG_PATH: /opt/hostedtoolcache/Python/3.11.16/x64/lib/pkgconfig
2026-09-23T08:50:11.1658445Z   Python_ROOT_DIR: /opt/hostedtoolcache/Python/3.11.16/x64
2026-09-23T08:50:11.1658747Z   Python2_ROOT_DIR: /opt/hostedtoolcache/Python/3.11.16/x64
2026-09-23T08:50:11.1659041Z   Python3_ROOT_DIR: /opt/hostedtoolcache/Python/3.11.16/x64
2026-09-23T08:50:11.1659343Z   LD_LIBRARY_PATH: /opt/hostedtoolcache/Python/3.11.16/x64/lib
2026-09-23T08:50:11.1659839Z ##[endgroup]
2026-09-23T08:50:11.3549020Z ============================= test session starts ==============================
2026-09-23T08:50:11.3550304Z platform linux -- Python 3.11.16, pytest-9.1.1, pluggy-1.6.0 -- /opt/hostedtoolcache/Python/3.11.16/x64/bin/python
2026-09-23T08:50:11.3551140Z cachedir: .pytest_cache
2026-09-23T08:50:11.3551589Z rootdir: /home/runner/work/log-generation/log-generation
2026-09-23T08:50:11.3552024Z configfile: pytest.ini
2026-09-23T08:50:11.3612624Z collecting ... collected 6 items
2026-09-23T08:50:11.3612970Z 
2026-09-23T08:50:11.3619247Z tests/test_app.py::test_calculate_division PASSED                        [ 16%]
2026-09-23T08:50:11.3624476Z tests/test_app.py::test_convert_to_int PASSED                            [ 33%]
2026-09-23T08:50:11.3629841Z tests/test_app.py::test_get_list_item PASSED                             [ 50%]
2026-09-23T08:50:11.3634732Z tests/test_app.py::test_get_dict_value PASSED                            [ 66%]
2026-09-23T08:50:11.3639498Z tests/test_app.py::test_assert_positive PASSED                           [ 83%]
2026-09-23T08:50:11.3873461Z tests/test_app.py::test_key_error FAILED                                 [100%]
2026-09-23T08:50:11.3873981Z 
2026-09-23T08:50:11.3874210Z =================================== FAILURES ===================================
2026-09-23T08:50:11.3874759Z ________________________________ test_key_error ________________________________
2026-09-23T08:50:11.3875108Z 
2026-09-23T08:50:11.3875239Z     def test_key_error():
2026-09-23T08:50:11.3875565Z         """Injected synthetic KeyError."""
2026-09-23T08:50:11.3875977Z         from src.app import get_dict_value
2026-09-23T08:50:11.3876369Z         config = {"env": "staging", "retries": 3}
2026-09-23T08:50:11.3876794Z >       get_dict_value(config, "missing_auth_token")
2026-09-23T08:50:11.3877085Z 
2026-09-23T08:50:11.3877214Z tests/test_app.py:140: 
2026-09-23T08:50:11.3877598Z _ _ _ _ _ _ _ _ _ _ _ _ _ _ _ _ _ _ _ _ _ _ _ _ _ _ _ _ _ _ _ _ _ _ _ _ _ _ _ _ 
2026-09-23T08:50:11.3877929Z 
2026-09-23T08:50:11.3878126Z d = {'env': 'staging', 'retries': 3}, key = 'missing_auth_token'
2026-09-23T08:50:11.3878436Z 
2026-09-23T08:50:11.3878568Z     def get_dict_value(d, key):
2026-09-23T08:50:11.3878889Z >       return d[key]
2026-09-23T08:50:11.3879163Z                ^^^^^^
2026-09-23T08:50:11.3879453Z E       KeyError: 'missing_auth_token'
2026-09-23T08:50:11.3879866Z 
2026-09-23T08:50:11.3879984Z src/app.py:11: KeyError
2026-09-23T08:50:11.3880375Z =========================== short test summary info ============================
2026-09-23T08:50:11.3881247Z FAILED tests/test_app.py::test_key_error - KeyError: 'missing_auth_token'
2026-09-23T08:50:11.3881825Z ========================= 1 failed, 5 passed in 0.02s ==========================
2026-09-23T08:50:11.4052218Z ##[error]Process completed with exit code 1.
2026-09-23T08:50:11.4162706Z Node 20 is being deprecated. This workflow is running with Node 24 by default. If you need to temporarily use Node 20, you can set the ACTIONS_ALLOW_USE_UNSECURE_NODE_VERSION=true environment variable. For more information see: https://github.blog/changelog/2025-09-19-deprecation-of-node-20-on-github-actions-runners/
2026-09-23T08:50:11.4163628Z Post job cleanup.
2026-09-23T08:50:11.4840742Z [command]/usr/bin/git version
2026-09-23T08:50:11.4876245Z git version 2.55.0
2026-09-23T08:50:11.4905083Z Temporarily overriding HOME='/home/runner/work/_temp/0068994a-0db6-4b4f-a1d4-b3922b699310' before making global git config changes
2026-09-23T08:50:11.4906161Z Adding repository directory to the temporary git global config as a safe directory
2026-09-23T08:50:11.4908181Z [command]/usr/bin/git config --global --add safe.directory /home/runner/work/log-generation/log-generation
2026-09-23T08:50:11.4939000Z [command]/usr/bin/git config --local --name-only --get-regexp core\.sshCommand
2026-09-23T08:50:11.4967795Z [command]/usr/bin/git submodule foreach --recursive sh -c "git config --local --name-only --get-regexp 'core\.sshCommand' && git config --local --unset-all 'core.sshCommand' || :"
2026-09-23T08:50:11.5181610Z [command]/usr/bin/git config --local --name-only --get-regexp http\.https\:\/\/github\.com\/\.extraheader
2026-09-23T08:50:11.5205153Z http.https://github.com/.extraheader
2026-09-23T08:50:11.5214238Z [command]/usr/bin/git config --local --unset-all http.https://github.com/.extraheader
2026-09-23T08:50:11.5243510Z [command]/usr/bin/git submodule foreach --recursive sh -c "git config --local --name-only --get-regexp 'http\.https\:\/\/github\.com\/\.extraheader' && git config --local --unset-all 'http.https://github.com/.extraheader' || :"
2026-09-23T08:50:11.5459104Z [command]/usr/bin/git config --local --name-only --get-regexp ^includeIf\.gitdir:
2026-09-23T08:50:11.5492604Z [command]/usr/bin/git submodule foreach --recursive git config --local --show-origin --name-only --get-regexp remote.origin.url
2026-09-23T08:50:11.5829772Z Cleaning up orphan processes
2026-09-23T08:50:11.6067538Z ##[warning]Node.js 20 is deprecated. The following actions target Node.js 20 but are being forced to run on Node.js 24: actions/checkout@v4, actions/setup-python@v5. For more information see: https://github.blog/changelog/2025-09-19-deprecation-of-node-20-on-github-actions-runners/
