ï»¿2026-09-23T08:48:27.7524361Z Current runner version: '2.337.0'
2026-09-23T08:48:27.7544996Z ##[group]Runner Image Provisioner
2026-09-23T08:48:27.7545774Z Hosted Compute Agent
2026-09-23T08:48:27.7546280Z Version: 20260828.587
2026-09-23T08:48:27.7546999Z Commit: abac92662cab4cc7352de4f9f9d2e2419aad9c29
2026-09-23T08:48:27.7547621Z Build Date: 2026-08-28T16:44:25Z
2026-09-23T08:48:27.7548170Z Worker ID: {d9fa6312-8d76-4b39-b912-be51c757dd1c}
2026-09-23T08:48:27.7548814Z Azure Region: westus3
2026-09-23T08:48:27.7549306Z ##[endgroup]
2026-09-23T08:48:27.7550694Z ##[group]Operating System
2026-09-23T08:48:27.7551229Z Ubuntu
2026-09-23T08:48:27.7551661Z 24.04.5
2026-09-23T08:48:27.7552125Z LTS
2026-09-23T08:48:27.7552632Z ##[endgroup]
2026-09-23T08:48:27.7553353Z ##[group]Runner Image
2026-09-23T08:48:27.7553914Z Image: ubuntu-24.04
2026-09-23T08:48:27.7554382Z Version: 20260920.314.1
2026-09-23T08:48:27.7555438Z Included Software: https://github.com/actions/runner-images/blob/ubuntu24/20260920.314/images/ubuntu/Ubuntu2404-Readme.md
2026-09-23T08:48:27.7556835Z Image Release: https://github.com/actions/runner-images/releases/tag/ubuntu24%2F20260920.314
2026-09-23T08:48:27.7557682Z ##[endgroup]
2026-09-23T08:48:27.7558643Z ##[group]GITHUB_TOKEN Permissions
2026-09-23T08:48:27.7560471Z Contents: read
2026-09-23T08:48:27.7560993Z Metadata: read
2026-09-23T08:48:27.7561519Z Packages: read
2026-09-23T08:48:27.7561974Z ##[endgroup]
2026-09-23T08:48:27.7563671Z Secret source: Actions
2026-09-23T08:48:27.7564513Z Cache mode: write
2026-09-23T08:48:27.7565359Z Prepare workflow directory
2026-09-23T08:48:27.7835304Z Prepare all required actions
2026-09-23T08:48:27.7877279Z Getting action download info
2026-09-23T08:48:28.0619083Z Download action repository 'actions/checkout@v4' (SHA:11d5960a326750d5838078e36cf38b85af677262)
2026-09-23T08:48:28.3040880Z Download action repository 'actions/setup-python@v5' (SHA:a26af69be951a213d495a4c3e4e4022e16d87065)
2026-09-23T08:48:28.6423855Z Complete job name: test-f3 (ValueError #57)
2026-09-23T08:48:28.7115884Z Node 20 is being deprecated. This workflow is running with Node 24 by default. If you need to temporarily use Node 20, you can set the ACTIONS_ALLOW_USE_UNSECURE_NODE_VERSION=true environment variable. For more information see: https://github.blog/changelog/2025-09-19-deprecation-of-node-20-on-github-actions-runners/
2026-09-23T08:48:28.7124580Z ##[group]Run actions/checkout@v4
2026-09-23T08:48:28.7125494Z with:
2026-09-23T08:48:28.7126105Z   fetch-depth: 1
2026-09-23T08:48:28.7127009Z   repository: DhruvHegde/log-generation
2026-09-23T08:48:28.7134231Z   token: ***
2026-09-23T08:48:28.7134872Z   ssh-strict: true
2026-09-23T08:48:28.7135525Z   ssh-user: git
2026-09-23T08:48:28.7136186Z   persist-credentials: true
2026-09-23T08:48:28.7137006Z   clean: true
2026-09-23T08:48:28.7137678Z   sparse-checkout-cone-mode: true
2026-09-23T08:48:28.7138477Z   fetch-tags: false
2026-09-23T08:48:28.7139147Z   show-progress: true
2026-09-23T08:48:28.7139824Z   lfs: false
2026-09-23T08:48:28.7140487Z   submodules: false
2026-09-23T08:48:28.7141167Z   set-safe-directory: true
2026-09-23T08:48:28.7141936Z   allow-unsafe-pr-checkout: false
2026-09-23T08:48:28.7143046Z ##[endgroup]
2026-09-23T08:48:28.8004161Z Syncing repository: DhruvHegde/log-generation
2026-09-23T08:48:28.8007906Z ##[group]Getting Git version info
2026-09-23T08:48:28.8009560Z Working directory is '/home/runner/work/log-generation/log-generation'
2026-09-23T08:48:28.8011910Z [command]/usr/bin/git version
2026-09-23T08:48:28.8050263Z git version 2.55.0
2026-09-23T08:48:28.8070097Z ##[endgroup]
2026-09-23T08:48:28.8084971Z Temporarily overriding HOME='/home/runner/work/_temp/2364db0f-23ee-44f7-9b73-e3754971892e' before making global git config changes
2026-09-23T08:48:28.8088786Z Adding repository directory to the temporary git global config as a safe directory
2026-09-23T08:48:28.8092260Z [command]/usr/bin/git config --global --add safe.directory /home/runner/work/log-generation/log-generation
2026-09-23T08:48:28.8144422Z Deleting the contents of '/home/runner/work/log-generation/log-generation'
2026-09-23T08:48:28.8151229Z ##[group]Initializing the repository
2026-09-23T08:48:28.8155092Z [command]/usr/bin/git init /home/runner/work/log-generation/log-generation
2026-09-23T08:48:28.9802130Z hint: Using 'master' as the name for the initial branch. This default branch name
2026-09-23T08:48:28.9803860Z hint: will change to "main" in Git 3.0. To configure the initial branch name
2026-09-23T08:48:28.9805363Z hint: to use in all of your new repositories, which will suppress this warning,
2026-09-23T08:48:28.9806621Z hint: call:
2026-09-23T08:48:28.9807275Z hint:
2026-09-23T08:48:28.9808129Z hint: 	git config --global init.defaultBranch <name>
2026-09-23T08:48:28.9809093Z hint:
2026-09-23T08:48:28.9810021Z hint: Names commonly chosen instead of 'master' are 'main', 'trunk' and
2026-09-23T08:48:28.9811456Z hint: 'development'. The just-created branch can be renamed via this command:
2026-09-23T08:48:28.9812601Z hint:
2026-09-23T08:48:28.9813328Z hint: 	git branch -m <name>
2026-09-23T08:48:28.9814093Z hint:
2026-09-23T08:48:28.9815083Z hint: Disable this message with "git config set advice.defaultBranchName false"
2026-09-23T08:48:28.9816820Z Initialized empty Git repository in /home/runner/work/log-generation/log-generation/.git/
2026-09-23T08:48:28.9829047Z [command]/usr/bin/git remote add origin https://github.com/DhruvHegde/log-generation
2026-09-23T08:48:28.9873500Z ##[endgroup]
2026-09-23T08:48:28.9874674Z ##[group]Disabling automatic garbage collection
2026-09-23T08:48:28.9876009Z [command]/usr/bin/git config --local gc.auto 0
2026-09-23T08:48:28.9908282Z ##[endgroup]
2026-09-23T08:48:28.9909986Z ##[group]Setting up auth
2026-09-23T08:48:28.9912519Z [command]/usr/bin/git config --local --name-only --get-regexp core\.sshCommand
2026-09-23T08:48:28.9944208Z [command]/usr/bin/git submodule foreach --recursive sh -c "git config --local --name-only --get-regexp 'core\.sshCommand' && git config --local --unset-all 'core.sshCommand' || :"
2026-09-23T08:48:29.0288917Z [command]/usr/bin/git config --local --name-only --get-regexp http\.https\:\/\/github\.com\/\.extraheader
2026-09-23T08:48:29.0319866Z [command]/usr/bin/git submodule foreach --recursive sh -c "git config --local --name-only --get-regexp 'http\.https\:\/\/github\.com\/\.extraheader' && git config --local --unset-all 'http.https://github.com/.extraheader' || :"
2026-09-23T08:48:29.0519544Z [command]/usr/bin/git config --local --name-only --get-regexp ^includeIf\.gitdir:
2026-09-23T08:48:29.0545094Z [command]/usr/bin/git submodule foreach --recursive git config --local --show-origin --name-only --get-regexp remote.origin.url
2026-09-23T08:48:29.0749421Z [command]/usr/bin/git config --local http.https://github.com/.extraheader AUTHORIZATION: basic ***
2026-09-23T08:48:29.0786628Z ##[endgroup]
2026-09-23T08:48:29.0787808Z ##[group]Fetching the repository
2026-09-23T08:48:29.0794521Z [command]/usr/bin/git -c protocol.version=2 fetch --no-tags --prune --no-recurse-submodules --depth=1 origin +43f20917de93b9aad51cf79a69ad5239c5632917:refs/remotes/origin/feature/f3-test-failures
2026-09-23T08:48:30.1585450Z From https://github.com/DhruvHegde/log-generation
2026-09-23T08:48:30.1587006Z  * [new ref]         43f20917de93b9aad51cf79a69ad5239c5632917 -> origin/feature/f3-test-failures
2026-09-23T08:48:30.1589355Z ##[endgroup]
2026-09-23T08:48:30.1589847Z ##[group]Determining the checkout info
2026-09-23T08:48:30.1591110Z ##[endgroup]
2026-09-23T08:48:30.1596081Z [command]/usr/bin/git sparse-checkout disable
2026-09-23T08:48:30.1642240Z [command]/usr/bin/git config --local --unset-all extensions.worktreeConfig
2026-09-23T08:48:30.1671435Z ##[group]Checking out the ref
2026-09-23T08:48:30.1675691Z [command]/usr/bin/git checkout --progress --force -B feature/f3-test-failures refs/remotes/origin/feature/f3-test-failures
2026-09-23T08:48:30.1986107Z Switched to a new branch 'feature/f3-test-failures'
2026-09-23T08:48:30.1989585Z branch 'feature/f3-test-failures' set up to track 'origin/feature/f3-test-failures'.
2026-09-23T08:48:30.1996263Z ##[endgroup]
2026-09-23T08:48:30.2035600Z [command]/usr/bin/git log -1 --format=%H
2026-09-23T08:48:30.2059729Z 43f20917de93b9aad51cf79a69ad5239c5632917
2026-09-23T08:48:30.2288258Z Node 20 is being deprecated. This workflow is running with Node 24 by default. If you need to temporarily use Node 20, you can set the ACTIONS_ALLOW_USE_UNSECURE_NODE_VERSION=true environment variable. For more information see: https://github.blog/changelog/2025-09-19-deprecation-of-node-20-on-github-actions-runners/
2026-09-23T08:48:30.2289893Z ##[group]Run actions/setup-python@v5
2026-09-23T08:48:30.2290256Z with:
2026-09-23T08:48:30.2290563Z   python-version: 3.11
2026-09-23T08:48:30.2290900Z   check-latest: false
2026-09-23T08:48:30.2293283Z   token: ***
2026-09-23T08:48:30.2293611Z   update-environment: true
2026-09-23T08:48:30.2293968Z   allow-prereleases: false
2026-09-23T08:48:30.2294307Z   freethreaded: false
2026-09-23T08:48:30.2294625Z ##[endgroup]
2026-09-23T08:48:30.3353149Z ##[group]Installed versions
2026-09-23T08:48:30.3434404Z (node:2038) [DEP0040] DeprecationWarning: The `punycode` module is deprecated. Please use a userland alternative instead.
2026-09-23T08:48:30.3435659Z (Use `node --trace-deprecation ...` to show where the warning was created)
2026-09-23T08:48:30.3436222Z Successfully set up CPython (3.11.16)
2026-09-23T08:48:30.3437085Z ##[endgroup]
2026-09-23T08:48:30.3575697Z ##[group]Run pip install --no-cache-dir pytest
2026-09-23T08:48:30.3576689Z [36;1mpip install --no-cache-dir pytest[0m
2026-09-23T08:48:30.4001513Z shell: /usr/bin/bash -e {0}
2026-09-23T08:48:30.4001930Z env:
2026-09-23T08:48:30.4002311Z   pythonLocation: /opt/hostedtoolcache/Python/3.11.16/x64
2026-09-23T08:48:30.4002846Z   PKG_CONFIG_PATH: /opt/hostedtoolcache/Python/3.11.16/x64/lib/pkgconfig
2026-09-23T08:48:30.4003351Z   Python_ROOT_DIR: /opt/hostedtoolcache/Python/3.11.16/x64
2026-09-23T08:48:30.4061274Z   Python2_ROOT_DIR: /opt/hostedtoolcache/Python/3.11.16/x64
2026-09-23T08:48:30.4061892Z   Python3_ROOT_DIR: /opt/hostedtoolcache/Python/3.11.16/x64
2026-09-23T08:48:30.4062467Z   LD_LIBRARY_PATH: /opt/hostedtoolcache/Python/3.11.16/x64/lib
2026-09-23T08:48:30.4062918Z ##[endgroup]
2026-09-23T08:48:31.1038552Z Collecting pytest
2026-09-23T08:48:31.1612198Z   Downloading pytest-9.1.1-py3-none-any.whl.metadata (7.6 kB)
2026-09-23T08:48:31.1701980Z Collecting iniconfig>=1.0.1 (from pytest)
2026-09-23T08:48:31.1800413Z   Downloading iniconfig-2.3.0-py3-none-any.whl.metadata (2.5 kB)
2026-09-23T08:48:31.1883518Z Collecting packaging>=22 (from pytest)
2026-09-23T08:48:31.1982171Z   Downloading packaging-26.3-py3-none-any.whl.metadata (3.5 kB)
2026-09-23T08:48:31.2051407Z Collecting pluggy<2,>=1.5 (from pytest)
2026-09-23T08:48:31.2148061Z   Downloading pluggy-1.6.0-py3-none-any.whl.metadata (4.8 kB)
2026-09-23T08:48:31.2254397Z Collecting pygments>=2.7.2 (from pytest)
2026-09-23T08:48:31.2351759Z   Downloading pygments-2.21.0-py3-none-any.whl.metadata (2.5 kB)
2026-09-23T08:48:31.2468306Z Downloading pytest-9.1.1-py3-none-any.whl (386 kB)
2026-09-23T08:48:31.2922688Z Downloading pluggy-1.6.0-py3-none-any.whl (20 kB)
2026-09-23T08:48:31.3021287Z Downloading iniconfig-2.3.0-py3-none-any.whl (7.5 kB)
2026-09-23T08:48:31.3122706Z Downloading packaging-26.3-py3-none-any.whl (129 kB)
2026-09-23T08:48:31.3237530Z Downloading pygments-2.21.0-py3-none-any.whl (1.3 MB)
2026-09-23T08:48:31.3524642Z    ââââââââââââââââââââââââââââââââââââââââ 1.3/1.3 MB 54.2 MB/s  0:00:00
2026-09-23T08:48:31.4027705Z Installing collected packages: pygments, pluggy, packaging, iniconfig, pytest
2026-09-23T08:48:32.2071570Z 
2026-09-23T08:48:32.2081540Z Successfully installed iniconfig-2.3.0 packaging-26.3 pluggy-1.6.0 pygments-2.21.0 pytest-9.1.1
2026-09-23T08:48:32.2617970Z ##[group]Run python automation/inject_mutation.py --error-type "ValueError"
2026-09-23T08:48:32.2618425Z [36;1mpython automation/inject_mutation.py --error-type "ValueError"[0m
2026-09-23T08:48:32.2674945Z shell: /usr/bin/bash -e {0}
2026-09-23T08:48:32.2675158Z env:
2026-09-23T08:48:32.2675388Z   pythonLocation: /opt/hostedtoolcache/Python/3.11.16/x64
2026-09-23T08:48:32.2675910Z   PKG_CONFIG_PATH: /opt/hostedtoolcache/Python/3.11.16/x64/lib/pkgconfig
2026-09-23T08:48:32.2676241Z   Python_ROOT_DIR: /opt/hostedtoolcache/Python/3.11.16/x64
2026-09-23T08:48:32.2676696Z   Python2_ROOT_DIR: /opt/hostedtoolcache/Python/3.11.16/x64
2026-09-23T08:48:32.2676994Z   Python3_ROOT_DIR: /opt/hostedtoolcache/Python/3.11.16/x64
2026-09-23T08:48:32.2677283Z   LD_LIBRARY_PATH: /opt/hostedtoolcache/Python/3.11.16/x64/lib
2026-09-23T08:48:32.2677534Z ##[endgroup]
2026-09-23T08:48:32.2955354Z [Mutation Injected] Successfully injected ValueError into tests/test_app.py
2026-09-23T08:48:32.3014797Z ##[group]Run pytest tests/test_app.py -v
2026-09-23T08:48:32.3015093Z [36;1mpytest tests/test_app.py -v[0m
2026-09-23T08:48:32.3071282Z shell: /usr/bin/bash -e {0}
2026-09-23T08:48:32.3071489Z env:
2026-09-23T08:48:32.3071708Z   pythonLocation: /opt/hostedtoolcache/Python/3.11.16/x64
2026-09-23T08:48:32.3072055Z   PKG_CONFIG_PATH: /opt/hostedtoolcache/Python/3.11.16/x64/lib/pkgconfig
2026-09-23T08:48:32.3072402Z   Python_ROOT_DIR: /opt/hostedtoolcache/Python/3.11.16/x64
2026-09-23T08:48:32.3072693Z   Python2_ROOT_DIR: /opt/hostedtoolcache/Python/3.11.16/x64
2026-09-23T08:48:32.3072983Z   Python3_ROOT_DIR: /opt/hostedtoolcache/Python/3.11.16/x64
2026-09-23T08:48:32.3073286Z   LD_LIBRARY_PATH: /opt/hostedtoolcache/Python/3.11.16/x64/lib
2026-09-23T08:48:32.3073539Z ##[endgroup]
2026-09-23T08:48:33.1887208Z ============================= test session starts ==============================
2026-09-23T08:48:33.1887816Z platform linux -- Python 3.11.16, pytest-9.1.1, pluggy-1.6.0 -- /opt/hostedtoolcache/Python/3.11.16/x64/bin/python
2026-09-23T08:48:33.1888218Z cachedir: .pytest_cache
2026-09-23T08:48:33.1888467Z rootdir: /home/runner/work/log-generation/log-generation
2026-09-23T08:48:33.1888727Z configfile: pytest.ini
2026-09-23T08:48:33.1956696Z collecting ... collected 6 items
2026-09-23T08:48:33.1956980Z 
2026-09-23T08:48:33.1962995Z tests/test_app.py::test_calculate_division PASSED                        [ 16%]
2026-09-23T08:48:33.1968519Z tests/test_app.py::test_convert_to_int PASSED                            [ 33%]
2026-09-23T08:48:33.1973697Z tests/test_app.py::test_get_list_item PASSED                             [ 50%]
2026-09-23T08:48:33.1978938Z tests/test_app.py::test_get_dict_value PASSED                            [ 66%]
2026-09-23T08:48:33.1983668Z tests/test_app.py::test_assert_positive PASSED                           [ 83%]
2026-09-23T08:48:33.2230270Z tests/test_app.py::test_value_error FAILED                               [100%]
2026-09-23T08:48:33.2230721Z 
2026-09-23T08:48:33.2230925Z =================================== FAILURES ===================================
2026-09-23T08:48:33.2231406Z _______________________________ test_value_error _______________________________
2026-09-23T08:48:33.2231726Z 
2026-09-23T08:48:33.2231851Z     def test_value_error():
2026-09-23T08:48:33.2232157Z         """Injected synthetic ValueError."""
2026-09-23T08:48:33.2232523Z         from src.app import convert_to_int
2026-09-23T08:48:33.2232923Z >       convert_to_int("unparseable_alphanumeric_0x99")
2026-09-23T08:48:33.2233196Z 
2026-09-23T08:48:33.2233312Z tests/test_app.py:139: 
2026-09-23T08:48:33.2233641Z _ _ _ _ _ _ _ _ _ _ _ _ _ _ _ _ _ _ _ _ _ _ _ _ _ _ _ _ _ _ _ _ _ _ _ _ _ _ _ _ 
2026-09-23T08:48:33.2233945Z 
2026-09-23T08:48:33.2234070Z val = 'unparseable_alphanumeric_0x99'
2026-09-23T08:48:33.2234303Z 
2026-09-23T08:48:33.2234422Z     def convert_to_int(val):
2026-09-23T08:48:33.2234695Z >       return int(val)
2026-09-23T08:48:33.2234928Z                ^^^^^^^^
2026-09-23T08:48:33.2235341Z E       ValueError: invalid literal for int() with base 10: 'unparseable_alphanumeric_0x99'
2026-09-23T08:48:33.2235708Z 
2026-09-23T08:48:33.2235822Z src/app.py:5: ValueError
2026-09-23T08:48:33.2236149Z =========================== short test summary info ============================
2026-09-23T08:48:33.2237222Z FAILED tests/test_app.py::test_value_error - ValueError: invalid literal for int() with base 10: 'unparseable_alphanumeric_0x99'
2026-09-23T08:48:33.2238250Z ========================= 1 failed, 5 passed in 0.03s ==========================
2026-09-23T08:48:33.2437209Z ##[error]Process completed with exit code 1.
2026-09-23T08:48:33.2547994Z Node 20 is being deprecated. This workflow is running with Node 24 by default. If you need to temporarily use Node 20, you can set the ACTIONS_ALLOW_USE_UNSECURE_NODE_VERSION=true environment variable. For more information see: https://github.blog/changelog/2025-09-19-deprecation-of-node-20-on-github-actions-runners/
2026-09-23T08:48:33.2548915Z Post job cleanup.
2026-09-23T08:48:33.3273197Z [command]/usr/bin/git version
2026-09-23T08:48:33.3312218Z git version 2.55.0
2026-09-23T08:48:33.3342994Z Temporarily overriding HOME='/home/runner/work/_temp/c04f7634-593b-48e5-96a6-a7e4f45d6e16' before making global git config changes
2026-09-23T08:48:33.3344015Z Adding repository directory to the temporary git global config as a safe directory
2026-09-23T08:48:33.3348312Z [command]/usr/bin/git config --global --add safe.directory /home/runner/work/log-generation/log-generation
2026-09-23T08:48:33.3387562Z [command]/usr/bin/git config --local --name-only --get-regexp core\.sshCommand
2026-09-23T08:48:33.3447663Z [command]/usr/bin/git submodule foreach --recursive sh -c "git config --local --name-only --get-regexp 'core\.sshCommand' && git config --local --unset-all 'core.sshCommand' || :"
2026-09-23T08:48:33.3694624Z [command]/usr/bin/git config --local --name-only --get-regexp http\.https\:\/\/github\.com\/\.extraheader
2026-09-23T08:48:33.3733578Z http.https://github.com/.extraheader
2026-09-23T08:48:33.3750395Z [command]/usr/bin/git config --local --unset-all http.https://github.com/.extraheader
2026-09-23T08:48:33.3799525Z [command]/usr/bin/git submodule foreach --recursive sh -c "git config --local --name-only --get-regexp 'http\.https\:\/\/github\.com\/\.extraheader' && git config --local --unset-all 'http.https://github.com/.extraheader' || :"
2026-09-23T08:48:33.4083162Z [command]/usr/bin/git config --local --name-only --get-regexp ^includeIf\.gitdir:
2026-09-23T08:48:33.4131669Z [command]/usr/bin/git submodule foreach --recursive git config --local --show-origin --name-only --get-regexp remote.origin.url
2026-09-23T08:48:33.4512598Z Cleaning up orphan processes
2026-09-23T08:48:33.4737679Z ##[warning]Node.js 20 is deprecated. The following actions target Node.js 20 but are being forced to run on Node.js 24: actions/checkout@v4, actions/setup-python@v5. For more information see: https://github.blog/changelog/2025-09-19-deprecation-of-node-20-on-github-actions-runners/
