ï»¿2026-09-23T08:48:14.7891773Z Current runner version: '2.337.0'
2026-09-23T08:48:14.7931338Z ##[group]Runner Image Provisioner
2026-09-23T08:48:14.7932649Z Hosted Compute Agent
2026-09-23T08:48:14.7933670Z Version: 20260828.587
2026-09-23T08:48:14.7934779Z Commit: abac92662cab4cc7352de4f9f9d2e2419aad9c29
2026-09-23T08:48:14.7936151Z Build Date: 2026-08-28T16:44:25Z
2026-09-23T08:48:14.7937497Z Worker ID: {509bb3f5-e5f1-45de-a40e-f3f69767f565}
2026-09-23T08:48:14.7939090Z Azure Region: eastus2
2026-09-23T08:48:14.7940231Z ##[endgroup]
2026-09-23T08:48:14.7943066Z ##[group]Operating System
2026-09-23T08:48:14.7944242Z Ubuntu
2026-09-23T08:48:14.7945170Z 24.04.5
2026-09-23T08:48:14.7945990Z LTS
2026-09-23T08:48:14.7946942Z ##[endgroup]
2026-09-23T08:48:14.7948196Z ##[group]Runner Image
2026-09-23T08:48:14.7949395Z Image: ubuntu-24.04
2026-09-23T08:48:14.7950476Z Version: 20260920.314.1
2026-09-23T08:48:14.7952801Z Included Software: https://github.com/actions/runner-images/blob/ubuntu24/20260920.314/images/ubuntu/Ubuntu2404-Readme.md
2026-09-23T08:48:14.7955560Z Image Release: https://github.com/actions/runner-images/releases/tag/ubuntu24%2F20260920.314
2026-09-23T08:48:14.7957322Z ##[endgroup]
2026-09-23T08:48:14.7959693Z ##[group]GITHUB_TOKEN Permissions
2026-09-23T08:48:14.7963104Z Contents: read
2026-09-23T08:48:14.7964253Z Metadata: read
2026-09-23T08:48:14.7965215Z Packages: read
2026-09-23T08:48:14.7966176Z ##[endgroup]
2026-09-23T08:48:14.7970020Z Secret source: Actions
2026-09-23T08:48:14.7971644Z Cache mode: write
2026-09-23T08:48:14.7973497Z Prepare workflow directory
2026-09-23T08:48:14.8479909Z Prepare all required actions
2026-09-23T08:48:14.8554253Z Getting action download info
2026-09-23T08:48:15.0393347Z Download action repository 'actions/checkout@v4' (SHA:11d5960a326750d5838078e36cf38b85af677262)
2026-09-23T08:48:15.4462240Z Download action repository 'actions/setup-python@v5' (SHA:a26af69be951a213d495a4c3e4e4022e16d87065)
2026-09-23T08:48:15.6763701Z Complete job name: test-f3 (KeyError #31)
2026-09-23T08:48:15.7633608Z Node 20 is being deprecated. This workflow is running with Node 24 by default. If you need to temporarily use Node 20, you can set the ACTIONS_ALLOW_USE_UNSECURE_NODE_VERSION=true environment variable. For more information see: https://github.blog/changelog/2025-09-19-deprecation-of-node-20-on-github-actions-runners/
2026-09-23T08:48:15.7644048Z ##[group]Run actions/checkout@v4
2026-09-23T08:48:15.7644941Z with:
2026-09-23T08:48:15.7645436Z   fetch-depth: 1
2026-09-23T08:48:15.7645981Z   repository: DhruvHegde/log-generation
2026-09-23T08:48:15.7650566Z   token: ***
2026-09-23T08:48:15.7651099Z   ssh-strict: true
2026-09-23T08:48:15.7651641Z   ssh-user: git
2026-09-23T08:48:15.7652160Z   persist-credentials: true
2026-09-23T08:48:15.7652705Z   clean: true
2026-09-23T08:48:15.7653226Z   sparse-checkout-cone-mode: true
2026-09-23T08:48:15.7653824Z   fetch-tags: false
2026-09-23T08:48:15.7654358Z   show-progress: true
2026-09-23T08:48:15.7654884Z   lfs: false
2026-09-23T08:48:15.7655427Z   submodules: false
2026-09-23T08:48:15.7655969Z   set-safe-directory: true
2026-09-23T08:48:15.7656556Z   allow-unsafe-pr-checkout: false
2026-09-23T08:48:15.7657486Z ##[endgroup]
2026-09-23T08:48:15.8871070Z Syncing repository: DhruvHegde/log-generation
2026-09-23T08:48:15.8874221Z ##[group]Getting Git version info
2026-09-23T08:48:15.8875333Z Working directory is '/home/runner/work/log-generation/log-generation'
2026-09-23T08:48:15.8877048Z [command]/usr/bin/git version
2026-09-23T08:48:15.9844881Z git version 2.55.0
2026-09-23T08:48:15.9868226Z ##[endgroup]
2026-09-23T08:48:15.9885532Z Temporarily overriding HOME='/home/runner/work/_temp/c9daddce-5f50-44ec-9a6b-f3502623791e' before making global git config changes
2026-09-23T08:48:15.9888711Z Adding repository directory to the temporary git global config as a safe directory
2026-09-23T08:48:15.9892277Z [command]/usr/bin/git config --global --add safe.directory /home/runner/work/log-generation/log-generation
2026-09-23T08:48:16.0132180Z Deleting the contents of '/home/runner/work/log-generation/log-generation'
2026-09-23T08:48:16.0138088Z ##[group]Initializing the repository
2026-09-23T08:48:16.0144923Z [command]/usr/bin/git init /home/runner/work/log-generation/log-generation
2026-09-23T08:48:16.0728456Z hint: Using 'master' as the name for the initial branch. This default branch name
2026-09-23T08:48:16.0730790Z hint: will change to "main" in Git 3.0. To configure the initial branch name
2026-09-23T08:48:16.0733239Z hint: to use in all of your new repositories, which will suppress this warning,
2026-09-23T08:48:16.0735332Z hint: call:
2026-09-23T08:48:16.0736442Z hint:
2026-09-23T08:48:16.0737989Z hint: 	git config --global init.defaultBranch <name>
2026-09-23T08:48:16.0739532Z hint:
2026-09-23T08:48:16.0740759Z hint: Names commonly chosen instead of 'master' are 'main', 'trunk' and
2026-09-23T08:48:16.0742610Z hint: 'development'. The just-created branch can be renamed via this command:
2026-09-23T08:48:16.0744145Z hint:
2026-09-23T08:48:16.0745125Z hint: 	git branch -m <name>
2026-09-23T08:48:16.0746251Z hint:
2026-09-23T08:48:16.0748100Z hint: Disable this message with "git config set advice.defaultBranchName false"
2026-09-23T08:48:16.0750383Z Initialized empty Git repository in /home/runner/work/log-generation/log-generation/.git/
2026-09-23T08:48:16.0753877Z [command]/usr/bin/git remote add origin https://github.com/DhruvHegde/log-generation
2026-09-23T08:48:16.0999394Z ##[endgroup]
2026-09-23T08:48:16.1001098Z ##[group]Disabling automatic garbage collection
2026-09-23T08:48:16.1003579Z [command]/usr/bin/git config --local gc.auto 0
2026-09-23T08:48:16.1042260Z ##[endgroup]
2026-09-23T08:48:16.1043862Z ##[group]Setting up auth
2026-09-23T08:48:16.1050476Z [command]/usr/bin/git config --local --name-only --get-regexp core\.sshCommand
2026-09-23T08:48:16.1086669Z [command]/usr/bin/git submodule foreach --recursive sh -c "git config --local --name-only --get-regexp 'core\.sshCommand' && git config --local --unset-all 'core.sshCommand' || :"
2026-09-23T08:48:16.3262615Z [command]/usr/bin/git config --local --name-only --get-regexp http\.https\:\/\/github\.com\/\.extraheader
2026-09-23T08:48:16.3304169Z [command]/usr/bin/git submodule foreach --recursive sh -c "git config --local --name-only --get-regexp 'http\.https\:\/\/github\.com\/\.extraheader' && git config --local --unset-all 'http.https://github.com/.extraheader' || :"
2026-09-23T08:48:16.3538996Z [command]/usr/bin/git config --local --name-only --get-regexp ^includeIf\.gitdir:
2026-09-23T08:48:16.3579353Z [command]/usr/bin/git submodule foreach --recursive git config --local --show-origin --name-only --get-regexp remote.origin.url
2026-09-23T08:48:16.3814794Z [command]/usr/bin/git config --local http.https://github.com/.extraheader AUTHORIZATION: basic ***
2026-09-23T08:48:16.3858891Z ##[endgroup]
2026-09-23T08:48:16.3861313Z ##[group]Fetching the repository
2026-09-23T08:48:16.3871133Z [command]/usr/bin/git -c protocol.version=2 fetch --no-tags --prune --no-recurse-submodules --depth=1 origin +43f20917de93b9aad51cf79a69ad5239c5632917:refs/remotes/origin/feature/f3-test-failures
2026-09-23T08:48:16.7690690Z From https://github.com/DhruvHegde/log-generation
2026-09-23T08:48:16.7694930Z  * [new ref]         43f20917de93b9aad51cf79a69ad5239c5632917 -> origin/feature/f3-test-failures
2026-09-23T08:48:16.7702646Z ##[endgroup]
2026-09-23T08:48:16.7705166Z ##[group]Determining the checkout info
2026-09-23T08:48:16.7708939Z ##[endgroup]
2026-09-23T08:48:16.7710868Z [command]/usr/bin/git sparse-checkout disable
2026-09-23T08:48:16.7899554Z [command]/usr/bin/git config --local --unset-all extensions.worktreeConfig
2026-09-23T08:48:16.7937915Z ##[group]Checking out the ref
2026-09-23T08:48:16.7943017Z [command]/usr/bin/git checkout --progress --force -B feature/f3-test-failures refs/remotes/origin/feature/f3-test-failures
2026-09-23T08:48:16.8346206Z Switched to a new branch 'feature/f3-test-failures'
2026-09-23T08:48:16.8353170Z branch 'feature/f3-test-failures' set up to track 'origin/feature/f3-test-failures'.
2026-09-23T08:48:16.8362608Z ##[endgroup]
2026-09-23T08:48:16.8409823Z [command]/usr/bin/git log -1 --format=%H
2026-09-23T08:48:16.8438907Z 43f20917de93b9aad51cf79a69ad5239c5632917
2026-09-23T08:48:16.8826071Z Node 20 is being deprecated. This workflow is running with Node 24 by default. If you need to temporarily use Node 20, you can set the ACTIONS_ALLOW_USE_UNSECURE_NODE_VERSION=true environment variable. For more information see: https://github.blog/changelog/2025-09-19-deprecation-of-node-20-on-github-actions-runners/
2026-09-23T08:48:16.8832126Z ##[group]Run actions/setup-python@v5
2026-09-23T08:48:16.8833351Z with:
2026-09-23T08:48:16.8834269Z   python-version: 3.11
2026-09-23T08:48:16.8835327Z   check-latest: false
2026-09-23T08:48:16.8845075Z   token: ***
2026-09-23T08:48:16.8846076Z   update-environment: true
2026-09-23T08:48:16.8847232Z   allow-prereleases: false
2026-09-23T08:48:16.8848727Z   freethreaded: false
2026-09-23T08:48:16.8849772Z ##[endgroup]
2026-09-23T08:48:17.0219748Z ##[group]Installed versions
2026-09-23T08:48:17.0731442Z (node:2177) [DEP0040] DeprecationWarning: The `punycode` module is deprecated. Please use a userland alternative instead.
2026-09-23T08:48:17.0736202Z (Use `node --trace-deprecation ...` to show where the warning was created)
2026-09-23T08:48:17.0739252Z Successfully set up CPython (3.11.16)
2026-09-23T08:48:17.0742300Z ##[endgroup]
2026-09-23T08:48:17.1048253Z ##[group]Run pip install --no-cache-dir pytest
2026-09-23T08:48:17.1050591Z [36;1mpip install --no-cache-dir pytest[0m
2026-09-23T08:48:17.2547481Z shell: /usr/bin/bash -e {0}
2026-09-23T08:48:17.2548764Z env:
2026-09-23T08:48:17.2549872Z   pythonLocation: /opt/hostedtoolcache/Python/3.11.16/x64
2026-09-23T08:48:17.2551700Z   PKG_CONFIG_PATH: /opt/hostedtoolcache/Python/3.11.16/x64/lib/pkgconfig
2026-09-23T08:48:17.2553524Z   Python_ROOT_DIR: /opt/hostedtoolcache/Python/3.11.16/x64
2026-09-23T08:48:17.2555175Z   Python2_ROOT_DIR: /opt/hostedtoolcache/Python/3.11.16/x64
2026-09-23T08:48:17.2556830Z   Python3_ROOT_DIR: /opt/hostedtoolcache/Python/3.11.16/x64
2026-09-23T08:48:17.2558929Z   LD_LIBRARY_PATH: /opt/hostedtoolcache/Python/3.11.16/x64/lib
2026-09-23T08:48:17.2560344Z ##[endgroup]
2026-09-23T08:48:26.9811893Z Collecting pytest
2026-09-23T08:48:27.0469913Z   Downloading pytest-9.1.1-py3-none-any.whl.metadata (7.6 kB)
2026-09-23T08:48:27.0602625Z Collecting iniconfig>=1.0.1 (from pytest)
2026-09-23T08:48:27.0693353Z   Downloading iniconfig-2.3.0-py3-none-any.whl.metadata (2.5 kB)
2026-09-23T08:48:27.0855310Z Collecting packaging>=22 (from pytest)
2026-09-23T08:48:27.0932653Z   Downloading packaging-26.3-py3-none-any.whl.metadata (3.5 kB)
2026-09-23T08:48:27.1058875Z Collecting pluggy<2,>=1.5 (from pytest)
2026-09-23T08:48:27.1133190Z   Downloading pluggy-1.6.0-py3-none-any.whl.metadata (4.8 kB)
2026-09-23T08:48:27.1325065Z Collecting pygments>=2.7.2 (from pytest)
2026-09-23T08:48:27.1399405Z   Downloading pygments-2.21.0-py3-none-any.whl.metadata (2.5 kB)
2026-09-23T08:48:27.1503554Z Downloading pytest-9.1.1-py3-none-any.whl (386 kB)
2026-09-23T08:48:27.1909111Z Downloading pluggy-1.6.0-py3-none-any.whl (20 kB)
2026-09-23T08:48:27.1989392Z Downloading iniconfig-2.3.0-py3-none-any.whl (7.5 kB)
2026-09-23T08:48:27.2064727Z Downloading packaging-26.3-py3-none-any.whl (129 kB)
2026-09-23T08:48:27.2202553Z Downloading pygments-2.21.0-py3-none-any.whl (1.3 MB)
2026-09-23T08:48:27.2758085Z    ââââââââââââââââââââââââââââââââââââââââ 1.3/1.3 MB 24.3 MB/s  0:00:00
2026-09-23T08:48:27.8055453Z Installing collected packages: pygments, pluggy, packaging, iniconfig, pytest
2026-09-23T08:48:28.8229799Z 
2026-09-23T08:48:28.8240518Z Successfully installed iniconfig-2.3.0 packaging-26.3 pluggy-1.6.0 pygments-2.21.0 pytest-9.1.1
2026-09-23T08:48:28.8843752Z ##[group]Run python automation/inject_mutation.py --error-type "KeyError"
2026-09-23T08:48:28.8844343Z [36;1mpython automation/inject_mutation.py --error-type "KeyError"[0m
2026-09-23T08:48:28.8908596Z shell: /usr/bin/bash -e {0}
2026-09-23T08:48:28.8908866Z env:
2026-09-23T08:48:28.8909148Z   pythonLocation: /opt/hostedtoolcache/Python/3.11.16/x64
2026-09-23T08:48:28.8909808Z   PKG_CONFIG_PATH: /opt/hostedtoolcache/Python/3.11.16/x64/lib/pkgconfig
2026-09-23T08:48:28.8910274Z   Python_ROOT_DIR: /opt/hostedtoolcache/Python/3.11.16/x64
2026-09-23T08:48:28.8910693Z   Python2_ROOT_DIR: /opt/hostedtoolcache/Python/3.11.16/x64
2026-09-23T08:48:28.8911113Z   Python3_ROOT_DIR: /opt/hostedtoolcache/Python/3.11.16/x64
2026-09-23T08:48:28.8911517Z   LD_LIBRARY_PATH: /opt/hostedtoolcache/Python/3.11.16/x64/lib
2026-09-23T08:48:28.8911902Z ##[endgroup]
2026-09-23T08:48:28.9241255Z [Mutation Injected] Successfully injected KeyError into tests/test_app.py
2026-09-23T08:48:28.9315968Z ##[group]Run pytest tests/test_app.py -v
2026-09-23T08:48:28.9316374Z [36;1mpytest tests/test_app.py -v[0m
2026-09-23T08:48:28.9380383Z shell: /usr/bin/bash -e {0}
2026-09-23T08:48:28.9380671Z env:
2026-09-23T08:48:28.9380975Z   pythonLocation: /opt/hostedtoolcache/Python/3.11.16/x64
2026-09-23T08:48:28.9381480Z   PKG_CONFIG_PATH: /opt/hostedtoolcache/Python/3.11.16/x64/lib/pkgconfig
2026-09-23T08:48:28.9381985Z   Python_ROOT_DIR: /opt/hostedtoolcache/Python/3.11.16/x64
2026-09-23T08:48:28.9382418Z   Python2_ROOT_DIR: /opt/hostedtoolcache/Python/3.11.16/x64
2026-09-23T08:48:28.9382850Z   Python3_ROOT_DIR: /opt/hostedtoolcache/Python/3.11.16/x64
2026-09-23T08:48:28.9383294Z   LD_LIBRARY_PATH: /opt/hostedtoolcache/Python/3.11.16/x64/lib
2026-09-23T08:48:28.9383664Z ##[endgroup]
2026-09-23T08:48:29.9737296Z ============================= test session starts ==============================
2026-09-23T08:48:29.9738875Z platform linux -- Python 3.11.16, pytest-9.1.1, pluggy-1.6.0 -- /opt/hostedtoolcache/Python/3.11.16/x64/bin/python
2026-09-23T08:48:29.9739785Z cachedir: .pytest_cache
2026-09-23T08:48:29.9740335Z rootdir: /home/runner/work/log-generation/log-generation
2026-09-23T08:48:29.9740951Z configfile: pytest.ini
2026-09-23T08:48:29.9833404Z collecting ... collected 6 items
2026-09-23T08:48:29.9833831Z 
2026-09-23T08:48:29.9842303Z tests/test_app.py::test_calculate_division PASSED                        [ 16%]
2026-09-23T08:48:29.9849854Z tests/test_app.py::test_convert_to_int PASSED                            [ 33%]
2026-09-23T08:48:29.9857050Z tests/test_app.py::test_get_list_item PASSED                             [ 50%]
2026-09-23T08:48:29.9864254Z tests/test_app.py::test_get_dict_value PASSED                            [ 66%]
2026-09-23T08:48:29.9871324Z tests/test_app.py::test_assert_positive PASSED                           [ 83%]
2026-09-23T08:48:30.0179318Z tests/test_app.py::test_key_error FAILED                                 [100%]
2026-09-23T08:48:30.0179877Z 
2026-09-23T08:48:30.0180145Z =================================== FAILURES ===================================
2026-09-23T08:48:30.0180864Z ________________________________ test_key_error ________________________________
2026-09-23T08:48:30.0181395Z 
2026-09-23T08:48:30.0181584Z     def test_key_error():
2026-09-23T08:48:30.0182053Z         """Injected synthetic KeyError."""
2026-09-23T08:48:30.0182627Z         from src.app import get_dict_value
2026-09-23T08:48:30.0183186Z         config = {"env": "staging", "retries": 3}
2026-09-23T08:48:30.0183821Z >       get_dict_value(config, "missing_auth_token")
2026-09-23T08:48:30.0184222Z 
2026-09-23T08:48:30.0184409Z tests/test_app.py:140: 
2026-09-23T08:48:30.0184976Z _ _ _ _ _ _ _ _ _ _ _ _ _ _ _ _ _ _ _ _ _ _ _ _ _ _ _ _ _ _ _ _ _ _ _ _ _ _ _ _ 
2026-09-23T08:48:30.0185439Z 
2026-09-23T08:48:30.0185716Z d = {'env': 'staging', 'retries': 3}, key = 'missing_auth_token'
2026-09-23T08:48:30.0186157Z 
2026-09-23T08:48:30.0186330Z     def get_dict_value(d, key):
2026-09-23T08:48:30.0186781Z >       return d[key]
2026-09-23T08:48:30.0187158Z                ^^^^^^
2026-09-23T08:48:30.0187832Z E       KeyError: 'missing_auth_token'
2026-09-23T08:48:30.0188199Z 
2026-09-23T08:48:30.0188383Z src/app.py:11: KeyError
2026-09-23T08:48:30.0188901Z =========================== short test summary info ============================
2026-09-23T08:48:30.0189748Z FAILED tests/test_app.py::test_key_error - KeyError: 'missing_auth_token'
2026-09-23T08:48:30.0190913Z ========================= 1 failed, 5 passed in 0.03s ==========================
2026-09-23T08:48:30.0385386Z ##[error]Process completed with exit code 1.
2026-09-23T08:48:30.0526495Z Node 20 is being deprecated. This workflow is running with Node 24 by default. If you need to temporarily use Node 20, you can set the ACTIONS_ALLOW_USE_UNSECURE_NODE_VERSION=true environment variable. For more information see: https://github.blog/changelog/2025-09-19-deprecation-of-node-20-on-github-actions-runners/
2026-09-23T08:48:30.0528078Z Post job cleanup.
2026-09-23T08:48:30.1410144Z [command]/usr/bin/git version
2026-09-23T08:48:30.1483993Z git version 2.55.0
2026-09-23T08:48:30.1550605Z Temporarily overriding HOME='/home/runner/work/_temp/0974ba8f-e68e-4d70-8190-58a84e444f81' before making global git config changes
2026-09-23T08:48:30.1552074Z Adding repository directory to the temporary git global config as a safe directory
2026-09-23T08:48:30.1557716Z [command]/usr/bin/git config --global --add safe.directory /home/runner/work/log-generation/log-generation
2026-09-23T08:48:30.1600739Z [command]/usr/bin/git config --local --name-only --get-regexp core\.sshCommand
2026-09-23T08:48:30.1637874Z [command]/usr/bin/git submodule foreach --recursive sh -c "git config --local --name-only --get-regexp 'core\.sshCommand' && git config --local --unset-all 'core.sshCommand' || :"
2026-09-23T08:48:30.1911564Z [command]/usr/bin/git config --local --name-only --get-regexp http\.https\:\/\/github\.com\/\.extraheader
2026-09-23T08:48:30.1947189Z http.https://github.com/.extraheader
2026-09-23T08:48:30.1960000Z [command]/usr/bin/git config --local --unset-all http.https://github.com/.extraheader
2026-09-23T08:48:30.1999624Z [command]/usr/bin/git submodule foreach --recursive sh -c "git config --local --name-only --get-regexp 'http\.https\:\/\/github\.com\/\.extraheader' && git config --local --unset-all 'http.https://github.com/.extraheader' || :"
2026-09-23T08:48:30.2268188Z [command]/usr/bin/git config --local --name-only --get-regexp ^includeIf\.gitdir:
2026-09-23T08:48:30.2310629Z [command]/usr/bin/git submodule foreach --recursive git config --local --show-origin --name-only --get-regexp remote.origin.url
2026-09-23T08:48:30.2710727Z Cleaning up orphan processes
2026-09-23T08:48:30.2974089Z ##[warning]Node.js 20 is deprecated. The following actions target Node.js 20 but are being forced to run on Node.js 24: actions/checkout@v4, actions/setup-python@v5. For more information see: https://github.blog/changelog/2025-09-19-deprecation-of-node-20-on-github-actions-runners/
