ï»¿2026-09-23T08:44:21.0979065Z Current runner version: '2.337.0'
2026-09-23T08:44:21.1005135Z ##[group]Runner Image Provisioner
2026-09-23T08:44:21.1006070Z Hosted Compute Agent
2026-09-23T08:44:21.1006698Z Version: 20260828.587
2026-09-23T08:44:21.1007439Z Commit: abac92662cab4cc7352de4f9f9d2e2419aad9c29
2026-09-23T08:44:21.1008276Z Build Date: 2026-08-28T16:44:25Z
2026-09-23T08:44:21.1008979Z Worker ID: {5ff25563-caff-45c4-aa60-316eab2a6599}
2026-09-23T08:44:21.1009741Z Azure Region: eastus
2026-09-23T08:44:21.1010699Z ##[endgroup]
2026-09-23T08:44:21.1012291Z ##[group]Operating System
2026-09-23T08:44:21.1013035Z Ubuntu
2026-09-23T08:44:21.1013570Z 24.04.5
2026-09-23T08:44:21.1014505Z LTS
2026-09-23T08:44:21.1015138Z ##[endgroup]
2026-09-23T08:44:21.1015773Z ##[group]Runner Image
2026-09-23T08:44:21.1016446Z Image: ubuntu-24.04
2026-09-23T08:44:21.1017019Z Version: 20260907.300.1
2026-09-23T08:44:21.1018351Z Included Software: https://github.com/actions/runner-images/blob/ubuntu24/20260907.300/images/ubuntu/Ubuntu2404-Readme.md
2026-09-23T08:44:21.1019977Z Image Release: https://github.com/actions/runner-images/releases/tag/ubuntu24%2F20260907.300
2026-09-23T08:44:21.1021252Z ##[endgroup]
2026-09-23T08:44:21.1022449Z ##[group]GITHUB_TOKEN Permissions
2026-09-23T08:44:21.1024850Z Contents: read
2026-09-23T08:44:21.1025499Z Metadata: read
2026-09-23T08:44:21.1026063Z Packages: read
2026-09-23T08:44:21.1026698Z ##[endgroup]
2026-09-23T08:44:21.1028880Z Secret source: Actions
2026-09-23T08:44:21.1030059Z Cache mode: write
2026-09-23T08:44:21.1031552Z Prepare workflow directory
2026-09-23T08:44:21.1378030Z Prepare all required actions
2026-09-23T08:44:21.1427648Z Getting action download info
2026-09-23T08:44:21.3897919Z Download action repository 'actions/checkout@v4' (SHA:11d5960a326750d5838078e36cf38b85af677262)
2026-09-23T08:44:21.5239700Z Download action repository 'actions/setup-python@v5' (SHA:a26af69be951a213d495a4c3e4e4022e16d87065)
2026-09-23T08:44:21.7488586Z Complete job name: test-f3 (FileNotFoundError #78)
2026-09-23T08:44:21.8328697Z Node 20 is being deprecated. This workflow is running with Node 24 by default. If you need to temporarily use Node 20, you can set the ACTIONS_ALLOW_USE_UNSECURE_NODE_VERSION=true environment variable. For more information see: https://github.blog/changelog/2025-09-19-deprecation-of-node-20-on-github-actions-runners/
2026-09-23T08:44:21.8338051Z ##[group]Run actions/checkout@v4
2026-09-23T08:44:21.8338848Z with:
2026-09-23T08:44:21.8339285Z   fetch-depth: 1
2026-09-23T08:44:21.8339836Z   repository: DhruvHegde/log-generation
2026-09-23T08:44:21.8344249Z   token: ***
2026-09-23T08:44:21.8344692Z   ssh-strict: true
2026-09-23T08:44:21.8345135Z   ssh-user: git
2026-09-23T08:44:21.8345576Z   persist-credentials: true
2026-09-23T08:44:21.8346070Z   clean: true
2026-09-23T08:44:21.8346529Z   sparse-checkout-cone-mode: true
2026-09-23T08:44:21.8347054Z   fetch-tags: false
2026-09-23T08:44:21.8347497Z   show-progress: true
2026-09-23T08:44:21.8347948Z   lfs: false
2026-09-23T08:44:21.8348422Z   submodules: false
2026-09-23T08:44:21.8348902Z   set-safe-directory: true
2026-09-23T08:44:21.8349425Z   allow-unsafe-pr-checkout: false
2026-09-23T08:44:21.8350500Z ##[endgroup]
2026-09-23T08:44:21.9417177Z Syncing repository: DhruvHegde/log-generation
2026-09-23T08:44:21.9420426Z ##[group]Getting Git version info
2026-09-23T08:44:21.9421948Z Working directory is '/home/runner/work/log-generation/log-generation'
2026-09-23T08:44:21.9423820Z [command]/usr/bin/git version
2026-09-23T08:44:21.9502131Z git version 2.55.0
2026-09-23T08:44:21.9543050Z ##[endgroup]
2026-09-23T08:44:21.9552205Z Temporarily overriding HOME='/home/runner/work/_temp/3809b726-05b1-4560-a8af-21b7a2c09103' before making global git config changes
2026-09-23T08:44:21.9554283Z Adding repository directory to the temporary git global config as a safe directory
2026-09-23T08:44:21.9557180Z [command]/usr/bin/git config --global --add safe.directory /home/runner/work/log-generation/log-generation
2026-09-23T08:44:21.9624539Z Deleting the contents of '/home/runner/work/log-generation/log-generation'
2026-09-23T08:44:21.9630578Z ##[group]Initializing the repository
2026-09-23T08:44:21.9635968Z [command]/usr/bin/git init /home/runner/work/log-generation/log-generation
2026-09-23T08:44:21.9748563Z hint: Using 'master' as the name for the initial branch. This default branch name
2026-09-23T08:44:21.9750963Z hint: will change to "main" in Git 3.0. To configure the initial branch name
2026-09-23T08:44:21.9754135Z hint: to use in all of your new repositories, which will suppress this warning,
2026-09-23T08:44:21.9756077Z hint: call:
2026-09-23T08:44:21.9756603Z hint:
2026-09-23T08:44:21.9757233Z hint: 	git config --global init.defaultBranch <name>
2026-09-23T08:44:21.9757862Z hint:
2026-09-23T08:44:21.9758451Z hint: Names commonly chosen instead of 'master' are 'main', 'trunk' and
2026-09-23T08:44:21.9759382Z hint: 'development'. The just-created branch can be renamed via this command:
2026-09-23T08:44:21.9760488Z hint:
2026-09-23T08:44:21.9761573Z hint: 	git branch -m <name>
2026-09-23T08:44:21.9762421Z hint:
2026-09-23T08:44:21.9763492Z hint: Disable this message with "git config set advice.defaultBranchName false"
2026-09-23T08:44:21.9765307Z Initialized empty Git repository in /home/runner/work/log-generation/log-generation/.git/
2026-09-23T08:44:21.9767720Z [command]/usr/bin/git remote add origin https://github.com/DhruvHegde/log-generation
2026-09-23T08:44:21.9816525Z ##[endgroup]
2026-09-23T08:44:21.9817776Z ##[group]Disabling automatic garbage collection
2026-09-23T08:44:21.9821527Z [command]/usr/bin/git config --local gc.auto 0
2026-09-23T08:44:21.9854729Z ##[endgroup]
2026-09-23T08:44:21.9855846Z ##[group]Setting up auth
2026-09-23T08:44:21.9863845Z [command]/usr/bin/git config --local --name-only --get-regexp core\.sshCommand
2026-09-23T08:44:21.9897546Z [command]/usr/bin/git submodule foreach --recursive sh -c "git config --local --name-only --get-regexp 'core\.sshCommand' && git config --local --unset-all 'core.sshCommand' || :"
2026-09-23T08:44:22.0293093Z [command]/usr/bin/git config --local --name-only --get-regexp http\.https\:\/\/github\.com\/\.extraheader
2026-09-23T08:44:22.0337418Z [command]/usr/bin/git submodule foreach --recursive sh -c "git config --local --name-only --get-regexp 'http\.https\:\/\/github\.com\/\.extraheader' && git config --local --unset-all 'http.https://github.com/.extraheader' || :"
2026-09-23T08:44:22.0581180Z [command]/usr/bin/git config --local --name-only --get-regexp ^includeIf\.gitdir:
2026-09-23T08:44:22.0638451Z [command]/usr/bin/git submodule foreach --recursive git config --local --show-origin --name-only --get-regexp remote.origin.url
2026-09-23T08:44:22.0895515Z [command]/usr/bin/git config --local http.https://github.com/.extraheader AUTHORIZATION: basic ***
2026-09-23T08:44:22.0940684Z ##[endgroup]
2026-09-23T08:44:22.0942151Z ##[group]Fetching the repository
2026-09-23T08:44:22.0952220Z [command]/usr/bin/git -c protocol.version=2 fetch --no-tags --prune --no-recurse-submodules --depth=1 origin +dfcb6f158e4bd8054252a4da5d0a9edc2ab15d57:refs/remotes/origin/feature/f3-test-failures
2026-09-23T08:44:22.3106524Z From https://github.com/DhruvHegde/log-generation
2026-09-23T08:44:22.3107826Z  * [new ref]         dfcb6f158e4bd8054252a4da5d0a9edc2ab15d57 -> origin/feature/f3-test-failures
2026-09-23T08:44:22.3111802Z ##[endgroup]
2026-09-23T08:44:22.3112637Z ##[group]Determining the checkout info
2026-09-23T08:44:22.3114886Z ##[endgroup]
2026-09-23T08:44:22.3123050Z [command]/usr/bin/git sparse-checkout disable
2026-09-23T08:44:22.3178705Z [command]/usr/bin/git config --local --unset-all extensions.worktreeConfig
2026-09-23T08:44:22.3214052Z ##[group]Checking out the ref
2026-09-23T08:44:22.3219771Z [command]/usr/bin/git checkout --progress --force -B feature/f3-test-failures refs/remotes/origin/feature/f3-test-failures
2026-09-23T08:44:22.3387111Z Switched to a new branch 'feature/f3-test-failures'
2026-09-23T08:44:22.3388558Z branch 'feature/f3-test-failures' set up to track 'origin/feature/f3-test-failures'.
2026-09-23T08:44:22.3391478Z ##[endgroup]
2026-09-23T08:44:22.3392891Z [command]/usr/bin/git log -1 --format=%H
2026-09-23T08:44:22.3411130Z dfcb6f158e4bd8054252a4da5d0a9edc2ab15d57
2026-09-23T08:44:22.3741533Z Node 20 is being deprecated. This workflow is running with Node 24 by default. If you need to temporarily use Node 20, you can set the ACTIONS_ALLOW_USE_UNSECURE_NODE_VERSION=true environment variable. For more information see: https://github.blog/changelog/2025-09-19-deprecation-of-node-20-on-github-actions-runners/
2026-09-23T08:44:22.3745567Z ##[group]Run actions/setup-python@v5
2026-09-23T08:44:22.3746249Z with:
2026-09-23T08:44:22.3746747Z   python-version: 3.11
2026-09-23T08:44:22.3747320Z   check-latest: false
2026-09-23T08:44:22.3753207Z   token: ***
2026-09-23T08:44:22.3753751Z   update-environment: true
2026-09-23T08:44:22.3754381Z   allow-prereleases: false
2026-09-23T08:44:22.3754995Z   freethreaded: false
2026-09-23T08:44:22.3755545Z ##[endgroup]
2026-09-23T08:44:22.5135948Z ##[group]Installed versions
2026-09-23T08:44:22.5229567Z (node:2249) [DEP0040] DeprecationWarning: The `punycode` module is deprecated. Please use a userland alternative instead.
2026-09-23T08:44:22.5233289Z (Use `node --trace-deprecation ...` to show where the warning was created)
2026-09-23T08:44:22.5235091Z Successfully set up CPython (3.11.16)
2026-09-23T08:44:22.5237042Z ##[endgroup]
2026-09-23T08:44:22.5451428Z ##[group]Run pip install --no-cache-dir pytest
2026-09-23T08:44:22.5452526Z [36;1mpip install --no-cache-dir pytest[0m
2026-09-23T08:44:22.5565281Z shell: /usr/bin/bash -e {0}
2026-09-23T08:44:22.5566057Z env:
2026-09-23T08:44:22.5566740Z   pythonLocation: /opt/hostedtoolcache/Python/3.11.16/x64
2026-09-23T08:44:22.5567891Z   PKG_CONFIG_PATH: /opt/hostedtoolcache/Python/3.11.16/x64/lib/pkgconfig
2026-09-23T08:44:22.5569049Z   Python_ROOT_DIR: /opt/hostedtoolcache/Python/3.11.16/x64
2026-09-23T08:44:22.5570081Z   Python2_ROOT_DIR: /opt/hostedtoolcache/Python/3.11.16/x64
2026-09-23T08:44:22.5571751Z   Python3_ROOT_DIR: /opt/hostedtoolcache/Python/3.11.16/x64
2026-09-23T08:44:22.5659243Z   LD_LIBRARY_PATH: /opt/hostedtoolcache/Python/3.11.16/x64/lib
2026-09-23T08:44:22.5660686Z ##[endgroup]
2026-09-23T08:44:24.9498674Z Collecting pytest
2026-09-23T08:44:25.0017946Z   Downloading pytest-9.1.1-py3-none-any.whl.metadata (7.6 kB)
2026-09-23T08:44:25.0106839Z Collecting iniconfig>=1.0.1 (from pytest)
2026-09-23T08:44:25.0154694Z   Downloading iniconfig-2.3.0-py3-none-any.whl.metadata (2.5 kB)
2026-09-23T08:44:25.0258944Z Collecting packaging>=22 (from pytest)
2026-09-23T08:44:25.0294050Z   Downloading packaging-26.3-py3-none-any.whl.metadata (3.5 kB)
2026-09-23T08:44:25.0373678Z Collecting pluggy<2,>=1.5 (from pytest)
2026-09-23T08:44:25.0408573Z   Downloading pluggy-1.6.0-py3-none-any.whl.metadata (4.8 kB)
2026-09-23T08:44:25.0541827Z Collecting pygments>=2.7.2 (from pytest)
2026-09-23T08:44:25.0576918Z   Downloading pygments-2.21.0-py3-none-any.whl.metadata (2.5 kB)
2026-09-23T08:44:25.0644129Z Downloading pytest-9.1.1-py3-none-any.whl (386 kB)
2026-09-23T08:44:25.0860898Z Downloading pluggy-1.6.0-py3-none-any.whl (20 kB)
2026-09-23T08:44:25.0901073Z Downloading iniconfig-2.3.0-py3-none-any.whl (7.5 kB)
2026-09-23T08:44:25.0937107Z Downloading packaging-26.3-py3-none-any.whl (129 kB)
2026-09-23T08:44:25.0975765Z Downloading pygments-2.21.0-py3-none-any.whl (1.3 MB)
2026-09-23T08:44:25.1063228Z    ââââââââââââââââââââââââââââââââââââââââ 1.3/1.3 MB 222.7 MB/s  0:00:00
2026-09-23T08:44:25.2736413Z Installing collected packages: pygments, pluggy, packaging, iniconfig, pytest
2026-09-23T08:44:26.2932554Z 
2026-09-23T08:44:26.2943066Z Successfully installed iniconfig-2.3.0 packaging-26.3 pluggy-1.6.0 pygments-2.21.0 pytest-9.1.1
2026-09-23T08:44:26.3618616Z ##[group]Run python automation/inject_mutation.py --error-type "FileNotFoundError"
2026-09-23T08:44:26.3619303Z [36;1mpython automation/inject_mutation.py --error-type "FileNotFoundError"[0m
2026-09-23T08:44:26.3660399Z shell: /usr/bin/bash -e {0}
2026-09-23T08:44:26.3660680Z env:
2026-09-23T08:44:26.3661230Z   pythonLocation: /opt/hostedtoolcache/Python/3.11.16/x64
2026-09-23T08:44:26.3661684Z   PKG_CONFIG_PATH: /opt/hostedtoolcache/Python/3.11.16/x64/lib/pkgconfig
2026-09-23T08:44:26.3662115Z   Python_ROOT_DIR: /opt/hostedtoolcache/Python/3.11.16/x64
2026-09-23T08:44:26.3662496Z   Python2_ROOT_DIR: /opt/hostedtoolcache/Python/3.11.16/x64
2026-09-23T08:44:26.3662893Z   Python3_ROOT_DIR: /opt/hostedtoolcache/Python/3.11.16/x64
2026-09-23T08:44:26.3663276Z   LD_LIBRARY_PATH: /opt/hostedtoolcache/Python/3.11.16/x64/lib
2026-09-23T08:44:26.3663636Z ##[endgroup]
2026-09-23T08:44:26.3974564Z [Mutation Injected] Successfully injected FileNotFoundError into tests/test_app.py
2026-09-23T08:44:26.4051073Z ##[group]Run pytest tests/test_app.py -v
2026-09-23T08:44:26.4051488Z [36;1mpytest tests/test_app.py -v[0m
2026-09-23T08:44:26.4091436Z shell: /usr/bin/bash -e {0}
2026-09-23T08:44:26.4091699Z env:
2026-09-23T08:44:26.4091973Z   pythonLocation: /opt/hostedtoolcache/Python/3.11.16/x64
2026-09-23T08:44:26.4092441Z   PKG_CONFIG_PATH: /opt/hostedtoolcache/Python/3.11.16/x64/lib/pkgconfig
2026-09-23T08:44:26.4092884Z   Python_ROOT_DIR: /opt/hostedtoolcache/Python/3.11.16/x64
2026-09-23T08:44:26.4093268Z   Python2_ROOT_DIR: /opt/hostedtoolcache/Python/3.11.16/x64
2026-09-23T08:44:26.4093694Z   Python3_ROOT_DIR: /opt/hostedtoolcache/Python/3.11.16/x64
2026-09-23T08:44:26.4094098Z   LD_LIBRARY_PATH: /opt/hostedtoolcache/Python/3.11.16/x64/lib
2026-09-23T08:44:26.4094444Z ##[endgroup]
2026-09-23T08:44:26.7888015Z ============================= test session starts ==============================
2026-09-23T08:44:26.7889395Z platform linux -- Python 3.11.16, pytest-9.1.1, pluggy-1.6.0 -- /opt/hostedtoolcache/Python/3.11.16/x64/bin/python
2026-09-23T08:44:26.7895184Z cachedir: .pytest_cache
2026-09-23T08:44:26.7896094Z rootdir: /home/runner/work/log-generation/log-generation
2026-09-23T08:44:26.7897131Z configfile: pytest.ini
2026-09-23T08:44:26.7986752Z collecting ... collected 6 items
2026-09-23T08:44:26.7987151Z 
2026-09-23T08:44:26.7996036Z tests/test_app.py::test_calculate_division PASSED                        [ 16%]
2026-09-23T08:44:26.8003459Z tests/test_app.py::test_convert_to_int PASSED                            [ 33%]
2026-09-23T08:44:26.8010821Z tests/test_app.py::test_get_list_item PASSED                             [ 50%]
2026-09-23T08:44:26.8017872Z tests/test_app.py::test_get_dict_value PASSED                            [ 66%]
2026-09-23T08:44:26.8024804Z tests/test_app.py::test_assert_positive PASSED                           [ 83%]
2026-09-23T08:44:26.8284593Z tests/test_app.py::test_file_not_found_error FAILED                      [100%]
2026-09-23T08:44:26.8285177Z 
2026-09-23T08:44:26.8285451Z =================================== FAILURES ===================================
2026-09-23T08:44:26.8286201Z __________________________ test_file_not_found_error ___________________________
2026-09-23T08:44:26.8286720Z 
2026-09-23T08:44:26.8286903Z     def test_file_not_found_error():
2026-09-23T08:44:26.8287432Z         """Injected synthetic FileNotFoundError."""
2026-09-23T08:44:26.8288046Z         from src.app import read_config_file
2026-09-23T08:44:26.8288581Z >       read_config_file("fixtures/non_existent_pipeline_config.json")
2026-09-23T08:44:26.8288917Z 
2026-09-23T08:44:26.8289035Z tests/test_app.py:137: 
2026-09-23T08:44:26.8289374Z _ _ _ _ _ _ _ _ _ _ _ _ _ _ _ _ _ _ _ _ _ _ _ _ _ _ _ _ _ _ _ _ _ _ _ _ _ _ _ _ 
2026-09-23T08:44:26.8289673Z 
2026-09-23T08:44:26.8289829Z path = 'fixtures/non_existent_pipeline_config.json'
2026-09-23T08:44:26.8290547Z 
2026-09-23T08:44:26.8290706Z     def read_config_file(path):
2026-09-23T08:44:26.8291030Z >       with open(path, "r") as f:
2026-09-23T08:44:26.8291343Z              ^^^^^^^^^^^^^^^
2026-09-23T08:44:26.8291881Z E       FileNotFoundError: [Errno 2] No such file or directory: 'fixtures/non_existent_pipeline_config.json'
2026-09-23T08:44:26.8292360Z 
2026-09-23T08:44:26.8292487Z src/app.py:17: FileNotFoundError
2026-09-23T08:44:26.8292877Z =========================== short test summary info ============================
2026-09-23T08:44:26.8294057Z FAILED tests/test_app.py::test_file_not_found_error - FileNotFoundError: [Errno 2] No such file or directory: 'fixtures/non_existent_pipeline_config.json'
2026-09-23T08:44:26.8294910Z ========================= 1 failed, 5 passed in 0.03s ==========================
2026-09-23T08:44:26.8493579Z ##[error]Process completed with exit code 1.
2026-09-23T08:44:26.8642351Z Node 20 is being deprecated. This workflow is running with Node 24 by default. If you need to temporarily use Node 20, you can set the ACTIONS_ALLOW_USE_UNSECURE_NODE_VERSION=true environment variable. For more information see: https://github.blog/changelog/2025-09-19-deprecation-of-node-20-on-github-actions-runners/
2026-09-23T08:44:26.8643628Z Post job cleanup.
2026-09-23T08:44:26.9538680Z [command]/usr/bin/git version
2026-09-23T08:44:26.9583544Z git version 2.55.0
2026-09-23T08:44:26.9624060Z Temporarily overriding HOME='/home/runner/work/_temp/16c5eaa7-44fc-475c-a8f9-237febc52119' before making global git config changes
2026-09-23T08:44:26.9625518Z Adding repository directory to the temporary git global config as a safe directory
2026-09-23T08:44:26.9630476Z [command]/usr/bin/git config --global --add safe.directory /home/runner/work/log-generation/log-generation
2026-09-23T08:44:26.9676149Z [command]/usr/bin/git config --local --name-only --get-regexp core\.sshCommand
2026-09-23T08:44:26.9715048Z [command]/usr/bin/git submodule foreach --recursive sh -c "git config --local --name-only --get-regexp 'core\.sshCommand' && git config --local --unset-all 'core.sshCommand' || :"
2026-09-23T08:44:26.9978636Z [command]/usr/bin/git config --local --name-only --get-regexp http\.https\:\/\/github\.com\/\.extraheader
2026-09-23T08:44:27.0009858Z http.https://github.com/.extraheader
2026-09-23T08:44:27.0023473Z [command]/usr/bin/git config --local --unset-all http.https://github.com/.extraheader
2026-09-23T08:44:27.0066430Z [command]/usr/bin/git submodule foreach --recursive sh -c "git config --local --name-only --get-regexp 'http\.https\:\/\/github\.com\/\.extraheader' && git config --local --unset-all 'http.https://github.com/.extraheader' || :"
2026-09-23T08:44:27.0338059Z [command]/usr/bin/git config --local --name-only --get-regexp ^includeIf\.gitdir:
2026-09-23T08:44:27.0383862Z [command]/usr/bin/git submodule foreach --recursive git config --local --show-origin --name-only --get-regexp remote.origin.url
2026-09-23T08:44:27.0826142Z Cleaning up orphan processes
2026-09-23T08:44:27.1120620Z ##[warning]Node.js 20 is deprecated. The following actions target Node.js 20 but are being forced to run on Node.js 24: actions/checkout@v4, actions/setup-python@v5. For more information see: https://github.blog/changelog/2025-09-19-deprecation-of-node-20-on-github-actions-runners/
