ï»¿2026-09-23T08:48:34.1416417Z Current runner version: '2.337.0'
2026-09-23T08:48:34.1441123Z ##[group]Runner Image Provisioner
2026-09-23T08:48:34.1442829Z Hosted Compute Agent
2026-09-23T08:48:34.1443475Z Version: 20260828.587
2026-09-23T08:48:34.1444126Z Commit: abac92662cab4cc7352de4f9f9d2e2419aad9c29
2026-09-23T08:48:34.1444910Z Build Date: 2026-08-28T16:44:25Z
2026-09-23T08:48:34.1445594Z Worker ID: {38372b2f-93b1-4f86-abb8-ff09ea20f3e8}
2026-09-23T08:48:34.1446290Z Azure Region: eastus2
2026-09-23T08:48:34.1446951Z ##[endgroup]
2026-09-23T08:48:34.1448437Z ##[group]Operating System
2026-09-23T08:48:34.1449150Z Ubuntu
2026-09-23T08:48:34.1449701Z 24.04.5
2026-09-23T08:48:34.1450213Z LTS
2026-09-23T08:48:34.1451252Z ##[endgroup]
2026-09-23T08:48:34.1451835Z ##[group]Runner Image
2026-09-23T08:48:34.1452663Z Image: ubuntu-24.04
2026-09-23T08:48:34.1453276Z Version: 20260920.314.1
2026-09-23T08:48:34.1454598Z Included Software: https://github.com/actions/runner-images/blob/ubuntu24/20260920.314/images/ubuntu/Ubuntu2404-Readme.md
2026-09-23T08:48:34.1456134Z Image Release: https://github.com/actions/runner-images/releases/tag/ubuntu24%2F20260920.314
2026-09-23T08:48:34.1457137Z ##[endgroup]
2026-09-23T08:48:34.1458361Z ##[group]GITHUB_TOKEN Permissions
2026-09-23T08:48:34.1460545Z Contents: read
2026-09-23T08:48:34.1461208Z Metadata: read
2026-09-23T08:48:34.1461771Z Packages: read
2026-09-23T08:48:34.1462888Z ##[endgroup]
2026-09-23T08:48:34.1465195Z Secret source: Actions
2026-09-23T08:48:34.1466299Z Cache mode: write
2026-09-23T08:48:34.1467266Z Prepare workflow directory
2026-09-23T08:48:34.1801032Z Prepare all required actions
2026-09-23T08:48:34.1848677Z Getting action download info
2026-09-23T08:48:34.4186880Z Download action repository 'actions/checkout@v4' (SHA:11d5960a326750d5838078e36cf38b85af677262)
2026-09-23T08:48:34.5130832Z Download action repository 'actions/setup-python@v5' (SHA:a26af69be951a213d495a4c3e4e4022e16d87065)
2026-09-23T08:48:34.6945382Z Complete job name: test-f3 (FileNotFoundError #37)
2026-09-23T08:48:34.7819858Z Node 20 is being deprecated. This workflow is running with Node 24 by default. If you need to temporarily use Node 20, you can set the ACTIONS_ALLOW_USE_UNSECURE_NODE_VERSION=true environment variable. For more information see: https://github.blog/changelog/2025-09-19-deprecation-of-node-20-on-github-actions-runners/
2026-09-23T08:48:34.7828996Z ##[group]Run actions/checkout@v4
2026-09-23T08:48:34.7829773Z with:
2026-09-23T08:48:34.7830225Z   fetch-depth: 1
2026-09-23T08:48:34.7830743Z   repository: DhruvHegde/log-generation
2026-09-23T08:48:34.7834813Z   token: ***
2026-09-23T08:48:34.7835280Z   ssh-strict: true
2026-09-23T08:48:34.7835737Z   ssh-user: git
2026-09-23T08:48:34.7836198Z   persist-credentials: true
2026-09-23T08:48:34.7836704Z   clean: true
2026-09-23T08:48:34.7837240Z   sparse-checkout-cone-mode: true
2026-09-23T08:48:34.7837781Z   fetch-tags: false
2026-09-23T08:48:34.7838246Z   show-progress: true
2026-09-23T08:48:34.7838709Z   lfs: false
2026-09-23T08:48:34.7839183Z   submodules: false
2026-09-23T08:48:34.7839661Z   set-safe-directory: true
2026-09-23T08:48:34.7840193Z   allow-unsafe-pr-checkout: false
2026-09-23T08:48:34.7840995Z ##[endgroup]
2026-09-23T08:48:34.8841826Z Syncing repository: DhruvHegde/log-generation
2026-09-23T08:48:34.8845055Z ##[group]Getting Git version info
2026-09-23T08:48:34.8846506Z Working directory is '/home/runner/work/log-generation/log-generation'
2026-09-23T08:48:34.8848310Z [command]/usr/bin/git version
2026-09-23T08:48:34.8895720Z git version 2.55.0
2026-09-23T08:48:34.8944821Z ##[endgroup]
2026-09-23T08:48:34.8958040Z Temporarily overriding HOME='/home/runner/work/_temp/0e3c38ee-6638-4f87-af96-822a53ee3d00' before making global git config changes
2026-09-23T08:48:34.8960370Z Adding repository directory to the temporary git global config as a safe directory
2026-09-23T08:48:34.8961597Z [command]/usr/bin/git config --global --add safe.directory /home/runner/work/log-generation/log-generation
2026-09-23T08:48:34.8989295Z Deleting the contents of '/home/runner/work/log-generation/log-generation'
2026-09-23T08:48:34.8995569Z ##[group]Initializing the repository
2026-09-23T08:48:34.9000497Z [command]/usr/bin/git init /home/runner/work/log-generation/log-generation
2026-09-23T08:48:34.9111031Z hint: Using 'master' as the name for the initial branch. This default branch name
2026-09-23T08:48:34.9112063Z hint: will change to "main" in Git 3.0. To configure the initial branch name
2026-09-23T08:48:34.9113825Z hint: to use in all of your new repositories, which will suppress this warning,
2026-09-23T08:48:34.9114979Z hint: call:
2026-09-23T08:48:34.9115721Z hint:
2026-09-23T08:48:34.9116683Z hint: 	git config --global init.defaultBranch <name>
2026-09-23T08:48:34.9117851Z hint:
2026-09-23T08:48:34.9118971Z hint: Names commonly chosen instead of 'master' are 'main', 'trunk' and
2026-09-23T08:48:34.9120753Z hint: 'development'. The just-created branch can be renamed via this command:
2026-09-23T08:48:34.9122118Z hint:
2026-09-23T08:48:34.9123178Z hint: 	git branch -m <name>
2026-09-23T08:48:34.9124022Z hint:
2026-09-23T08:48:34.9125164Z hint: Disable this message with "git config set advice.defaultBranchName false"
2026-09-23T08:48:34.9127211Z Initialized empty Git repository in /home/runner/work/log-generation/log-generation/.git/
2026-09-23T08:48:34.9130389Z [command]/usr/bin/git remote add origin https://github.com/DhruvHegde/log-generation
2026-09-23T08:48:34.9177868Z ##[endgroup]
2026-09-23T08:48:34.9179205Z ##[group]Disabling automatic garbage collection
2026-09-23T08:48:34.9182007Z [command]/usr/bin/git config --local gc.auto 0
2026-09-23T08:48:34.9216655Z ##[endgroup]
2026-09-23T08:48:34.9217996Z ##[group]Setting up auth
2026-09-23T08:48:34.9225410Z [command]/usr/bin/git config --local --name-only --get-regexp core\.sshCommand
2026-09-23T08:48:34.9259101Z [command]/usr/bin/git submodule foreach --recursive sh -c "git config --local --name-only --get-regexp 'core\.sshCommand' && git config --local --unset-all 'core.sshCommand' || :"
2026-09-23T08:48:34.9644601Z [command]/usr/bin/git config --local --name-only --get-regexp http\.https\:\/\/github\.com\/\.extraheader
2026-09-23T08:48:34.9686476Z [command]/usr/bin/git submodule foreach --recursive sh -c "git config --local --name-only --get-regexp 'http\.https\:\/\/github\.com\/\.extraheader' && git config --local --unset-all 'http.https://github.com/.extraheader' || :"
2026-09-23T08:48:34.9909028Z [command]/usr/bin/git config --local --name-only --get-regexp ^includeIf\.gitdir:
2026-09-23T08:48:34.9945029Z [command]/usr/bin/git submodule foreach --recursive git config --local --show-origin --name-only --get-regexp remote.origin.url
2026-09-23T08:48:35.0168288Z [command]/usr/bin/git config --local http.https://github.com/.extraheader AUTHORIZATION: basic ***
2026-09-23T08:48:35.0208530Z ##[endgroup]
2026-09-23T08:48:35.0209403Z ##[group]Fetching the repository
2026-09-23T08:48:35.0218824Z [command]/usr/bin/git -c protocol.version=2 fetch --no-tags --prune --no-recurse-submodules --depth=1 origin +43f20917de93b9aad51cf79a69ad5239c5632917:refs/remotes/origin/feature/f3-test-failures
2026-09-23T08:48:35.3056811Z From https://github.com/DhruvHegde/log-generation
2026-09-23T08:48:35.3059091Z  * [new ref]         43f20917de93b9aad51cf79a69ad5239c5632917 -> origin/feature/f3-test-failures
2026-09-23T08:48:35.3064689Z ##[endgroup]
2026-09-23T08:48:35.3066857Z ##[group]Determining the checkout info
2026-09-23T08:48:35.3069396Z ##[endgroup]
2026-09-23T08:48:35.3074245Z [command]/usr/bin/git sparse-checkout disable
2026-09-23T08:48:35.3128644Z [command]/usr/bin/git config --local --unset-all extensions.worktreeConfig
2026-09-23T08:48:35.3160642Z ##[group]Checking out the ref
2026-09-23T08:48:35.3165425Z [command]/usr/bin/git checkout --progress --force -B feature/f3-test-failures refs/remotes/origin/feature/f3-test-failures
2026-09-23T08:48:35.3565285Z Switched to a new branch 'feature/f3-test-failures'
2026-09-23T08:48:35.3571480Z branch 'feature/f3-test-failures' set up to track 'origin/feature/f3-test-failures'.
2026-09-23T08:48:35.3578846Z ##[endgroup]
2026-09-23T08:48:35.3619945Z [command]/usr/bin/git log -1 --format=%H
2026-09-23T08:48:35.3647610Z 43f20917de93b9aad51cf79a69ad5239c5632917
2026-09-23T08:48:35.3936740Z Node 20 is being deprecated. This workflow is running with Node 24 by default. If you need to temporarily use Node 20, you can set the ACTIONS_ALLOW_USE_UNSECURE_NODE_VERSION=true environment variable. For more information see: https://github.blog/changelog/2025-09-19-deprecation-of-node-20-on-github-actions-runners/
2026-09-23T08:48:35.3939835Z ##[group]Run actions/setup-python@v5
2026-09-23T08:48:35.3940456Z with:
2026-09-23T08:48:35.3940934Z   python-version: 3.11
2026-09-23T08:48:35.3941460Z   check-latest: false
2026-09-23T08:48:35.3945652Z   token: ***
2026-09-23T08:48:35.3946158Z   update-environment: true
2026-09-23T08:48:35.3946716Z   allow-prereleases: false
2026-09-23T08:48:35.3947253Z   freethreaded: false
2026-09-23T08:48:35.3947750Z ##[endgroup]
2026-09-23T08:48:35.5272643Z ##[group]Installed versions
2026-09-23T08:48:35.5368885Z (node:2250) [DEP0040] DeprecationWarning: The `punycode` module is deprecated. Please use a userland alternative instead.
2026-09-23T08:48:35.5371225Z (Use `node --trace-deprecation ...` to show where the warning was created)
2026-09-23T08:48:35.5373065Z Successfully set up CPython (3.11.16)
2026-09-23T08:48:35.5374811Z ##[endgroup]
2026-09-23T08:48:35.5652877Z ##[group]Run pip install --no-cache-dir pytest
2026-09-23T08:48:35.5655855Z [36;1mpip install --no-cache-dir pytest[0m
2026-09-23T08:48:35.5946704Z shell: /usr/bin/bash -e {0}
2026-09-23T08:48:35.5947466Z env:
2026-09-23T08:48:35.5948179Z   pythonLocation: /opt/hostedtoolcache/Python/3.11.16/x64
2026-09-23T08:48:35.5949669Z   PKG_CONFIG_PATH: /opt/hostedtoolcache/Python/3.11.16/x64/lib/pkgconfig
2026-09-23T08:48:35.5951137Z   Python_ROOT_DIR: /opt/hostedtoolcache/Python/3.11.16/x64
2026-09-23T08:48:35.5952618Z   Python2_ROOT_DIR: /opt/hostedtoolcache/Python/3.11.16/x64
2026-09-23T08:48:35.5953912Z   Python3_ROOT_DIR: /opt/hostedtoolcache/Python/3.11.16/x64
2026-09-23T08:48:35.5955240Z   LD_LIBRARY_PATH: /opt/hostedtoolcache/Python/3.11.16/x64/lib
2026-09-23T08:48:35.5956285Z ##[endgroup]
2026-09-23T08:48:36.4052080Z Collecting pytest
2026-09-23T08:48:36.4615025Z   Downloading pytest-9.1.1-py3-none-any.whl.metadata (7.6 kB)
2026-09-23T08:48:36.4730059Z Collecting iniconfig>=1.0.1 (from pytest)
2026-09-23T08:48:36.4798569Z   Downloading iniconfig-2.3.0-py3-none-any.whl.metadata (2.5 kB)
2026-09-23T08:48:36.4962215Z Collecting packaging>=22 (from pytest)
2026-09-23T08:48:36.5031493Z   Downloading packaging-26.3-py3-none-any.whl.metadata (3.5 kB)
2026-09-23T08:48:36.5145158Z Collecting pluggy<2,>=1.5 (from pytest)
2026-09-23T08:48:36.5213697Z   Downloading pluggy-1.6.0-py3-none-any.whl.metadata (4.8 kB)
2026-09-23T08:48:36.5389368Z Collecting pygments>=2.7.2 (from pytest)
2026-09-23T08:48:36.5460449Z   Downloading pygments-2.21.0-py3-none-any.whl.metadata (2.5 kB)
2026-09-23T08:48:36.5556101Z Downloading pytest-9.1.1-py3-none-any.whl (386 kB)
2026-09-23T08:48:36.5856773Z Downloading pluggy-1.6.0-py3-none-any.whl (20 kB)
2026-09-23T08:48:36.5925936Z Downloading iniconfig-2.3.0-py3-none-any.whl (7.5 kB)
2026-09-23T08:48:36.6003332Z Downloading packaging-26.3-py3-none-any.whl (129 kB)
2026-09-23T08:48:36.6077364Z Downloading pygments-2.21.0-py3-none-any.whl (1.3 MB)
2026-09-23T08:48:36.6284046Z    ââââââââââââââââââââââââââââââââââââââââ 1.3/1.3 MB 75.3 MB/s  0:00:00
2026-09-23T08:48:36.6921420Z Installing collected packages: pygments, pluggy, packaging, iniconfig, pytest
2026-09-23T08:48:37.6538373Z 
2026-09-23T08:48:37.6548385Z Successfully installed iniconfig-2.3.0 packaging-26.3 pluggy-1.6.0 pygments-2.21.0 pytest-9.1.1
2026-09-23T08:48:37.7040956Z ##[group]Run python automation/inject_mutation.py --error-type "FileNotFoundError"
2026-09-23T08:48:37.7041643Z [36;1mpython automation/inject_mutation.py --error-type "FileNotFoundError"[0m
2026-09-23T08:48:37.7108728Z shell: /usr/bin/bash -e {0}
2026-09-23T08:48:37.7108995Z env:
2026-09-23T08:48:37.7109504Z   pythonLocation: /opt/hostedtoolcache/Python/3.11.16/x64
2026-09-23T08:48:37.7109969Z   PKG_CONFIG_PATH: /opt/hostedtoolcache/Python/3.11.16/x64/lib/pkgconfig
2026-09-23T08:48:37.7110418Z   Python_ROOT_DIR: /opt/hostedtoolcache/Python/3.11.16/x64
2026-09-23T08:48:37.7110801Z   Python2_ROOT_DIR: /opt/hostedtoolcache/Python/3.11.16/x64
2026-09-23T08:48:37.7111207Z   Python3_ROOT_DIR: /opt/hostedtoolcache/Python/3.11.16/x64
2026-09-23T08:48:37.7111598Z   LD_LIBRARY_PATH: /opt/hostedtoolcache/Python/3.11.16/x64/lib
2026-09-23T08:48:37.7111930Z ##[endgroup]
2026-09-23T08:48:37.7431308Z [Mutation Injected] Successfully injected FileNotFoundError into tests/test_app.py
2026-09-23T08:48:37.7501356Z ##[group]Run pytest tests/test_app.py -v
2026-09-23T08:48:37.7501723Z [36;1mpytest tests/test_app.py -v[0m
2026-09-23T08:48:37.7565927Z shell: /usr/bin/bash -e {0}
2026-09-23T08:48:37.7566186Z env:
2026-09-23T08:48:37.7566461Z   pythonLocation: /opt/hostedtoolcache/Python/3.11.16/x64
2026-09-23T08:48:37.7566930Z   PKG_CONFIG_PATH: /opt/hostedtoolcache/Python/3.11.16/x64/lib/pkgconfig
2026-09-23T08:48:37.7567368Z   Python_ROOT_DIR: /opt/hostedtoolcache/Python/3.11.16/x64
2026-09-23T08:48:37.7567762Z   Python2_ROOT_DIR: /opt/hostedtoolcache/Python/3.11.16/x64
2026-09-23T08:48:37.7568155Z   Python3_ROOT_DIR: /opt/hostedtoolcache/Python/3.11.16/x64
2026-09-23T08:48:37.7568543Z   LD_LIBRARY_PATH: /opt/hostedtoolcache/Python/3.11.16/x64/lib
2026-09-23T08:48:37.7568870Z ##[endgroup]
2026-09-23T08:48:37.9830334Z ============================= test session starts ==============================
2026-09-23T08:48:37.9832014Z platform linux -- Python 3.11.16, pytest-9.1.1, pluggy-1.6.0 -- /opt/hostedtoolcache/Python/3.11.16/x64/bin/python
2026-09-23T08:48:37.9833638Z cachedir: .pytest_cache
2026-09-23T08:48:37.9834542Z rootdir: /home/runner/work/log-generation/log-generation
2026-09-23T08:48:37.9835350Z configfile: pytest.ini
2026-09-23T08:48:37.9919312Z collecting ... collected 6 items
2026-09-23T08:48:37.9919758Z 
2026-09-23T08:48:37.9928510Z tests/test_app.py::test_calculate_division PASSED                        [ 16%]
2026-09-23T08:48:37.9936283Z tests/test_app.py::test_convert_to_int PASSED                            [ 33%]
2026-09-23T08:48:37.9943880Z tests/test_app.py::test_get_list_item PASSED                             [ 50%]
2026-09-23T08:48:37.9951180Z tests/test_app.py::test_get_dict_value PASSED                            [ 66%]
2026-09-23T08:48:37.9958558Z tests/test_app.py::test_assert_positive PASSED                           [ 83%]
2026-09-23T08:48:38.0201264Z tests/test_app.py::test_file_not_found_error FAILED                      [100%]
2026-09-23T08:48:38.0201920Z 
2026-09-23T08:48:38.0202224Z =================================== FAILURES ===================================
2026-09-23T08:48:38.0203340Z __________________________ test_file_not_found_error ___________________________
2026-09-23T08:48:38.0203910Z 
2026-09-23T08:48:38.0204126Z     def test_file_not_found_error():
2026-09-23T08:48:38.0204714Z         """Injected synthetic FileNotFoundError."""
2026-09-23T08:48:38.0205352Z         from src.app import read_config_file
2026-09-23T08:48:38.0206088Z >       read_config_file("fixtures/non_existent_pipeline_config.json")
2026-09-23T08:48:38.0206628Z 
2026-09-23T08:48:38.0206808Z tests/test_app.py:139: 
2026-09-23T08:48:38.0207358Z _ _ _ _ _ _ _ _ _ _ _ _ _ _ _ _ _ _ _ _ _ _ _ _ _ _ _ _ _ _ _ _ _ _ _ _ _ _ _ _ 
2026-09-23T08:48:38.0207848Z 
2026-09-23T08:48:38.0208118Z path = 'fixtures/non_existent_pipeline_config.json'
2026-09-23T08:48:38.0208564Z 
2026-09-23T08:48:38.0208767Z     def read_config_file(path):
2026-09-23T08:48:38.0209254Z >       with open(path, "r") as f:
2026-09-23T08:48:38.0209731Z              ^^^^^^^^^^^^^^^
2026-09-23T08:48:38.0210545Z E       FileNotFoundError: [Errno 2] No such file or directory: 'fixtures/non_existent_pipeline_config.json'
2026-09-23T08:48:38.0211302Z 
2026-09-23T08:48:38.0211493Z src/app.py:17: FileNotFoundError
2026-09-23T08:48:38.0212073Z =========================== short test summary info ============================
2026-09-23T08:48:38.0214005Z FAILED tests/test_app.py::test_file_not_found_error - FileNotFoundError: [Errno 2] No such file or directory: 'fixtures/non_existent_pipeline_config.json'
2026-09-23T08:48:38.0215328Z ========================= 1 failed, 5 passed in 0.03s ==========================
2026-09-23T08:48:38.0389908Z ##[error]Process completed with exit code 1.
2026-09-23T08:48:38.0533413Z Node 20 is being deprecated. This workflow is running with Node 24 by default. If you need to temporarily use Node 20, you can set the ACTIONS_ALLOW_USE_UNSECURE_NODE_VERSION=true environment variable. For more information see: https://github.blog/changelog/2025-09-19-deprecation-of-node-20-on-github-actions-runners/
2026-09-23T08:48:38.0534675Z Post job cleanup.
2026-09-23T08:48:38.1378419Z [command]/usr/bin/git version
2026-09-23T08:48:38.1422247Z git version 2.55.0
2026-09-23T08:48:38.1466047Z Temporarily overriding HOME='/home/runner/work/_temp/a5fafdcb-e6d8-4e24-84cf-e62e78bc5645' before making global git config changes
2026-09-23T08:48:38.1467775Z Adding repository directory to the temporary git global config as a safe directory
2026-09-23T08:48:38.1471591Z [command]/usr/bin/git config --global --add safe.directory /home/runner/work/log-generation/log-generation
2026-09-23T08:48:38.1510936Z [command]/usr/bin/git config --local --name-only --get-regexp core\.sshCommand
2026-09-23T08:48:38.1545334Z [command]/usr/bin/git submodule foreach --recursive sh -c "git config --local --name-only --get-regexp 'core\.sshCommand' && git config --local --unset-all 'core.sshCommand' || :"
2026-09-23T08:48:38.1796278Z [command]/usr/bin/git config --local --name-only --get-regexp http\.https\:\/\/github\.com\/\.extraheader
2026-09-23T08:48:38.1823446Z http.https://github.com/.extraheader
2026-09-23T08:48:38.1835674Z [command]/usr/bin/git config --local --unset-all http.https://github.com/.extraheader
2026-09-23T08:48:38.1874950Z [command]/usr/bin/git submodule foreach --recursive sh -c "git config --local --name-only --get-regexp 'http\.https\:\/\/github\.com\/\.extraheader' && git config --local --unset-all 'http.https://github.com/.extraheader' || :"
2026-09-23T08:48:38.2153074Z [command]/usr/bin/git config --local --name-only --get-regexp ^includeIf\.gitdir:
2026-09-23T08:48:38.2193953Z [command]/usr/bin/git submodule foreach --recursive git config --local --show-origin --name-only --get-regexp remote.origin.url
2026-09-23T08:48:38.2596890Z Cleaning up orphan processes
2026-09-23T08:48:38.2918856Z ##[warning]Node.js 20 is deprecated. The following actions target Node.js 20 but are being forced to run on Node.js 24: actions/checkout@v4, actions/setup-python@v5. For more information see: https://github.blog/changelog/2025-09-19-deprecation-of-node-20-on-github-actions-runners/
