ï»¿2026-09-23T08:48:46.7350897Z Current runner version: '2.337.0'
2026-09-23T08:48:46.7377375Z ##[group]Runner Image Provisioner
2026-09-23T08:48:46.7378161Z Hosted Compute Agent
2026-09-23T08:48:46.7378692Z Version: 20260828.587
2026-09-23T08:48:46.7379306Z Commit: abac92662cab4cc7352de4f9f9d2e2419aad9c29
2026-09-23T08:48:46.7379968Z Build Date: 2026-08-28T16:44:25Z
2026-09-23T08:48:46.7380619Z Worker ID: {4bcde424-c38f-42a6-b35d-6d88ff1b38f7}
2026-09-23T08:48:46.7381532Z Azure Region: centralus
2026-09-23T08:48:46.7382057Z ##[endgroup]
2026-09-23T08:48:46.7383597Z ##[group]Operating System
2026-09-23T08:48:46.7384148Z Ubuntu
2026-09-23T08:48:46.7384679Z 24.04.5
2026-09-23T08:48:46.7385180Z LTS
2026-09-23T08:48:46.7385639Z ##[endgroup]
2026-09-23T08:48:46.7386497Z ##[group]Runner Image
2026-09-23T08:48:46.7387034Z Image: ubuntu-24.04
2026-09-23T08:48:46.7387535Z Version: 20260907.300.1
2026-09-23T08:48:46.7388727Z Included Software: https://github.com/actions/runner-images/blob/ubuntu24/20260907.300/images/ubuntu/Ubuntu2404-Readme.md
2026-09-23T08:48:46.7390096Z Image Release: https://github.com/actions/runner-images/releases/tag/ubuntu24%2F20260907.300
2026-09-23T08:48:46.7391068Z ##[endgroup]
2026-09-23T08:48:46.7392191Z ##[group]GITHUB_TOKEN Permissions
2026-09-23T08:48:46.7394369Z Contents: read
2026-09-23T08:48:46.7394950Z Metadata: read
2026-09-23T08:48:46.7395446Z Packages: read
2026-09-23T08:48:46.7395956Z ##[endgroup]
2026-09-23T08:48:46.7398092Z Secret source: Actions
2026-09-23T08:48:46.7398929Z Cache mode: write
2026-09-23T08:48:46.7399877Z Prepare workflow directory
2026-09-23T08:48:46.7721842Z Prepare all required actions
2026-09-23T08:48:46.7770795Z Getting action download info
2026-09-23T08:48:47.0576172Z Download action repository 'actions/checkout@v4' (SHA:11d5960a326750d5838078e36cf38b85af677262)
2026-09-23T08:48:47.4722157Z Download action repository 'actions/setup-python@v5' (SHA:a26af69be951a213d495a4c3e4e4022e16d87065)
2026-09-23T08:48:47.6646825Z Complete job name: test-f3 (IndexError #119)
2026-09-23T08:48:47.7375036Z Node 20 is being deprecated. This workflow is running with Node 24 by default. If you need to temporarily use Node 20, you can set the ACTIONS_ALLOW_USE_UNSECURE_NODE_VERSION=true environment variable. For more information see: https://github.blog/changelog/2025-09-19-deprecation-of-node-20-on-github-actions-runners/
2026-09-23T08:48:47.7384646Z ##[group]Run actions/checkout@v4
2026-09-23T08:48:47.7385575Z with:
2026-09-23T08:48:47.7386137Z   fetch-depth: 1
2026-09-23T08:48:47.7386720Z   repository: DhruvHegde/log-generation
2026-09-23T08:48:47.7390822Z   token: ***
2026-09-23T08:48:47.7391508Z   ssh-strict: true
2026-09-23T08:48:47.7392078Z   ssh-user: git
2026-09-23T08:48:47.7392650Z   persist-credentials: true
2026-09-23T08:48:47.7393279Z   clean: true
2026-09-23T08:48:47.7393867Z   sparse-checkout-cone-mode: true
2026-09-23T08:48:47.7394511Z   fetch-tags: false
2026-09-23T08:48:47.7395052Z   show-progress: true
2026-09-23T08:48:47.7395896Z   lfs: false
2026-09-23T08:48:47.7396513Z   submodules: false
2026-09-23T08:48:47.7397149Z   set-safe-directory: true
2026-09-23T08:48:47.7397778Z   allow-unsafe-pr-checkout: false
2026-09-23T08:48:47.7398775Z ##[endgroup]
2026-09-23T08:48:47.8569767Z Syncing repository: DhruvHegde/log-generation
2026-09-23T08:48:47.8572122Z ##[group]Getting Git version info
2026-09-23T08:48:47.8572990Z Working directory is '/home/runner/work/log-generation/log-generation'
2026-09-23T08:48:47.8574183Z [command]/usr/bin/git version
2026-09-23T08:48:47.9771994Z git version 2.55.0
2026-09-23T08:48:47.9792205Z ##[endgroup]
2026-09-23T08:48:47.9807739Z Temporarily overriding HOME='/home/runner/work/_temp/2575b44b-a25f-4b0f-85f2-92f882b6532c' before making global git config changes
2026-09-23T08:48:47.9810487Z Adding repository directory to the temporary git global config as a safe directory
2026-09-23T08:48:47.9814312Z [command]/usr/bin/git config --global --add safe.directory /home/runner/work/log-generation/log-generation
2026-09-23T08:48:48.0052965Z Deleting the contents of '/home/runner/work/log-generation/log-generation'
2026-09-23T08:48:48.0057144Z ##[group]Initializing the repository
2026-09-23T08:48:48.0063411Z [command]/usr/bin/git init /home/runner/work/log-generation/log-generation
2026-09-23T08:48:48.0736409Z hint: Using 'master' as the name for the initial branch. This default branch name
2026-09-23T08:48:48.0739441Z hint: will change to "main" in Git 3.0. To configure the initial branch name
2026-09-23T08:48:48.0741516Z hint: to use in all of your new repositories, which will suppress this warning,
2026-09-23T08:48:48.0742928Z hint: call:
2026-09-23T08:48:48.0743686Z hint:
2026-09-23T08:48:48.0744713Z hint: 	git config --global init.defaultBranch <name>
2026-09-23T08:48:48.0745923Z hint:
2026-09-23T08:48:48.0747126Z hint: Names commonly chosen instead of 'master' are 'main', 'trunk' and
2026-09-23T08:48:48.0748851Z hint: 'development'. The just-created branch can be renamed via this command:
2026-09-23T08:48:48.0750374Z hint:
2026-09-23T08:48:48.0751280Z hint: 	git branch -m <name>
2026-09-23T08:48:48.0751874Z hint:
2026-09-23T08:48:48.0752567Z hint: Disable this message with "git config set advice.defaultBranchName false"
2026-09-23T08:48:48.0753762Z Initialized empty Git repository in /home/runner/work/log-generation/log-generation/.git/
2026-09-23T08:48:48.0758514Z [command]/usr/bin/git remote add origin https://github.com/DhruvHegde/log-generation
2026-09-23T08:48:48.0989611Z ##[endgroup]
2026-09-23T08:48:48.0991781Z ##[group]Disabling automatic garbage collection
2026-09-23T08:48:48.0993719Z [command]/usr/bin/git config --local gc.auto 0
2026-09-23T08:48:48.1023888Z ##[endgroup]
2026-09-23T08:48:48.1024730Z ##[group]Setting up auth
2026-09-23T08:48:48.1033476Z [command]/usr/bin/git config --local --name-only --get-regexp core\.sshCommand
2026-09-23T08:48:48.1064983Z [command]/usr/bin/git submodule foreach --recursive sh -c "git config --local --name-only --get-regexp 'core\.sshCommand' && git config --local --unset-all 'core.sshCommand' || :"
2026-09-23T08:48:48.2988184Z [command]/usr/bin/git config --local --name-only --get-regexp http\.https\:\/\/github\.com\/\.extraheader
2026-09-23T08:48:48.3016538Z [command]/usr/bin/git submodule foreach --recursive sh -c "git config --local --name-only --get-regexp 'http\.https\:\/\/github\.com\/\.extraheader' && git config --local --unset-all 'http.https://github.com/.extraheader' || :"
2026-09-23T08:48:48.3189209Z [command]/usr/bin/git config --local --name-only --get-regexp ^includeIf\.gitdir:
2026-09-23T08:48:48.3217956Z [command]/usr/bin/git submodule foreach --recursive git config --local --show-origin --name-only --get-regexp remote.origin.url
2026-09-23T08:48:48.3415713Z [command]/usr/bin/git config --local http.https://github.com/.extraheader AUTHORIZATION: basic ***
2026-09-23T08:48:48.3454902Z ##[endgroup]
2026-09-23T08:48:48.3457469Z ##[group]Fetching the repository
2026-09-23T08:48:48.3468540Z [command]/usr/bin/git -c protocol.version=2 fetch --no-tags --prune --no-recurse-submodules --depth=1 origin +43f20917de93b9aad51cf79a69ad5239c5632917:refs/remotes/origin/feature/f3-test-failures
2026-09-23T08:48:49.0235941Z From https://github.com/DhruvHegde/log-generation
2026-09-23T08:48:49.0241240Z  * [new ref]         43f20917de93b9aad51cf79a69ad5239c5632917 -> origin/feature/f3-test-failures
2026-09-23T08:48:49.0249439Z ##[endgroup]
2026-09-23T08:48:49.0252676Z ##[group]Determining the checkout info
2026-09-23T08:48:49.0256139Z ##[endgroup]
2026-09-23T08:48:49.0258427Z [command]/usr/bin/git sparse-checkout disable
2026-09-23T08:48:49.0456140Z [command]/usr/bin/git config --local --unset-all extensions.worktreeConfig
2026-09-23T08:48:49.0483220Z ##[group]Checking out the ref
2026-09-23T08:48:49.0487875Z [command]/usr/bin/git checkout --progress --force -B feature/f3-test-failures refs/remotes/origin/feature/f3-test-failures
2026-09-23T08:48:49.0780571Z Switched to a new branch 'feature/f3-test-failures'
2026-09-23T08:48:49.0785849Z branch 'feature/f3-test-failures' set up to track 'origin/feature/f3-test-failures'.
2026-09-23T08:48:49.0791229Z ##[endgroup]
2026-09-23T08:48:49.0828853Z [command]/usr/bin/git log -1 --format=%H
2026-09-23T08:48:49.0851837Z 43f20917de93b9aad51cf79a69ad5239c5632917
2026-09-23T08:48:49.1201509Z Node 20 is being deprecated. This workflow is running with Node 24 by default. If you need to temporarily use Node 20, you can set the ACTIONS_ALLOW_USE_UNSECURE_NODE_VERSION=true environment variable. For more information see: https://github.blog/changelog/2025-09-19-deprecation-of-node-20-on-github-actions-runners/
2026-09-23T08:48:49.1206782Z ##[group]Run actions/setup-python@v5
2026-09-23T08:48:49.1207830Z with:
2026-09-23T08:48:49.1208621Z   python-version: 3.11
2026-09-23T08:48:49.1209531Z   check-latest: false
2026-09-23T08:48:49.1218500Z   token: ***
2026-09-23T08:48:49.1219355Z   update-environment: true
2026-09-23T08:48:49.1220359Z   allow-prereleases: false
2026-09-23T08:48:49.1221505Z   freethreaded: false
2026-09-23T08:48:49.1222376Z ##[endgroup]
2026-09-23T08:48:49.2541229Z ##[group]Installed versions
2026-09-23T08:48:49.3024252Z (node:2353) [DEP0040] DeprecationWarning: The `punycode` module is deprecated. Please use a userland alternative instead.
2026-09-23T08:48:49.3027806Z (Use `node --trace-deprecation ...` to show where the warning was created)
2026-09-23T08:48:49.3030425Z Successfully set up CPython (3.11.16)
2026-09-23T08:48:49.3033292Z ##[endgroup]
2026-09-23T08:48:49.3234649Z ##[group]Run pip install --no-cache-dir pytest
2026-09-23T08:48:49.3236075Z [36;1mpip install --no-cache-dir pytest[0m
2026-09-23T08:48:49.3338764Z shell: /usr/bin/bash -e {0}
2026-09-23T08:48:49.3340438Z env:
2026-09-23T08:48:49.3342463Z   pythonLocation: /opt/hostedtoolcache/Python/3.11.16/x64
2026-09-23T08:48:49.3345051Z   PKG_CONFIG_PATH: /opt/hostedtoolcache/Python/3.11.16/x64/lib/pkgconfig
2026-09-23T08:48:49.3347462Z   Python_ROOT_DIR: /opt/hostedtoolcache/Python/3.11.16/x64
2026-09-23T08:48:49.3350373Z   Python2_ROOT_DIR: /opt/hostedtoolcache/Python/3.11.16/x64
2026-09-23T08:48:49.3352844Z   Python3_ROOT_DIR: /opt/hostedtoolcache/Python/3.11.16/x64
2026-09-23T08:48:49.3355242Z   LD_LIBRARY_PATH: /opt/hostedtoolcache/Python/3.11.16/x64/lib
2026-09-23T08:48:49.3357301Z ##[endgroup]
2026-09-23T08:48:52.1328851Z Collecting pytest
2026-09-23T08:48:52.2161455Z   Downloading pytest-9.1.1-py3-none-any.whl.metadata (7.6 kB)
2026-09-23T08:48:52.2360553Z Collecting iniconfig>=1.0.1 (from pytest)
2026-09-23T08:48:52.2501595Z   Downloading iniconfig-2.3.0-py3-none-any.whl.metadata (2.5 kB)
2026-09-23T08:48:52.2717711Z Collecting packaging>=22 (from pytest)
2026-09-23T08:48:52.2851329Z   Downloading packaging-26.3-py3-none-any.whl.metadata (3.5 kB)
2026-09-23T08:48:52.3034521Z Collecting pluggy<2,>=1.5 (from pytest)
2026-09-23T08:48:52.3170298Z   Downloading pluggy-1.6.0-py3-none-any.whl.metadata (4.8 kB)
2026-09-23T08:48:52.3437592Z Collecting pygments>=2.7.2 (from pytest)
2026-09-23T08:48:52.3569670Z   Downloading pygments-2.21.0-py3-none-any.whl.metadata (2.5 kB)
2026-09-23T08:48:52.3737090Z Downloading pytest-9.1.1-py3-none-any.whl (386 kB)
2026-09-23T08:48:52.4311824Z Downloading pluggy-1.6.0-py3-none-any.whl (20 kB)
2026-09-23T08:48:52.4448788Z Downloading iniconfig-2.3.0-py3-none-any.whl (7.5 kB)
2026-09-23T08:48:52.4584025Z Downloading packaging-26.3-py3-none-any.whl (129 kB)
2026-09-23T08:48:52.4738424Z Downloading pygments-2.21.0-py3-none-any.whl (1.3 MB)
2026-09-23T08:48:52.5122391Z    ââââââââââââââââââââââââââââââââââââââââ 1.3/1.3 MB 41.1 MB/s  0:00:00
2026-09-23T08:48:52.6782371Z Installing collected packages: pygments, pluggy, packaging, iniconfig, pytest
2026-09-23T08:48:53.4936616Z 
2026-09-23T08:48:53.4945359Z Successfully installed iniconfig-2.3.0 packaging-26.3 pluggy-1.6.0 pygments-2.21.0 pytest-9.1.1
2026-09-23T08:48:53.5506236Z ##[group]Run python automation/inject_mutation.py --error-type "IndexError"
2026-09-23T08:48:53.5506790Z [36;1mpython automation/inject_mutation.py --error-type "IndexError"[0m
2026-09-23T08:48:53.5528630Z shell: /usr/bin/bash -e {0}
2026-09-23T08:48:53.5528898Z env:
2026-09-23T08:48:53.5529162Z   pythonLocation: /opt/hostedtoolcache/Python/3.11.16/x64
2026-09-23T08:48:53.5529731Z   PKG_CONFIG_PATH: /opt/hostedtoolcache/Python/3.11.16/x64/lib/pkgconfig
2026-09-23T08:48:53.5530143Z   Python_ROOT_DIR: /opt/hostedtoolcache/Python/3.11.16/x64
2026-09-23T08:48:53.5530509Z   Python2_ROOT_DIR: /opt/hostedtoolcache/Python/3.11.16/x64
2026-09-23T08:48:53.5530883Z   Python3_ROOT_DIR: /opt/hostedtoolcache/Python/3.11.16/x64
2026-09-23T08:48:53.5531425Z   LD_LIBRARY_PATH: /opt/hostedtoolcache/Python/3.11.16/x64/lib
2026-09-23T08:48:53.5531786Z ##[endgroup]
2026-09-23T08:48:53.5798879Z [Mutation Injected] Successfully injected IndexError into tests/test_app.py
2026-09-23T08:48:53.5866198Z ##[group]Run pytest tests/test_app.py -v
2026-09-23T08:48:53.5866548Z [36;1mpytest tests/test_app.py -v[0m
2026-09-23T08:48:53.5907024Z shell: /usr/bin/bash -e {0}
2026-09-23T08:48:53.5907316Z env:
2026-09-23T08:48:53.5907584Z   pythonLocation: /opt/hostedtoolcache/Python/3.11.16/x64
2026-09-23T08:48:53.5907996Z   PKG_CONFIG_PATH: /opt/hostedtoolcache/Python/3.11.16/x64/lib/pkgconfig
2026-09-23T08:48:53.5908429Z   Python_ROOT_DIR: /opt/hostedtoolcache/Python/3.11.16/x64
2026-09-23T08:48:53.5908794Z   Python2_ROOT_DIR: /opt/hostedtoolcache/Python/3.11.16/x64
2026-09-23T08:48:53.5909156Z   Python3_ROOT_DIR: /opt/hostedtoolcache/Python/3.11.16/x64
2026-09-23T08:48:53.5909520Z   LD_LIBRARY_PATH: /opt/hostedtoolcache/Python/3.11.16/x64/lib
2026-09-23T08:48:53.5909828Z ##[endgroup]
2026-09-23T08:48:53.9776942Z ============================= test session starts ==============================
2026-09-23T08:48:53.9778465Z platform linux -- Python 3.11.16, pytest-9.1.1, pluggy-1.6.0 -- /opt/hostedtoolcache/Python/3.11.16/x64/bin/python
2026-09-23T08:48:53.9779589Z cachedir: .pytest_cache
2026-09-23T08:48:53.9780605Z rootdir: /home/runner/work/log-generation/log-generation
2026-09-23T08:48:53.9781374Z configfile: pytest.ini
2026-09-23T08:48:53.9858622Z collecting ... collected 6 items
2026-09-23T08:48:53.9859091Z 
2026-09-23T08:48:53.9865601Z tests/test_app.py::test_calculate_division PASSED                        [ 16%]
2026-09-23T08:48:53.9871796Z tests/test_app.py::test_convert_to_int PASSED                            [ 33%]
2026-09-23T08:48:53.9878621Z tests/test_app.py::test_get_list_item PASSED                             [ 50%]
2026-09-23T08:48:53.9884724Z tests/test_app.py::test_get_dict_value PASSED                            [ 66%]
2026-09-23T08:48:53.9890384Z tests/test_app.py::test_assert_positive PASSED                           [ 83%]
2026-09-23T08:48:54.0128920Z tests/test_app.py::test_index_error FAILED                               [100%]
2026-09-23T08:48:54.0129992Z 
2026-09-23T08:48:54.0130371Z =================================== FAILURES ===================================
2026-09-23T08:48:54.0131399Z _______________________________ test_index_error _______________________________
2026-09-23T08:48:54.0131847Z 
2026-09-23T08:48:54.0132020Z     def test_index_error():
2026-09-23T08:48:54.0132481Z         """Injected synthetic IndexError."""
2026-09-23T08:48:54.0133038Z         from src.app import get_list_item
2026-09-23T08:48:54.0133499Z         dataset = [10, 20, 30]
2026-09-23T08:48:54.0133911Z >       get_list_item(dataset, 999)
2026-09-23T08:48:54.0134213Z 
2026-09-23T08:48:54.0134378Z tests/test_app.py:140: 
2026-09-23T08:48:54.0134886Z _ _ _ _ _ _ _ _ _ _ _ _ _ _ _ _ _ _ _ _ _ _ _ _ _ _ _ _ _ _ _ _ _ _ _ _ _ _ _ _ 
2026-09-23T08:48:54.0135283Z 
2026-09-23T08:48:54.0135436Z lst = [10, 20, 30], index = 999
2026-09-23T08:48:54.0135685Z 
2026-09-23T08:48:54.0135858Z     def get_list_item(lst, index):
2026-09-23T08:48:54.0136290Z >       return lst[index]
2026-09-23T08:48:54.0136676Z                ^^^^^^^^^^
2026-09-23T08:48:54.0137070Z E       IndexError: list index out of range
2026-09-23T08:48:54.0137398Z 
2026-09-23T08:48:54.0137554Z src/app.py:8: IndexError
2026-09-23T08:48:54.0138055Z =========================== short test summary info ============================
2026-09-23T08:48:54.0138908Z FAILED tests/test_app.py::test_index_error - IndexError: list index out of range
2026-09-23T08:48:54.0140057Z ========================= 1 failed, 5 passed in 0.03s ==========================
2026-09-23T08:48:54.0337493Z ##[error]Process completed with exit code 1.
2026-09-23T08:48:54.0465355Z Node 20 is being deprecated. This workflow is running with Node 24 by default. If you need to temporarily use Node 20, you can set the ACTIONS_ALLOW_USE_UNSECURE_NODE_VERSION=true environment variable. For more information see: https://github.blog/changelog/2025-09-19-deprecation-of-node-20-on-github-actions-runners/
2026-09-23T08:48:54.0466501Z Post job cleanup.
2026-09-23T08:48:54.1266168Z [command]/usr/bin/git version
2026-09-23T08:48:54.1306389Z git version 2.55.0
2026-09-23T08:48:54.1345161Z Temporarily overriding HOME='/home/runner/work/_temp/60ed4bf5-9d0e-4596-a7c4-b55d784fd851' before making global git config changes
2026-09-23T08:48:54.1346045Z Adding repository directory to the temporary git global config as a safe directory
2026-09-23T08:48:54.1352300Z [command]/usr/bin/git config --global --add safe.directory /home/runner/work/log-generation/log-generation
2026-09-23T08:48:54.1392249Z [command]/usr/bin/git config --local --name-only --get-regexp core\.sshCommand
2026-09-23T08:48:54.1423635Z [command]/usr/bin/git submodule foreach --recursive sh -c "git config --local --name-only --get-regexp 'core\.sshCommand' && git config --local --unset-all 'core.sshCommand' || :"
2026-09-23T08:48:54.1622304Z [command]/usr/bin/git config --local --name-only --get-regexp http\.https\:\/\/github\.com\/\.extraheader
2026-09-23T08:48:54.1647749Z http.https://github.com/.extraheader
2026-09-23T08:48:54.1659441Z [command]/usr/bin/git config --local --unset-all http.https://github.com/.extraheader
2026-09-23T08:48:54.1692741Z [command]/usr/bin/git submodule foreach --recursive sh -c "git config --local --name-only --get-regexp 'http\.https\:\/\/github\.com\/\.extraheader' && git config --local --unset-all 'http.https://github.com/.extraheader' || :"
2026-09-23T08:48:54.1899889Z [command]/usr/bin/git config --local --name-only --get-regexp ^includeIf\.gitdir:
2026-09-23T08:48:54.1937513Z [command]/usr/bin/git submodule foreach --recursive git config --local --show-origin --name-only --get-regexp remote.origin.url
2026-09-23T08:48:54.2302648Z Cleaning up orphan processes
2026-09-23T08:48:54.2501514Z ##[warning]Node.js 20 is deprecated. The following actions target Node.js 20 but are being forced to run on Node.js 24: actions/checkout@v4, actions/setup-python@v5. For more information see: https://github.blog/changelog/2025-09-19-deprecation-of-node-20-on-github-actions-runners/
