ï»¿2026-09-23T08:44:03.2285901Z Current runner version: '2.337.0'
2026-09-23T08:44:03.2314100Z ##[group]Runner Image Provisioner
2026-09-23T08:44:03.2315057Z Hosted Compute Agent
2026-09-23T08:44:03.2315660Z Version: 20260828.587
2026-09-23T08:44:03.2316306Z Commit: abac92662cab4cc7352de4f9f9d2e2419aad9c29
2026-09-23T08:44:03.2317424Z Build Date: 2026-08-28T16:44:25Z
2026-09-23T08:44:03.2318144Z Worker ID: {79c500a6-0f33-4d19-9fa2-599b6330a2ef}
2026-09-23T08:44:03.2318981Z Azure Region: eastus
2026-09-23T08:44:03.2319569Z ##[endgroup]
2026-09-23T08:44:03.2321870Z ##[group]Operating System
2026-09-23T08:44:03.2322575Z Ubuntu
2026-09-23T08:44:03.2323137Z 24.04.5
2026-09-23T08:44:03.2323715Z LTS
2026-09-23T08:44:03.2324242Z ##[endgroup]
2026-09-23T08:44:03.2324790Z ##[group]Runner Image
2026-09-23T08:44:03.2325517Z Image: ubuntu-24.04
2026-09-23T08:44:03.2326130Z Version: 20260907.300.1
2026-09-23T08:44:03.2327692Z Included Software: https://github.com/actions/runner-images/blob/ubuntu24/20260907.300/images/ubuntu/Ubuntu2404-Readme.md
2026-09-23T08:44:03.2329409Z Image Release: https://github.com/actions/runner-images/releases/tag/ubuntu24%2F20260907.300
2026-09-23T08:44:03.2330397Z ##[endgroup]
2026-09-23T08:44:03.2331758Z ##[group]GITHUB_TOKEN Permissions
2026-09-23T08:44:03.2334971Z Contents: read
2026-09-23T08:44:03.2335645Z Metadata: read
2026-09-23T08:44:03.2336314Z Packages: read
2026-09-23T08:44:03.2336882Z ##[endgroup]
2026-09-23T08:44:03.2340085Z Secret source: Actions
2026-09-23T08:44:03.2341071Z Cache mode: write
2026-09-23T08:44:03.2342307Z Prepare workflow directory
2026-09-23T08:44:03.2700974Z Prepare all required actions
2026-09-23T08:44:03.2750518Z Getting action download info
2026-09-23T08:44:03.4953173Z Download action repository 'actions/checkout@v4' (SHA:11d5960a326750d5838078e36cf38b85af677262)
2026-09-23T08:44:03.5981922Z Download action repository 'actions/setup-python@v5' (SHA:a26af69be951a213d495a4c3e4e4022e16d87065)
2026-09-23T08:44:03.7910497Z Complete job name: test-f3 (KeyError #12)
2026-09-23T08:44:03.8711318Z Node 20 is being deprecated. This workflow is running with Node 24 by default. If you need to temporarily use Node 20, you can set the ACTIONS_ALLOW_USE_UNSECURE_NODE_VERSION=true environment variable. For more information see: https://github.blog/changelog/2025-09-19-deprecation-of-node-20-on-github-actions-runners/
2026-09-23T08:44:03.8720581Z ##[group]Run actions/checkout@v4
2026-09-23T08:44:03.8721339Z with:
2026-09-23T08:44:03.8721769Z   fetch-depth: 1
2026-09-23T08:44:03.8722261Z   repository: DhruvHegde/log-generation
2026-09-23T08:44:03.8725947Z   token: ***
2026-09-23T08:44:03.8726385Z   ssh-strict: true
2026-09-23T08:44:03.8726828Z   ssh-user: git
2026-09-23T08:44:03.8727617Z   persist-credentials: true
2026-09-23T08:44:03.8728126Z   clean: true
2026-09-23T08:44:03.8728589Z   sparse-checkout-cone-mode: true
2026-09-23T08:44:03.8729121Z   fetch-tags: false
2026-09-23T08:44:03.8729567Z   show-progress: true
2026-09-23T08:44:03.8730026Z   lfs: false
2026-09-23T08:44:03.8730492Z   submodules: false
2026-09-23T08:44:03.8730962Z   set-safe-directory: true
2026-09-23T08:44:03.8731478Z   allow-unsafe-pr-checkout: false
2026-09-23T08:44:03.8732310Z ##[endgroup]
2026-09-23T08:44:03.9775345Z Syncing repository: DhruvHegde/log-generation
2026-09-23T08:44:03.9778311Z ##[group]Getting Git version info
2026-09-23T08:44:03.9779580Z Working directory is '/home/runner/work/log-generation/log-generation'
2026-09-23T08:44:03.9781313Z [command]/usr/bin/git version
2026-09-23T08:44:03.9844340Z git version 2.55.0
2026-09-23T08:44:03.9869614Z ##[endgroup]
2026-09-23T08:44:03.9885484Z Temporarily overriding HOME='/home/runner/work/_temp/9c134020-827e-4fd0-a051-9e9bbc64414b' before making global git config changes
2026-09-23T08:44:03.9888580Z Adding repository directory to the temporary git global config as a safe directory
2026-09-23T08:44:03.9892740Z [command]/usr/bin/git config --global --add safe.directory /home/runner/work/log-generation/log-generation
2026-09-23T08:44:03.9945928Z Deleting the contents of '/home/runner/work/log-generation/log-generation'
2026-09-23T08:44:03.9955760Z ##[group]Initializing the repository
2026-09-23T08:44:03.9964717Z [command]/usr/bin/git init /home/runner/work/log-generation/log-generation
2026-09-23T08:44:04.0078542Z hint: Using 'master' as the name for the initial branch. This default branch name
2026-09-23T08:44:04.0081943Z hint: will change to "main" in Git 3.0. To configure the initial branch name
2026-09-23T08:44:04.0083331Z hint: to use in all of your new repositories, which will suppress this warning,
2026-09-23T08:44:04.0084480Z hint: call:
2026-09-23T08:44:04.0085040Z hint:
2026-09-23T08:44:04.0085951Z hint: 	git config --global init.defaultBranch <name>
2026-09-23T08:44:04.0087264Z hint:
2026-09-23T08:44:04.0087932Z hint: Names commonly chosen instead of 'master' are 'main', 'trunk' and
2026-09-23T08:44:04.0088882Z hint: 'development'. The just-created branch can be renamed via this command:
2026-09-23T08:44:04.0089620Z hint:
2026-09-23T08:44:04.0090078Z hint: 	git branch -m <name>
2026-09-23T08:44:04.0090574Z hint:
2026-09-23T08:44:04.0091212Z hint: Disable this message with "git config set advice.defaultBranchName false"
2026-09-23T08:44:04.0092278Z Initialized empty Git repository in /home/runner/work/log-generation/log-generation/.git/
2026-09-23T08:44:04.0105083Z [command]/usr/bin/git remote add origin https://github.com/DhruvHegde/log-generation
2026-09-23T08:44:04.0144422Z ##[endgroup]
2026-09-23T08:44:04.0145288Z ##[group]Disabling automatic garbage collection
2026-09-23T08:44:04.0149937Z [command]/usr/bin/git config --local gc.auto 0
2026-09-23T08:44:04.0203069Z ##[endgroup]
2026-09-23T08:44:04.0204494Z ##[group]Setting up auth
2026-09-23T08:44:04.0205802Z [command]/usr/bin/git config --local --name-only --get-regexp core\.sshCommand
2026-09-23T08:44:04.0232797Z [command]/usr/bin/git submodule foreach --recursive sh -c "git config --local --name-only --get-regexp 'core\.sshCommand' && git config --local --unset-all 'core.sshCommand' || :"
2026-09-23T08:44:04.0614479Z [command]/usr/bin/git config --local --name-only --get-regexp http\.https\:\/\/github\.com\/\.extraheader
2026-09-23T08:44:04.0664970Z [command]/usr/bin/git submodule foreach --recursive sh -c "git config --local --name-only --get-regexp 'http\.https\:\/\/github\.com\/\.extraheader' && git config --local --unset-all 'http.https://github.com/.extraheader' || :"
2026-09-23T08:44:04.0912056Z [command]/usr/bin/git config --local --name-only --get-regexp ^includeIf\.gitdir:
2026-09-23T08:44:04.0949993Z [command]/usr/bin/git submodule foreach --recursive git config --local --show-origin --name-only --get-regexp remote.origin.url
2026-09-23T08:44:04.1185806Z [command]/usr/bin/git config --local http.https://github.com/.extraheader AUTHORIZATION: basic ***
2026-09-23T08:44:04.1226781Z ##[endgroup]
2026-09-23T08:44:04.1227951Z ##[group]Fetching the repository
2026-09-23T08:44:04.1237684Z [command]/usr/bin/git -c protocol.version=2 fetch --no-tags --prune --no-recurse-submodules --depth=1 origin +dfcb6f158e4bd8054252a4da5d0a9edc2ab15d57:refs/remotes/origin/feature/f3-test-failures
2026-09-23T08:44:04.3747802Z From https://github.com/DhruvHegde/log-generation
2026-09-23T08:44:04.3750019Z  * [new ref]         dfcb6f158e4bd8054252a4da5d0a9edc2ab15d57 -> origin/feature/f3-test-failures
2026-09-23T08:44:04.3754018Z ##[endgroup]
2026-09-23T08:44:04.3755849Z ##[group]Determining the checkout info
2026-09-23T08:44:04.3758083Z ##[endgroup]
2026-09-23T08:44:04.3763767Z [command]/usr/bin/git sparse-checkout disable
2026-09-23T08:44:04.3818710Z [command]/usr/bin/git config --local --unset-all extensions.worktreeConfig
2026-09-23T08:44:04.3851181Z ##[group]Checking out the ref
2026-09-23T08:44:04.3856583Z [command]/usr/bin/git checkout --progress --force -B feature/f3-test-failures refs/remotes/origin/feature/f3-test-failures
2026-09-23T08:44:04.3942180Z Switched to a new branch 'feature/f3-test-failures'
2026-09-23T08:44:04.3947454Z branch 'feature/f3-test-failures' set up to track 'origin/feature/f3-test-failures'.
2026-09-23T08:44:04.3953069Z ##[endgroup]
2026-09-23T08:44:04.3995924Z [command]/usr/bin/git log -1 --format=%H
2026-09-23T08:44:04.4023756Z dfcb6f158e4bd8054252a4da5d0a9edc2ab15d57
2026-09-23T08:44:04.4343693Z Node 20 is being deprecated. This workflow is running with Node 24 by default. If you need to temporarily use Node 20, you can set the ACTIONS_ALLOW_USE_UNSECURE_NODE_VERSION=true environment variable. For more information see: https://github.blog/changelog/2025-09-19-deprecation-of-node-20-on-github-actions-runners/
2026-09-23T08:44:04.4346528Z ##[group]Run actions/setup-python@v5
2026-09-23T08:44:04.4347326Z with:
2026-09-23T08:44:04.4347816Z   python-version: 3.11
2026-09-23T08:44:04.4348341Z   check-latest: false
2026-09-23T08:44:04.4352140Z   token: ***
2026-09-23T08:44:04.4352639Z   update-environment: true
2026-09-23T08:44:04.4353209Z   allow-prereleases: false
2026-09-23T08:44:04.4353751Z   freethreaded: false
2026-09-23T08:44:04.4354254Z ##[endgroup]
2026-09-23T08:44:04.5701574Z ##[group]Installed versions
2026-09-23T08:44:04.5795277Z (node:2182) [DEP0040] DeprecationWarning: The `punycode` module is deprecated. Please use a userland alternative instead.
2026-09-23T08:44:04.5797718Z (Use `node --trace-deprecation ...` to show where the warning was created)
2026-09-23T08:44:04.5798663Z Successfully set up CPython (3.11.16)
2026-09-23T08:44:04.5800561Z ##[endgroup]
2026-09-23T08:44:04.5979880Z ##[group]Run pip install --no-cache-dir pytest
2026-09-23T08:44:04.5980823Z [36;1mpip install --no-cache-dir pytest[0m
2026-09-23T08:44:04.6033618Z shell: /usr/bin/bash -e {0}
2026-09-23T08:44:04.6034248Z env:
2026-09-23T08:44:04.6034849Z   pythonLocation: /opt/hostedtoolcache/Python/3.11.16/x64
2026-09-23T08:44:04.6035858Z   PKG_CONFIG_PATH: /opt/hostedtoolcache/Python/3.11.16/x64/lib/pkgconfig
2026-09-23T08:44:04.6036766Z   Python_ROOT_DIR: /opt/hostedtoolcache/Python/3.11.16/x64
2026-09-23T08:44:04.6037987Z   Python2_ROOT_DIR: /opt/hostedtoolcache/Python/3.11.16/x64
2026-09-23T08:44:04.6038831Z   Python3_ROOT_DIR: /opt/hostedtoolcache/Python/3.11.16/x64
2026-09-23T08:44:04.6039685Z   LD_LIBRARY_PATH: /opt/hostedtoolcache/Python/3.11.16/x64/lib
2026-09-23T08:44:04.6125820Z ##[endgroup]
2026-09-23T08:44:05.4206771Z Collecting pytest
2026-09-23T08:44:05.4680650Z   Downloading pytest-9.1.1-py3-none-any.whl.metadata (7.6 kB)
2026-09-23T08:44:05.4771403Z Collecting iniconfig>=1.0.1 (from pytest)
2026-09-23T08:44:05.4805780Z   Downloading iniconfig-2.3.0-py3-none-any.whl.metadata (2.5 kB)
2026-09-23T08:44:05.4927564Z Collecting packaging>=22 (from pytest)
2026-09-23T08:44:05.4960827Z   Downloading packaging-26.3-py3-none-any.whl.metadata (3.5 kB)
2026-09-23T08:44:05.5050229Z Collecting pluggy<2,>=1.5 (from pytest)
2026-09-23T08:44:05.5084398Z   Downloading pluggy-1.6.0-py3-none-any.whl.metadata (4.8 kB)
2026-09-23T08:44:05.5217793Z Collecting pygments>=2.7.2 (from pytest)
2026-09-23T08:44:05.5246610Z   Downloading pygments-2.21.0-py3-none-any.whl.metadata (2.5 kB)
2026-09-23T08:44:05.5302461Z Downloading pytest-9.1.1-py3-none-any.whl (386 kB)
2026-09-23T08:44:05.5487888Z Downloading pluggy-1.6.0-py3-none-any.whl (20 kB)
2026-09-23T08:44:05.5516023Z Downloading iniconfig-2.3.0-py3-none-any.whl (7.5 kB)
2026-09-23T08:44:05.5545140Z Downloading packaging-26.3-py3-none-any.whl (129 kB)
2026-09-23T08:44:05.5576265Z Downloading pygments-2.21.0-py3-none-any.whl (1.3 MB)
2026-09-23T08:44:05.5650107Z    ââââââââââââââââââââââââââââââââââââââââ 1.3/1.3 MB 249.9 MB/s  0:00:00
2026-09-23T08:44:05.6261547Z Installing collected packages: pygments, pluggy, packaging, iniconfig, pytest
2026-09-23T08:44:06.5976388Z 
2026-09-23T08:44:06.5985585Z Successfully installed iniconfig-2.3.0 packaging-26.3 pluggy-1.6.0 pygments-2.21.0 pytest-9.1.1
2026-09-23T08:44:06.6525266Z ##[group]Run python automation/inject_mutation.py --error-type "KeyError"
2026-09-23T08:44:06.6525883Z [36;1mpython automation/inject_mutation.py --error-type "KeyError"[0m
2026-09-23T08:44:06.6564028Z shell: /usr/bin/bash -e {0}
2026-09-23T08:44:06.6564285Z env:
2026-09-23T08:44:06.6564559Z   pythonLocation: /opt/hostedtoolcache/Python/3.11.16/x64
2026-09-23T08:44:06.6565220Z   PKG_CONFIG_PATH: /opt/hostedtoolcache/Python/3.11.16/x64/lib/pkgconfig
2026-09-23T08:44:06.6565645Z   Python_ROOT_DIR: /opt/hostedtoolcache/Python/3.11.16/x64
2026-09-23T08:44:06.6566024Z   Python2_ROOT_DIR: /opt/hostedtoolcache/Python/3.11.16/x64
2026-09-23T08:44:06.6566433Z   Python3_ROOT_DIR: /opt/hostedtoolcache/Python/3.11.16/x64
2026-09-23T08:44:06.6566825Z   LD_LIBRARY_PATH: /opt/hostedtoolcache/Python/3.11.16/x64/lib
2026-09-23T08:44:06.6567324Z ##[endgroup]
2026-09-23T08:44:06.6865218Z [Mutation Injected] Successfully injected KeyError into tests/test_app.py
2026-09-23T08:44:06.6938764Z ##[group]Run pytest tests/test_app.py -v
2026-09-23T08:44:06.6939147Z [36;1mpytest tests/test_app.py -v[0m
2026-09-23T08:44:06.6977877Z shell: /usr/bin/bash -e {0}
2026-09-23T08:44:06.6978140Z env:
2026-09-23T08:44:06.6978419Z   pythonLocation: /opt/hostedtoolcache/Python/3.11.16/x64
2026-09-23T08:44:06.6978869Z   PKG_CONFIG_PATH: /opt/hostedtoolcache/Python/3.11.16/x64/lib/pkgconfig
2026-09-23T08:44:06.6979328Z   Python_ROOT_DIR: /opt/hostedtoolcache/Python/3.11.16/x64
2026-09-23T08:44:06.6979716Z   Python2_ROOT_DIR: /opt/hostedtoolcache/Python/3.11.16/x64
2026-09-23T08:44:06.6980109Z   Python3_ROOT_DIR: /opt/hostedtoolcache/Python/3.11.16/x64
2026-09-23T08:44:06.6980509Z   LD_LIBRARY_PATH: /opt/hostedtoolcache/Python/3.11.16/x64/lib
2026-09-23T08:44:06.6980844Z ##[endgroup]
2026-09-23T08:44:07.0861148Z ============================= test session starts ==============================
2026-09-23T08:44:07.0862551Z platform linux -- Python 3.11.16, pytest-9.1.1, pluggy-1.6.0 -- /opt/hostedtoolcache/Python/3.11.16/x64/bin/python
2026-09-23T08:44:07.0863274Z cachedir: .pytest_cache
2026-09-23T08:44:07.0863677Z rootdir: /home/runner/work/log-generation/log-generation
2026-09-23T08:44:07.0864173Z configfile: pytest.ini
2026-09-23T08:44:07.0947576Z collecting ... collected 6 items
2026-09-23T08:44:07.0947954Z 
2026-09-23T08:44:07.0956695Z tests/test_app.py::test_calculate_division PASSED                        [ 16%]
2026-09-23T08:44:07.0964070Z tests/test_app.py::test_convert_to_int PASSED                            [ 33%]
2026-09-23T08:44:07.0971428Z tests/test_app.py::test_get_list_item PASSED                             [ 50%]
2026-09-23T08:44:07.0978717Z tests/test_app.py::test_get_dict_value PASSED                            [ 66%]
2026-09-23T08:44:07.0985280Z tests/test_app.py::test_assert_positive PASSED                           [ 83%]
2026-09-23T08:44:07.1258079Z tests/test_app.py::test_key_error FAILED                                 [100%]
2026-09-23T08:44:07.1258815Z 
2026-09-23T08:44:07.1259172Z =================================== FAILURES ===================================
2026-09-23T08:44:07.1259737Z ________________________________ test_key_error ________________________________
2026-09-23T08:44:07.1260296Z 
2026-09-23T08:44:07.1260464Z     def test_key_error():
2026-09-23T08:44:07.1260916Z         """Injected synthetic KeyError."""
2026-09-23T08:44:07.1261449Z         from src.app import get_dict_value
2026-09-23T08:44:07.1262095Z         config = {"env": "staging", "retries": 3}
2026-09-23T08:44:07.1262704Z >       get_dict_value(config, "missing_auth_token")
2026-09-23T08:44:07.1263114Z 
2026-09-23T08:44:07.1263282Z tests/test_app.py:138: 
2026-09-23T08:44:07.1263813Z _ _ _ _ _ _ _ _ _ _ _ _ _ _ _ _ _ _ _ _ _ _ _ _ _ _ _ _ _ _ _ _ _ _ _ _ _ _ _ _ 
2026-09-23T08:44:07.1264270Z 
2026-09-23T08:44:07.1264565Z d = {'env': 'staging', 'retries': 3}, key = 'missing_auth_token'
2026-09-23T08:44:07.1265038Z 
2026-09-23T08:44:07.1265184Z     def get_dict_value(d, key):
2026-09-23T08:44:07.1265488Z >       return d[key]
2026-09-23T08:44:07.1265737Z                ^^^^^^
2026-09-23T08:44:07.1266002Z E       KeyError: 'missing_auth_token'
2026-09-23T08:44:07.1266231Z 
2026-09-23T08:44:07.1266338Z src/app.py:11: KeyError
2026-09-23T08:44:07.1266682Z =========================== short test summary info ============================
2026-09-23T08:44:07.1267588Z FAILED tests/test_app.py::test_key_error - KeyError: 'missing_auth_token'
2026-09-23T08:44:07.1268432Z ========================= 1 failed, 5 passed in 0.03s ==========================
2026-09-23T08:44:07.1458943Z ##[error]Process completed with exit code 1.
2026-09-23T08:44:07.1605373Z Node 20 is being deprecated. This workflow is running with Node 24 by default. If you need to temporarily use Node 20, you can set the ACTIONS_ALLOW_USE_UNSECURE_NODE_VERSION=true environment variable. For more information see: https://github.blog/changelog/2025-09-19-deprecation-of-node-20-on-github-actions-runners/
2026-09-23T08:44:07.1606636Z Post job cleanup.
2026-09-23T08:44:07.2473050Z [command]/usr/bin/git version
2026-09-23T08:44:07.2517395Z git version 2.55.0
2026-09-23T08:44:07.2557362Z Temporarily overriding HOME='/home/runner/work/_temp/008bd4e0-73cd-4387-9d71-0ae76af63543' before making global git config changes
2026-09-23T08:44:07.2558978Z Adding repository directory to the temporary git global config as a safe directory
2026-09-23T08:44:07.2562835Z [command]/usr/bin/git config --global --add safe.directory /home/runner/work/log-generation/log-generation
2026-09-23T08:44:07.2603604Z [command]/usr/bin/git config --local --name-only --get-regexp core\.sshCommand
2026-09-23T08:44:07.2640018Z [command]/usr/bin/git submodule foreach --recursive sh -c "git config --local --name-only --get-regexp 'core\.sshCommand' && git config --local --unset-all 'core.sshCommand' || :"
2026-09-23T08:44:07.2896533Z [command]/usr/bin/git config --local --name-only --get-regexp http\.https\:\/\/github\.com\/\.extraheader
2026-09-23T08:44:07.2928561Z http.https://github.com/.extraheader
2026-09-23T08:44:07.2950701Z [command]/usr/bin/git config --local --unset-all http.https://github.com/.extraheader
2026-09-23T08:44:07.2985769Z [command]/usr/bin/git submodule foreach --recursive sh -c "git config --local --name-only --get-regexp 'http\.https\:\/\/github\.com\/\.extraheader' && git config --local --unset-all 'http.https://github.com/.extraheader' || :"
2026-09-23T08:44:07.3251945Z [command]/usr/bin/git config --local --name-only --get-regexp ^includeIf\.gitdir:
2026-09-23T08:44:07.3291039Z [command]/usr/bin/git submodule foreach --recursive git config --local --show-origin --name-only --get-regexp remote.origin.url
2026-09-23T08:44:07.3684101Z Cleaning up orphan processes
2026-09-23T08:44:07.3967579Z ##[warning]Node.js 20 is deprecated. The following actions target Node.js 20 but are being forced to run on Node.js 24: actions/checkout@v4, actions/setup-python@v5. For more information see: https://github.blog/changelog/2025-09-19-deprecation-of-node-20-on-github-actions-runners/
