ï»¿2026-09-23T08:49:59.1182042Z Current runner version: '2.337.0'
2026-09-23T08:49:59.1198188Z ##[group]Runner Image Provisioner
2026-09-23T08:49:59.1198688Z Hosted Compute Agent
2026-09-23T08:49:59.1199013Z Version: 20260828.587
2026-09-23T08:49:59.1199422Z Commit: abac92662cab4cc7352de4f9f9d2e2419aad9c29
2026-09-23T08:49:59.1199873Z Build Date: 2026-08-28T16:44:25Z
2026-09-23T08:49:59.1200280Z Worker ID: {0a56cf88-37f4-4b82-bf98-4e1c8ace53c4}
2026-09-23T08:49:59.1200701Z Azure Region: centralus
2026-09-23T08:49:59.1201055Z ##[endgroup]
2026-09-23T08:49:59.1202030Z ##[group]Operating System
2026-09-23T08:49:59.1202410Z Ubuntu
2026-09-23T08:49:59.1202750Z 24.04.5
2026-09-23T08:49:59.1203068Z LTS
2026-09-23T08:49:59.1203571Z ##[endgroup]
2026-09-23T08:49:59.1203932Z ##[group]Runner Image
2026-09-23T08:49:59.1204370Z Image: ubuntu-24.04
2026-09-23T08:49:59.1204718Z Version: 20260907.300.1
2026-09-23T08:49:59.1205450Z Included Software: https://github.com/actions/runner-images/blob/ubuntu24/20260907.300/images/ubuntu/Ubuntu2404-Readme.md
2026-09-23T08:49:59.1206453Z Image Release: https://github.com/actions/runner-images/releases/tag/ubuntu24%2F20260907.300
2026-09-23T08:49:59.1207022Z ##[endgroup]
2026-09-23T08:49:59.1207754Z ##[group]GITHUB_TOKEN Permissions
2026-09-23T08:49:59.1209025Z Contents: read
2026-09-23T08:49:59.1209440Z Metadata: read
2026-09-23T08:49:59.1209794Z Packages: read
2026-09-23T08:49:59.1210109Z ##[endgroup]
2026-09-23T08:49:59.1211384Z Secret source: Actions
2026-09-23T08:49:59.1211898Z Cache mode: write
2026-09-23T08:49:59.1212597Z Prepare workflow directory
2026-09-23T08:49:59.1403319Z Prepare all required actions
2026-09-23T08:49:59.1435063Z Getting action download info
2026-09-23T08:49:59.3518677Z Download action repository 'actions/checkout@v4' (SHA:11d5960a326750d5838078e36cf38b85af677262)
2026-09-23T08:49:59.4343098Z Download action repository 'actions/setup-python@v5' (SHA:a26af69be951a213d495a4c3e4e4022e16d87065)
2026-09-23T08:49:59.5843427Z Complete job name: test-f3 (KeyError #230)
2026-09-23T08:49:59.6290808Z Node 20 is being deprecated. This workflow is running with Node 24 by default. If you need to temporarily use Node 20, you can set the ACTIONS_ALLOW_USE_UNSECURE_NODE_VERSION=true environment variable. For more information see: https://github.blog/changelog/2025-09-19-deprecation-of-node-20-on-github-actions-runners/
2026-09-23T08:49:59.6295683Z ##[group]Run actions/checkout@v4
2026-09-23T08:49:59.6296145Z with:
2026-09-23T08:49:59.6296371Z   fetch-depth: 1
2026-09-23T08:49:59.6296618Z   repository: DhruvHegde/log-generation
2026-09-23T08:49:59.6298606Z   token: ***
2026-09-23T08:49:59.6298826Z   ssh-strict: true
2026-09-23T08:49:59.6299053Z   ssh-user: git
2026-09-23T08:49:59.6299283Z   persist-credentials: true
2026-09-23T08:49:59.6299536Z   clean: true
2026-09-23T08:49:59.6299771Z   sparse-checkout-cone-mode: true
2026-09-23T08:49:59.6300041Z   fetch-tags: false
2026-09-23T08:49:59.6300273Z   show-progress: true
2026-09-23T08:49:59.6300508Z   lfs: false
2026-09-23T08:49:59.6300750Z   submodules: false
2026-09-23T08:49:59.6300996Z   set-safe-directory: true
2026-09-23T08:49:59.6301259Z   allow-unsafe-pr-checkout: false
2026-09-23T08:49:59.6301589Z ##[endgroup]
2026-09-23T08:49:59.6909604Z Syncing repository: DhruvHegde/log-generation
2026-09-23T08:49:59.6910616Z ##[group]Getting Git version info
2026-09-23T08:49:59.6911005Z Working directory is '/home/runner/work/log-generation/log-generation'
2026-09-23T08:49:59.6911653Z [command]/usr/bin/git version
2026-09-23T08:49:59.6977178Z git version 2.55.0
2026-09-23T08:49:59.6989831Z ##[endgroup]
2026-09-23T08:49:59.7001037Z Temporarily overriding HOME='/home/runner/work/_temp/68fac806-db7d-4c06-a1ca-f22b9a529ef3' before making global git config changes
2026-09-23T08:49:59.7002467Z Adding repository directory to the temporary git global config as a safe directory
2026-09-23T08:49:59.7005292Z [command]/usr/bin/git config --global --add safe.directory /home/runner/work/log-generation/log-generation
2026-09-23T08:49:59.7054693Z Deleting the contents of '/home/runner/work/log-generation/log-generation'
2026-09-23T08:49:59.7057949Z ##[group]Initializing the repository
2026-09-23T08:49:59.7061013Z [command]/usr/bin/git init /home/runner/work/log-generation/log-generation
2026-09-23T08:49:59.7148991Z hint: Using 'master' as the name for the initial branch. This default branch name
2026-09-23T08:49:59.7149876Z hint: will change to "main" in Git 3.0. To configure the initial branch name
2026-09-23T08:49:59.7150652Z hint: to use in all of your new repositories, which will suppress this warning,
2026-09-23T08:49:59.7151664Z hint: call:
2026-09-23T08:49:59.7151984Z hint:
2026-09-23T08:49:59.7152415Z hint: 	git config --global init.defaultBranch <name>
2026-09-23T08:49:59.7152922Z hint:
2026-09-23T08:49:59.7153392Z hint: Names commonly chosen instead of 'master' are 'main', 'trunk' and
2026-09-23T08:49:59.7154164Z hint: 'development'. The just-created branch can be renamed via this command:
2026-09-23T08:49:59.7154775Z hint:
2026-09-23T08:49:59.7155156Z hint: 	git branch -m <name>
2026-09-23T08:49:59.7155555Z hint:
2026-09-23T08:49:59.7156178Z hint: Disable this message with "git config set advice.defaultBranchName false"
2026-09-23T08:49:59.7157089Z Initialized empty Git repository in /home/runner/work/log-generation/log-generation/.git/
2026-09-23T08:49:59.7163210Z [command]/usr/bin/git remote add origin https://github.com/DhruvHegde/log-generation
2026-09-23T08:49:59.7202862Z ##[endgroup]
2026-09-23T08:49:59.7203473Z ##[group]Disabling automatic garbage collection
2026-09-23T08:49:59.7205708Z [command]/usr/bin/git config --local gc.auto 0
2026-09-23T08:49:59.7231461Z ##[endgroup]
2026-09-23T08:49:59.7232080Z ##[group]Setting up auth
2026-09-23T08:49:59.7236400Z [command]/usr/bin/git config --local --name-only --get-regexp core\.sshCommand
2026-09-23T08:49:59.7267848Z [command]/usr/bin/git submodule foreach --recursive sh -c "git config --local --name-only --get-regexp 'core\.sshCommand' && git config --local --unset-all 'core.sshCommand' || :"
2026-09-23T08:49:59.7574323Z [command]/usr/bin/git config --local --name-only --get-regexp http\.https\:\/\/github\.com\/\.extraheader
2026-09-23T08:49:59.7604359Z [command]/usr/bin/git submodule foreach --recursive sh -c "git config --local --name-only --get-regexp 'http\.https\:\/\/github\.com\/\.extraheader' && git config --local --unset-all 'http.https://github.com/.extraheader' || :"
2026-09-23T08:49:59.7770162Z [command]/usr/bin/git config --local --name-only --get-regexp ^includeIf\.gitdir:
2026-09-23T08:49:59.7796948Z [command]/usr/bin/git submodule foreach --recursive git config --local --show-origin --name-only --get-regexp remote.origin.url
2026-09-23T08:49:59.7960811Z [command]/usr/bin/git config --local http.https://github.com/.extraheader AUTHORIZATION: basic ***
2026-09-23T08:49:59.7990416Z ##[endgroup]
2026-09-23T08:49:59.7991085Z ##[group]Fetching the repository
2026-09-23T08:49:59.7997029Z [command]/usr/bin/git -c protocol.version=2 fetch --no-tags --prune --no-recurse-submodules --depth=1 origin +43f20917de93b9aad51cf79a69ad5239c5632917:refs/remotes/origin/feature/f3-test-failures
2026-09-23T08:50:00.3107392Z From https://github.com/DhruvHegde/log-generation
2026-09-23T08:50:00.3108602Z  * [new ref]         43f20917de93b9aad51cf79a69ad5239c5632917 -> origin/feature/f3-test-failures
2026-09-23T08:50:00.3111775Z ##[endgroup]
2026-09-23T08:50:00.3112592Z ##[group]Determining the checkout info
2026-09-23T08:50:00.3113741Z ##[endgroup]
2026-09-23T08:50:00.3117863Z [command]/usr/bin/git sparse-checkout disable
2026-09-23T08:50:00.3159637Z [command]/usr/bin/git config --local --unset-all extensions.worktreeConfig
2026-09-23T08:50:00.3185302Z ##[group]Checking out the ref
2026-09-23T08:50:00.3188552Z [command]/usr/bin/git checkout --progress --force -B feature/f3-test-failures refs/remotes/origin/feature/f3-test-failures
2026-09-23T08:50:00.3535659Z Switched to a new branch 'feature/f3-test-failures'
2026-09-23T08:50:00.3540220Z branch 'feature/f3-test-failures' set up to track 'origin/feature/f3-test-failures'.
2026-09-23T08:50:00.3547285Z ##[endgroup]
2026-09-23T08:50:00.3584904Z [command]/usr/bin/git log -1 --format=%H
2026-09-23T08:50:00.3607328Z 43f20917de93b9aad51cf79a69ad5239c5632917
2026-09-23T08:50:00.3847468Z Node 20 is being deprecated. This workflow is running with Node 24 by default. If you need to temporarily use Node 20, you can set the ACTIONS_ALLOW_USE_UNSECURE_NODE_VERSION=true environment variable. For more information see: https://github.blog/changelog/2025-09-19-deprecation-of-node-20-on-github-actions-runners/
2026-09-23T08:50:00.3850972Z ##[group]Run actions/setup-python@v5
2026-09-23T08:50:00.3851636Z with:
2026-09-23T08:50:00.3852111Z   python-version: 3.11
2026-09-23T08:50:00.3852659Z   check-latest: false
2026-09-23T08:50:00.3858789Z   token: ***
2026-09-23T08:50:00.3859290Z   update-environment: true
2026-09-23T08:50:00.3859892Z   allow-prereleases: false
2026-09-23T08:50:00.3860481Z   freethreaded: false
2026-09-23T08:50:00.3861000Z ##[endgroup]
2026-09-23T08:50:00.4698634Z ##[group]Installed versions
2026-09-23T08:50:00.4764812Z (node:2017) [DEP0040] DeprecationWarning: The `punycode` module is deprecated. Please use a userland alternative instead.
2026-09-23T08:50:00.4767320Z (Use `node --trace-deprecation ...` to show where the warning was created)
2026-09-23T08:50:00.4768514Z Successfully set up CPython (3.11.16)
2026-09-23T08:50:00.4769511Z ##[endgroup]
2026-09-23T08:50:00.4963827Z ##[group]Run pip install --no-cache-dir pytest
2026-09-23T08:50:00.4965185Z [36;1mpip install --no-cache-dir pytest[0m
2026-09-23T08:50:00.5019847Z shell: /usr/bin/bash -e {0}
2026-09-23T08:50:00.5020520Z env:
2026-09-23T08:50:00.5021140Z   pythonLocation: /opt/hostedtoolcache/Python/3.11.16/x64
2026-09-23T08:50:00.5022190Z   PKG_CONFIG_PATH: /opt/hostedtoolcache/Python/3.11.16/x64/lib/pkgconfig
2026-09-23T08:50:00.5023234Z   Python_ROOT_DIR: /opt/hostedtoolcache/Python/3.11.16/x64
2026-09-23T08:50:00.5024161Z   Python2_ROOT_DIR: /opt/hostedtoolcache/Python/3.11.16/x64
2026-09-23T08:50:00.5025092Z   Python3_ROOT_DIR: /opt/hostedtoolcache/Python/3.11.16/x64
2026-09-23T08:50:00.5026247Z   LD_LIBRARY_PATH: /opt/hostedtoolcache/Python/3.11.16/x64/lib
2026-09-23T08:50:00.5027082Z ##[endgroup]
2026-09-23T08:50:01.2237108Z Collecting pytest
2026-09-23T08:50:01.2867669Z   Downloading pytest-9.1.1-py3-none-any.whl.metadata (7.6 kB)
2026-09-23T08:50:01.3047386Z Collecting iniconfig>=1.0.1 (from pytest)
2026-09-23T08:50:01.3146427Z   Downloading iniconfig-2.3.0-py3-none-any.whl.metadata (2.5 kB)
2026-09-23T08:50:01.3337238Z Collecting packaging>=22 (from pytest)
2026-09-23T08:50:01.3435795Z   Downloading packaging-26.3-py3-none-any.whl.metadata (3.5 kB)
2026-09-23T08:50:01.3608427Z Collecting pluggy<2,>=1.5 (from pytest)
2026-09-23T08:50:01.3705480Z   Downloading pluggy-1.6.0-py3-none-any.whl.metadata (4.8 kB)
2026-09-23T08:50:01.3914540Z Collecting pygments>=2.7.2 (from pytest)
2026-09-23T08:50:01.4011925Z   Downloading pygments-2.21.0-py3-none-any.whl.metadata (2.5 kB)
2026-09-23T08:50:01.4124743Z Downloading pytest-9.1.1-py3-none-any.whl (386 kB)
2026-09-23T08:50:01.4542681Z Downloading pluggy-1.6.0-py3-none-any.whl (20 kB)
2026-09-23T08:50:01.4640074Z Downloading iniconfig-2.3.0-py3-none-any.whl (7.5 kB)
2026-09-23T08:50:01.4736508Z Downloading packaging-26.3-py3-none-any.whl (129 kB)
2026-09-23T08:50:01.4849638Z Downloading pygments-2.21.0-py3-none-any.whl (1.3 MB)
2026-09-23T08:50:01.5150488Z    ââââââââââââââââââââââââââââââââââââââââ 1.3/1.3 MB 50.4 MB/s  0:00:00
2026-09-23T08:50:01.5605691Z Installing collected packages: pygments, pluggy, packaging, iniconfig, pytest
2026-09-23T08:50:02.1209125Z 
2026-09-23T08:50:02.1214878Z Successfully installed iniconfig-2.3.0 packaging-26.3 pluggy-1.6.0 pygments-2.21.0 pytest-9.1.1
2026-09-23T08:50:02.1637241Z ##[group]Run python automation/inject_mutation.py --error-type "KeyError"
2026-09-23T08:50:02.1637565Z [36;1mpython automation/inject_mutation.py --error-type "KeyError"[0m
2026-09-23T08:50:02.1669071Z shell: /usr/bin/bash -e {0}
2026-09-23T08:50:02.1669209Z env:
2026-09-23T08:50:02.1669355Z   pythonLocation: /opt/hostedtoolcache/Python/3.11.16/x64
2026-09-23T08:50:02.1669749Z   PKG_CONFIG_PATH: /opt/hostedtoolcache/Python/3.11.16/x64/lib/pkgconfig
2026-09-23T08:50:02.1669972Z   Python_ROOT_DIR: /opt/hostedtoolcache/Python/3.11.16/x64
2026-09-23T08:50:02.1670175Z   Python2_ROOT_DIR: /opt/hostedtoolcache/Python/3.11.16/x64
2026-09-23T08:50:02.1670378Z   Python3_ROOT_DIR: /opt/hostedtoolcache/Python/3.11.16/x64
2026-09-23T08:50:02.1670583Z   LD_LIBRARY_PATH: /opt/hostedtoolcache/Python/3.11.16/x64/lib
2026-09-23T08:50:02.1670755Z ##[endgroup]
2026-09-23T08:50:02.1867534Z [Mutation Injected] Successfully injected KeyError into tests/test_app.py
2026-09-23T08:50:02.1914439Z ##[group]Run pytest tests/test_app.py -v
2026-09-23T08:50:02.1914652Z [36;1mpytest tests/test_app.py -v[0m
2026-09-23T08:50:02.1940786Z shell: /usr/bin/bash -e {0}
2026-09-23T08:50:02.1940923Z env:
2026-09-23T08:50:02.1941065Z   pythonLocation: /opt/hostedtoolcache/Python/3.11.16/x64
2026-09-23T08:50:02.1941287Z   PKG_CONFIG_PATH: /opt/hostedtoolcache/Python/3.11.16/x64/lib/pkgconfig
2026-09-23T08:50:02.1941536Z   Python_ROOT_DIR: /opt/hostedtoolcache/Python/3.11.16/x64
2026-09-23T08:50:02.1941738Z   Python2_ROOT_DIR: /opt/hostedtoolcache/Python/3.11.16/x64
2026-09-23T08:50:02.1941937Z   Python3_ROOT_DIR: /opt/hostedtoolcache/Python/3.11.16/x64
2026-09-23T08:50:02.1942143Z   LD_LIBRARY_PATH: /opt/hostedtoolcache/Python/3.11.16/x64/lib
2026-09-23T08:50:02.1942315Z ##[endgroup]
2026-09-23T08:50:02.3293308Z ============================= test session starts ==============================
2026-09-23T08:50:02.3293848Z platform linux -- Python 3.11.16, pytest-9.1.1, pluggy-1.6.0 -- /opt/hostedtoolcache/Python/3.11.16/x64/bin/python
2026-09-23T08:50:02.3294124Z cachedir: .pytest_cache
2026-09-23T08:50:02.3294290Z rootdir: /home/runner/work/log-generation/log-generation
2026-09-23T08:50:02.3294508Z configfile: pytest.ini
2026-09-23T08:50:02.3340537Z collecting ... collected 6 items
2026-09-23T08:50:02.3340952Z 
2026-09-23T08:50:02.3345276Z tests/test_app.py::test_calculate_division PASSED                        [ 16%]
2026-09-23T08:50:02.3348926Z tests/test_app.py::test_convert_to_int PASSED                            [ 33%]
2026-09-23T08:50:02.3352459Z tests/test_app.py::test_get_list_item PASSED                             [ 50%]
2026-09-23T08:50:02.3355730Z tests/test_app.py::test_get_dict_value PASSED                            [ 66%]
2026-09-23T08:50:02.3359110Z tests/test_app.py::test_assert_positive PASSED                           [ 83%]
2026-09-23T08:50:02.3558655Z tests/test_app.py::test_key_error FAILED                                 [100%]
2026-09-23T08:50:02.3558956Z 
2026-09-23T08:50:02.3559109Z =================================== FAILURES ===================================
2026-09-23T08:50:02.3559443Z ________________________________ test_key_error ________________________________
2026-09-23T08:50:02.3559660Z 
2026-09-23T08:50:02.3559748Z     def test_key_error():
2026-09-23T08:50:02.3559937Z         """Injected synthetic KeyError."""
2026-09-23T08:50:02.3560108Z         from src.app import get_dict_value
2026-09-23T08:50:02.3560268Z         config = {"env": "staging", "retries": 3}
2026-09-23T08:50:02.3560458Z >       get_dict_value(config, "missing_auth_token")
2026-09-23T08:50:02.3560575Z 
2026-09-23T08:50:02.3560630Z tests/test_app.py:140: 
2026-09-23T08:50:02.3560785Z _ _ _ _ _ _ _ _ _ _ _ _ _ _ _ _ _ _ _ _ _ _ _ _ _ _ _ _ _ _ _ _ _ _ _ _ _ _ _ _ 
2026-09-23T08:50:02.3560913Z 
2026-09-23T08:50:02.3561041Z d = {'env': 'staging', 'retries': 3}, key = 'missing_auth_token'
2026-09-23T08:50:02.3561187Z 
2026-09-23T08:50:02.3561248Z     def get_dict_value(d, key):
2026-09-23T08:50:02.3561383Z >       return d[key]
2026-09-23T08:50:02.3561500Z                ^^^^^^
2026-09-23T08:50:02.3561625Z E       KeyError: 'missing_auth_token'
2026-09-23T08:50:02.3561722Z 
2026-09-23T08:50:02.3561775Z src/app.py:11: KeyError
2026-09-23T08:50:02.3561932Z =========================== short test summary info ============================
2026-09-23T08:50:02.3562375Z FAILED tests/test_app.py::test_key_error - KeyError: 'missing_auth_token'
2026-09-23T08:50:02.3562610Z ========================= 1 failed, 5 passed in 0.02s ==========================
2026-09-23T08:50:02.3707070Z ##[error]Process completed with exit code 1.
2026-09-23T08:50:02.3793803Z Node 20 is being deprecated. This workflow is running with Node 24 by default. If you need to temporarily use Node 20, you can set the ACTIONS_ALLOW_USE_UNSECURE_NODE_VERSION=true environment variable. For more information see: https://github.blog/changelog/2025-09-19-deprecation-of-node-20-on-github-actions-runners/
2026-09-23T08:50:02.3794427Z Post job cleanup.
2026-09-23T08:50:02.4336664Z [command]/usr/bin/git version
2026-09-23T08:50:02.4367940Z git version 2.55.0
2026-09-23T08:50:02.4389880Z Temporarily overriding HOME='/home/runner/work/_temp/965b1191-a975-406a-a031-003cf90f917d' before making global git config changes
2026-09-23T08:50:02.4390603Z Adding repository directory to the temporary git global config as a safe directory
2026-09-23T08:50:02.4394865Z [command]/usr/bin/git config --global --add safe.directory /home/runner/work/log-generation/log-generation
2026-09-23T08:50:02.4424249Z [command]/usr/bin/git config --local --name-only --get-regexp core\.sshCommand
2026-09-23T08:50:02.4456657Z [command]/usr/bin/git submodule foreach --recursive sh -c "git config --local --name-only --get-regexp 'core\.sshCommand' && git config --local --unset-all 'core.sshCommand' || :"
2026-09-23T08:50:02.4658046Z [command]/usr/bin/git config --local --name-only --get-regexp http\.https\:\/\/github\.com\/\.extraheader
2026-09-23T08:50:02.4690374Z http.https://github.com/.extraheader
2026-09-23T08:50:02.4699087Z [command]/usr/bin/git config --local --unset-all http.https://github.com/.extraheader
2026-09-23T08:50:02.4728006Z [command]/usr/bin/git submodule foreach --recursive sh -c "git config --local --name-only --get-regexp 'http\.https\:\/\/github\.com\/\.extraheader' && git config --local --unset-all 'http.https://github.com/.extraheader' || :"
2026-09-23T08:50:02.4921553Z [command]/usr/bin/git config --local --name-only --get-regexp ^includeIf\.gitdir:
2026-09-23T08:50:02.4951408Z [command]/usr/bin/git submodule foreach --recursive git config --local --show-origin --name-only --get-regexp remote.origin.url
2026-09-23T08:50:02.5238994Z Cleaning up orphan processes
2026-09-23T08:50:02.5421313Z ##[warning]Node.js 20 is deprecated. The following actions target Node.js 20 but are being forced to run on Node.js 24: actions/checkout@v4, actions/setup-python@v5. For more information see: https://github.blog/changelog/2025-09-19-deprecation-of-node-20-on-github-actions-runners/
