ï»¿2026-09-23T08:44:24.6050566Z Current runner version: '2.337.0'
2026-09-23T08:44:24.6068583Z ##[group]Runner Image Provisioner
2026-09-23T08:44:24.6069203Z Hosted Compute Agent
2026-09-23T08:44:24.6069589Z Version: 20260828.587
2026-09-23T08:44:24.6070070Z Commit: abac92662cab4cc7352de4f9f9d2e2419aad9c29
2026-09-23T08:44:24.6070561Z Build Date: 2026-08-28T16:44:25Z
2026-09-23T08:44:24.6071247Z Worker ID: {c023e99a-f3c9-46df-bea3-05ea475f3b25}
2026-09-23T08:44:24.6071778Z Azure Region: centralus
2026-09-23T08:44:24.6072159Z ##[endgroup]
2026-09-23T08:44:24.6073413Z ##[group]Operating System
2026-09-23T08:44:24.6073827Z Ubuntu
2026-09-23T08:44:24.6074183Z 24.04.5
2026-09-23T08:44:24.6074541Z LTS
2026-09-23T08:44:24.6075101Z ##[endgroup]
2026-09-23T08:44:24.6075546Z ##[group]Runner Image
2026-09-23T08:44:24.6075966Z Image: ubuntu-24.04
2026-09-23T08:44:24.6076339Z Version: 20260907.300.1
2026-09-23T08:44:24.6077224Z Included Software: https://github.com/actions/runner-images/blob/ubuntu24/20260907.300/images/ubuntu/Ubuntu2404-Readme.md
2026-09-23T08:44:24.6078314Z Image Release: https://github.com/actions/runner-images/releases/tag/ubuntu24%2F20260907.300
2026-09-23T08:44:24.6078946Z ##[endgroup]
2026-09-23T08:44:24.6079762Z ##[group]GITHUB_TOKEN Permissions
2026-09-23T08:44:24.6081882Z Contents: read
2026-09-23T08:44:24.6082369Z Metadata: read
2026-09-23T08:44:24.6082746Z Packages: read
2026-09-23T08:44:24.6083110Z ##[endgroup]
2026-09-23T08:44:24.6084828Z Secret source: Actions
2026-09-23T08:44:24.6085445Z Cache mode: write
2026-09-23T08:44:24.6086236Z Prepare workflow directory
2026-09-23T08:44:24.6345090Z Prepare all required actions
2026-09-23T08:44:24.6380603Z Getting action download info
2026-09-23T08:44:24.9812436Z Download action repository 'actions/checkout@v4' (SHA:11d5960a326750d5838078e36cf38b85af677262)
2026-09-23T08:44:25.5261259Z Download action repository 'actions/setup-python@v5' (SHA:a26af69be951a213d495a4c3e4e4022e16d87065)
2026-09-23T08:44:26.6863105Z Complete job name: test-f3 (ZeroDivisionError #77)
2026-09-23T08:44:26.7447827Z Node 20 is being deprecated. This workflow is running with Node 24 by default. If you need to temporarily use Node 20, you can set the ACTIONS_ALLOW_USE_UNSECURE_NODE_VERSION=true environment variable. For more information see: https://github.blog/changelog/2025-09-19-deprecation-of-node-20-on-github-actions-runners/
2026-09-23T08:44:26.7455435Z ##[group]Run actions/checkout@v4
2026-09-23T08:44:26.7456126Z with:
2026-09-23T08:44:26.7456571Z   fetch-depth: 1
2026-09-23T08:44:26.7457108Z   repository: DhruvHegde/log-generation
2026-09-23T08:44:26.7460847Z   token: ***
2026-09-23T08:44:26.7461376Z   ssh-strict: true
2026-09-23T08:44:26.7461903Z   ssh-user: git
2026-09-23T08:44:26.7462406Z   persist-credentials: true
2026-09-23T08:44:26.7462957Z   clean: true
2026-09-23T08:44:26.7463421Z   sparse-checkout-cone-mode: true
2026-09-23T08:44:26.7463940Z   fetch-tags: false
2026-09-23T08:44:26.7464432Z   show-progress: true
2026-09-23T08:44:26.7464912Z   lfs: false
2026-09-23T08:44:26.7465509Z   submodules: false
2026-09-23T08:44:26.7465995Z   set-safe-directory: true
2026-09-23T08:44:26.7466571Z   allow-unsafe-pr-checkout: false
2026-09-23T08:44:26.7467280Z ##[endgroup]
2026-09-23T08:44:26.8331863Z Syncing repository: DhruvHegde/log-generation
2026-09-23T08:44:26.8334387Z ##[group]Getting Git version info
2026-09-23T08:44:26.8335572Z Working directory is '/home/runner/work/log-generation/log-generation'
2026-09-23T08:44:26.8337012Z [command]/usr/bin/git version
2026-09-23T08:44:26.8960241Z git version 2.55.0
2026-09-23T08:44:26.8978845Z ##[endgroup]
2026-09-23T08:44:26.8993946Z Temporarily overriding HOME='/home/runner/work/_temp/d64068f3-216a-4915-b763-f5611ead6da7' before making global git config changes
2026-09-23T08:44:26.8995923Z Adding repository directory to the temporary git global config as a safe directory
2026-09-23T08:44:26.8998776Z [command]/usr/bin/git config --global --add safe.directory /home/runner/work/log-generation/log-generation
2026-09-23T08:44:26.9452856Z Deleting the contents of '/home/runner/work/log-generation/log-generation'
2026-09-23T08:44:26.9461506Z ##[group]Initializing the repository
2026-09-23T08:44:26.9462394Z [command]/usr/bin/git init /home/runner/work/log-generation/log-generation
2026-09-23T08:44:27.1485816Z hint: Using 'master' as the name for the initial branch. This default branch name
2026-09-23T08:44:27.1486949Z hint: will change to "main" in Git 3.0. To configure the initial branch name
2026-09-23T08:44:27.1488104Z hint: to use in all of your new repositories, which will suppress this warning,
2026-09-23T08:44:27.1488921Z hint: call:
2026-09-23T08:44:27.1489289Z hint:
2026-09-23T08:44:27.1489876Z hint: 	git config --global init.defaultBranch <name>
2026-09-23T08:44:27.1490358Z hint:
2026-09-23T08:44:27.1491070Z hint: Names commonly chosen instead of 'master' are 'main', 'trunk' and
2026-09-23T08:44:27.1491880Z hint: 'development'. The just-created branch can be renamed via this command:
2026-09-23T08:44:27.1492417Z hint:
2026-09-23T08:44:27.1492843Z hint: 	git branch -m <name>
2026-09-23T08:44:27.1493290Z hint:
2026-09-23T08:44:27.1493789Z hint: Disable this message with "git config set advice.defaultBranchName false"
2026-09-23T08:44:27.1494672Z Initialized empty Git repository in /home/runner/work/log-generation/log-generation/.git/
2026-09-23T08:44:27.1497077Z [command]/usr/bin/git remote add origin https://github.com/DhruvHegde/log-generation
2026-09-23T08:44:27.2016290Z ##[endgroup]
2026-09-23T08:44:27.2017425Z ##[group]Disabling automatic garbage collection
2026-09-23T08:44:27.2019683Z [command]/usr/bin/git config --local gc.auto 0
2026-09-23T08:44:27.2045526Z ##[endgroup]
2026-09-23T08:44:27.2046574Z ##[group]Setting up auth
2026-09-23T08:44:27.2049959Z [command]/usr/bin/git config --local --name-only --get-regexp core\.sshCommand
2026-09-23T08:44:27.2073285Z [command]/usr/bin/git submodule foreach --recursive sh -c "git config --local --name-only --get-regexp 'core\.sshCommand' && git config --local --unset-all 'core.sshCommand' || :"
2026-09-23T08:44:27.2531678Z [command]/usr/bin/git config --local --name-only --get-regexp http\.https\:\/\/github\.com\/\.extraheader
2026-09-23T08:44:27.2556584Z [command]/usr/bin/git submodule foreach --recursive sh -c "git config --local --name-only --get-regexp 'http\.https\:\/\/github\.com\/\.extraheader' && git config --local --unset-all 'http.https://github.com/.extraheader' || :"
2026-09-23T08:44:27.2708133Z [command]/usr/bin/git config --local --name-only --get-regexp ^includeIf\.gitdir:
2026-09-23T08:44:27.2735228Z [command]/usr/bin/git submodule foreach --recursive git config --local --show-origin --name-only --get-regexp remote.origin.url
2026-09-23T08:44:27.2885367Z [command]/usr/bin/git config --local http.https://github.com/.extraheader AUTHORIZATION: basic ***
2026-09-23T08:44:27.2911965Z ##[endgroup]
2026-09-23T08:44:27.2913483Z ##[group]Fetching the repository
2026-09-23T08:44:27.2920881Z [command]/usr/bin/git -c protocol.version=2 fetch --no-tags --prune --no-recurse-submodules --depth=1 origin +dfcb6f158e4bd8054252a4da5d0a9edc2ab15d57:refs/remotes/origin/feature/f3-test-failures
2026-09-23T08:44:27.8937972Z From https://github.com/DhruvHegde/log-generation
2026-09-23T08:44:27.8940340Z  * [new ref]         dfcb6f158e4bd8054252a4da5d0a9edc2ab15d57 -> origin/feature/f3-test-failures
2026-09-23T08:44:27.8944675Z ##[endgroup]
2026-09-23T08:44:27.8946313Z ##[group]Determining the checkout info
2026-09-23T08:44:27.8948204Z ##[endgroup]
2026-09-23T08:44:27.8949522Z [command]/usr/bin/git sparse-checkout disable
2026-09-23T08:44:27.8990401Z [command]/usr/bin/git config --local --unset-all extensions.worktreeConfig
2026-09-23T08:44:27.9013933Z ##[group]Checking out the ref
2026-09-23T08:44:27.9016423Z [command]/usr/bin/git checkout --progress --force -B feature/f3-test-failures refs/remotes/origin/feature/f3-test-failures
2026-09-23T08:44:27.9585974Z Switched to a new branch 'feature/f3-test-failures'
2026-09-23T08:44:27.9594505Z branch 'feature/f3-test-failures' set up to track 'origin/feature/f3-test-failures'.
2026-09-23T08:44:27.9600045Z ##[endgroup]
2026-09-23T08:44:27.9635367Z [command]/usr/bin/git log -1 --format=%H
2026-09-23T08:44:27.9653048Z dfcb6f158e4bd8054252a4da5d0a9edc2ab15d57
2026-09-23T08:44:27.9930771Z Node 20 is being deprecated. This workflow is running with Node 24 by default. If you need to temporarily use Node 20, you can set the ACTIONS_ALLOW_USE_UNSECURE_NODE_VERSION=true environment variable. For more information see: https://github.blog/changelog/2025-09-19-deprecation-of-node-20-on-github-actions-runners/
2026-09-23T08:44:27.9934735Z ##[group]Run actions/setup-python@v5
2026-09-23T08:44:27.9935606Z with:
2026-09-23T08:44:27.9936281Z   python-version: 3.11
2026-09-23T08:44:27.9937021Z   check-latest: false
2026-09-23T08:44:27.9943155Z   token: ***
2026-09-23T08:44:27.9943894Z   update-environment: true
2026-09-23T08:44:27.9944698Z   allow-prereleases: false
2026-09-23T08:44:27.9945509Z   freethreaded: false
2026-09-23T08:44:27.9946216Z ##[endgroup]
2026-09-23T08:44:28.0933426Z ##[group]Installed versions
2026-09-23T08:44:28.2521723Z (node:2022) [DEP0040] DeprecationWarning: The `punycode` module is deprecated. Please use a userland alternative instead.
2026-09-23T08:44:28.2524409Z (Use `node --trace-deprecation ...` to show where the warning was created)
2026-09-23T08:44:28.2525991Z Successfully set up CPython (3.11.16)
2026-09-23T08:44:28.2527877Z ##[endgroup]
2026-09-23T08:44:28.2660456Z ##[group]Run pip install --no-cache-dir pytest
2026-09-23T08:44:28.2662138Z [36;1mpip install --no-cache-dir pytest[0m
2026-09-23T08:44:28.2694885Z shell: /usr/bin/bash -e {0}
2026-09-23T08:44:28.2695738Z env:
2026-09-23T08:44:28.2696519Z   pythonLocation: /opt/hostedtoolcache/Python/3.11.16/x64
2026-09-23T08:44:28.2697761Z   PKG_CONFIG_PATH: /opt/hostedtoolcache/Python/3.11.16/x64/lib/pkgconfig
2026-09-23T08:44:28.2699093Z   Python_ROOT_DIR: /opt/hostedtoolcache/Python/3.11.16/x64
2026-09-23T08:44:28.2700225Z   Python2_ROOT_DIR: /opt/hostedtoolcache/Python/3.11.16/x64
2026-09-23T08:44:28.2701966Z   Python3_ROOT_DIR: /opt/hostedtoolcache/Python/3.11.16/x64
2026-09-23T08:44:28.2703167Z   LD_LIBRARY_PATH: /opt/hostedtoolcache/Python/3.11.16/x64/lib
2026-09-23T08:44:28.2704239Z ##[endgroup]
2026-09-23T08:44:35.8987005Z Collecting pytest
2026-09-23T08:44:35.9814311Z   Downloading pytest-9.1.1-py3-none-any.whl.metadata (7.6 kB)
2026-09-23T08:44:36.0007262Z Collecting iniconfig>=1.0.1 (from pytest)
2026-09-23T08:44:36.0131108Z   Downloading iniconfig-2.3.0-py3-none-any.whl.metadata (2.5 kB)
2026-09-23T08:44:36.0332680Z Collecting packaging>=22 (from pytest)
2026-09-23T08:44:36.0458973Z   Downloading packaging-26.3-py3-none-any.whl.metadata (3.5 kB)
2026-09-23T08:44:36.0643839Z Collecting pluggy<2,>=1.5 (from pytest)
2026-09-23T08:44:36.0774473Z   Downloading pluggy-1.6.0-py3-none-any.whl.metadata (4.8 kB)
2026-09-23T08:44:36.1014114Z Collecting pygments>=2.7.2 (from pytest)
2026-09-23T08:44:36.1139456Z   Downloading pygments-2.21.0-py3-none-any.whl.metadata (2.5 kB)
2026-09-23T08:44:36.1283319Z Downloading pytest-9.1.1-py3-none-any.whl (386 kB)
2026-09-23T08:44:36.1847010Z Downloading pluggy-1.6.0-py3-none-any.whl (20 kB)
2026-09-23T08:44:36.1973558Z Downloading iniconfig-2.3.0-py3-none-any.whl (7.5 kB)
2026-09-23T08:44:36.2097613Z Downloading packaging-26.3-py3-none-any.whl (129 kB)
2026-09-23T08:44:36.2230079Z Downloading pygments-2.21.0-py3-none-any.whl (1.3 MB)
2026-09-23T08:44:36.2597457Z    ââââââââââââââââââââââââââââââââââââââââ 1.3/1.3 MB 41.8 MB/s  0:00:00
2026-09-23T08:44:37.2968039Z Installing collected packages: pygments, pluggy, packaging, iniconfig, pytest
2026-09-23T08:44:38.6165161Z 
2026-09-23T08:44:38.6175539Z Successfully installed iniconfig-2.3.0 packaging-26.3 pluggy-1.6.0 pygments-2.21.0 pytest-9.1.1
2026-09-23T08:44:38.6743450Z ##[group]Run python automation/inject_mutation.py --error-type "ZeroDivisionError"
2026-09-23T08:44:38.6744037Z [36;1mpython automation/inject_mutation.py --error-type "ZeroDivisionError"[0m
2026-09-23T08:44:38.6764190Z shell: /usr/bin/bash -e {0}
2026-09-23T08:44:38.6764518Z env:
2026-09-23T08:44:38.6764962Z   pythonLocation: /opt/hostedtoolcache/Python/3.11.16/x64
2026-09-23T08:44:38.6765367Z   PKG_CONFIG_PATH: /opt/hostedtoolcache/Python/3.11.16/x64/lib/pkgconfig
2026-09-23T08:44:38.6765758Z   Python_ROOT_DIR: /opt/hostedtoolcache/Python/3.11.16/x64
2026-09-23T08:44:38.6766110Z   Python2_ROOT_DIR: /opt/hostedtoolcache/Python/3.11.16/x64
2026-09-23T08:44:38.6766469Z   Python3_ROOT_DIR: /opt/hostedtoolcache/Python/3.11.16/x64
2026-09-23T08:44:38.6766838Z   LD_LIBRARY_PATH: /opt/hostedtoolcache/Python/3.11.16/x64/lib
2026-09-23T08:44:38.6767219Z ##[endgroup]
2026-09-23T08:44:38.6968398Z [Mutation Injected] Successfully injected ZeroDivisionError into tests/test_app.py
2026-09-23T08:44:38.7021822Z ##[group]Run pytest tests/test_app.py -v
2026-09-23T08:44:38.7022161Z [36;1mpytest tests/test_app.py -v[0m
2026-09-23T08:44:38.7038390Z shell: /usr/bin/bash -e {0}
2026-09-23T08:44:38.7038669Z env:
2026-09-23T08:44:38.7038931Z   pythonLocation: /opt/hostedtoolcache/Python/3.11.16/x64
2026-09-23T08:44:38.7039317Z   PKG_CONFIG_PATH: /opt/hostedtoolcache/Python/3.11.16/x64/lib/pkgconfig
2026-09-23T08:44:38.7039702Z   Python_ROOT_DIR: /opt/hostedtoolcache/Python/3.11.16/x64
2026-09-23T08:44:38.7040046Z   Python2_ROOT_DIR: /opt/hostedtoolcache/Python/3.11.16/x64
2026-09-23T08:44:38.7040416Z   Python3_ROOT_DIR: /opt/hostedtoolcache/Python/3.11.16/x64
2026-09-23T08:44:38.7040914Z   LD_LIBRARY_PATH: /opt/hostedtoolcache/Python/3.11.16/x64/lib
2026-09-23T08:44:38.7041197Z ##[endgroup]
2026-09-23T08:44:40.1268966Z ============================= test session starts ==============================
2026-09-23T08:44:40.1270180Z platform linux -- Python 3.11.16, pytest-9.1.1, pluggy-1.6.0 -- /opt/hostedtoolcache/Python/3.11.16/x64/bin/python
2026-09-23T08:44:40.1271177Z cachedir: .pytest_cache
2026-09-23T08:44:40.1271625Z rootdir: /home/runner/work/log-generation/log-generation
2026-09-23T08:44:40.1272133Z configfile: pytest.ini
2026-09-23T08:44:40.1333443Z collecting ... collected 6 items
2026-09-23T08:44:40.1333933Z 
2026-09-23T08:44:40.1339644Z tests/test_app.py::test_calculate_division PASSED                        [ 16%]
2026-09-23T08:44:40.1344028Z tests/test_app.py::test_convert_to_int PASSED                            [ 33%]
2026-09-23T08:44:40.1348874Z tests/test_app.py::test_get_list_item PASSED                             [ 50%]
2026-09-23T08:44:40.1353156Z tests/test_app.py::test_get_dict_value PASSED                            [ 66%]
2026-09-23T08:44:40.1357417Z tests/test_app.py::test_assert_positive PASSED                           [ 83%]
2026-09-23T08:44:40.1577249Z tests/test_app.py::test_zero_division_error FAILED                       [100%]
2026-09-23T08:44:40.1578042Z 
2026-09-23T08:44:40.1578656Z =================================== FAILURES ===================================
2026-09-23T08:44:40.1579456Z ___________________________ test_zero_division_error ___________________________
2026-09-23T08:44:40.1580023Z 
2026-09-23T08:44:40.1581251Z     def test_zero_division_error():
2026-09-23T08:44:40.1581877Z         """Injected synthetic ZeroDivisionError."""
2026-09-23T08:44:40.1582409Z         from src.app import calculate_division
2026-09-23T08:44:40.1582934Z >       calculate_division(42, 0)
2026-09-23T08:44:40.1583193Z 
2026-09-23T08:44:40.1583330Z tests/test_app.py:137: 
2026-09-23T08:44:40.1583895Z _ _ _ _ _ _ _ _ _ _ _ _ _ _ _ _ _ _ _ _ _ _ _ _ _ _ _ _ _ _ _ _ _ _ _ _ _ _ _ _ 
2026-09-23T08:44:40.1584276Z 
2026-09-23T08:44:40.1584435Z a = 42, b = 0
2026-09-23T08:44:40.1584636Z 
2026-09-23T08:44:40.1584808Z     def calculate_division(a, b):
2026-09-23T08:44:40.1585235Z >       return a / b
2026-09-23T08:44:40.1585570Z                ^^^^^
2026-09-23T08:44:40.1585975Z E       ZeroDivisionError: division by zero
2026-09-23T08:44:40.1586251Z 
2026-09-23T08:44:40.1586476Z src/app.py:2: ZeroDivisionError
2026-09-23T08:44:40.1586933Z =========================== short test summary info ============================
2026-09-23T08:44:40.1587699Z FAILED tests/test_app.py::test_zero_division_error - ZeroDivisionError: division by zero
2026-09-23T08:44:40.1588646Z ========================= 1 failed, 5 passed in 0.02s ==========================
2026-09-23T08:44:40.1781727Z ##[error]Process completed with exit code 1.
2026-09-23T08:44:40.1905505Z Node 20 is being deprecated. This workflow is running with Node 24 by default. If you need to temporarily use Node 20, you can set the ACTIONS_ALLOW_USE_UNSECURE_NODE_VERSION=true environment variable. For more information see: https://github.blog/changelog/2025-09-19-deprecation-of-node-20-on-github-actions-runners/
2026-09-23T08:44:40.1906585Z Post job cleanup.
2026-09-23T08:44:40.2548620Z [command]/usr/bin/git version
2026-09-23T08:44:40.2578639Z git version 2.55.0
2026-09-23T08:44:40.2604477Z Temporarily overriding HOME='/home/runner/work/_temp/db776139-4b1c-4857-ba7d-7bc2d57f96ad' before making global git config changes
2026-09-23T08:44:40.2605491Z Adding repository directory to the temporary git global config as a safe directory
2026-09-23T08:44:40.2608028Z [command]/usr/bin/git config --global --add safe.directory /home/runner/work/log-generation/log-generation
2026-09-23T08:44:40.2635181Z [command]/usr/bin/git config --local --name-only --get-regexp core\.sshCommand
2026-09-23T08:44:40.2658841Z [command]/usr/bin/git submodule foreach --recursive sh -c "git config --local --name-only --get-regexp 'core\.sshCommand' && git config --local --unset-all 'core.sshCommand' || :"
2026-09-23T08:44:40.2853084Z [command]/usr/bin/git config --local --name-only --get-regexp http\.https\:\/\/github\.com\/\.extraheader
2026-09-23T08:44:40.2872459Z http.https://github.com/.extraheader
2026-09-23T08:44:40.2879670Z [command]/usr/bin/git config --local --unset-all http.https://github.com/.extraheader
2026-09-23T08:44:40.2915369Z [command]/usr/bin/git submodule foreach --recursive sh -c "git config --local --name-only --get-regexp 'http\.https\:\/\/github\.com\/\.extraheader' && git config --local --unset-all 'http.https://github.com/.extraheader' || :"
2026-09-23T08:44:40.3083237Z [command]/usr/bin/git config --local --name-only --get-regexp ^includeIf\.gitdir:
2026-09-23T08:44:40.3105563Z [command]/usr/bin/git submodule foreach --recursive git config --local --show-origin --name-only --get-regexp remote.origin.url
2026-09-23T08:44:40.3363729Z Cleaning up orphan processes
2026-09-23T08:44:40.3533998Z ##[warning]Node.js 20 is deprecated. The following actions target Node.js 20 but are being forced to run on Node.js 24: actions/checkout@v4, actions/setup-python@v5. For more information see: https://github.blog/changelog/2025-09-19-deprecation-of-node-20-on-github-actions-runners/
