ï»¿2026-09-23T08:44:58.7773136Z Current runner version: '2.337.0'
2026-09-23T08:44:58.7792453Z ##[group]Runner Image Provisioner
2026-09-23T08:44:58.7793020Z Hosted Compute Agent
2026-09-23T08:44:58.7793385Z Version: 20260828.587
2026-09-23T08:44:58.7793835Z Commit: abac92662cab4cc7352de4f9f9d2e2419aad9c29
2026-09-23T08:44:58.7794290Z Build Date: 2026-08-28T16:44:25Z
2026-09-23T08:44:58.7794772Z Worker ID: {f521ca72-d298-499a-9ffd-684a323e9be0}
2026-09-23T08:44:58.7795234Z Azure Region: centralus
2026-09-23T08:44:58.7795621Z ##[endgroup]
2026-09-23T08:44:58.7796729Z ##[group]Operating System
2026-09-23T08:44:58.7797141Z Ubuntu
2026-09-23T08:44:58.7797514Z 24.04.5
2026-09-23T08:44:58.7797859Z LTS
2026-09-23T08:44:58.7798511Z ##[endgroup]
2026-09-23T08:44:58.7798867Z ##[group]Runner Image
2026-09-23T08:44:58.7799274Z Image: ubuntu-24.04
2026-09-23T08:44:58.7799934Z Version: 20260907.300.1
2026-09-23T08:44:58.7800735Z Included Software: https://github.com/actions/runner-images/blob/ubuntu24/20260907.300/images/ubuntu/Ubuntu2404-Readme.md
2026-09-23T08:44:58.7801657Z Image Release: https://github.com/actions/runner-images/releases/tag/ubuntu24%2F20260907.300
2026-09-23T08:44:58.7802270Z ##[endgroup]
2026-09-23T08:44:58.7803031Z ##[group]GITHUB_TOKEN Permissions
2026-09-23T08:44:58.7804484Z Contents: read
2026-09-23T08:44:58.7804900Z Metadata: read
2026-09-23T08:44:58.7805250Z Packages: read
2026-09-23T08:44:58.7805627Z ##[endgroup]
2026-09-23T08:44:58.7807137Z Secret source: Actions
2026-09-23T08:44:58.7807719Z Cache mode: write
2026-09-23T08:44:58.7808445Z Prepare workflow directory
2026-09-23T08:44:58.8060136Z Prepare all required actions
2026-09-23T08:44:58.8093870Z Getting action download info
2026-09-23T08:44:59.0417124Z Download action repository 'actions/checkout@v4' (SHA:11d5960a326750d5838078e36cf38b85af677262)
2026-09-23T08:44:59.1317604Z Download action repository 'actions/setup-python@v5' (SHA:a26af69be951a213d495a4c3e4e4022e16d87065)
2026-09-23T08:44:59.3167874Z Complete job name: test-f3 (ValueError #184)
2026-09-23T08:44:59.3742567Z Node 20 is being deprecated. This workflow is running with Node 24 by default. If you need to temporarily use Node 20, you can set the ACTIONS_ALLOW_USE_UNSECURE_NODE_VERSION=true environment variable. For more information see: https://github.blog/changelog/2025-09-19-deprecation-of-node-20-on-github-actions-runners/
2026-09-23T08:44:59.3748633Z ##[group]Run actions/checkout@v4
2026-09-23T08:44:59.3749047Z with:
2026-09-23T08:44:59.3749306Z   fetch-depth: 1
2026-09-23T08:44:59.3749820Z   repository: DhruvHegde/log-generation
2026-09-23T08:44:59.3752289Z   token: ***
2026-09-23T08:44:59.3752542Z   ssh-strict: true
2026-09-23T08:44:59.3752803Z   ssh-user: git
2026-09-23T08:44:59.3753066Z   persist-credentials: true
2026-09-23T08:44:59.3753351Z   clean: true
2026-09-23T08:44:59.3753621Z   sparse-checkout-cone-mode: true
2026-09-23T08:44:59.3753932Z   fetch-tags: false
2026-09-23T08:44:59.3754203Z   show-progress: true
2026-09-23T08:44:59.3754471Z   lfs: false
2026-09-23T08:44:59.3754761Z   submodules: false
2026-09-23T08:44:59.3755041Z   set-safe-directory: true
2026-09-23T08:44:59.3755347Z   allow-unsafe-pr-checkout: false
2026-09-23T08:44:59.3755750Z ##[endgroup]
2026-09-23T08:44:59.4573655Z Syncing repository: DhruvHegde/log-generation
2026-09-23T08:44:59.4575594Z ##[group]Getting Git version info
2026-09-23T08:44:59.4576334Z Working directory is '/home/runner/work/log-generation/log-generation'
2026-09-23T08:44:59.4577346Z [command]/usr/bin/git version
2026-09-23T08:44:59.4619210Z git version 2.55.0
2026-09-23T08:44:59.4638166Z ##[endgroup]
2026-09-23T08:44:59.4652006Z Temporarily overriding HOME='/home/runner/work/_temp/0bb08263-b572-46c8-994e-3380f2fa4ec3' before making global git config changes
2026-09-23T08:44:59.4653645Z Adding repository directory to the temporary git global config as a safe directory
2026-09-23T08:44:59.4657010Z [command]/usr/bin/git config --global --add safe.directory /home/runner/work/log-generation/log-generation
2026-09-23T08:44:59.4712112Z Deleting the contents of '/home/runner/work/log-generation/log-generation'
2026-09-23T08:44:59.4717361Z ##[group]Initializing the repository
2026-09-23T08:44:59.4721685Z [command]/usr/bin/git init /home/runner/work/log-generation/log-generation
2026-09-23T08:44:59.4826521Z hint: Using 'master' as the name for the initial branch. This default branch name
2026-09-23T08:44:59.4827831Z hint: will change to "main" in Git 3.0. To configure the initial branch name
2026-09-23T08:44:59.4829497Z hint: to use in all of your new repositories, which will suppress this warning,
2026-09-23T08:44:59.4834779Z hint: call:
2026-09-23T08:44:59.4835416Z hint:
2026-09-23T08:44:59.4836057Z hint: 	git config --global init.defaultBranch <name>
2026-09-23T08:44:59.4836775Z hint:
2026-09-23T08:44:59.4837455Z hint: Names commonly chosen instead of 'master' are 'main', 'trunk' and
2026-09-23T08:44:59.4838454Z hint: 'development'. The just-created branch can be renamed via this command:
2026-09-23T08:44:59.4839253Z hint:
2026-09-23T08:44:59.4839988Z hint: 	git branch -m <name>
2026-09-23T08:44:59.4840569Z hint:
2026-09-23T08:44:59.4841499Z hint: Disable this message with "git config set advice.defaultBranchName false"
2026-09-23T08:44:59.4842862Z Initialized empty Git repository in /home/runner/work/log-generation/log-generation/.git/
2026-09-23T08:44:59.4845057Z [command]/usr/bin/git remote add origin https://github.com/DhruvHegde/log-generation
2026-09-23T08:44:59.4900512Z ##[endgroup]
2026-09-23T08:44:59.4901050Z ##[group]Disabling automatic garbage collection
2026-09-23T08:44:59.4904527Z [command]/usr/bin/git config --local gc.auto 0
2026-09-23T08:44:59.4953708Z ##[endgroup]
2026-09-23T08:44:59.4954215Z ##[group]Setting up auth
2026-09-23T08:44:59.4954703Z [command]/usr/bin/git config --local --name-only --get-regexp core\.sshCommand
2026-09-23T08:44:59.4986719Z [command]/usr/bin/git submodule foreach --recursive sh -c "git config --local --name-only --get-regexp 'core\.sshCommand' && git config --local --unset-all 'core.sshCommand' || :"
2026-09-23T08:44:59.5315484Z [command]/usr/bin/git config --local --name-only --get-regexp http\.https\:\/\/github\.com\/\.extraheader
2026-09-23T08:44:59.5351690Z [command]/usr/bin/git submodule foreach --recursive sh -c "git config --local --name-only --get-regexp 'http\.https\:\/\/github\.com\/\.extraheader' && git config --local --unset-all 'http.https://github.com/.extraheader' || :"
2026-09-23T08:44:59.5548555Z [command]/usr/bin/git config --local --name-only --get-regexp ^includeIf\.gitdir:
2026-09-23T08:44:59.5582787Z [command]/usr/bin/git submodule foreach --recursive git config --local --show-origin --name-only --get-regexp remote.origin.url
2026-09-23T08:44:59.5781011Z [command]/usr/bin/git config --local http.https://github.com/.extraheader AUTHORIZATION: basic ***
2026-09-23T08:44:59.5819317Z ##[endgroup]
2026-09-23T08:44:59.5820512Z ##[group]Fetching the repository
2026-09-23T08:44:59.5827138Z [command]/usr/bin/git -c protocol.version=2 fetch --no-tags --prune --no-recurse-submodules --depth=1 origin +dfcb6f158e4bd8054252a4da5d0a9edc2ab15d57:refs/remotes/origin/feature/f3-test-failures
2026-09-23T08:44:59.9179623Z From https://github.com/DhruvHegde/log-generation
2026-09-23T08:44:59.9180520Z  * [new ref]         dfcb6f158e4bd8054252a4da5d0a9edc2ab15d57 -> origin/feature/f3-test-failures
2026-09-23T08:44:59.9182741Z ##[endgroup]
2026-09-23T08:44:59.9183320Z ##[group]Determining the checkout info
2026-09-23T08:44:59.9185006Z ##[endgroup]
2026-09-23T08:44:59.9190164Z [command]/usr/bin/git sparse-checkout disable
2026-09-23T08:44:59.9241328Z [command]/usr/bin/git config --local --unset-all extensions.worktreeConfig
2026-09-23T08:44:59.9273243Z ##[group]Checking out the ref
2026-09-23T08:44:59.9276334Z [command]/usr/bin/git checkout --progress --force -B feature/f3-test-failures refs/remotes/origin/feature/f3-test-failures
2026-09-23T08:44:59.9350460Z Switched to a new branch 'feature/f3-test-failures'
2026-09-23T08:44:59.9353425Z branch 'feature/f3-test-failures' set up to track 'origin/feature/f3-test-failures'.
2026-09-23T08:44:59.9359051Z ##[endgroup]
2026-09-23T08:44:59.9401688Z [command]/usr/bin/git log -1 --format=%H
2026-09-23T08:44:59.9427688Z dfcb6f158e4bd8054252a4da5d0a9edc2ab15d57
2026-09-23T08:44:59.9649243Z Node 20 is being deprecated. This workflow is running with Node 24 by default. If you need to temporarily use Node 20, you can set the ACTIONS_ALLOW_USE_UNSECURE_NODE_VERSION=true environment variable. For more information see: https://github.blog/changelog/2025-09-19-deprecation-of-node-20-on-github-actions-runners/
2026-09-23T08:44:59.9651226Z ##[group]Run actions/setup-python@v5
2026-09-23T08:44:59.9651574Z with:
2026-09-23T08:44:59.9651856Z   python-version: 3.11
2026-09-23T08:44:59.9652157Z   check-latest: false
2026-09-23T08:44:59.9654528Z   token: ***
2026-09-23T08:44:59.9654807Z   update-environment: true
2026-09-23T08:44:59.9655135Z   allow-prereleases: false
2026-09-23T08:44:59.9655444Z   freethreaded: false
2026-09-23T08:44:59.9655736Z ##[endgroup]
2026-09-23T08:45:00.0660721Z ##[group]Installed versions
2026-09-23T08:45:00.0734582Z (node:2017) [DEP0040] DeprecationWarning: The `punycode` module is deprecated. Please use a userland alternative instead.
2026-09-23T08:45:00.0736132Z (Use `node --trace-deprecation ...` to show where the warning was created)
2026-09-23T08:45:00.0736955Z Successfully set up CPython (3.11.16)
2026-09-23T08:45:00.0737862Z ##[endgroup]
2026-09-23T08:45:00.0895020Z ##[group]Run pip install --no-cache-dir pytest
2026-09-23T08:45:00.0982104Z [36;1mpip install --no-cache-dir pytest[0m
2026-09-23T08:45:00.1033924Z shell: /usr/bin/bash -e {0}
2026-09-23T08:45:00.1034372Z env:
2026-09-23T08:45:00.1034754Z   pythonLocation: /opt/hostedtoolcache/Python/3.11.16/x64
2026-09-23T08:45:00.1035459Z   PKG_CONFIG_PATH: /opt/hostedtoolcache/Python/3.11.16/x64/lib/pkgconfig
2026-09-23T08:45:00.1036002Z   Python_ROOT_DIR: /opt/hostedtoolcache/Python/3.11.16/x64
2026-09-23T08:45:00.1036509Z   Python2_ROOT_DIR: /opt/hostedtoolcache/Python/3.11.16/x64
2026-09-23T08:45:00.1037026Z   Python3_ROOT_DIR: /opt/hostedtoolcache/Python/3.11.16/x64
2026-09-23T08:45:00.1037574Z   LD_LIBRARY_PATH: /opt/hostedtoolcache/Python/3.11.16/x64/lib
2026-09-23T08:45:00.1038001Z ##[endgroup]
2026-09-23T08:45:00.8916856Z Collecting pytest
2026-09-23T08:45:00.9693047Z   Downloading pytest-9.1.1-py3-none-any.whl.metadata (7.6 kB)
2026-09-23T08:45:00.9890056Z Collecting iniconfig>=1.0.1 (from pytest)
2026-09-23T08:45:01.0024815Z   Downloading iniconfig-2.3.0-py3-none-any.whl.metadata (2.5 kB)
2026-09-23T08:45:01.0230712Z Collecting packaging>=22 (from pytest)
2026-09-23T08:45:01.0364892Z   Downloading packaging-26.3-py3-none-any.whl.metadata (3.5 kB)
2026-09-23T08:45:01.0557589Z Collecting pluggy<2,>=1.5 (from pytest)
2026-09-23T08:45:01.0693325Z   Downloading pluggy-1.6.0-py3-none-any.whl.metadata (4.8 kB)
2026-09-23T08:45:01.0928150Z Collecting pygments>=2.7.2 (from pytest)
2026-09-23T08:45:01.1060222Z   Downloading pygments-2.21.0-py3-none-any.whl.metadata (2.5 kB)
2026-09-23T08:45:01.1212787Z Downloading pytest-9.1.1-py3-none-any.whl (386 kB)
2026-09-23T08:45:01.1787930Z Downloading pluggy-1.6.0-py3-none-any.whl (20 kB)
2026-09-23T08:45:01.1921875Z Downloading iniconfig-2.3.0-py3-none-any.whl (7.5 kB)
2026-09-23T08:45:01.2053950Z Downloading packaging-26.3-py3-none-any.whl (129 kB)
2026-09-23T08:45:01.2203743Z Downloading pygments-2.21.0-py3-none-any.whl (1.3 MB)
2026-09-23T08:45:01.2584169Z    ââââââââââââââââââââââââââââââââââââââââ 1.3/1.3 MB 41.4 MB/s  0:00:00
2026-09-23T08:45:01.3215091Z Installing collected packages: pygments, pluggy, packaging, iniconfig, pytest
2026-09-23T08:45:01.9936883Z 
2026-09-23T08:45:01.9943633Z Successfully installed iniconfig-2.3.0 packaging-26.3 pluggy-1.6.0 pygments-2.21.0 pytest-9.1.1
2026-09-23T08:45:02.0845781Z ##[group]Run python automation/inject_mutation.py --error-type "ValueError"
2026-09-23T08:45:02.0846141Z [36;1mpython automation/inject_mutation.py --error-type "ValueError"[0m
2026-09-23T08:45:02.0878882Z shell: /usr/bin/bash -e {0}
2026-09-23T08:45:02.0879053Z env:
2026-09-23T08:45:02.0879223Z   pythonLocation: /opt/hostedtoolcache/Python/3.11.16/x64
2026-09-23T08:45:02.0879745Z   PKG_CONFIG_PATH: /opt/hostedtoolcache/Python/3.11.16/x64/lib/pkgconfig
2026-09-23T08:45:02.0879986Z   Python_ROOT_DIR: /opt/hostedtoolcache/Python/3.11.16/x64
2026-09-23T08:45:02.0880211Z   Python2_ROOT_DIR: /opt/hostedtoolcache/Python/3.11.16/x64
2026-09-23T08:45:02.0880431Z   Python3_ROOT_DIR: /opt/hostedtoolcache/Python/3.11.16/x64
2026-09-23T08:45:02.0880651Z   LD_LIBRARY_PATH: /opt/hostedtoolcache/Python/3.11.16/x64/lib
2026-09-23T08:45:02.0880841Z ##[endgroup]
2026-09-23T08:45:02.1110823Z [Mutation Injected] Successfully injected ValueError into tests/test_app.py
2026-09-23T08:45:02.1173727Z ##[group]Run pytest tests/test_app.py -v
2026-09-23T08:45:02.1173982Z [36;1mpytest tests/test_app.py -v[0m
2026-09-23T08:45:02.1206816Z shell: /usr/bin/bash -e {0}
2026-09-23T08:45:02.1206983Z env:
2026-09-23T08:45:02.1207148Z   pythonLocation: /opt/hostedtoolcache/Python/3.11.16/x64
2026-09-23T08:45:02.1207410Z   PKG_CONFIG_PATH: /opt/hostedtoolcache/Python/3.11.16/x64/lib/pkgconfig
2026-09-23T08:45:02.1207689Z   Python_ROOT_DIR: /opt/hostedtoolcache/Python/3.11.16/x64
2026-09-23T08:45:02.1207908Z   Python2_ROOT_DIR: /opt/hostedtoolcache/Python/3.11.16/x64
2026-09-23T08:45:02.1208123Z   Python3_ROOT_DIR: /opt/hostedtoolcache/Python/3.11.16/x64
2026-09-23T08:45:02.1208357Z   LD_LIBRARY_PATH: /opt/hostedtoolcache/Python/3.11.16/x64/lib
2026-09-23T08:45:02.1208555Z ##[endgroup]
2026-09-23T08:45:02.2973554Z ============================= test session starts ==============================
2026-09-23T08:45:02.2974701Z platform linux -- Python 3.11.16, pytest-9.1.1, pluggy-1.6.0 -- /opt/hostedtoolcache/Python/3.11.16/x64/bin/python
2026-09-23T08:45:02.2975396Z cachedir: .pytest_cache
2026-09-23T08:45:02.2976051Z rootdir: /home/runner/work/log-generation/log-generation
2026-09-23T08:45:02.2976471Z configfile: pytest.ini
2026-09-23T08:45:02.3033220Z collecting ... collected 6 items
2026-09-23T08:45:02.3033710Z 
2026-09-23T08:45:02.3040368Z tests/test_app.py::test_calculate_division PASSED                        [ 16%]
2026-09-23T08:45:02.3044879Z tests/test_app.py::test_convert_to_int PASSED                            [ 33%]
2026-09-23T08:45:02.3049578Z tests/test_app.py::test_get_list_item PASSED                             [ 50%]
2026-09-23T08:45:02.3053975Z tests/test_app.py::test_get_dict_value PASSED                            [ 66%]
2026-09-23T08:45:02.3058056Z tests/test_app.py::test_assert_positive PASSED                           [ 83%]
2026-09-23T08:45:02.3331423Z tests/test_app.py::test_value_error FAILED                               [100%]
2026-09-23T08:45:02.3332020Z 
2026-09-23T08:45:02.3332217Z =================================== FAILURES ===================================
2026-09-23T08:45:02.3332748Z _______________________________ test_value_error _______________________________
2026-09-23T08:45:02.3333024Z 
2026-09-23T08:45:02.3333291Z     def test_value_error():
2026-09-23T08:45:02.3333666Z         """Injected synthetic ValueError."""
2026-09-23T08:45:02.3333946Z         from src.app import convert_to_int
2026-09-23T08:45:02.3334255Z >       convert_to_int("unparseable_alphanumeric_0x99")
2026-09-23T08:45:02.3334450Z 
2026-09-23T08:45:02.3334542Z tests/test_app.py:137: 
2026-09-23T08:45:02.3334801Z _ _ _ _ _ _ _ _ _ _ _ _ _ _ _ _ _ _ _ _ _ _ _ _ _ _ _ _ _ _ _ _ _ _ _ _ _ _ _ _ 
2026-09-23T08:45:02.3335014Z 
2026-09-23T08:45:02.3335127Z val = 'unparseable_alphanumeric_0x99'
2026-09-23T08:45:02.3335337Z 
2026-09-23T08:45:02.3335436Z     def convert_to_int(val):
2026-09-23T08:45:02.3335652Z >       return int(val)
2026-09-23T08:45:02.3335846Z                ^^^^^^^^
2026-09-23T08:45:02.3336194Z E       ValueError: invalid literal for int() with base 10: 'unparseable_alphanumeric_0x99'
2026-09-23T08:45:02.3336495Z 
2026-09-23T08:45:02.3336584Z src/app.py:5: ValueError
2026-09-23T08:45:02.3336857Z =========================== short test summary info ============================
2026-09-23T08:45:02.3337433Z FAILED tests/test_app.py::test_value_error - ValueError: invalid literal for int() with base 10: 'unparseable_alphanumeric_0x99'
2026-09-23T08:45:02.3338304Z ========================= 1 failed, 5 passed in 0.02s ==========================
2026-09-23T08:45:02.3512881Z ##[error]Process completed with exit code 1.
2026-09-23T08:45:02.3605397Z Node 20 is being deprecated. This workflow is running with Node 24 by default. If you need to temporarily use Node 20, you can set the ACTIONS_ALLOW_USE_UNSECURE_NODE_VERSION=true environment variable. For more information see: https://github.blog/changelog/2025-09-19-deprecation-of-node-20-on-github-actions-runners/
2026-09-23T08:45:02.3606065Z Post job cleanup.
2026-09-23T08:45:02.4196868Z [command]/usr/bin/git version
2026-09-23T08:45:02.4232157Z git version 2.55.0
2026-09-23T08:45:02.4265364Z Temporarily overriding HOME='/home/runner/work/_temp/72e7840b-0c17-4852-b339-cd6c7969c5b4' before making global git config changes
2026-09-23T08:45:02.4266063Z Adding repository directory to the temporary git global config as a safe directory
2026-09-23T08:45:02.4270268Z [command]/usr/bin/git config --global --add safe.directory /home/runner/work/log-generation/log-generation
2026-09-23T08:45:02.4307495Z [command]/usr/bin/git config --local --name-only --get-regexp core\.sshCommand
2026-09-23T08:45:02.4342679Z [command]/usr/bin/git submodule foreach --recursive sh -c "git config --local --name-only --get-regexp 'core\.sshCommand' && git config --local --unset-all 'core.sshCommand' || :"
2026-09-23T08:45:02.4571079Z [command]/usr/bin/git config --local --name-only --get-regexp http\.https\:\/\/github\.com\/\.extraheader
2026-09-23T08:45:02.4596960Z http.https://github.com/.extraheader
2026-09-23T08:45:02.4611136Z [command]/usr/bin/git config --local --unset-all http.https://github.com/.extraheader
2026-09-23T08:45:02.4660664Z [command]/usr/bin/git submodule foreach --recursive sh -c "git config --local --name-only --get-regexp 'http\.https\:\/\/github\.com\/\.extraheader' && git config --local --unset-all 'http.https://github.com/.extraheader' || :"
2026-09-23T08:45:02.4866045Z [command]/usr/bin/git config --local --name-only --get-regexp ^includeIf\.gitdir:
2026-09-23T08:45:02.4902299Z [command]/usr/bin/git submodule foreach --recursive git config --local --show-origin --name-only --get-regexp remote.origin.url
2026-09-23T08:45:02.5227408Z Cleaning up orphan processes
2026-09-23T08:45:02.5476265Z ##[warning]Node.js 20 is deprecated. The following actions target Node.js 20 but are being forced to run on Node.js 24: actions/checkout@v4, actions/setup-python@v5. For more information see: https://github.blog/changelog/2025-09-19-deprecation-of-node-20-on-github-actions-runners/
