ï»¿2026-09-23T08:45:04.1767727Z Current runner version: '2.337.0'
2026-09-23T08:45:04.1793861Z ##[group]Runner Image Provisioner
2026-09-23T08:45:04.1794721Z Hosted Compute Agent
2026-09-23T08:45:04.1795309Z Version: 20260828.587
2026-09-23T08:45:04.1796060Z Commit: abac92662cab4cc7352de4f9f9d2e2419aad9c29
2026-09-23T08:45:04.1796853Z Build Date: 2026-08-28T16:44:25Z
2026-09-23T08:45:04.1797542Z Worker ID: {f056d8c9-8f6c-48eb-8404-c11d85862995}
2026-09-23T08:45:04.1798708Z Azure Region: westus
2026-09-23T08:45:04.1799310Z ##[endgroup]
2026-09-23T08:45:04.1801202Z ##[group]Operating System
2026-09-23T08:45:04.1801898Z Ubuntu
2026-09-23T08:45:04.1802423Z 24.04.5
2026-09-23T08:45:04.1803019Z LTS
2026-09-23T08:45:04.1803538Z ##[endgroup]
2026-09-23T08:45:04.1804450Z ##[group]Runner Image
2026-09-23T08:45:04.1805141Z Image: ubuntu-24.04
2026-09-23T08:45:04.1805733Z Version: 20260907.300.1
2026-09-23T08:45:04.1807025Z Included Software: https://github.com/actions/runner-images/blob/ubuntu24/20260907.300/images/ubuntu/Ubuntu2404-Readme.md
2026-09-23T08:45:04.1809029Z Image Release: https://github.com/actions/runner-images/releases/tag/ubuntu24%2F20260907.300
2026-09-23T08:45:04.1810096Z ##[endgroup]
2026-09-23T08:45:04.1811328Z ##[group]GITHUB_TOKEN Permissions
2026-09-23T08:45:04.1813728Z Contents: read
2026-09-23T08:45:04.1814314Z Metadata: read
2026-09-23T08:45:04.1815011Z Packages: read
2026-09-23T08:45:04.1815575Z ##[endgroup]
2026-09-23T08:45:04.1817823Z Secret source: Actions
2026-09-23T08:45:04.1819091Z Cache mode: write
2026-09-23T08:45:04.1820196Z Prepare workflow directory
2026-09-23T08:45:04.2177397Z Prepare all required actions
2026-09-23T08:45:04.2252302Z Getting action download info
2026-09-23T08:45:04.6100456Z Download action repository 'actions/checkout@v4' (SHA:11d5960a326750d5838078e36cf38b85af677262)
2026-09-23T08:45:04.7241215Z Download action repository 'actions/setup-python@v5' (SHA:a26af69be951a213d495a4c3e4e4022e16d87065)
2026-09-23T08:45:04.9082878Z Complete job name: test-f3 (ValueError #215)
2026-09-23T08:45:04.9838700Z Node 20 is being deprecated. This workflow is running with Node 24 by default. If you need to temporarily use Node 20, you can set the ACTIONS_ALLOW_USE_UNSECURE_NODE_VERSION=true environment variable. For more information see: https://github.blog/changelog/2025-09-19-deprecation-of-node-20-on-github-actions-runners/
2026-09-23T08:45:04.9847348Z ##[group]Run actions/checkout@v4
2026-09-23T08:45:04.9848335Z with:
2026-09-23T08:45:04.9848783Z   fetch-depth: 1
2026-09-23T08:45:04.9849281Z   repository: DhruvHegde/log-generation
2026-09-23T08:45:04.9853018Z   token: ***
2026-09-23T08:45:04.9853462Z   ssh-strict: true
2026-09-23T08:45:04.9853949Z   ssh-user: git
2026-09-23T08:45:04.9854407Z   persist-credentials: true
2026-09-23T08:45:04.9854910Z   clean: true
2026-09-23T08:45:04.9855407Z   sparse-checkout-cone-mode: true
2026-09-23T08:45:04.9855940Z   fetch-tags: false
2026-09-23T08:45:04.9856402Z   show-progress: true
2026-09-23T08:45:04.9856859Z   lfs: false
2026-09-23T08:45:04.9857318Z   submodules: false
2026-09-23T08:45:04.9857793Z   set-safe-directory: true
2026-09-23T08:45:04.9858469Z   allow-unsafe-pr-checkout: false
2026-09-23T08:45:04.9859293Z ##[endgroup]
2026-09-23T08:45:05.0844677Z Syncing repository: DhruvHegde/log-generation
2026-09-23T08:45:05.0847210Z ##[group]Getting Git version info
2026-09-23T08:45:05.0848687Z Working directory is '/home/runner/work/log-generation/log-generation'
2026-09-23T08:45:05.0850437Z [command]/usr/bin/git version
2026-09-23T08:45:05.0924064Z git version 2.55.0
2026-09-23T08:45:05.0945790Z ##[endgroup]
2026-09-23T08:45:05.0968543Z Temporarily overriding HOME='/home/runner/work/_temp/df04e2ef-7359-420c-a354-6dddd767c9bb' before making global git config changes
2026-09-23T08:45:05.0971317Z Adding repository directory to the temporary git global config as a safe directory
2026-09-23T08:45:05.0973491Z [command]/usr/bin/git config --global --add safe.directory /home/runner/work/log-generation/log-generation
2026-09-23T08:45:05.1027203Z Deleting the contents of '/home/runner/work/log-generation/log-generation'
2026-09-23T08:45:05.1031547Z ##[group]Initializing the repository
2026-09-23T08:45:05.1035449Z [command]/usr/bin/git init /home/runner/work/log-generation/log-generation
2026-09-23T08:45:05.1148969Z hint: Using 'master' as the name for the initial branch. This default branch name
2026-09-23T08:45:05.1151037Z hint: will change to "main" in Git 3.0. To configure the initial branch name
2026-09-23T08:45:05.1152869Z hint: to use in all of your new repositories, which will suppress this warning,
2026-09-23T08:45:05.1154204Z hint: call:
2026-09-23T08:45:05.1154901Z hint:
2026-09-23T08:45:05.1155837Z hint: 	git config --global init.defaultBranch <name>
2026-09-23T08:45:05.1157004Z hint:
2026-09-23T08:45:05.1158080Z hint: Names commonly chosen instead of 'master' are 'main', 'trunk' and
2026-09-23T08:45:05.1160121Z hint: 'development'. The just-created branch can be renamed via this command:
2026-09-23T08:45:05.1161510Z hint:
2026-09-23T08:45:05.1162350Z hint: 	git branch -m <name>
2026-09-23T08:45:05.1163255Z hint:
2026-09-23T08:45:05.1164355Z hint: Disable this message with "git config set advice.defaultBranchName false"
2026-09-23T08:45:05.1166312Z Initialized empty Git repository in /home/runner/work/log-generation/log-generation/.git/
2026-09-23T08:45:05.1170194Z [command]/usr/bin/git remote add origin https://github.com/DhruvHegde/log-generation
2026-09-23T08:45:05.1217445Z ##[endgroup]
2026-09-23T08:45:05.1219100Z ##[group]Disabling automatic garbage collection
2026-09-23T08:45:05.1222777Z [command]/usr/bin/git config --local gc.auto 0
2026-09-23T08:45:05.1254766Z ##[endgroup]
2026-09-23T08:45:05.1255892Z ##[group]Setting up auth
2026-09-23T08:45:05.1261769Z [command]/usr/bin/git config --local --name-only --get-regexp core\.sshCommand
2026-09-23T08:45:05.1295503Z [command]/usr/bin/git submodule foreach --recursive sh -c "git config --local --name-only --get-regexp 'core\.sshCommand' && git config --local --unset-all 'core.sshCommand' || :"
2026-09-23T08:45:05.1698702Z [command]/usr/bin/git config --local --name-only --get-regexp http\.https\:\/\/github\.com\/\.extraheader
2026-09-23T08:45:05.1736161Z [command]/usr/bin/git submodule foreach --recursive sh -c "git config --local --name-only --get-regexp 'http\.https\:\/\/github\.com\/\.extraheader' && git config --local --unset-all 'http.https://github.com/.extraheader' || :"
2026-09-23T08:45:05.1973964Z [command]/usr/bin/git config --local --name-only --get-regexp ^includeIf\.gitdir:
2026-09-23T08:45:05.2012238Z [command]/usr/bin/git submodule foreach --recursive git config --local --show-origin --name-only --get-regexp remote.origin.url
2026-09-23T08:45:05.2239039Z [command]/usr/bin/git config --local http.https://github.com/.extraheader AUTHORIZATION: basic ***
2026-09-23T08:45:05.2279517Z ##[endgroup]
2026-09-23T08:45:05.2280534Z ##[group]Fetching the repository
2026-09-23T08:45:05.2292930Z [command]/usr/bin/git -c protocol.version=2 fetch --no-tags --prune --no-recurse-submodules --depth=1 origin +dfcb6f158e4bd8054252a4da5d0a9edc2ab15d57:refs/remotes/origin/feature/f3-test-failures
2026-09-23T08:45:05.7020234Z From https://github.com/DhruvHegde/log-generation
2026-09-23T08:45:05.7022090Z  * [new ref]         dfcb6f158e4bd8054252a4da5d0a9edc2ab15d57 -> origin/feature/f3-test-failures
2026-09-23T08:45:05.7027251Z ##[endgroup]
2026-09-23T08:45:05.7029065Z ##[group]Determining the checkout info
2026-09-23T08:45:05.7030854Z ##[endgroup]
2026-09-23T08:45:05.7036490Z [command]/usr/bin/git sparse-checkout disable
2026-09-23T08:45:05.7104184Z [command]/usr/bin/git config --local --unset-all extensions.worktreeConfig
2026-09-23T08:45:05.7136202Z ##[group]Checking out the ref
2026-09-23T08:45:05.7142243Z [command]/usr/bin/git checkout --progress --force -B feature/f3-test-failures refs/remotes/origin/feature/f3-test-failures
2026-09-23T08:45:05.7222477Z Switched to a new branch 'feature/f3-test-failures'
2026-09-23T08:45:05.7229274Z branch 'feature/f3-test-failures' set up to track 'origin/feature/f3-test-failures'.
2026-09-23T08:45:05.7235230Z ##[endgroup]
2026-09-23T08:45:05.7277096Z [command]/usr/bin/git log -1 --format=%H
2026-09-23T08:45:05.7303755Z dfcb6f158e4bd8054252a4da5d0a9edc2ab15d57
2026-09-23T08:45:05.7569069Z Node 20 is being deprecated. This workflow is running with Node 24 by default. If you need to temporarily use Node 20, you can set the ACTIONS_ALLOW_USE_UNSECURE_NODE_VERSION=true environment variable. For more information see: https://github.blog/changelog/2025-09-19-deprecation-of-node-20-on-github-actions-runners/
2026-09-23T08:45:05.7571893Z ##[group]Run actions/setup-python@v5
2026-09-23T08:45:05.7572434Z with:
2026-09-23T08:45:05.7572847Z   python-version: 3.11
2026-09-23T08:45:05.7573315Z   check-latest: false
2026-09-23T08:45:05.7576870Z   token: ***
2026-09-23T08:45:05.7577307Z   update-environment: true
2026-09-23T08:45:05.7577807Z   allow-prereleases: false
2026-09-23T08:45:05.7578594Z   freethreaded: false
2026-09-23T08:45:05.7579041Z ##[endgroup]
2026-09-23T08:45:05.8873883Z ##[group]Installed versions
2026-09-23T08:45:05.8969403Z (node:2224) [DEP0040] DeprecationWarning: The `punycode` module is deprecated. Please use a userland alternative instead.
2026-09-23T08:45:05.8971458Z (Use `node --trace-deprecation ...` to show where the warning was created)
2026-09-23T08:45:05.8972650Z Successfully set up CPython (3.11.16)
2026-09-23T08:45:05.8974411Z ##[endgroup]
2026-09-23T08:45:05.9149645Z ##[group]Run pip install --no-cache-dir pytest
2026-09-23T08:45:05.9150410Z [36;1mpip install --no-cache-dir pytest[0m
2026-09-23T08:45:05.9280416Z shell: /usr/bin/bash -e {0}
2026-09-23T08:45:05.9281351Z env:
2026-09-23T08:45:05.9282102Z   pythonLocation: /opt/hostedtoolcache/Python/3.11.16/x64
2026-09-23T08:45:05.9282976Z   PKG_CONFIG_PATH: /opt/hostedtoolcache/Python/3.11.16/x64/lib/pkgconfig
2026-09-23T08:45:05.9283818Z   Python_ROOT_DIR: /opt/hostedtoolcache/Python/3.11.16/x64
2026-09-23T08:45:05.9284578Z   Python2_ROOT_DIR: /opt/hostedtoolcache/Python/3.11.16/x64
2026-09-23T08:45:05.9285361Z   Python3_ROOT_DIR: /opt/hostedtoolcache/Python/3.11.16/x64
2026-09-23T08:45:05.9286151Z   LD_LIBRARY_PATH: /opt/hostedtoolcache/Python/3.11.16/x64/lib
2026-09-23T08:45:05.9360675Z ##[endgroup]
2026-09-23T08:45:09.2142797Z Collecting pytest
2026-09-23T08:45:09.3127574Z   Downloading pytest-9.1.1-py3-none-any.whl.metadata (7.6 kB)
2026-09-23T08:45:09.3370487Z Collecting iniconfig>=1.0.1 (from pytest)
2026-09-23T08:45:09.3577808Z   Downloading iniconfig-2.3.0-py3-none-any.whl.metadata (2.5 kB)
2026-09-23T08:45:09.3842355Z Collecting packaging>=22 (from pytest)
2026-09-23T08:45:09.4049534Z   Downloading packaging-26.3-py3-none-any.whl.metadata (3.5 kB)
2026-09-23T08:45:09.4290544Z Collecting pluggy<2,>=1.5 (from pytest)
2026-09-23T08:45:09.4494445Z   Downloading pluggy-1.6.0-py3-none-any.whl.metadata (4.8 kB)
2026-09-23T08:45:09.4812273Z Collecting pygments>=2.7.2 (from pytest)
2026-09-23T08:45:09.5017220Z   Downloading pygments-2.21.0-py3-none-any.whl.metadata (2.5 kB)
2026-09-23T08:45:09.5303683Z Downloading pytest-9.1.1-py3-none-any.whl (386 kB)
2026-09-23T08:45:09.6169126Z Downloading pluggy-1.6.0-py3-none-any.whl (20 kB)
2026-09-23T08:45:09.6375783Z Downloading iniconfig-2.3.0-py3-none-any.whl (7.5 kB)
2026-09-23T08:45:09.6612122Z Downloading packaging-26.3-py3-none-any.whl (129 kB)
2026-09-23T08:45:09.6841585Z Downloading pygments-2.21.0-py3-none-any.whl (1.3 MB)
2026-09-23T08:45:09.7481035Z    ââââââââââââââââââââââââââââââââââââââââ 1.3/1.3 MB 17.7 MB/s  0:00:00
2026-09-23T08:45:09.9243698Z Installing collected packages: pygments, pluggy, packaging, iniconfig, pytest
2026-09-23T08:45:10.9237261Z 
2026-09-23T08:45:10.9249816Z Successfully installed iniconfig-2.3.0 packaging-26.3 pluggy-1.6.0 pygments-2.21.0 pytest-9.1.1
2026-09-23T08:45:10.9781409Z ##[group]Run python automation/inject_mutation.py --error-type "ValueError"
2026-09-23T08:45:10.9782089Z [36;1mpython automation/inject_mutation.py --error-type "ValueError"[0m
2026-09-23T08:45:10.9820309Z shell: /usr/bin/bash -e {0}
2026-09-23T08:45:10.9820615Z env:
2026-09-23T08:45:10.9820943Z   pythonLocation: /opt/hostedtoolcache/Python/3.11.16/x64
2026-09-23T08:45:10.9821641Z   PKG_CONFIG_PATH: /opt/hostedtoolcache/Python/3.11.16/x64/lib/pkgconfig
2026-09-23T08:45:10.9822140Z   Python_ROOT_DIR: /opt/hostedtoolcache/Python/3.11.16/x64
2026-09-23T08:45:10.9822579Z   Python2_ROOT_DIR: /opt/hostedtoolcache/Python/3.11.16/x64
2026-09-23T08:45:10.9823047Z   Python3_ROOT_DIR: /opt/hostedtoolcache/Python/3.11.16/x64
2026-09-23T08:45:10.9823509Z   LD_LIBRARY_PATH: /opt/hostedtoolcache/Python/3.11.16/x64/lib
2026-09-23T08:45:10.9823914Z ##[endgroup]
2026-09-23T08:45:11.0117792Z [Mutation Injected] Successfully injected ValueError into tests/test_app.py
2026-09-23T08:45:11.0188822Z ##[group]Run pytest tests/test_app.py -v
2026-09-23T08:45:11.0189274Z [36;1mpytest tests/test_app.py -v[0m
2026-09-23T08:45:11.0223528Z shell: /usr/bin/bash -e {0}
2026-09-23T08:45:11.0223826Z env:
2026-09-23T08:45:11.0224156Z   pythonLocation: /opt/hostedtoolcache/Python/3.11.16/x64
2026-09-23T08:45:11.0224670Z   PKG_CONFIG_PATH: /opt/hostedtoolcache/Python/3.11.16/x64/lib/pkgconfig
2026-09-23T08:45:11.0225183Z   Python_ROOT_DIR: /opt/hostedtoolcache/Python/3.11.16/x64
2026-09-23T08:45:11.0225611Z   Python2_ROOT_DIR: /opt/hostedtoolcache/Python/3.11.16/x64
2026-09-23T08:45:11.0226036Z   Python3_ROOT_DIR: /opt/hostedtoolcache/Python/3.11.16/x64
2026-09-23T08:45:11.0226467Z   LD_LIBRARY_PATH: /opt/hostedtoolcache/Python/3.11.16/x64/lib
2026-09-23T08:45:11.0226843Z ##[endgroup]
2026-09-23T08:45:11.4231273Z ============================= test session starts ==============================
2026-09-23T08:45:11.4232673Z platform linux -- Python 3.11.16, pytest-9.1.1, pluggy-1.6.0 -- /opt/hostedtoolcache/Python/3.11.16/x64/bin/python
2026-09-23T08:45:11.4233441Z cachedir: .pytest_cache
2026-09-23T08:45:11.4233882Z rootdir: /home/runner/work/log-generation/log-generation
2026-09-23T08:45:11.4234362Z configfile: pytest.ini
2026-09-23T08:45:11.4317629Z collecting ... collected 6 items
2026-09-23T08:45:11.4318050Z 
2026-09-23T08:45:11.4327179Z tests/test_app.py::test_calculate_division PASSED                        [ 16%]
2026-09-23T08:45:11.4334981Z tests/test_app.py::test_convert_to_int PASSED                            [ 33%]
2026-09-23T08:45:11.4342007Z tests/test_app.py::test_get_list_item PASSED                             [ 50%]
2026-09-23T08:45:11.4348702Z tests/test_app.py::test_get_dict_value PASSED                            [ 66%]
2026-09-23T08:45:11.4355355Z tests/test_app.py::test_assert_positive PASSED                           [ 83%]
2026-09-23T08:45:11.4640931Z tests/test_app.py::test_value_error FAILED                               [100%]
2026-09-23T08:45:11.4641358Z 
2026-09-23T08:45:11.4641571Z =================================== FAILURES ===================================
2026-09-23T08:45:11.4642110Z _______________________________ test_value_error _______________________________
2026-09-23T08:45:11.4642454Z 
2026-09-23T08:45:11.4642572Z     def test_value_error():
2026-09-23T08:45:11.4642891Z         """Injected synthetic ValueError."""
2026-09-23T08:45:11.4643289Z         from src.app import convert_to_int
2026-09-23T08:45:11.4643686Z >       convert_to_int("unparseable_alphanumeric_0x99")
2026-09-23T08:45:11.4643970Z 
2026-09-23T08:45:11.4644089Z tests/test_app.py:137: 
2026-09-23T08:45:11.4644432Z _ _ _ _ _ _ _ _ _ _ _ _ _ _ _ _ _ _ _ _ _ _ _ _ _ _ _ _ _ _ _ _ _ _ _ _ _ _ _ _ 
2026-09-23T08:45:11.4644734Z 
2026-09-23T08:45:11.4644866Z val = 'unparseable_alphanumeric_0x99'
2026-09-23T08:45:11.4645097Z 
2026-09-23T08:45:11.4645214Z     def convert_to_int(val):
2026-09-23T08:45:11.4645498Z >       return int(val)
2026-09-23T08:45:11.4645752Z                ^^^^^^^^
2026-09-23T08:45:11.4646226Z E       ValueError: invalid literal for int() with base 10: 'unparseable_alphanumeric_0x99'
2026-09-23T08:45:11.4646665Z 
2026-09-23T08:45:11.4646784Z src/app.py:5: ValueError
2026-09-23T08:45:11.4647140Z =========================== short test summary info ============================
2026-09-23T08:45:11.4647959Z FAILED tests/test_app.py::test_value_error - ValueError: invalid literal for int() with base 10: 'unparseable_alphanumeric_0x99'
2026-09-23T08:45:11.4649236Z ========================= 1 failed, 5 passed in 0.03s ==========================
2026-09-23T08:45:11.4824862Z ##[error]Process completed with exit code 1.
2026-09-23T08:45:11.4966875Z Node 20 is being deprecated. This workflow is running with Node 24 by default. If you need to temporarily use Node 20, you can set the ACTIONS_ALLOW_USE_UNSECURE_NODE_VERSION=true environment variable. For more information see: https://github.blog/changelog/2025-09-19-deprecation-of-node-20-on-github-actions-runners/
2026-09-23T08:45:11.4968422Z Post job cleanup.
2026-09-23T08:45:11.5821475Z [command]/usr/bin/git version
2026-09-23T08:45:11.5864755Z git version 2.55.0
2026-09-23T08:45:11.5905436Z Temporarily overriding HOME='/home/runner/work/_temp/30dc3c04-b35c-4109-9c1c-9d59f1017eac' before making global git config changes
2026-09-23T08:45:11.5906937Z Adding repository directory to the temporary git global config as a safe directory
2026-09-23T08:45:11.5913207Z [command]/usr/bin/git config --global --add safe.directory /home/runner/work/log-generation/log-generation
2026-09-23T08:45:11.5952925Z [command]/usr/bin/git config --local --name-only --get-regexp core\.sshCommand
2026-09-23T08:45:11.5991808Z [command]/usr/bin/git submodule foreach --recursive sh -c "git config --local --name-only --get-regexp 'core\.sshCommand' && git config --local --unset-all 'core.sshCommand' || :"
2026-09-23T08:45:11.6247865Z [command]/usr/bin/git config --local --name-only --get-regexp http\.https\:\/\/github\.com\/\.extraheader
2026-09-23T08:45:11.6283098Z http.https://github.com/.extraheader
2026-09-23T08:45:11.6294940Z [command]/usr/bin/git config --local --unset-all http.https://github.com/.extraheader
2026-09-23T08:45:11.6329159Z [command]/usr/bin/git submodule foreach --recursive sh -c "git config --local --name-only --get-regexp 'http\.https\:\/\/github\.com\/\.extraheader' && git config --local --unset-all 'http.https://github.com/.extraheader' || :"
2026-09-23T08:45:11.6631768Z [command]/usr/bin/git config --local --name-only --get-regexp ^includeIf\.gitdir:
2026-09-23T08:45:11.6672210Z [command]/usr/bin/git submodule foreach --recursive git config --local --show-origin --name-only --get-regexp remote.origin.url
2026-09-23T08:45:11.7064911Z Cleaning up orphan processes
2026-09-23T08:45:11.7342916Z ##[warning]Node.js 20 is deprecated. The following actions target Node.js 20 but are being forced to run on Node.js 24: actions/checkout@v4, actions/setup-python@v5. For more information see: https://github.blog/changelog/2025-09-19-deprecation-of-node-20-on-github-actions-runners/
