ï»¿2026-09-23T08:49:27.8484331Z Current runner version: '2.337.0'
2026-09-23T08:49:27.8509349Z ##[group]Runner Image Provisioner
2026-09-23T08:49:27.8510166Z Hosted Compute Agent
2026-09-23T08:49:27.8510867Z Version: 20260828.587
2026-09-23T08:49:27.8511516Z Commit: abac92662cab4cc7352de4f9f9d2e2419aad9c29
2026-09-23T08:49:27.8512331Z Build Date: 2026-08-28T16:44:25Z
2026-09-23T08:49:27.8513042Z Worker ID: {20e4cbf4-1427-44f5-9c57-ceeba5387c61}
2026-09-23T08:49:27.8513785Z Azure Region: northcentralus
2026-09-23T08:49:27.8514493Z ##[endgroup]
2026-09-23T08:49:27.8516232Z ##[group]Operating System
2026-09-23T08:49:27.8517180Z Ubuntu
2026-09-23T08:49:27.8517733Z 24.04.5
2026-09-23T08:49:27.8518580Z LTS
2026-09-23T08:49:27.8519238Z ##[endgroup]
2026-09-23T08:49:27.8519827Z ##[group]Runner Image
2026-09-23T08:49:27.8520482Z Image: ubuntu-24.04
2026-09-23T08:49:27.8521057Z Version: 20260907.300.1
2026-09-23T08:49:27.8522371Z Included Software: https://github.com/actions/runner-images/blob/ubuntu24/20260907.300/images/ubuntu/Ubuntu2404-Readme.md
2026-09-23T08:49:27.8524011Z Image Release: https://github.com/actions/runner-images/releases/tag/ubuntu24%2F20260907.300
2026-09-23T08:49:27.8525051Z ##[endgroup]
2026-09-23T08:49:27.8526215Z ##[group]GITHUB_TOKEN Permissions
2026-09-23T08:49:27.8528645Z Contents: read
2026-09-23T08:49:27.8529276Z Metadata: read
2026-09-23T08:49:27.8529879Z Packages: read
2026-09-23T08:49:27.8530519Z ##[endgroup]
2026-09-23T08:49:27.8532597Z Secret source: Actions
2026-09-23T08:49:27.8533719Z Cache mode: write
2026-09-23T08:49:27.8534686Z Prepare workflow directory
2026-09-23T08:49:27.8879741Z Prepare all required actions
2026-09-23T08:49:27.8928452Z Getting action download info
2026-09-23T08:49:28.1484765Z Download action repository 'actions/checkout@v4' (SHA:11d5960a326750d5838078e36cf38b85af677262)
2026-09-23T08:49:28.2683416Z Download action repository 'actions/setup-python@v5' (SHA:a26af69be951a213d495a4c3e4e4022e16d87065)
2026-09-23T08:49:28.4579127Z Complete job name: test-f3 (AttributeError #136)
2026-09-23T08:49:28.5349648Z Node 20 is being deprecated. This workflow is running with Node 24 by default. If you need to temporarily use Node 20, you can set the ACTIONS_ALLOW_USE_UNSECURE_NODE_VERSION=true environment variable. For more information see: https://github.blog/changelog/2025-09-19-deprecation-of-node-20-on-github-actions-runners/
2026-09-23T08:49:28.5358728Z ##[group]Run actions/checkout@v4
2026-09-23T08:49:28.5359473Z with:
2026-09-23T08:49:28.5359903Z   fetch-depth: 1
2026-09-23T08:49:28.5360383Z   repository: DhruvHegde/log-generation
2026-09-23T08:49:28.5364291Z   token: ***
2026-09-23T08:49:28.5364718Z   ssh-strict: true
2026-09-23T08:49:28.5365153Z   ssh-user: git
2026-09-23T08:49:28.5365598Z   persist-credentials: true
2026-09-23T08:49:28.5366087Z   clean: true
2026-09-23T08:49:28.5366524Z   sparse-checkout-cone-mode: true
2026-09-23T08:49:28.5367257Z   fetch-tags: false
2026-09-23T08:49:28.5367707Z   show-progress: true
2026-09-23T08:49:28.5368151Z   lfs: false
2026-09-23T08:49:28.5368598Z   submodules: false
2026-09-23T08:49:28.5369069Z   set-safe-directory: true
2026-09-23T08:49:28.5369576Z   allow-unsafe-pr-checkout: false
2026-09-23T08:49:28.5370346Z ##[endgroup]
2026-09-23T08:49:28.6403468Z Syncing repository: DhruvHegde/log-generation
2026-09-23T08:49:28.6406194Z ##[group]Getting Git version info
2026-09-23T08:49:28.6407673Z Working directory is '/home/runner/work/log-generation/log-generation'
2026-09-23T08:49:28.6409152Z [command]/usr/bin/git version
2026-09-23T08:49:28.6534105Z git version 2.55.0
2026-09-23T08:49:28.6568776Z ##[endgroup]
2026-09-23T08:49:28.6578089Z Temporarily overriding HOME='/home/runner/work/_temp/cf284a32-64bc-4b5d-8d37-805b47e1247a' before making global git config changes
2026-09-23T08:49:28.6580795Z Adding repository directory to the temporary git global config as a safe directory
2026-09-23T08:49:28.6583039Z [command]/usr/bin/git config --global --add safe.directory /home/runner/work/log-generation/log-generation
2026-09-23T08:49:28.6646221Z Deleting the contents of '/home/runner/work/log-generation/log-generation'
2026-09-23T08:49:28.6652457Z ##[group]Initializing the repository
2026-09-23T08:49:28.6658353Z [command]/usr/bin/git init /home/runner/work/log-generation/log-generation
2026-09-23T08:49:28.6812619Z hint: Using 'master' as the name for the initial branch. This default branch name
2026-09-23T08:49:28.6814379Z hint: will change to "main" in Git 3.0. To configure the initial branch name
2026-09-23T08:49:28.6816238Z hint: to use in all of your new repositories, which will suppress this warning,
2026-09-23T08:49:28.6817928Z hint: call:
2026-09-23T08:49:28.6818635Z hint:
2026-09-23T08:49:28.6819549Z hint: 	git config --global init.defaultBranch <name>
2026-09-23T08:49:28.6820713Z hint:
2026-09-23T08:49:28.6821782Z hint: Names commonly chosen instead of 'master' are 'main', 'trunk' and
2026-09-23T08:49:28.6823375Z hint: 'development'. The just-created branch can be renamed via this command:
2026-09-23T08:49:28.6824640Z hint:
2026-09-23T08:49:28.6825552Z hint: 	git branch -m <name>
2026-09-23T08:49:28.6826495Z hint:
2026-09-23T08:49:28.6827887Z hint: Disable this message with "git config set advice.defaultBranchName false"
2026-09-23T08:49:28.6829839Z Initialized empty Git repository in /home/runner/work/log-generation/log-generation/.git/
2026-09-23T08:49:28.6832415Z [command]/usr/bin/git remote add origin https://github.com/DhruvHegde/log-generation
2026-09-23T08:49:28.6892831Z ##[endgroup]
2026-09-23T08:49:28.6894086Z ##[group]Disabling automatic garbage collection
2026-09-23T08:49:28.6897264Z [command]/usr/bin/git config --local gc.auto 0
2026-09-23T08:49:28.6934725Z ##[endgroup]
2026-09-23T08:49:28.6935972Z ##[group]Setting up auth
2026-09-23T08:49:28.6944168Z [command]/usr/bin/git config --local --name-only --get-regexp core\.sshCommand
2026-09-23T08:49:28.7007542Z [command]/usr/bin/git submodule foreach --recursive sh -c "git config --local --name-only --get-regexp 'core\.sshCommand' && git config --local --unset-all 'core.sshCommand' || :"
2026-09-23T08:49:28.7446364Z [command]/usr/bin/git config --local --name-only --get-regexp http\.https\:\/\/github\.com\/\.extraheader
2026-09-23T08:49:28.7485720Z [command]/usr/bin/git submodule foreach --recursive sh -c "git config --local --name-only --get-regexp 'http\.https\:\/\/github\.com\/\.extraheader' && git config --local --unset-all 'http.https://github.com/.extraheader' || :"
2026-09-23T08:49:28.7718111Z [command]/usr/bin/git config --local --name-only --get-regexp ^includeIf\.gitdir:
2026-09-23T08:49:28.7757683Z [command]/usr/bin/git submodule foreach --recursive git config --local --show-origin --name-only --get-regexp remote.origin.url
2026-09-23T08:49:28.7995100Z [command]/usr/bin/git config --local http.https://github.com/.extraheader AUTHORIZATION: basic ***
2026-09-23T08:49:28.8037245Z ##[endgroup]
2026-09-23T08:49:28.8038777Z ##[group]Fetching the repository
2026-09-23T08:49:28.8049481Z [command]/usr/bin/git -c protocol.version=2 fetch --no-tags --prune --no-recurse-submodules --depth=1 origin +43f20917de93b9aad51cf79a69ad5239c5632917:refs/remotes/origin/feature/f3-test-failures
2026-09-23T08:49:29.2317959Z From https://github.com/DhruvHegde/log-generation
2026-09-23T08:49:29.2319427Z  * [new ref]         43f20917de93b9aad51cf79a69ad5239c5632917 -> origin/feature/f3-test-failures
2026-09-23T08:49:29.2322929Z ##[endgroup]
2026-09-23T08:49:29.2323972Z ##[group]Determining the checkout info
2026-09-23T08:49:29.2333057Z ##[endgroup]
2026-09-23T08:49:29.2333756Z [command]/usr/bin/git sparse-checkout disable
2026-09-23T08:49:29.2390082Z [command]/usr/bin/git config --local --unset-all extensions.worktreeConfig
2026-09-23T08:49:29.2422386Z ##[group]Checking out the ref
2026-09-23T08:49:29.2427324Z [command]/usr/bin/git checkout --progress --force -B feature/f3-test-failures refs/remotes/origin/feature/f3-test-failures
2026-09-23T08:49:29.2832884Z Switched to a new branch 'feature/f3-test-failures'
2026-09-23T08:49:29.2838602Z branch 'feature/f3-test-failures' set up to track 'origin/feature/f3-test-failures'.
2026-09-23T08:49:29.2848012Z ##[endgroup]
2026-09-23T08:49:29.2895713Z [command]/usr/bin/git log -1 --format=%H
2026-09-23T08:49:29.2923095Z 43f20917de93b9aad51cf79a69ad5239c5632917
2026-09-23T08:49:29.3210984Z Node 20 is being deprecated. This workflow is running with Node 24 by default. If you need to temporarily use Node 20, you can set the ACTIONS_ALLOW_USE_UNSECURE_NODE_VERSION=true environment variable. For more information see: https://github.blog/changelog/2025-09-19-deprecation-of-node-20-on-github-actions-runners/
2026-09-23T08:49:29.3213881Z ##[group]Run actions/setup-python@v5
2026-09-23T08:49:29.3214463Z with:
2026-09-23T08:49:29.3214924Z   python-version: 3.11
2026-09-23T08:49:29.3215436Z   check-latest: false
2026-09-23T08:49:29.3219633Z   token: ***
2026-09-23T08:49:29.3220131Z   update-environment: true
2026-09-23T08:49:29.3220696Z   allow-prereleases: false
2026-09-23T08:49:29.3221233Z   freethreaded: false
2026-09-23T08:49:29.3221726Z ##[endgroup]
2026-09-23T08:49:29.4589001Z ##[group]Installed versions
2026-09-23T08:49:29.4712265Z (node:2223) [DEP0040] DeprecationWarning: The `punycode` module is deprecated. Please use a userland alternative instead.
2026-09-23T08:49:29.4715027Z (Use `node --trace-deprecation ...` to show where the warning was created)
2026-09-23T08:49:29.4716900Z Successfully set up CPython (3.11.16)
2026-09-23T08:49:29.4718570Z ##[endgroup]
2026-09-23T08:49:29.4895088Z ##[group]Run pip install --no-cache-dir pytest
2026-09-23T08:49:29.4896003Z [36;1mpip install --no-cache-dir pytest[0m
2026-09-23T08:49:29.4952164Z shell: /usr/bin/bash -e {0}
2026-09-23T08:49:29.4952774Z env:
2026-09-23T08:49:29.4953367Z   pythonLocation: /opt/hostedtoolcache/Python/3.11.16/x64
2026-09-23T08:49:29.4954304Z   PKG_CONFIG_PATH: /opt/hostedtoolcache/Python/3.11.16/x64/lib/pkgconfig
2026-09-23T08:49:29.4955234Z   Python_ROOT_DIR: /opt/hostedtoolcache/Python/3.11.16/x64
2026-09-23T08:49:29.4956074Z   Python2_ROOT_DIR: /opt/hostedtoolcache/Python/3.11.16/x64
2026-09-23T08:49:29.5051357Z   Python3_ROOT_DIR: /opt/hostedtoolcache/Python/3.11.16/x64
2026-09-23T08:49:29.5053213Z   LD_LIBRARY_PATH: /opt/hostedtoolcache/Python/3.11.16/x64/lib
2026-09-23T08:49:29.5054392Z ##[endgroup]
2026-09-23T08:49:30.4092565Z Collecting pytest
2026-09-23T08:49:30.4562356Z   Downloading pytest-9.1.1-py3-none-any.whl.metadata (7.6 kB)
2026-09-23T08:49:30.4643730Z Collecting iniconfig>=1.0.1 (from pytest)
2026-09-23T08:49:30.4680700Z   Downloading iniconfig-2.3.0-py3-none-any.whl.metadata (2.5 kB)
2026-09-23T08:49:30.4783682Z Collecting packaging>=22 (from pytest)
2026-09-23T08:49:30.4820433Z   Downloading packaging-26.3-py3-none-any.whl.metadata (3.5 kB)
2026-09-23T08:49:30.4898532Z Collecting pluggy<2,>=1.5 (from pytest)
2026-09-23T08:49:30.4934470Z   Downloading pluggy-1.6.0-py3-none-any.whl.metadata (4.8 kB)
2026-09-23T08:49:30.5062083Z Collecting pygments>=2.7.2 (from pytest)
2026-09-23T08:49:30.5094238Z   Downloading pygments-2.21.0-py3-none-any.whl.metadata (2.5 kB)
2026-09-23T08:49:30.5173382Z Downloading pytest-9.1.1-py3-none-any.whl (386 kB)
2026-09-23T08:49:30.5354225Z Downloading pluggy-1.6.0-py3-none-any.whl (20 kB)
2026-09-23T08:49:30.5394702Z Downloading iniconfig-2.3.0-py3-none-any.whl (7.5 kB)
2026-09-23T08:49:30.5428058Z Downloading packaging-26.3-py3-none-any.whl (129 kB)
2026-09-23T08:49:30.5465888Z Downloading pygments-2.21.0-py3-none-any.whl (1.3 MB)
2026-09-23T08:49:30.5544232Z    ââââââââââââââââââââââââââââââââââââââââ 1.3/1.3 MB 247.7 MB/s  0:00:00
2026-09-23T08:49:30.6232750Z Installing collected packages: pygments, pluggy, packaging, iniconfig, pytest
2026-09-23T08:49:31.5993383Z 
2026-09-23T08:49:31.6004240Z Successfully installed iniconfig-2.3.0 packaging-26.3 pluggy-1.6.0 pygments-2.21.0 pytest-9.1.1
2026-09-23T08:49:31.6499577Z ##[group]Run python automation/inject_mutation.py --error-type "AttributeError"
2026-09-23T08:49:31.6500228Z [36;1mpython automation/inject_mutation.py --error-type "AttributeError"[0m
2026-09-23T08:49:31.6539596Z shell: /usr/bin/bash -e {0}
2026-09-23T08:49:31.6539867Z env:
2026-09-23T08:49:31.6540388Z   pythonLocation: /opt/hostedtoolcache/Python/3.11.16/x64
2026-09-23T08:49:31.6540845Z   PKG_CONFIG_PATH: /opt/hostedtoolcache/Python/3.11.16/x64/lib/pkgconfig
2026-09-23T08:49:31.6541303Z   Python_ROOT_DIR: /opt/hostedtoolcache/Python/3.11.16/x64
2026-09-23T08:49:31.6541697Z   Python2_ROOT_DIR: /opt/hostedtoolcache/Python/3.11.16/x64
2026-09-23T08:49:31.6542101Z   Python3_ROOT_DIR: /opt/hostedtoolcache/Python/3.11.16/x64
2026-09-23T08:49:31.6542490Z   LD_LIBRARY_PATH: /opt/hostedtoolcache/Python/3.11.16/x64/lib
2026-09-23T08:49:31.6542849Z ##[endgroup]
2026-09-23T08:49:31.6843847Z [Mutation Injected] Successfully injected AttributeError into tests/test_app.py
2026-09-23T08:49:31.6914920Z ##[group]Run pytest tests/test_app.py -v
2026-09-23T08:49:31.6915312Z [36;1mpytest tests/test_app.py -v[0m
2026-09-23T08:49:31.6953325Z shell: /usr/bin/bash -e {0}
2026-09-23T08:49:31.6953591Z env:
2026-09-23T08:49:31.6953870Z   pythonLocation: /opt/hostedtoolcache/Python/3.11.16/x64
2026-09-23T08:49:31.6954335Z   PKG_CONFIG_PATH: /opt/hostedtoolcache/Python/3.11.16/x64/lib/pkgconfig
2026-09-23T08:49:31.6954774Z   Python_ROOT_DIR: /opt/hostedtoolcache/Python/3.11.16/x64
2026-09-23T08:49:31.6955161Z   Python2_ROOT_DIR: /opt/hostedtoolcache/Python/3.11.16/x64
2026-09-23T08:49:31.6955577Z   Python3_ROOT_DIR: /opt/hostedtoolcache/Python/3.11.16/x64
2026-09-23T08:49:31.6955986Z   LD_LIBRARY_PATH: /opt/hostedtoolcache/Python/3.11.16/x64/lib
2026-09-23T08:49:31.6956318Z ##[endgroup]
2026-09-23T08:49:31.9236759Z ============================= test session starts ==============================
2026-09-23T08:49:31.9238231Z platform linux -- Python 3.11.16, pytest-9.1.1, pluggy-1.6.0 -- /opt/hostedtoolcache/Python/3.11.16/x64/bin/python
2026-09-23T08:49:31.9239143Z cachedir: .pytest_cache
2026-09-23T08:49:31.9239656Z rootdir: /home/runner/work/log-generation/log-generation
2026-09-23T08:49:31.9240254Z configfile: pytest.ini
2026-09-23T08:49:31.9327194Z collecting ... collected 6 items
2026-09-23T08:49:31.9327617Z 
2026-09-23T08:49:31.9336405Z tests/test_app.py::test_calculate_division PASSED                        [ 16%]
2026-09-23T08:49:31.9343987Z tests/test_app.py::test_convert_to_int PASSED                            [ 33%]
2026-09-23T08:49:31.9351590Z tests/test_app.py::test_get_list_item PASSED                             [ 50%]
2026-09-23T08:49:31.9358700Z tests/test_app.py::test_get_dict_value PASSED                            [ 66%]
2026-09-23T08:49:31.9365378Z tests/test_app.py::test_assert_positive PASSED                           [ 83%]
2026-09-23T08:49:31.9652165Z tests/test_app.py::test_attribute_error FAILED                           [100%]
2026-09-23T08:49:31.9652918Z 
2026-09-23T08:49:31.9653240Z =================================== FAILURES ===================================
2026-09-23T08:49:31.9653922Z _____________________________ test_attribute_error _____________________________
2026-09-23T08:49:31.9654320Z 
2026-09-23T08:49:31.9654463Z     def test_attribute_error():
2026-09-23T08:49:31.9654831Z         """Injected synthetic AttributeError."""
2026-09-23T08:49:31.9655278Z         from src.app import get_object_attribute
2026-09-23T08:49:31.9655689Z >       get_object_attribute(object())
2026-09-23T08:49:31.9655942Z 
2026-09-23T08:49:31.9656065Z tests/test_app.py:139: 
2026-09-23T08:49:31.9656433Z _ _ _ _ _ _ _ _ _ _ _ _ _ _ _ _ _ _ _ _ _ _ _ _ _ _ _ _ _ _ _ _ _ _ _ _ _ _ _ _ 
2026-09-23T08:49:31.9657309Z 
2026-09-23T08:49:31.9657499Z obj = <object object at 0x7fefb232d370>
2026-09-23T08:49:31.9657779Z 
2026-09-23T08:49:31.9657920Z     def get_object_attribute(obj):
2026-09-23T08:49:31.9658291Z >       return obj.non_existent_attribute
2026-09-23T08:49:31.9658658Z                ^^^^^^^^^^^^^^^^^^^^^^^^^^
2026-09-23T08:49:31.9659171Z E       AttributeError: 'object' object has no attribute 'non_existent_attribute'
2026-09-23T08:49:31.9659614Z 
2026-09-23T08:49:31.9659745Z src/app.py:14: AttributeError
2026-09-23T08:49:31.9660150Z =========================== short test summary info ============================
2026-09-23T08:49:31.9661185Z FAILED tests/test_app.py::test_attribute_error - AttributeError: 'object' object has no attribute 'non_existent_attribute'
2026-09-23T08:49:31.9661858Z ========================= 1 failed, 5 passed in 0.03s ==========================
2026-09-23T08:49:31.9843042Z ##[error]Process completed with exit code 1.
2026-09-23T08:49:31.9990016Z Node 20 is being deprecated. This workflow is running with Node 24 by default. If you need to temporarily use Node 20, you can set the ACTIONS_ALLOW_USE_UNSECURE_NODE_VERSION=true environment variable. For more information see: https://github.blog/changelog/2025-09-19-deprecation-of-node-20-on-github-actions-runners/
2026-09-23T08:49:31.9991275Z Post job cleanup.
2026-09-23T08:49:32.0847782Z [command]/usr/bin/git version
2026-09-23T08:49:32.0899860Z git version 2.55.0
2026-09-23T08:49:32.0949010Z Temporarily overriding HOME='/home/runner/work/_temp/f4e5ae45-b99d-4f17-a5a5-5cb85e0f7854' before making global git config changes
2026-09-23T08:49:32.0950681Z Adding repository directory to the temporary git global config as a safe directory
2026-09-23T08:49:32.0955758Z [command]/usr/bin/git config --global --add safe.directory /home/runner/work/log-generation/log-generation
2026-09-23T08:49:32.1001920Z [command]/usr/bin/git config --local --name-only --get-regexp core\.sshCommand
2026-09-23T08:49:32.1045116Z [command]/usr/bin/git submodule foreach --recursive sh -c "git config --local --name-only --get-regexp 'core\.sshCommand' && git config --local --unset-all 'core.sshCommand' || :"
2026-09-23T08:49:32.1300639Z [command]/usr/bin/git config --local --name-only --get-regexp http\.https\:\/\/github\.com\/\.extraheader
2026-09-23T08:49:32.1333580Z http.https://github.com/.extraheader
2026-09-23T08:49:32.1347468Z [command]/usr/bin/git config --local --unset-all http.https://github.com/.extraheader
2026-09-23T08:49:32.1387946Z [command]/usr/bin/git submodule foreach --recursive sh -c "git config --local --name-only --get-regexp 'http\.https\:\/\/github\.com\/\.extraheader' && git config --local --unset-all 'http.https://github.com/.extraheader' || :"
2026-09-23T08:49:32.1657823Z [command]/usr/bin/git config --local --name-only --get-regexp ^includeIf\.gitdir:
2026-09-23T08:49:32.1704806Z [command]/usr/bin/git submodule foreach --recursive git config --local --show-origin --name-only --get-regexp remote.origin.url
2026-09-23T08:49:32.2115707Z Cleaning up orphan processes
2026-09-23T08:49:32.2392382Z ##[warning]Node.js 20 is deprecated. The following actions target Node.js 20 but are being forced to run on Node.js 24: actions/checkout@v4, actions/setup-python@v5. For more information see: https://github.blog/changelog/2025-09-19-deprecation-of-node-20-on-github-actions-runners/
