ï»¿2026-09-23T08:44:47.5291617Z Current runner version: '2.337.0'
2026-09-23T08:44:47.5316604Z ##[group]Runner Image Provisioner
2026-09-23T08:44:47.5317391Z Hosted Compute Agent
2026-09-23T08:44:47.5317973Z Version: 20260828.587
2026-09-23T08:44:47.5318566Z Commit: abac92662cab4cc7352de4f9f9d2e2419aad9c29
2026-09-23T08:44:47.5319250Z Build Date: 2026-08-28T16:44:25Z
2026-09-23T08:44:47.5319951Z Worker ID: {c6ba3a3a-c46b-4b2b-99b9-9062b2602050}
2026-09-23T08:44:47.5320605Z Azure Region: westus3
2026-09-23T08:44:47.5321146Z ##[endgroup]
2026-09-23T08:44:47.5322774Z ##[group]Operating System
2026-09-23T08:44:47.5323337Z Ubuntu
2026-09-23T08:44:47.5324028Z 24.04.5
2026-09-23T08:44:47.5324486Z LTS
2026-09-23T08:44:47.5325227Z ##[endgroup]
2026-09-23T08:44:47.5325770Z ##[group]Runner Image
2026-09-23T08:44:47.5326353Z Image: ubuntu-24.04
2026-09-23T08:44:47.5326883Z Version: 20260907.300.1
2026-09-23T08:44:47.5328022Z Included Software: https://github.com/actions/runner-images/blob/ubuntu24/20260907.300/images/ubuntu/Ubuntu2404-Readme.md
2026-09-23T08:44:47.5329372Z Image Release: https://github.com/actions/runner-images/releases/tag/ubuntu24%2F20260907.300
2026-09-23T08:44:47.5330216Z ##[endgroup]
2026-09-23T08:44:47.5331294Z ##[group]GITHUB_TOKEN Permissions
2026-09-23T08:44:47.5333547Z Contents: read
2026-09-23T08:44:47.5334287Z Metadata: read
2026-09-23T08:44:47.5334787Z Packages: read
2026-09-23T08:44:47.5335286Z ##[endgroup]
2026-09-23T08:44:47.5337398Z Secret source: Actions
2026-09-23T08:44:47.5338244Z Cache mode: write
2026-09-23T08:44:47.5339210Z Prepare workflow directory
2026-09-23T08:44:47.5704724Z Prepare all required actions
2026-09-23T08:44:47.5753245Z Getting action download info
2026-09-23T08:44:47.8796782Z Download action repository 'actions/checkout@v4' (SHA:11d5960a326750d5838078e36cf38b85af677262)
2026-09-23T08:44:48.0156094Z Download action repository 'actions/setup-python@v5' (SHA:a26af69be951a213d495a4c3e4e4022e16d87065)
2026-09-23T08:44:48.1976282Z Complete job name: test-f3 (ValueError #161)
2026-09-23T08:44:48.2662944Z Node 20 is being deprecated. This workflow is running with Node 24 by default. If you need to temporarily use Node 20, you can set the ACTIONS_ALLOW_USE_UNSECURE_NODE_VERSION=true environment variable. For more information see: https://github.blog/changelog/2025-09-19-deprecation-of-node-20-on-github-actions-runners/
2026-09-23T08:44:48.2671715Z ##[group]Run actions/checkout@v4
2026-09-23T08:44:48.2672573Z with:
2026-09-23T08:44:48.2673028Z   fetch-depth: 1
2026-09-23T08:44:48.2673717Z   repository: DhruvHegde/log-generation
2026-09-23T08:44:48.2677558Z   token: ***
2026-09-23T08:44:48.2677990Z   ssh-strict: true
2026-09-23T08:44:48.2678486Z   ssh-user: git
2026-09-23T08:44:48.2679012Z   persist-credentials: true
2026-09-23T08:44:48.2679541Z   clean: true
2026-09-23T08:44:48.2680007Z   sparse-checkout-cone-mode: true
2026-09-23T08:44:48.2680526Z   fetch-tags: false
2026-09-23T08:44:48.2681026Z   show-progress: true
2026-09-23T08:44:48.2681487Z   lfs: false
2026-09-23T08:44:48.2682056Z   submodules: false
2026-09-23T08:44:48.2682537Z   set-safe-directory: true
2026-09-23T08:44:48.2683054Z   allow-unsafe-pr-checkout: false
2026-09-23T08:44:48.2684078Z ##[endgroup]
2026-09-23T08:44:48.3848106Z Syncing repository: DhruvHegde/log-generation
2026-09-23T08:44:48.3851031Z ##[group]Getting Git version info
2026-09-23T08:44:48.3852353Z Working directory is '/home/runner/work/log-generation/log-generation'
2026-09-23T08:44:48.3854329Z [command]/usr/bin/git version
2026-09-23T08:44:48.3874222Z git version 2.55.0
2026-09-23T08:44:48.3894114Z ##[endgroup]
2026-09-23T08:44:48.3910530Z Temporarily overriding HOME='/home/runner/work/_temp/757210a0-731a-4090-9a3a-d91a9d034bc6' before making global git config changes
2026-09-23T08:44:48.3912995Z Adding repository directory to the temporary git global config as a safe directory
2026-09-23T08:44:48.3916713Z [command]/usr/bin/git config --global --add safe.directory /home/runner/work/log-generation/log-generation
2026-09-23T08:44:48.3976920Z Deleting the contents of '/home/runner/work/log-generation/log-generation'
2026-09-23T08:44:48.3978783Z ##[group]Initializing the repository
2026-09-23T08:44:48.3980310Z [command]/usr/bin/git init /home/runner/work/log-generation/log-generation
2026-09-23T08:44:48.4078779Z hint: Using 'master' as the name for the initial branch. This default branch name
2026-09-23T08:44:48.4081013Z hint: will change to "main" in Git 3.0. To configure the initial branch name
2026-09-23T08:44:48.4082949Z hint: to use in all of your new repositories, which will suppress this warning,
2026-09-23T08:44:48.4084531Z hint: call:
2026-09-23T08:44:48.4085498Z hint:
2026-09-23T08:44:48.4086541Z hint: 	git config --global init.defaultBranch <name>
2026-09-23T08:44:48.4087818Z hint:
2026-09-23T08:44:48.4088922Z hint: Names commonly chosen instead of 'master' are 'main', 'trunk' and
2026-09-23T08:44:48.4091038Z hint: 'development'. The just-created branch can be renamed via this command:
2026-09-23T08:44:48.4092513Z hint:
2026-09-23T08:44:48.4093659Z hint: 	git branch -m <name>
2026-09-23T08:44:48.4094646Z hint:
2026-09-23T08:44:48.4095858Z hint: Disable this message with "git config set advice.defaultBranchName false"
2026-09-23T08:44:48.4097167Z Initialized empty Git repository in /home/runner/work/log-generation/log-generation/.git/
2026-09-23T08:44:48.4100434Z [command]/usr/bin/git remote add origin https://github.com/DhruvHegde/log-generation
2026-09-23T08:44:48.4136025Z ##[endgroup]
2026-09-23T08:44:48.4137327Z ##[group]Disabling automatic garbage collection
2026-09-23T08:44:48.4140466Z [command]/usr/bin/git config --local gc.auto 0
2026-09-23T08:44:48.4168239Z ##[endgroup]
2026-09-23T08:44:48.4169450Z ##[group]Setting up auth
2026-09-23T08:44:48.4175493Z [command]/usr/bin/git config --local --name-only --get-regexp core\.sshCommand
2026-09-23T08:44:48.4203793Z [command]/usr/bin/git submodule foreach --recursive sh -c "git config --local --name-only --get-regexp 'core\.sshCommand' && git config --local --unset-all 'core.sshCommand' || :"
2026-09-23T08:44:48.4519845Z [command]/usr/bin/git config --local --name-only --get-regexp http\.https\:\/\/github\.com\/\.extraheader
2026-09-23T08:44:48.4557211Z [command]/usr/bin/git submodule foreach --recursive sh -c "git config --local --name-only --get-regexp 'http\.https\:\/\/github\.com\/\.extraheader' && git config --local --unset-all 'http.https://github.com/.extraheader' || :"
2026-09-23T08:44:48.4765466Z [command]/usr/bin/git config --local --name-only --get-regexp ^includeIf\.gitdir:
2026-09-23T08:44:48.4797519Z [command]/usr/bin/git submodule foreach --recursive git config --local --show-origin --name-only --get-regexp remote.origin.url
2026-09-23T08:44:48.4985801Z [command]/usr/bin/git config --local http.https://github.com/.extraheader AUTHORIZATION: basic ***
2026-09-23T08:44:48.5020352Z ##[endgroup]
2026-09-23T08:44:48.5021567Z ##[group]Fetching the repository
2026-09-23T08:44:48.5030582Z [command]/usr/bin/git -c protocol.version=2 fetch --no-tags --prune --no-recurse-submodules --depth=1 origin +dfcb6f158e4bd8054252a4da5d0a9edc2ab15d57:refs/remotes/origin/feature/f3-test-failures
2026-09-23T08:44:48.9798952Z From https://github.com/DhruvHegde/log-generation
2026-09-23T08:44:48.9800492Z  * [new ref]         dfcb6f158e4bd8054252a4da5d0a9edc2ab15d57 -> origin/feature/f3-test-failures
2026-09-23T08:44:48.9804164Z ##[endgroup]
2026-09-23T08:44:48.9805514Z ##[group]Determining the checkout info
2026-09-23T08:44:48.9807055Z ##[endgroup]
2026-09-23T08:44:48.9813119Z [command]/usr/bin/git sparse-checkout disable
2026-09-23T08:44:48.9866964Z [command]/usr/bin/git config --local --unset-all extensions.worktreeConfig
2026-09-23T08:44:48.9895515Z ##[group]Checking out the ref
2026-09-23T08:44:48.9901049Z [command]/usr/bin/git checkout --progress --force -B feature/f3-test-failures refs/remotes/origin/feature/f3-test-failures
2026-09-23T08:44:48.9967865Z Switched to a new branch 'feature/f3-test-failures'
2026-09-23T08:44:48.9972139Z branch 'feature/f3-test-failures' set up to track 'origin/feature/f3-test-failures'.
2026-09-23T08:44:48.9977196Z ##[endgroup]
2026-09-23T08:44:49.0012397Z [command]/usr/bin/git log -1 --format=%H
2026-09-23T08:44:49.0032580Z dfcb6f158e4bd8054252a4da5d0a9edc2ab15d57
2026-09-23T08:44:49.0270515Z Node 20 is being deprecated. This workflow is running with Node 24 by default. If you need to temporarily use Node 20, you can set the ACTIONS_ALLOW_USE_UNSECURE_NODE_VERSION=true environment variable. For more information see: https://github.blog/changelog/2025-09-19-deprecation-of-node-20-on-github-actions-runners/
2026-09-23T08:44:49.0273135Z ##[group]Run actions/setup-python@v5
2026-09-23T08:44:49.0273727Z with:
2026-09-23T08:44:49.0274085Z   python-version: 3.11
2026-09-23T08:44:49.0274496Z   check-latest: false
2026-09-23T08:44:49.0278082Z   token: ***
2026-09-23T08:44:49.0278473Z   update-environment: true
2026-09-23T08:44:49.0278914Z   allow-prereleases: false
2026-09-23T08:44:49.0279339Z   freethreaded: false
2026-09-23T08:44:49.0279732Z ##[endgroup]
2026-09-23T08:44:49.1609543Z ##[group]Installed versions
2026-09-23T08:44:49.2077563Z (node:2240) [DEP0040] DeprecationWarning: The `punycode` module is deprecated. Please use a userland alternative instead.
2026-09-23T08:44:49.2079922Z Successfully set up CPython (3.11.16)
2026-09-23T08:44:49.2081508Z ##[endgroup]
2026-09-23T08:44:49.2083114Z (Use `node --trace-deprecation ...` to show where the warning was created)
2026-09-23T08:44:49.2267418Z ##[group]Run pip install --no-cache-dir pytest
2026-09-23T08:44:49.2268317Z [36;1mpip install --no-cache-dir pytest[0m
2026-09-23T08:44:49.2352555Z shell: /usr/bin/bash -e {0}
2026-09-23T08:44:49.2353197Z env:
2026-09-23T08:44:49.2353995Z   pythonLocation: /opt/hostedtoolcache/Python/3.11.16/x64
2026-09-23T08:44:49.2354953Z   PKG_CONFIG_PATH: /opt/hostedtoolcache/Python/3.11.16/x64/lib/pkgconfig
2026-09-23T08:44:49.2355840Z   Python_ROOT_DIR: /opt/hostedtoolcache/Python/3.11.16/x64
2026-09-23T08:44:49.2356646Z   Python2_ROOT_DIR: /opt/hostedtoolcache/Python/3.11.16/x64
2026-09-23T08:44:49.2357460Z   Python3_ROOT_DIR: /opt/hostedtoolcache/Python/3.11.16/x64
2026-09-23T08:44:49.2359008Z   LD_LIBRARY_PATH: /opt/hostedtoolcache/Python/3.11.16/x64/lib
2026-09-23T08:44:49.2360491Z ##[endgroup]
2026-09-23T08:44:51.5851254Z Collecting pytest
2026-09-23T08:44:51.6532794Z   Downloading pytest-9.1.1-py3-none-any.whl.metadata (7.6 kB)
2026-09-23T08:44:51.6682234Z Collecting iniconfig>=1.0.1 (from pytest)
2026-09-23T08:44:51.6796808Z   Downloading iniconfig-2.3.0-py3-none-any.whl.metadata (2.5 kB)
2026-09-23T08:44:51.6975453Z Collecting packaging>=22 (from pytest)
2026-09-23T08:44:51.7081632Z   Downloading packaging-26.3-py3-none-any.whl.metadata (3.5 kB)
2026-09-23T08:44:51.7232342Z Collecting pluggy<2,>=1.5 (from pytest)
2026-09-23T08:44:51.7337226Z   Downloading pluggy-1.6.0-py3-none-any.whl.metadata (4.8 kB)
2026-09-23T08:44:51.7547030Z Collecting pygments>=2.7.2 (from pytest)
2026-09-23T08:44:51.7656038Z   Downloading pygments-2.21.0-py3-none-any.whl.metadata (2.5 kB)
2026-09-23T08:44:51.7784050Z Downloading pytest-9.1.1-py3-none-any.whl (386 kB)
2026-09-23T08:44:51.8258775Z Downloading pluggy-1.6.0-py3-none-any.whl (20 kB)
2026-09-23T08:44:51.8363194Z Downloading iniconfig-2.3.0-py3-none-any.whl (7.5 kB)
2026-09-23T08:44:51.8466012Z Downloading packaging-26.3-py3-none-any.whl (129 kB)
2026-09-23T08:44:51.8579564Z Downloading pygments-2.21.0-py3-none-any.whl (1.3 MB)
2026-09-23T08:44:51.8862161Z    ââââââââââââââââââââââââââââââââââââââââ 1.3/1.3 MB 41.8 MB/s  0:00:00
2026-09-23T08:44:52.0361414Z Installing collected packages: pygments, pluggy, packaging, iniconfig, pytest
2026-09-23T08:44:52.8711508Z 
2026-09-23T08:44:52.8721726Z Successfully installed iniconfig-2.3.0 packaging-26.3 pluggy-1.6.0 pygments-2.21.0 pytest-9.1.1
2026-09-23T08:44:52.9355564Z ##[group]Run python automation/inject_mutation.py --error-type "ValueError"
2026-09-23T08:44:52.9356130Z [36;1mpython automation/inject_mutation.py --error-type "ValueError"[0m
2026-09-23T08:44:52.9380242Z shell: /usr/bin/bash -e {0}
2026-09-23T08:44:52.9380503Z env:
2026-09-23T08:44:52.9380781Z   pythonLocation: /opt/hostedtoolcache/Python/3.11.16/x64
2026-09-23T08:44:52.9381385Z   PKG_CONFIG_PATH: /opt/hostedtoolcache/Python/3.11.16/x64/lib/pkgconfig
2026-09-23T08:44:52.9381798Z   Python_ROOT_DIR: /opt/hostedtoolcache/Python/3.11.16/x64
2026-09-23T08:44:52.9382170Z   Python2_ROOT_DIR: /opt/hostedtoolcache/Python/3.11.16/x64
2026-09-23T08:44:52.9382551Z   Python3_ROOT_DIR: /opt/hostedtoolcache/Python/3.11.16/x64
2026-09-23T08:44:52.9382928Z   LD_LIBRARY_PATH: /opt/hostedtoolcache/Python/3.11.16/x64/lib
2026-09-23T08:44:52.9383248Z ##[endgroup]
2026-09-23T08:44:52.9650698Z [Mutation Injected] Successfully injected ValueError into tests/test_app.py
2026-09-23T08:44:52.9720751Z ##[group]Run pytest tests/test_app.py -v
2026-09-23T08:44:52.9721121Z [36;1mpytest tests/test_app.py -v[0m
2026-09-23T08:44:52.9744697Z shell: /usr/bin/bash -e {0}
2026-09-23T08:44:52.9744979Z env:
2026-09-23T08:44:52.9745251Z   pythonLocation: /opt/hostedtoolcache/Python/3.11.16/x64
2026-09-23T08:44:52.9745679Z   PKG_CONFIG_PATH: /opt/hostedtoolcache/Python/3.11.16/x64/lib/pkgconfig
2026-09-23T08:44:52.9746106Z   Python_ROOT_DIR: /opt/hostedtoolcache/Python/3.11.16/x64
2026-09-23T08:44:52.9746473Z   Python2_ROOT_DIR: /opt/hostedtoolcache/Python/3.11.16/x64
2026-09-23T08:44:52.9746839Z   Python3_ROOT_DIR: /opt/hostedtoolcache/Python/3.11.16/x64
2026-09-23T08:44:52.9747211Z   LD_LIBRARY_PATH: /opt/hostedtoolcache/Python/3.11.16/x64/lib
2026-09-23T08:44:52.9747528Z ##[endgroup]
2026-09-23T08:44:53.3115321Z ============================= test session starts ==============================
2026-09-23T08:44:53.3117344Z platform linux -- Python 3.11.16, pytest-9.1.1, pluggy-1.6.0 -- /opt/hostedtoolcache/Python/3.11.16/x64/bin/python
2026-09-23T08:44:53.3118206Z cachedir: .pytest_cache
2026-09-23T08:44:53.3118711Z rootdir: /home/runner/work/log-generation/log-generation
2026-09-23T08:44:53.3119267Z configfile: pytest.ini
2026-09-23T08:44:53.3195918Z collecting ... collected 6 items
2026-09-23T08:44:53.3196213Z 
2026-09-23T08:44:53.3203289Z tests/test_app.py::test_calculate_division PASSED                        [ 16%]
2026-09-23T08:44:53.3209209Z tests/test_app.py::test_convert_to_int PASSED                            [ 33%]
2026-09-23T08:44:53.3215335Z tests/test_app.py::test_get_list_item PASSED                             [ 50%]
2026-09-23T08:44:53.3220844Z tests/test_app.py::test_get_dict_value PASSED                            [ 66%]
2026-09-23T08:44:53.3226431Z tests/test_app.py::test_assert_positive PASSED                           [ 83%]
2026-09-23T08:44:53.3468886Z tests/test_app.py::test_value_error FAILED                               [100%]
2026-09-23T08:44:53.3469615Z 
2026-09-23T08:44:53.3469924Z =================================== FAILURES ===================================
2026-09-23T08:44:53.3470721Z _______________________________ test_value_error _______________________________
2026-09-23T08:44:53.3471229Z 
2026-09-23T08:44:53.3471377Z     def test_value_error():
2026-09-23T08:44:53.3471732Z         """Injected synthetic ValueError."""
2026-09-23T08:44:53.3472163Z         from src.app import convert_to_int
2026-09-23T08:44:53.3472612Z >       convert_to_int("unparseable_alphanumeric_0x99")
2026-09-23T08:44:53.3472924Z 
2026-09-23T08:44:53.3473125Z tests/test_app.py:137: 
2026-09-23T08:44:53.3473886Z _ _ _ _ _ _ _ _ _ _ _ _ _ _ _ _ _ _ _ _ _ _ _ _ _ _ _ _ _ _ _ _ _ _ _ _ _ _ _ _ 
2026-09-23T08:44:53.3474215Z 
2026-09-23T08:44:53.3474380Z val = 'unparseable_alphanumeric_0x99'
2026-09-23T08:44:53.3474687Z 
2026-09-23T08:44:53.3474840Z     def convert_to_int(val):
2026-09-23T08:44:53.3475181Z >       return int(val)
2026-09-23T08:44:53.3475474Z                ^^^^^^^^
2026-09-23T08:44:53.3475975Z E       ValueError: invalid literal for int() with base 10: 'unparseable_alphanumeric_0x99'
2026-09-23T08:44:53.3476438Z 
2026-09-23T08:44:53.3476570Z src/app.py:5: ValueError
2026-09-23T08:44:53.3476974Z =========================== short test summary info ============================
2026-09-23T08:44:53.3477893Z FAILED tests/test_app.py::test_value_error - ValueError: invalid literal for int() with base 10: 'unparseable_alphanumeric_0x99'
2026-09-23T08:44:53.3479116Z ========================= 1 failed, 5 passed in 0.03s ==========================
2026-09-23T08:44:53.3690959Z ##[error]Process completed with exit code 1.
2026-09-23T08:44:53.3821767Z Node 20 is being deprecated. This workflow is running with Node 24 by default. If you need to temporarily use Node 20, you can set the ACTIONS_ALLOW_USE_UNSECURE_NODE_VERSION=true environment variable. For more information see: https://github.blog/changelog/2025-09-19-deprecation-of-node-20-on-github-actions-runners/
2026-09-23T08:44:53.3822903Z Post job cleanup.
2026-09-23T08:44:53.4674957Z [command]/usr/bin/git version
2026-09-23T08:44:53.4714703Z git version 2.55.0
2026-09-23T08:44:53.4747422Z Temporarily overriding HOME='/home/runner/work/_temp/5a7d4dce-190f-44ef-afc4-7837c7a2ce51' before making global git config changes
2026-09-23T08:44:53.4748993Z Adding repository directory to the temporary git global config as a safe directory
2026-09-23T08:44:53.4754183Z [command]/usr/bin/git config --global --add safe.directory /home/runner/work/log-generation/log-generation
2026-09-23T08:44:53.4792869Z [command]/usr/bin/git config --local --name-only --get-regexp core\.sshCommand
2026-09-23T08:44:53.4825294Z [command]/usr/bin/git submodule foreach --recursive sh -c "git config --local --name-only --get-regexp 'core\.sshCommand' && git config --local --unset-all 'core.sshCommand' || :"
2026-09-23T08:44:53.5032028Z [command]/usr/bin/git config --local --name-only --get-regexp http\.https\:\/\/github\.com\/\.extraheader
2026-09-23T08:44:53.5064552Z http.https://github.com/.extraheader
2026-09-23T08:44:53.5077070Z [command]/usr/bin/git config --local --unset-all http.https://github.com/.extraheader
2026-09-23T08:44:53.5110099Z [command]/usr/bin/git submodule foreach --recursive sh -c "git config --local --name-only --get-regexp 'http\.https\:\/\/github\.com\/\.extraheader' && git config --local --unset-all 'http.https://github.com/.extraheader' || :"
2026-09-23T08:44:53.5377353Z [command]/usr/bin/git config --local --name-only --get-regexp ^includeIf\.gitdir:
2026-09-23T08:44:53.5430059Z [command]/usr/bin/git submodule foreach --recursive git config --local --show-origin --name-only --get-regexp remote.origin.url
2026-09-23T08:44:53.5888415Z Cleaning up orphan processes
2026-09-23T08:44:53.6107611Z ##[warning]Node.js 20 is deprecated. The following actions target Node.js 20 but are being forced to run on Node.js 24: actions/checkout@v4, actions/setup-python@v5. For more information see: https://github.blog/changelog/2025-09-19-deprecation-of-node-20-on-github-actions-runners/
