ï»¿2026-09-23T08:49:10.7635789Z Current runner version: '2.337.0'
2026-09-23T08:49:10.7662491Z ##[group]Runner Image Provisioner
2026-09-23T08:49:10.7663497Z Hosted Compute Agent
2026-09-23T08:49:10.7664105Z Version: 20260828.587
2026-09-23T08:49:10.7664746Z Commit: abac92662cab4cc7352de4f9f9d2e2419aad9c29
2026-09-23T08:49:10.7665596Z Build Date: 2026-08-28T16:44:25Z
2026-09-23T08:49:10.7666401Z Worker ID: {2d794099-2eef-4726-bb0a-d80843533e47}
2026-09-23T08:49:10.7667458Z Azure Region: eastus
2026-09-23T08:49:10.7668048Z ##[endgroup]
2026-09-23T08:49:10.7669640Z ##[group]Operating System
2026-09-23T08:49:10.7670395Z Ubuntu
2026-09-23T08:49:10.7671572Z 24.04.5
2026-09-23T08:49:10.7672192Z LTS
2026-09-23T08:49:10.7672735Z ##[endgroup]
2026-09-23T08:49:10.7673387Z ##[group]Runner Image
2026-09-23T08:49:10.7674012Z Image: ubuntu-24.04
2026-09-23T08:49:10.7674570Z Version: 20260920.314.1
2026-09-23T08:49:10.7675960Z Included Software: https://github.com/actions/runner-images/blob/ubuntu24/20260920.314/images/ubuntu/Ubuntu2404-Readme.md
2026-09-23T08:49:10.7677826Z Image Release: https://github.com/actions/runner-images/releases/tag/ubuntu24%2F20260920.314
2026-09-23T08:49:10.7678839Z ##[endgroup]
2026-09-23T08:49:10.7680254Z ##[group]GITHUB_TOKEN Permissions
2026-09-23T08:49:10.7682474Z Contents: read
2026-09-23T08:49:10.7683080Z Metadata: read
2026-09-23T08:49:10.7683787Z Packages: read
2026-09-23T08:49:10.7684354Z ##[endgroup]
2026-09-23T08:49:10.7687354Z Secret source: Actions
2026-09-23T08:49:10.7688316Z Cache mode: write
2026-09-23T08:49:10.7689515Z Prepare workflow directory
2026-09-23T08:49:10.8040570Z Prepare all required actions
2026-09-23T08:49:10.8091784Z Getting action download info
2026-09-23T08:49:11.0337256Z Download action repository 'actions/checkout@v4' (SHA:11d5960a326750d5838078e36cf38b85af677262)
2026-09-23T08:49:11.1541935Z Download action repository 'actions/setup-python@v5' (SHA:a26af69be951a213d495a4c3e4e4022e16d87065)
2026-09-23T08:49:11.3472335Z Complete job name: test-f3 (AssertionError #118)
2026-09-23T08:49:11.4261490Z Node 20 is being deprecated. This workflow is running with Node 24 by default. If you need to temporarily use Node 20, you can set the ACTIONS_ALLOW_USE_UNSECURE_NODE_VERSION=true environment variable. For more information see: https://github.blog/changelog/2025-09-19-deprecation-of-node-20-on-github-actions-runners/
2026-09-23T08:49:11.4270530Z ##[group]Run actions/checkout@v4
2026-09-23T08:49:11.4271287Z with:
2026-09-23T08:49:11.4271729Z   fetch-depth: 1
2026-09-23T08:49:11.4272228Z   repository: DhruvHegde/log-generation
2026-09-23T08:49:11.4276351Z   token: ***
2026-09-23T08:49:11.4277095Z   ssh-strict: true
2026-09-23T08:49:11.4277553Z   ssh-user: git
2026-09-23T08:49:11.4278004Z   persist-credentials: true
2026-09-23T08:49:11.4278501Z   clean: true
2026-09-23T08:49:11.4278960Z   sparse-checkout-cone-mode: true
2026-09-23T08:49:11.4279491Z   fetch-tags: false
2026-09-23T08:49:11.4279963Z   show-progress: true
2026-09-23T08:49:11.4280431Z   lfs: false
2026-09-23T08:49:11.4280900Z   submodules: false
2026-09-23T08:49:11.4281379Z   set-safe-directory: true
2026-09-23T08:49:11.4281895Z   allow-unsafe-pr-checkout: false
2026-09-23T08:49:11.4282755Z ##[endgroup]
2026-09-23T08:49:11.5336149Z Syncing repository: DhruvHegde/log-generation
2026-09-23T08:49:11.5339231Z ##[group]Getting Git version info
2026-09-23T08:49:11.5340498Z Working directory is '/home/runner/work/log-generation/log-generation'
2026-09-23T08:49:11.5342331Z [command]/usr/bin/git version
2026-09-23T08:49:11.5408468Z git version 2.55.0
2026-09-23T08:49:11.5433340Z ##[endgroup]
2026-09-23T08:49:11.5454753Z Temporarily overriding HOME='/home/runner/work/_temp/c7d50d41-be97-4cd5-bfd7-e32b09028a9a' before making global git config changes
2026-09-23T08:49:11.5460462Z Adding repository directory to the temporary git global config as a safe directory
2026-09-23T08:49:11.5462430Z [command]/usr/bin/git config --global --add safe.directory /home/runner/work/log-generation/log-generation
2026-09-23T08:49:11.5526896Z Deleting the contents of '/home/runner/work/log-generation/log-generation'
2026-09-23T08:49:11.5531522Z ##[group]Initializing the repository
2026-09-23T08:49:11.5538821Z [command]/usr/bin/git init /home/runner/work/log-generation/log-generation
2026-09-23T08:49:11.5659192Z hint: Using 'master' as the name for the initial branch. This default branch name
2026-09-23T08:49:11.5661124Z hint: will change to "main" in Git 3.0. To configure the initial branch name
2026-09-23T08:49:11.5663391Z hint: to use in all of your new repositories, which will suppress this warning,
2026-09-23T08:49:11.5664968Z hint: call:
2026-09-23T08:49:11.5665975Z hint:
2026-09-23T08:49:11.5668331Z hint: 	git config --global init.defaultBranch <name>
2026-09-23T08:49:11.5669418Z hint:
2026-09-23T08:49:11.5670385Z hint: Names commonly chosen instead of 'master' are 'main', 'trunk' and
2026-09-23T08:49:11.5671978Z hint: 'development'. The just-created branch can be renamed via this command:
2026-09-23T08:49:11.5673179Z hint:
2026-09-23T08:49:11.5673879Z hint: 	git branch -m <name>
2026-09-23T08:49:11.5674633Z hint:
2026-09-23T08:49:11.5675639Z hint: Disable this message with "git config set advice.defaultBranchName false"
2026-09-23T08:49:11.5677890Z Initialized empty Git repository in /home/runner/work/log-generation/log-generation/.git/
2026-09-23T08:49:11.5681011Z [command]/usr/bin/git remote add origin https://github.com/DhruvHegde/log-generation
2026-09-23T08:49:11.5728065Z ##[endgroup]
2026-09-23T08:49:11.5728929Z ##[group]Disabling automatic garbage collection
2026-09-23T08:49:11.5733518Z [command]/usr/bin/git config --local gc.auto 0
2026-09-23T08:49:11.5768545Z ##[endgroup]
2026-09-23T08:49:11.5769322Z ##[group]Setting up auth
2026-09-23T08:49:11.5777855Z [command]/usr/bin/git config --local --name-only --get-regexp core\.sshCommand
2026-09-23T08:49:11.5827720Z [command]/usr/bin/git submodule foreach --recursive sh -c "git config --local --name-only --get-regexp 'core\.sshCommand' && git config --local --unset-all 'core.sshCommand' || :"
2026-09-23T08:49:11.6239907Z [command]/usr/bin/git config --local --name-only --get-regexp http\.https\:\/\/github\.com\/\.extraheader
2026-09-23T08:49:11.6285594Z [command]/usr/bin/git submodule foreach --recursive sh -c "git config --local --name-only --get-regexp 'http\.https\:\/\/github\.com\/\.extraheader' && git config --local --unset-all 'http.https://github.com/.extraheader' || :"
2026-09-23T08:49:11.6536090Z [command]/usr/bin/git config --local --name-only --get-regexp ^includeIf\.gitdir:
2026-09-23T08:49:11.6580392Z [command]/usr/bin/git submodule foreach --recursive git config --local --show-origin --name-only --get-regexp remote.origin.url
2026-09-23T08:49:11.6816372Z [command]/usr/bin/git config --local http.https://github.com/.extraheader AUTHORIZATION: basic ***
2026-09-23T08:49:11.6859307Z ##[endgroup]
2026-09-23T08:49:11.6860178Z ##[group]Fetching the repository
2026-09-23T08:49:11.6869766Z [command]/usr/bin/git -c protocol.version=2 fetch --no-tags --prune --no-recurse-submodules --depth=1 origin +43f20917de93b9aad51cf79a69ad5239c5632917:refs/remotes/origin/feature/f3-test-failures
2026-09-23T08:49:11.9149909Z From https://github.com/DhruvHegde/log-generation
2026-09-23T08:49:11.9153759Z  * [new ref]         43f20917de93b9aad51cf79a69ad5239c5632917 -> origin/feature/f3-test-failures
2026-09-23T08:49:11.9157794Z ##[endgroup]
2026-09-23T08:49:11.9159612Z ##[group]Determining the checkout info
2026-09-23T08:49:11.9161549Z ##[endgroup]
2026-09-23T08:49:11.9166923Z [command]/usr/bin/git sparse-checkout disable
2026-09-23T08:49:11.9231926Z [command]/usr/bin/git config --local --unset-all extensions.worktreeConfig
2026-09-23T08:49:11.9269595Z ##[group]Checking out the ref
2026-09-23T08:49:11.9275779Z [command]/usr/bin/git checkout --progress --force -B feature/f3-test-failures refs/remotes/origin/feature/f3-test-failures
2026-09-23T08:49:11.9697732Z Switched to a new branch 'feature/f3-test-failures'
2026-09-23T08:49:11.9703361Z branch 'feature/f3-test-failures' set up to track 'origin/feature/f3-test-failures'.
2026-09-23T08:49:11.9712010Z ##[endgroup]
2026-09-23T08:49:11.9761062Z [command]/usr/bin/git log -1 --format=%H
2026-09-23T08:49:11.9791350Z 43f20917de93b9aad51cf79a69ad5239c5632917
2026-09-23T08:49:12.0074726Z Node 20 is being deprecated. This workflow is running with Node 24 by default. If you need to temporarily use Node 20, you can set the ACTIONS_ALLOW_USE_UNSECURE_NODE_VERSION=true environment variable. For more information see: https://github.blog/changelog/2025-09-19-deprecation-of-node-20-on-github-actions-runners/
2026-09-23T08:49:12.0078041Z ##[group]Run actions/setup-python@v5
2026-09-23T08:49:12.0078652Z with:
2026-09-23T08:49:12.0079115Z   python-version: 3.11
2026-09-23T08:49:12.0079654Z   check-latest: false
2026-09-23T08:49:12.0083680Z   token: ***
2026-09-23T08:49:12.0084183Z   update-environment: true
2026-09-23T08:49:12.0084745Z   allow-prereleases: false
2026-09-23T08:49:12.0085294Z   freethreaded: false
2026-09-23T08:49:12.0085798Z ##[endgroup]
2026-09-23T08:49:12.1504748Z ##[group]Installed versions
2026-09-23T08:49:12.1608047Z (node:2227) [DEP0040] DeprecationWarning: The `punycode` module is deprecated. Please use a userland alternative instead.
2026-09-23T08:49:12.1610024Z (Use `node --trace-deprecation ...` to show where the warning was created)
2026-09-23T08:49:12.1611461Z Successfully set up CPython (3.11.16)
2026-09-23T08:49:12.1612899Z ##[endgroup]
2026-09-23T08:49:12.1829735Z ##[group]Run pip install --no-cache-dir pytest
2026-09-23T08:49:12.1830632Z [36;1mpip install --no-cache-dir pytest[0m
2026-09-23T08:49:12.2155540Z shell: /usr/bin/bash -e {0}
2026-09-23T08:49:12.2156170Z env:
2026-09-23T08:49:12.2156964Z   pythonLocation: /opt/hostedtoolcache/Python/3.11.16/x64
2026-09-23T08:49:12.2157858Z   PKG_CONFIG_PATH: /opt/hostedtoolcache/Python/3.11.16/x64/lib/pkgconfig
2026-09-23T08:49:12.2158715Z   Python_ROOT_DIR: /opt/hostedtoolcache/Python/3.11.16/x64
2026-09-23T08:49:12.2159478Z   Python2_ROOT_DIR: /opt/hostedtoolcache/Python/3.11.16/x64
2026-09-23T08:49:12.2160271Z   Python3_ROOT_DIR: /opt/hostedtoolcache/Python/3.11.16/x64
2026-09-23T08:49:12.2161086Z   LD_LIBRARY_PATH: /opt/hostedtoolcache/Python/3.11.16/x64/lib
2026-09-23T08:49:12.2161763Z ##[endgroup]
2026-09-23T08:49:13.1311439Z Collecting pytest
2026-09-23T08:49:13.1868901Z   Downloading pytest-9.1.1-py3-none-any.whl.metadata (7.6 kB)
2026-09-23T08:49:13.1968398Z Collecting iniconfig>=1.0.1 (from pytest)
2026-09-23T08:49:13.2010276Z   Downloading iniconfig-2.3.0-py3-none-any.whl.metadata (2.5 kB)
2026-09-23T08:49:13.2134583Z Collecting packaging>=22 (from pytest)
2026-09-23T08:49:13.2174781Z   Downloading packaging-26.3-py3-none-any.whl.metadata (3.5 kB)
2026-09-23T08:49:13.2268787Z Collecting pluggy<2,>=1.5 (from pytest)
2026-09-23T08:49:13.2309203Z   Downloading pluggy-1.6.0-py3-none-any.whl.metadata (4.8 kB)
2026-09-23T08:49:13.2459149Z Collecting pygments>=2.7.2 (from pytest)
2026-09-23T08:49:13.2501455Z   Downloading pygments-2.21.0-py3-none-any.whl.metadata (2.5 kB)
2026-09-23T08:49:13.2570312Z Downloading pytest-9.1.1-py3-none-any.whl (386 kB)
2026-09-23T08:49:13.2816901Z Downloading pluggy-1.6.0-py3-none-any.whl (20 kB)
2026-09-23T08:49:13.2856224Z Downloading iniconfig-2.3.0-py3-none-any.whl (7.5 kB)
2026-09-23T08:49:13.2897959Z Downloading packaging-26.3-py3-none-any.whl (129 kB)
2026-09-23T08:49:13.2950710Z Downloading pygments-2.21.0-py3-none-any.whl (1.3 MB)
2026-09-23T08:49:13.3058553Z    ââââââââââââââââââââââââââââââââââââââââ 1.3/1.3 MB 166.9 MB/s  0:00:00
2026-09-23T08:49:13.3787268Z Installing collected packages: pygments, pluggy, packaging, iniconfig, pytest
2026-09-23T08:49:14.4468951Z 
2026-09-23T08:49:14.4478762Z Successfully installed iniconfig-2.3.0 packaging-26.3 pluggy-1.6.0 pygments-2.21.0 pytest-9.1.1
2026-09-23T08:49:14.5183831Z ##[group]Run python automation/inject_mutation.py --error-type "AssertionError"
2026-09-23T08:49:14.5184594Z [36;1mpython automation/inject_mutation.py --error-type "AssertionError"[0m
2026-09-23T08:49:14.5253689Z shell: /usr/bin/bash -e {0}
2026-09-23T08:49:14.5254047Z env:
2026-09-23T08:49:14.5254650Z   pythonLocation: /opt/hostedtoolcache/Python/3.11.16/x64
2026-09-23T08:49:14.5255168Z   PKG_CONFIG_PATH: /opt/hostedtoolcache/Python/3.11.16/x64/lib/pkgconfig
2026-09-23T08:49:14.5255676Z   Python_ROOT_DIR: /opt/hostedtoolcache/Python/3.11.16/x64
2026-09-23T08:49:14.5256122Z   Python2_ROOT_DIR: /opt/hostedtoolcache/Python/3.11.16/x64
2026-09-23T08:49:14.5256894Z   Python3_ROOT_DIR: /opt/hostedtoolcache/Python/3.11.16/x64
2026-09-23T08:49:14.5257364Z   LD_LIBRARY_PATH: /opt/hostedtoolcache/Python/3.11.16/x64/lib
2026-09-23T08:49:14.5257791Z ##[endgroup]
2026-09-23T08:49:14.5617562Z [Mutation Injected] Successfully injected AssertionError into tests/test_app.py
2026-09-23T08:49:14.5705196Z ##[group]Run pytest tests/test_app.py -v
2026-09-23T08:49:14.5705679Z [36;1mpytest tests/test_app.py -v[0m
2026-09-23T08:49:14.5775203Z shell: /usr/bin/bash -e {0}
2026-09-23T08:49:14.5775541Z env:
2026-09-23T08:49:14.5775871Z   pythonLocation: /opt/hostedtoolcache/Python/3.11.16/x64
2026-09-23T08:49:14.5776370Z   PKG_CONFIG_PATH: /opt/hostedtoolcache/Python/3.11.16/x64/lib/pkgconfig
2026-09-23T08:49:14.5777263Z   Python_ROOT_DIR: /opt/hostedtoolcache/Python/3.11.16/x64
2026-09-23T08:49:14.5777714Z   Python2_ROOT_DIR: /opt/hostedtoolcache/Python/3.11.16/x64
2026-09-23T08:49:14.5778162Z   Python3_ROOT_DIR: /opt/hostedtoolcache/Python/3.11.16/x64
2026-09-23T08:49:14.5778608Z   LD_LIBRARY_PATH: /opt/hostedtoolcache/Python/3.11.16/x64/lib
2026-09-23T08:49:14.5779009Z ##[endgroup]
2026-09-23T08:49:14.9019657Z ============================= test session starts ==============================
2026-09-23T08:49:14.9021141Z platform linux -- Python 3.11.16, pytest-9.1.1, pluggy-1.6.0 -- /opt/hostedtoolcache/Python/3.11.16/x64/bin/python
2026-09-23T08:49:14.9022259Z cachedir: .pytest_cache
2026-09-23T08:49:14.9022964Z rootdir: /home/runner/work/log-generation/log-generation
2026-09-23T08:49:14.9023748Z configfile: pytest.ini
2026-09-23T08:49:14.9123085Z collecting ... collected 6 items
2026-09-23T08:49:14.9123613Z 
2026-09-23T08:49:14.9132755Z tests/test_app.py::test_calculate_division PASSED                        [ 16%]
2026-09-23T08:49:14.9140872Z tests/test_app.py::test_convert_to_int PASSED                            [ 33%]
2026-09-23T08:49:14.9148823Z tests/test_app.py::test_get_list_item PASSED                             [ 50%]
2026-09-23T08:49:14.9156099Z tests/test_app.py::test_get_dict_value PASSED                            [ 66%]
2026-09-23T08:49:14.9163498Z tests/test_app.py::test_assert_positive PASSED                           [ 83%]
2026-09-23T08:49:14.9470692Z tests/test_app.py::test_assertion_failure FAILED                         [100%]
2026-09-23T08:49:14.9471350Z 
2026-09-23T08:49:14.9471631Z =================================== FAILURES ===================================
2026-09-23T08:49:14.9472260Z ____________________________ test_assertion_failure ____________________________
2026-09-23T08:49:14.9472666Z 
2026-09-23T08:49:14.9472812Z     def test_assertion_failure():
2026-09-23T08:49:14.9473226Z         """Injected synthetic AssertionError."""
2026-09-23T08:49:14.9473682Z         expected_status = 200
2026-09-23T08:49:14.9474032Z         actual_status = 500
2026-09-23T08:49:14.9474686Z >       assert actual_status == expected_status, f"Expected {expected_status}, received {actual_status}"
2026-09-23T08:49:14.9475439Z E       AssertionError: Expected 200, received 500
2026-09-23T08:49:14.9475863Z E       assert 500 == 200
2026-09-23T08:49:14.9476071Z 
2026-09-23T08:49:14.9476224Z tests/test_app.py:140: AssertionError
2026-09-23T08:49:14.9477150Z =========================== short test summary info ============================
2026-09-23T08:49:14.9477944Z FAILED tests/test_app.py::test_assertion_failure - AssertionError: Expected 200, received 500
2026-09-23T08:49:14.9478538Z assert 500 == 200
2026-09-23T08:49:14.9478883Z ========================= 1 failed, 5 passed in 0.03s ==========================
2026-09-23T08:49:14.9694420Z ##[error]Process completed with exit code 1.
2026-09-23T08:49:14.9844035Z Node 20 is being deprecated. This workflow is running with Node 24 by default. If you need to temporarily use Node 20, you can set the ACTIONS_ALLOW_USE_UNSECURE_NODE_VERSION=true environment variable. For more information see: https://github.blog/changelog/2025-09-19-deprecation-of-node-20-on-github-actions-runners/
2026-09-23T08:49:14.9845501Z Post job cleanup.
2026-09-23T08:49:15.0736628Z [command]/usr/bin/git version
2026-09-23T08:49:15.0785932Z git version 2.55.0
2026-09-23T08:49:15.0838070Z Temporarily overriding HOME='/home/runner/work/_temp/58046019-f445-4f12-ab2b-bc866d8aff20' before making global git config changes
2026-09-23T08:49:15.0839733Z Adding repository directory to the temporary git global config as a safe directory
2026-09-23T08:49:15.0841408Z [command]/usr/bin/git config --global --add safe.directory /home/runner/work/log-generation/log-generation
2026-09-23T08:49:15.0887249Z [command]/usr/bin/git config --local --name-only --get-regexp core\.sshCommand
2026-09-23T08:49:15.0927263Z [command]/usr/bin/git submodule foreach --recursive sh -c "git config --local --name-only --get-regexp 'core\.sshCommand' && git config --local --unset-all 'core.sshCommand' || :"
2026-09-23T08:49:15.1218683Z [command]/usr/bin/git config --local --name-only --get-regexp http\.https\:\/\/github\.com\/\.extraheader
2026-09-23T08:49:15.1250231Z http.https://github.com/.extraheader
2026-09-23T08:49:15.1268040Z [command]/usr/bin/git config --local --unset-all http.https://github.com/.extraheader
2026-09-23T08:49:15.1304472Z [command]/usr/bin/git submodule foreach --recursive sh -c "git config --local --name-only --get-regexp 'http\.https\:\/\/github\.com\/\.extraheader' && git config --local --unset-all 'http.https://github.com/.extraheader' || :"
2026-09-23T08:49:15.1614780Z [command]/usr/bin/git config --local --name-only --get-regexp ^includeIf\.gitdir:
2026-09-23T08:49:15.1654135Z [command]/usr/bin/git submodule foreach --recursive git config --local --show-origin --name-only --get-regexp remote.origin.url
2026-09-23T08:49:15.2076246Z Cleaning up orphan processes
2026-09-23T08:49:15.2367910Z ##[warning]Node.js 20 is deprecated. The following actions target Node.js 20 but are being forced to run on Node.js 24: actions/checkout@v4, actions/setup-python@v5. For more information see: https://github.blog/changelog/2025-09-19-deprecation-of-node-20-on-github-actions-runners/
