ï»¿2026-09-23T08:45:50.8642230Z Current runner version: '2.337.0'
2026-09-23T08:45:50.8668696Z ##[group]Runner Image Provisioner
2026-09-23T08:45:50.8669646Z Hosted Compute Agent
2026-09-23T08:45:50.8670265Z Version: 20260828.587
2026-09-23T08:45:50.8671002Z Commit: abac92662cab4cc7352de4f9f9d2e2419aad9c29
2026-09-23T08:45:50.8671801Z Build Date: 2026-08-28T16:44:25Z
2026-09-23T08:45:50.8672500Z Worker ID: {241264ab-1986-44f0-bce8-fabc19ce1be7}
2026-09-23T08:45:50.8673388Z Azure Region: westcentralus
2026-09-23T08:45:50.8674066Z ##[endgroup]
2026-09-23T08:45:50.8676282Z ##[group]Operating System
2026-09-23T08:45:50.8676999Z Ubuntu
2026-09-23T08:45:50.8677524Z 24.04.5
2026-09-23T08:45:50.8678134Z LTS
2026-09-23T08:45:50.8678668Z ##[endgroup]
2026-09-23T08:45:50.8679595Z ##[group]Runner Image
2026-09-23T08:45:50.8680296Z Image: ubuntu-24.04
2026-09-23T08:45:50.8680879Z Version: 20260907.300.1
2026-09-23T08:45:50.8682221Z Included Software: https://github.com/actions/runner-images/blob/ubuntu24/20260907.300/images/ubuntu/Ubuntu2404-Readme.md
2026-09-23T08:45:50.8683824Z Image Release: https://github.com/actions/runner-images/releases/tag/ubuntu24%2F20260907.300
2026-09-23T08:45:50.8685088Z ##[endgroup]
2026-09-23T08:45:50.8686404Z ##[group]GITHUB_TOKEN Permissions
2026-09-23T08:45:50.8688576Z Contents: read
2026-09-23T08:45:50.8689223Z Metadata: read
2026-09-23T08:45:50.8689936Z Packages: read
2026-09-23T08:45:50.8690507Z ##[endgroup]
2026-09-23T08:45:50.8692616Z Secret source: Actions
2026-09-23T08:45:50.8693591Z Cache mode: write
2026-09-23T08:45:50.8695021Z Prepare workflow directory
2026-09-23T08:45:50.9036650Z Prepare all required actions
2026-09-23T08:45:50.9084962Z Getting action download info
2026-09-23T08:45:51.2379293Z Download action repository 'actions/checkout@v4' (SHA:11d5960a326750d5838078e36cf38b85af677262)
2026-09-23T08:45:51.3566459Z Download action repository 'actions/setup-python@v5' (SHA:a26af69be951a213d495a4c3e4e4022e16d87065)
2026-09-23T08:45:51.5403436Z Complete job name: test-f3 (IndexError #241)
2026-09-23T08:45:51.6196322Z Node 20 is being deprecated. This workflow is running with Node 24 by default. If you need to temporarily use Node 20, you can set the ACTIONS_ALLOW_USE_UNSECURE_NODE_VERSION=true environment variable. For more information see: https://github.blog/changelog/2025-09-19-deprecation-of-node-20-on-github-actions-runners/
2026-09-23T08:45:51.6205353Z ##[group]Run actions/checkout@v4
2026-09-23T08:45:51.6206130Z with:
2026-09-23T08:45:51.6206576Z   fetch-depth: 1
2026-09-23T08:45:51.6207081Z   repository: DhruvHegde/log-generation
2026-09-23T08:45:51.6210775Z   token: ***
2026-09-23T08:45:51.6211232Z   ssh-strict: true
2026-09-23T08:45:51.6211694Z   ssh-user: git
2026-09-23T08:45:51.6212160Z   persist-credentials: true
2026-09-23T08:45:51.6212679Z   clean: true
2026-09-23T08:45:51.6213142Z   sparse-checkout-cone-mode: true
2026-09-23T08:45:51.6213681Z   fetch-tags: false
2026-09-23T08:45:51.6214143Z   show-progress: true
2026-09-23T08:45:51.6214792Z   lfs: false
2026-09-23T08:45:51.6215262Z   submodules: false
2026-09-23T08:45:51.6215748Z   set-safe-directory: true
2026-09-23T08:45:51.6216278Z   allow-unsafe-pr-checkout: false
2026-09-23T08:45:51.6217071Z ##[endgroup]
2026-09-23T08:45:51.7245280Z Syncing repository: DhruvHegde/log-generation
2026-09-23T08:45:51.7247397Z ##[group]Getting Git version info
2026-09-23T08:45:51.7248427Z Working directory is '/home/runner/work/log-generation/log-generation'
2026-09-23T08:45:51.7250403Z [command]/usr/bin/git version
2026-09-23T08:45:51.7360999Z git version 2.55.0
2026-09-23T08:45:51.7385505Z ##[endgroup]
2026-09-23T08:45:51.7402691Z Temporarily overriding HOME='/home/runner/work/_temp/8577e1ba-af78-4443-a54e-36e1c81bd961' before making global git config changes
2026-09-23T08:45:51.7405609Z Adding repository directory to the temporary git global config as a safe directory
2026-09-23T08:45:51.7409803Z [command]/usr/bin/git config --global --add safe.directory /home/runner/work/log-generation/log-generation
2026-09-23T08:45:51.7476581Z Deleting the contents of '/home/runner/work/log-generation/log-generation'
2026-09-23T08:45:51.7480971Z ##[group]Initializing the repository
2026-09-23T08:45:51.7485352Z [command]/usr/bin/git init /home/runner/work/log-generation/log-generation
2026-09-23T08:45:51.7620885Z hint: Using 'master' as the name for the initial branch. This default branch name
2026-09-23T08:45:51.7622733Z hint: will change to "main" in Git 3.0. To configure the initial branch name
2026-09-23T08:45:51.7624680Z hint: to use in all of your new repositories, which will suppress this warning,
2026-09-23T08:45:51.7626250Z hint: call:
2026-09-23T08:45:51.7627270Z hint:
2026-09-23T08:45:51.7628614Z hint: 	git config --global init.defaultBranch <name>
2026-09-23T08:45:51.7629832Z hint:
2026-09-23T08:45:51.7630993Z hint: Names commonly chosen instead of 'master' are 'main', 'trunk' and
2026-09-23T08:45:51.7632876Z hint: 'development'. The just-created branch can be renamed via this command:
2026-09-23T08:45:51.7634637Z hint:
2026-09-23T08:45:51.7635647Z hint: 	git branch -m <name>
2026-09-23T08:45:51.7636881Z hint:
2026-09-23T08:45:51.7638259Z hint: Disable this message with "git config set advice.defaultBranchName false"
2026-09-23T08:45:51.7640209Z Initialized empty Git repository in /home/runner/work/log-generation/log-generation/.git/
2026-09-23T08:45:51.7643191Z [command]/usr/bin/git remote add origin https://github.com/DhruvHegde/log-generation
2026-09-23T08:45:51.7694972Z ##[endgroup]
2026-09-23T08:45:51.7696304Z ##[group]Disabling automatic garbage collection
2026-09-23T08:45:51.7699825Z [command]/usr/bin/git config --local gc.auto 0
2026-09-23T08:45:51.7741364Z ##[endgroup]
2026-09-23T08:45:51.7742413Z ##[group]Setting up auth
2026-09-23T08:45:51.7749289Z [command]/usr/bin/git config --local --name-only --get-regexp core\.sshCommand
2026-09-23T08:45:51.7784644Z [command]/usr/bin/git submodule foreach --recursive sh -c "git config --local --name-only --get-regexp 'core\.sshCommand' && git config --local --unset-all 'core.sshCommand' || :"
2026-09-23T08:45:51.8223023Z [command]/usr/bin/git config --local --name-only --get-regexp http\.https\:\/\/github\.com\/\.extraheader
2026-09-23T08:45:51.8260839Z [command]/usr/bin/git submodule foreach --recursive sh -c "git config --local --name-only --get-regexp 'http\.https\:\/\/github\.com\/\.extraheader' && git config --local --unset-all 'http.https://github.com/.extraheader' || :"
2026-09-23T08:45:51.8510171Z [command]/usr/bin/git config --local --name-only --get-regexp ^includeIf\.gitdir:
2026-09-23T08:45:51.8546908Z [command]/usr/bin/git submodule foreach --recursive git config --local --show-origin --name-only --get-regexp remote.origin.url
2026-09-23T08:45:51.8774285Z [command]/usr/bin/git config --local http.https://github.com/.extraheader AUTHORIZATION: basic ***
2026-09-23T08:45:51.8813553Z ##[endgroup]
2026-09-23T08:45:51.8814943Z ##[group]Fetching the repository
2026-09-23T08:45:51.8825379Z [command]/usr/bin/git -c protocol.version=2 fetch --no-tags --prune --no-recurse-submodules --depth=1 origin +dfcb6f158e4bd8054252a4da5d0a9edc2ab15d57:refs/remotes/origin/feature/f3-test-failures
2026-09-23T08:45:52.3466266Z From https://github.com/DhruvHegde/log-generation
2026-09-23T08:45:52.3468195Z  * [new ref]         dfcb6f158e4bd8054252a4da5d0a9edc2ab15d57 -> origin/feature/f3-test-failures
2026-09-23T08:45:52.3472194Z ##[endgroup]
2026-09-23T08:45:52.3473638Z ##[group]Determining the checkout info
2026-09-23T08:45:52.3475984Z ##[endgroup]
2026-09-23T08:45:52.3482058Z [command]/usr/bin/git sparse-checkout disable
2026-09-23T08:45:52.3537379Z [command]/usr/bin/git config --local --unset-all extensions.worktreeConfig
2026-09-23T08:45:52.3568670Z ##[group]Checking out the ref
2026-09-23T08:45:52.3575495Z [command]/usr/bin/git checkout --progress --force -B feature/f3-test-failures refs/remotes/origin/feature/f3-test-failures
2026-09-23T08:45:52.3686034Z Switched to a new branch 'feature/f3-test-failures'
2026-09-23T08:45:52.3692966Z branch 'feature/f3-test-failures' set up to track 'origin/feature/f3-test-failures'.
2026-09-23T08:45:52.3699037Z ##[endgroup]
2026-09-23T08:45:52.3742723Z [command]/usr/bin/git log -1 --format=%H
2026-09-23T08:45:52.3769710Z dfcb6f158e4bd8054252a4da5d0a9edc2ab15d57
2026-09-23T08:45:52.4047324Z Node 20 is being deprecated. This workflow is running with Node 24 by default. If you need to temporarily use Node 20, you can set the ACTIONS_ALLOW_USE_UNSECURE_NODE_VERSION=true environment variable. For more information see: https://github.blog/changelog/2025-09-19-deprecation-of-node-20-on-github-actions-runners/
2026-09-23T08:45:52.4050228Z ##[group]Run actions/setup-python@v5
2026-09-23T08:45:52.4050779Z with:
2026-09-23T08:45:52.4051202Z   python-version: 3.11
2026-09-23T08:45:52.4051677Z   check-latest: false
2026-09-23T08:45:52.4055405Z   token: ***
2026-09-23T08:45:52.4055862Z   update-environment: true
2026-09-23T08:45:52.4056378Z   allow-prereleases: false
2026-09-23T08:45:52.4056876Z   freethreaded: false
2026-09-23T08:45:52.4057347Z ##[endgroup]
2026-09-23T08:45:52.5405493Z ##[group]Installed versions
2026-09-23T08:45:52.5518332Z (node:2311) [DEP0040] DeprecationWarning: The `punycode` module is deprecated. Please use a userland alternative instead.
2026-09-23T08:45:52.5520791Z (Use `node --trace-deprecation ...` to show where the warning was created)
2026-09-23T08:45:52.5522165Z Successfully set up CPython (3.11.16)
2026-09-23T08:45:52.5523647Z ##[endgroup]
2026-09-23T08:45:52.5680268Z ##[group]Run pip install --no-cache-dir pytest
2026-09-23T08:45:52.5681058Z [36;1mpip install --no-cache-dir pytest[0m
2026-09-23T08:45:52.5736690Z shell: /usr/bin/bash -e {0}
2026-09-23T08:45:52.5737262Z env:
2026-09-23T08:45:52.5737805Z   pythonLocation: /opt/hostedtoolcache/Python/3.11.16/x64
2026-09-23T08:45:52.5738683Z   PKG_CONFIG_PATH: /opt/hostedtoolcache/Python/3.11.16/x64/lib/pkgconfig
2026-09-23T08:45:52.5739519Z   Python_ROOT_DIR: /opt/hostedtoolcache/Python/3.11.16/x64
2026-09-23T08:45:52.5830763Z   Python2_ROOT_DIR: /opt/hostedtoolcache/Python/3.11.16/x64
2026-09-23T08:45:52.5831853Z   Python3_ROOT_DIR: /opt/hostedtoolcache/Python/3.11.16/x64
2026-09-23T08:45:52.5833330Z   LD_LIBRARY_PATH: /opt/hostedtoolcache/Python/3.11.16/x64/lib
2026-09-23T08:45:52.5834612Z ##[endgroup]
2026-09-23T08:45:53.5885700Z Collecting pytest
2026-09-23T08:45:53.6835663Z   Downloading pytest-9.1.1-py3-none-any.whl.metadata (7.6 kB)
2026-09-23T08:45:53.7078966Z Collecting iniconfig>=1.0.1 (from pytest)
2026-09-23T08:45:53.7272096Z   Downloading iniconfig-2.3.0-py3-none-any.whl.metadata (2.5 kB)
2026-09-23T08:45:53.7536835Z Collecting packaging>=22 (from pytest)
2026-09-23T08:45:53.7731609Z   Downloading packaging-26.3-py3-none-any.whl.metadata (3.5 kB)
2026-09-23T08:45:53.7969357Z Collecting pluggy<2,>=1.5 (from pytest)
2026-09-23T08:45:53.8163578Z   Downloading pluggy-1.6.0-py3-none-any.whl.metadata (4.8 kB)
2026-09-23T08:45:53.8470975Z Collecting pygments>=2.7.2 (from pytest)
2026-09-23T08:45:53.8662253Z   Downloading pygments-2.21.0-py3-none-any.whl.metadata (2.5 kB)
2026-09-23T08:45:53.8882261Z Downloading pytest-9.1.1-py3-none-any.whl (386 kB)
2026-09-23T08:45:53.9707757Z Downloading pluggy-1.6.0-py3-none-any.whl (20 kB)
2026-09-23T08:45:53.9899634Z Downloading iniconfig-2.3.0-py3-none-any.whl (7.5 kB)
2026-09-23T08:45:54.0101165Z Downloading packaging-26.3-py3-none-any.whl (129 kB)
2026-09-23T08:45:54.0313003Z Downloading pygments-2.21.0-py3-none-any.whl (1.3 MB)
2026-09-23T08:45:54.0751751Z    ââââââââââââââââââââââââââââââââââââââââ 1.3/1.3 MB 26.5 MB/s  0:00:00
2026-09-23T08:45:54.1416791Z Installing collected packages: pygments, pluggy, packaging, iniconfig, pytest
2026-09-23T08:45:55.1048271Z 
2026-09-23T08:45:55.1060064Z Successfully installed iniconfig-2.3.0 packaging-26.3 pluggy-1.6.0 pygments-2.21.0 pytest-9.1.1
2026-09-23T08:45:55.1560539Z ##[group]Run python automation/inject_mutation.py --error-type "IndexError"
2026-09-23T08:45:55.1561244Z [36;1mpython automation/inject_mutation.py --error-type "IndexError"[0m
2026-09-23T08:45:55.1600426Z shell: /usr/bin/bash -e {0}
2026-09-23T08:45:55.1600755Z env:
2026-09-23T08:45:55.1601093Z   pythonLocation: /opt/hostedtoolcache/Python/3.11.16/x64
2026-09-23T08:45:55.1601819Z   PKG_CONFIG_PATH: /opt/hostedtoolcache/Python/3.11.16/x64/lib/pkgconfig
2026-09-23T08:45:55.1602317Z   Python_ROOT_DIR: /opt/hostedtoolcache/Python/3.11.16/x64
2026-09-23T08:45:55.1602764Z   Python2_ROOT_DIR: /opt/hostedtoolcache/Python/3.11.16/x64
2026-09-23T08:45:55.1603223Z   Python3_ROOT_DIR: /opt/hostedtoolcache/Python/3.11.16/x64
2026-09-23T08:45:55.1603676Z   LD_LIBRARY_PATH: /opt/hostedtoolcache/Python/3.11.16/x64/lib
2026-09-23T08:45:55.1604087Z ##[endgroup]
2026-09-23T08:45:55.1904217Z [Mutation Injected] Successfully injected IndexError into tests/test_app.py
2026-09-23T08:45:55.1979347Z ##[group]Run pytest tests/test_app.py -v
2026-09-23T08:45:55.1979810Z [36;1mpytest tests/test_app.py -v[0m
2026-09-23T08:45:55.2016645Z shell: /usr/bin/bash -e {0}
2026-09-23T08:45:55.2016958Z env:
2026-09-23T08:45:55.2017289Z   pythonLocation: /opt/hostedtoolcache/Python/3.11.16/x64
2026-09-23T08:45:55.2018217Z   PKG_CONFIG_PATH: /opt/hostedtoolcache/Python/3.11.16/x64/lib/pkgconfig
2026-09-23T08:45:55.2019162Z   Python_ROOT_DIR: /opt/hostedtoolcache/Python/3.11.16/x64
2026-09-23T08:45:55.2019946Z   Python2_ROOT_DIR: /opt/hostedtoolcache/Python/3.11.16/x64
2026-09-23T08:45:55.2020721Z   Python3_ROOT_DIR: /opt/hostedtoolcache/Python/3.11.16/x64
2026-09-23T08:45:55.2021502Z   LD_LIBRARY_PATH: /opt/hostedtoolcache/Python/3.11.16/x64/lib
2026-09-23T08:45:55.2022170Z ##[endgroup]
2026-09-23T08:45:55.4298017Z ============================= test session starts ==============================
2026-09-23T08:45:55.4298948Z platform linux -- Python 3.11.16, pytest-9.1.1, pluggy-1.6.0 -- /opt/hostedtoolcache/Python/3.11.16/x64/bin/python
2026-09-23T08:45:55.4299595Z cachedir: .pytest_cache
2026-09-23T08:45:55.4299965Z rootdir: /home/runner/work/log-generation/log-generation
2026-09-23T08:45:55.4300391Z configfile: pytest.ini
2026-09-23T08:45:55.4384966Z collecting ... collected 6 items
2026-09-23T08:45:55.4385243Z 
2026-09-23T08:45:55.4394035Z tests/test_app.py::test_calculate_division PASSED                        [ 16%]
2026-09-23T08:45:55.4401348Z tests/test_app.py::test_convert_to_int PASSED                            [ 33%]
2026-09-23T08:45:55.4408899Z tests/test_app.py::test_get_list_item PASSED                             [ 50%]
2026-09-23T08:45:55.4415926Z tests/test_app.py::test_get_dict_value PASSED                            [ 66%]
2026-09-23T08:45:55.4422466Z tests/test_app.py::test_assert_positive PASSED                           [ 83%]
2026-09-23T08:45:55.4792210Z tests/test_app.py::test_index_error FAILED                               [100%]
2026-09-23T08:45:55.4792712Z 
2026-09-23T08:45:55.4792968Z =================================== FAILURES ===================================
2026-09-23T08:45:55.4793550Z _______________________________ test_index_error _______________________________
2026-09-23T08:45:55.4793904Z 
2026-09-23T08:45:55.4794047Z     def test_index_error():
2026-09-23T08:45:55.4794818Z         """Injected synthetic IndexError."""
2026-09-23T08:45:55.4795320Z         from src.app import get_list_item
2026-09-23T08:45:55.4795703Z         dataset = [10, 20, 30]
2026-09-23T08:45:55.4796040Z >       get_list_item(dataset, 999)
2026-09-23T08:45:55.4796311Z 
2026-09-23T08:45:55.4796470Z tests/test_app.py:138: 
2026-09-23T08:45:55.4796846Z _ _ _ _ _ _ _ _ _ _ _ _ _ _ _ _ _ _ _ _ _ _ _ _ _ _ _ _ _ _ _ _ _ _ _ _ _ _ _ _ 
2026-09-23T08:45:55.4797156Z 
2026-09-23T08:45:55.4797278Z lst = [10, 20, 30], index = 999
2026-09-23T08:45:55.4797475Z 
2026-09-23T08:45:55.4797606Z     def get_list_item(lst, index):
2026-09-23T08:45:55.4797933Z >       return lst[index]
2026-09-23T08:45:55.4798218Z                ^^^^^^^^^^
2026-09-23T08:45:55.4798517Z E       IndexError: list index out of range
2026-09-23T08:45:55.4798764Z 
2026-09-23T08:45:55.4798882Z src/app.py:8: IndexError
2026-09-23T08:45:55.4799251Z =========================== short test summary info ============================
2026-09-23T08:45:55.4799883Z FAILED tests/test_app.py::test_index_error - IndexError: list index out of range
2026-09-23T08:45:55.4800869Z ========================= 1 failed, 5 passed in 0.04s ==========================
2026-09-23T08:45:55.5086561Z ##[error]Process completed with exit code 1.
2026-09-23T08:45:55.5233133Z Node 20 is being deprecated. This workflow is running with Node 24 by default. If you need to temporarily use Node 20, you can set the ACTIONS_ALLOW_USE_UNSECURE_NODE_VERSION=true environment variable. For more information see: https://github.blog/changelog/2025-09-19-deprecation-of-node-20-on-github-actions-runners/
2026-09-23T08:45:55.5234603Z Post job cleanup.
2026-09-23T08:45:55.6108394Z [command]/usr/bin/git version
2026-09-23T08:45:55.6156791Z git version 2.55.0
2026-09-23T08:45:55.6202058Z Temporarily overriding HOME='/home/runner/work/_temp/0a75ca1d-0214-4e37-8ea3-dbd11e67f601' before making global git config changes
2026-09-23T08:45:55.6203777Z Adding repository directory to the temporary git global config as a safe directory
2026-09-23T08:45:55.6207773Z [command]/usr/bin/git config --global --add safe.directory /home/runner/work/log-generation/log-generation
2026-09-23T08:45:55.6249895Z [command]/usr/bin/git config --local --name-only --get-regexp core\.sshCommand
2026-09-23T08:45:55.6285743Z [command]/usr/bin/git submodule foreach --recursive sh -c "git config --local --name-only --get-regexp 'core\.sshCommand' && git config --local --unset-all 'core.sshCommand' || :"
2026-09-23T08:45:55.6539250Z [command]/usr/bin/git config --local --name-only --get-regexp http\.https\:\/\/github\.com\/\.extraheader
2026-09-23T08:45:55.6582968Z http.https://github.com/.extraheader
2026-09-23T08:45:55.6590120Z [command]/usr/bin/git config --local --unset-all http.https://github.com/.extraheader
2026-09-23T08:45:55.6626661Z [command]/usr/bin/git submodule foreach --recursive sh -c "git config --local --name-only --get-regexp 'http\.https\:\/\/github\.com\/\.extraheader' && git config --local --unset-all 'http.https://github.com/.extraheader' || :"
2026-09-23T08:45:55.6886476Z [command]/usr/bin/git config --local --name-only --get-regexp ^includeIf\.gitdir:
2026-09-23T08:45:55.6936332Z [command]/usr/bin/git submodule foreach --recursive git config --local --show-origin --name-only --get-regexp remote.origin.url
2026-09-23T08:45:55.7362391Z Cleaning up orphan processes
2026-09-23T08:45:55.7658176Z ##[warning]Node.js 20 is deprecated. The following actions target Node.js 20 but are being forced to run on Node.js 24: actions/checkout@v4, actions/setup-python@v5. For more information see: https://github.blog/changelog/2025-09-19-deprecation-of-node-20-on-github-actions-runners/
