ï»¿2026-09-23T08:48:03.0692635Z Current runner version: '2.337.0'
2026-09-23T08:48:03.0727322Z ##[group]Runner Image Provisioner
2026-09-23T08:48:03.0728634Z Hosted Compute Agent
2026-09-23T08:48:03.0729734Z Version: 20260828.587
2026-09-23T08:48:03.0730811Z Commit: abac92662cab4cc7352de4f9f9d2e2419aad9c29
2026-09-23T08:48:03.0732371Z Build Date: 2026-08-28T16:44:25Z
2026-09-23T08:48:03.0733621Z Worker ID: {5647e874-cd6e-4334-a4bb-e0521ba128ba}
2026-09-23T08:48:03.0734851Z Azure Region: eastus
2026-09-23T08:48:03.0735875Z ##[endgroup]
2026-09-23T08:48:03.0738133Z ##[group]Operating System
2026-09-23T08:48:03.0739759Z Ubuntu
2026-09-23T08:48:03.0740650Z 24.04.5
2026-09-23T08:48:03.0741527Z LTS
2026-09-23T08:48:03.0742670Z ##[endgroup]
2026-09-23T08:48:03.0743688Z ##[group]Runner Image
2026-09-23T08:48:03.0744836Z Image: ubuntu-24.04
2026-09-23T08:48:03.0745742Z Version: 20260907.300.1
2026-09-23T08:48:03.0747899Z Included Software: https://github.com/actions/runner-images/blob/ubuntu24/20260907.300/images/ubuntu/Ubuntu2404-Readme.md
2026-09-23T08:48:03.0750603Z Image Release: https://github.com/actions/runner-images/releases/tag/ubuntu24%2F20260907.300
2026-09-23T08:48:03.0752711Z ##[endgroup]
2026-09-23T08:48:03.0754665Z ##[group]GITHUB_TOKEN Permissions
2026-09-23T08:48:03.0757695Z Contents: read
2026-09-23T08:48:03.0758677Z Metadata: read
2026-09-23T08:48:03.0759661Z Packages: read
2026-09-23T08:48:03.0760600Z ##[endgroup]
2026-09-23T08:48:03.0763981Z Secret source: Actions
2026-09-23T08:48:03.0765629Z Cache mode: write
2026-09-23T08:48:03.0767076Z Prepare workflow directory
2026-09-23T08:48:03.1241143Z Prepare all required actions
2026-09-23T08:48:03.1312640Z Getting action download info
2026-09-23T08:48:03.4392185Z Download action repository 'actions/checkout@v4' (SHA:11d5960a326750d5838078e36cf38b85af677262)
2026-09-23T08:48:03.5587259Z Download action repository 'actions/setup-python@v5' (SHA:a26af69be951a213d495a4c3e4e4022e16d87065)
2026-09-23T08:48:03.7405784Z Complete job name: test-f3 (TypeError #18)
2026-09-23T08:48:03.8218185Z Node 20 is being deprecated. This workflow is running with Node 24 by default. If you need to temporarily use Node 20, you can set the ACTIONS_ALLOW_USE_UNSECURE_NODE_VERSION=true environment variable. For more information see: https://github.blog/changelog/2025-09-19-deprecation-of-node-20-on-github-actions-runners/
2026-09-23T08:48:03.8227307Z ##[group]Run actions/checkout@v4
2026-09-23T08:48:03.8228118Z with:
2026-09-23T08:48:03.8228585Z   fetch-depth: 1
2026-09-23T08:48:03.8229103Z   repository: DhruvHegde/log-generation
2026-09-23T08:48:03.8233662Z   token: ***
2026-09-23T08:48:03.8234149Z   ssh-strict: true
2026-09-23T08:48:03.8234632Z   ssh-user: git
2026-09-23T08:48:03.8235124Z   persist-credentials: true
2026-09-23T08:48:03.8235666Z   clean: true
2026-09-23T08:48:03.8236167Z   sparse-checkout-cone-mode: true
2026-09-23T08:48:03.8236747Z   fetch-tags: false
2026-09-23T08:48:03.8237246Z   show-progress: true
2026-09-23T08:48:03.8237736Z   lfs: false
2026-09-23T08:48:03.8238244Z   submodules: false
2026-09-23T08:48:03.8238752Z   set-safe-directory: true
2026-09-23T08:48:03.8239308Z   allow-unsafe-pr-checkout: false
2026-09-23T08:48:03.8240176Z ##[endgroup]
2026-09-23T08:48:03.9289917Z Syncing repository: DhruvHegde/log-generation
2026-09-23T08:48:03.9293509Z ##[group]Getting Git version info
2026-09-23T08:48:03.9294641Z Working directory is '/home/runner/work/log-generation/log-generation'
2026-09-23T08:48:03.9295852Z [command]/usr/bin/git version
2026-09-23T08:48:03.9351576Z git version 2.55.0
2026-09-23T08:48:03.9376013Z ##[endgroup]
2026-09-23T08:48:03.9395821Z Temporarily overriding HOME='/home/runner/work/_temp/0cdb1e29-165f-4bd2-b860-b737517bad63' before making global git config changes
2026-09-23T08:48:03.9399029Z Adding repository directory to the temporary git global config as a safe directory
2026-09-23T08:48:03.9403497Z [command]/usr/bin/git config --global --add safe.directory /home/runner/work/log-generation/log-generation
2026-09-23T08:48:03.9461386Z Deleting the contents of '/home/runner/work/log-generation/log-generation'
2026-09-23T08:48:03.9483298Z ##[group]Initializing the repository
2026-09-23T08:48:03.9485192Z [command]/usr/bin/git init /home/runner/work/log-generation/log-generation
2026-09-23T08:48:03.9576121Z hint: Using 'master' as the name for the initial branch. This default branch name
2026-09-23T08:48:03.9578194Z hint: will change to "main" in Git 3.0. To configure the initial branch name
2026-09-23T08:48:03.9580051Z hint: to use in all of your new repositories, which will suppress this warning,
2026-09-23T08:48:03.9582080Z hint: call:
2026-09-23T08:48:03.9582631Z hint:
2026-09-23T08:48:03.9583422Z hint: 	git config --global init.defaultBranch <name>
2026-09-23T08:48:03.9584134Z hint:
2026-09-23T08:48:03.9584948Z hint: Names commonly chosen instead of 'master' are 'main', 'trunk' and
2026-09-23T08:48:03.9586407Z hint: 'development'. The just-created branch can be renamed via this command:
2026-09-23T08:48:03.9587510Z hint:
2026-09-23T08:48:03.9588200Z hint: 	git branch -m <name>
2026-09-23T08:48:03.9588771Z hint:
2026-09-23T08:48:03.9589650Z hint: Disable this message with "git config set advice.defaultBranchName false"
2026-09-23T08:48:03.9591355Z Initialized empty Git repository in /home/runner/work/log-generation/log-generation/.git/
2026-09-23T08:48:03.9595256Z [command]/usr/bin/git remote add origin https://github.com/DhruvHegde/log-generation
2026-09-23T08:48:03.9646263Z ##[endgroup]
2026-09-23T08:48:03.9651334Z ##[group]Disabling automatic garbage collection
2026-09-23T08:48:03.9652850Z [command]/usr/bin/git config --local gc.auto 0
2026-09-23T08:48:03.9684690Z ##[endgroup]
2026-09-23T08:48:03.9685530Z ##[group]Setting up auth
2026-09-23T08:48:03.9693077Z [command]/usr/bin/git config --local --name-only --get-regexp core\.sshCommand
2026-09-23T08:48:03.9729906Z [command]/usr/bin/git submodule foreach --recursive sh -c "git config --local --name-only --get-regexp 'core\.sshCommand' && git config --local --unset-all 'core.sshCommand' || :"
2026-09-23T08:48:04.0097574Z [command]/usr/bin/git config --local --name-only --get-regexp http\.https\:\/\/github\.com\/\.extraheader
2026-09-23T08:48:04.0136451Z [command]/usr/bin/git submodule foreach --recursive sh -c "git config --local --name-only --get-regexp 'http\.https\:\/\/github\.com\/\.extraheader' && git config --local --unset-all 'http.https://github.com/.extraheader' || :"
2026-09-23T08:48:04.0398664Z [command]/usr/bin/git config --local --name-only --get-regexp ^includeIf\.gitdir:
2026-09-23T08:48:04.0438353Z [command]/usr/bin/git submodule foreach --recursive git config --local --show-origin --name-only --get-regexp remote.origin.url
2026-09-23T08:48:04.0693957Z [command]/usr/bin/git config --local http.https://github.com/.extraheader AUTHORIZATION: basic ***
2026-09-23T08:48:04.0742257Z ##[endgroup]
2026-09-23T08:48:04.0743254Z ##[group]Fetching the repository
2026-09-23T08:48:04.0757839Z [command]/usr/bin/git -c protocol.version=2 fetch --no-tags --prune --no-recurse-submodules --depth=1 origin +43f20917de93b9aad51cf79a69ad5239c5632917:refs/remotes/origin/feature/f3-test-failures
2026-09-23T08:48:04.3281410Z From https://github.com/DhruvHegde/log-generation
2026-09-23T08:48:04.3283854Z  * [new ref]         43f20917de93b9aad51cf79a69ad5239c5632917 -> origin/feature/f3-test-failures
2026-09-23T08:48:04.3287514Z ##[endgroup]
2026-09-23T08:48:04.3288846Z ##[group]Determining the checkout info
2026-09-23T08:48:04.3290738Z ##[endgroup]
2026-09-23T08:48:04.3297352Z [command]/usr/bin/git sparse-checkout disable
2026-09-23T08:48:04.3363887Z [command]/usr/bin/git config --local --unset-all extensions.worktreeConfig
2026-09-23T08:48:04.3400161Z ##[group]Checking out the ref
2026-09-23T08:48:04.3403612Z [command]/usr/bin/git checkout --progress --force -B feature/f3-test-failures refs/remotes/origin/feature/f3-test-failures
2026-09-23T08:48:04.3805641Z Switched to a new branch 'feature/f3-test-failures'
2026-09-23T08:48:04.3813663Z branch 'feature/f3-test-failures' set up to track 'origin/feature/f3-test-failures'.
2026-09-23T08:48:04.3820017Z ##[endgroup]
2026-09-23T08:48:04.3866706Z [command]/usr/bin/git log -1 --format=%H
2026-09-23T08:48:04.3894470Z 43f20917de93b9aad51cf79a69ad5239c5632917
2026-09-23T08:48:04.4262628Z Node 20 is being deprecated. This workflow is running with Node 24 by default. If you need to temporarily use Node 20, you can set the ACTIONS_ALLOW_USE_UNSECURE_NODE_VERSION=true environment variable. For more information see: https://github.blog/changelog/2025-09-19-deprecation-of-node-20-on-github-actions-runners/
2026-09-23T08:48:04.4268845Z ##[group]Run actions/setup-python@v5
2026-09-23T08:48:04.4270165Z with:
2026-09-23T08:48:04.4271157Z   python-version: 3.11
2026-09-23T08:48:04.4272459Z   check-latest: false
2026-09-23T08:48:04.4283913Z   token: ***
2026-09-23T08:48:04.4284985Z   update-environment: true
2026-09-23T08:48:04.4286198Z   allow-prereleases: false
2026-09-23T08:48:04.4287386Z   freethreaded: false
2026-09-23T08:48:04.4288462Z ##[endgroup]
2026-09-23T08:48:04.5621883Z ##[group]Installed versions
2026-09-23T08:48:04.5713211Z (node:2253) [DEP0040] DeprecationWarning: The `punycode` module is deprecated. Please use a userland alternative instead.
2026-09-23T08:48:04.5717665Z (Use `node --trace-deprecation ...` to show where the warning was created)
2026-09-23T08:48:04.5719596Z Successfully set up CPython (3.11.16)
2026-09-23T08:48:04.5722279Z ##[endgroup]
2026-09-23T08:48:04.5968600Z ##[group]Run pip install --no-cache-dir pytest
2026-09-23T08:48:04.5970954Z [36;1mpip install --no-cache-dir pytest[0m
2026-09-23T08:48:04.6029135Z shell: /usr/bin/bash -e {0}
2026-09-23T08:48:04.6030777Z env:
2026-09-23T08:48:04.6032818Z   pythonLocation: /opt/hostedtoolcache/Python/3.11.16/x64
2026-09-23T08:48:04.6035901Z   PKG_CONFIG_PATH: /opt/hostedtoolcache/Python/3.11.16/x64/lib/pkgconfig
2026-09-23T08:48:04.6038961Z   Python_ROOT_DIR: /opt/hostedtoolcache/Python/3.11.16/x64
2026-09-23T08:48:04.6143330Z   Python2_ROOT_DIR: /opt/hostedtoolcache/Python/3.11.16/x64
2026-09-23T08:48:04.6146611Z   Python3_ROOT_DIR: /opt/hostedtoolcache/Python/3.11.16/x64
2026-09-23T08:48:04.6149505Z   LD_LIBRARY_PATH: /opt/hostedtoolcache/Python/3.11.16/x64/lib
2026-09-23T08:48:04.6151426Z ##[endgroup]
2026-09-23T08:48:05.3956118Z Collecting pytest
2026-09-23T08:48:05.4450417Z   Downloading pytest-9.1.1-py3-none-any.whl.metadata (7.6 kB)
2026-09-23T08:48:05.4535579Z Collecting iniconfig>=1.0.1 (from pytest)
2026-09-23T08:48:05.4578510Z   Downloading iniconfig-2.3.0-py3-none-any.whl.metadata (2.5 kB)
2026-09-23T08:48:05.4683126Z Collecting packaging>=22 (from pytest)
2026-09-23T08:48:05.4724416Z   Downloading packaging-26.3-py3-none-any.whl.metadata (3.5 kB)
2026-09-23T08:48:05.4802326Z Collecting pluggy<2,>=1.5 (from pytest)
2026-09-23T08:48:05.4841478Z   Downloading pluggy-1.6.0-py3-none-any.whl.metadata (4.8 kB)
2026-09-23T08:48:05.4971411Z Collecting pygments>=2.7.2 (from pytest)
2026-09-23T08:48:05.5009186Z   Downloading pygments-2.21.0-py3-none-any.whl.metadata (2.5 kB)
2026-09-23T08:48:05.5076171Z Downloading pytest-9.1.1-py3-none-any.whl (386 kB)
2026-09-23T08:48:05.5279768Z Downloading pluggy-1.6.0-py3-none-any.whl (20 kB)
2026-09-23T08:48:05.5316467Z Downloading iniconfig-2.3.0-py3-none-any.whl (7.5 kB)
2026-09-23T08:48:05.5352575Z Downloading packaging-26.3-py3-none-any.whl (129 kB)
2026-09-23T08:48:05.5399121Z Downloading pygments-2.21.0-py3-none-any.whl (1.3 MB)
2026-09-23T08:48:05.5570601Z    ââââââââââââââââââââââââââââââââââââââââ 1.3/1.3 MB 86.3 MB/s  0:00:00
2026-09-23T08:48:05.6214066Z Installing collected packages: pygments, pluggy, packaging, iniconfig, pytest
2026-09-23T08:48:06.6095529Z 
2026-09-23T08:48:06.6106492Z Successfully installed iniconfig-2.3.0 packaging-26.3 pluggy-1.6.0 pygments-2.21.0 pytest-9.1.1
2026-09-23T08:48:06.6653834Z ##[group]Run python automation/inject_mutation.py --error-type "TypeError"
2026-09-23T08:48:06.6654472Z [36;1mpython automation/inject_mutation.py --error-type "TypeError"[0m
2026-09-23T08:48:06.6693595Z shell: /usr/bin/bash -e {0}
2026-09-23T08:48:06.6693878Z env:
2026-09-23T08:48:06.6694162Z   pythonLocation: /opt/hostedtoolcache/Python/3.11.16/x64
2026-09-23T08:48:06.6694847Z   PKG_CONFIG_PATH: /opt/hostedtoolcache/Python/3.11.16/x64/lib/pkgconfig
2026-09-23T08:48:06.6695318Z   Python_ROOT_DIR: /opt/hostedtoolcache/Python/3.11.16/x64
2026-09-23T08:48:06.6695725Z   Python2_ROOT_DIR: /opt/hostedtoolcache/Python/3.11.16/x64
2026-09-23T08:48:06.6696145Z   Python3_ROOT_DIR: /opt/hostedtoolcache/Python/3.11.16/x64
2026-09-23T08:48:06.6696560Z   LD_LIBRARY_PATH: /opt/hostedtoolcache/Python/3.11.16/x64/lib
2026-09-23T08:48:06.6696906Z ##[endgroup]
2026-09-23T08:48:06.7009415Z [Mutation Injected] Successfully injected TypeError into tests/test_app.py
2026-09-23T08:48:06.7084064Z ##[group]Run pytest tests/test_app.py -v
2026-09-23T08:48:06.7084492Z [36;1mpytest tests/test_app.py -v[0m
2026-09-23T08:48:06.7123032Z shell: /usr/bin/bash -e {0}
2026-09-23T08:48:06.7123312Z env:
2026-09-23T08:48:06.7123602Z   pythonLocation: /opt/hostedtoolcache/Python/3.11.16/x64
2026-09-23T08:48:06.7124090Z   PKG_CONFIG_PATH: /opt/hostedtoolcache/Python/3.11.16/x64/lib/pkgconfig
2026-09-23T08:48:06.7124587Z   Python_ROOT_DIR: /opt/hostedtoolcache/Python/3.11.16/x64
2026-09-23T08:48:06.7124999Z   Python2_ROOT_DIR: /opt/hostedtoolcache/Python/3.11.16/x64
2026-09-23T08:48:06.7125416Z   Python3_ROOT_DIR: /opt/hostedtoolcache/Python/3.11.16/x64
2026-09-23T08:48:06.7125841Z   LD_LIBRARY_PATH: /opt/hostedtoolcache/Python/3.11.16/x64/lib
2026-09-23T08:48:06.7126198Z ##[endgroup]
2026-09-23T08:48:07.1207733Z ============================= test session starts ==============================
2026-09-23T08:48:07.1209550Z platform linux -- Python 3.11.16, pytest-9.1.1, pluggy-1.6.0 -- /opt/hostedtoolcache/Python/3.11.16/x64/bin/python
2026-09-23T08:48:07.1210824Z cachedir: .pytest_cache
2026-09-23T08:48:07.1211471Z rootdir: /home/runner/work/log-generation/log-generation
2026-09-23T08:48:07.1212674Z configfile: pytest.ini
2026-09-23T08:48:07.1297188Z collecting ... collected 6 items
2026-09-23T08:48:07.1297588Z 
2026-09-23T08:48:07.1306390Z tests/test_app.py::test_calculate_division PASSED                        [ 16%]
2026-09-23T08:48:07.1314356Z tests/test_app.py::test_convert_to_int PASSED                            [ 33%]
2026-09-23T08:48:07.1321472Z tests/test_app.py::test_get_list_item PASSED                             [ 50%]
2026-09-23T08:48:07.1328774Z tests/test_app.py::test_get_dict_value PASSED                            [ 66%]
2026-09-23T08:48:07.1335580Z tests/test_app.py::test_assert_positive PASSED                           [ 83%]
2026-09-23T08:48:07.1608890Z tests/test_app.py::test_type_error FAILED                                [100%]
2026-09-23T08:48:07.1609599Z 
2026-09-23T08:48:07.1609903Z =================================== FAILURES ===================================
2026-09-23T08:48:07.1610692Z _______________________________ test_type_error ________________________________
2026-09-23T08:48:07.1611374Z 
2026-09-23T08:48:07.1611910Z     def test_type_error():
2026-09-23T08:48:07.1612503Z         """Injected synthetic TypeError."""
2026-09-23T08:48:07.1613214Z         from src.app import calculate_division
2026-09-23T08:48:07.1613931Z >       calculate_division("invalid_string", 5)
2026-09-23T08:48:07.1614401Z 
2026-09-23T08:48:07.1614615Z tests/test_app.py:139: 
2026-09-23T08:48:07.1615267Z _ _ _ _ _ _ _ _ _ _ _ _ _ _ _ _ _ _ _ _ _ _ _ _ _ _ _ _ _ _ _ _ _ _ _ _ _ _ _ _ 
2026-09-23T08:48:07.1615820Z 
2026-09-23T08:48:07.1616044Z a = 'invalid_string', b = 5
2026-09-23T08:48:07.1616437Z 
2026-09-23T08:48:07.1616681Z     def calculate_division(a, b):
2026-09-23T08:48:07.1617141Z >       return a / b
2026-09-23T08:48:07.1617449Z                ^^^^^
2026-09-23T08:48:07.1617896Z E       TypeError: unsupported operand type(s) for /: 'str' and 'int'
2026-09-23T08:48:07.1618293Z 
2026-09-23T08:48:07.1618432Z src/app.py:2: TypeError
2026-09-23T08:48:07.1618864Z =========================== short test summary info ============================
2026-09-23T08:48:07.1619741Z FAILED tests/test_app.py::test_type_error - TypeError: unsupported operand type(s) for /: 'str' and 'int'
2026-09-23T08:48:07.1620818Z ========================= 1 failed, 5 passed in 0.03s ==========================
2026-09-23T08:48:07.1807723Z ##[error]Process completed with exit code 1.
2026-09-23T08:48:07.1961578Z Node 20 is being deprecated. This workflow is running with Node 24 by default. If you need to temporarily use Node 20, you can set the ACTIONS_ALLOW_USE_UNSECURE_NODE_VERSION=true environment variable. For more information see: https://github.blog/changelog/2025-09-19-deprecation-of-node-20-on-github-actions-runners/
2026-09-23T08:48:07.1963170Z Post job cleanup.
2026-09-23T08:48:07.2831540Z [command]/usr/bin/git version
2026-09-23T08:48:07.2877050Z git version 2.55.0
2026-09-23T08:48:07.2923173Z Temporarily overriding HOME='/home/runner/work/_temp/fe7548ae-f087-4e12-8030-a7c543b6c16a' before making global git config changes
2026-09-23T08:48:07.2924599Z Adding repository directory to the temporary git global config as a safe directory
2026-09-23T08:48:07.2929766Z [command]/usr/bin/git config --global --add safe.directory /home/runner/work/log-generation/log-generation
2026-09-23T08:48:07.2973980Z [command]/usr/bin/git config --local --name-only --get-regexp core\.sshCommand
2026-09-23T08:48:07.3012586Z [command]/usr/bin/git submodule foreach --recursive sh -c "git config --local --name-only --get-regexp 'core\.sshCommand' && git config --local --unset-all 'core.sshCommand' || :"
2026-09-23T08:48:07.3281180Z [command]/usr/bin/git config --local --name-only --get-regexp http\.https\:\/\/github\.com\/\.extraheader
2026-09-23T08:48:07.3309618Z http.https://github.com/.extraheader
2026-09-23T08:48:07.3339501Z [command]/usr/bin/git config --local --unset-all http.https://github.com/.extraheader
2026-09-23T08:48:07.3367252Z [command]/usr/bin/git submodule foreach --recursive sh -c "git config --local --name-only --get-regexp 'http\.https\:\/\/github\.com\/\.extraheader' && git config --local --unset-all 'http.https://github.com/.extraheader' || :"
2026-09-23T08:48:07.3623521Z [command]/usr/bin/git config --local --name-only --get-regexp ^includeIf\.gitdir:
2026-09-23T08:48:07.3663830Z [command]/usr/bin/git submodule foreach --recursive git config --local --show-origin --name-only --get-regexp remote.origin.url
2026-09-23T08:48:07.4059507Z Cleaning up orphan processes
2026-09-23T08:48:07.4332130Z ##[warning]Node.js 20 is deprecated. The following actions target Node.js 20 but are being forced to run on Node.js 24: actions/checkout@v4, actions/setup-python@v5. For more information see: https://github.blog/changelog/2025-09-19-deprecation-of-node-20-on-github-actions-runners/
