ï»¿2026-09-23T08:50:00.1747752Z Current runner version: '2.337.0'
2026-09-23T08:50:00.1768545Z ##[group]Runner Image Provisioner
2026-09-23T08:50:00.1769572Z Hosted Compute Agent
2026-09-23T08:50:00.1770041Z Version: 20260828.587
2026-09-23T08:50:00.1770633Z Commit: abac92662cab4cc7352de4f9f9d2e2419aad9c29
2026-09-23T08:50:00.1771268Z Build Date: 2026-08-28T16:44:25Z
2026-09-23T08:50:00.1771859Z Worker ID: {bae1fcda-0b87-43d3-a2f0-af2959d02102}
2026-09-23T08:50:00.1772448Z Azure Region: westus3
2026-09-23T08:50:00.1772921Z ##[endgroup]
2026-09-23T08:50:00.1774478Z ##[group]Operating System
2026-09-23T08:50:00.1775065Z Ubuntu
2026-09-23T08:50:00.1775560Z 24.04.5
2026-09-23T08:50:00.1776003Z LTS
2026-09-23T08:50:00.1776670Z ##[endgroup]
2026-09-23T08:50:00.1777194Z ##[group]Runner Image
2026-09-23T08:50:00.1777746Z Image: ubuntu-24.04
2026-09-23T08:50:00.1778246Z Version: 20260920.314.1
2026-09-23T08:50:00.1779441Z Included Software: https://github.com/actions/runner-images/blob/ubuntu24/20260920.314/images/ubuntu/Ubuntu2404-Readme.md
2026-09-23T08:50:00.1780825Z Image Release: https://github.com/actions/runner-images/releases/tag/ubuntu24%2F20260920.314
2026-09-23T08:50:00.1781615Z ##[endgroup]
2026-09-23T08:50:00.1782596Z ##[group]GITHUB_TOKEN Permissions
2026-09-23T08:50:00.1784380Z Contents: read
2026-09-23T08:50:00.1784935Z Metadata: read
2026-09-23T08:50:00.1785426Z Packages: read
2026-09-23T08:50:00.1785867Z ##[endgroup]
2026-09-23T08:50:00.1787566Z Secret source: Actions
2026-09-23T08:50:00.1788328Z Cache mode: write
2026-09-23T08:50:00.1789508Z Prepare workflow directory
2026-09-23T08:50:00.2047620Z Prepare all required actions
2026-09-23T08:50:00.2086151Z Getting action download info
2026-09-23T08:50:00.5147228Z Download action repository 'actions/checkout@v4' (SHA:11d5960a326750d5838078e36cf38b85af677262)
2026-09-23T08:50:00.6295117Z Download action repository 'actions/setup-python@v5' (SHA:a26af69be951a213d495a4c3e4e4022e16d87065)
2026-09-23T08:50:00.8030231Z Complete job name: test-f3 (KeyError #240)
2026-09-23T08:50:00.8627899Z Node 20 is being deprecated. This workflow is running with Node 24 by default. If you need to temporarily use Node 20, you can set the ACTIONS_ALLOW_USE_UNSECURE_NODE_VERSION=true environment variable. For more information see: https://github.blog/changelog/2025-09-19-deprecation-of-node-20-on-github-actions-runners/
2026-09-23T08:50:00.8635110Z ##[group]Run actions/checkout@v4
2026-09-23T08:50:00.8635659Z with:
2026-09-23T08:50:00.8636010Z   fetch-depth: 1
2026-09-23T08:50:00.8636396Z   repository: DhruvHegde/log-generation
2026-09-23T08:50:00.8639887Z   token: ***
2026-09-23T08:50:00.8640232Z   ssh-strict: true
2026-09-23T08:50:00.8640586Z   ssh-user: git
2026-09-23T08:50:00.8640935Z   persist-credentials: true
2026-09-23T08:50:00.8641323Z   clean: true
2026-09-23T08:50:00.8641685Z   sparse-checkout-cone-mode: true
2026-09-23T08:50:00.8642096Z   fetch-tags: false
2026-09-23T08:50:00.8642443Z   show-progress: true
2026-09-23T08:50:00.8642805Z   lfs: false
2026-09-23T08:50:00.8643175Z   submodules: false
2026-09-23T08:50:00.8643549Z   set-safe-directory: true
2026-09-23T08:50:00.8643948Z   allow-unsafe-pr-checkout: false
2026-09-23T08:50:00.8644642Z ##[endgroup]
2026-09-23T08:50:00.9451053Z Syncing repository: DhruvHegde/log-generation
2026-09-23T08:50:00.9453231Z ##[group]Getting Git version info
2026-09-23T08:50:00.9454154Z Working directory is '/home/runner/work/log-generation/log-generation'
2026-09-23T08:50:00.9455445Z [command]/usr/bin/git version
2026-09-23T08:50:00.9470264Z git version 2.55.0
2026-09-23T08:50:00.9492546Z ##[endgroup]
2026-09-23T08:50:00.9497491Z Temporarily overriding HOME='/home/runner/work/_temp/f184e3fc-7ac0-403f-bcdf-ab9cd8b84087' before making global git config changes
2026-09-23T08:50:00.9499568Z Adding repository directory to the temporary git global config as a safe directory
2026-09-23T08:50:00.9501902Z [command]/usr/bin/git config --global --add safe.directory /home/runner/work/log-generation/log-generation
2026-09-23T08:50:00.9542434Z Deleting the contents of '/home/runner/work/log-generation/log-generation'
2026-09-23T08:50:00.9547477Z ##[group]Initializing the repository
2026-09-23T08:50:00.9552569Z [command]/usr/bin/git init /home/runner/work/log-generation/log-generation
2026-09-23T08:50:00.9630871Z hint: Using 'master' as the name for the initial branch. This default branch name
2026-09-23T08:50:00.9632082Z hint: will change to "main" in Git 3.0. To configure the initial branch name
2026-09-23T08:50:00.9633197Z hint: to use in all of your new repositories, which will suppress this warning,
2026-09-23T08:50:00.9633960Z hint: call:
2026-09-23T08:50:00.9634303Z hint:
2026-09-23T08:50:00.9634727Z hint: 	git config --global init.defaultBranch <name>
2026-09-23T08:50:00.9635211Z hint:
2026-09-23T08:50:00.9635674Z hint: Names commonly chosen instead of 'master' are 'main', 'trunk' and
2026-09-23T08:50:00.9636396Z hint: 'development'. The just-created branch can be renamed via this command:
2026-09-23T08:50:00.9636963Z hint:
2026-09-23T08:50:00.9637322Z hint: 	git branch -m <name>
2026-09-23T08:50:00.9637711Z hint:
2026-09-23T08:50:00.9638201Z hint: Disable this message with "git config set advice.defaultBranchName false"
2026-09-23T08:50:00.9642691Z Initialized empty Git repository in /home/runner/work/log-generation/log-generation/.git/
2026-09-23T08:50:00.9650039Z [command]/usr/bin/git remote add origin https://github.com/DhruvHegde/log-generation
2026-09-23T08:50:00.9689650Z ##[endgroup]
2026-09-23T08:50:00.9690451Z ##[group]Disabling automatic garbage collection
2026-09-23T08:50:00.9693005Z [command]/usr/bin/git config --local gc.auto 0
2026-09-23T08:50:00.9719363Z ##[endgroup]
2026-09-23T08:50:00.9720107Z ##[group]Setting up auth
2026-09-23T08:50:00.9724978Z [command]/usr/bin/git config --local --name-only --get-regexp core\.sshCommand
2026-09-23T08:50:00.9751928Z [command]/usr/bin/git submodule foreach --recursive sh -c "git config --local --name-only --get-regexp 'core\.sshCommand' && git config --local --unset-all 'core.sshCommand' || :"
2026-09-23T08:50:01.0054648Z [command]/usr/bin/git config --local --name-only --get-regexp http\.https\:\/\/github\.com\/\.extraheader
2026-09-23T08:50:01.0084283Z [command]/usr/bin/git submodule foreach --recursive sh -c "git config --local --name-only --get-regexp 'http\.https\:\/\/github\.com\/\.extraheader' && git config --local --unset-all 'http.https://github.com/.extraheader' || :"
2026-09-23T08:50:01.0284840Z [command]/usr/bin/git config --local --name-only --get-regexp ^includeIf\.gitdir:
2026-09-23T08:50:01.0314292Z [command]/usr/bin/git submodule foreach --recursive git config --local --show-origin --name-only --get-regexp remote.origin.url
2026-09-23T08:50:01.0500979Z [command]/usr/bin/git config --local http.https://github.com/.extraheader AUTHORIZATION: basic ***
2026-09-23T08:50:01.0534972Z ##[endgroup]
2026-09-23T08:50:01.0535977Z ##[group]Fetching the repository
2026-09-23T08:50:01.0543348Z [command]/usr/bin/git -c protocol.version=2 fetch --no-tags --prune --no-recurse-submodules --depth=1 origin +43f20917de93b9aad51cf79a69ad5239c5632917:refs/remotes/origin/feature/f3-test-failures
2026-09-23T08:50:01.8110712Z From https://github.com/DhruvHegde/log-generation
2026-09-23T08:50:01.8113015Z  * [new ref]         43f20917de93b9aad51cf79a69ad5239c5632917 -> origin/feature/f3-test-failures
2026-09-23T08:50:01.8118130Z ##[endgroup]
2026-09-23T08:50:01.8119981Z ##[group]Determining the checkout info
2026-09-23T08:50:01.8121884Z ##[endgroup]
2026-09-23T08:50:01.8123321Z [command]/usr/bin/git sparse-checkout disable
2026-09-23T08:50:01.8166160Z [command]/usr/bin/git config --local --unset-all extensions.worktreeConfig
2026-09-23T08:50:01.8194978Z ##[group]Checking out the ref
2026-09-23T08:50:01.8199376Z [command]/usr/bin/git checkout --progress --force -B feature/f3-test-failures refs/remotes/origin/feature/f3-test-failures
2026-09-23T08:50:01.8507379Z Switched to a new branch 'feature/f3-test-failures'
2026-09-23T08:50:01.8511772Z branch 'feature/f3-test-failures' set up to track 'origin/feature/f3-test-failures'.
2026-09-23T08:50:01.8518488Z ##[endgroup]
2026-09-23T08:50:01.8553452Z [command]/usr/bin/git log -1 --format=%H
2026-09-23T08:50:01.8575782Z 43f20917de93b9aad51cf79a69ad5239c5632917
2026-09-23T08:50:01.8872002Z Node 20 is being deprecated. This workflow is running with Node 24 by default. If you need to temporarily use Node 20, you can set the ACTIONS_ALLOW_USE_UNSECURE_NODE_VERSION=true environment variable. For more information see: https://github.blog/changelog/2025-09-19-deprecation-of-node-20-on-github-actions-runners/
2026-09-23T08:50:01.8876609Z ##[group]Run actions/setup-python@v5
2026-09-23T08:50:01.8877534Z with:
2026-09-23T08:50:01.8878235Z   python-version: 3.11
2026-09-23T08:50:01.8879133Z   check-latest: false
2026-09-23T08:50:01.8886971Z   token: ***
2026-09-23T08:50:01.8887719Z   update-environment: true
2026-09-23T08:50:01.8888596Z   allow-prereleases: false
2026-09-23T08:50:01.8889576Z   freethreaded: false
2026-09-23T08:50:01.8890342Z ##[endgroup]
2026-09-23T08:50:01.9943265Z ##[group]Installed versions
2026-09-23T08:50:02.0412401Z (node:2024) [DEP0040] DeprecationWarning: The `punycode` module is deprecated. Please use a userland alternative instead.
2026-09-23T08:50:02.0415618Z (Use `node --trace-deprecation ...` to show where the warning was created)
2026-09-23T08:50:02.0417027Z Successfully set up CPython (3.11.16)
2026-09-23T08:50:02.0418473Z ##[endgroup]
2026-09-23T08:50:02.0624054Z ##[group]Run pip install --no-cache-dir pytest
2026-09-23T08:50:02.0625869Z [36;1mpip install --no-cache-dir pytest[0m
2026-09-23T08:50:02.0885908Z shell: /usr/bin/bash -e {0}
2026-09-23T08:50:02.0886853Z env:
2026-09-23T08:50:02.0946849Z   pythonLocation: /opt/hostedtoolcache/Python/3.11.16/x64
2026-09-23T08:50:02.0949137Z   PKG_CONFIG_PATH: /opt/hostedtoolcache/Python/3.11.16/x64/lib/pkgconfig
2026-09-23T08:50:02.0951096Z   Python_ROOT_DIR: /opt/hostedtoolcache/Python/3.11.16/x64
2026-09-23T08:50:02.0953026Z   Python2_ROOT_DIR: /opt/hostedtoolcache/Python/3.11.16/x64
2026-09-23T08:50:02.0954971Z   Python3_ROOT_DIR: /opt/hostedtoolcache/Python/3.11.16/x64
2026-09-23T08:50:02.0956996Z   LD_LIBRARY_PATH: /opt/hostedtoolcache/Python/3.11.16/x64/lib
2026-09-23T08:50:02.0958662Z ##[endgroup]
2026-09-23T08:50:04.8908996Z Collecting pytest
2026-09-23T08:50:04.9285293Z   Downloading pytest-9.1.1-py3-none-any.whl.metadata (7.6 kB)
2026-09-23T08:50:04.9423743Z Collecting iniconfig>=1.0.1 (from pytest)
2026-09-23T08:50:04.9453400Z   Downloading iniconfig-2.3.0-py3-none-any.whl.metadata (2.5 kB)
2026-09-23T08:50:04.9605004Z Collecting packaging>=22 (from pytest)
2026-09-23T08:50:04.9634027Z   Downloading packaging-26.3-py3-none-any.whl.metadata (3.5 kB)
2026-09-23T08:50:04.9765595Z Collecting pluggy<2,>=1.5 (from pytest)
2026-09-23T08:50:04.9803719Z   Downloading pluggy-1.6.0-py3-none-any.whl.metadata (4.8 kB)
2026-09-23T08:50:04.9984700Z Collecting pygments>=2.7.2 (from pytest)
2026-09-23T08:50:05.0013700Z   Downloading pygments-2.21.0-py3-none-any.whl.metadata (2.5 kB)
2026-09-23T08:50:05.0062642Z Downloading pytest-9.1.1-py3-none-any.whl (386 kB)
2026-09-23T08:50:05.0207053Z Downloading pluggy-1.6.0-py3-none-any.whl (20 kB)
2026-09-23T08:50:05.0237461Z Downloading iniconfig-2.3.0-py3-none-any.whl (7.5 kB)
2026-09-23T08:50:05.0265426Z Downloading packaging-26.3-py3-none-any.whl (129 kB)
2026-09-23T08:50:05.0299489Z Downloading pygments-2.21.0-py3-none-any.whl (1.3 MB)
2026-09-23T08:50:05.0433568Z    ââââââââââââââââââââââââââââââââââââââââ 1.3/1.3 MB 109.9 MB/s  0:00:00
2026-09-23T08:50:05.2581190Z Installing collected packages: pygments, pluggy, packaging, iniconfig, pytest
2026-09-23T08:50:06.0240172Z 
2026-09-23T08:50:06.0248088Z Successfully installed iniconfig-2.3.0 packaging-26.3 pluggy-1.6.0 pygments-2.21.0 pytest-9.1.1
2026-09-23T08:50:06.0711567Z ##[group]Run python automation/inject_mutation.py --error-type "KeyError"
2026-09-23T08:50:06.0712037Z [36;1mpython automation/inject_mutation.py --error-type "KeyError"[0m
2026-09-23T08:50:06.0770625Z shell: /usr/bin/bash -e {0}
2026-09-23T08:50:06.0770840Z env:
2026-09-23T08:50:06.0771068Z   pythonLocation: /opt/hostedtoolcache/Python/3.11.16/x64
2026-09-23T08:50:06.0771618Z   PKG_CONFIG_PATH: /opt/hostedtoolcache/Python/3.11.16/x64/lib/pkgconfig
2026-09-23T08:50:06.0771955Z   Python_ROOT_DIR: /opt/hostedtoolcache/Python/3.11.16/x64
2026-09-23T08:50:06.0772253Z   Python2_ROOT_DIR: /opt/hostedtoolcache/Python/3.11.16/x64
2026-09-23T08:50:06.0772571Z   Python3_ROOT_DIR: /opt/hostedtoolcache/Python/3.11.16/x64
2026-09-23T08:50:06.0772863Z   LD_LIBRARY_PATH: /opt/hostedtoolcache/Python/3.11.16/x64/lib
2026-09-23T08:50:06.0773144Z ##[endgroup]
2026-09-23T08:50:06.1043504Z [Mutation Injected] Successfully injected KeyError into tests/test_app.py
2026-09-23T08:50:06.1102399Z ##[group]Run pytest tests/test_app.py -v
2026-09-23T08:50:06.1102700Z [36;1mpytest tests/test_app.py -v[0m
2026-09-23T08:50:06.1156418Z shell: /usr/bin/bash -e {0}
2026-09-23T08:50:06.1156631Z env:
2026-09-23T08:50:06.1156853Z   pythonLocation: /opt/hostedtoolcache/Python/3.11.16/x64
2026-09-23T08:50:06.1157199Z   PKG_CONFIG_PATH: /opt/hostedtoolcache/Python/3.11.16/x64/lib/pkgconfig
2026-09-23T08:50:06.1157542Z   Python_ROOT_DIR: /opt/hostedtoolcache/Python/3.11.16/x64
2026-09-23T08:50:06.1157845Z   Python2_ROOT_DIR: /opt/hostedtoolcache/Python/3.11.16/x64
2026-09-23T08:50:06.1158138Z   Python3_ROOT_DIR: /opt/hostedtoolcache/Python/3.11.16/x64
2026-09-23T08:50:06.1158435Z   LD_LIBRARY_PATH: /opt/hostedtoolcache/Python/3.11.16/x64/lib
2026-09-23T08:50:06.1158694Z ##[endgroup]
2026-09-23T08:50:06.6461419Z ============================= test session starts ==============================
2026-09-23T08:50:06.6462282Z platform linux -- Python 3.11.16, pytest-9.1.1, pluggy-1.6.0 -- /opt/hostedtoolcache/Python/3.11.16/x64/bin/python
2026-09-23T08:50:06.6462927Z cachedir: .pytest_cache
2026-09-23T08:50:06.6463294Z rootdir: /home/runner/work/log-generation/log-generation
2026-09-23T08:50:06.6463722Z configfile: pytest.ini
2026-09-23T08:50:06.6526957Z collecting ... collected 6 items
2026-09-23T08:50:06.6527292Z 
2026-09-23T08:50:06.6534145Z tests/test_app.py::test_calculate_division PASSED                        [ 16%]
2026-09-23T08:50:06.6539474Z tests/test_app.py::test_convert_to_int PASSED                            [ 33%]
2026-09-23T08:50:06.6544892Z tests/test_app.py::test_get_list_item PASSED                             [ 50%]
2026-09-23T08:50:06.6549564Z tests/test_app.py::test_get_dict_value PASSED                            [ 66%]
2026-09-23T08:50:06.6554861Z tests/test_app.py::test_assert_positive PASSED                           [ 83%]
2026-09-23T08:50:06.6782417Z tests/test_app.py::test_key_error FAILED                                 [100%]
2026-09-23T08:50:06.6783155Z 
2026-09-23T08:50:06.6783554Z =================================== FAILURES ===================================
2026-09-23T08:50:06.6784124Z ________________________________ test_key_error ________________________________
2026-09-23T08:50:06.6784498Z 
2026-09-23T08:50:06.6784693Z     def test_key_error():
2026-09-23T08:50:06.6785045Z         """Injected synthetic KeyError."""
2026-09-23T08:50:06.6785516Z         from src.app import get_dict_value
2026-09-23T08:50:06.6785959Z         config = {"env": "staging", "retries": 3}
2026-09-23T08:50:06.6786417Z >       get_dict_value(config, "missing_auth_token")
2026-09-23T08:50:06.6786757Z 
2026-09-23T08:50:06.6787061Z tests/test_app.py:140: 
2026-09-23T08:50:06.6787424Z _ _ _ _ _ _ _ _ _ _ _ _ _ _ _ _ _ _ _ _ _ _ _ _ _ _ _ _ _ _ _ _ _ _ _ _ _ _ _ _ 
2026-09-23T08:50:06.6787752Z 
2026-09-23T08:50:06.6787944Z d = {'env': 'staging', 'retries': 3}, key = 'missing_auth_token'
2026-09-23T08:50:06.6788242Z 
2026-09-23T08:50:06.6788367Z     def get_dict_value(d, key):
2026-09-23T08:50:06.6788672Z >       return d[key]
2026-09-23T08:50:06.6789099Z                ^^^^^^
2026-09-23T08:50:06.6789370Z E       KeyError: 'missing_auth_token'
2026-09-23T08:50:06.6789584Z 
2026-09-23T08:50:06.6789691Z src/app.py:11: KeyError
2026-09-23T08:50:06.6790046Z =========================== short test summary info ============================
2026-09-23T08:50:06.6790887Z FAILED tests/test_app.py::test_key_error - KeyError: 'missing_auth_token'
2026-09-23T08:50:06.6791460Z ========================= 1 failed, 5 passed in 0.02s ==========================
2026-09-23T08:50:06.6951152Z ##[error]Process completed with exit code 1.
2026-09-23T08:50:06.7066777Z Node 20 is being deprecated. This workflow is running with Node 24 by default. If you need to temporarily use Node 20, you can set the ACTIONS_ALLOW_USE_UNSECURE_NODE_VERSION=true environment variable. For more information see: https://github.blog/changelog/2025-09-19-deprecation-of-node-20-on-github-actions-runners/
2026-09-23T08:50:06.7067720Z Post job cleanup.
2026-09-23T08:50:06.7756613Z [command]/usr/bin/git version
2026-09-23T08:50:06.7791027Z git version 2.55.0
2026-09-23T08:50:06.7822666Z Temporarily overriding HOME='/home/runner/work/_temp/121e8161-03be-4ff0-86cb-46d50053752b' before making global git config changes
2026-09-23T08:50:06.7823607Z Adding repository directory to the temporary git global config as a safe directory
2026-09-23T08:50:06.7827443Z [command]/usr/bin/git config --global --add safe.directory /home/runner/work/log-generation/log-generation
2026-09-23T08:50:06.7860002Z [command]/usr/bin/git config --local --name-only --get-regexp core\.sshCommand
2026-09-23T08:50:06.7888483Z [command]/usr/bin/git submodule foreach --recursive sh -c "git config --local --name-only --get-regexp 'core\.sshCommand' && git config --local --unset-all 'core.sshCommand' || :"
2026-09-23T08:50:06.8101454Z [command]/usr/bin/git config --local --name-only --get-regexp http\.https\:\/\/github\.com\/\.extraheader
2026-09-23T08:50:06.8124033Z http.https://github.com/.extraheader
2026-09-23T08:50:06.8132691Z [command]/usr/bin/git config --local --unset-all http.https://github.com/.extraheader
2026-09-23T08:50:06.8162175Z [command]/usr/bin/git submodule foreach --recursive sh -c "git config --local --name-only --get-regexp 'http\.https\:\/\/github\.com\/\.extraheader' && git config --local --unset-all 'http.https://github.com/.extraheader' || :"
2026-09-23T08:50:06.8378124Z [command]/usr/bin/git config --local --name-only --get-regexp ^includeIf\.gitdir:
2026-09-23T08:50:06.8433772Z [command]/usr/bin/git submodule foreach --recursive git config --local --show-origin --name-only --get-regexp remote.origin.url
2026-09-23T08:50:06.8745952Z Cleaning up orphan processes
2026-09-23T08:50:06.8966659Z ##[warning]Node.js 20 is deprecated. The following actions target Node.js 20 but are being forced to run on Node.js 24: actions/checkout@v4, actions/setup-python@v5. For more information see: https://github.blog/changelog/2025-09-19-deprecation-of-node-20-on-github-actions-runners/
