ï»¿2026-09-23T08:45:33.6554353Z Current runner version: '2.337.0'
2026-09-23T08:45:33.6570937Z ##[group]Runner Image Provisioner
2026-09-23T08:45:33.6571469Z Hosted Compute Agent
2026-09-23T08:45:33.6571822Z Version: 20260828.587
2026-09-23T08:45:33.6572240Z Commit: abac92662cab4cc7352de4f9f9d2e2419aad9c29
2026-09-23T08:45:33.6572676Z Build Date: 2026-08-28T16:44:25Z
2026-09-23T08:45:33.6573181Z Worker ID: {2a903b07-1c67-48c6-bff3-072e7927c1fd}
2026-09-23T08:45:33.6573616Z Azure Region: centralus
2026-09-23T08:45:33.6573963Z ##[endgroup]
2026-09-23T08:45:33.6574991Z ##[group]Operating System
2026-09-23T08:45:33.6575384Z Ubuntu
2026-09-23T08:45:33.6575735Z 24.04.5
2026-09-23T08:45:33.6576094Z LTS
2026-09-23T08:45:33.6576404Z ##[endgroup]
2026-09-23T08:45:33.6576969Z ##[group]Runner Image
2026-09-23T08:45:33.6577361Z Image: ubuntu-24.04
2026-09-23T08:45:33.6577714Z Version: 20260920.314.1
2026-09-23T08:45:33.6578702Z Included Software: https://github.com/actions/runner-images/blob/ubuntu24/20260920.314/images/ubuntu/Ubuntu2404-Readme.md
2026-09-23T08:45:33.6579599Z Image Release: https://github.com/actions/runner-images/releases/tag/ubuntu24%2F20260920.314
2026-09-23T08:45:33.6580219Z ##[endgroup]
2026-09-23T08:45:33.6580922Z ##[group]GITHUB_TOKEN Permissions
2026-09-23T08:45:33.6582323Z Contents: read
2026-09-23T08:45:33.6582656Z Metadata: read
2026-09-23T08:45:33.6583048Z Packages: read
2026-09-23T08:45:33.6583416Z ##[endgroup]
2026-09-23T08:45:33.6584750Z Secret source: Actions
2026-09-23T08:45:33.6585315Z Cache mode: write
2026-09-23T08:45:33.6585953Z Prepare workflow directory
2026-09-23T08:45:33.6795148Z Prepare all required actions
2026-09-23T08:45:33.6825151Z Getting action download info
2026-09-23T08:45:33.9020924Z Download action repository 'actions/checkout@v4' (SHA:11d5960a326750d5838078e36cf38b85af677262)
2026-09-23T08:45:33.9849809Z Download action repository 'actions/setup-python@v5' (SHA:a26af69be951a213d495a4c3e4e4022e16d87065)
2026-09-23T08:45:34.1319970Z Complete job name: test-f3 (AssertionError #237)
2026-09-23T08:45:34.1785740Z Node 20 is being deprecated. This workflow is running with Node 24 by default. If you need to temporarily use Node 20, you can set the ACTIONS_ALLOW_USE_UNSECURE_NODE_VERSION=true environment variable. For more information see: https://github.blog/changelog/2025-09-19-deprecation-of-node-20-on-github-actions-runners/
2026-09-23T08:45:34.1790875Z ##[group]Run actions/checkout@v4
2026-09-23T08:45:34.1791212Z with:
2026-09-23T08:45:34.1791432Z   fetch-depth: 1
2026-09-23T08:45:34.1791677Z   repository: DhruvHegde/log-generation
2026-09-23T08:45:34.1793663Z   token: ***
2026-09-23T08:45:34.1793883Z   ssh-strict: true
2026-09-23T08:45:34.1794104Z   ssh-user: git
2026-09-23T08:45:34.1794335Z   persist-credentials: true
2026-09-23T08:45:34.1794586Z   clean: true
2026-09-23T08:45:34.1794821Z   sparse-checkout-cone-mode: true
2026-09-23T08:45:34.1795090Z   fetch-tags: false
2026-09-23T08:45:34.1795321Z   show-progress: true
2026-09-23T08:45:34.1795550Z   lfs: false
2026-09-23T08:45:34.1795795Z   submodules: false
2026-09-23T08:45:34.1796040Z   set-safe-directory: true
2026-09-23T08:45:34.1796304Z   allow-unsafe-pr-checkout: false
2026-09-23T08:45:34.1796631Z ##[endgroup]
2026-09-23T08:45:34.2413252Z Syncing repository: DhruvHegde/log-generation
2026-09-23T08:45:34.2414800Z ##[group]Getting Git version info
2026-09-23T08:45:34.2415421Z Working directory is '/home/runner/work/log-generation/log-generation'
2026-09-23T08:45:34.2416306Z [command]/usr/bin/git version
2026-09-23T08:45:34.2487019Z git version 2.55.0
2026-09-23T08:45:34.2505137Z ##[endgroup]
2026-09-23T08:45:34.2517464Z Temporarily overriding HOME='/home/runner/work/_temp/106f0046-cd21-4ddf-bbf2-6998e07dab0c' before making global git config changes
2026-09-23T08:45:34.2518836Z Adding repository directory to the temporary git global config as a safe directory
2026-09-23T08:45:34.2524195Z [command]/usr/bin/git config --global --add safe.directory /home/runner/work/log-generation/log-generation
2026-09-23T08:45:34.2560776Z Deleting the contents of '/home/runner/work/log-generation/log-generation'
2026-09-23T08:45:34.2565911Z ##[group]Initializing the repository
2026-09-23T08:45:34.2573547Z [command]/usr/bin/git init /home/runner/work/log-generation/log-generation
2026-09-23T08:45:34.2669545Z hint: Using 'master' as the name for the initial branch. This default branch name
2026-09-23T08:45:34.2670347Z hint: will change to "main" in Git 3.0. To configure the initial branch name
2026-09-23T08:45:34.2671105Z hint: to use in all of your new repositories, which will suppress this warning,
2026-09-23T08:45:34.2672037Z hint: call:
2026-09-23T08:45:34.2672353Z hint:
2026-09-23T08:45:34.2672732Z hint: 	git config --global init.defaultBranch <name>
2026-09-23T08:45:34.2673052Z hint:
2026-09-23T08:45:34.2673351Z hint: Names commonly chosen instead of 'master' are 'main', 'trunk' and
2026-09-23T08:45:34.2673824Z hint: 'development'. The just-created branch can be renamed via this command:
2026-09-23T08:45:34.2674195Z hint:
2026-09-23T08:45:34.2674452Z hint: 	git branch -m <name>
2026-09-23T08:45:34.2674703Z hint:
2026-09-23T08:45:34.2675122Z hint: Disable this message with "git config set advice.defaultBranchName false"
2026-09-23T08:45:34.2675937Z Initialized empty Git repository in /home/runner/work/log-generation/log-generation/.git/
2026-09-23T08:45:34.2680095Z [command]/usr/bin/git remote add origin https://github.com/DhruvHegde/log-generation
2026-09-23T08:45:34.2806862Z ##[endgroup]
2026-09-23T08:45:34.2807324Z ##[group]Disabling automatic garbage collection
2026-09-23T08:45:34.2807712Z [command]/usr/bin/git config --local gc.auto 0
2026-09-23T08:45:34.2844192Z ##[endgroup]
2026-09-23T08:45:34.2844592Z ##[group]Setting up auth
2026-09-23T08:45:34.2844977Z [command]/usr/bin/git config --local --name-only --get-regexp core\.sshCommand
2026-09-23T08:45:34.2869597Z [command]/usr/bin/git submodule foreach --recursive sh -c "git config --local --name-only --get-regexp 'core\.sshCommand' && git config --local --unset-all 'core.sshCommand' || :"
2026-09-23T08:45:34.3153657Z [command]/usr/bin/git config --local --name-only --get-regexp http\.https\:\/\/github\.com\/\.extraheader
2026-09-23T08:45:34.3178911Z [command]/usr/bin/git submodule foreach --recursive sh -c "git config --local --name-only --get-regexp 'http\.https\:\/\/github\.com\/\.extraheader' && git config --local --unset-all 'http.https://github.com/.extraheader' || :"
2026-09-23T08:45:34.3340822Z [command]/usr/bin/git config --local --name-only --get-regexp ^includeIf\.gitdir:
2026-09-23T08:45:34.3366415Z [command]/usr/bin/git submodule foreach --recursive git config --local --show-origin --name-only --get-regexp remote.origin.url
2026-09-23T08:45:34.3527683Z [command]/usr/bin/git config --local http.https://github.com/.extraheader AUTHORIZATION: basic ***
2026-09-23T08:45:34.3558252Z ##[endgroup]
2026-09-23T08:45:34.3559127Z ##[group]Fetching the repository
2026-09-23T08:45:34.3564308Z [command]/usr/bin/git -c protocol.version=2 fetch --no-tags --prune --no-recurse-submodules --depth=1 origin +dfcb6f158e4bd8054252a4da5d0a9edc2ab15d57:refs/remotes/origin/feature/f3-test-failures
2026-09-23T08:45:34.6886990Z From https://github.com/DhruvHegde/log-generation
2026-09-23T08:45:34.6888156Z  * [new ref]         dfcb6f158e4bd8054252a4da5d0a9edc2ab15d57 -> origin/feature/f3-test-failures
2026-09-23T08:45:34.6891860Z ##[endgroup]
2026-09-23T08:45:34.6892578Z ##[group]Determining the checkout info
2026-09-23T08:45:34.6894283Z ##[endgroup]
2026-09-23T08:45:34.6898859Z [command]/usr/bin/git sparse-checkout disable
2026-09-23T08:45:34.6946431Z [command]/usr/bin/git config --local --unset-all extensions.worktreeConfig
2026-09-23T08:45:34.6972018Z ##[group]Checking out the ref
2026-09-23T08:45:34.6981509Z [command]/usr/bin/git checkout --progress --force -B feature/f3-test-failures refs/remotes/origin/feature/f3-test-failures
2026-09-23T08:45:34.7041220Z Switched to a new branch 'feature/f3-test-failures'
2026-09-23T08:45:34.7047685Z branch 'feature/f3-test-failures' set up to track 'origin/feature/f3-test-failures'.
2026-09-23T08:45:34.7051596Z ##[endgroup]
2026-09-23T08:45:34.7084932Z [command]/usr/bin/git log -1 --format=%H
2026-09-23T08:45:34.7107530Z dfcb6f158e4bd8054252a4da5d0a9edc2ab15d57
2026-09-23T08:45:34.7293532Z Node 20 is being deprecated. This workflow is running with Node 24 by default. If you need to temporarily use Node 20, you can set the ACTIONS_ALLOW_USE_UNSECURE_NODE_VERSION=true environment variable. For more information see: https://github.blog/changelog/2025-09-19-deprecation-of-node-20-on-github-actions-runners/
2026-09-23T08:45:34.7295024Z ##[group]Run actions/setup-python@v5
2026-09-23T08:45:34.7295316Z with:
2026-09-23T08:45:34.7295553Z   python-version: 3.11
2026-09-23T08:45:34.7295809Z   check-latest: false
2026-09-23T08:45:34.7297855Z   token: ***
2026-09-23T08:45:34.7298100Z   update-environment: true
2026-09-23T08:45:34.7298520Z   allow-prereleases: false
2026-09-23T08:45:34.7298788Z   freethreaded: false
2026-09-23T08:45:34.7299046Z ##[endgroup]
2026-09-23T08:45:34.8121344Z ##[group]Installed versions
2026-09-23T08:45:34.8184680Z (node:2052) [DEP0040] DeprecationWarning: The `punycode` module is deprecated. Please use a userland alternative instead.
2026-09-23T08:45:34.8185863Z (Use `node --trace-deprecation ...` to show where the warning was created)
2026-09-23T08:45:34.8186556Z Successfully set up CPython (3.11.16)
2026-09-23T08:45:34.8187282Z ##[endgroup]
2026-09-23T08:45:34.8317141Z ##[group]Run pip install --no-cache-dir pytest
2026-09-23T08:45:34.8317621Z [36;1mpip install --no-cache-dir pytest[0m
2026-09-23T08:45:34.8579655Z shell: /usr/bin/bash -e {0}
2026-09-23T08:45:34.8580017Z env:
2026-09-23T08:45:34.8580323Z   pythonLocation: /opt/hostedtoolcache/Python/3.11.16/x64
2026-09-23T08:45:34.8580789Z   PKG_CONFIG_PATH: /opt/hostedtoolcache/Python/3.11.16/x64/lib/pkgconfig
2026-09-23T08:45:34.8581247Z   Python_ROOT_DIR: /opt/hostedtoolcache/Python/3.11.16/x64
2026-09-23T08:45:34.8581654Z   Python2_ROOT_DIR: /opt/hostedtoolcache/Python/3.11.16/x64
2026-09-23T08:45:34.8582068Z   Python3_ROOT_DIR: /opt/hostedtoolcache/Python/3.11.16/x64
2026-09-23T08:45:34.8582501Z   LD_LIBRARY_PATH: /opt/hostedtoolcache/Python/3.11.16/x64/lib
2026-09-23T08:45:34.8582861Z ##[endgroup]
2026-09-23T08:45:35.5738974Z Collecting pytest
2026-09-23T08:45:35.6396652Z   Downloading pytest-9.1.1-py3-none-any.whl.metadata (7.6 kB)
2026-09-23T08:45:35.6582809Z Collecting iniconfig>=1.0.1 (from pytest)
2026-09-23T08:45:35.6707822Z   Downloading iniconfig-2.3.0-py3-none-any.whl.metadata (2.5 kB)
2026-09-23T08:45:35.6901898Z Collecting packaging>=22 (from pytest)
2026-09-23T08:45:35.7030172Z   Downloading packaging-26.3-py3-none-any.whl.metadata (3.5 kB)
2026-09-23T08:45:35.7205863Z Collecting pluggy<2,>=1.5 (from pytest)
2026-09-23T08:45:35.7331050Z   Downloading pluggy-1.6.0-py3-none-any.whl.metadata (4.8 kB)
2026-09-23T08:45:35.7550494Z Collecting pygments>=2.7.2 (from pytest)
2026-09-23T08:45:35.7678975Z   Downloading pygments-2.21.0-py3-none-any.whl.metadata (2.5 kB)
2026-09-23T08:45:35.7821885Z Downloading pytest-9.1.1-py3-none-any.whl (386 kB)
2026-09-23T08:45:35.8463711Z Downloading pluggy-1.6.0-py3-none-any.whl (20 kB)
2026-09-23T08:45:35.8588612Z Downloading iniconfig-2.3.0-py3-none-any.whl (7.5 kB)
2026-09-23T08:45:35.8713749Z Downloading packaging-26.3-py3-none-any.whl (129 kB)
2026-09-23T08:45:35.8861634Z Downloading pygments-2.21.0-py3-none-any.whl (1.3 MB)
2026-09-23T08:45:35.9241666Z    ââââââââââââââââââââââââââââââââââââââââ 1.3/1.3 MB 39.9 MB/s  0:00:00
2026-09-23T08:45:35.9706726Z Installing collected packages: pygments, pluggy, packaging, iniconfig, pytest
2026-09-23T08:45:36.5347571Z 
2026-09-23T08:45:36.5353771Z Successfully installed iniconfig-2.3.0 packaging-26.3 pluggy-1.6.0 pygments-2.21.0 pytest-9.1.1
2026-09-23T08:45:36.5744553Z ##[group]Run python automation/inject_mutation.py --error-type "AssertionError"
2026-09-23T08:45:36.5744916Z [36;1mpython automation/inject_mutation.py --error-type "AssertionError"[0m
2026-09-23T08:45:36.5799188Z shell: /usr/bin/bash -e {0}
2026-09-23T08:45:36.5799328Z env:
2026-09-23T08:45:36.5799638Z   pythonLocation: /opt/hostedtoolcache/Python/3.11.16/x64
2026-09-23T08:45:36.5799878Z   PKG_CONFIG_PATH: /opt/hostedtoolcache/Python/3.11.16/x64/lib/pkgconfig
2026-09-23T08:45:36.5800112Z   Python_ROOT_DIR: /opt/hostedtoolcache/Python/3.11.16/x64
2026-09-23T08:45:36.5800321Z   Python2_ROOT_DIR: /opt/hostedtoolcache/Python/3.11.16/x64
2026-09-23T08:45:36.5800543Z   Python3_ROOT_DIR: /opt/hostedtoolcache/Python/3.11.16/x64
2026-09-23T08:45:36.5800754Z   LD_LIBRARY_PATH: /opt/hostedtoolcache/Python/3.11.16/x64/lib
2026-09-23T08:45:36.5800966Z ##[endgroup]
2026-09-23T08:45:36.6024393Z [Mutation Injected] Successfully injected AssertionError into tests/test_app.py
2026-09-23T08:45:36.6072984Z ##[group]Run pytest tests/test_app.py -v
2026-09-23T08:45:36.6073179Z [36;1mpytest tests/test_app.py -v[0m
2026-09-23T08:45:36.6119794Z shell: /usr/bin/bash -e {0}
2026-09-23T08:45:36.6119932Z env:
2026-09-23T08:45:36.6120081Z   pythonLocation: /opt/hostedtoolcache/Python/3.11.16/x64
2026-09-23T08:45:36.6120318Z   PKG_CONFIG_PATH: /opt/hostedtoolcache/Python/3.11.16/x64/lib/pkgconfig
2026-09-23T08:45:36.6120562Z   Python_ROOT_DIR: /opt/hostedtoolcache/Python/3.11.16/x64
2026-09-23T08:45:36.6120771Z   Python2_ROOT_DIR: /opt/hostedtoolcache/Python/3.11.16/x64
2026-09-23T08:45:36.6120983Z   Python3_ROOT_DIR: /opt/hostedtoolcache/Python/3.11.16/x64
2026-09-23T08:45:36.6121195Z   LD_LIBRARY_PATH: /opt/hostedtoolcache/Python/3.11.16/x64/lib
2026-09-23T08:45:36.6121377Z ##[endgroup]
2026-09-23T08:45:36.7606250Z ============================= test session starts ==============================
2026-09-23T08:45:36.7606972Z platform linux -- Python 3.11.16, pytest-9.1.1, pluggy-1.6.0 -- /opt/hostedtoolcache/Python/3.11.16/x64/bin/python
2026-09-23T08:45:36.7607418Z cachedir: .pytest_cache
2026-09-23T08:45:36.7607688Z rootdir: /home/runner/work/log-generation/log-generation
2026-09-23T08:45:36.7607991Z configfile: pytest.ini
2026-09-23T08:45:36.7656473Z collecting ... collected 6 items
2026-09-23T08:45:36.7656876Z 
2026-09-23T08:45:36.7661258Z tests/test_app.py::test_calculate_division PASSED                        [ 16%]
2026-09-23T08:45:36.7665096Z tests/test_app.py::test_convert_to_int PASSED                            [ 33%]
2026-09-23T08:45:36.7668902Z tests/test_app.py::test_get_list_item PASSED                             [ 50%]
2026-09-23T08:45:36.7673034Z tests/test_app.py::test_get_dict_value PASSED                            [ 66%]
2026-09-23T08:45:36.7676342Z tests/test_app.py::test_assert_positive PASSED                           [ 83%]
2026-09-23T08:45:36.7851042Z tests/test_app.py::test_assertion_failure FAILED                         [100%]
2026-09-23T08:45:36.7851340Z 
2026-09-23T08:45:36.7851558Z =================================== FAILURES ===================================
2026-09-23T08:45:36.7851900Z ____________________________ test_assertion_failure ____________________________
2026-09-23T08:45:36.7852116Z 
2026-09-23T08:45:36.7852210Z     def test_assertion_failure():
2026-09-23T08:45:36.7852463Z         """Injected synthetic AssertionError."""
2026-09-23T08:45:36.7852741Z         expected_status = 200
2026-09-23T08:45:36.7852948Z         actual_status = 500
2026-09-23T08:45:36.7853318Z >       assert actual_status == expected_status, f"Expected {expected_status}, received {actual_status}"
2026-09-23T08:45:36.7853734Z E       AssertionError: Expected 200, received 500
2026-09-23T08:45:36.7853983Z E       assert 500 == 200
2026-09-23T08:45:36.7854114Z 
2026-09-23T08:45:36.7854210Z tests/test_app.py:138: AssertionError
2026-09-23T08:45:36.7854501Z =========================== short test summary info ============================
2026-09-23T08:45:36.7854972Z FAILED tests/test_app.py::test_assertion_failure - AssertionError: Expected 200, received 500
2026-09-23T08:45:36.7855341Z assert 500 == 200
2026-09-23T08:45:36.7855567Z ========================= 1 failed, 5 passed in 0.02s ==========================
2026-09-23T08:45:36.7986365Z ##[error]Process completed with exit code 1.
2026-09-23T08:45:36.8073624Z Node 20 is being deprecated. This workflow is running with Node 24 by default. If you need to temporarily use Node 20, you can set the ACTIONS_ALLOW_USE_UNSECURE_NODE_VERSION=true environment variable. For more information see: https://github.blog/changelog/2025-09-19-deprecation-of-node-20-on-github-actions-runners/
2026-09-23T08:45:36.8074374Z Post job cleanup.
2026-09-23T08:45:36.8581571Z [command]/usr/bin/git version
2026-09-23T08:45:36.8612351Z git version 2.55.0
2026-09-23T08:45:36.8635158Z Temporarily overriding HOME='/home/runner/work/_temp/85c216dc-0f22-4e92-96ad-6edb2763750f' before making global git config changes
2026-09-23T08:45:36.8635657Z Adding repository directory to the temporary git global config as a safe directory
2026-09-23T08:45:36.8644548Z [command]/usr/bin/git config --global --add safe.directory /home/runner/work/log-generation/log-generation
2026-09-23T08:45:36.8666978Z [command]/usr/bin/git config --local --name-only --get-regexp core\.sshCommand
2026-09-23T08:45:36.8692157Z [command]/usr/bin/git submodule foreach --recursive sh -c "git config --local --name-only --get-regexp 'core\.sshCommand' && git config --local --unset-all 'core.sshCommand' || :"
2026-09-23T08:45:36.8876286Z [command]/usr/bin/git config --local --name-only --get-regexp http\.https\:\/\/github\.com\/\.extraheader
2026-09-23T08:45:36.8901734Z http.https://github.com/.extraheader
2026-09-23T08:45:36.8915559Z [command]/usr/bin/git config --local --unset-all http.https://github.com/.extraheader
2026-09-23T08:45:36.8938057Z [command]/usr/bin/git submodule foreach --recursive sh -c "git config --local --name-only --get-regexp 'http\.https\:\/\/github\.com\/\.extraheader' && git config --local --unset-all 'http.https://github.com/.extraheader' || :"
2026-09-23T08:45:36.9137722Z [command]/usr/bin/git config --local --name-only --get-regexp ^includeIf\.gitdir:
2026-09-23T08:45:36.9167227Z [command]/usr/bin/git submodule foreach --recursive git config --local --show-origin --name-only --get-regexp remote.origin.url
2026-09-23T08:45:36.9440352Z Cleaning up orphan processes
2026-09-23T08:45:36.9613545Z ##[warning]Node.js 20 is deprecated. The following actions target Node.js 20 but are being forced to run on Node.js 24: actions/checkout@v4, actions/setup-python@v5. For more information see: https://github.blog/changelog/2025-09-19-deprecation-of-node-20-on-github-actions-runners/
