ï»¿2026-09-23T08:44:40.1394492Z Current runner version: '2.337.0'
2026-09-23T08:44:40.1431589Z ##[group]Runner Image Provisioner
2026-09-23T08:44:40.1433035Z Hosted Compute Agent
2026-09-23T08:44:40.1434047Z Version: 20260828.587
2026-09-23T08:44:40.1435105Z Commit: abac92662cab4cc7352de4f9f9d2e2419aad9c29
2026-09-23T08:44:40.1436645Z Build Date: 2026-08-28T16:44:25Z
2026-09-23T08:44:40.1437998Z Worker ID: {2a06eea1-619a-47d1-a7e0-d0835c5832d1}
2026-09-23T08:44:40.1439295Z Azure Region: eastus
2026-09-23T08:44:40.1440308Z ##[endgroup]
2026-09-23T08:44:40.1443426Z ##[group]Operating System
2026-09-23T08:44:40.1445043Z Ubuntu
2026-09-23T08:44:40.1446409Z 24.04.5
2026-09-23T08:44:40.1447249Z LTS
2026-09-23T08:44:40.1448123Z ##[endgroup]
2026-09-23T08:44:40.1449024Z ##[group]Runner Image
2026-09-23T08:44:40.1450140Z Image: ubuntu-24.04
2026-09-23T08:44:40.1451134Z Version: 20260907.300.1
2026-09-23T08:44:40.1453257Z Included Software: https://github.com/actions/runner-images/blob/ubuntu24/20260907.300/images/ubuntu/Ubuntu2404-Readme.md
2026-09-23T08:44:40.1456235Z Image Release: https://github.com/actions/runner-images/releases/tag/ubuntu24%2F20260907.300
2026-09-23T08:44:40.1457969Z ##[endgroup]
2026-09-23T08:44:40.1460029Z ##[group]GITHUB_TOKEN Permissions
2026-09-23T08:44:40.1463420Z Contents: read
2026-09-23T08:44:40.1464349Z Metadata: read
2026-09-23T08:44:40.1465201Z Packages: read
2026-09-23T08:44:40.1466608Z ##[endgroup]
2026-09-23T08:44:40.1469753Z Secret source: Actions
2026-09-23T08:44:40.1471325Z Cache mode: write
2026-09-23T08:44:40.1472893Z Prepare workflow directory
2026-09-23T08:44:40.1970323Z Prepare all required actions
2026-09-23T08:44:40.2043523Z Getting action download info
2026-09-23T08:44:40.4260151Z Download action repository 'actions/checkout@v4' (SHA:11d5960a326750d5838078e36cf38b85af677262)
2026-09-23T08:44:40.5308103Z Download action repository 'actions/setup-python@v5' (SHA:a26af69be951a213d495a4c3e4e4022e16d87065)
2026-09-23T08:44:40.7187236Z Complete job name: test-f3 (ValueError #87)
2026-09-23T08:44:40.7982720Z Node 20 is being deprecated. This workflow is running with Node 24 by default. If you need to temporarily use Node 20, you can set the ACTIONS_ALLOW_USE_UNSECURE_NODE_VERSION=true environment variable. For more information see: https://github.blog/changelog/2025-09-19-deprecation-of-node-20-on-github-actions-runners/
2026-09-23T08:44:40.7992094Z ##[group]Run actions/checkout@v4
2026-09-23T08:44:40.7992915Z with:
2026-09-23T08:44:40.7993346Z   fetch-depth: 1
2026-09-23T08:44:40.7993833Z   repository: DhruvHegde/log-generation
2026-09-23T08:44:40.7997818Z   token: ***
2026-09-23T08:44:40.7998258Z   ssh-strict: true
2026-09-23T08:44:40.7998698Z   ssh-user: git
2026-09-23T08:44:40.7999157Z   persist-credentials: true
2026-09-23T08:44:40.7999648Z   clean: true
2026-09-23T08:44:40.8000095Z   sparse-checkout-cone-mode: true
2026-09-23T08:44:40.8000661Z   fetch-tags: false
2026-09-23T08:44:40.8001105Z   show-progress: true
2026-09-23T08:44:40.8001556Z   lfs: false
2026-09-23T08:44:40.8002009Z   submodules: false
2026-09-23T08:44:40.8002463Z   set-safe-directory: true
2026-09-23T08:44:40.8002974Z   allow-unsafe-pr-checkout: false
2026-09-23T08:44:40.8003774Z ##[endgroup]
2026-09-23T08:44:40.9013462Z Syncing repository: DhruvHegde/log-generation
2026-09-23T08:44:40.9016300Z ##[group]Getting Git version info
2026-09-23T08:44:40.9017667Z Working directory is '/home/runner/work/log-generation/log-generation'
2026-09-23T08:44:40.9019869Z [command]/usr/bin/git version
2026-09-23T08:44:40.9124286Z git version 2.55.0
2026-09-23T08:44:40.9150890Z ##[endgroup]
2026-09-23T08:44:40.9166660Z Temporarily overriding HOME='/home/runner/work/_temp/09acb812-a59d-43ca-9592-9cd07ce1fdcc' before making global git config changes
2026-09-23T08:44:40.9168960Z Adding repository directory to the temporary git global config as a safe directory
2026-09-23T08:44:40.9174061Z [command]/usr/bin/git config --global --add safe.directory /home/runner/work/log-generation/log-generation
2026-09-23T08:44:40.9241238Z Deleting the contents of '/home/runner/work/log-generation/log-generation'
2026-09-23T08:44:40.9247587Z ##[group]Initializing the repository
2026-09-23T08:44:40.9251644Z [command]/usr/bin/git init /home/runner/work/log-generation/log-generation
2026-09-23T08:44:40.9374339Z hint: Using 'master' as the name for the initial branch. This default branch name
2026-09-23T08:44:40.9376483Z hint: will change to "main" in Git 3.0. To configure the initial branch name
2026-09-23T08:44:40.9378686Z hint: to use in all of your new repositories, which will suppress this warning,
2026-09-23T08:44:40.9380221Z hint: call:
2026-09-23T08:44:40.9381036Z hint:
2026-09-23T08:44:40.9382085Z hint: 	git config --global init.defaultBranch <name>
2026-09-23T08:44:40.9383526Z hint:
2026-09-23T08:44:40.9384776Z hint: Names commonly chosen instead of 'master' are 'main', 'trunk' and
2026-09-23T08:44:40.9386709Z hint: 'development'. The just-created branch can be renamed via this command:
2026-09-23T08:44:40.9388197Z hint:
2026-09-23T08:44:40.9389156Z hint: 	git branch -m <name>
2026-09-23T08:44:40.9390412Z hint:
2026-09-23T08:44:40.9391615Z hint: Disable this message with "git config set advice.defaultBranchName false"
2026-09-23T08:44:40.9393818Z Initialized empty Git repository in /home/runner/work/log-generation/log-generation/.git/
2026-09-23T08:44:40.9397529Z [command]/usr/bin/git remote add origin https://github.com/DhruvHegde/log-generation
2026-09-23T08:44:40.9485636Z ##[endgroup]
2026-09-23T08:44:40.9488447Z ##[group]Disabling automatic garbage collection
2026-09-23T08:44:40.9490648Z [command]/usr/bin/git config --local gc.auto 0
2026-09-23T08:44:40.9521936Z ##[endgroup]
2026-09-23T08:44:40.9522811Z ##[group]Setting up auth
2026-09-23T08:44:40.9531421Z [command]/usr/bin/git config --local --name-only --get-regexp core\.sshCommand
2026-09-23T08:44:40.9571961Z [command]/usr/bin/git submodule foreach --recursive sh -c "git config --local --name-only --get-regexp 'core\.sshCommand' && git config --local --unset-all 'core.sshCommand' || :"
2026-09-23T08:44:40.9964870Z [command]/usr/bin/git config --local --name-only --get-regexp http\.https\:\/\/github\.com\/\.extraheader
2026-09-23T08:44:41.0002618Z [command]/usr/bin/git submodule foreach --recursive sh -c "git config --local --name-only --get-regexp 'http\.https\:\/\/github\.com\/\.extraheader' && git config --local --unset-all 'http.https://github.com/.extraheader' || :"
2026-09-23T08:44:41.0234680Z [command]/usr/bin/git config --local --name-only --get-regexp ^includeIf\.gitdir:
2026-09-23T08:44:41.0273816Z [command]/usr/bin/git submodule foreach --recursive git config --local --show-origin --name-only --get-regexp remote.origin.url
2026-09-23T08:44:41.0503335Z [command]/usr/bin/git config --local http.https://github.com/.extraheader AUTHORIZATION: basic ***
2026-09-23T08:44:41.0543699Z ##[endgroup]
2026-09-23T08:44:41.0544918Z ##[group]Fetching the repository
2026-09-23T08:44:41.0554287Z [command]/usr/bin/git -c protocol.version=2 fetch --no-tags --prune --no-recurse-submodules --depth=1 origin +dfcb6f158e4bd8054252a4da5d0a9edc2ab15d57:refs/remotes/origin/feature/f3-test-failures
2026-09-23T08:44:41.3070593Z From https://github.com/DhruvHegde/log-generation
2026-09-23T08:44:41.3072967Z  * [new ref]         dfcb6f158e4bd8054252a4da5d0a9edc2ab15d57 -> origin/feature/f3-test-failures
2026-09-23T08:44:41.3077717Z ##[endgroup]
2026-09-23T08:44:41.3079779Z ##[group]Determining the checkout info
2026-09-23T08:44:41.3082112Z ##[endgroup]
2026-09-23T08:44:41.3088949Z [command]/usr/bin/git sparse-checkout disable
2026-09-23T08:44:41.3146846Z [command]/usr/bin/git config --local --unset-all extensions.worktreeConfig
2026-09-23T08:44:41.3181126Z ##[group]Checking out the ref
2026-09-23T08:44:41.3187320Z [command]/usr/bin/git checkout --progress --force -B feature/f3-test-failures refs/remotes/origin/feature/f3-test-failures
2026-09-23T08:44:41.3308415Z Switched to a new branch 'feature/f3-test-failures'
2026-09-23T08:44:41.3315262Z branch 'feature/f3-test-failures' set up to track 'origin/feature/f3-test-failures'.
2026-09-23T08:44:41.3321028Z ##[endgroup]
2026-09-23T08:44:41.3367149Z [command]/usr/bin/git log -1 --format=%H
2026-09-23T08:44:41.3394065Z dfcb6f158e4bd8054252a4da5d0a9edc2ab15d57
2026-09-23T08:44:41.3673356Z Node 20 is being deprecated. This workflow is running with Node 24 by default. If you need to temporarily use Node 20, you can set the ACTIONS_ALLOW_USE_UNSECURE_NODE_VERSION=true environment variable. For more information see: https://github.blog/changelog/2025-09-19-deprecation-of-node-20-on-github-actions-runners/
2026-09-23T08:44:41.3676704Z ##[group]Run actions/setup-python@v5
2026-09-23T08:44:41.3677273Z with:
2026-09-23T08:44:41.3677689Z   python-version: 3.11
2026-09-23T08:44:41.3678171Z   check-latest: false
2026-09-23T08:44:41.3681711Z   token: ***
2026-09-23T08:44:41.3682150Z   update-environment: true
2026-09-23T08:44:41.3682652Z   allow-prereleases: false
2026-09-23T08:44:41.3683151Z   freethreaded: false
2026-09-23T08:44:41.3683610Z ##[endgroup]
2026-09-23T08:44:41.5058036Z ##[group]Installed versions
2026-09-23T08:44:41.5156070Z (node:2262) [DEP0040] DeprecationWarning: The `punycode` module is deprecated. Please use a userland alternative instead.
2026-09-23T08:44:41.5158446Z (Use `node --trace-deprecation ...` to show where the warning was created)
2026-09-23T08:44:41.5159778Z Successfully set up CPython (3.11.16)
2026-09-23T08:44:41.5161185Z ##[endgroup]
2026-09-23T08:44:41.5341623Z ##[group]Run pip install --no-cache-dir pytest
2026-09-23T08:44:41.5342416Z [36;1mpip install --no-cache-dir pytest[0m
2026-09-23T08:44:41.5395231Z shell: /usr/bin/bash -e {0}
2026-09-23T08:44:41.5396143Z env:
2026-09-23T08:44:41.5396694Z   pythonLocation: /opt/hostedtoolcache/Python/3.11.16/x64
2026-09-23T08:44:41.5397556Z   PKG_CONFIG_PATH: /opt/hostedtoolcache/Python/3.11.16/x64/lib/pkgconfig
2026-09-23T08:44:41.5398410Z   Python_ROOT_DIR: /opt/hostedtoolcache/Python/3.11.16/x64
2026-09-23T08:44:41.5399177Z   Python2_ROOT_DIR: /opt/hostedtoolcache/Python/3.11.16/x64
2026-09-23T08:44:41.5399947Z   Python3_ROOT_DIR: /opt/hostedtoolcache/Python/3.11.16/x64
2026-09-23T08:44:41.5400746Z   LD_LIBRARY_PATH: /opt/hostedtoolcache/Python/3.11.16/x64/lib
2026-09-23T08:44:41.5401412Z ##[endgroup]
2026-09-23T08:44:42.3954809Z Collecting pytest
2026-09-23T08:44:42.4482555Z   Downloading pytest-9.1.1-py3-none-any.whl.metadata (7.6 kB)
2026-09-23T08:44:42.4569602Z Collecting iniconfig>=1.0.1 (from pytest)
2026-09-23T08:44:42.4607277Z   Downloading iniconfig-2.3.0-py3-none-any.whl.metadata (2.5 kB)
2026-09-23T08:44:42.4711337Z Collecting packaging>=22 (from pytest)
2026-09-23T08:44:42.4749469Z   Downloading packaging-26.3-py3-none-any.whl.metadata (3.5 kB)
2026-09-23T08:44:42.4829338Z Collecting pluggy<2,>=1.5 (from pytest)
2026-09-23T08:44:42.4910248Z   Downloading pluggy-1.6.0-py3-none-any.whl.metadata (4.8 kB)
2026-09-23T08:44:42.5049929Z Collecting pygments>=2.7.2 (from pytest)
2026-09-23T08:44:42.5087164Z   Downloading pygments-2.21.0-py3-none-any.whl.metadata (2.5 kB)
2026-09-23T08:44:42.5150365Z Downloading pytest-9.1.1-py3-none-any.whl (386 kB)
2026-09-23T08:44:42.5345232Z Downloading pluggy-1.6.0-py3-none-any.whl (20 kB)
2026-09-23T08:44:42.5381181Z Downloading iniconfig-2.3.0-py3-none-any.whl (7.5 kB)
2026-09-23T08:44:42.5417027Z Downloading packaging-26.3-py3-none-any.whl (129 kB)
2026-09-23T08:44:42.5457349Z Downloading pygments-2.21.0-py3-none-any.whl (1.3 MB)
2026-09-23T08:44:42.5534731Z    ââââââââââââââââââââââââââââââââââââââââ 1.3/1.3 MB 206.4 MB/s  0:00:00
2026-09-23T08:44:42.6213160Z Installing collected packages: pygments, pluggy, packaging, iniconfig, pytest
2026-09-23T08:44:43.6097554Z 
2026-09-23T08:44:43.6106919Z Successfully installed iniconfig-2.3.0 packaging-26.3 pluggy-1.6.0 pygments-2.21.0 pytest-9.1.1
2026-09-23T08:44:43.6665780Z ##[group]Run python automation/inject_mutation.py --error-type "ValueError"
2026-09-23T08:44:43.6666591Z [36;1mpython automation/inject_mutation.py --error-type "ValueError"[0m
2026-09-23T08:44:43.6705787Z shell: /usr/bin/bash -e {0}
2026-09-23T08:44:43.6706124Z env:
2026-09-23T08:44:43.6706486Z   pythonLocation: /opt/hostedtoolcache/Python/3.11.16/x64
2026-09-23T08:44:43.6707267Z   PKG_CONFIG_PATH: /opt/hostedtoolcache/Python/3.11.16/x64/lib/pkgconfig
2026-09-23T08:44:43.6707835Z   Python_ROOT_DIR: /opt/hostedtoolcache/Python/3.11.16/x64
2026-09-23T08:44:43.6708343Z   Python2_ROOT_DIR: /opt/hostedtoolcache/Python/3.11.16/x64
2026-09-23T08:44:43.6708879Z   Python3_ROOT_DIR: /opt/hostedtoolcache/Python/3.11.16/x64
2026-09-23T08:44:43.6709388Z   LD_LIBRARY_PATH: /opt/hostedtoolcache/Python/3.11.16/x64/lib
2026-09-23T08:44:43.6709818Z ##[endgroup]
2026-09-23T08:44:43.7012267Z [Mutation Injected] Successfully injected ValueError into tests/test_app.py
2026-09-23T08:44:43.7089568Z ##[group]Run pytest tests/test_app.py -v
2026-09-23T08:44:43.7090066Z [36;1mpytest tests/test_app.py -v[0m
2026-09-23T08:44:43.7128438Z shell: /usr/bin/bash -e {0}
2026-09-23T08:44:43.7128762Z env:
2026-09-23T08:44:43.7129095Z   pythonLocation: /opt/hostedtoolcache/Python/3.11.16/x64
2026-09-23T08:44:43.7129638Z   PKG_CONFIG_PATH: /opt/hostedtoolcache/Python/3.11.16/x64/lib/pkgconfig
2026-09-23T08:44:43.7130207Z   Python_ROOT_DIR: /opt/hostedtoolcache/Python/3.11.16/x64
2026-09-23T08:44:43.7130692Z   Python2_ROOT_DIR: /opt/hostedtoolcache/Python/3.11.16/x64
2026-09-23T08:44:43.7131177Z   Python3_ROOT_DIR: /opt/hostedtoolcache/Python/3.11.16/x64
2026-09-23T08:44:43.7131669Z   LD_LIBRARY_PATH: /opt/hostedtoolcache/Python/3.11.16/x64/lib
2026-09-23T08:44:43.7132071Z ##[endgroup]
2026-09-23T08:44:44.1035246Z ============================= test session starts ==============================
2026-09-23T08:44:44.1036433Z platform linux -- Python 3.11.16, pytest-9.1.1, pluggy-1.6.0 -- /opt/hostedtoolcache/Python/3.11.16/x64/bin/python
2026-09-23T08:44:44.1037073Z cachedir: .pytest_cache
2026-09-23T08:44:44.1037409Z rootdir: /home/runner/work/log-generation/log-generation
2026-09-23T08:44:44.1037781Z configfile: pytest.ini
2026-09-23T08:44:44.1131030Z collecting ... collected 6 items
2026-09-23T08:44:44.1131532Z 
2026-09-23T08:44:44.1139874Z tests/test_app.py::test_calculate_division PASSED                        [ 16%]
2026-09-23T08:44:44.1147210Z tests/test_app.py::test_convert_to_int PASSED                            [ 33%]
2026-09-23T08:44:44.1154247Z tests/test_app.py::test_get_list_item PASSED                             [ 50%]
2026-09-23T08:44:44.1161311Z tests/test_app.py::test_get_dict_value PASSED                            [ 66%]
2026-09-23T08:44:44.1168143Z tests/test_app.py::test_assert_positive PASSED                           [ 83%]
2026-09-23T08:44:44.1446243Z tests/test_app.py::test_value_error FAILED                               [100%]
2026-09-23T08:44:44.1446910Z 
2026-09-23T08:44:44.1447276Z =================================== FAILURES ===================================
2026-09-23T08:44:44.1447982Z _______________________________ test_value_error _______________________________
2026-09-23T08:44:44.1448444Z 
2026-09-23T08:44:44.1448601Z     def test_value_error():
2026-09-23T08:44:44.1449036Z         """Injected synthetic ValueError."""
2026-09-23T08:44:44.1449563Z         from src.app import convert_to_int
2026-09-23T08:44:44.1450100Z >       convert_to_int("unparseable_alphanumeric_0x99")
2026-09-23T08:44:44.1450498Z 
2026-09-23T08:44:44.1450659Z tests/test_app.py:137: 
2026-09-23T08:44:44.1451133Z _ _ _ _ _ _ _ _ _ _ _ _ _ _ _ _ _ _ _ _ _ _ _ _ _ _ _ _ _ _ _ _ _ _ _ _ _ _ _ _ 
2026-09-23T08:44:44.1451537Z 
2026-09-23T08:44:44.1451714Z val = 'unparseable_alphanumeric_0x99'
2026-09-23T08:44:44.1452018Z 
2026-09-23T08:44:44.1452171Z     def convert_to_int(val):
2026-09-23T08:44:44.1452556Z >       return int(val)
2026-09-23T08:44:44.1452915Z                ^^^^^^^^
2026-09-23T08:44:44.1453563Z E       ValueError: invalid literal for int() with base 10: 'unparseable_alphanumeric_0x99'
2026-09-23T08:44:44.1454151Z 
2026-09-23T08:44:44.1454312Z src/app.py:5: ValueError
2026-09-23T08:44:44.1454796Z =========================== short test summary info ============================
2026-09-23T08:44:44.1456208Z FAILED tests/test_app.py::test_value_error - ValueError: invalid literal for int() with base 10: 'unparseable_alphanumeric_0x99'
2026-09-23T08:44:44.1457742Z ========================= 1 failed, 5 passed in 0.03s ==========================
2026-09-23T08:44:44.1643427Z ##[error]Process completed with exit code 1.
2026-09-23T08:44:44.1788875Z Node 20 is being deprecated. This workflow is running with Node 24 by default. If you need to temporarily use Node 20, you can set the ACTIONS_ALLOW_USE_UNSECURE_NODE_VERSION=true environment variable. For more information see: https://github.blog/changelog/2025-09-19-deprecation-of-node-20-on-github-actions-runners/
2026-09-23T08:44:44.1790186Z Post job cleanup.
2026-09-23T08:44:44.2682254Z [command]/usr/bin/git version
2026-09-23T08:44:44.2730788Z git version 2.55.0
2026-09-23T08:44:44.2777285Z Temporarily overriding HOME='/home/runner/work/_temp/37075d18-d782-4fa7-9200-1299958e1566' before making global git config changes
2026-09-23T08:44:44.2778552Z Adding repository directory to the temporary git global config as a safe directory
2026-09-23T08:44:44.2784140Z [command]/usr/bin/git config --global --add safe.directory /home/runner/work/log-generation/log-generation
2026-09-23T08:44:44.2831096Z [command]/usr/bin/git config --local --name-only --get-regexp core\.sshCommand
2026-09-23T08:44:44.2870613Z [command]/usr/bin/git submodule foreach --recursive sh -c "git config --local --name-only --get-regexp 'core\.sshCommand' && git config --local --unset-all 'core.sshCommand' || :"
2026-09-23T08:44:44.3131838Z [command]/usr/bin/git config --local --name-only --get-regexp http\.https\:\/\/github\.com\/\.extraheader
2026-09-23T08:44:44.3167412Z http.https://github.com/.extraheader
2026-09-23T08:44:44.3178707Z [command]/usr/bin/git config --local --unset-all http.https://github.com/.extraheader
2026-09-23T08:44:44.3214316Z [command]/usr/bin/git submodule foreach --recursive sh -c "git config --local --name-only --get-regexp 'http\.https\:\/\/github\.com\/\.extraheader' && git config --local --unset-all 'http.https://github.com/.extraheader' || :"
2026-09-23T08:44:44.3480243Z [command]/usr/bin/git config --local --name-only --get-regexp ^includeIf\.gitdir:
2026-09-23T08:44:44.3519380Z [command]/usr/bin/git submodule foreach --recursive git config --local --show-origin --name-only --get-regexp remote.origin.url
2026-09-23T08:44:44.3921939Z Cleaning up orphan processes
2026-09-23T08:44:44.4218371Z ##[warning]Node.js 20 is deprecated. The following actions target Node.js 20 but are being forced to run on Node.js 24: actions/checkout@v4, actions/setup-python@v5. For more information see: https://github.blog/changelog/2025-09-19-deprecation-of-node-20-on-github-actions-runners/
