ï»¿2026-09-23T08:49:12.1908955Z Current runner version: '2.337.0'
2026-09-23T08:49:12.1935453Z ##[group]Runner Image Provisioner
2026-09-23T08:49:12.1936150Z Hosted Compute Agent
2026-09-23T08:49:12.1936639Z Version: 20260828.587
2026-09-23T08:49:12.1937222Z Commit: abac92662cab4cc7352de4f9f9d2e2419aad9c29
2026-09-23T08:49:12.1937814Z Build Date: 2026-08-28T16:44:25Z
2026-09-23T08:49:12.1938437Z Worker ID: {4cdd1ba2-2263-41e9-83b7-d1ec7c8c8ecf}
2026-09-23T08:49:12.1939072Z Azure Region: eastus
2026-09-23T08:49:12.1939581Z ##[endgroup]
2026-09-23T08:49:12.1941166Z ##[group]Operating System
2026-09-23T08:49:12.1941770Z Ubuntu
2026-09-23T08:49:12.1942600Z 24.04.5
2026-09-23T08:49:12.1943037Z LTS
2026-09-23T08:49:12.1943503Z ##[endgroup]
2026-09-23T08:49:12.1943977Z ##[group]Runner Image
2026-09-23T08:49:12.1944488Z Image: ubuntu-24.04
2026-09-23T08:49:12.1944991Z Version: 20260907.300.1
2026-09-23T08:49:12.1946208Z Included Software: https://github.com/actions/runner-images/blob/ubuntu24/20260907.300/images/ubuntu/Ubuntu2404-Readme.md
2026-09-23T08:49:12.1947467Z Image Release: https://github.com/actions/runner-images/releases/tag/ubuntu24%2F20260907.300
2026-09-23T08:49:12.1948259Z ##[endgroup]
2026-09-23T08:49:12.1949267Z ##[group]GITHUB_TOKEN Permissions
2026-09-23T08:49:12.1951237Z Contents: read
2026-09-23T08:49:12.1951824Z Metadata: read
2026-09-23T08:49:12.1952282Z Packages: read
2026-09-23T08:49:12.1952831Z ##[endgroup]
2026-09-23T08:49:12.1954554Z Secret source: Actions
2026-09-23T08:49:12.1955486Z Cache mode: write
2026-09-23T08:49:12.1956353Z Prepare workflow directory
2026-09-23T08:49:12.2212224Z Prepare all required actions
2026-09-23T08:49:12.2251342Z Getting action download info
2026-09-23T08:49:12.4062816Z Download action repository 'actions/checkout@v4' (SHA:11d5960a326750d5838078e36cf38b85af677262)
2026-09-23T08:49:12.4964795Z Download action repository 'actions/setup-python@v5' (SHA:a26af69be951a213d495a4c3e4e4022e16d87065)
2026-09-23T08:49:12.6848262Z Complete job name: test-f3 (AssertionError #120)
2026-09-23T08:49:12.7460804Z Node 20 is being deprecated. This workflow is running with Node 24 by default. If you need to temporarily use Node 20, you can set the ACTIONS_ALLOW_USE_UNSECURE_NODE_VERSION=true environment variable. For more information see: https://github.blog/changelog/2025-09-19-deprecation-of-node-20-on-github-actions-runners/
2026-09-23T08:49:12.7467620Z ##[group]Run actions/checkout@v4
2026-09-23T08:49:12.7468155Z with:
2026-09-23T08:49:12.7468485Z   fetch-depth: 1
2026-09-23T08:49:12.7468855Z   repository: DhruvHegde/log-generation
2026-09-23T08:49:12.7472381Z   token: ***
2026-09-23T08:49:12.7472728Z   ssh-strict: true
2026-09-23T08:49:12.7473070Z   ssh-user: git
2026-09-23T08:49:12.7473422Z   persist-credentials: true
2026-09-23T08:49:12.7473798Z   clean: true
2026-09-23T08:49:12.7474146Z   sparse-checkout-cone-mode: true
2026-09-23T08:49:12.7474553Z   fetch-tags: false
2026-09-23T08:49:12.7474907Z   show-progress: true
2026-09-23T08:49:12.7475250Z   lfs: false
2026-09-23T08:49:12.7475602Z   submodules: false
2026-09-23T08:49:12.7475990Z   set-safe-directory: true
2026-09-23T08:49:12.7476383Z   allow-unsafe-pr-checkout: false
2026-09-23T08:49:12.7476947Z ##[endgroup]
2026-09-23T08:49:12.8286532Z Syncing repository: DhruvHegde/log-generation
2026-09-23T08:49:12.8288595Z ##[group]Getting Git version info
2026-09-23T08:49:12.8289597Z Working directory is '/home/runner/work/log-generation/log-generation'
2026-09-23T08:49:12.8291118Z [command]/usr/bin/git version
2026-09-23T08:49:12.8754518Z git version 2.55.0
2026-09-23T08:49:12.8772231Z ##[endgroup]
2026-09-23T08:49:12.8786445Z Temporarily overriding HOME='/home/runner/work/_temp/56f16cf0-9eca-452d-98e3-b8da4832a0e6' before making global git config changes
2026-09-23T08:49:12.8788246Z Adding repository directory to the temporary git global config as a safe directory
2026-09-23T08:49:12.8791879Z [command]/usr/bin/git config --global --add safe.directory /home/runner/work/log-generation/log-generation
2026-09-23T08:49:12.8836313Z Deleting the contents of '/home/runner/work/log-generation/log-generation'
2026-09-23T08:49:12.8843613Z ##[group]Initializing the repository
2026-09-23T08:49:12.8846529Z [command]/usr/bin/git init /home/runner/work/log-generation/log-generation
2026-09-23T08:49:12.8931102Z hint: Using 'master' as the name for the initial branch. This default branch name
2026-09-23T08:49:12.8932283Z hint: will change to "main" in Git 3.0. To configure the initial branch name
2026-09-23T08:49:12.8933351Z hint: to use in all of your new repositories, which will suppress this warning,
2026-09-23T08:49:12.8933931Z hint: call:
2026-09-23T08:49:12.8934262Z hint:
2026-09-23T08:49:12.8934690Z hint: 	git config --global init.defaultBranch <name>
2026-09-23T08:49:12.8935180Z hint:
2026-09-23T08:49:12.8935638Z hint: Names commonly chosen instead of 'master' are 'main', 'trunk' and
2026-09-23T08:49:12.8936354Z hint: 'development'. The just-created branch can be renamed via this command:
2026-09-23T08:49:12.8936920Z hint:
2026-09-23T08:49:12.8937300Z hint: 	git branch -m <name>
2026-09-23T08:49:12.8937685Z hint:
2026-09-23T08:49:12.8938172Z hint: Disable this message with "git config set advice.defaultBranchName false"
2026-09-23T08:49:12.8943778Z Initialized empty Git repository in /home/runner/work/log-generation/log-generation/.git/
2026-09-23T08:49:12.8951239Z [command]/usr/bin/git remote add origin https://github.com/DhruvHegde/log-generation
2026-09-23T08:49:12.8997120Z ##[endgroup]
2026-09-23T08:49:12.8997737Z ##[group]Disabling automatic garbage collection
2026-09-23T08:49:12.8999900Z [command]/usr/bin/git config --local gc.auto 0
2026-09-23T08:49:12.9028700Z ##[endgroup]
2026-09-23T08:49:12.9029275Z ##[group]Setting up auth
2026-09-23T08:49:12.9033996Z [command]/usr/bin/git config --local --name-only --get-regexp core\.sshCommand
2026-09-23T08:49:12.9062418Z [command]/usr/bin/git submodule foreach --recursive sh -c "git config --local --name-only --get-regexp 'core\.sshCommand' && git config --local --unset-all 'core.sshCommand' || :"
2026-09-23T08:49:12.9325892Z [command]/usr/bin/git config --local --name-only --get-regexp http\.https\:\/\/github\.com\/\.extraheader
2026-09-23T08:49:12.9355841Z [command]/usr/bin/git submodule foreach --recursive sh -c "git config --local --name-only --get-regexp 'http\.https\:\/\/github\.com\/\.extraheader' && git config --local --unset-all 'http.https://github.com/.extraheader' || :"
2026-09-23T08:49:12.9547110Z [command]/usr/bin/git config --local --name-only --get-regexp ^includeIf\.gitdir:
2026-09-23T08:49:12.9576505Z [command]/usr/bin/git submodule foreach --recursive git config --local --show-origin --name-only --get-regexp remote.origin.url
2026-09-23T08:49:12.9764948Z [command]/usr/bin/git config --local http.https://github.com/.extraheader AUTHORIZATION: basic ***
2026-09-23T08:49:12.9797188Z ##[endgroup]
2026-09-23T08:49:12.9797908Z ##[group]Fetching the repository
2026-09-23T08:49:12.9805168Z [command]/usr/bin/git -c protocol.version=2 fetch --no-tags --prune --no-recurse-submodules --depth=1 origin +43f20917de93b9aad51cf79a69ad5239c5632917:refs/remotes/origin/feature/f3-test-failures
2026-09-23T08:49:13.4749868Z From https://github.com/DhruvHegde/log-generation
2026-09-23T08:49:13.4751442Z  * [new ref]         43f20917de93b9aad51cf79a69ad5239c5632917 -> origin/feature/f3-test-failures
2026-09-23T08:49:13.4762997Z ##[endgroup]
2026-09-23T08:49:13.4764122Z ##[group]Determining the checkout info
2026-09-23T08:49:13.4765142Z ##[endgroup]
2026-09-23T08:49:13.4765779Z [command]/usr/bin/git sparse-checkout disable
2026-09-23T08:49:13.4806476Z [command]/usr/bin/git config --local --unset-all extensions.worktreeConfig
2026-09-23T08:49:13.4833076Z ##[group]Checking out the ref
2026-09-23T08:49:13.4836512Z [command]/usr/bin/git checkout --progress --force -B feature/f3-test-failures refs/remotes/origin/feature/f3-test-failures
2026-09-23T08:49:13.5145536Z Switched to a new branch 'feature/f3-test-failures'
2026-09-23T08:49:13.5149134Z branch 'feature/f3-test-failures' set up to track 'origin/feature/f3-test-failures'.
2026-09-23T08:49:13.5155502Z ##[endgroup]
2026-09-23T08:49:13.5193579Z [command]/usr/bin/git log -1 --format=%H
2026-09-23T08:49:13.5216490Z 43f20917de93b9aad51cf79a69ad5239c5632917
2026-09-23T08:49:13.5471943Z Node 20 is being deprecated. This workflow is running with Node 24 by default. If you need to temporarily use Node 20, you can set the ACTIONS_ALLOW_USE_UNSECURE_NODE_VERSION=true environment variable. For more information see: https://github.blog/changelog/2025-09-19-deprecation-of-node-20-on-github-actions-runners/
2026-09-23T08:49:13.5475713Z ##[group]Run actions/setup-python@v5
2026-09-23T08:49:13.5476286Z with:
2026-09-23T08:49:13.5476650Z   python-version: 3.11
2026-09-23T08:49:13.5477108Z   check-latest: false
2026-09-23T08:49:13.5484323Z   token: ***
2026-09-23T08:49:13.5484741Z   update-environment: true
2026-09-23T08:49:13.5485264Z   allow-prereleases: false
2026-09-23T08:49:13.5485770Z   freethreaded: false
2026-09-23T08:49:13.5486203Z ##[endgroup]
2026-09-23T08:49:13.6549181Z ##[group]Installed versions
2026-09-23T08:49:13.6943419Z (node:2045) [DEP0040] DeprecationWarning: The `punycode` module is deprecated. Please use a userland alternative instead.
2026-09-23T08:49:13.6946241Z (Use `node --trace-deprecation ...` to show where the warning was created)
2026-09-23T08:49:13.6947722Z Successfully set up CPython (3.11.16)
2026-09-23T08:49:13.6948964Z ##[endgroup]
2026-09-23T08:49:13.7135155Z ##[group]Run pip install --no-cache-dir pytest
2026-09-23T08:49:13.7137040Z [36;1mpip install --no-cache-dir pytest[0m
2026-09-23T08:49:13.7194901Z shell: /usr/bin/bash -e {0}
2026-09-23T08:49:13.7271965Z env:
2026-09-23T08:49:13.7273295Z   pythonLocation: /opt/hostedtoolcache/Python/3.11.16/x64
2026-09-23T08:49:13.7274875Z   PKG_CONFIG_PATH: /opt/hostedtoolcache/Python/3.11.16/x64/lib/pkgconfig
2026-09-23T08:49:13.7276370Z   Python_ROOT_DIR: /opt/hostedtoolcache/Python/3.11.16/x64
2026-09-23T08:49:13.7277739Z   Python2_ROOT_DIR: /opt/hostedtoolcache/Python/3.11.16/x64
2026-09-23T08:49:13.7279074Z   Python3_ROOT_DIR: /opt/hostedtoolcache/Python/3.11.16/x64
2026-09-23T08:49:13.7280530Z   LD_LIBRARY_PATH: /opt/hostedtoolcache/Python/3.11.16/x64/lib
2026-09-23T08:49:13.7281972Z ##[endgroup]
2026-09-23T08:49:15.4386044Z Collecting pytest
2026-09-23T08:49:15.4766418Z   Downloading pytest-9.1.1-py3-none-any.whl.metadata (7.6 kB)
2026-09-23T08:49:15.4835528Z Collecting iniconfig>=1.0.1 (from pytest)
2026-09-23T08:49:15.4864236Z   Downloading iniconfig-2.3.0-py3-none-any.whl.metadata (2.5 kB)
2026-09-23T08:49:15.4943404Z Collecting packaging>=22 (from pytest)
2026-09-23T08:49:15.4972714Z   Downloading packaging-26.3-py3-none-any.whl.metadata (3.5 kB)
2026-09-23T08:49:15.5034550Z Collecting pluggy<2,>=1.5 (from pytest)
2026-09-23T08:49:15.5067129Z   Downloading pluggy-1.6.0-py3-none-any.whl.metadata (4.8 kB)
2026-09-23T08:49:15.5168747Z Collecting pygments>=2.7.2 (from pytest)
2026-09-23T08:49:15.5197937Z   Downloading pygments-2.21.0-py3-none-any.whl.metadata (2.5 kB)
2026-09-23T08:49:15.5246003Z Downloading pytest-9.1.1-py3-none-any.whl (386 kB)
2026-09-23T08:49:15.5397478Z Downloading pluggy-1.6.0-py3-none-any.whl (20 kB)
2026-09-23T08:49:15.5426156Z Downloading iniconfig-2.3.0-py3-none-any.whl (7.5 kB)
2026-09-23T08:49:15.5453987Z Downloading packaging-26.3-py3-none-any.whl (129 kB)
2026-09-23T08:49:15.5487186Z Downloading pygments-2.21.0-py3-none-any.whl (1.3 MB)
2026-09-23T08:49:15.5615315Z    ââââââââââââââââââââââââââââââââââââââââ 1.3/1.3 MB 122.2 MB/s  0:00:00
2026-09-23T08:49:15.6214225Z Installing collected packages: pygments, pluggy, packaging, iniconfig, pytest
2026-09-23T08:49:16.5623775Z 
2026-09-23T08:49:16.5631872Z Successfully installed iniconfig-2.3.0 packaging-26.3 pluggy-1.6.0 pygments-2.21.0 pytest-9.1.1
2026-09-23T08:49:16.6120060Z ##[group]Run python automation/inject_mutation.py --error-type "AssertionError"
2026-09-23T08:49:16.6120568Z [36;1mpython automation/inject_mutation.py --error-type "AssertionError"[0m
2026-09-23T08:49:16.6154384Z shell: /usr/bin/bash -e {0}
2026-09-23T08:49:16.6154599Z env:
2026-09-23T08:49:16.6155009Z   pythonLocation: /opt/hostedtoolcache/Python/3.11.16/x64
2026-09-23T08:49:16.6155350Z   PKG_CONFIG_PATH: /opt/hostedtoolcache/Python/3.11.16/x64/lib/pkgconfig
2026-09-23T08:49:16.6155695Z   Python_ROOT_DIR: /opt/hostedtoolcache/Python/3.11.16/x64
2026-09-23T08:49:16.6155998Z   Python2_ROOT_DIR: /opt/hostedtoolcache/Python/3.11.16/x64
2026-09-23T08:49:16.6156316Z   Python3_ROOT_DIR: /opt/hostedtoolcache/Python/3.11.16/x64
2026-09-23T08:49:16.6156619Z   LD_LIBRARY_PATH: /opt/hostedtoolcache/Python/3.11.16/x64/lib
2026-09-23T08:49:16.6156913Z ##[endgroup]
2026-09-23T08:49:16.6410668Z [Mutation Injected] Successfully injected AssertionError into tests/test_app.py
2026-09-23T08:49:16.6468736Z ##[group]Run pytest tests/test_app.py -v
2026-09-23T08:49:16.6469041Z [36;1mpytest tests/test_app.py -v[0m
2026-09-23T08:49:16.6501245Z shell: /usr/bin/bash -e {0}
2026-09-23T08:49:16.6501459Z env:
2026-09-23T08:49:16.6501686Z   pythonLocation: /opt/hostedtoolcache/Python/3.11.16/x64
2026-09-23T08:49:16.6502024Z   PKG_CONFIG_PATH: /opt/hostedtoolcache/Python/3.11.16/x64/lib/pkgconfig
2026-09-23T08:49:16.6502372Z   Python_ROOT_DIR: /opt/hostedtoolcache/Python/3.11.16/x64
2026-09-23T08:49:16.6502666Z   Python2_ROOT_DIR: /opt/hostedtoolcache/Python/3.11.16/x64
2026-09-23T08:49:16.6502967Z   Python3_ROOT_DIR: /opt/hostedtoolcache/Python/3.11.16/x64
2026-09-23T08:49:16.6503261Z   LD_LIBRARY_PATH: /opt/hostedtoolcache/Python/3.11.16/x64/lib
2026-09-23T08:49:16.6503533Z ##[endgroup]
2026-09-23T08:49:16.9038813Z ============================= test session starts ==============================
2026-09-23T08:49:16.9039816Z platform linux -- Python 3.11.16, pytest-9.1.1, pluggy-1.6.0 -- /opt/hostedtoolcache/Python/3.11.16/x64/bin/python
2026-09-23T08:49:16.9040478Z cachedir: .pytest_cache
2026-09-23T08:49:16.9041109Z rootdir: /home/runner/work/log-generation/log-generation
2026-09-23T08:49:16.9041561Z configfile: pytest.ini
2026-09-23T08:49:16.9106210Z collecting ... collected 6 items
2026-09-23T08:49:16.9106494Z 
2026-09-23T08:49:16.9112376Z tests/test_app.py::test_calculate_division PASSED                        [ 16%]
2026-09-23T08:49:16.9116980Z tests/test_app.py::test_convert_to_int PASSED                            [ 33%]
2026-09-23T08:49:16.9121910Z tests/test_app.py::test_get_list_item PASSED                             [ 50%]
2026-09-23T08:49:16.9126277Z tests/test_app.py::test_get_dict_value PASSED                            [ 66%]
2026-09-23T08:49:16.9130475Z tests/test_app.py::test_assert_positive PASSED                           [ 83%]
2026-09-23T08:49:16.9342838Z tests/test_app.py::test_assertion_failure FAILED                         [100%]
2026-09-23T08:49:16.9343256Z 
2026-09-23T08:49:16.9343453Z =================================== FAILURES ===================================
2026-09-23T08:49:16.9343869Z ____________________________ test_assertion_failure ____________________________
2026-09-23T08:49:16.9344079Z 
2026-09-23T08:49:16.9344179Z     def test_assertion_failure():
2026-09-23T08:49:16.9344414Z         """Injected synthetic AssertionError."""
2026-09-23T08:49:16.9344678Z         expected_status = 200
2026-09-23T08:49:16.9344887Z         actual_status = 500
2026-09-23T08:49:16.9345238Z >       assert actual_status == expected_status, f"Expected {expected_status}, received {actual_status}"
2026-09-23T08:49:16.9345646Z E       AssertionError: Expected 200, received 500
2026-09-23T08:49:16.9345915Z E       assert 500 == 200
2026-09-23T08:49:16.9346039Z 
2026-09-23T08:49:16.9346140Z tests/test_app.py:140: AssertionError
2026-09-23T08:49:16.9346433Z =========================== short test summary info ============================
2026-09-23T08:49:16.9346858Z FAILED tests/test_app.py::test_assertion_failure - AssertionError: Expected 200, received 500
2026-09-23T08:49:16.9347229Z assert 500 == 200
2026-09-23T08:49:16.9347456Z ========================= 1 failed, 5 passed in 0.02s ==========================
2026-09-23T08:49:16.9515890Z ##[error]Process completed with exit code 1.
2026-09-23T08:49:16.9634752Z Node 20 is being deprecated. This workflow is running with Node 24 by default. If you need to temporarily use Node 20, you can set the ACTIONS_ALLOW_USE_UNSECURE_NODE_VERSION=true environment variable. For more information see: https://github.blog/changelog/2025-09-19-deprecation-of-node-20-on-github-actions-runners/
2026-09-23T08:49:16.9635804Z Post job cleanup.
2026-09-23T08:49:17.0305043Z [command]/usr/bin/git version
2026-09-23T08:49:17.0342151Z git version 2.55.0
2026-09-23T08:49:17.0372466Z Temporarily overriding HOME='/home/runner/work/_temp/8951d24f-47a3-46d4-aeaa-27a9d677cadf' before making global git config changes
2026-09-23T08:49:17.0373598Z Adding repository directory to the temporary git global config as a safe directory
2026-09-23T08:49:17.0376559Z [command]/usr/bin/git config --global --add safe.directory /home/runner/work/log-generation/log-generation
2026-09-23T08:49:17.0412641Z [command]/usr/bin/git config --local --name-only --get-regexp core\.sshCommand
2026-09-23T08:49:17.0443338Z [command]/usr/bin/git submodule foreach --recursive sh -c "git config --local --name-only --get-regexp 'core\.sshCommand' && git config --local --unset-all 'core.sshCommand' || :"
2026-09-23T08:49:17.0663820Z [command]/usr/bin/git config --local --name-only --get-regexp http\.https\:\/\/github\.com\/\.extraheader
2026-09-23T08:49:17.0687367Z http.https://github.com/.extraheader
2026-09-23T08:49:17.0696318Z [command]/usr/bin/git config --local --unset-all http.https://github.com/.extraheader
2026-09-23T08:49:17.0724193Z [command]/usr/bin/git submodule foreach --recursive sh -c "git config --local --name-only --get-regexp 'http\.https\:\/\/github\.com\/\.extraheader' && git config --local --unset-all 'http.https://github.com/.extraheader' || :"
2026-09-23T08:49:17.0937165Z [command]/usr/bin/git config --local --name-only --get-regexp ^includeIf\.gitdir:
2026-09-23T08:49:17.0969496Z [command]/usr/bin/git submodule foreach --recursive git config --local --show-origin --name-only --get-regexp remote.origin.url
2026-09-23T08:49:17.1310146Z Cleaning up orphan processes
2026-09-23T08:49:17.1539634Z ##[warning]Node.js 20 is deprecated. The following actions target Node.js 20 but are being forced to run on Node.js 24: actions/checkout@v4, actions/setup-python@v5. For more information see: https://github.blog/changelog/2025-09-19-deprecation-of-node-20-on-github-actions-runners/
