ï»¿2026-09-23T08:48:16.6286280Z Current runner version: '2.337.0'
2026-09-23T08:48:16.6310741Z ##[group]Runner Image Provisioner
2026-09-23T08:48:16.6311582Z Hosted Compute Agent
2026-09-23T08:48:16.6312166Z Version: 20260828.587
2026-09-23T08:48:16.6313301Z Commit: abac92662cab4cc7352de4f9f9d2e2419aad9c29
2026-09-23T08:48:16.6314095Z Build Date: 2026-08-28T16:44:25Z
2026-09-23T08:48:16.6314840Z Worker ID: {2db3a1ca-1161-43b4-b0a7-c46d405c02ac}
2026-09-23T08:48:16.6315627Z Azure Region: westcentralus
2026-09-23T08:48:16.6316303Z ##[endgroup]
2026-09-23T08:48:16.6318236Z ##[group]Operating System
2026-09-23T08:48:16.6318906Z Ubuntu
2026-09-23T08:48:16.6319525Z 24.04.5
2026-09-23T08:48:16.6320065Z LTS
2026-09-23T08:48:16.6320874Z ##[endgroup]
2026-09-23T08:48:16.6321576Z ##[group]Runner Image
2026-09-23T08:48:16.6322191Z Image: ubuntu-24.04
2026-09-23T08:48:16.6323083Z Version: 20260907.300.1
2026-09-23T08:48:16.6324445Z Included Software: https://github.com/actions/runner-images/blob/ubuntu24/20260907.300/images/ubuntu/Ubuntu2404-Readme.md
2026-09-23T08:48:16.6326056Z Image Release: https://github.com/actions/runner-images/releases/tag/ubuntu24%2F20260907.300
2026-09-23T08:48:16.6327028Z ##[endgroup]
2026-09-23T08:48:16.6328268Z ##[group]GITHUB_TOKEN Permissions
2026-09-23T08:48:16.6330368Z Contents: read
2026-09-23T08:48:16.6331121Z Metadata: read
2026-09-23T08:48:16.6331696Z Packages: read
2026-09-23T08:48:16.6332236Z ##[endgroup]
2026-09-23T08:48:16.6334616Z Secret source: Actions
2026-09-23T08:48:16.6335540Z Cache mode: write
2026-09-23T08:48:16.6336750Z Prepare workflow directory
2026-09-23T08:48:16.6719520Z Prepare all required actions
2026-09-23T08:48:16.6765995Z Getting action download info
2026-09-23T08:48:16.9795383Z Download action repository 'actions/checkout@v4' (SHA:11d5960a326750d5838078e36cf38b85af677262)
2026-09-23T08:48:17.0879765Z Download action repository 'actions/setup-python@v5' (SHA:a26af69be951a213d495a4c3e4e4022e16d87065)
2026-09-23T08:48:17.2751355Z Complete job name: test-f3 (FileNotFoundError #9)
2026-09-23T08:48:17.3520596Z Node 20 is being deprecated. This workflow is running with Node 24 by default. If you need to temporarily use Node 20, you can set the ACTIONS_ALLOW_USE_UNSECURE_NODE_VERSION=true environment variable. For more information see: https://github.blog/changelog/2025-09-19-deprecation-of-node-20-on-github-actions-runners/
2026-09-23T08:48:17.3529476Z ##[group]Run actions/checkout@v4
2026-09-23T08:48:17.3530226Z with:
2026-09-23T08:48:17.3530658Z   fetch-depth: 1
2026-09-23T08:48:17.3531142Z   repository: DhruvHegde/log-generation
2026-09-23T08:48:17.3535349Z   token: ***
2026-09-23T08:48:17.3535785Z   ssh-strict: true
2026-09-23T08:48:17.3536237Z   ssh-user: git
2026-09-23T08:48:17.3536684Z   persist-credentials: true
2026-09-23T08:48:17.3537178Z   clean: true
2026-09-23T08:48:17.3537637Z   sparse-checkout-cone-mode: true
2026-09-23T08:48:17.3538162Z   fetch-tags: false
2026-09-23T08:48:17.3538618Z   show-progress: true
2026-09-23T08:48:17.3539071Z   lfs: false
2026-09-23T08:48:17.3539523Z   submodules: false
2026-09-23T08:48:17.3539996Z   set-safe-directory: true
2026-09-23T08:48:17.3540501Z   allow-unsafe-pr-checkout: false
2026-09-23T08:48:17.3541285Z ##[endgroup]
2026-09-23T08:48:17.4564181Z Syncing repository: DhruvHegde/log-generation
2026-09-23T08:48:17.4566198Z ##[group]Getting Git version info
2026-09-23T08:48:17.4567022Z Working directory is '/home/runner/work/log-generation/log-generation'
2026-09-23T08:48:17.4568122Z [command]/usr/bin/git version
2026-09-23T08:48:17.4639445Z git version 2.55.0
2026-09-23T08:48:17.4672083Z ##[endgroup]
2026-09-23T08:48:17.4686236Z Temporarily overriding HOME='/home/runner/work/_temp/e95e31db-bd58-4b55-acd7-9573e7b9ddf1' before making global git config changes
2026-09-23T08:48:17.4688883Z Adding repository directory to the temporary git global config as a safe directory
2026-09-23T08:48:17.4692234Z [command]/usr/bin/git config --global --add safe.directory /home/runner/work/log-generation/log-generation
2026-09-23T08:48:17.4744320Z Deleting the contents of '/home/runner/work/log-generation/log-generation'
2026-09-23T08:48:17.4749395Z ##[group]Initializing the repository
2026-09-23T08:48:17.4753355Z [command]/usr/bin/git init /home/runner/work/log-generation/log-generation
2026-09-23T08:48:17.4855296Z hint: Using 'master' as the name for the initial branch. This default branch name
2026-09-23T08:48:17.4857473Z hint: will change to "main" in Git 3.0. To configure the initial branch name
2026-09-23T08:48:17.4859266Z hint: to use in all of your new repositories, which will suppress this warning,
2026-09-23T08:48:17.4860792Z hint: call:
2026-09-23T08:48:17.4861894Z hint:
2026-09-23T08:48:17.4863002Z hint: 	git config --global init.defaultBranch <name>
2026-09-23T08:48:17.4863743Z hint:
2026-09-23T08:48:17.4864353Z hint: Names commonly chosen instead of 'master' are 'main', 'trunk' and
2026-09-23T08:48:17.4865288Z hint: 'development'. The just-created branch can be renamed via this command:
2026-09-23T08:48:17.4866020Z hint:
2026-09-23T08:48:17.4866476Z hint: 	git branch -m <name>
2026-09-23T08:48:17.4866957Z hint:
2026-09-23T08:48:17.4867817Z hint: Disable this message with "git config set advice.defaultBranchName false"
2026-09-23T08:48:17.4869188Z Initialized empty Git repository in /home/runner/work/log-generation/log-generation/.git/
2026-09-23T08:48:17.4871338Z [command]/usr/bin/git remote add origin https://github.com/DhruvHegde/log-generation
2026-09-23T08:48:17.4916819Z ##[endgroup]
2026-09-23T08:48:17.4917620Z ##[group]Disabling automatic garbage collection
2026-09-23T08:48:17.4921381Z [command]/usr/bin/git config --local gc.auto 0
2026-09-23T08:48:17.4953764Z ##[endgroup]
2026-09-23T08:48:17.4954799Z ##[group]Setting up auth
2026-09-23T08:48:17.4961529Z [command]/usr/bin/git config --local --name-only --get-regexp core\.sshCommand
2026-09-23T08:48:17.4995548Z [command]/usr/bin/git submodule foreach --recursive sh -c "git config --local --name-only --get-regexp 'core\.sshCommand' && git config --local --unset-all 'core.sshCommand' || :"
2026-09-23T08:48:17.5369666Z [command]/usr/bin/git config --local --name-only --get-regexp http\.https\:\/\/github\.com\/\.extraheader
2026-09-23T08:48:17.5408989Z [command]/usr/bin/git submodule foreach --recursive sh -c "git config --local --name-only --get-regexp 'http\.https\:\/\/github\.com\/\.extraheader' && git config --local --unset-all 'http.https://github.com/.extraheader' || :"
2026-09-23T08:48:17.5637141Z [command]/usr/bin/git config --local --name-only --get-regexp ^includeIf\.gitdir:
2026-09-23T08:48:17.5679946Z [command]/usr/bin/git submodule foreach --recursive git config --local --show-origin --name-only --get-regexp remote.origin.url
2026-09-23T08:48:17.5909301Z [command]/usr/bin/git config --local http.https://github.com/.extraheader AUTHORIZATION: basic ***
2026-09-23T08:48:17.5949228Z ##[endgroup]
2026-09-23T08:48:17.5950408Z ##[group]Fetching the repository
2026-09-23T08:48:17.5974896Z [command]/usr/bin/git -c protocol.version=2 fetch --no-tags --prune --no-recurse-submodules --depth=1 origin +43f20917de93b9aad51cf79a69ad5239c5632917:refs/remotes/origin/feature/f3-test-failures
2026-09-23T08:48:18.4808760Z From https://github.com/DhruvHegde/log-generation
2026-09-23T08:48:18.4811052Z  * [new ref]         43f20917de93b9aad51cf79a69ad5239c5632917 -> origin/feature/f3-test-failures
2026-09-23T08:48:18.4822085Z ##[endgroup]
2026-09-23T08:48:18.4824010Z ##[group]Determining the checkout info
2026-09-23T08:48:18.4825634Z ##[endgroup]
2026-09-23T08:48:18.4826506Z [command]/usr/bin/git sparse-checkout disable
2026-09-23T08:48:18.4876542Z [command]/usr/bin/git config --local --unset-all extensions.worktreeConfig
2026-09-23T08:48:18.4910680Z ##[group]Checking out the ref
2026-09-23T08:48:18.4917186Z [command]/usr/bin/git checkout --progress --force -B feature/f3-test-failures refs/remotes/origin/feature/f3-test-failures
2026-09-23T08:48:18.5314129Z Switched to a new branch 'feature/f3-test-failures'
2026-09-23T08:48:18.5317057Z branch 'feature/f3-test-failures' set up to track 'origin/feature/f3-test-failures'.
2026-09-23T08:48:18.5327129Z ##[endgroup]
2026-09-23T08:48:18.5374293Z [command]/usr/bin/git log -1 --format=%H
2026-09-23T08:48:18.5401469Z 43f20917de93b9aad51cf79a69ad5239c5632917
2026-09-23T08:48:18.5759112Z Node 20 is being deprecated. This workflow is running with Node 24 by default. If you need to temporarily use Node 20, you can set the ACTIONS_ALLOW_USE_UNSECURE_NODE_VERSION=true environment variable. For more information see: https://github.blog/changelog/2025-09-19-deprecation-of-node-20-on-github-actions-runners/
2026-09-23T08:48:18.5764321Z ##[group]Run actions/setup-python@v5
2026-09-23T08:48:18.5765501Z with:
2026-09-23T08:48:18.5766431Z   python-version: 3.11
2026-09-23T08:48:18.5767491Z   check-latest: false
2026-09-23T08:48:18.5777264Z   token: ***
2026-09-23T08:48:18.5778270Z   update-environment: true
2026-09-23T08:48:18.5779405Z   allow-prereleases: false
2026-09-23T08:48:18.5780510Z   freethreaded: false
2026-09-23T08:48:18.5781533Z ##[endgroup]
2026-09-23T08:48:18.7136612Z ##[group]Installed versions
2026-09-23T08:48:18.7226845Z (node:2323) [DEP0040] DeprecationWarning: The `punycode` module is deprecated. Please use a userland alternative instead.
2026-09-23T08:48:18.7230421Z (Use `node --trace-deprecation ...` to show where the warning was created)
2026-09-23T08:48:18.7233391Z Successfully set up CPython (3.11.16)
2026-09-23T08:48:18.7244742Z ##[endgroup]
2026-09-23T08:48:18.7437542Z ##[group]Run pip install --no-cache-dir pytest
2026-09-23T08:48:18.7439054Z [36;1mpip install --no-cache-dir pytest[0m
2026-09-23T08:48:18.7507482Z shell: /usr/bin/bash -e {0}
2026-09-23T08:48:18.7508637Z env:
2026-09-23T08:48:18.7608769Z   pythonLocation: /opt/hostedtoolcache/Python/3.11.16/x64
2026-09-23T08:48:18.7612134Z   PKG_CONFIG_PATH: /opt/hostedtoolcache/Python/3.11.16/x64/lib/pkgconfig
2026-09-23T08:48:18.7615103Z   Python_ROOT_DIR: /opt/hostedtoolcache/Python/3.11.16/x64
2026-09-23T08:48:18.7616741Z   Python2_ROOT_DIR: /opt/hostedtoolcache/Python/3.11.16/x64
2026-09-23T08:48:18.7618356Z   Python3_ROOT_DIR: /opt/hostedtoolcache/Python/3.11.16/x64
2026-09-23T08:48:18.7620006Z   LD_LIBRARY_PATH: /opt/hostedtoolcache/Python/3.11.16/x64/lib
2026-09-23T08:48:18.7621342Z ##[endgroup]
2026-09-23T08:48:20.4881002Z Collecting pytest
2026-09-23T08:48:20.5796941Z   Downloading pytest-9.1.1-py3-none-any.whl.metadata (7.6 kB)
2026-09-23T08:48:20.6033355Z Collecting iniconfig>=1.0.1 (from pytest)
2026-09-23T08:48:20.6222184Z   Downloading iniconfig-2.3.0-py3-none-any.whl.metadata (2.5 kB)
2026-09-23T08:48:20.6484158Z Collecting packaging>=22 (from pytest)
2026-09-23T08:48:20.6669022Z   Downloading packaging-26.3-py3-none-any.whl.metadata (3.5 kB)
2026-09-23T08:48:20.6900113Z Collecting pluggy<2,>=1.5 (from pytest)
2026-09-23T08:48:20.7086826Z   Downloading pluggy-1.6.0-py3-none-any.whl.metadata (4.8 kB)
2026-09-23T08:48:20.7391104Z Collecting pygments>=2.7.2 (from pytest)
2026-09-23T08:48:20.7577959Z   Downloading pygments-2.21.0-py3-none-any.whl.metadata (2.5 kB)
2026-09-23T08:48:20.7789455Z Downloading pytest-9.1.1-py3-none-any.whl (386 kB)
2026-09-23T08:48:20.8567772Z Downloading pluggy-1.6.0-py3-none-any.whl (20 kB)
2026-09-23T08:48:20.8760796Z Downloading iniconfig-2.3.0-py3-none-any.whl (7.5 kB)
2026-09-23T08:48:20.8950739Z Downloading packaging-26.3-py3-none-any.whl (129 kB)
2026-09-23T08:48:20.9155730Z Downloading pygments-2.21.0-py3-none-any.whl (1.3 MB)
2026-09-23T08:48:20.9717886Z    ââââââââââââââââââââââââââââââââââââââââ 1.3/1.3 MB 27.0 MB/s  0:00:00
2026-09-23T08:48:21.1345764Z Installing collected packages: pygments, pluggy, packaging, iniconfig, pytest
2026-09-23T08:48:22.0884371Z 
2026-09-23T08:48:22.0893975Z Successfully installed iniconfig-2.3.0 packaging-26.3 pluggy-1.6.0 pygments-2.21.0 pytest-9.1.1
2026-09-23T08:48:22.1391463Z ##[group]Run python automation/inject_mutation.py --error-type "FileNotFoundError"
2026-09-23T08:48:22.1392121Z [36;1mpython automation/inject_mutation.py --error-type "FileNotFoundError"[0m
2026-09-23T08:48:22.1430968Z shell: /usr/bin/bash -e {0}
2026-09-23T08:48:22.1431223Z env:
2026-09-23T08:48:22.1431721Z   pythonLocation: /opt/hostedtoolcache/Python/3.11.16/x64
2026-09-23T08:48:22.1432176Z   PKG_CONFIG_PATH: /opt/hostedtoolcache/Python/3.11.16/x64/lib/pkgconfig
2026-09-23T08:48:22.1432889Z   Python_ROOT_DIR: /opt/hostedtoolcache/Python/3.11.16/x64
2026-09-23T08:48:22.1433293Z   Python2_ROOT_DIR: /opt/hostedtoolcache/Python/3.11.16/x64
2026-09-23T08:48:22.1433679Z   Python3_ROOT_DIR: /opt/hostedtoolcache/Python/3.11.16/x64
2026-09-23T08:48:22.1434067Z   LD_LIBRARY_PATH: /opt/hostedtoolcache/Python/3.11.16/x64/lib
2026-09-23T08:48:22.1434418Z ##[endgroup]
2026-09-23T08:48:22.1732328Z [Mutation Injected] Successfully injected FileNotFoundError into tests/test_app.py
2026-09-23T08:48:22.1805521Z ##[group]Run pytest tests/test_app.py -v
2026-09-23T08:48:22.1805899Z [36;1mpytest tests/test_app.py -v[0m
2026-09-23T08:48:22.1843633Z shell: /usr/bin/bash -e {0}
2026-09-23T08:48:22.1843889Z env:
2026-09-23T08:48:22.1844158Z   pythonLocation: /opt/hostedtoolcache/Python/3.11.16/x64
2026-09-23T08:48:22.1844621Z   PKG_CONFIG_PATH: /opt/hostedtoolcache/Python/3.11.16/x64/lib/pkgconfig
2026-09-23T08:48:22.1845064Z   Python_ROOT_DIR: /opt/hostedtoolcache/Python/3.11.16/x64
2026-09-23T08:48:22.1845450Z   Python2_ROOT_DIR: /opt/hostedtoolcache/Python/3.11.16/x64
2026-09-23T08:48:22.1845843Z   Python3_ROOT_DIR: /opt/hostedtoolcache/Python/3.11.16/x64
2026-09-23T08:48:22.1846226Z   LD_LIBRARY_PATH: /opt/hostedtoolcache/Python/3.11.16/x64/lib
2026-09-23T08:48:22.1846558Z ##[endgroup]
2026-09-23T08:48:22.5225678Z ============================= test session starts ==============================
2026-09-23T08:48:22.5227028Z platform linux -- Python 3.11.16, pytest-9.1.1, pluggy-1.6.0 -- /opt/hostedtoolcache/Python/3.11.16/x64/bin/python
2026-09-23T08:48:22.5228118Z cachedir: .pytest_cache
2026-09-23T08:48:22.5228831Z rootdir: /home/runner/work/log-generation/log-generation
2026-09-23T08:48:22.5229657Z configfile: pytest.ini
2026-09-23T08:48:22.5317231Z collecting ... collected 6 items
2026-09-23T08:48:22.5317690Z 
2026-09-23T08:48:22.5326552Z tests/test_app.py::test_calculate_division PASSED                        [ 16%]
2026-09-23T08:48:22.5334520Z tests/test_app.py::test_convert_to_int PASSED                            [ 33%]
2026-09-23T08:48:22.5342122Z tests/test_app.py::test_get_list_item PASSED                             [ 50%]
2026-09-23T08:48:22.5349667Z tests/test_app.py::test_get_dict_value PASSED                            [ 66%]
2026-09-23T08:48:22.5356924Z tests/test_app.py::test_assert_positive PASSED                           [ 83%]
2026-09-23T08:48:22.5615632Z tests/test_app.py::test_file_not_found_error FAILED                      [100%]
2026-09-23T08:48:22.5616216Z 
2026-09-23T08:48:22.5616471Z =================================== FAILURES ===================================
2026-09-23T08:48:22.5617131Z __________________________ test_file_not_found_error ___________________________
2026-09-23T08:48:22.5617594Z 
2026-09-23T08:48:22.5617785Z     def test_file_not_found_error():
2026-09-23T08:48:22.5618312Z         """Injected synthetic FileNotFoundError."""
2026-09-23T08:48:22.5618917Z         from src.app import read_config_file
2026-09-23T08:48:22.5619567Z >       read_config_file("fixtures/non_existent_pipeline_config.json")
2026-09-23T08:48:22.5620071Z 
2026-09-23T08:48:22.5620241Z tests/test_app.py:139: 
2026-09-23T08:48:22.5620729Z _ _ _ _ _ _ _ _ _ _ _ _ _ _ _ _ _ _ _ _ _ _ _ _ _ _ _ _ _ _ _ _ _ _ _ _ _ _ _ _ 
2026-09-23T08:48:22.5621201Z 
2026-09-23T08:48:22.5621438Z path = 'fixtures/non_existent_pipeline_config.json'
2026-09-23T08:48:22.5621840Z 
2026-09-23T08:48:22.5622005Z     def read_config_file(path):
2026-09-23T08:48:22.5622474Z >       with open(path, "r") as f:
2026-09-23T08:48:22.5623167Z              ^^^^^^^^^^^^^^^
2026-09-23T08:48:22.5624003Z E       FileNotFoundError: [Errno 2] No such file or directory: 'fixtures/non_existent_pipeline_config.json'
2026-09-23T08:48:22.5624702Z 
2026-09-23T08:48:22.5624887Z src/app.py:17: FileNotFoundError
2026-09-23T08:48:22.5625436Z =========================== short test summary info ============================
2026-09-23T08:48:22.5626997Z FAILED tests/test_app.py::test_file_not_found_error - FileNotFoundError: [Errno 2] No such file or directory: 'fixtures/non_existent_pipeline_config.json'
2026-09-23T08:48:22.5628246Z ========================= 1 failed, 5 passed in 0.03s ==========================
2026-09-23T08:48:22.5805226Z ##[error]Process completed with exit code 1.
2026-09-23T08:48:22.5952423Z Node 20 is being deprecated. This workflow is running with Node 24 by default. If you need to temporarily use Node 20, you can set the ACTIONS_ALLOW_USE_UNSECURE_NODE_VERSION=true environment variable. For more information see: https://github.blog/changelog/2025-09-19-deprecation-of-node-20-on-github-actions-runners/
2026-09-23T08:48:22.5953991Z Post job cleanup.
2026-09-23T08:48:22.6843180Z [command]/usr/bin/git version
2026-09-23T08:48:22.6885927Z git version 2.55.0
2026-09-23T08:48:22.6933919Z Temporarily overriding HOME='/home/runner/work/_temp/216ba8b9-07d7-4b15-b047-875cc9f3dbec' before making global git config changes
2026-09-23T08:48:22.6935736Z Adding repository directory to the temporary git global config as a safe directory
2026-09-23T08:48:22.6952179Z [command]/usr/bin/git config --global --add safe.directory /home/runner/work/log-generation/log-generation
2026-09-23T08:48:22.6994803Z [command]/usr/bin/git config --local --name-only --get-regexp core\.sshCommand
2026-09-23T08:48:22.7040303Z [command]/usr/bin/git submodule foreach --recursive sh -c "git config --local --name-only --get-regexp 'core\.sshCommand' && git config --local --unset-all 'core.sshCommand' || :"
2026-09-23T08:48:22.7394459Z [command]/usr/bin/git config --local --name-only --get-regexp http\.https\:\/\/github\.com\/\.extraheader
2026-09-23T08:48:22.7423546Z http.https://github.com/.extraheader
2026-09-23T08:48:22.7438981Z [command]/usr/bin/git config --local --unset-all http.https://github.com/.extraheader
2026-09-23T08:48:22.7487855Z [command]/usr/bin/git submodule foreach --recursive sh -c "git config --local --name-only --get-regexp 'http\.https\:\/\/github\.com\/\.extraheader' && git config --local --unset-all 'http.https://github.com/.extraheader' || :"
2026-09-23T08:48:22.7804301Z [command]/usr/bin/git config --local --name-only --get-regexp ^includeIf\.gitdir:
2026-09-23T08:48:22.7853701Z [command]/usr/bin/git submodule foreach --recursive git config --local --show-origin --name-only --get-regexp remote.origin.url
2026-09-23T08:48:22.8301375Z Cleaning up orphan processes
2026-09-23T08:48:22.8592271Z ##[warning]Node.js 20 is deprecated. The following actions target Node.js 20 but are being forced to run on Node.js 24: actions/checkout@v4, actions/setup-python@v5. For more information see: https://github.blog/changelog/2025-09-19-deprecation-of-node-20-on-github-actions-runners/
