ï»¿2026-09-23T08:43:40.1877201Z Current runner version: '2.337.0'
2026-09-23T08:43:40.1900241Z ##[group]Runner Image Provisioner
2026-09-23T08:43:40.1901122Z Hosted Compute Agent
2026-09-23T08:43:40.1901773Z Version: 20260828.587
2026-09-23T08:43:40.1902532Z Commit: abac92662cab4cc7352de4f9f9d2e2419aad9c29
2026-09-23T08:43:40.1903330Z Build Date: 2026-08-28T16:44:25Z
2026-09-23T08:43:40.1904315Z Worker ID: {e1163902-cdeb-4742-911e-ab8a955c8862}
2026-09-23T08:43:40.1905182Z Azure Region: westcentralus
2026-09-23T08:43:40.1905883Z ##[endgroup]
2026-09-23T08:43:40.1908202Z ##[group]Operating System
2026-09-23T08:43:40.1908928Z Ubuntu
2026-09-23T08:43:40.1909484Z 24.04.5
2026-09-23T08:43:40.1910063Z LTS
2026-09-23T08:43:40.1910580Z ##[endgroup]
2026-09-23T08:43:40.1911474Z ##[group]Runner Image
2026-09-23T08:43:40.1912167Z Image: ubuntu-24.04
2026-09-23T08:43:40.1912760Z Version: 20260907.300.1
2026-09-23T08:43:40.1914325Z Included Software: https://github.com/actions/runner-images/blob/ubuntu24/20260907.300/images/ubuntu/Ubuntu2404-Readme.md
2026-09-23T08:43:40.1915983Z Image Release: https://github.com/actions/runner-images/releases/tag/ubuntu24%2F20260907.300
2026-09-23T08:43:40.1917111Z ##[endgroup]
2026-09-23T08:43:40.1918480Z ##[group]GITHUB_TOKEN Permissions
2026-09-23T08:43:40.1920663Z Contents: read
2026-09-23T08:43:40.1921377Z Metadata: read
2026-09-23T08:43:40.1922118Z Packages: read
2026-09-23T08:43:40.1922726Z ##[endgroup]
2026-09-23T08:43:40.1925103Z Secret source: Actions
2026-09-23T08:43:40.1926147Z Cache mode: write
2026-09-23T08:43:40.1927309Z Prepare workflow directory
2026-09-23T08:43:40.2309133Z Prepare all required actions
2026-09-23T08:43:40.2356700Z Getting action download info
2026-09-23T08:43:40.5706350Z Download action repository 'actions/checkout@v4' (SHA:11d5960a326750d5838078e36cf38b85af677262)
2026-09-23T08:43:40.6725362Z Download action repository 'actions/setup-python@v5' (SHA:a26af69be951a213d495a4c3e4e4022e16d87065)
2026-09-23T08:43:40.8554877Z Complete job name: test-f3 (AttributeError #17)
2026-09-23T08:43:40.9324825Z Node 20 is being deprecated. This workflow is running with Node 24 by default. If you need to temporarily use Node 20, you can set the ACTIONS_ALLOW_USE_UNSECURE_NODE_VERSION=true environment variable. For more information see: https://github.blog/changelog/2025-09-19-deprecation-of-node-20-on-github-actions-runners/
2026-09-23T08:43:40.9333583Z ##[group]Run actions/checkout@v4
2026-09-23T08:43:40.9334840Z with:
2026-09-23T08:43:40.9335289Z   fetch-depth: 1
2026-09-23T08:43:40.9335793Z   repository: DhruvHegde/log-generation
2026-09-23T08:43:40.9339899Z   token: ***
2026-09-23T08:43:40.9340349Z   ssh-strict: true
2026-09-23T08:43:40.9340798Z   ssh-user: git
2026-09-23T08:43:40.9341257Z   persist-credentials: true
2026-09-23T08:43:40.9341758Z   clean: true
2026-09-23T08:43:40.9342230Z   sparse-checkout-cone-mode: true
2026-09-23T08:43:40.9342765Z   fetch-tags: false
2026-09-23T08:43:40.9343225Z   show-progress: true
2026-09-23T08:43:40.9343688Z   lfs: false
2026-09-23T08:43:40.9344549Z   submodules: false
2026-09-23T08:43:40.9345049Z   set-safe-directory: true
2026-09-23T08:43:40.9345575Z   allow-unsafe-pr-checkout: false
2026-09-23T08:43:40.9346418Z ##[endgroup]
2026-09-23T08:43:41.0354850Z Syncing repository: DhruvHegde/log-generation
2026-09-23T08:43:41.0357646Z ##[group]Getting Git version info
2026-09-23T08:43:41.0358966Z Working directory is '/home/runner/work/log-generation/log-generation'
2026-09-23T08:43:41.0360931Z [command]/usr/bin/git version
2026-09-23T08:43:41.0414435Z git version 2.55.0
2026-09-23T08:43:41.0436156Z ##[endgroup]
2026-09-23T08:43:41.0450237Z Temporarily overriding HOME='/home/runner/work/_temp/339b807c-7a97-4919-a13a-1c9b42818210' before making global git config changes
2026-09-23T08:43:41.0452658Z Adding repository directory to the temporary git global config as a safe directory
2026-09-23T08:43:41.0455440Z [command]/usr/bin/git config --global --add safe.directory /home/runner/work/log-generation/log-generation
2026-09-23T08:43:41.0505620Z Deleting the contents of '/home/runner/work/log-generation/log-generation'
2026-09-23T08:43:41.0510196Z ##[group]Initializing the repository
2026-09-23T08:43:41.0514914Z [command]/usr/bin/git init /home/runner/work/log-generation/log-generation
2026-09-23T08:43:41.0633283Z hint: Using 'master' as the name for the initial branch. This default branch name
2026-09-23T08:43:41.0635179Z hint: will change to "main" in Git 3.0. To configure the initial branch name
2026-09-23T08:43:41.0636663Z hint: to use in all of your new repositories, which will suppress this warning,
2026-09-23T08:43:41.0637561Z hint: call:
2026-09-23T08:43:41.0637990Z hint:
2026-09-23T08:43:41.0638910Z hint: 	git config --global init.defaultBranch <name>
2026-09-23T08:43:41.0640052Z hint:
2026-09-23T08:43:41.0641162Z hint: Names commonly chosen instead of 'master' are 'main', 'trunk' and
2026-09-23T08:43:41.0642932Z hint: 'development'. The just-created branch can be renamed via this command:
2026-09-23T08:43:41.0644617Z hint:
2026-09-23T08:43:41.0645412Z hint: 	git branch -m <name>
2026-09-23T08:43:41.0646257Z hint:
2026-09-23T08:43:41.0647338Z hint: Disable this message with "git config set advice.defaultBranchName false"
2026-09-23T08:43:41.0649330Z Initialized empty Git repository in /home/runner/work/log-generation/log-generation/.git/
2026-09-23T08:43:41.0652181Z [command]/usr/bin/git remote add origin https://github.com/DhruvHegde/log-generation
2026-09-23T08:43:41.0699160Z ##[endgroup]
2026-09-23T08:43:41.0700488Z ##[group]Disabling automatic garbage collection
2026-09-23T08:43:41.0704841Z [command]/usr/bin/git config --local gc.auto 0
2026-09-23T08:43:41.0737736Z ##[endgroup]
2026-09-23T08:43:41.0739105Z ##[group]Setting up auth
2026-09-23T08:43:41.0746722Z [command]/usr/bin/git config --local --name-only --get-regexp core\.sshCommand
2026-09-23T08:43:41.0781057Z [command]/usr/bin/git submodule foreach --recursive sh -c "git config --local --name-only --get-regexp 'core\.sshCommand' && git config --local --unset-all 'core.sshCommand' || :"
2026-09-23T08:43:41.1166226Z [command]/usr/bin/git config --local --name-only --get-regexp http\.https\:\/\/github\.com\/\.extraheader
2026-09-23T08:43:41.1201858Z [command]/usr/bin/git submodule foreach --recursive sh -c "git config --local --name-only --get-regexp 'http\.https\:\/\/github\.com\/\.extraheader' && git config --local --unset-all 'http.https://github.com/.extraheader' || :"
2026-09-23T08:43:41.1427719Z [command]/usr/bin/git config --local --name-only --get-regexp ^includeIf\.gitdir:
2026-09-23T08:43:41.1462582Z [command]/usr/bin/git submodule foreach --recursive git config --local --show-origin --name-only --get-regexp remote.origin.url
2026-09-23T08:43:41.1696821Z [command]/usr/bin/git config --local http.https://github.com/.extraheader AUTHORIZATION: basic ***
2026-09-23T08:43:41.1735114Z ##[endgroup]
2026-09-23T08:43:41.1735989Z ##[group]Fetching the repository
2026-09-23T08:43:41.1744916Z [command]/usr/bin/git -c protocol.version=2 fetch --no-tags --prune --no-recurse-submodules --depth=1 origin +dfcb6f158e4bd8054252a4da5d0a9edc2ab15d57:refs/remotes/origin/feature/f3-test-failures
2026-09-23T08:43:41.6027392Z From https://github.com/DhruvHegde/log-generation
2026-09-23T08:43:41.6028576Z  * [new ref]         dfcb6f158e4bd8054252a4da5d0a9edc2ab15d57 -> origin/feature/f3-test-failures
2026-09-23T08:43:41.6033127Z ##[endgroup]
2026-09-23T08:43:41.6034207Z ##[group]Determining the checkout info
2026-09-23T08:43:41.6037184Z ##[endgroup]
2026-09-23T08:43:41.6044857Z [command]/usr/bin/git sparse-checkout disable
2026-09-23T08:43:41.6096204Z [command]/usr/bin/git config --local --unset-all extensions.worktreeConfig
2026-09-23T08:43:41.6128047Z ##[group]Checking out the ref
2026-09-23T08:43:41.6132365Z [command]/usr/bin/git checkout --progress --force -B feature/f3-test-failures refs/remotes/origin/feature/f3-test-failures
2026-09-23T08:43:41.6208911Z Switched to a new branch 'feature/f3-test-failures'
2026-09-23T08:43:41.6215332Z branch 'feature/f3-test-failures' set up to track 'origin/feature/f3-test-failures'.
2026-09-23T08:43:41.6219757Z ##[endgroup]
2026-09-23T08:43:41.6260038Z [command]/usr/bin/git log -1 --format=%H
2026-09-23T08:43:41.6286421Z dfcb6f158e4bd8054252a4da5d0a9edc2ab15d57
2026-09-23T08:43:41.6557177Z Node 20 is being deprecated. This workflow is running with Node 24 by default. If you need to temporarily use Node 20, you can set the ACTIONS_ALLOW_USE_UNSECURE_NODE_VERSION=true environment variable. For more information see: https://github.blog/changelog/2025-09-19-deprecation-of-node-20-on-github-actions-runners/
2026-09-23T08:43:41.6559827Z ##[group]Run actions/setup-python@v5
2026-09-23T08:43:41.6560378Z with:
2026-09-23T08:43:41.6560796Z   python-version: 3.11
2026-09-23T08:43:41.6561280Z   check-latest: false
2026-09-23T08:43:41.6565458Z   token: ***
2026-09-23T08:43:41.6565917Z   update-environment: true
2026-09-23T08:43:41.6566440Z   allow-prereleases: false
2026-09-23T08:43:41.6566933Z   freethreaded: false
2026-09-23T08:43:41.6567389Z ##[endgroup]
2026-09-23T08:43:41.7853446Z ##[group]Installed versions
2026-09-23T08:43:41.7940445Z (node:2420) [DEP0040] DeprecationWarning: The `punycode` module is deprecated. Please use a userland alternative instead.
2026-09-23T08:43:41.7942093Z (Use `node --trace-deprecation ...` to show where the warning was created)
2026-09-23T08:43:41.7943399Z Successfully set up CPython (3.11.16)
2026-09-23T08:43:41.7945016Z ##[endgroup]
2026-09-23T08:43:41.8165386Z ##[group]Run pip install --no-cache-dir pytest
2026-09-23T08:43:41.8166185Z [36;1mpip install --no-cache-dir pytest[0m
2026-09-23T08:43:41.8217922Z shell: /usr/bin/bash -e {0}
2026-09-23T08:43:41.8218757Z env:
2026-09-23T08:43:41.8219601Z   pythonLocation: /opt/hostedtoolcache/Python/3.11.16/x64
2026-09-23T08:43:41.8220931Z   PKG_CONFIG_PATH: /opt/hostedtoolcache/Python/3.11.16/x64/lib/pkgconfig
2026-09-23T08:43:41.8222285Z   Python_ROOT_DIR: /opt/hostedtoolcache/Python/3.11.16/x64
2026-09-23T08:43:41.8223549Z   Python2_ROOT_DIR: /opt/hostedtoolcache/Python/3.11.16/x64
2026-09-23T08:43:41.8224543Z   Python3_ROOT_DIR: /opt/hostedtoolcache/Python/3.11.16/x64
2026-09-23T08:43:41.8225674Z   LD_LIBRARY_PATH: /opt/hostedtoolcache/Python/3.11.16/x64/lib
2026-09-23T08:43:41.8322684Z ##[endgroup]
2026-09-23T08:43:42.7153745Z Collecting pytest
2026-09-23T08:43:42.8078610Z   Downloading pytest-9.1.1-py3-none-any.whl.metadata (7.6 kB)
2026-09-23T08:43:42.8313014Z Collecting iniconfig>=1.0.1 (from pytest)
2026-09-23T08:43:42.8505397Z   Downloading iniconfig-2.3.0-py3-none-any.whl.metadata (2.5 kB)
2026-09-23T08:43:42.8763798Z Collecting packaging>=22 (from pytest)
2026-09-23T08:43:42.8962202Z   Downloading packaging-26.3-py3-none-any.whl.metadata (3.5 kB)
2026-09-23T08:43:42.9199715Z Collecting pluggy<2,>=1.5 (from pytest)
2026-09-23T08:43:42.9389169Z   Downloading pluggy-1.6.0-py3-none-any.whl.metadata (4.8 kB)
2026-09-23T08:43:42.9691393Z Collecting pygments>=2.7.2 (from pytest)
2026-09-23T08:43:42.9880491Z   Downloading pygments-2.21.0-py3-none-any.whl.metadata (2.5 kB)
2026-09-23T08:43:43.0097673Z Downloading pytest-9.1.1-py3-none-any.whl (386 kB)
2026-09-23T08:43:43.0891080Z Downloading pluggy-1.6.0-py3-none-any.whl (20 kB)
2026-09-23T08:43:43.1084676Z Downloading iniconfig-2.3.0-py3-none-any.whl (7.5 kB)
2026-09-23T08:43:43.1274334Z Downloading packaging-26.3-py3-none-any.whl (129 kB)
2026-09-23T08:43:43.1484758Z Downloading pygments-2.21.0-py3-none-any.whl (1.3 MB)
2026-09-23T08:43:43.2022357Z    ââââââââââââââââââââââââââââââââââââââââ 1.3/1.3 MB 21.4 MB/s  0:00:00
2026-09-23T08:43:43.2615306Z Installing collected packages: pygments, pluggy, packaging, iniconfig, pytest
2026-09-23T08:43:44.2131366Z 
2026-09-23T08:43:44.2142332Z Successfully installed iniconfig-2.3.0 packaging-26.3 pluggy-1.6.0 pygments-2.21.0 pytest-9.1.1
2026-09-23T08:43:44.2631929Z ##[group]Run python automation/inject_mutation.py --error-type "AttributeError"
2026-09-23T08:43:44.2632644Z [36;1mpython automation/inject_mutation.py --error-type "AttributeError"[0m
2026-09-23T08:43:44.2670968Z shell: /usr/bin/bash -e {0}
2026-09-23T08:43:44.2671279Z env:
2026-09-23T08:43:44.2671836Z   pythonLocation: /opt/hostedtoolcache/Python/3.11.16/x64
2026-09-23T08:43:44.2672336Z   PKG_CONFIG_PATH: /opt/hostedtoolcache/Python/3.11.16/x64/lib/pkgconfig
2026-09-23T08:43:44.2672827Z   Python_ROOT_DIR: /opt/hostedtoolcache/Python/3.11.16/x64
2026-09-23T08:43:44.2673263Z   Python2_ROOT_DIR: /opt/hostedtoolcache/Python/3.11.16/x64
2026-09-23T08:43:44.2673714Z   Python3_ROOT_DIR: /opt/hostedtoolcache/Python/3.11.16/x64
2026-09-23T08:43:44.2674555Z   LD_LIBRARY_PATH: /opt/hostedtoolcache/Python/3.11.16/x64/lib
2026-09-23T08:43:44.2674968Z ##[endgroup]
2026-09-23T08:43:44.2970992Z [Mutation Injected] Successfully injected AttributeError into tests/test_app.py
2026-09-23T08:43:44.3038660Z ##[group]Run pytest tests/test_app.py -v
2026-09-23T08:43:44.3039098Z [36;1mpytest tests/test_app.py -v[0m
2026-09-23T08:43:44.3072926Z shell: /usr/bin/bash -e {0}
2026-09-23T08:43:44.3073217Z env:
2026-09-23T08:43:44.3073524Z   pythonLocation: /opt/hostedtoolcache/Python/3.11.16/x64
2026-09-23T08:43:44.3074345Z   PKG_CONFIG_PATH: /opt/hostedtoolcache/Python/3.11.16/x64/lib/pkgconfig
2026-09-23T08:43:44.3074866Z   Python_ROOT_DIR: /opt/hostedtoolcache/Python/3.11.16/x64
2026-09-23T08:43:44.3075315Z   Python2_ROOT_DIR: /opt/hostedtoolcache/Python/3.11.16/x64
2026-09-23T08:43:44.3075773Z   Python3_ROOT_DIR: /opt/hostedtoolcache/Python/3.11.16/x64
2026-09-23T08:43:44.3076217Z   LD_LIBRARY_PATH: /opt/hostedtoolcache/Python/3.11.16/x64/lib
2026-09-23T08:43:44.3076581Z ##[endgroup]
2026-09-23T08:43:44.6868519Z ============================= test session starts ==============================
2026-09-23T08:43:44.6869453Z platform linux -- Python 3.11.16, pytest-9.1.1, pluggy-1.6.0 -- /opt/hostedtoolcache/Python/3.11.16/x64/bin/python
2026-09-23T08:43:44.6870204Z cachedir: .pytest_cache
2026-09-23T08:43:44.6870617Z rootdir: /home/runner/work/log-generation/log-generation
2026-09-23T08:43:44.6871075Z configfile: pytest.ini
2026-09-23T08:43:44.6954082Z collecting ... collected 6 items
2026-09-23T08:43:44.6954521Z 
2026-09-23T08:43:44.6962445Z tests/test_app.py::test_calculate_division PASSED                        [ 16%]
2026-09-23T08:43:44.6970106Z tests/test_app.py::test_convert_to_int PASSED                            [ 33%]
2026-09-23T08:43:44.6977352Z tests/test_app.py::test_get_list_item PASSED                             [ 50%]
2026-09-23T08:43:44.6983910Z tests/test_app.py::test_get_dict_value PASSED                            [ 66%]
2026-09-23T08:43:44.6990652Z tests/test_app.py::test_assert_positive PASSED                           [ 83%]
2026-09-23T08:43:44.7270946Z tests/test_app.py::test_attribute_error FAILED                           [100%]
2026-09-23T08:43:44.7271453Z 
2026-09-23T08:43:44.7271666Z =================================== FAILURES ===================================
2026-09-23T08:43:44.7272208Z _____________________________ test_attribute_error _____________________________
2026-09-23T08:43:44.7272557Z 
2026-09-23T08:43:44.7272680Z     def test_attribute_error():
2026-09-23T08:43:44.7273021Z         """Injected synthetic AttributeError."""
2026-09-23T08:43:44.7273429Z         from src.app import get_object_attribute
2026-09-23T08:43:44.7273818Z >       get_object_attribute(object())
2026-09-23T08:43:44.7274417Z 
2026-09-23T08:43:44.7274552Z tests/test_app.py:137: 
2026-09-23T08:43:44.7274909Z _ _ _ _ _ _ _ _ _ _ _ _ _ _ _ _ _ _ _ _ _ _ _ _ _ _ _ _ _ _ _ _ _ _ _ _ _ _ _ _ 
2026-09-23T08:43:44.7275212Z 
2026-09-23T08:43:44.7275349Z obj = <object object at 0x7f76e849d370>
2026-09-23T08:43:44.7275577Z 
2026-09-23T08:43:44.7275699Z     def get_object_attribute(obj):
2026-09-23T08:43:44.7276034Z >       return obj.non_existent_attribute
2026-09-23T08:43:44.7276407Z                ^^^^^^^^^^^^^^^^^^^^^^^^^^
2026-09-23T08:43:44.7276891Z E       AttributeError: 'object' object has no attribute 'non_existent_attribute'
2026-09-23T08:43:44.7277284Z 
2026-09-23T08:43:44.7277411Z src/app.py:14: AttributeError
2026-09-23T08:43:44.7277838Z =========================== short test summary info ============================
2026-09-23T08:43:44.7278839Z FAILED tests/test_app.py::test_attribute_error - AttributeError: 'object' object has no attribute 'non_existent_attribute'
2026-09-23T08:43:44.7279621Z ========================= 1 failed, 5 passed in 0.03s ==========================
2026-09-23T08:43:44.7453420Z ##[error]Process completed with exit code 1.
2026-09-23T08:43:44.7595711Z Node 20 is being deprecated. This workflow is running with Node 24 by default. If you need to temporarily use Node 20, you can set the ACTIONS_ALLOW_USE_UNSECURE_NODE_VERSION=true environment variable. For more information see: https://github.blog/changelog/2025-09-19-deprecation-of-node-20-on-github-actions-runners/
2026-09-23T08:43:44.7596989Z Post job cleanup.
2026-09-23T08:43:44.8437005Z [command]/usr/bin/git version
2026-09-23T08:43:44.8480058Z git version 2.55.0
2026-09-23T08:43:44.8518312Z Temporarily overriding HOME='/home/runner/work/_temp/647ee77f-6a88-43ca-8e61-3af99b036e3a' before making global git config changes
2026-09-23T08:43:44.8519802Z Adding repository directory to the temporary git global config as a safe directory
2026-09-23T08:43:44.8523680Z [command]/usr/bin/git config --global --add safe.directory /home/runner/work/log-generation/log-generation
2026-09-23T08:43:44.8561849Z [command]/usr/bin/git config --local --name-only --get-regexp core\.sshCommand
2026-09-23T08:43:44.8595879Z [command]/usr/bin/git submodule foreach --recursive sh -c "git config --local --name-only --get-regexp 'core\.sshCommand' && git config --local --unset-all 'core.sshCommand' || :"
2026-09-23T08:43:44.8865048Z [command]/usr/bin/git config --local --name-only --get-regexp http\.https\:\/\/github\.com\/\.extraheader
2026-09-23T08:43:44.8874706Z http.https://github.com/.extraheader
2026-09-23T08:43:44.8885609Z [command]/usr/bin/git config --local --unset-all http.https://github.com/.extraheader
2026-09-23T08:43:44.8920256Z [command]/usr/bin/git submodule foreach --recursive sh -c "git config --local --name-only --get-regexp 'http\.https\:\/\/github\.com\/\.extraheader' && git config --local --unset-all 'http.https://github.com/.extraheader' || :"
2026-09-23T08:43:44.9175525Z [command]/usr/bin/git config --local --name-only --get-regexp ^includeIf\.gitdir:
2026-09-23T08:43:44.9224596Z [command]/usr/bin/git submodule foreach --recursive git config --local --show-origin --name-only --get-regexp remote.origin.url
2026-09-23T08:43:44.9700567Z Cleaning up orphan processes
2026-09-23T08:43:44.9964900Z ##[warning]Node.js 20 is deprecated. The following actions target Node.js 20 but are being forced to run on Node.js 24: actions/checkout@v4, actions/setup-python@v5. For more information see: https://github.blog/changelog/2025-09-19-deprecation-of-node-20-on-github-actions-runners/
