ï»¿2026-09-23T08:45:17.0558343Z Current runner version: '2.337.0'
2026-09-23T08:45:17.0581853Z ##[group]Runner Image Provisioner
2026-09-23T08:45:17.0582732Z Hosted Compute Agent
2026-09-23T08:45:17.0583366Z Version: 20260828.587
2026-09-23T08:45:17.0584079Z Commit: abac92662cab4cc7352de4f9f9d2e2419aad9c29
2026-09-23T08:45:17.0585183Z Build Date: 2026-08-28T16:44:25Z
2026-09-23T08:45:17.0585843Z Worker ID: {9f4f3797-af40-45c5-bee5-456389a29347}
2026-09-23T08:45:17.0586557Z Azure Region: centralus
2026-09-23T08:45:17.0587174Z ##[endgroup]
2026-09-23T08:45:17.0588545Z ##[group]Operating System
2026-09-23T08:45:17.0589122Z Ubuntu
2026-09-23T08:45:17.0589633Z 24.04.5
2026-09-23T08:45:17.0590147Z LTS
2026-09-23T08:45:17.0590938Z ##[endgroup]
2026-09-23T08:45:17.0591536Z ##[group]Runner Image
2026-09-23T08:45:17.0592091Z Image: ubuntu-24.04
2026-09-23T08:45:17.0592659Z Version: 20260907.300.1
2026-09-23T08:45:17.0593837Z Included Software: https://github.com/actions/runner-images/blob/ubuntu24/20260907.300/images/ubuntu/Ubuntu2404-Readme.md
2026-09-23T08:45:17.0595603Z Image Release: https://github.com/actions/runner-images/releases/tag/ubuntu24%2F20260907.300
2026-09-23T08:45:17.0596418Z ##[endgroup]
2026-09-23T08:45:17.0597478Z ##[group]GITHUB_TOKEN Permissions
2026-09-23T08:45:17.0599657Z Contents: read
2026-09-23T08:45:17.0600206Z Metadata: read
2026-09-23T08:45:17.0600686Z Packages: read
2026-09-23T08:45:17.0601197Z ##[endgroup]
2026-09-23T08:45:17.0603118Z Secret source: Actions
2026-09-23T08:45:17.0604016Z Cache mode: write
2026-09-23T08:45:17.0605228Z Prepare workflow directory
2026-09-23T08:45:17.0912912Z Prepare all required actions
2026-09-23T08:45:17.0960877Z Getting action download info
2026-09-23T08:45:17.3439170Z Download action repository 'actions/checkout@v4' (SHA:11d5960a326750d5838078e36cf38b85af677262)
2026-09-23T08:45:17.4360677Z Download action repository 'actions/setup-python@v5' (SHA:a26af69be951a213d495a4c3e4e4022e16d87065)
2026-09-23T08:45:17.6181826Z Complete job name: test-f3 (FileNotFoundError #216)
2026-09-23T08:45:17.6818974Z Node 20 is being deprecated. This workflow is running with Node 24 by default. If you need to temporarily use Node 20, you can set the ACTIONS_ALLOW_USE_UNSECURE_NODE_VERSION=true environment variable. For more information see: https://github.blog/changelog/2025-09-19-deprecation-of-node-20-on-github-actions-runners/
2026-09-23T08:45:17.6827135Z ##[group]Run actions/checkout@v4
2026-09-23T08:45:17.6827870Z with:
2026-09-23T08:45:17.6828348Z   fetch-depth: 1
2026-09-23T08:45:17.6828893Z   repository: DhruvHegde/log-generation
2026-09-23T08:45:17.6832470Z   token: ***
2026-09-23T08:45:17.6832963Z   ssh-strict: true
2026-09-23T08:45:17.6833446Z   ssh-user: git
2026-09-23T08:45:17.6834161Z   persist-credentials: true
2026-09-23T08:45:17.6834854Z   clean: true
2026-09-23T08:45:17.6835366Z   sparse-checkout-cone-mode: true
2026-09-23T08:45:17.6835911Z   fetch-tags: false
2026-09-23T08:45:17.6836371Z   show-progress: true
2026-09-23T08:45:17.6836872Z   lfs: false
2026-09-23T08:45:17.6837447Z   submodules: false
2026-09-23T08:45:17.6837975Z   set-safe-directory: true
2026-09-23T08:45:17.6838506Z   allow-unsafe-pr-checkout: false
2026-09-23T08:45:17.6839201Z ##[endgroup]
2026-09-23T08:45:17.7770517Z Syncing repository: DhruvHegde/log-generation
2026-09-23T08:45:17.7773191Z ##[group]Getting Git version info
2026-09-23T08:45:17.7774369Z Working directory is '/home/runner/work/log-generation/log-generation'
2026-09-23T08:45:17.7776404Z [command]/usr/bin/git version
2026-09-23T08:45:17.7800531Z git version 2.55.0
2026-09-23T08:45:17.7817454Z ##[endgroup]
2026-09-23T08:45:17.7830086Z Temporarily overriding HOME='/home/runner/work/_temp/82f64644-7939-4b16-b47f-8ebc240d7a0b' before making global git config changes
2026-09-23T08:45:17.7832247Z Adding repository directory to the temporary git global config as a safe directory
2026-09-23T08:45:17.7834266Z [command]/usr/bin/git config --global --add safe.directory /home/runner/work/log-generation/log-generation
2026-09-23T08:45:17.7878344Z Deleting the contents of '/home/runner/work/log-generation/log-generation'
2026-09-23T08:45:17.7883898Z ##[group]Initializing the repository
2026-09-23T08:45:17.7888637Z [command]/usr/bin/git init /home/runner/work/log-generation/log-generation
2026-09-23T08:45:17.7982825Z hint: Using 'master' as the name for the initial branch. This default branch name
2026-09-23T08:45:17.7984374Z hint: will change to "main" in Git 3.0. To configure the initial branch name
2026-09-23T08:45:17.7986116Z hint: to use in all of your new repositories, which will suppress this warning,
2026-09-23T08:45:17.7987343Z hint: call:
2026-09-23T08:45:17.7988114Z hint:
2026-09-23T08:45:17.7988917Z hint: 	git config --global init.defaultBranch <name>
2026-09-23T08:45:17.7989840Z hint:
2026-09-23T08:45:17.7990749Z hint: Names commonly chosen instead of 'master' are 'main', 'trunk' and
2026-09-23T08:45:17.7992205Z hint: 'development'. The just-created branch can be renamed via this command:
2026-09-23T08:45:17.7993342Z hint:
2026-09-23T08:45:17.7994042Z hint: 	git branch -m <name>
2026-09-23T08:45:17.7994979Z hint:
2026-09-23T08:45:17.7996000Z hint: Disable this message with "git config set advice.defaultBranchName false"
2026-09-23T08:45:17.7997871Z Initialized empty Git repository in /home/runner/work/log-generation/log-generation/.git/
2026-09-23T08:45:17.8007353Z [command]/usr/bin/git remote add origin https://github.com/DhruvHegde/log-generation
2026-09-23T08:45:17.8047570Z ##[endgroup]
2026-09-23T08:45:17.8049053Z ##[group]Disabling automatic garbage collection
2026-09-23T08:45:17.8050339Z [command]/usr/bin/git config --local gc.auto 0
2026-09-23T08:45:17.8076300Z ##[endgroup]
2026-09-23T08:45:17.8077537Z ##[group]Setting up auth
2026-09-23T08:45:17.8081554Z [command]/usr/bin/git config --local --name-only --get-regexp core\.sshCommand
2026-09-23T08:45:17.8110012Z [command]/usr/bin/git submodule foreach --recursive sh -c "git config --local --name-only --get-regexp 'core\.sshCommand' && git config --local --unset-all 'core.sshCommand' || :"
2026-09-23T08:45:17.8456679Z [command]/usr/bin/git config --local --name-only --get-regexp http\.https\:\/\/github\.com\/\.extraheader
2026-09-23T08:45:17.8479476Z [command]/usr/bin/git submodule foreach --recursive sh -c "git config --local --name-only --get-regexp 'http\.https\:\/\/github\.com\/\.extraheader' && git config --local --unset-all 'http.https://github.com/.extraheader' || :"
2026-09-23T08:45:17.8657355Z [command]/usr/bin/git config --local --name-only --get-regexp ^includeIf\.gitdir:
2026-09-23T08:45:17.8686372Z [command]/usr/bin/git submodule foreach --recursive git config --local --show-origin --name-only --get-regexp remote.origin.url
2026-09-23T08:45:17.8860167Z [command]/usr/bin/git config --local http.https://github.com/.extraheader AUTHORIZATION: basic ***
2026-09-23T08:45:17.8890849Z ##[endgroup]
2026-09-23T08:45:17.8892279Z ##[group]Fetching the repository
2026-09-23T08:45:17.8901059Z [command]/usr/bin/git -c protocol.version=2 fetch --no-tags --prune --no-recurse-submodules --depth=1 origin +dfcb6f158e4bd8054252a4da5d0a9edc2ab15d57:refs/remotes/origin/feature/f3-test-failures
2026-09-23T08:45:18.2238423Z From https://github.com/DhruvHegde/log-generation
2026-09-23T08:45:18.2240286Z  * [new ref]         dfcb6f158e4bd8054252a4da5d0a9edc2ab15d57 -> origin/feature/f3-test-failures
2026-09-23T08:45:18.2243524Z ##[endgroup]
2026-09-23T08:45:18.2245109Z ##[group]Determining the checkout info
2026-09-23T08:45:18.2246769Z ##[endgroup]
2026-09-23T08:45:18.2253355Z [command]/usr/bin/git sparse-checkout disable
2026-09-23T08:45:18.2298889Z [command]/usr/bin/git config --local --unset-all extensions.worktreeConfig
2026-09-23T08:45:18.2325425Z ##[group]Checking out the ref
2026-09-23T08:45:18.2329758Z [command]/usr/bin/git checkout --progress --force -B feature/f3-test-failures refs/remotes/origin/feature/f3-test-failures
2026-09-23T08:45:18.2390657Z Switched to a new branch 'feature/f3-test-failures'
2026-09-23T08:45:18.2395727Z branch 'feature/f3-test-failures' set up to track 'origin/feature/f3-test-failures'.
2026-09-23T08:45:18.2399415Z ##[endgroup]
2026-09-23T08:45:18.2432899Z [command]/usr/bin/git log -1 --format=%H
2026-09-23T08:45:18.2453247Z dfcb6f158e4bd8054252a4da5d0a9edc2ab15d57
2026-09-23T08:45:18.2713328Z Node 20 is being deprecated. This workflow is running with Node 24 by default. If you need to temporarily use Node 20, you can set the ACTIONS_ALLOW_USE_UNSECURE_NODE_VERSION=true environment variable. For more information see: https://github.blog/changelog/2025-09-19-deprecation-of-node-20-on-github-actions-runners/
2026-09-23T08:45:18.2716328Z ##[group]Run actions/setup-python@v5
2026-09-23T08:45:18.2717053Z with:
2026-09-23T08:45:18.2717580Z   python-version: 3.11
2026-09-23T08:45:18.2718152Z   check-latest: false
2026-09-23T08:45:18.2722060Z   token: ***
2026-09-23T08:45:18.2722634Z   update-environment: true
2026-09-23T08:45:18.2723259Z   allow-prereleases: false
2026-09-23T08:45:18.2723837Z   freethreaded: false
2026-09-23T08:45:18.2724392Z ##[endgroup]
2026-09-23T08:45:18.3910870Z ##[group]Installed versions
2026-09-23T08:45:18.3990040Z (node:2033) [DEP0040] DeprecationWarning: The `punycode` module is deprecated. Please use a userland alternative instead.
2026-09-23T08:45:18.3992549Z (Use `node --trace-deprecation ...` to show where the warning was created)
2026-09-23T08:45:18.3993861Z Successfully set up CPython (3.11.16)
2026-09-23T08:45:18.3995582Z ##[endgroup]
2026-09-23T08:45:18.4161910Z ##[group]Run pip install --no-cache-dir pytest
2026-09-23T08:45:18.4162786Z [36;1mpip install --no-cache-dir pytest[0m
2026-09-23T08:45:18.4201889Z shell: /usr/bin/bash -e {0}
2026-09-23T08:45:18.4202529Z env:
2026-09-23T08:45:18.4203258Z   pythonLocation: /opt/hostedtoolcache/Python/3.11.16/x64
2026-09-23T08:45:18.4204192Z   PKG_CONFIG_PATH: /opt/hostedtoolcache/Python/3.11.16/x64/lib/pkgconfig
2026-09-23T08:45:18.4205332Z   Python_ROOT_DIR: /opt/hostedtoolcache/Python/3.11.16/x64
2026-09-23T08:45:18.4206230Z   Python2_ROOT_DIR: /opt/hostedtoolcache/Python/3.11.16/x64
2026-09-23T08:45:18.4207057Z   Python3_ROOT_DIR: /opt/hostedtoolcache/Python/3.11.16/x64
2026-09-23T08:45:18.4207961Z   LD_LIBRARY_PATH: /opt/hostedtoolcache/Python/3.11.16/x64/lib
2026-09-23T08:45:18.4208705Z ##[endgroup]
2026-09-23T08:45:19.1972530Z Collecting pytest
2026-09-23T08:45:19.2873354Z   Downloading pytest-9.1.1-py3-none-any.whl.metadata (7.6 kB)
2026-09-23T08:45:19.3050810Z Collecting iniconfig>=1.0.1 (from pytest)
2026-09-23T08:45:19.3181319Z   Downloading iniconfig-2.3.0-py3-none-any.whl.metadata (2.5 kB)
2026-09-23T08:45:19.3382881Z Collecting packaging>=22 (from pytest)
2026-09-23T08:45:19.3512229Z   Downloading packaging-26.3-py3-none-any.whl.metadata (3.5 kB)
2026-09-23T08:45:19.3685078Z Collecting pluggy<2,>=1.5 (from pytest)
2026-09-23T08:45:19.3815009Z   Downloading pluggy-1.6.0-py3-none-any.whl.metadata (4.8 kB)
2026-09-23T08:45:19.4055510Z Collecting pygments>=2.7.2 (from pytest)
2026-09-23T08:45:19.4192556Z   Downloading pygments-2.21.0-py3-none-any.whl.metadata (2.5 kB)
2026-09-23T08:45:19.4346799Z Downloading pytest-9.1.1-py3-none-any.whl (386 kB)
2026-09-23T08:45:19.4951100Z Downloading pluggy-1.6.0-py3-none-any.whl (20 kB)
2026-09-23T08:45:19.5085794Z Downloading iniconfig-2.3.0-py3-none-any.whl (7.5 kB)
2026-09-23T08:45:19.5214387Z Downloading packaging-26.3-py3-none-any.whl (129 kB)
2026-09-23T08:45:19.5358723Z Downloading pygments-2.21.0-py3-none-any.whl (1.3 MB)
2026-09-23T08:45:19.5729721Z    ââââââââââââââââââââââââââââââââââââââââ 1.3/1.3 MB 31.9 MB/s  0:00:00
2026-09-23T08:45:19.6301185Z Installing collected packages: pygments, pluggy, packaging, iniconfig, pytest
2026-09-23T08:45:20.3871517Z 
2026-09-23T08:45:20.3880415Z Successfully installed iniconfig-2.3.0 packaging-26.3 pluggy-1.6.0 pygments-2.21.0 pytest-9.1.1
2026-09-23T08:45:20.4445479Z ##[group]Run python automation/inject_mutation.py --error-type "FileNotFoundError"
2026-09-23T08:45:20.4446185Z [36;1mpython automation/inject_mutation.py --error-type "FileNotFoundError"[0m
2026-09-23T08:45:20.4471033Z shell: /usr/bin/bash -e {0}
2026-09-23T08:45:20.4471438Z env:
2026-09-23T08:45:20.4472006Z   pythonLocation: /opt/hostedtoolcache/Python/3.11.16/x64
2026-09-23T08:45:20.4472478Z   PKG_CONFIG_PATH: /opt/hostedtoolcache/Python/3.11.16/x64/lib/pkgconfig
2026-09-23T08:45:20.4472914Z   Python_ROOT_DIR: /opt/hostedtoolcache/Python/3.11.16/x64
2026-09-23T08:45:20.4473304Z   Python2_ROOT_DIR: /opt/hostedtoolcache/Python/3.11.16/x64
2026-09-23T08:45:20.4473729Z   Python3_ROOT_DIR: /opt/hostedtoolcache/Python/3.11.16/x64
2026-09-23T08:45:20.4474135Z   LD_LIBRARY_PATH: /opt/hostedtoolcache/Python/3.11.16/x64/lib
2026-09-23T08:45:20.4474711Z ##[endgroup]
2026-09-23T08:45:20.4753206Z [Mutation Injected] Successfully injected FileNotFoundError into tests/test_app.py
2026-09-23T08:45:20.4820426Z ##[group]Run pytest tests/test_app.py -v
2026-09-23T08:45:20.4820873Z [36;1mpytest tests/test_app.py -v[0m
2026-09-23T08:45:20.4843114Z shell: /usr/bin/bash -e {0}
2026-09-23T08:45:20.4843512Z env:
2026-09-23T08:45:20.4843866Z   pythonLocation: /opt/hostedtoolcache/Python/3.11.16/x64
2026-09-23T08:45:20.4844356Z   PKG_CONFIG_PATH: /opt/hostedtoolcache/Python/3.11.16/x64/lib/pkgconfig
2026-09-23T08:45:20.4845068Z   Python_ROOT_DIR: /opt/hostedtoolcache/Python/3.11.16/x64
2026-09-23T08:45:20.4845535Z   Python2_ROOT_DIR: /opt/hostedtoolcache/Python/3.11.16/x64
2026-09-23T08:45:20.4846016Z   Python3_ROOT_DIR: /opt/hostedtoolcache/Python/3.11.16/x64
2026-09-23T08:45:20.4846474Z   LD_LIBRARY_PATH: /opt/hostedtoolcache/Python/3.11.16/x64/lib
2026-09-23T08:45:20.4846835Z ##[endgroup]
2026-09-23T08:45:20.6744719Z ============================= test session starts ==============================
2026-09-23T08:45:20.6746207Z platform linux -- Python 3.11.16, pytest-9.1.1, pluggy-1.6.0 -- /opt/hostedtoolcache/Python/3.11.16/x64/bin/python
2026-09-23T08:45:20.6747163Z cachedir: .pytest_cache
2026-09-23T08:45:20.6747706Z rootdir: /home/runner/work/log-generation/log-generation
2026-09-23T08:45:20.6748365Z configfile: pytest.ini
2026-09-23T08:45:20.6812881Z collecting ... collected 6 items
2026-09-23T08:45:20.6813366Z 
2026-09-23T08:45:20.6819856Z tests/test_app.py::test_calculate_division PASSED                        [ 16%]
2026-09-23T08:45:20.6825857Z tests/test_app.py::test_convert_to_int PASSED                            [ 33%]
2026-09-23T08:45:20.6831495Z tests/test_app.py::test_get_list_item PASSED                             [ 50%]
2026-09-23T08:45:20.6836721Z tests/test_app.py::test_get_dict_value PASSED                            [ 66%]
2026-09-23T08:45:20.6841705Z tests/test_app.py::test_assert_positive PASSED                           [ 83%]
2026-09-23T08:45:20.7048833Z tests/test_app.py::test_file_not_found_error FAILED                      [100%]
2026-09-23T08:45:20.7049588Z 
2026-09-23T08:45:20.7049954Z =================================== FAILURES ===================================
2026-09-23T08:45:20.7050802Z __________________________ test_file_not_found_error ___________________________
2026-09-23T08:45:20.7051469Z 
2026-09-23T08:45:20.7051691Z     def test_file_not_found_error():
2026-09-23T08:45:20.7052312Z         """Injected synthetic FileNotFoundError."""
2026-09-23T08:45:20.7052909Z         from src.app import read_config_file
2026-09-23T08:45:20.7053592Z >       read_config_file("fixtures/non_existent_pipeline_config.json")
2026-09-23T08:45:20.7054012Z 
2026-09-23T08:45:20.7054203Z tests/test_app.py:137: 
2026-09-23T08:45:20.7054933Z _ _ _ _ _ _ _ _ _ _ _ _ _ _ _ _ _ _ _ _ _ _ _ _ _ _ _ _ _ _ _ _ _ _ _ _ _ _ _ _ 
2026-09-23T08:45:20.7055343Z 
2026-09-23T08:45:20.7055570Z path = 'fixtures/non_existent_pipeline_config.json'
2026-09-23T08:45:20.7055992Z 
2026-09-23T08:45:20.7056220Z     def read_config_file(path):
2026-09-23T08:45:20.7056777Z >       with open(path, "r") as f:
2026-09-23T08:45:20.7057333Z              ^^^^^^^^^^^^^^^
2026-09-23T08:45:20.7058231Z E       FileNotFoundError: [Errno 2] No such file or directory: 'fixtures/non_existent_pipeline_config.json'
2026-09-23T08:45:20.7058824Z 
2026-09-23T08:45:20.7059058Z src/app.py:17: FileNotFoundError
2026-09-23T08:45:20.7059636Z =========================== short test summary info ============================
2026-09-23T08:45:20.7061081Z FAILED tests/test_app.py::test_file_not_found_error - FileNotFoundError: [Errno 2] No such file or directory: 'fixtures/non_existent_pipeline_config.json'
2026-09-23T08:45:20.7062168Z ========================= 1 failed, 5 passed in 0.02s ==========================
2026-09-23T08:45:20.7257681Z ##[error]Process completed with exit code 1.
2026-09-23T08:45:20.7399165Z Node 20 is being deprecated. This workflow is running with Node 24 by default. If you need to temporarily use Node 20, you can set the ACTIONS_ALLOW_USE_UNSECURE_NODE_VERSION=true environment variable. For more information see: https://github.blog/changelog/2025-09-19-deprecation-of-node-20-on-github-actions-runners/
2026-09-23T08:45:20.7400354Z Post job cleanup.
2026-09-23T08:45:20.8174104Z [command]/usr/bin/git version
2026-09-23T08:45:20.8216438Z git version 2.55.0
2026-09-23T08:45:20.8253894Z Temporarily overriding HOME='/home/runner/work/_temp/262b8b9c-5ce7-4d2c-89d2-8befe23bb320' before making global git config changes
2026-09-23T08:45:20.8255164Z Adding repository directory to the temporary git global config as a safe directory
2026-09-23T08:45:20.8260317Z [command]/usr/bin/git config --global --add safe.directory /home/runner/work/log-generation/log-generation
2026-09-23T08:45:20.8295879Z [command]/usr/bin/git config --local --name-only --get-regexp core\.sshCommand
2026-09-23T08:45:20.8324280Z [command]/usr/bin/git submodule foreach --recursive sh -c "git config --local --name-only --get-regexp 'core\.sshCommand' && git config --local --unset-all 'core.sshCommand' || :"
2026-09-23T08:45:20.8524088Z [command]/usr/bin/git config --local --name-only --get-regexp http\.https\:\/\/github\.com\/\.extraheader
2026-09-23T08:45:20.8546068Z http.https://github.com/.extraheader
2026-09-23T08:45:20.8556509Z [command]/usr/bin/git config --local --unset-all http.https://github.com/.extraheader
2026-09-23T08:45:20.8583345Z [command]/usr/bin/git submodule foreach --recursive sh -c "git config --local --name-only --get-regexp 'http\.https\:\/\/github\.com\/\.extraheader' && git config --local --unset-all 'http.https://github.com/.extraheader' || :"
2026-09-23T08:45:20.8781334Z [command]/usr/bin/git config --local --name-only --get-regexp ^includeIf\.gitdir:
2026-09-23T08:45:20.8812569Z [command]/usr/bin/git submodule foreach --recursive git config --local --show-origin --name-only --get-regexp remote.origin.url
2026-09-23T08:45:20.9131201Z Cleaning up orphan processes
2026-09-23T08:45:20.9375002Z ##[warning]Node.js 20 is deprecated. The following actions target Node.js 20 but are being forced to run on Node.js 24: actions/checkout@v4, actions/setup-python@v5. For more information see: https://github.blog/changelog/2025-09-19-deprecation-of-node-20-on-github-actions-runners/
