ï»¿2026-09-23T08:49:42.0411794Z Current runner version: '2.337.0'
2026-09-23T08:49:42.0446153Z ##[group]Runner Image Provisioner
2026-09-23T08:49:42.0447498Z Hosted Compute Agent
2026-09-23T08:49:42.0448719Z Version: 20260828.587
2026-09-23T08:49:42.0449848Z Commit: abac92662cab4cc7352de4f9f9d2e2419aad9c29
2026-09-23T08:49:42.0451163Z Build Date: 2026-08-28T16:44:25Z
2026-09-23T08:49:42.0452367Z Worker ID: {4a8ec53f-efe3-4852-904e-511e83aaf9b7}
2026-09-23T08:49:42.0453754Z Azure Region: eastus
2026-09-23T08:49:42.0454702Z ##[endgroup]
2026-09-23T08:49:42.0457872Z ##[group]Operating System
2026-09-23T08:49:42.0459263Z Ubuntu
2026-09-23T08:49:42.0460253Z 24.04.5
2026-09-23T08:49:42.0461236Z LTS
2026-09-23T08:49:42.0462060Z ##[endgroup]
2026-09-23T08:49:42.0462980Z ##[group]Runner Image
2026-09-23T08:49:42.0464033Z Image: ubuntu-24.04
2026-09-23T08:49:42.0465059Z Version: 20260907.300.1
2026-09-23T08:49:42.0467200Z Included Software: https://github.com/actions/runner-images/blob/ubuntu24/20260907.300/images/ubuntu/Ubuntu2404-Readme.md
2026-09-23T08:49:42.0470221Z Image Release: https://github.com/actions/runner-images/releases/tag/ubuntu24%2F20260907.300
2026-09-23T08:49:42.0471956Z ##[endgroup]
2026-09-23T08:49:42.0474057Z ##[group]GITHUB_TOKEN Permissions
2026-09-23T08:49:42.0476892Z Contents: read
2026-09-23T08:49:42.0477956Z Metadata: read
2026-09-23T08:49:42.0479183Z Packages: read
2026-09-23T08:49:42.0480187Z ##[endgroup]
2026-09-23T08:49:42.0483323Z Secret source: Actions
2026-09-23T08:49:42.0484806Z Cache mode: write
2026-09-23T08:49:42.0486349Z Prepare workflow directory
2026-09-23T08:49:42.0963450Z Prepare all required actions
2026-09-23T08:49:42.1035996Z Getting action download info
2026-09-23T08:49:42.3262153Z Download action repository 'actions/checkout@v4' (SHA:11d5960a326750d5838078e36cf38b85af677262)
2026-09-23T08:49:42.4303905Z Download action repository 'actions/setup-python@v5' (SHA:a26af69be951a213d495a4c3e4e4022e16d87065)
2026-09-23T08:49:42.6165647Z Complete job name: test-f3 (KeyError #151)
2026-09-23T08:49:42.6946280Z Node 20 is being deprecated. This workflow is running with Node 24 by default. If you need to temporarily use Node 20, you can set the ACTIONS_ALLOW_USE_UNSECURE_NODE_VERSION=true environment variable. For more information see: https://github.blog/changelog/2025-09-19-deprecation-of-node-20-on-github-actions-runners/
2026-09-23T08:49:42.6955219Z ##[group]Run actions/checkout@v4
2026-09-23T08:49:42.6955957Z with:
2026-09-23T08:49:42.6956375Z   fetch-depth: 1
2026-09-23T08:49:42.6956865Z   repository: DhruvHegde/log-generation
2026-09-23T08:49:42.6960807Z   token: ***
2026-09-23T08:49:42.6961253Z   ssh-strict: true
2026-09-23T08:49:42.6961702Z   ssh-user: git
2026-09-23T08:49:42.6962148Z   persist-credentials: true
2026-09-23T08:49:42.6962645Z   clean: true
2026-09-23T08:49:42.6963097Z   sparse-checkout-cone-mode: true
2026-09-23T08:49:42.6963629Z   fetch-tags: false
2026-09-23T08:49:42.6964084Z   show-progress: true
2026-09-23T08:49:42.6964536Z   lfs: false
2026-09-23T08:49:42.6964993Z   submodules: false
2026-09-23T08:49:42.6965462Z   set-safe-directory: true
2026-09-23T08:49:42.6965978Z   allow-unsafe-pr-checkout: false
2026-09-23T08:49:42.6966761Z ##[endgroup]
2026-09-23T08:49:42.8010114Z Syncing repository: DhruvHegde/log-generation
2026-09-23T08:49:42.8012791Z ##[group]Getting Git version info
2026-09-23T08:49:42.8014216Z Working directory is '/home/runner/work/log-generation/log-generation'
2026-09-23T08:49:42.8016194Z [command]/usr/bin/git version
2026-09-23T08:49:42.8061778Z git version 2.55.0
2026-09-23T08:49:42.8084347Z ##[endgroup]
2026-09-23T08:49:42.8099208Z Temporarily overriding HOME='/home/runner/work/_temp/3961a5cd-5952-406e-8815-92760949553e' before making global git config changes
2026-09-23T08:49:42.8101584Z Adding repository directory to the temporary git global config as a safe directory
2026-09-23T08:49:42.8104861Z [command]/usr/bin/git config --global --add safe.directory /home/runner/work/log-generation/log-generation
2026-09-23T08:49:42.8170190Z Deleting the contents of '/home/runner/work/log-generation/log-generation'
2026-09-23T08:49:42.8174812Z ##[group]Initializing the repository
2026-09-23T08:49:42.8179280Z [command]/usr/bin/git init /home/runner/work/log-generation/log-generation
2026-09-23T08:49:42.8303436Z hint: Using 'master' as the name for the initial branch. This default branch name
2026-09-23T08:49:42.8305256Z hint: will change to "main" in Git 3.0. To configure the initial branch name
2026-09-23T08:49:42.8307390Z hint: to use in all of your new repositories, which will suppress this warning,
2026-09-23T08:49:42.8309345Z hint: call:
2026-09-23T08:49:42.8310648Z hint:
2026-09-23T08:49:42.8312216Z hint: 	git config --global init.defaultBranch <name>
2026-09-23T08:49:42.8314039Z hint:
2026-09-23T08:49:42.8315611Z hint: Names commonly chosen instead of 'master' are 'main', 'trunk' and
2026-09-23T08:49:42.8317553Z hint: 'development'. The just-created branch can be renamed via this command:
2026-09-23T08:49:42.8319641Z hint:
2026-09-23T08:49:42.8320983Z hint: 	git branch -m <name>
2026-09-23T08:49:42.8322269Z hint:
2026-09-23T08:49:42.8323855Z hint: Disable this message with "git config set advice.defaultBranchName false"
2026-09-23T08:49:42.8326181Z Initialized empty Git repository in /home/runner/work/log-generation/log-generation/.git/
2026-09-23T08:49:42.8330577Z [command]/usr/bin/git remote add origin https://github.com/DhruvHegde/log-generation
2026-09-23T08:49:42.8375012Z ##[endgroup]
2026-09-23T08:49:42.8376529Z ##[group]Disabling automatic garbage collection
2026-09-23T08:49:42.8379539Z [command]/usr/bin/git config --local gc.auto 0
2026-09-23T08:49:42.8412504Z ##[endgroup]
2026-09-23T08:49:42.8413770Z ##[group]Setting up auth
2026-09-23T08:49:42.8420007Z [command]/usr/bin/git config --local --name-only --get-regexp core\.sshCommand
2026-09-23T08:49:42.8453876Z [command]/usr/bin/git submodule foreach --recursive sh -c "git config --local --name-only --get-regexp 'core\.sshCommand' && git config --local --unset-all 'core.sshCommand' || :"
2026-09-23T08:49:42.8840445Z [command]/usr/bin/git config --local --name-only --get-regexp http\.https\:\/\/github\.com\/\.extraheader
2026-09-23T08:49:42.8880093Z [command]/usr/bin/git submodule foreach --recursive sh -c "git config --local --name-only --get-regexp 'http\.https\:\/\/github\.com\/\.extraheader' && git config --local --unset-all 'http.https://github.com/.extraheader' || :"
2026-09-23T08:49:42.9113426Z [command]/usr/bin/git config --local --name-only --get-regexp ^includeIf\.gitdir:
2026-09-23T08:49:42.9149463Z [command]/usr/bin/git submodule foreach --recursive git config --local --show-origin --name-only --get-regexp remote.origin.url
2026-09-23T08:49:42.9373749Z [command]/usr/bin/git config --local http.https://github.com/.extraheader AUTHORIZATION: basic ***
2026-09-23T08:49:42.9471686Z ##[endgroup]
2026-09-23T08:49:42.9472738Z ##[group]Fetching the repository
2026-09-23T08:49:42.9481805Z [command]/usr/bin/git -c protocol.version=2 fetch --no-tags --prune --no-recurse-submodules --depth=1 origin +43f20917de93b9aad51cf79a69ad5239c5632917:refs/remotes/origin/feature/f3-test-failures
2026-09-23T08:49:43.1826935Z From https://github.com/DhruvHegde/log-generation
2026-09-23T08:49:43.1828476Z  * [new ref]         43f20917de93b9aad51cf79a69ad5239c5632917 -> origin/feature/f3-test-failures
2026-09-23T08:49:43.1832541Z ##[endgroup]
2026-09-23T08:49:43.1834047Z ##[group]Determining the checkout info
2026-09-23T08:49:43.1835808Z ##[endgroup]
2026-09-23T08:49:43.1841137Z [command]/usr/bin/git sparse-checkout disable
2026-09-23T08:49:43.1895096Z [command]/usr/bin/git config --local --unset-all extensions.worktreeConfig
2026-09-23T08:49:43.1927658Z ##[group]Checking out the ref
2026-09-23T08:49:43.1940325Z [command]/usr/bin/git checkout --progress --force -B feature/f3-test-failures refs/remotes/origin/feature/f3-test-failures
2026-09-23T08:49:43.2327589Z Switched to a new branch 'feature/f3-test-failures'
2026-09-23T08:49:43.2335325Z branch 'feature/f3-test-failures' set up to track 'origin/feature/f3-test-failures'.
2026-09-23T08:49:43.2342344Z ##[endgroup]
2026-09-23T08:49:43.2387817Z [command]/usr/bin/git log -1 --format=%H
2026-09-23T08:49:43.2415002Z 43f20917de93b9aad51cf79a69ad5239c5632917
2026-09-23T08:49:43.2697365Z Node 20 is being deprecated. This workflow is running with Node 24 by default. If you need to temporarily use Node 20, you can set the ACTIONS_ALLOW_USE_UNSECURE_NODE_VERSION=true environment variable. For more information see: https://github.blog/changelog/2025-09-19-deprecation-of-node-20-on-github-actions-runners/
2026-09-23T08:49:43.2700678Z ##[group]Run actions/setup-python@v5
2026-09-23T08:49:43.2701283Z with:
2026-09-23T08:49:43.2701735Z   python-version: 3.11
2026-09-23T08:49:43.2702240Z   check-latest: false
2026-09-23T08:49:43.2706094Z   token: ***
2026-09-23T08:49:43.2706583Z   update-environment: true
2026-09-23T08:49:43.2707127Z   allow-prereleases: false
2026-09-23T08:49:43.2707652Z   freethreaded: false
2026-09-23T08:49:43.2708132Z ##[endgroup]
2026-09-23T08:49:43.4047976Z ##[group]Installed versions
2026-09-23T08:49:43.4145205Z (node:2253) [DEP0040] DeprecationWarning: The `punycode` module is deprecated. Please use a userland alternative instead.
2026-09-23T08:49:43.4147639Z (Use `node --trace-deprecation ...` to show where the warning was created)
2026-09-23T08:49:43.4149711Z Successfully set up CPython (3.11.16)
2026-09-23T08:49:43.4160287Z ##[endgroup]
2026-09-23T08:49:43.4329150Z ##[group]Run pip install --no-cache-dir pytest
2026-09-23T08:49:43.4330102Z [36;1mpip install --no-cache-dir pytest[0m
2026-09-23T08:49:43.4387755Z shell: /usr/bin/bash -e {0}
2026-09-23T08:49:43.4388719Z env:
2026-09-23T08:49:43.4389669Z   pythonLocation: /opt/hostedtoolcache/Python/3.11.16/x64
2026-09-23T08:49:43.4391238Z   PKG_CONFIG_PATH: /opt/hostedtoolcache/Python/3.11.16/x64/lib/pkgconfig
2026-09-23T08:49:43.4392940Z   Python_ROOT_DIR: /opt/hostedtoolcache/Python/3.11.16/x64
2026-09-23T08:49:43.4484168Z   Python2_ROOT_DIR: /opt/hostedtoolcache/Python/3.11.16/x64
2026-09-23T08:49:43.4485568Z   Python3_ROOT_DIR: /opt/hostedtoolcache/Python/3.11.16/x64
2026-09-23T08:49:43.4486620Z   LD_LIBRARY_PATH: /opt/hostedtoolcache/Python/3.11.16/x64/lib
2026-09-23T08:49:43.4487457Z ##[endgroup]
2026-09-23T08:49:44.3482406Z Collecting pytest
2026-09-23T08:49:44.3948029Z   Downloading pytest-9.1.1-py3-none-any.whl.metadata (7.6 kB)
2026-09-23T08:49:44.4032803Z Collecting iniconfig>=1.0.1 (from pytest)
2026-09-23T08:49:44.4063490Z   Downloading iniconfig-2.3.0-py3-none-any.whl.metadata (2.5 kB)
2026-09-23T08:49:44.4165460Z Collecting packaging>=22 (from pytest)
2026-09-23T08:49:44.4196687Z   Downloading packaging-26.3-py3-none-any.whl.metadata (3.5 kB)
2026-09-23T08:49:44.4276551Z Collecting pluggy<2,>=1.5 (from pytest)
2026-09-23T08:49:44.4307751Z   Downloading pluggy-1.6.0-py3-none-any.whl.metadata (4.8 kB)
2026-09-23T08:49:44.4436929Z Collecting pygments>=2.7.2 (from pytest)
2026-09-23T08:49:44.4467760Z   Downloading pygments-2.21.0-py3-none-any.whl.metadata (2.5 kB)
2026-09-23T08:49:44.4523553Z Downloading pytest-9.1.1-py3-none-any.whl (386 kB)
2026-09-23T08:49:44.4686558Z Downloading pluggy-1.6.0-py3-none-any.whl (20 kB)
2026-09-23T08:49:44.4717492Z Downloading iniconfig-2.3.0-py3-none-any.whl (7.5 kB)
2026-09-23T08:49:44.4746864Z Downloading packaging-26.3-py3-none-any.whl (129 kB)
2026-09-23T08:49:44.4784600Z Downloading pygments-2.21.0-py3-none-any.whl (1.3 MB)
2026-09-23T08:49:44.4871359Z    ââââââââââââââââââââââââââââââââââââââââ 1.3/1.3 MB 239.5 MB/s  0:00:00
2026-09-23T08:49:44.5620013Z Installing collected packages: pygments, pluggy, packaging, iniconfig, pytest
2026-09-23T08:49:45.5365374Z 
2026-09-23T08:49:45.5374978Z Successfully installed iniconfig-2.3.0 packaging-26.3 pluggy-1.6.0 pygments-2.21.0 pytest-9.1.1
2026-09-23T08:49:45.5882192Z ##[group]Run python automation/inject_mutation.py --error-type "KeyError"
2026-09-23T08:49:45.5882803Z [36;1mpython automation/inject_mutation.py --error-type "KeyError"[0m
2026-09-23T08:49:45.5921240Z shell: /usr/bin/bash -e {0}
2026-09-23T08:49:45.5921503Z env:
2026-09-23T08:49:45.5921788Z   pythonLocation: /opt/hostedtoolcache/Python/3.11.16/x64
2026-09-23T08:49:45.5922465Z   PKG_CONFIG_PATH: /opt/hostedtoolcache/Python/3.11.16/x64/lib/pkgconfig
2026-09-23T08:49:45.5922920Z   Python_ROOT_DIR: /opt/hostedtoolcache/Python/3.11.16/x64
2026-09-23T08:49:45.5923315Z   Python2_ROOT_DIR: /opt/hostedtoolcache/Python/3.11.16/x64
2026-09-23T08:49:45.5923710Z   Python3_ROOT_DIR: /opt/hostedtoolcache/Python/3.11.16/x64
2026-09-23T08:49:45.5924097Z   LD_LIBRARY_PATH: /opt/hostedtoolcache/Python/3.11.16/x64/lib
2026-09-23T08:49:45.5924425Z ##[endgroup]
2026-09-23T08:49:45.6218755Z [Mutation Injected] Successfully injected KeyError into tests/test_app.py
2026-09-23T08:49:45.6294335Z ##[group]Run pytest tests/test_app.py -v
2026-09-23T08:49:45.6294856Z [36;1mpytest tests/test_app.py -v[0m
2026-09-23T08:49:45.6334645Z shell: /usr/bin/bash -e {0}
2026-09-23T08:49:45.6334911Z env:
2026-09-23T08:49:45.6335183Z   pythonLocation: /opt/hostedtoolcache/Python/3.11.16/x64
2026-09-23T08:49:45.6335640Z   PKG_CONFIG_PATH: /opt/hostedtoolcache/Python/3.11.16/x64/lib/pkgconfig
2026-09-23T08:49:45.6336093Z   Python_ROOT_DIR: /opt/hostedtoolcache/Python/3.11.16/x64
2026-09-23T08:49:45.6336478Z   Python2_ROOT_DIR: /opt/hostedtoolcache/Python/3.11.16/x64
2026-09-23T08:49:45.6336908Z   Python3_ROOT_DIR: /opt/hostedtoolcache/Python/3.11.16/x64
2026-09-23T08:49:45.6337305Z   LD_LIBRARY_PATH: /opt/hostedtoolcache/Python/3.11.16/x64/lib
2026-09-23T08:49:45.6337634Z ##[endgroup]
2026-09-23T08:49:45.8565467Z ============================= test session starts ==============================
2026-09-23T08:49:45.8566905Z platform linux -- Python 3.11.16, pytest-9.1.1, pluggy-1.6.0 -- /opt/hostedtoolcache/Python/3.11.16/x64/bin/python
2026-09-23T08:49:45.8568055Z cachedir: .pytest_cache
2026-09-23T08:49:45.8568991Z rootdir: /home/runner/work/log-generation/log-generation
2026-09-23T08:49:45.8569756Z configfile: pytest.ini
2026-09-23T08:49:45.8655652Z collecting ... collected 6 items
2026-09-23T08:49:45.8656116Z 
2026-09-23T08:49:45.8665315Z tests/test_app.py::test_calculate_division PASSED                        [ 16%]
2026-09-23T08:49:45.8672868Z tests/test_app.py::test_convert_to_int PASSED                            [ 33%]
2026-09-23T08:49:45.8680730Z tests/test_app.py::test_get_list_item PASSED                             [ 50%]
2026-09-23T08:49:45.8687934Z tests/test_app.py::test_get_dict_value PASSED                            [ 66%]
2026-09-23T08:49:45.8695356Z tests/test_app.py::test_assert_positive PASSED                           [ 83%]
2026-09-23T08:49:45.8977733Z tests/test_app.py::test_key_error FAILED                                 [100%]
2026-09-23T08:49:45.8978691Z 
2026-09-23T08:49:45.8978988Z =================================== FAILURES ===================================
2026-09-23T08:49:45.8979743Z ________________________________ test_key_error ________________________________
2026-09-23T08:49:45.8980269Z 
2026-09-23T08:49:45.8980434Z     def test_key_error():
2026-09-23T08:49:45.8980879Z         """Injected synthetic KeyError."""
2026-09-23T08:49:45.8981412Z         from src.app import get_dict_value
2026-09-23T08:49:45.8981945Z         config = {"env": "staging", "retries": 3}
2026-09-23T08:49:45.8982548Z >       get_dict_value(config, "missing_auth_token")
2026-09-23T08:49:45.8982939Z 
2026-09-23T08:49:45.8983109Z tests/test_app.py:140: 
2026-09-23T08:49:45.8983606Z _ _ _ _ _ _ _ _ _ _ _ _ _ _ _ _ _ _ _ _ _ _ _ _ _ _ _ _ _ _ _ _ _ _ _ _ _ _ _ _ 
2026-09-23T08:49:45.8984064Z 
2026-09-23T08:49:45.8984347Z d = {'env': 'staging', 'retries': 3}, key = 'missing_auth_token'
2026-09-23T08:49:45.8984806Z 
2026-09-23T08:49:45.8984971Z     def get_dict_value(d, key):
2026-09-23T08:49:45.8985408Z >       return d[key]
2026-09-23T08:49:45.8985781Z                ^^^^^^
2026-09-23T08:49:45.8986188Z E       KeyError: 'missing_auth_token'
2026-09-23T08:49:45.8986536Z 
2026-09-23T08:49:45.8986710Z src/app.py:11: KeyError
2026-09-23T08:49:45.8987225Z =========================== short test summary info ============================
2026-09-23T08:49:45.8988503Z FAILED tests/test_app.py::test_key_error - KeyError: 'missing_auth_token'
2026-09-23T08:49:45.8989298Z ========================= 1 failed, 5 passed in 0.03s ==========================
2026-09-23T08:49:45.9164814Z ##[error]Process completed with exit code 1.
2026-09-23T08:49:45.9311380Z Node 20 is being deprecated. This workflow is running with Node 24 by default. If you need to temporarily use Node 20, you can set the ACTIONS_ALLOW_USE_UNSECURE_NODE_VERSION=true environment variable. For more information see: https://github.blog/changelog/2025-09-19-deprecation-of-node-20-on-github-actions-runners/
2026-09-23T08:49:45.9312632Z Post job cleanup.
2026-09-23T08:49:46.0149188Z [command]/usr/bin/git version
2026-09-23T08:49:46.0191302Z git version 2.55.0
2026-09-23T08:49:46.0234157Z Temporarily overriding HOME='/home/runner/work/_temp/00d0db0c-2a62-4b28-9970-8a28138a5ae1' before making global git config changes
2026-09-23T08:49:46.0235607Z Adding repository directory to the temporary git global config as a safe directory
2026-09-23T08:49:46.0240647Z [command]/usr/bin/git config --global --add safe.directory /home/runner/work/log-generation/log-generation
2026-09-23T08:49:46.0282154Z [command]/usr/bin/git config --local --name-only --get-regexp core\.sshCommand
2026-09-23T08:49:46.0319638Z [command]/usr/bin/git submodule foreach --recursive sh -c "git config --local --name-only --get-regexp 'core\.sshCommand' && git config --local --unset-all 'core.sshCommand' || :"
2026-09-23T08:49:46.0585063Z [command]/usr/bin/git config --local --name-only --get-regexp http\.https\:\/\/github\.com\/\.extraheader
2026-09-23T08:49:46.0613276Z http.https://github.com/.extraheader
2026-09-23T08:49:46.0626690Z [command]/usr/bin/git config --local --unset-all http.https://github.com/.extraheader
2026-09-23T08:49:46.0665416Z [command]/usr/bin/git submodule foreach --recursive sh -c "git config --local --name-only --get-regexp 'http\.https\:\/\/github\.com\/\.extraheader' && git config --local --unset-all 'http.https://github.com/.extraheader' || :"
2026-09-23T08:49:46.0929385Z [command]/usr/bin/git config --local --name-only --get-regexp ^includeIf\.gitdir:
2026-09-23T08:49:46.0979511Z [command]/usr/bin/git submodule foreach --recursive git config --local --show-origin --name-only --get-regexp remote.origin.url
2026-09-23T08:49:46.1373383Z Cleaning up orphan processes
2026-09-23T08:49:46.1647189Z ##[warning]Node.js 20 is deprecated. The following actions target Node.js 20 but are being forced to run on Node.js 24: actions/checkout@v4, actions/setup-python@v5. For more information see: https://github.blog/changelog/2025-09-19-deprecation-of-node-20-on-github-actions-runners/
