ï»¿2026-09-23T08:48:46.4722462Z Current runner version: '2.337.0'
2026-09-23T08:48:46.4737105Z ##[group]Runner Image Provisioner
2026-09-23T08:48:46.4737612Z Hosted Compute Agent
2026-09-23T08:48:46.4737948Z Version: 20260828.587
2026-09-23T08:48:46.4738348Z Commit: abac92662cab4cc7352de4f9f9d2e2419aad9c29
2026-09-23T08:48:46.4738763Z Build Date: 2026-08-28T16:44:25Z
2026-09-23T08:48:46.4739137Z Worker ID: {47996a1a-62e9-4e84-858e-67d5db8e4646}
2026-09-23T08:48:46.4739613Z Azure Region: westus3
2026-09-23T08:48:46.4739946Z ##[endgroup]
2026-09-23T08:48:46.4740934Z ##[group]Operating System
2026-09-23T08:48:46.4741281Z Ubuntu
2026-09-23T08:48:46.4741602Z 24.04.5
2026-09-23T08:48:46.4741947Z LTS
2026-09-23T08:48:46.4742290Z ##[endgroup]
2026-09-23T08:48:46.4742815Z ##[group]Runner Image
2026-09-23T08:48:46.4743169Z Image: ubuntu-24.04
2026-09-23T08:48:46.4743522Z Version: 20260907.300.1
2026-09-23T08:48:46.4744263Z Included Software: https://github.com/actions/runner-images/blob/ubuntu24/20260907.300/images/ubuntu/Ubuntu2404-Readme.md
2026-09-23T08:48:46.4745119Z Image Release: https://github.com/actions/runner-images/releases/tag/ubuntu24%2F20260907.300
2026-09-23T08:48:46.4745833Z ##[endgroup]
2026-09-23T08:48:46.4746567Z ##[group]GITHUB_TOKEN Permissions
2026-09-23T08:48:46.4747835Z Contents: read
2026-09-23T08:48:46.4748162Z Metadata: read
2026-09-23T08:48:46.4748558Z Packages: read
2026-09-23T08:48:46.4748910Z ##[endgroup]
2026-09-23T08:48:46.4750133Z Secret source: Actions
2026-09-23T08:48:46.4750651Z Cache mode: write
2026-09-23T08:48:46.4751268Z Prepare workflow directory
2026-09-23T08:48:46.4940816Z Prepare all required actions
2026-09-23T08:48:46.4969817Z Getting action download info
2026-09-23T08:48:46.7886614Z Download action repository 'actions/checkout@v4' (SHA:11d5960a326750d5838078e36cf38b85af677262)
2026-09-23T08:48:47.4062406Z Download action repository 'actions/setup-python@v5' (SHA:a26af69be951a213d495a4c3e4e4022e16d87065)
2026-09-23T08:48:47.5670299Z Complete job name: test-f3 (IndexError #109)
2026-09-23T08:48:47.6104994Z Node 20 is being deprecated. This workflow is running with Node 24 by default. If you need to temporarily use Node 20, you can set the ACTIONS_ALLOW_USE_UNSECURE_NODE_VERSION=true environment variable. For more information see: https://github.blog/changelog/2025-09-19-deprecation-of-node-20-on-github-actions-runners/
2026-09-23T08:48:47.6110134Z ##[group]Run actions/checkout@v4
2026-09-23T08:48:47.6110501Z with:
2026-09-23T08:48:47.6110747Z   fetch-depth: 1
2026-09-23T08:48:47.6111021Z   repository: DhruvHegde/log-generation
2026-09-23T08:48:47.6113070Z   token: ***
2026-09-23T08:48:47.6113319Z   ssh-strict: true
2026-09-23T08:48:47.6113571Z   ssh-user: git
2026-09-23T08:48:47.6113829Z   persist-credentials: true
2026-09-23T08:48:47.6114110Z   clean: true
2026-09-23T08:48:47.6114371Z   sparse-checkout-cone-mode: true
2026-09-23T08:48:47.6114667Z   fetch-tags: false
2026-09-23T08:48:47.6114931Z   show-progress: true
2026-09-23T08:48:47.6115193Z   lfs: false
2026-09-23T08:48:47.6115615Z   submodules: false
2026-09-23T08:48:47.6115884Z   set-safe-directory: true
2026-09-23T08:48:47.6116177Z   allow-unsafe-pr-checkout: false
2026-09-23T08:48:47.6116634Z ##[endgroup]
2026-09-23T08:48:47.6777910Z Syncing repository: DhruvHegde/log-generation
2026-09-23T08:48:47.6778991Z ##[group]Getting Git version info
2026-09-23T08:48:47.6779410Z Working directory is '/home/runner/work/log-generation/log-generation'
2026-09-23T08:48:47.6780040Z [command]/usr/bin/git version
2026-09-23T08:48:47.9284472Z git version 2.55.0
2026-09-23T08:48:47.9301411Z ##[endgroup]
2026-09-23T08:48:47.9312777Z Temporarily overriding HOME='/home/runner/work/_temp/80f976b9-ea9c-4b6b-a99e-769e18027614' before making global git config changes
2026-09-23T08:48:47.9314937Z Adding repository directory to the temporary git global config as a safe directory
2026-09-23T08:48:47.9316980Z [command]/usr/bin/git config --global --add safe.directory /home/runner/work/log-generation/log-generation
2026-09-23T08:48:47.9521535Z Deleting the contents of '/home/runner/work/log-generation/log-generation'
2026-09-23T08:48:47.9524179Z ##[group]Initializing the repository
2026-09-23T08:48:47.9527375Z [command]/usr/bin/git init /home/runner/work/log-generation/log-generation
2026-09-23T08:48:47.9631954Z hint: Using 'master' as the name for the initial branch. This default branch name
2026-09-23T08:48:47.9633160Z hint: will change to "main" in Git 3.0. To configure the initial branch name
2026-09-23T08:48:47.9634333Z hint: to use in all of your new repositories, which will suppress this warning,
2026-09-23T08:48:47.9635733Z hint: call:
2026-09-23T08:48:47.9636250Z hint:
2026-09-23T08:48:47.9637155Z hint: 	git config --global init.defaultBranch <name>
2026-09-23T08:48:47.9638248Z hint:
2026-09-23T08:48:47.9639254Z hint: Names commonly chosen instead of 'master' are 'main', 'trunk' and
2026-09-23T08:48:47.9641018Z hint: 'development'. The just-created branch can be renamed via this command:
2026-09-23T08:48:47.9642616Z hint:
2026-09-23T08:48:47.9643549Z hint: 	git branch -m <name>
2026-09-23T08:48:47.9644580Z hint:
2026-09-23T08:48:47.9646122Z hint: Disable this message with "git config set advice.defaultBranchName false"
2026-09-23T08:48:47.9648431Z Initialized empty Git repository in /home/runner/work/log-generation/log-generation/.git/
2026-09-23T08:48:47.9651635Z [command]/usr/bin/git remote add origin https://github.com/DhruvHegde/log-generation
2026-09-23T08:48:47.9793891Z ##[endgroup]
2026-09-23T08:48:47.9795798Z ##[group]Disabling automatic garbage collection
2026-09-23T08:48:47.9797292Z [command]/usr/bin/git config --local gc.auto 0
2026-09-23T08:48:47.9821254Z ##[endgroup]
2026-09-23T08:48:47.9822857Z ##[group]Setting up auth
2026-09-23T08:48:47.9825032Z [command]/usr/bin/git config --local --name-only --get-regexp core\.sshCommand
2026-09-23T08:48:47.9851858Z [command]/usr/bin/git submodule foreach --recursive sh -c "git config --local --name-only --get-regexp 'core\.sshCommand' && git config --local --unset-all 'core.sshCommand' || :"
2026-09-23T08:48:48.0251702Z [command]/usr/bin/git config --local --name-only --get-regexp http\.https\:\/\/github\.com\/\.extraheader
2026-09-23T08:48:48.0279361Z [command]/usr/bin/git submodule foreach --recursive sh -c "git config --local --name-only --get-regexp 'http\.https\:\/\/github\.com\/\.extraheader' && git config --local --unset-all 'http.https://github.com/.extraheader' || :"
2026-09-23T08:48:48.0440843Z [command]/usr/bin/git config --local --name-only --get-regexp ^includeIf\.gitdir:
2026-09-23T08:48:48.0468680Z [command]/usr/bin/git submodule foreach --recursive git config --local --show-origin --name-only --get-regexp remote.origin.url
2026-09-23T08:48:48.0629598Z [command]/usr/bin/git config --local http.https://github.com/.extraheader AUTHORIZATION: basic ***
2026-09-23T08:48:48.0656706Z ##[endgroup]
2026-09-23T08:48:48.0658075Z ##[group]Fetching the repository
2026-09-23T08:48:48.0662897Z [command]/usr/bin/git -c protocol.version=2 fetch --no-tags --prune --no-recurse-submodules --depth=1 origin +43f20917de93b9aad51cf79a69ad5239c5632917:refs/remotes/origin/feature/f3-test-failures
2026-09-23T08:48:49.0266991Z From https://github.com/DhruvHegde/log-generation
2026-09-23T08:48:49.0269400Z  * [new ref]         43f20917de93b9aad51cf79a69ad5239c5632917 -> origin/feature/f3-test-failures
2026-09-23T08:48:49.0274219Z ##[endgroup]
2026-09-23T08:48:49.0275820Z ##[group]Determining the checkout info
2026-09-23T08:48:49.0277403Z ##[endgroup]
2026-09-23T08:48:49.0278681Z [command]/usr/bin/git sparse-checkout disable
2026-09-23T08:48:49.0412379Z [command]/usr/bin/git config --local --unset-all extensions.worktreeConfig
2026-09-23T08:48:49.0438258Z ##[group]Checking out the ref
2026-09-23T08:48:49.0440616Z [command]/usr/bin/git checkout --progress --force -B feature/f3-test-failures refs/remotes/origin/feature/f3-test-failures
2026-09-23T08:48:49.0712293Z Switched to a new branch 'feature/f3-test-failures'
2026-09-23T08:48:49.0716510Z branch 'feature/f3-test-failures' set up to track 'origin/feature/f3-test-failures'.
2026-09-23T08:48:49.0723089Z ##[endgroup]
2026-09-23T08:48:49.0755367Z [command]/usr/bin/git log -1 --format=%H
2026-09-23T08:48:49.0777747Z 43f20917de93b9aad51cf79a69ad5239c5632917
2026-09-23T08:48:49.1011704Z Node 20 is being deprecated. This workflow is running with Node 24 by default. If you need to temporarily use Node 20, you can set the ACTIONS_ALLOW_USE_UNSECURE_NODE_VERSION=true environment variable. For more information see: https://github.blog/changelog/2025-09-19-deprecation-of-node-20-on-github-actions-runners/
2026-09-23T08:48:49.1014785Z ##[group]Run actions/setup-python@v5
2026-09-23T08:48:49.1015599Z with:
2026-09-23T08:48:49.1016098Z   python-version: 3.11
2026-09-23T08:48:49.1016658Z   check-latest: false
2026-09-23T08:48:49.1021392Z   token: ***
2026-09-23T08:48:49.1021911Z   update-environment: true
2026-09-23T08:48:49.1022519Z   allow-prereleases: false
2026-09-23T08:48:49.1023106Z   freethreaded: false
2026-09-23T08:48:49.1023644Z ##[endgroup]
2026-09-23T08:48:49.1805209Z ##[group]Installed versions
2026-09-23T08:48:49.3609646Z (node:2035) [DEP0040] DeprecationWarning: The `punycode` module is deprecated. Please use a userland alternative instead.
2026-09-23T08:48:49.3610554Z (Use `node --trace-deprecation ...` to show where the warning was created)
2026-09-23T08:48:49.3610990Z Successfully set up CPython (3.11.16)
2026-09-23T08:48:49.3611404Z ##[endgroup]
2026-09-23T08:48:49.3766174Z ##[group]Run pip install --no-cache-dir pytest
2026-09-23T08:48:49.3766599Z [36;1mpip install --no-cache-dir pytest[0m
2026-09-23T08:48:49.3826166Z shell: /usr/bin/bash -e {0}
2026-09-23T08:48:49.3826513Z env:
2026-09-23T08:48:49.3826806Z   pythonLocation: /opt/hostedtoolcache/Python/3.11.16/x64
2026-09-23T08:48:49.3827265Z   PKG_CONFIG_PATH: /opt/hostedtoolcache/Python/3.11.16/x64/lib/pkgconfig
2026-09-23T08:48:49.3885333Z   Python_ROOT_DIR: /opt/hostedtoolcache/Python/3.11.16/x64
2026-09-23T08:48:49.3885824Z   Python2_ROOT_DIR: /opt/hostedtoolcache/Python/3.11.16/x64
2026-09-23T08:48:49.3886076Z   Python3_ROOT_DIR: /opt/hostedtoolcache/Python/3.11.16/x64
2026-09-23T08:48:49.3886393Z   LD_LIBRARY_PATH: /opt/hostedtoolcache/Python/3.11.16/x64/lib
2026-09-23T08:48:49.3886613Z ##[endgroup]
2026-09-23T08:48:53.2816784Z Collecting pytest
2026-09-23T08:48:53.3221972Z   Downloading pytest-9.1.1-py3-none-any.whl.metadata (7.6 kB)
2026-09-23T08:48:53.3343470Z Collecting iniconfig>=1.0.1 (from pytest)
2026-09-23T08:48:53.3368164Z   Downloading iniconfig-2.3.0-py3-none-any.whl.metadata (2.5 kB)
2026-09-23T08:48:53.3503664Z Collecting packaging>=22 (from pytest)
2026-09-23T08:48:53.3530045Z   Downloading packaging-26.3-py3-none-any.whl.metadata (3.5 kB)
2026-09-23T08:48:53.3648180Z Collecting pluggy<2,>=1.5 (from pytest)
2026-09-23T08:48:53.3675190Z   Downloading pluggy-1.6.0-py3-none-any.whl.metadata (4.8 kB)
2026-09-23T08:48:53.3833599Z Collecting pygments>=2.7.2 (from pytest)
2026-09-23T08:48:53.3860658Z   Downloading pygments-2.21.0-py3-none-any.whl.metadata (2.5 kB)
2026-09-23T08:48:53.3947535Z Downloading pytest-9.1.1-py3-none-any.whl (386 kB)
2026-09-23T08:48:53.4088871Z Downloading pluggy-1.6.0-py3-none-any.whl (20 kB)
2026-09-23T08:48:53.4117084Z Downloading iniconfig-2.3.0-py3-none-any.whl (7.5 kB)
2026-09-23T08:48:53.4143096Z Downloading packaging-26.3-py3-none-any.whl (129 kB)
2026-09-23T08:48:53.4174210Z Downloading pygments-2.21.0-py3-none-any.whl (1.3 MB)
2026-09-23T08:48:53.4289717Z    ââââââââââââââââââââââââââââââââââââââââ 1.3/1.3 MB 116.2 MB/s  0:00:00
2026-09-23T08:48:53.6708748Z Installing collected packages: pygments, pluggy, packaging, iniconfig, pytest
2026-09-23T08:48:54.2772520Z 
2026-09-23T08:48:54.2789677Z Successfully installed iniconfig-2.3.0 packaging-26.3 pluggy-1.6.0 pygments-2.21.0 pytest-9.1.1
2026-09-23T08:48:54.3199955Z ##[group]Run python automation/inject_mutation.py --error-type "IndexError"
2026-09-23T08:48:54.3200269Z [36;1mpython automation/inject_mutation.py --error-type "IndexError"[0m
2026-09-23T08:48:54.3230009Z shell: /usr/bin/bash -e {0}
2026-09-23T08:48:54.3230139Z env:
2026-09-23T08:48:54.3230281Z   pythonLocation: /opt/hostedtoolcache/Python/3.11.16/x64
2026-09-23T08:48:54.3230649Z   PKG_CONFIG_PATH: /opt/hostedtoolcache/Python/3.11.16/x64/lib/pkgconfig
2026-09-23T08:48:54.3230865Z   Python_ROOT_DIR: /opt/hostedtoolcache/Python/3.11.16/x64
2026-09-23T08:48:54.3231060Z   Python2_ROOT_DIR: /opt/hostedtoolcache/Python/3.11.16/x64
2026-09-23T08:48:54.3231268Z   Python3_ROOT_DIR: /opt/hostedtoolcache/Python/3.11.16/x64
2026-09-23T08:48:54.3231473Z   LD_LIBRARY_PATH: /opt/hostedtoolcache/Python/3.11.16/x64/lib
2026-09-23T08:48:54.3231642Z ##[endgroup]
2026-09-23T08:48:54.3429039Z [Mutation Injected] Successfully injected IndexError into tests/test_app.py
2026-09-23T08:48:54.3473802Z ##[group]Run pytest tests/test_app.py -v
2026-09-23T08:48:54.3473975Z [36;1mpytest tests/test_app.py -v[0m
2026-09-23T08:48:54.3499445Z shell: /usr/bin/bash -e {0}
2026-09-23T08:48:54.3499573Z env:
2026-09-23T08:48:54.3499714Z   pythonLocation: /opt/hostedtoolcache/Python/3.11.16/x64
2026-09-23T08:48:54.3499934Z   PKG_CONFIG_PATH: /opt/hostedtoolcache/Python/3.11.16/x64/lib/pkgconfig
2026-09-23T08:48:54.3500164Z   Python_ROOT_DIR: /opt/hostedtoolcache/Python/3.11.16/x64
2026-09-23T08:48:54.3500361Z   Python2_ROOT_DIR: /opt/hostedtoolcache/Python/3.11.16/x64
2026-09-23T08:48:54.3500554Z   Python3_ROOT_DIR: /opt/hostedtoolcache/Python/3.11.16/x64
2026-09-23T08:48:54.3500751Z   LD_LIBRARY_PATH: /opt/hostedtoolcache/Python/3.11.16/x64/lib
2026-09-23T08:48:54.3500918Z ##[endgroup]
2026-09-23T08:48:54.6497567Z ============================= test session starts ==============================
2026-09-23T08:48:54.6498296Z platform linux -- Python 3.11.16, pytest-9.1.1, pluggy-1.6.0 -- /opt/hostedtoolcache/Python/3.11.16/x64/bin/python
2026-09-23T08:48:54.6498686Z cachedir: .pytest_cache
2026-09-23T08:48:54.6498919Z rootdir: /home/runner/work/log-generation/log-generation
2026-09-23T08:48:54.6499200Z configfile: pytest.ini
2026-09-23T08:48:54.6549413Z collecting ... collected 6 items
2026-09-23T08:48:54.6549600Z 
2026-09-23T08:48:54.6554484Z tests/test_app.py::test_calculate_division PASSED                        [ 16%]
2026-09-23T08:48:54.6558214Z tests/test_app.py::test_convert_to_int PASSED                            [ 33%]
2026-09-23T08:48:54.6561781Z tests/test_app.py::test_get_list_item PASSED                             [ 50%]
2026-09-23T08:48:54.6566440Z tests/test_app.py::test_get_dict_value PASSED                            [ 66%]
2026-09-23T08:48:54.6570948Z tests/test_app.py::test_assert_positive PASSED                           [ 83%]
2026-09-23T08:48:54.6815469Z tests/test_app.py::test_index_error FAILED                               [100%]
2026-09-23T08:48:54.6815709Z 
2026-09-23T08:48:54.6815839Z =================================== FAILURES ===================================
2026-09-23T08:48:54.6816142Z _______________________________ test_index_error _______________________________
2026-09-23T08:48:54.6816334Z 
2026-09-23T08:48:54.6816415Z     def test_index_error():
2026-09-23T08:48:54.6816617Z         """Injected synthetic IndexError."""
2026-09-23T08:48:54.6816853Z         from src.app import get_list_item
2026-09-23T08:48:54.6817062Z         dataset = [10, 20, 30]
2026-09-23T08:48:54.6817252Z >       get_list_item(dataset, 999)
2026-09-23T08:48:54.6817388Z 
2026-09-23T08:48:54.6817467Z tests/test_app.py:140: 
2026-09-23T08:48:54.6817631Z _ _ _ _ _ _ _ _ _ _ _ _ _ _ _ _ _ _ _ _ _ _ _ _ _ _ _ _ _ _ _ _ _ _ _ _ _ _ _ _ 
2026-09-23T08:48:54.6817756Z 
2026-09-23T08:48:54.6817806Z lst = [10, 20, 30], index = 999
2026-09-23T08:48:54.6817886Z 
2026-09-23T08:48:54.6817942Z     def get_list_item(lst, index):
2026-09-23T08:48:54.6818074Z >       return lst[index]
2026-09-23T08:48:54.6818196Z                ^^^^^^^^^^
2026-09-23T08:48:54.6818326Z E       IndexError: list index out of range
2026-09-23T08:48:54.6818430Z 
2026-09-23T08:48:54.6818480Z src/app.py:8: IndexError
2026-09-23T08:48:54.6818634Z =========================== short test summary info ============================
2026-09-23T08:48:54.6818882Z FAILED tests/test_app.py::test_index_error - IndexError: list index out of range
2026-09-23T08:48:54.6819336Z ========================= 1 failed, 5 passed in 0.02s ==========================
2026-09-23T08:48:54.6971850Z ##[error]Process completed with exit code 1.
2026-09-23T08:48:54.7052174Z Node 20 is being deprecated. This workflow is running with Node 24 by default. If you need to temporarily use Node 20, you can set the ACTIONS_ALLOW_USE_UNSECURE_NODE_VERSION=true environment variable. For more information see: https://github.blog/changelog/2025-09-19-deprecation-of-node-20-on-github-actions-runners/
2026-09-23T08:48:54.7052792Z Post job cleanup.
2026-09-23T08:48:54.7571113Z [command]/usr/bin/git version
2026-09-23T08:48:54.7602591Z git version 2.55.0
2026-09-23T08:48:54.7624319Z Temporarily overriding HOME='/home/runner/work/_temp/30fca35b-136c-474e-b621-db834fc75659' before making global git config changes
2026-09-23T08:48:54.7624960Z Adding repository directory to the temporary git global config as a safe directory
2026-09-23T08:48:54.7628491Z [command]/usr/bin/git config --global --add safe.directory /home/runner/work/log-generation/log-generation
2026-09-23T08:48:54.7659952Z [command]/usr/bin/git config --local --name-only --get-regexp core\.sshCommand
2026-09-23T08:48:54.7687235Z [command]/usr/bin/git submodule foreach --recursive sh -c "git config --local --name-only --get-regexp 'core\.sshCommand' && git config --local --unset-all 'core.sshCommand' || :"
2026-09-23T08:48:54.7896610Z [command]/usr/bin/git config --local --name-only --get-regexp http\.https\:\/\/github\.com\/\.extraheader
2026-09-23T08:48:54.7914970Z http.https://github.com/.extraheader
2026-09-23T08:48:54.7922472Z [command]/usr/bin/git config --local --unset-all http.https://github.com/.extraheader
2026-09-23T08:48:54.7951179Z [command]/usr/bin/git submodule foreach --recursive sh -c "git config --local --name-only --get-regexp 'http\.https\:\/\/github\.com\/\.extraheader' && git config --local --unset-all 'http.https://github.com/.extraheader' || :"
2026-09-23T08:48:54.8142643Z [command]/usr/bin/git config --local --name-only --get-regexp ^includeIf\.gitdir:
2026-09-23T08:48:54.8172055Z [command]/usr/bin/git submodule foreach --recursive git config --local --show-origin --name-only --get-regexp remote.origin.url
2026-09-23T08:48:54.8439812Z Cleaning up orphan processes
2026-09-23T08:48:54.8611949Z ##[warning]Node.js 20 is deprecated. The following actions target Node.js 20 but are being forced to run on Node.js 24: actions/checkout@v4, actions/setup-python@v5. For more information see: https://github.blog/changelog/2025-09-19-deprecation-of-node-20-on-github-actions-runners/
