ï»¿2026-09-23T08:43:29.6816222Z Current runner version: '2.337.0'
2026-09-23T08:43:29.6839781Z ##[group]Runner Image Provisioner
2026-09-23T08:43:29.6840622Z Hosted Compute Agent
2026-09-23T08:43:29.6841507Z Version: 20260828.587
2026-09-23T08:43:29.6842276Z Commit: abac92662cab4cc7352de4f9f9d2e2419aad9c29
2026-09-23T08:43:29.6842963Z Build Date: 2026-08-28T16:44:25Z
2026-09-23T08:43:29.6843614Z Worker ID: {dd7a2017-74eb-451e-ab16-495e548f821d}
2026-09-23T08:43:29.6844288Z Azure Region: westus3
2026-09-23T08:43:29.6844812Z ##[endgroup]
2026-09-23T08:43:29.6846686Z ##[group]Operating System
2026-09-23T08:43:29.6847280Z Ubuntu
2026-09-23T08:43:29.6847817Z 24.04.5
2026-09-23T08:43:29.6848302Z LTS
2026-09-23T08:43:29.6848761Z ##[endgroup]
2026-09-23T08:43:29.6849627Z ##[group]Runner Image
2026-09-23T08:43:29.6850187Z Image: ubuntu-24.04
2026-09-23T08:43:29.6850744Z Version: 20260907.300.1
2026-09-23T08:43:29.6852232Z Included Software: https://github.com/actions/runner-images/blob/ubuntu24/20260907.300/images/ubuntu/Ubuntu2404-Readme.md
2026-09-23T08:43:29.6853700Z Image Release: https://github.com/actions/runner-images/releases/tag/ubuntu24%2F20260907.300
2026-09-23T08:43:29.6854582Z ##[endgroup]
2026-09-23T08:43:29.6855698Z ##[group]GITHUB_TOKEN Permissions
2026-09-23T08:43:29.6857923Z Contents: read
2026-09-23T08:43:29.6858502Z Metadata: read
2026-09-23T08:43:29.6859025Z Packages: read
2026-09-23T08:43:29.6859553Z ##[endgroup]
2026-09-23T08:43:29.6861909Z Secret source: Actions
2026-09-23T08:43:29.6862786Z Cache mode: write
2026-09-23T08:43:29.6863799Z Prepare workflow directory
2026-09-23T08:43:29.7185598Z Prepare all required actions
2026-09-23T08:43:29.7235827Z Getting action download info
2026-09-23T08:43:30.0378378Z Download action repository 'actions/checkout@v4' (SHA:11d5960a326750d5838078e36cf38b85af677262)
2026-09-23T08:43:30.1451464Z Download action repository 'actions/setup-python@v5' (SHA:a26af69be951a213d495a4c3e4e4022e16d87065)
2026-09-23T08:43:30.3029473Z Complete job name: test-f3 (IndexError #5)
2026-09-23T08:43:30.3713507Z Node 20 is being deprecated. This workflow is running with Node 24 by default. If you need to temporarily use Node 20, you can set the ACTIONS_ALLOW_USE_UNSECURE_NODE_VERSION=true environment variable. For more information see: https://github.blog/changelog/2025-09-19-deprecation-of-node-20-on-github-actions-runners/
2026-09-23T08:43:30.3722585Z ##[group]Run actions/checkout@v4
2026-09-23T08:43:30.3723327Z with:
2026-09-23T08:43:30.3723785Z   fetch-depth: 1
2026-09-23T08:43:30.3724434Z   repository: DhruvHegde/log-generation
2026-09-23T08:43:30.3728079Z   token: ***
2026-09-23T08:43:30.3728573Z   ssh-strict: true
2026-09-23T08:43:30.3729052Z   ssh-user: git
2026-09-23T08:43:30.3729546Z   persist-credentials: true
2026-09-23T08:43:30.3730107Z   clean: true
2026-09-23T08:43:30.3730627Z   sparse-checkout-cone-mode: true
2026-09-23T08:43:30.3731350Z   fetch-tags: false
2026-09-23T08:43:30.3731839Z   show-progress: true
2026-09-23T08:43:30.3732332Z   lfs: false
2026-09-23T08:43:30.3732931Z   submodules: false
2026-09-23T08:43:30.3733414Z   set-safe-directory: true
2026-09-23T08:43:30.3733996Z   allow-unsafe-pr-checkout: false
2026-09-23T08:43:30.3734845Z ##[endgroup]
2026-09-23T08:43:30.4849222Z Syncing repository: DhruvHegde/log-generation
2026-09-23T08:43:30.4851455Z ##[group]Getting Git version info
2026-09-23T08:43:30.4852224Z Working directory is '/home/runner/work/log-generation/log-generation'
2026-09-23T08:43:30.4853373Z [command]/usr/bin/git version
2026-09-23T08:43:30.4897024Z git version 2.55.0
2026-09-23T08:43:30.4916817Z ##[endgroup]
2026-09-23T08:43:30.4933129Z Temporarily overriding HOME='/home/runner/work/_temp/10401359-763c-46b3-a978-ee6194c9224e' before making global git config changes
2026-09-23T08:43:30.4935994Z Adding repository directory to the temporary git global config as a safe directory
2026-09-23T08:43:30.4939999Z [command]/usr/bin/git config --global --add safe.directory /home/runner/work/log-generation/log-generation
2026-09-23T08:43:30.4988569Z Deleting the contents of '/home/runner/work/log-generation/log-generation'
2026-09-23T08:43:30.4992794Z ##[group]Initializing the repository
2026-09-23T08:43:30.4998029Z [command]/usr/bin/git init /home/runner/work/log-generation/log-generation
2026-09-23T08:43:30.5086768Z hint: Using 'master' as the name for the initial branch. This default branch name
2026-09-23T08:43:30.5088566Z hint: will change to "main" in Git 3.0. To configure the initial branch name
2026-09-23T08:43:30.5090208Z hint: to use in all of your new repositories, which will suppress this warning,
2026-09-23T08:43:30.5094059Z hint: call:
2026-09-23T08:43:30.5094796Z hint:
2026-09-23T08:43:30.5095675Z hint: 	git config --global init.defaultBranch <name>
2026-09-23T08:43:30.5096759Z hint:
2026-09-23T08:43:30.5097791Z hint: Names commonly chosen instead of 'master' are 'main', 'trunk' and
2026-09-23T08:43:30.5099456Z hint: 'development'. The just-created branch can be renamed via this command:
2026-09-23T08:43:30.5100786Z hint:
2026-09-23T08:43:30.5101682Z hint: 	git branch -m <name>
2026-09-23T08:43:30.5102132Z hint:
2026-09-23T08:43:30.5102706Z hint: Disable this message with "git config set advice.defaultBranchName false"
2026-09-23T08:43:30.5104352Z Initialized empty Git repository in /home/runner/work/log-generation/log-generation/.git/
2026-09-23T08:43:30.5107369Z [command]/usr/bin/git remote add origin https://github.com/DhruvHegde/log-generation
2026-09-23T08:43:30.5141117Z ##[endgroup]
2026-09-23T08:43:30.5142555Z ##[group]Disabling automatic garbage collection
2026-09-23T08:43:30.5144594Z [command]/usr/bin/git config --local gc.auto 0
2026-09-23T08:43:30.5169993Z ##[endgroup]
2026-09-23T08:43:30.5171362Z ##[group]Setting up auth
2026-09-23T08:43:30.5176190Z [command]/usr/bin/git config --local --name-only --get-regexp core\.sshCommand
2026-09-23T08:43:30.5203098Z [command]/usr/bin/git submodule foreach --recursive sh -c "git config --local --name-only --get-regexp 'core\.sshCommand' && git config --local --unset-all 'core.sshCommand' || :"
2026-09-23T08:43:30.5519315Z [command]/usr/bin/git config --local --name-only --get-regexp http\.https\:\/\/github\.com\/\.extraheader
2026-09-23T08:43:30.5555422Z [command]/usr/bin/git submodule foreach --recursive sh -c "git config --local --name-only --get-regexp 'http\.https\:\/\/github\.com\/\.extraheader' && git config --local --unset-all 'http.https://github.com/.extraheader' || :"
2026-09-23T08:43:30.5757931Z [command]/usr/bin/git config --local --name-only --get-regexp ^includeIf\.gitdir:
2026-09-23T08:43:30.5786354Z [command]/usr/bin/git submodule foreach --recursive git config --local --show-origin --name-only --get-regexp remote.origin.url
2026-09-23T08:43:30.5962303Z [command]/usr/bin/git config --local http.https://github.com/.extraheader AUTHORIZATION: basic ***
2026-09-23T08:43:30.5992250Z ##[endgroup]
2026-09-23T08:43:30.5993593Z ##[group]Fetching the repository
2026-09-23T08:43:30.6002274Z [command]/usr/bin/git -c protocol.version=2 fetch --no-tags --prune --no-recurse-submodules --depth=1 origin +dfcb6f158e4bd8054252a4da5d0a9edc2ab15d57:refs/remotes/origin/feature/f3-test-failures
2026-09-23T08:43:31.0699853Z From https://github.com/DhruvHegde/log-generation
2026-09-23T08:43:31.0700831Z  * [new ref]         dfcb6f158e4bd8054252a4da5d0a9edc2ab15d57 -> origin/feature/f3-test-failures
2026-09-23T08:43:31.0712464Z ##[endgroup]
2026-09-23T08:43:31.0713225Z ##[group]Determining the checkout info
2026-09-23T08:43:31.0713994Z ##[endgroup]
2026-09-23T08:43:31.0716378Z [command]/usr/bin/git sparse-checkout disable
2026-09-23T08:43:31.0757465Z [command]/usr/bin/git config --local --unset-all extensions.worktreeConfig
2026-09-23T08:43:31.0782585Z ##[group]Checking out the ref
2026-09-23T08:43:31.0787764Z [command]/usr/bin/git checkout --progress --force -B feature/f3-test-failures refs/remotes/origin/feature/f3-test-failures
2026-09-23T08:43:31.0843377Z Switched to a new branch 'feature/f3-test-failures'
2026-09-23T08:43:31.0847864Z branch 'feature/f3-test-failures' set up to track 'origin/feature/f3-test-failures'.
2026-09-23T08:43:31.0852005Z ##[endgroup]
2026-09-23T08:43:31.0884759Z [command]/usr/bin/git log -1 --format=%H
2026-09-23T08:43:31.0905362Z dfcb6f158e4bd8054252a4da5d0a9edc2ab15d57
2026-09-23T08:43:31.1155481Z Node 20 is being deprecated. This workflow is running with Node 24 by default. If you need to temporarily use Node 20, you can set the ACTIONS_ALLOW_USE_UNSECURE_NODE_VERSION=true environment variable. For more information see: https://github.blog/changelog/2025-09-19-deprecation-of-node-20-on-github-actions-runners/
2026-09-23T08:43:31.1157821Z ##[group]Run actions/setup-python@v5
2026-09-23T08:43:31.1158308Z with:
2026-09-23T08:43:31.1158693Z   python-version: 3.11
2026-09-23T08:43:31.1159122Z   check-latest: false
2026-09-23T08:43:31.1162701Z   token: ***
2026-09-23T08:43:31.1163104Z   update-environment: true
2026-09-23T08:43:31.1163552Z   allow-prereleases: false
2026-09-23T08:43:31.1163993Z   freethreaded: false
2026-09-23T08:43:31.1164399Z ##[endgroup]
2026-09-23T08:43:31.2481519Z ##[group]Installed versions
2026-09-23T08:43:31.2585422Z (node:2245) [DEP0040] DeprecationWarning: The `punycode` module is deprecated. Please use a userland alternative instead.
2026-09-23T08:43:31.2587632Z (Use `node --trace-deprecation ...` to show where the warning was created)
2026-09-23T08:43:31.2588800Z Successfully set up CPython (3.11.16)
2026-09-23T08:43:31.2590195Z ##[endgroup]
2026-09-23T08:43:31.2698591Z ##[group]Run pip install --no-cache-dir pytest
2026-09-23T08:43:31.2699308Z [36;1mpip install --no-cache-dir pytest[0m
2026-09-23T08:43:31.2775008Z shell: /usr/bin/bash -e {0}
2026-09-23T08:43:31.2775517Z env:
2026-09-23T08:43:31.2776001Z   pythonLocation: /opt/hostedtoolcache/Python/3.11.16/x64
2026-09-23T08:43:31.2776769Z   PKG_CONFIG_PATH: /opt/hostedtoolcache/Python/3.11.16/x64/lib/pkgconfig
2026-09-23T08:43:31.2777523Z   Python_ROOT_DIR: /opt/hostedtoolcache/Python/3.11.16/x64
2026-09-23T08:43:31.2778233Z   Python2_ROOT_DIR: /opt/hostedtoolcache/Python/3.11.16/x64
2026-09-23T08:43:31.2778918Z   Python3_ROOT_DIR: /opt/hostedtoolcache/Python/3.11.16/x64
2026-09-23T08:43:31.2779633Z   LD_LIBRARY_PATH: /opt/hostedtoolcache/Python/3.11.16/x64/lib
2026-09-23T08:43:31.2780220Z ##[endgroup]
2026-09-23T08:43:33.9472223Z Collecting pytest
2026-09-23T08:43:34.0168357Z   Downloading pytest-9.1.1-py3-none-any.whl.metadata (7.6 kB)
2026-09-23T08:43:34.0312530Z Collecting iniconfig>=1.0.1 (from pytest)
2026-09-23T08:43:34.0415117Z   Downloading iniconfig-2.3.0-py3-none-any.whl.metadata (2.5 kB)
2026-09-23T08:43:34.0593545Z Collecting packaging>=22 (from pytest)
2026-09-23T08:43:34.0696854Z   Downloading packaging-26.3-py3-none-any.whl.metadata (3.5 kB)
2026-09-23T08:43:34.0843508Z Collecting pluggy<2,>=1.5 (from pytest)
2026-09-23T08:43:34.0944885Z   Downloading pluggy-1.6.0-py3-none-any.whl.metadata (4.8 kB)
2026-09-23T08:43:34.1154853Z Collecting pygments>=2.7.2 (from pytest)
2026-09-23T08:43:34.1291841Z   Downloading pygments-2.21.0-py3-none-any.whl.metadata (2.5 kB)
2026-09-23T08:43:34.1419203Z Downloading pytest-9.1.1-py3-none-any.whl (386 kB)
2026-09-23T08:43:34.1878088Z Downloading pluggy-1.6.0-py3-none-any.whl (20 kB)
2026-09-23T08:43:34.1979896Z Downloading iniconfig-2.3.0-py3-none-any.whl (7.5 kB)
2026-09-23T08:43:34.2080864Z Downloading packaging-26.3-py3-none-any.whl (129 kB)
2026-09-23T08:43:34.2189398Z Downloading pygments-2.21.0-py3-none-any.whl (1.3 MB)
2026-09-23T08:43:34.2479985Z    ââââââââââââââââââââââââââââââââââââââââ 1.3/1.3 MB 54.2 MB/s  0:00:00
2026-09-23T08:43:34.4099933Z Installing collected packages: pygments, pluggy, packaging, iniconfig, pytest
2026-09-23T08:43:35.2384693Z 
2026-09-23T08:43:35.2412612Z Successfully installed iniconfig-2.3.0 packaging-26.3 pluggy-1.6.0 pygments-2.21.0 pytest-9.1.1
2026-09-23T08:43:35.2970476Z ##[group]Run python automation/inject_mutation.py --error-type "IndexError"
2026-09-23T08:43:35.2971335Z [36;1mpython automation/inject_mutation.py --error-type "IndexError"[0m
2026-09-23T08:43:35.2995434Z shell: /usr/bin/bash -e {0}
2026-09-23T08:43:35.2995756Z env:
2026-09-23T08:43:35.2996077Z   pythonLocation: /opt/hostedtoolcache/Python/3.11.16/x64
2026-09-23T08:43:35.2996764Z   PKG_CONFIG_PATH: /opt/hostedtoolcache/Python/3.11.16/x64/lib/pkgconfig
2026-09-23T08:43:35.2997233Z   Python_ROOT_DIR: /opt/hostedtoolcache/Python/3.11.16/x64
2026-09-23T08:43:35.2997673Z   Python2_ROOT_DIR: /opt/hostedtoolcache/Python/3.11.16/x64
2026-09-23T08:43:35.2998100Z   Python3_ROOT_DIR: /opt/hostedtoolcache/Python/3.11.16/x64
2026-09-23T08:43:35.2998524Z   LD_LIBRARY_PATH: /opt/hostedtoolcache/Python/3.11.16/x64/lib
2026-09-23T08:43:35.2998939Z ##[endgroup]
2026-09-23T08:43:35.3267000Z [Mutation Injected] Successfully injected IndexError into tests/test_app.py
2026-09-23T08:43:35.3341792Z ##[group]Run pytest tests/test_app.py -v
2026-09-23T08:43:35.3342290Z [36;1mpytest tests/test_app.py -v[0m
2026-09-23T08:43:35.3369927Z shell: /usr/bin/bash -e {0}
2026-09-23T08:43:35.3370253Z env:
2026-09-23T08:43:35.3370586Z   pythonLocation: /opt/hostedtoolcache/Python/3.11.16/x64
2026-09-23T08:43:35.3371206Z   PKG_CONFIG_PATH: /opt/hostedtoolcache/Python/3.11.16/x64/lib/pkgconfig
2026-09-23T08:43:35.3371690Z   Python_ROOT_DIR: /opt/hostedtoolcache/Python/3.11.16/x64
2026-09-23T08:43:35.3372128Z   Python2_ROOT_DIR: /opt/hostedtoolcache/Python/3.11.16/x64
2026-09-23T08:43:35.3372550Z   Python3_ROOT_DIR: /opt/hostedtoolcache/Python/3.11.16/x64
2026-09-23T08:43:35.3372974Z   LD_LIBRARY_PATH: /opt/hostedtoolcache/Python/3.11.16/x64/lib
2026-09-23T08:43:35.3373340Z ##[endgroup]
2026-09-23T08:43:35.6890391Z ============================= test session starts ==============================
2026-09-23T08:43:35.6891912Z platform linux -- Python 3.11.16, pytest-9.1.1, pluggy-1.6.0 -- /opt/hostedtoolcache/Python/3.11.16/x64/bin/python
2026-09-23T08:43:35.6892877Z cachedir: .pytest_cache
2026-09-23T08:43:35.6893505Z rootdir: /home/runner/work/log-generation/log-generation
2026-09-23T08:43:35.6894135Z configfile: pytest.ini
2026-09-23T08:43:35.6967927Z collecting ... collected 6 items
2026-09-23T08:43:35.6968275Z 
2026-09-23T08:43:35.6974999Z tests/test_app.py::test_calculate_division PASSED                        [ 16%]
2026-09-23T08:43:35.6980332Z tests/test_app.py::test_convert_to_int PASSED                            [ 33%]
2026-09-23T08:43:35.6986032Z tests/test_app.py::test_get_list_item PASSED                             [ 50%]
2026-09-23T08:43:35.6991317Z tests/test_app.py::test_get_dict_value PASSED                            [ 66%]
2026-09-23T08:43:35.6996063Z tests/test_app.py::test_assert_positive PASSED                           [ 83%]
2026-09-23T08:43:35.7225883Z tests/test_app.py::test_index_error FAILED                               [100%]
2026-09-23T08:43:35.7226492Z 
2026-09-23T08:43:35.7226751Z =================================== FAILURES ===================================
2026-09-23T08:43:35.7227302Z _______________________________ test_index_error _______________________________
2026-09-23T08:43:35.7227640Z 
2026-09-23T08:43:35.7227793Z     def test_index_error():
2026-09-23T08:43:35.7228176Z         """Injected synthetic IndexError."""
2026-09-23T08:43:35.7228619Z         from src.app import get_list_item
2026-09-23T08:43:35.7229009Z         dataset = [10, 20, 30]
2026-09-23T08:43:35.7229386Z >       get_list_item(dataset, 999)
2026-09-23T08:43:35.7229617Z 
2026-09-23T08:43:35.7229771Z tests/test_app.py:138: 
2026-09-23T08:43:35.7230187Z _ _ _ _ _ _ _ _ _ _ _ _ _ _ _ _ _ _ _ _ _ _ _ _ _ _ _ _ _ _ _ _ _ _ _ _ _ _ _ _ 
2026-09-23T08:43:35.7230484Z 
2026-09-23T08:43:35.7230643Z lst = [10, 20, 30], index = 999
2026-09-23T08:43:35.7230861Z 
2026-09-23T08:43:35.7231256Z     def get_list_item(lst, index):
2026-09-23T08:43:35.7231711Z >       return lst[index]
2026-09-23T08:43:35.7232054Z                ^^^^^^^^^^
2026-09-23T08:43:35.7232588Z E       IndexError: list index out of range
2026-09-23T08:43:35.7232851Z 
2026-09-23T08:43:35.7233014Z src/app.py:8: IndexError
2026-09-23T08:43:35.7233450Z =========================== short test summary info ============================
2026-09-23T08:43:35.7234105Z FAILED tests/test_app.py::test_index_error - IndexError: list index out of range
2026-09-23T08:43:35.7234987Z ========================= 1 failed, 5 passed in 0.02s ==========================
2026-09-23T08:43:35.7423179Z ##[error]Process completed with exit code 1.
2026-09-23T08:43:35.7557125Z Node 20 is being deprecated. This workflow is running with Node 24 by default. If you need to temporarily use Node 20, you can set the ACTIONS_ALLOW_USE_UNSECURE_NODE_VERSION=true environment variable. For more information see: https://github.blog/changelog/2025-09-19-deprecation-of-node-20-on-github-actions-runners/
2026-09-23T08:43:35.7558325Z Post job cleanup.
2026-09-23T08:43:35.8374272Z [command]/usr/bin/git version
2026-09-23T08:43:35.8411891Z git version 2.55.0
2026-09-23T08:43:35.8448451Z Temporarily overriding HOME='/home/runner/work/_temp/2bdff86c-6e3f-436a-a9f4-751bfac4555a' before making global git config changes
2026-09-23T08:43:35.8450172Z Adding repository directory to the temporary git global config as a safe directory
2026-09-23T08:43:35.8455283Z [command]/usr/bin/git config --global --add safe.directory /home/runner/work/log-generation/log-generation
2026-09-23T08:43:35.8491259Z [command]/usr/bin/git config --local --name-only --get-regexp core\.sshCommand
2026-09-23T08:43:35.8522731Z [command]/usr/bin/git submodule foreach --recursive sh -c "git config --local --name-only --get-regexp 'core\.sshCommand' && git config --local --unset-all 'core.sshCommand' || :"
2026-09-23T08:43:35.8729222Z [command]/usr/bin/git config --local --name-only --get-regexp http\.https\:\/\/github\.com\/\.extraheader
2026-09-23T08:43:35.8756900Z http.https://github.com/.extraheader
2026-09-23T08:43:35.8769404Z [command]/usr/bin/git config --local --unset-all http.https://github.com/.extraheader
2026-09-23T08:43:35.8803947Z [command]/usr/bin/git submodule foreach --recursive sh -c "git config --local --name-only --get-regexp 'http\.https\:\/\/github\.com\/\.extraheader' && git config --local --unset-all 'http.https://github.com/.extraheader' || :"
2026-09-23T08:43:35.9013282Z [command]/usr/bin/git config --local --name-only --get-regexp ^includeIf\.gitdir:
2026-09-23T08:43:35.9072783Z [command]/usr/bin/git submodule foreach --recursive git config --local --show-origin --name-only --get-regexp remote.origin.url
2026-09-23T08:43:35.9430443Z Cleaning up orphan processes
2026-09-23T08:43:35.9667955Z ##[warning]Node.js 20 is deprecated. The following actions target Node.js 20 but are being forced to run on Node.js 24: actions/checkout@v4, actions/setup-python@v5. For more information see: https://github.blog/changelog/2025-09-19-deprecation-of-node-20-on-github-actions-runners/
