ï»¿2026-09-23T08:49:48.7476157Z Current runner version: '2.337.0'
2026-09-23T08:49:48.7512148Z ##[group]Runner Image Provisioner
2026-09-23T08:49:48.7513625Z Hosted Compute Agent
2026-09-23T08:49:48.7514596Z Version: 20260828.587
2026-09-23T08:49:48.7515752Z Commit: abac92662cab4cc7352de4f9f9d2e2419aad9c29
2026-09-23T08:49:48.7517058Z Build Date: 2026-08-28T16:44:25Z
2026-09-23T08:49:48.7518267Z Worker ID: {cd602653-6769-4d8c-bb02-4ce8aa1943fe}
2026-09-23T08:49:48.7519500Z Azure Region: eastus
2026-09-23T08:49:48.7520427Z ##[endgroup]
2026-09-23T08:49:48.7524181Z ##[group]Operating System
2026-09-23T08:49:48.7525202Z Ubuntu
2026-09-23T08:49:48.7526077Z 24.04.5
2026-09-23T08:49:48.7526989Z LTS
2026-09-23T08:49:48.7527841Z ##[endgroup]
2026-09-23T08:49:48.7528894Z ##[group]Runner Image
2026-09-23T08:49:48.7529846Z Image: ubuntu-24.04
2026-09-23T08:49:48.7531169Z Version: 20260907.300.1
2026-09-23T08:49:48.7533338Z Included Software: https://github.com/actions/runner-images/blob/ubuntu24/20260907.300/images/ubuntu/Ubuntu2404-Readme.md
2026-09-23T08:49:48.7536077Z Image Release: https://github.com/actions/runner-images/releases/tag/ubuntu24%2F20260907.300
2026-09-23T08:49:48.7537777Z ##[endgroup]
2026-09-23T08:49:48.7539866Z ##[group]GITHUB_TOKEN Permissions
2026-09-23T08:49:48.7543452Z Contents: read
2026-09-23T08:49:48.7544570Z Metadata: read
2026-09-23T08:49:48.7545528Z Packages: read
2026-09-23T08:49:48.7546514Z ##[endgroup]
2026-09-23T08:49:48.7549962Z Secret source: Actions
2026-09-23T08:49:48.7552015Z Cache mode: write
2026-09-23T08:49:48.7553664Z Prepare workflow directory
2026-09-23T08:49:48.8051425Z Prepare all required actions
2026-09-23T08:49:48.8125062Z Getting action download info
2026-09-23T08:49:49.0158945Z Download action repository 'actions/checkout@v4' (SHA:11d5960a326750d5838078e36cf38b85af677262)
2026-09-23T08:49:49.1297802Z Download action repository 'actions/setup-python@v5' (SHA:a26af69be951a213d495a4c3e4e4022e16d87065)
2026-09-23T08:49:49.3168500Z Complete job name: test-f3 (KeyError #188)
2026-09-23T08:49:49.4070854Z Node 20 is being deprecated. This workflow is running with Node 24 by default. If you need to temporarily use Node 20, you can set the ACTIONS_ALLOW_USE_UNSECURE_NODE_VERSION=true environment variable. For more information see: https://github.blog/changelog/2025-09-19-deprecation-of-node-20-on-github-actions-runners/
2026-09-23T08:49:49.4079417Z ##[group]Run actions/checkout@v4
2026-09-23T08:49:49.4080180Z with:
2026-09-23T08:49:49.4080823Z   fetch-depth: 1
2026-09-23T08:49:49.4081342Z   repository: DhruvHegde/log-generation
2026-09-23T08:49:49.4085456Z   token: ***
2026-09-23T08:49:49.4085959Z   ssh-strict: true
2026-09-23T08:49:49.4086410Z   ssh-user: git
2026-09-23T08:49:49.4086868Z   persist-credentials: true
2026-09-23T08:49:49.4087377Z   clean: true
2026-09-23T08:49:49.4087843Z   sparse-checkout-cone-mode: true
2026-09-23T08:49:49.4088380Z   fetch-tags: false
2026-09-23T08:49:49.4088842Z   show-progress: true
2026-09-23T08:49:49.4089301Z   lfs: false
2026-09-23T08:49:49.4089782Z   submodules: false
2026-09-23T08:49:49.4090261Z   set-safe-directory: true
2026-09-23T08:49:49.4091016Z   allow-unsafe-pr-checkout: false
2026-09-23T08:49:49.4091853Z ##[endgroup]
2026-09-23T08:49:49.5142275Z Syncing repository: DhruvHegde/log-generation
2026-09-23T08:49:49.5145040Z ##[group]Getting Git version info
2026-09-23T08:49:49.5146748Z Working directory is '/home/runner/work/log-generation/log-generation'
2026-09-23T08:49:49.5149408Z [command]/usr/bin/git version
2026-09-23T08:49:49.5278120Z git version 2.55.0
2026-09-23T08:49:49.5301112Z ##[endgroup]
2026-09-23T08:49:49.5317350Z Temporarily overriding HOME='/home/runner/work/_temp/57cfdf24-fb45-474c-9541-085d1cc25635' before making global git config changes
2026-09-23T08:49:49.5319649Z Adding repository directory to the temporary git global config as a safe directory
2026-09-23T08:49:49.5323617Z [command]/usr/bin/git config --global --add safe.directory /home/runner/work/log-generation/log-generation
2026-09-23T08:49:49.5380161Z Deleting the contents of '/home/runner/work/log-generation/log-generation'
2026-09-23T08:49:49.5389688Z ##[group]Initializing the repository
2026-09-23T08:49:49.5391258Z [command]/usr/bin/git init /home/runner/work/log-generation/log-generation
2026-09-23T08:49:49.5534611Z hint: Using 'master' as the name for the initial branch. This default branch name
2026-09-23T08:49:49.5536321Z hint: will change to "main" in Git 3.0. To configure the initial branch name
2026-09-23T08:49:49.5537872Z hint: to use in all of your new repositories, which will suppress this warning,
2026-09-23T08:49:49.5539158Z hint: call:
2026-09-23T08:49:49.5539852Z hint:
2026-09-23T08:49:49.5540924Z hint: 	git config --global init.defaultBranch <name>
2026-09-23T08:49:49.5541919Z hint:
2026-09-23T08:49:49.5542836Z hint: Names commonly chosen instead of 'master' are 'main', 'trunk' and
2026-09-23T08:49:49.5544506Z hint: 'development'. The just-created branch can be renamed via this command:
2026-09-23T08:49:49.5545772Z hint:
2026-09-23T08:49:49.5546469Z hint: 	git branch -m <name>
2026-09-23T08:49:49.5547235Z hint:
2026-09-23T08:49:49.5548222Z hint: Disable this message with "git config set advice.defaultBranchName false"
2026-09-23T08:49:49.5550128Z Initialized empty Git repository in /home/runner/work/log-generation/log-generation/.git/
2026-09-23T08:49:49.5553257Z [command]/usr/bin/git remote add origin https://github.com/DhruvHegde/log-generation
2026-09-23T08:49:49.5608359Z ##[endgroup]
2026-09-23T08:49:49.5609607Z ##[group]Disabling automatic garbage collection
2026-09-23T08:49:49.5612272Z [command]/usr/bin/git config --local gc.auto 0
2026-09-23T08:49:49.5658461Z ##[endgroup]
2026-09-23T08:49:49.5659767Z ##[group]Setting up auth
2026-09-23T08:49:49.5685964Z [command]/usr/bin/git config --local --name-only --get-regexp core\.sshCommand
2026-09-23T08:49:49.5713916Z [command]/usr/bin/git submodule foreach --recursive sh -c "git config --local --name-only --get-regexp 'core\.sshCommand' && git config --local --unset-all 'core.sshCommand' || :"
2026-09-23T08:49:49.6160866Z [command]/usr/bin/git config --local --name-only --get-regexp http\.https\:\/\/github\.com\/\.extraheader
2026-09-23T08:49:49.6199280Z [command]/usr/bin/git submodule foreach --recursive sh -c "git config --local --name-only --get-regexp 'http\.https\:\/\/github\.com\/\.extraheader' && git config --local --unset-all 'http.https://github.com/.extraheader' || :"
2026-09-23T08:49:49.6429974Z [command]/usr/bin/git config --local --name-only --get-regexp ^includeIf\.gitdir:
2026-09-23T08:49:49.6470131Z [command]/usr/bin/git submodule foreach --recursive git config --local --show-origin --name-only --get-regexp remote.origin.url
2026-09-23T08:49:49.6702572Z [command]/usr/bin/git config --local http.https://github.com/.extraheader AUTHORIZATION: basic ***
2026-09-23T08:49:49.6745090Z ##[endgroup]
2026-09-23T08:49:49.6746807Z ##[group]Fetching the repository
2026-09-23T08:49:49.6757749Z [command]/usr/bin/git -c protocol.version=2 fetch --no-tags --prune --no-recurse-submodules --depth=1 origin +43f20917de93b9aad51cf79a69ad5239c5632917:refs/remotes/origin/feature/f3-test-failures
2026-09-23T08:49:49.9344533Z From https://github.com/DhruvHegde/log-generation
2026-09-23T08:49:49.9345736Z  * [new ref]         43f20917de93b9aad51cf79a69ad5239c5632917 -> origin/feature/f3-test-failures
2026-09-23T08:49:49.9349253Z ##[endgroup]
2026-09-23T08:49:49.9350205Z ##[group]Determining the checkout info
2026-09-23T08:49:49.9352358Z ##[endgroup]
2026-09-23T08:49:49.9358786Z [command]/usr/bin/git sparse-checkout disable
2026-09-23T08:49:49.9417942Z [command]/usr/bin/git config --local --unset-all extensions.worktreeConfig
2026-09-23T08:49:49.9451378Z ##[group]Checking out the ref
2026-09-23T08:49:49.9456017Z [command]/usr/bin/git checkout --progress --force -B feature/f3-test-failures refs/remotes/origin/feature/f3-test-failures
2026-09-23T08:49:49.9866834Z Switched to a new branch 'feature/f3-test-failures'
2026-09-23T08:49:49.9871695Z branch 'feature/f3-test-failures' set up to track 'origin/feature/f3-test-failures'.
2026-09-23T08:49:49.9879371Z ##[endgroup]
2026-09-23T08:49:49.9927894Z [command]/usr/bin/git log -1 --format=%H
2026-09-23T08:49:49.9957968Z 43f20917de93b9aad51cf79a69ad5239c5632917
2026-09-23T08:49:50.0248364Z Node 20 is being deprecated. This workflow is running with Node 24 by default. If you need to temporarily use Node 20, you can set the ACTIONS_ALLOW_USE_UNSECURE_NODE_VERSION=true environment variable. For more information see: https://github.blog/changelog/2025-09-19-deprecation-of-node-20-on-github-actions-runners/
2026-09-23T08:49:50.0251337Z ##[group]Run actions/setup-python@v5
2026-09-23T08:49:50.0251902Z with:
2026-09-23T08:49:50.0252322Z   python-version: 3.11
2026-09-23T08:49:50.0252810Z   check-latest: false
2026-09-23T08:49:50.0256759Z   token: ***
2026-09-23T08:49:50.0257204Z   update-environment: true
2026-09-23T08:49:50.0257713Z   allow-prereleases: false
2026-09-23T08:49:50.0258210Z   freethreaded: false
2026-09-23T08:49:50.0258673Z ##[endgroup]
2026-09-23T08:49:50.1757447Z ##[group]Installed versions
2026-09-23T08:49:50.1923861Z (node:2222) [DEP0040] DeprecationWarning: The `punycode` module is deprecated. Please use a userland alternative instead.
2026-09-23T08:49:50.1926263Z (Use `node --trace-deprecation ...` to show where the warning was created)
2026-09-23T08:49:50.1927659Z Successfully set up CPython (3.11.16)
2026-09-23T08:49:50.1929182Z ##[endgroup]
2026-09-23T08:49:50.2232191Z ##[group]Run pip install --no-cache-dir pytest
2026-09-23T08:49:50.2234072Z [36;1mpip install --no-cache-dir pytest[0m
2026-09-23T08:49:50.2297737Z shell: /usr/bin/bash -e {0}
2026-09-23T08:49:50.2298543Z env:
2026-09-23T08:49:50.2299301Z   pythonLocation: /opt/hostedtoolcache/Python/3.11.16/x64
2026-09-23T08:49:50.2301045Z   PKG_CONFIG_PATH: /opt/hostedtoolcache/Python/3.11.16/x64/lib/pkgconfig
2026-09-23T08:49:50.2302548Z   Python_ROOT_DIR: /opt/hostedtoolcache/Python/3.11.16/x64
2026-09-23T08:49:50.2303848Z   Python2_ROOT_DIR: /opt/hostedtoolcache/Python/3.11.16/x64
2026-09-23T08:49:50.2305139Z   Python3_ROOT_DIR: /opt/hostedtoolcache/Python/3.11.16/x64
2026-09-23T08:49:50.2306491Z   LD_LIBRARY_PATH: /opt/hostedtoolcache/Python/3.11.16/x64/lib
2026-09-23T08:49:50.2307586Z ##[endgroup]
2026-09-23T08:49:51.1932302Z Collecting pytest
2026-09-23T08:49:51.2421056Z   Downloading pytest-9.1.1-py3-none-any.whl.metadata (7.6 kB)
2026-09-23T08:49:51.2506941Z Collecting iniconfig>=1.0.1 (from pytest)
2026-09-23T08:49:51.2544569Z   Downloading iniconfig-2.3.0-py3-none-any.whl.metadata (2.5 kB)
2026-09-23T08:49:51.2652950Z Collecting packaging>=22 (from pytest)
2026-09-23T08:49:51.2690189Z   Downloading packaging-26.3-py3-none-any.whl.metadata (3.5 kB)
2026-09-23T08:49:51.2774339Z Collecting pluggy<2,>=1.5 (from pytest)
2026-09-23T08:49:51.2808056Z   Downloading pluggy-1.6.0-py3-none-any.whl.metadata (4.8 kB)
2026-09-23T08:49:51.2945489Z Collecting pygments>=2.7.2 (from pytest)
2026-09-23T08:49:51.2982908Z   Downloading pygments-2.21.0-py3-none-any.whl.metadata (2.5 kB)
2026-09-23T08:49:51.3057286Z Downloading pytest-9.1.1-py3-none-any.whl (386 kB)
2026-09-23T08:49:51.3259225Z Downloading pluggy-1.6.0-py3-none-any.whl (20 kB)
2026-09-23T08:49:51.3295712Z Downloading iniconfig-2.3.0-py3-none-any.whl (7.5 kB)
2026-09-23T08:49:51.3329072Z Downloading packaging-26.3-py3-none-any.whl (129 kB)
2026-09-23T08:49:51.3366071Z Downloading pygments-2.21.0-py3-none-any.whl (1.3 MB)
2026-09-23T08:49:51.3461819Z    ââââââââââââââââââââââââââââââââââââââââ 1.3/1.3 MB 177.2 MB/s  0:00:00
2026-09-23T08:49:51.4137267Z Installing collected packages: pygments, pluggy, packaging, iniconfig, pytest
2026-09-23T08:49:52.3977038Z 
2026-09-23T08:49:52.3986522Z Successfully installed iniconfig-2.3.0 packaging-26.3 pluggy-1.6.0 pygments-2.21.0 pytest-9.1.1
2026-09-23T08:49:52.4522242Z ##[group]Run python automation/inject_mutation.py --error-type "KeyError"
2026-09-23T08:49:52.4522854Z [36;1mpython automation/inject_mutation.py --error-type "KeyError"[0m
2026-09-23T08:49:52.4561686Z shell: /usr/bin/bash -e {0}
2026-09-23T08:49:52.4561958Z env:
2026-09-23T08:49:52.4562248Z   pythonLocation: /opt/hostedtoolcache/Python/3.11.16/x64
2026-09-23T08:49:52.4562916Z   PKG_CONFIG_PATH: /opt/hostedtoolcache/Python/3.11.16/x64/lib/pkgconfig
2026-09-23T08:49:52.4563376Z   Python_ROOT_DIR: /opt/hostedtoolcache/Python/3.11.16/x64
2026-09-23T08:49:52.4563787Z   Python2_ROOT_DIR: /opt/hostedtoolcache/Python/3.11.16/x64
2026-09-23T08:49:52.4564203Z   Python3_ROOT_DIR: /opt/hostedtoolcache/Python/3.11.16/x64
2026-09-23T08:49:52.4564608Z   LD_LIBRARY_PATH: /opt/hostedtoolcache/Python/3.11.16/x64/lib
2026-09-23T08:49:52.4564941Z ##[endgroup]
2026-09-23T08:49:52.4866123Z [Mutation Injected] Successfully injected KeyError into tests/test_app.py
2026-09-23T08:49:52.4941359Z ##[group]Run pytest tests/test_app.py -v
2026-09-23T08:49:52.4941768Z [36;1mpytest tests/test_app.py -v[0m
2026-09-23T08:49:52.4979566Z shell: /usr/bin/bash -e {0}
2026-09-23T08:49:52.4979830Z env:
2026-09-23T08:49:52.4980113Z   pythonLocation: /opt/hostedtoolcache/Python/3.11.16/x64
2026-09-23T08:49:52.4980573Z   PKG_CONFIG_PATH: /opt/hostedtoolcache/Python/3.11.16/x64/lib/pkgconfig
2026-09-23T08:49:52.4981408Z   Python_ROOT_DIR: /opt/hostedtoolcache/Python/3.11.16/x64
2026-09-23T08:49:52.4981829Z   Python2_ROOT_DIR: /opt/hostedtoolcache/Python/3.11.16/x64
2026-09-23T08:49:52.4982239Z   Python3_ROOT_DIR: /opt/hostedtoolcache/Python/3.11.16/x64
2026-09-23T08:49:52.4982641Z   LD_LIBRARY_PATH: /opt/hostedtoolcache/Python/3.11.16/x64/lib
2026-09-23T08:49:52.4982975Z ##[endgroup]
2026-09-23T08:49:52.7349973Z ============================= test session starts ==============================
2026-09-23T08:49:52.7351796Z platform linux -- Python 3.11.16, pytest-9.1.1, pluggy-1.6.0 -- /opt/hostedtoolcache/Python/3.11.16/x64/bin/python
2026-09-23T08:49:52.7353015Z cachedir: .pytest_cache
2026-09-23T08:49:52.7353713Z rootdir: /home/runner/work/log-generation/log-generation
2026-09-23T08:49:52.7354572Z configfile: pytest.ini
2026-09-23T08:49:52.7441668Z collecting ... collected 6 items
2026-09-23T08:49:52.7442250Z 
2026-09-23T08:49:52.7450889Z tests/test_app.py::test_calculate_division PASSED                        [ 16%]
2026-09-23T08:49:52.7458475Z tests/test_app.py::test_convert_to_int PASSED                            [ 33%]
2026-09-23T08:49:52.7466257Z tests/test_app.py::test_get_list_item PASSED                             [ 50%]
2026-09-23T08:49:52.7473502Z tests/test_app.py::test_get_dict_value PASSED                            [ 66%]
2026-09-23T08:49:52.7480554Z tests/test_app.py::test_assert_positive PASSED                           [ 83%]
2026-09-23T08:49:52.7770169Z tests/test_app.py::test_key_error FAILED                                 [100%]
2026-09-23T08:49:52.7771260Z 
2026-09-23T08:49:52.7771873Z =================================== FAILURES ===================================
2026-09-23T08:49:52.7772657Z ________________________________ test_key_error ________________________________
2026-09-23T08:49:52.7773182Z 
2026-09-23T08:49:52.7773620Z     def test_key_error():
2026-09-23T08:49:52.7774099Z         """Injected synthetic KeyError."""
2026-09-23T08:49:52.7774887Z         from src.app import get_dict_value
2026-09-23T08:49:52.7775614Z         config = {"env": "staging", "retries": 3}
2026-09-23T08:49:52.7776468Z >       get_dict_value(config, "missing_auth_token")
2026-09-23T08:49:52.7777055Z 
2026-09-23T08:49:52.7780096Z tests/test_app.py:140: 
2026-09-23T08:49:52.7781420Z _ _ _ _ _ _ _ _ _ _ _ _ _ _ _ _ _ _ _ _ _ _ _ _ _ _ _ _ _ _ _ _ _ _ _ _ _ _ _ _ 
2026-09-23T08:49:52.7781904Z 
2026-09-23T08:49:52.7782195Z d = {'env': 'staging', 'retries': 3}, key = 'missing_auth_token'
2026-09-23T08:49:52.7782717Z 
2026-09-23T08:49:52.7782893Z     def get_dict_value(d, key):
2026-09-23T08:49:52.7783338Z >       return d[key]
2026-09-23T08:49:52.7783698Z                ^^^^^^
2026-09-23T08:49:52.7784082Z E       KeyError: 'missing_auth_token'
2026-09-23T08:49:52.7784408Z 
2026-09-23T08:49:52.7784574Z src/app.py:11: KeyError
2026-09-23T08:49:52.7785075Z =========================== short test summary info ============================
2026-09-23T08:49:52.7786275Z FAILED tests/test_app.py::test_key_error - KeyError: 'missing_auth_token'
2026-09-23T08:49:52.7787065Z ========================= 1 failed, 5 passed in 0.03s ==========================
2026-09-23T08:49:52.7973857Z ##[error]Process completed with exit code 1.
2026-09-23T08:49:52.8124838Z Node 20 is being deprecated. This workflow is running with Node 24 by default. If you need to temporarily use Node 20, you can set the ACTIONS_ALLOW_USE_UNSECURE_NODE_VERSION=true environment variable. For more information see: https://github.blog/changelog/2025-09-19-deprecation-of-node-20-on-github-actions-runners/
2026-09-23T08:49:52.8126109Z Post job cleanup.
2026-09-23T08:49:52.8996722Z [command]/usr/bin/git version
2026-09-23T08:49:52.9047228Z git version 2.55.0
2026-09-23T08:49:52.9093519Z Temporarily overriding HOME='/home/runner/work/_temp/a7e4c8cf-e49f-4285-ab89-7c0d04974f0c' before making global git config changes
2026-09-23T08:49:52.9094623Z Adding repository directory to the temporary git global config as a safe directory
2026-09-23T08:49:52.9100351Z [command]/usr/bin/git config --global --add safe.directory /home/runner/work/log-generation/log-generation
2026-09-23T08:49:52.9146989Z [command]/usr/bin/git config --local --name-only --get-regexp core\.sshCommand
2026-09-23T08:49:52.9185985Z [command]/usr/bin/git submodule foreach --recursive sh -c "git config --local --name-only --get-regexp 'core\.sshCommand' && git config --local --unset-all 'core.sshCommand' || :"
2026-09-23T08:49:52.9443295Z [command]/usr/bin/git config --local --name-only --get-regexp http\.https\:\/\/github\.com\/\.extraheader
2026-09-23T08:49:52.9482801Z http.https://github.com/.extraheader
2026-09-23T08:49:52.9495938Z [command]/usr/bin/git config --local --unset-all http.https://github.com/.extraheader
2026-09-23T08:49:52.9533578Z [command]/usr/bin/git submodule foreach --recursive sh -c "git config --local --name-only --get-regexp 'http\.https\:\/\/github\.com\/\.extraheader' && git config --local --unset-all 'http.https://github.com/.extraheader' || :"
2026-09-23T08:49:52.9787950Z [command]/usr/bin/git config --local --name-only --get-regexp ^includeIf\.gitdir:
2026-09-23T08:49:52.9852602Z [command]/usr/bin/git submodule foreach --recursive git config --local --show-origin --name-only --get-regexp remote.origin.url
2026-09-23T08:49:53.0285395Z Cleaning up orphan processes
2026-09-23T08:49:53.0615862Z ##[warning]Node.js 20 is deprecated. The following actions target Node.js 20 but are being forced to run on Node.js 24: actions/checkout@v4, actions/setup-python@v5. For more information see: https://github.blog/changelog/2025-09-19-deprecation-of-node-20-on-github-actions-runners/
