ï»¿2026-09-23T08:45:01.9352410Z Current runner version: '2.337.0'
2026-09-23T08:45:01.9380152Z ##[group]Runner Image Provisioner
2026-09-23T08:45:01.9381101Z Hosted Compute Agent
2026-09-23T08:45:01.9381907Z Version: 20260828.587
2026-09-23T08:45:01.9382663Z Commit: abac92662cab4cc7352de4f9f9d2e2419aad9c29
2026-09-23T08:45:01.9383630Z Build Date: 2026-08-28T16:44:25Z
2026-09-23T08:45:01.9384470Z Worker ID: {d036784c-9dad-480f-8000-2c70ad7d0360}
2026-09-23T08:45:01.9385366Z Azure Region: eastus
2026-09-23T08:45:01.9386098Z ##[endgroup]
2026-09-23T08:45:01.9388179Z ##[group]Operating System
2026-09-23T08:45:01.9389371Z Ubuntu
2026-09-23T08:45:01.9390019Z 24.04.5
2026-09-23T08:45:01.9390626Z LTS
2026-09-23T08:45:01.9391398Z ##[endgroup]
2026-09-23T08:45:01.9392046Z ##[group]Runner Image
2026-09-23T08:45:01.9392846Z Image: ubuntu-24.04
2026-09-23T08:45:01.9393518Z Version: 20260907.300.1
2026-09-23T08:45:01.9395157Z Included Software: https://github.com/actions/runner-images/blob/ubuntu24/20260907.300/images/ubuntu/Ubuntu2404-Readme.md
2026-09-23T08:45:01.9397101Z Image Release: https://github.com/actions/runner-images/releases/tag/ubuntu24%2F20260907.300
2026-09-23T08:45:01.9398562Z ##[endgroup]
2026-09-23T08:45:01.9399987Z ##[group]GITHUB_TOKEN Permissions
2026-09-23T08:45:01.9402371Z Contents: read
2026-09-23T08:45:01.9403055Z Metadata: read
2026-09-23T08:45:01.9403761Z Packages: read
2026-09-23T08:45:01.9404427Z ##[endgroup]
2026-09-23T08:45:01.9406722Z Secret source: Actions
2026-09-23T08:45:01.9408185Z Cache mode: write
2026-09-23T08:45:01.9409321Z Prepare workflow directory
2026-09-23T08:45:01.9776161Z Prepare all required actions
2026-09-23T08:45:01.9833343Z Getting action download info
2026-09-23T08:45:02.1566090Z Download action repository 'actions/checkout@v4' (SHA:11d5960a326750d5838078e36cf38b85af677262)
2026-09-23T08:45:02.3175327Z Download action repository 'actions/setup-python@v5' (SHA:a26af69be951a213d495a4c3e4e4022e16d87065)
2026-09-23T08:45:02.5308040Z Complete job name: test-f3 (ZeroDivisionError #178)
2026-09-23T08:45:02.5907359Z Node 20 is being deprecated. This workflow is running with Node 24 by default. If you need to temporarily use Node 20, you can set the ACTIONS_ALLOW_USE_UNSECURE_NODE_VERSION=true environment variable. For more information see: https://github.blog/changelog/2025-09-19-deprecation-of-node-20-on-github-actions-runners/
2026-09-23T08:45:02.5914363Z ##[group]Run actions/checkout@v4
2026-09-23T08:45:02.5914908Z with:
2026-09-23T08:45:02.5915245Z   fetch-depth: 1
2026-09-23T08:45:02.5915620Z   repository: DhruvHegde/log-generation
2026-09-23T08:45:02.5918994Z   token: ***
2026-09-23T08:45:02.5919346Z   ssh-strict: true
2026-09-23T08:45:02.5919697Z   ssh-user: git
2026-09-23T08:45:02.5920048Z   persist-credentials: true
2026-09-23T08:45:02.5920432Z   clean: true
2026-09-23T08:45:02.5920788Z   sparse-checkout-cone-mode: true
2026-09-23T08:45:02.5921194Z   fetch-tags: false
2026-09-23T08:45:02.5921541Z   show-progress: true
2026-09-23T08:45:02.5921888Z   lfs: false
2026-09-23T08:45:02.5922260Z   submodules: false
2026-09-23T08:45:02.5922629Z   set-safe-directory: true
2026-09-23T08:45:02.5923027Z   allow-unsafe-pr-checkout: false
2026-09-23T08:45:02.5923656Z ##[endgroup]
2026-09-23T08:45:02.6736724Z Syncing repository: DhruvHegde/log-generation
2026-09-23T08:45:02.6739012Z ##[group]Getting Git version info
2026-09-23T08:45:02.6739944Z Working directory is '/home/runner/work/log-generation/log-generation'
2026-09-23T08:45:02.6741338Z [command]/usr/bin/git version
2026-09-23T08:45:02.7479389Z git version 2.55.0
2026-09-23T08:45:02.7495089Z ##[endgroup]
2026-09-23T08:45:02.7509306Z Temporarily overriding HOME='/home/runner/work/_temp/9453ed6d-c48e-44ca-99dd-85a9ab385b00' before making global git config changes
2026-09-23T08:45:02.7511069Z Adding repository directory to the temporary git global config as a safe directory
2026-09-23T08:45:02.7514465Z [command]/usr/bin/git config --global --add safe.directory /home/runner/work/log-generation/log-generation
2026-09-23T08:45:02.7560167Z Deleting the contents of '/home/runner/work/log-generation/log-generation'
2026-09-23T08:45:02.7563468Z ##[group]Initializing the repository
2026-09-23T08:45:02.7566576Z [command]/usr/bin/git init /home/runner/work/log-generation/log-generation
2026-09-23T08:45:02.7654771Z hint: Using 'master' as the name for the initial branch. This default branch name
2026-09-23T08:45:02.7655945Z hint: will change to "main" in Git 3.0. To configure the initial branch name
2026-09-23T08:45:02.7656849Z hint: to use in all of your new repositories, which will suppress this warning,
2026-09-23T08:45:02.7658098Z hint: call:
2026-09-23T08:45:02.7658422Z hint:
2026-09-23T08:45:02.7658860Z hint: 	git config --global init.defaultBranch <name>
2026-09-23T08:45:02.7659352Z hint:
2026-09-23T08:45:02.7659804Z hint: Names commonly chosen instead of 'master' are 'main', 'trunk' and
2026-09-23T08:45:02.7660522Z hint: 'development'. The just-created branch can be renamed via this command:
2026-09-23T08:45:02.7661117Z hint:
2026-09-23T08:45:02.7661536Z hint: 	git branch -m <name>
2026-09-23T08:45:02.7662004Z hint:
2026-09-23T08:45:02.7662506Z hint: Disable this message with "git config set advice.defaultBranchName false"
2026-09-23T08:45:02.7663348Z Initialized empty Git repository in /home/runner/work/log-generation/log-generation/.git/
2026-09-23T08:45:02.7666421Z [command]/usr/bin/git remote add origin https://github.com/DhruvHegde/log-generation
2026-09-23T08:45:02.7709252Z ##[endgroup]
2026-09-23T08:45:02.7709881Z ##[group]Disabling automatic garbage collection
2026-09-23T08:45:02.7712220Z [command]/usr/bin/git config --local gc.auto 0
2026-09-23T08:45:02.7739001Z ##[endgroup]
2026-09-23T08:45:02.7739573Z ##[group]Setting up auth
2026-09-23T08:45:02.7743884Z [command]/usr/bin/git config --local --name-only --get-regexp core\.sshCommand
2026-09-23T08:45:02.7771457Z [command]/usr/bin/git submodule foreach --recursive sh -c "git config --local --name-only --get-regexp 'core\.sshCommand' && git config --local --unset-all 'core.sshCommand' || :"
2026-09-23T08:45:02.8782539Z [command]/usr/bin/git config --local --name-only --get-regexp http\.https\:\/\/github\.com\/\.extraheader
2026-09-23T08:45:02.8812689Z [command]/usr/bin/git submodule foreach --recursive sh -c "git config --local --name-only --get-regexp 'http\.https\:\/\/github\.com\/\.extraheader' && git config --local --unset-all 'http.https://github.com/.extraheader' || :"
2026-09-23T08:45:02.9004423Z [command]/usr/bin/git config --local --name-only --get-regexp ^includeIf\.gitdir:
2026-09-23T08:45:02.9046596Z [command]/usr/bin/git submodule foreach --recursive git config --local --show-origin --name-only --get-regexp remote.origin.url
2026-09-23T08:45:02.9255388Z [command]/usr/bin/git config --local http.https://github.com/.extraheader AUTHORIZATION: basic ***
2026-09-23T08:45:02.9427869Z ##[endgroup]
2026-09-23T08:45:02.9439429Z ##[group]Fetching the repository
2026-09-23T08:45:02.9440805Z [command]/usr/bin/git -c protocol.version=2 fetch --no-tags --prune --no-recurse-submodules --depth=1 origin +dfcb6f158e4bd8054252a4da5d0a9edc2ab15d57:refs/remotes/origin/feature/f3-test-failures
2026-09-23T08:45:03.2268235Z From https://github.com/DhruvHegde/log-generation
2026-09-23T08:45:03.2269898Z  * [new ref]         dfcb6f158e4bd8054252a4da5d0a9edc2ab15d57 -> origin/feature/f3-test-failures
2026-09-23T08:45:03.2271716Z ##[endgroup]
2026-09-23T08:45:03.2272378Z ##[group]Determining the checkout info
2026-09-23T08:45:03.2273098Z ##[endgroup]
2026-09-23T08:45:03.2273530Z [command]/usr/bin/git sparse-checkout disable
2026-09-23T08:45:03.2319415Z [command]/usr/bin/git config --local --unset-all extensions.worktreeConfig
2026-09-23T08:45:03.2349210Z ##[group]Checking out the ref
2026-09-23T08:45:03.2361728Z [command]/usr/bin/git checkout --progress --force -B feature/f3-test-failures refs/remotes/origin/feature/f3-test-failures
2026-09-23T08:45:03.2428028Z Switched to a new branch 'feature/f3-test-failures'
2026-09-23T08:45:03.2433089Z branch 'feature/f3-test-failures' set up to track 'origin/feature/f3-test-failures'.
2026-09-23T08:45:03.2436783Z ##[endgroup]
2026-09-23T08:45:03.2473180Z [command]/usr/bin/git log -1 --format=%H
2026-09-23T08:45:03.2496292Z dfcb6f158e4bd8054252a4da5d0a9edc2ab15d57
2026-09-23T08:45:03.2764753Z Node 20 is being deprecated. This workflow is running with Node 24 by default. If you need to temporarily use Node 20, you can set the ACTIONS_ALLOW_USE_UNSECURE_NODE_VERSION=true environment variable. For more information see: https://github.blog/changelog/2025-09-19-deprecation-of-node-20-on-github-actions-runners/
2026-09-23T08:45:03.2768834Z ##[group]Run actions/setup-python@v5
2026-09-23T08:45:03.2769463Z with:
2026-09-23T08:45:03.2769871Z   python-version: 3.11
2026-09-23T08:45:03.2770385Z   check-latest: false
2026-09-23T08:45:03.2777131Z   token: ***
2026-09-23T08:45:03.2777680Z   update-environment: true
2026-09-23T08:45:03.2778246Z   allow-prereleases: false
2026-09-23T08:45:03.2778801Z   freethreaded: false
2026-09-23T08:45:03.2779282Z ##[endgroup]
2026-09-23T08:45:03.3848463Z ##[group]Installed versions
2026-09-23T08:45:03.4388266Z (node:2037) [DEP0040] DeprecationWarning: The `punycode` module is deprecated. Please use a userland alternative instead.
2026-09-23T08:45:03.4391289Z (Use `node --trace-deprecation ...` to show where the warning was created)
2026-09-23T08:45:03.4392801Z Successfully set up CPython (3.11.16)
2026-09-23T08:45:03.4408315Z ##[endgroup]
2026-09-23T08:45:03.4536777Z ##[group]Run pip install --no-cache-dir pytest
2026-09-23T08:45:03.4537947Z [36;1mpip install --no-cache-dir pytest[0m
2026-09-23T08:45:03.4590281Z shell: /usr/bin/bash -e {0}
2026-09-23T08:45:03.4591089Z env:
2026-09-23T08:45:03.4591692Z   pythonLocation: /opt/hostedtoolcache/Python/3.11.16/x64
2026-09-23T08:45:03.4592784Z   PKG_CONFIG_PATH: /opt/hostedtoolcache/Python/3.11.16/x64/lib/pkgconfig
2026-09-23T08:45:03.4594509Z   Python_ROOT_DIR: /opt/hostedtoolcache/Python/3.11.16/x64
2026-09-23T08:45:03.4596050Z   Python2_ROOT_DIR: /opt/hostedtoolcache/Python/3.11.16/x64
2026-09-23T08:45:03.4597635Z   Python3_ROOT_DIR: /opt/hostedtoolcache/Python/3.11.16/x64
2026-09-23T08:45:03.4599183Z   LD_LIBRARY_PATH: /opt/hostedtoolcache/Python/3.11.16/x64/lib
2026-09-23T08:45:03.4600413Z ##[endgroup]
2026-09-23T08:45:07.8960562Z Collecting pytest
2026-09-23T08:45:07.9357676Z   Downloading pytest-9.1.1-py3-none-any.whl.metadata (7.6 kB)
2026-09-23T08:45:07.9425081Z Collecting iniconfig>=1.0.1 (from pytest)
2026-09-23T08:45:07.9458549Z   Downloading iniconfig-2.3.0-py3-none-any.whl.metadata (2.5 kB)
2026-09-23T08:45:07.9538835Z Collecting packaging>=22 (from pytest)
2026-09-23T08:45:07.9574036Z   Downloading packaging-26.3-py3-none-any.whl.metadata (3.5 kB)
2026-09-23T08:45:07.9641148Z Collecting pluggy<2,>=1.5 (from pytest)
2026-09-23T08:45:07.9674678Z   Downloading pluggy-1.6.0-py3-none-any.whl.metadata (4.8 kB)
2026-09-23T08:45:07.9775468Z Collecting pygments>=2.7.2 (from pytest)
2026-09-23T08:45:07.9808284Z   Downloading pygments-2.21.0-py3-none-any.whl.metadata (2.5 kB)
2026-09-23T08:45:07.9861570Z Downloading pytest-9.1.1-py3-none-any.whl (386 kB)
2026-09-23T08:45:08.0019967Z Downloading pluggy-1.6.0-py3-none-any.whl (20 kB)
2026-09-23T08:45:08.0052799Z Downloading iniconfig-2.3.0-py3-none-any.whl (7.5 kB)
2026-09-23T08:45:08.0086014Z Downloading packaging-26.3-py3-none-any.whl (129 kB)
2026-09-23T08:45:08.0131637Z Downloading pygments-2.21.0-py3-none-any.whl (1.3 MB)
2026-09-23T08:45:08.0301202Z    ââââââââââââââââââââââââââââââââââââââââ 1.3/1.3 MB 80.4 MB/s  0:00:00
2026-09-23T08:45:08.3531507Z Installing collected packages: pygments, pluggy, packaging, iniconfig, pytest
2026-09-23T08:45:09.2436143Z 
2026-09-23T08:45:09.2443668Z Successfully installed iniconfig-2.3.0 packaging-26.3 pluggy-1.6.0 pygments-2.21.0 pytest-9.1.1
2026-09-23T08:45:09.2874249Z ##[group]Run python automation/inject_mutation.py --error-type "ZeroDivisionError"
2026-09-23T08:45:09.2874792Z [36;1mpython automation/inject_mutation.py --error-type "ZeroDivisionError"[0m
2026-09-23T08:45:09.2909654Z shell: /usr/bin/bash -e {0}
2026-09-23T08:45:09.2909881Z env:
2026-09-23T08:45:09.2910292Z   pythonLocation: /opt/hostedtoolcache/Python/3.11.16/x64
2026-09-23T08:45:09.2910657Z   PKG_CONFIG_PATH: /opt/hostedtoolcache/Python/3.11.16/x64/lib/pkgconfig
2026-09-23T08:45:09.2910991Z   Python_ROOT_DIR: /opt/hostedtoolcache/Python/3.11.16/x64
2026-09-23T08:45:09.2911287Z   Python2_ROOT_DIR: /opt/hostedtoolcache/Python/3.11.16/x64
2026-09-23T08:45:09.2911606Z   Python3_ROOT_DIR: /opt/hostedtoolcache/Python/3.11.16/x64
2026-09-23T08:45:09.2911899Z   LD_LIBRARY_PATH: /opt/hostedtoolcache/Python/3.11.16/x64/lib
2026-09-23T08:45:09.2912181Z ##[endgroup]
2026-09-23T08:45:09.3164732Z [Mutation Injected] Successfully injected ZeroDivisionError into tests/test_app.py
2026-09-23T08:45:09.3222160Z ##[group]Run pytest tests/test_app.py -v
2026-09-23T08:45:09.3222451Z [36;1mpytest tests/test_app.py -v[0m
2026-09-23T08:45:09.3253446Z shell: /usr/bin/bash -e {0}
2026-09-23T08:45:09.3253659Z env:
2026-09-23T08:45:09.3253878Z   pythonLocation: /opt/hostedtoolcache/Python/3.11.16/x64
2026-09-23T08:45:09.3254240Z   PKG_CONFIG_PATH: /opt/hostedtoolcache/Python/3.11.16/x64/lib/pkgconfig
2026-09-23T08:45:09.3254582Z   Python_ROOT_DIR: /opt/hostedtoolcache/Python/3.11.16/x64
2026-09-23T08:45:09.3254881Z   Python2_ROOT_DIR: /opt/hostedtoolcache/Python/3.11.16/x64
2026-09-23T08:45:09.3255173Z   Python3_ROOT_DIR: /opt/hostedtoolcache/Python/3.11.16/x64
2026-09-23T08:45:09.3255471Z   LD_LIBRARY_PATH: /opt/hostedtoolcache/Python/3.11.16/x64/lib
2026-09-23T08:45:09.3255735Z ##[endgroup]
2026-09-23T08:45:09.6763724Z ============================= test session starts ==============================
2026-09-23T08:45:09.6764751Z platform linux -- Python 3.11.16, pytest-9.1.1, pluggy-1.6.0 -- /opt/hostedtoolcache/Python/3.11.16/x64/bin/python
2026-09-23T08:45:09.6765406Z cachedir: .pytest_cache
2026-09-23T08:45:09.6766003Z rootdir: /home/runner/work/log-generation/log-generation
2026-09-23T08:45:09.6766420Z configfile: pytest.ini
2026-09-23T08:45:09.6826702Z collecting ... collected 6 items
2026-09-23T08:45:09.6826986Z 
2026-09-23T08:45:09.6833121Z tests/test_app.py::test_calculate_division PASSED                        [ 16%]
2026-09-23T08:45:09.6838378Z tests/test_app.py::test_convert_to_int PASSED                            [ 33%]
2026-09-23T08:45:09.6843775Z tests/test_app.py::test_get_list_item PASSED                             [ 50%]
2026-09-23T08:45:09.6848937Z tests/test_app.py::test_get_dict_value PASSED                            [ 66%]
2026-09-23T08:45:09.6853615Z tests/test_app.py::test_assert_positive PASSED                           [ 83%]
2026-09-23T08:45:09.7076683Z tests/test_app.py::test_zero_division_error FAILED                       [100%]
2026-09-23T08:45:09.7077093Z 
2026-09-23T08:45:09.7077454Z =================================== FAILURES ===================================
2026-09-23T08:45:09.7077958Z ___________________________ test_zero_division_error ___________________________
2026-09-23T08:45:09.7078343Z 
2026-09-23T08:45:09.7078470Z     def test_zero_division_error():
2026-09-23T08:45:09.7078819Z         """Injected synthetic ZeroDivisionError."""
2026-09-23T08:45:09.7079274Z         from src.app import calculate_division
2026-09-23T08:45:09.7079695Z >       calculate_division(42, 0)
2026-09-23T08:45:09.7079911Z 
2026-09-23T08:45:09.7080038Z tests/test_app.py:137: 
2026-09-23T08:45:09.7080399Z _ _ _ _ _ _ _ _ _ _ _ _ _ _ _ _ _ _ _ _ _ _ _ _ _ _ _ _ _ _ _ _ _ _ _ _ _ _ _ _ 
2026-09-23T08:45:09.7080706Z 
2026-09-23T08:45:09.7080813Z a = 42, b = 0
2026-09-23T08:45:09.7080976Z 
2026-09-23T08:45:09.7081103Z     def calculate_division(a, b):
2026-09-23T08:45:09.7081438Z >       return a / b
2026-09-23T08:45:09.7081694Z                ^^^^^
2026-09-23T08:45:09.7081974Z E       ZeroDivisionError: division by zero
2026-09-23T08:45:09.7082216Z 
2026-09-23T08:45:09.7082347Z src/app.py:2: ZeroDivisionError
2026-09-23T08:45:09.7082727Z =========================== short test summary info ============================
2026-09-23T08:45:09.7083352Z FAILED tests/test_app.py::test_zero_division_error - ZeroDivisionError: division by zero
2026-09-23T08:45:09.7084230Z ========================= 1 failed, 5 passed in 0.02s ==========================
2026-09-23T08:45:09.7242691Z ##[error]Process completed with exit code 1.
2026-09-23T08:45:09.7357519Z Node 20 is being deprecated. This workflow is running with Node 24 by default. If you need to temporarily use Node 20, you can set the ACTIONS_ALLOW_USE_UNSECURE_NODE_VERSION=true environment variable. For more information see: https://github.blog/changelog/2025-09-19-deprecation-of-node-20-on-github-actions-runners/
2026-09-23T08:45:09.7358466Z Post job cleanup.
2026-09-23T08:45:09.8011299Z [command]/usr/bin/git version
2026-09-23T08:45:09.8047760Z git version 2.55.0
2026-09-23T08:45:09.8082028Z Temporarily overriding HOME='/home/runner/work/_temp/0198d8c3-24c5-4afa-bbc1-22683aef9bdd' before making global git config changes
2026-09-23T08:45:09.8083203Z Adding repository directory to the temporary git global config as a safe directory
2026-09-23T08:45:09.8086852Z [command]/usr/bin/git config --global --add safe.directory /home/runner/work/log-generation/log-generation
2026-09-23T08:45:09.8118966Z [command]/usr/bin/git config --local --name-only --get-regexp core\.sshCommand
2026-09-23T08:45:09.8148189Z [command]/usr/bin/git submodule foreach --recursive sh -c "git config --local --name-only --get-regexp 'core\.sshCommand' && git config --local --unset-all 'core.sshCommand' || :"
2026-09-23T08:45:09.8360732Z [command]/usr/bin/git config --local --name-only --get-regexp http\.https\:\/\/github\.com\/\.extraheader
2026-09-23T08:45:09.8386712Z http.https://github.com/.extraheader
2026-09-23T08:45:09.8395009Z [command]/usr/bin/git config --local --unset-all http.https://github.com/.extraheader
2026-09-23T08:45:09.8427706Z [command]/usr/bin/git submodule foreach --recursive sh -c "git config --local --name-only --get-regexp 'http\.https\:\/\/github\.com\/\.extraheader' && git config --local --unset-all 'http.https://github.com/.extraheader' || :"
2026-09-23T08:45:09.8634791Z [command]/usr/bin/git config --local --name-only --get-regexp ^includeIf\.gitdir:
2026-09-23T08:45:09.8666826Z [command]/usr/bin/git submodule foreach --recursive git config --local --show-origin --name-only --get-regexp remote.origin.url
2026-09-23T08:45:09.9007015Z Cleaning up orphan processes
2026-09-23T08:45:09.9242311Z ##[warning]Node.js 20 is deprecated. The following actions target Node.js 20 but are being forced to run on Node.js 24: actions/checkout@v4, actions/setup-python@v5. For more information see: https://github.blog/changelog/2025-09-19-deprecation-of-node-20-on-github-actions-runners/
