ï»¿2026-09-23T08:44:07.0499359Z Current runner version: '2.337.0'
2026-09-23T08:44:07.0526032Z ##[group]Runner Image Provisioner
2026-09-23T08:44:07.0527024Z Hosted Compute Agent
2026-09-23T08:44:07.0527683Z Version: 20260828.587
2026-09-23T08:44:07.0528381Z Commit: abac92662cab4cc7352de4f9f9d2e2419aad9c29
2026-09-23T08:44:07.0529156Z Build Date: 2026-08-28T16:44:25Z
2026-09-23T08:44:07.0529890Z Worker ID: {728a63fe-26f3-43c6-a43b-08c6c2ca8935}
2026-09-23T08:44:07.0530677Z Azure Region: westcentralus
2026-09-23T08:44:07.0531309Z ##[endgroup]
2026-09-23T08:44:07.0533129Z ##[group]Operating System
2026-09-23T08:44:07.0533895Z Ubuntu
2026-09-23T08:44:07.0534516Z 24.04.5
2026-09-23T08:44:07.0535106Z LTS
2026-09-23T08:44:07.0535880Z ##[endgroup]
2026-09-23T08:44:07.0536421Z ##[group]Runner Image
2026-09-23T08:44:07.0537573Z Image: ubuntu-24.04
2026-09-23T08:44:07.0538264Z Version: 20260907.300.1
2026-09-23T08:44:07.0539648Z Included Software: https://github.com/actions/runner-images/blob/ubuntu24/20260907.300/images/ubuntu/Ubuntu2404-Readme.md
2026-09-23T08:44:07.0541248Z Image Release: https://github.com/actions/runner-images/releases/tag/ubuntu24%2F20260907.300
2026-09-23T08:44:07.0542324Z ##[endgroup]
2026-09-23T08:44:07.0543569Z ##[group]GITHUB_TOKEN Permissions
2026-09-23T08:44:07.0546247Z Contents: read
2026-09-23T08:44:07.0546875Z Metadata: read
2026-09-23T08:44:07.0547534Z Packages: read
2026-09-23T08:44:07.0548170Z ##[endgroup]
2026-09-23T08:44:07.0550415Z Secret source: Actions
2026-09-23T08:44:07.0551552Z Cache mode: write
2026-09-23T08:44:07.0552599Z Prepare workflow directory
2026-09-23T08:44:07.0944510Z Prepare all required actions
2026-09-23T08:44:07.0993022Z Getting action download info
2026-09-23T08:44:07.4121054Z Download action repository 'actions/checkout@v4' (SHA:11d5960a326750d5838078e36cf38b85af677262)
2026-09-23T08:44:07.5298980Z Download action repository 'actions/setup-python@v5' (SHA:a26af69be951a213d495a4c3e4e4022e16d87065)
2026-09-23T08:44:07.7185410Z Complete job name: test-f3 (FileNotFoundError #86)
2026-09-23T08:44:07.7958256Z Node 20 is being deprecated. This workflow is running with Node 24 by default. If you need to temporarily use Node 20, you can set the ACTIONS_ALLOW_USE_UNSECURE_NODE_VERSION=true environment variable. For more information see: https://github.blog/changelog/2025-09-19-deprecation-of-node-20-on-github-actions-runners/
2026-09-23T08:44:07.7967255Z ##[group]Run actions/checkout@v4
2026-09-23T08:44:07.7967951Z with:
2026-09-23T08:44:07.7968379Z   fetch-depth: 1
2026-09-23T08:44:07.7968853Z   repository: DhruvHegde/log-generation
2026-09-23T08:44:07.7972726Z   token: ***
2026-09-23T08:44:07.7973162Z   ssh-strict: true
2026-09-23T08:44:07.7973603Z   ssh-user: git
2026-09-23T08:44:07.7974056Z   persist-credentials: true
2026-09-23T08:44:07.7974545Z   clean: true
2026-09-23T08:44:07.7974996Z   sparse-checkout-cone-mode: true
2026-09-23T08:44:07.7975508Z   fetch-tags: false
2026-09-23T08:44:07.7976203Z   show-progress: true
2026-09-23T08:44:07.7976652Z   lfs: false
2026-09-23T08:44:07.7977106Z   submodules: false
2026-09-23T08:44:07.7977572Z   set-safe-directory: true
2026-09-23T08:44:07.7978075Z   allow-unsafe-pr-checkout: false
2026-09-23T08:44:07.7978783Z ##[endgroup]
2026-09-23T08:44:07.9007725Z Syncing repository: DhruvHegde/log-generation
2026-09-23T08:44:07.9010420Z ##[group]Getting Git version info
2026-09-23T08:44:07.9011626Z Working directory is '/home/runner/work/log-generation/log-generation'
2026-09-23T08:44:07.9013384Z [command]/usr/bin/git version
2026-09-23T08:44:07.9027628Z git version 2.55.0
2026-09-23T08:44:07.9048766Z ##[endgroup]
2026-09-23T08:44:07.9067340Z Temporarily overriding HOME='/home/runner/work/_temp/035e2f0c-3fff-4297-ab0e-63e14f7d102e' before making global git config changes
2026-09-23T08:44:07.9069678Z Adding repository directory to the temporary git global config as a safe directory
2026-09-23T08:44:07.9072977Z [command]/usr/bin/git config --global --add safe.directory /home/runner/work/log-generation/log-generation
2026-09-23T08:44:07.9122791Z Deleting the contents of '/home/runner/work/log-generation/log-generation'
2026-09-23T08:44:07.9127255Z ##[group]Initializing the repository
2026-09-23T08:44:07.9131953Z [command]/usr/bin/git init /home/runner/work/log-generation/log-generation
2026-09-23T08:44:07.9217373Z hint: Using 'master' as the name for the initial branch. This default branch name
2026-09-23T08:44:07.9218670Z hint: will change to "main" in Git 3.0. To configure the initial branch name
2026-09-23T08:44:07.9219931Z hint: to use in all of your new repositories, which will suppress this warning,
2026-09-23T08:44:07.9220966Z hint: call:
2026-09-23T08:44:07.9221369Z hint:
2026-09-23T08:44:07.9221918Z hint: 	git config --global init.defaultBranch <name>
2026-09-23T08:44:07.9222538Z hint:
2026-09-23T08:44:07.9223115Z hint: Names commonly chosen instead of 'master' are 'main', 'trunk' and
2026-09-23T08:44:07.9224373Z hint: 'development'. The just-created branch can be renamed via this command:
2026-09-23T08:44:07.9225551Z hint:
2026-09-23T08:44:07.9226261Z hint: 	git branch -m <name>
2026-09-23T08:44:07.9226747Z hint:
2026-09-23T08:44:07.9227376Z hint: Disable this message with "git config set advice.defaultBranchName false"
2026-09-23T08:44:07.9228422Z Initialized empty Git repository in /home/runner/work/log-generation/log-generation/.git/
2026-09-23T08:44:07.9230258Z [command]/usr/bin/git remote add origin https://github.com/DhruvHegde/log-generation
2026-09-23T08:44:07.9275822Z ##[endgroup]
2026-09-23T08:44:07.9277042Z ##[group]Disabling automatic garbage collection
2026-09-23T08:44:07.9280992Z [command]/usr/bin/git config --local gc.auto 0
2026-09-23T08:44:07.9316230Z ##[endgroup]
2026-09-23T08:44:07.9317610Z ##[group]Setting up auth
2026-09-23T08:44:07.9322432Z [command]/usr/bin/git config --local --name-only --get-regexp core\.sshCommand
2026-09-23T08:44:07.9358557Z [command]/usr/bin/git submodule foreach --recursive sh -c "git config --local --name-only --get-regexp 'core\.sshCommand' && git config --local --unset-all 'core.sshCommand' || :"
2026-09-23T08:44:07.9700779Z [command]/usr/bin/git config --local --name-only --get-regexp http\.https\:\/\/github\.com\/\.extraheader
2026-09-23T08:44:07.9743206Z [command]/usr/bin/git submodule foreach --recursive sh -c "git config --local --name-only --get-regexp 'http\.https\:\/\/github\.com\/\.extraheader' && git config --local --unset-all 'http.https://github.com/.extraheader' || :"
2026-09-23T08:44:08.0019800Z [command]/usr/bin/git config --local --name-only --get-regexp ^includeIf\.gitdir:
2026-09-23T08:44:08.0060387Z [command]/usr/bin/git submodule foreach --recursive git config --local --show-origin --name-only --get-regexp remote.origin.url
2026-09-23T08:44:08.0319426Z [command]/usr/bin/git config --local http.https://github.com/.extraheader AUTHORIZATION: basic ***
2026-09-23T08:44:08.0362973Z ##[endgroup]
2026-09-23T08:44:08.0364225Z ##[group]Fetching the repository
2026-09-23T08:44:08.0375029Z [command]/usr/bin/git -c protocol.version=2 fetch --no-tags --prune --no-recurse-submodules --depth=1 origin +dfcb6f158e4bd8054252a4da5d0a9edc2ab15d57:refs/remotes/origin/feature/f3-test-failures
2026-09-23T08:44:08.5007883Z From https://github.com/DhruvHegde/log-generation
2026-09-23T08:44:08.5009874Z  * [new ref]         dfcb6f158e4bd8054252a4da5d0a9edc2ab15d57 -> origin/feature/f3-test-failures
2026-09-23T08:44:08.5013535Z ##[endgroup]
2026-09-23T08:44:08.5014965Z ##[group]Determining the checkout info
2026-09-23T08:44:08.5017026Z ##[endgroup]
2026-09-23T08:44:08.5026652Z [command]/usr/bin/git sparse-checkout disable
2026-09-23T08:44:08.5084755Z [command]/usr/bin/git config --local --unset-all extensions.worktreeConfig
2026-09-23T08:44:08.5125463Z ##[group]Checking out the ref
2026-09-23T08:44:08.5132118Z [command]/usr/bin/git checkout --progress --force -B feature/f3-test-failures refs/remotes/origin/feature/f3-test-failures
2026-09-23T08:44:08.5221947Z Switched to a new branch 'feature/f3-test-failures'
2026-09-23T08:44:08.5227296Z branch 'feature/f3-test-failures' set up to track 'origin/feature/f3-test-failures'.
2026-09-23T08:44:08.5232274Z ##[endgroup]
2026-09-23T08:44:08.5278388Z [command]/usr/bin/git log -1 --format=%H
2026-09-23T08:44:08.5307707Z dfcb6f158e4bd8054252a4da5d0a9edc2ab15d57
2026-09-23T08:44:08.5654577Z Node 20 is being deprecated. This workflow is running with Node 24 by default. If you need to temporarily use Node 20, you can set the ACTIONS_ALLOW_USE_UNSECURE_NODE_VERSION=true environment variable. For more information see: https://github.blog/changelog/2025-09-19-deprecation-of-node-20-on-github-actions-runners/
2026-09-23T08:44:08.5659823Z ##[group]Run actions/setup-python@v5
2026-09-23T08:44:08.5660565Z with:
2026-09-23T08:44:08.5661047Z   python-version: 3.11
2026-09-23T08:44:08.5661644Z   check-latest: false
2026-09-23T08:44:08.5669851Z   token: ***
2026-09-23T08:44:08.5670383Z   update-environment: true
2026-09-23T08:44:08.5671055Z   allow-prereleases: false
2026-09-23T08:44:08.5671716Z   freethreaded: false
2026-09-23T08:44:08.5672343Z ##[endgroup]
2026-09-23T08:44:08.7061827Z ##[group]Installed versions
2026-09-23T08:44:08.7141127Z (node:2309) [DEP0040] DeprecationWarning: The `punycode` module is deprecated. Please use a userland alternative instead.
2026-09-23T08:44:08.7144518Z (Use `node --trace-deprecation ...` to show where the warning was created)
2026-09-23T08:44:08.7146548Z Successfully set up CPython (3.11.16)
2026-09-23T08:44:08.7148271Z ##[endgroup]
2026-09-23T08:44:08.7359206Z ##[group]Run pip install --no-cache-dir pytest
2026-09-23T08:44:08.7360346Z [36;1mpip install --no-cache-dir pytest[0m
2026-09-23T08:44:08.7427651Z shell: /usr/bin/bash -e {0}
2026-09-23T08:44:08.7428672Z env:
2026-09-23T08:44:08.7527140Z   pythonLocation: /opt/hostedtoolcache/Python/3.11.16/x64
2026-09-23T08:44:08.7528776Z   PKG_CONFIG_PATH: /opt/hostedtoolcache/Python/3.11.16/x64/lib/pkgconfig
2026-09-23T08:44:08.7530117Z   Python_ROOT_DIR: /opt/hostedtoolcache/Python/3.11.16/x64
2026-09-23T08:44:08.7531310Z   Python2_ROOT_DIR: /opt/hostedtoolcache/Python/3.11.16/x64
2026-09-23T08:44:08.7532526Z   Python3_ROOT_DIR: /opt/hostedtoolcache/Python/3.11.16/x64
2026-09-23T08:44:08.7533792Z   LD_LIBRARY_PATH: /opt/hostedtoolcache/Python/3.11.16/x64/lib
2026-09-23T08:44:08.7534772Z ##[endgroup]
2026-09-23T08:44:09.5841540Z Collecting pytest
2026-09-23T08:44:09.6808623Z   Downloading pytest-9.1.1-py3-none-any.whl.metadata (7.6 kB)
2026-09-23T08:44:09.7043585Z Collecting iniconfig>=1.0.1 (from pytest)
2026-09-23T08:44:09.7232980Z   Downloading iniconfig-2.3.0-py3-none-any.whl.metadata (2.5 kB)
2026-09-23T08:44:09.7493144Z Collecting packaging>=22 (from pytest)
2026-09-23T08:44:09.7688803Z   Downloading packaging-26.3-py3-none-any.whl.metadata (3.5 kB)
2026-09-23T08:44:09.7959356Z Collecting pluggy<2,>=1.5 (from pytest)
2026-09-23T08:44:09.8158450Z   Downloading pluggy-1.6.0-py3-none-any.whl.metadata (4.8 kB)
2026-09-23T08:44:09.8469358Z Collecting pygments>=2.7.2 (from pytest)
2026-09-23T08:44:09.8662548Z   Downloading pygments-2.21.0-py3-none-any.whl.metadata (2.5 kB)
2026-09-23T08:44:09.8883108Z Downloading pytest-9.1.1-py3-none-any.whl (386 kB)
2026-09-23T08:44:09.9741250Z Downloading pluggy-1.6.0-py3-none-any.whl (20 kB)
2026-09-23T08:44:09.9930992Z Downloading iniconfig-2.3.0-py3-none-any.whl (7.5 kB)
2026-09-23T08:44:10.0121577Z Downloading packaging-26.3-py3-none-any.whl (129 kB)
2026-09-23T08:44:10.0333454Z Downloading pygments-2.21.0-py3-none-any.whl (1.3 MB)
2026-09-23T08:44:10.0860972Z    ââââââââââââââââââââââââââââââââââââââââ 1.3/1.3 MB 21.8 MB/s  0:00:00
2026-09-23T08:44:10.1444506Z Installing collected packages: pygments, pluggy, packaging, iniconfig, pytest
2026-09-23T08:44:11.1276857Z 
2026-09-23T08:44:11.1286497Z Successfully installed iniconfig-2.3.0 packaging-26.3 pluggy-1.6.0 pygments-2.21.0 pytest-9.1.1
2026-09-23T08:44:11.1838454Z ##[group]Run python automation/inject_mutation.py --error-type "FileNotFoundError"
2026-09-23T08:44:11.1839107Z [36;1mpython automation/inject_mutation.py --error-type "FileNotFoundError"[0m
2026-09-23T08:44:11.1882290Z shell: /usr/bin/bash -e {0}
2026-09-23T08:44:11.1882574Z env:
2026-09-23T08:44:11.1883100Z   pythonLocation: /opt/hostedtoolcache/Python/3.11.16/x64
2026-09-23T08:44:11.1883544Z   PKG_CONFIG_PATH: /opt/hostedtoolcache/Python/3.11.16/x64/lib/pkgconfig
2026-09-23T08:44:11.1883968Z   Python_ROOT_DIR: /opt/hostedtoolcache/Python/3.11.16/x64
2026-09-23T08:44:11.1884348Z   Python2_ROOT_DIR: /opt/hostedtoolcache/Python/3.11.16/x64
2026-09-23T08:44:11.1884739Z   Python3_ROOT_DIR: /opt/hostedtoolcache/Python/3.11.16/x64
2026-09-23T08:44:11.1885113Z   LD_LIBRARY_PATH: /opt/hostedtoolcache/Python/3.11.16/x64/lib
2026-09-23T08:44:11.1885464Z ##[endgroup]
2026-09-23T08:44:11.2218783Z [Mutation Injected] Successfully injected FileNotFoundError into tests/test_app.py
2026-09-23T08:44:11.2297136Z ##[group]Run pytest tests/test_app.py -v
2026-09-23T08:44:11.2297517Z [36;1mpytest tests/test_app.py -v[0m
2026-09-23T08:44:11.2339116Z shell: /usr/bin/bash -e {0}
2026-09-23T08:44:11.2339395Z env:
2026-09-23T08:44:11.2339689Z   pythonLocation: /opt/hostedtoolcache/Python/3.11.16/x64
2026-09-23T08:44:11.2340167Z   PKG_CONFIG_PATH: /opt/hostedtoolcache/Python/3.11.16/x64/lib/pkgconfig
2026-09-23T08:44:11.2340596Z   Python_ROOT_DIR: /opt/hostedtoolcache/Python/3.11.16/x64
2026-09-23T08:44:11.2340992Z   Python2_ROOT_DIR: /opt/hostedtoolcache/Python/3.11.16/x64
2026-09-23T08:44:11.2341375Z   Python3_ROOT_DIR: /opt/hostedtoolcache/Python/3.11.16/x64
2026-09-23T08:44:11.2341764Z   LD_LIBRARY_PATH: /opt/hostedtoolcache/Python/3.11.16/x64/lib
2026-09-23T08:44:11.2342097Z ##[endgroup]
2026-09-23T08:44:11.4637702Z ============================= test session starts ==============================
2026-09-23T08:44:11.4638976Z platform linux -- Python 3.11.16, pytest-9.1.1, pluggy-1.6.0 -- /opt/hostedtoolcache/Python/3.11.16/x64/bin/python
2026-09-23T08:44:11.4639834Z cachedir: .pytest_cache
2026-09-23T08:44:11.4640325Z rootdir: /home/runner/work/log-generation/log-generation
2026-09-23T08:44:11.4640875Z configfile: pytest.ini
2026-09-23T08:44:11.4722606Z collecting ... collected 6 items
2026-09-23T08:44:11.4723018Z 
2026-09-23T08:44:11.4732146Z tests/test_app.py::test_calculate_division PASSED                        [ 16%]
2026-09-23T08:44:11.4738920Z tests/test_app.py::test_convert_to_int PASSED                            [ 33%]
2026-09-23T08:44:11.4746012Z tests/test_app.py::test_get_list_item PASSED                             [ 50%]
2026-09-23T08:44:11.4752364Z tests/test_app.py::test_get_dict_value PASSED                            [ 66%]
2026-09-23T08:44:11.4758778Z tests/test_app.py::test_assert_positive PASSED                           [ 83%]
2026-09-23T08:44:11.5039175Z tests/test_app.py::test_file_not_found_error FAILED                      [100%]
2026-09-23T08:44:11.5039690Z 
2026-09-23T08:44:11.5039894Z =================================== FAILURES ===================================
2026-09-23T08:44:11.5040353Z __________________________ test_file_not_found_error ___________________________
2026-09-23T08:44:11.5040634Z 
2026-09-23T08:44:11.5040765Z     def test_file_not_found_error():
2026-09-23T08:44:11.5041093Z         """Injected synthetic FileNotFoundError."""
2026-09-23T08:44:11.5041432Z         from src.app import read_config_file
2026-09-23T08:44:11.5041999Z >       read_config_file("fixtures/non_existent_pipeline_config.json")
2026-09-23T08:44:11.5042446Z 
2026-09-23T08:44:11.5042586Z tests/test_app.py:137: 
2026-09-23T08:44:11.5043015Z _ _ _ _ _ _ _ _ _ _ _ _ _ _ _ _ _ _ _ _ _ _ _ _ _ _ _ _ _ _ _ _ _ _ _ _ _ _ _ _ 
2026-09-23T08:44:11.5043278Z 
2026-09-23T08:44:11.5043453Z path = 'fixtures/non_existent_pipeline_config.json'
2026-09-23T08:44:11.5043688Z 
2026-09-23T08:44:11.5043811Z     def read_config_file(path):
2026-09-23T08:44:11.5044090Z >       with open(path, "r") as f:
2026-09-23T08:44:11.5044362Z              ^^^^^^^^^^^^^^^
2026-09-23T08:44:11.5044856Z E       FileNotFoundError: [Errno 2] No such file or directory: 'fixtures/non_existent_pipeline_config.json'
2026-09-23T08:44:11.5045253Z 
2026-09-23T08:44:11.5045364Z src/app.py:17: FileNotFoundError
2026-09-23T08:44:11.5045862Z =========================== short test summary info ============================
2026-09-23T08:44:11.5046969Z FAILED tests/test_app.py::test_file_not_found_error - FileNotFoundError: [Errno 2] No such file or directory: 'fixtures/non_existent_pipeline_config.json'
2026-09-23T08:44:11.5047677Z ========================= 1 failed, 5 passed in 0.03s ==========================
2026-09-23T08:44:11.5251738Z ##[error]Process completed with exit code 1.
2026-09-23T08:44:11.5398174Z Node 20 is being deprecated. This workflow is running with Node 24 by default. If you need to temporarily use Node 20, you can set the ACTIONS_ALLOW_USE_UNSECURE_NODE_VERSION=true environment variable. For more information see: https://github.blog/changelog/2025-09-19-deprecation-of-node-20-on-github-actions-runners/
2026-09-23T08:44:11.5399361Z Post job cleanup.
2026-09-23T08:44:11.6297814Z [command]/usr/bin/git version
2026-09-23T08:44:11.6342448Z git version 2.55.0
2026-09-23T08:44:11.6380407Z Temporarily overriding HOME='/home/runner/work/_temp/3e723a42-12ac-496b-b9fd-3caf18980968' before making global git config changes
2026-09-23T08:44:11.6382313Z Adding repository directory to the temporary git global config as a safe directory
2026-09-23T08:44:11.6385283Z [command]/usr/bin/git config --global --add safe.directory /home/runner/work/log-generation/log-generation
2026-09-23T08:44:11.6427296Z [command]/usr/bin/git config --local --name-only --get-regexp core\.sshCommand
2026-09-23T08:44:11.6464572Z [command]/usr/bin/git submodule foreach --recursive sh -c "git config --local --name-only --get-regexp 'core\.sshCommand' && git config --local --unset-all 'core.sshCommand' || :"
2026-09-23T08:44:11.6747772Z [command]/usr/bin/git config --local --name-only --get-regexp http\.https\:\/\/github\.com\/\.extraheader
2026-09-23T08:44:11.6774787Z http.https://github.com/.extraheader
2026-09-23T08:44:11.6785331Z [command]/usr/bin/git config --local --unset-all http.https://github.com/.extraheader
2026-09-23T08:44:11.6821056Z [command]/usr/bin/git submodule foreach --recursive sh -c "git config --local --name-only --get-regexp 'http\.https\:\/\/github\.com\/\.extraheader' && git config --local --unset-all 'http.https://github.com/.extraheader' || :"
2026-09-23T08:44:11.7102908Z [command]/usr/bin/git config --local --name-only --get-regexp ^includeIf\.gitdir:
2026-09-23T08:44:11.7149085Z [command]/usr/bin/git submodule foreach --recursive git config --local --show-origin --name-only --get-regexp remote.origin.url
2026-09-23T08:44:11.7629219Z Cleaning up orphan processes
2026-09-23T08:44:11.7913502Z ##[warning]Node.js 20 is deprecated. The following actions target Node.js 20 but are being forced to run on Node.js 24: actions/checkout@v4, actions/setup-python@v5. For more information see: https://github.blog/changelog/2025-09-19-deprecation-of-node-20-on-github-actions-runners/
