ï»¿2026-09-23T08:45:19.2300806Z Current runner version: '2.337.0'
2026-09-23T08:45:19.2320708Z ##[group]Runner Image Provisioner
2026-09-23T08:45:19.2321464Z Hosted Compute Agent
2026-09-23T08:45:19.2321951Z Version: 20260828.587
2026-09-23T08:45:19.2322728Z Commit: abac92662cab4cc7352de4f9f9d2e2419aad9c29
2026-09-23T08:45:19.2323291Z Build Date: 2026-08-28T16:44:25Z
2026-09-23T08:45:19.2323832Z Worker ID: {279bfe80-3ae9-49a0-a0fc-c83c509e4369}
2026-09-23T08:45:19.2324367Z Azure Region: centralus
2026-09-23T08:45:19.2324809Z ##[endgroup]
2026-09-23T08:45:19.2326135Z ##[group]Operating System
2026-09-23T08:45:19.2326602Z Ubuntu
2026-09-23T08:45:19.2327009Z 24.04.5
2026-09-23T08:45:19.2327419Z LTS
2026-09-23T08:45:19.2328043Z ##[endgroup]
2026-09-23T08:45:19.2328510Z ##[group]Runner Image
2026-09-23T08:45:19.2328965Z Image: ubuntu-24.04
2026-09-23T08:45:19.2329397Z Version: 20260907.300.1
2026-09-23T08:45:19.2330363Z Included Software: https://github.com/actions/runner-images/blob/ubuntu24/20260907.300/images/ubuntu/Ubuntu2404-Readme.md
2026-09-23T08:45:19.2331583Z Image Release: https://github.com/actions/runner-images/releases/tag/ubuntu24%2F20260907.300
2026-09-23T08:45:19.2332305Z ##[endgroup]
2026-09-23T08:45:19.2333411Z ##[group]GITHUB_TOKEN Permissions
2026-09-23T08:45:19.2335272Z Contents: read
2026-09-23T08:45:19.2335764Z Metadata: read
2026-09-23T08:45:19.2336184Z Packages: read
2026-09-23T08:45:19.2336586Z ##[endgroup]
2026-09-23T08:45:19.2338307Z Secret source: Actions
2026-09-23T08:45:19.2338995Z Cache mode: write
2026-09-23T08:45:19.2339812Z Prepare workflow directory
2026-09-23T08:45:19.2595907Z Prepare all required actions
2026-09-23T08:45:19.2634235Z Getting action download info
2026-09-23T08:45:19.5276805Z Download action repository 'actions/checkout@v4' (SHA:11d5960a326750d5838078e36cf38b85af677262)
2026-09-23T08:45:19.6749099Z Download action repository 'actions/setup-python@v5' (SHA:a26af69be951a213d495a4c3e4e4022e16d87065)
2026-09-23T08:45:19.8399487Z Complete job name: test-f3 (KeyError #181)
2026-09-23T08:45:19.9022176Z Node 20 is being deprecated. This workflow is running with Node 24 by default. If you need to temporarily use Node 20, you can set the ACTIONS_ALLOW_USE_UNSECURE_NODE_VERSION=true environment variable. For more information see: https://github.blog/changelog/2025-09-19-deprecation-of-node-20-on-github-actions-runners/
2026-09-23T08:45:19.9031348Z ##[group]Run actions/checkout@v4
2026-09-23T08:45:19.9032209Z with:
2026-09-23T08:45:19.9033049Z   fetch-depth: 1
2026-09-23T08:45:19.9033661Z   repository: DhruvHegde/log-generation
2026-09-23T08:45:19.9038033Z   token: ***
2026-09-23T08:45:19.9038601Z   ssh-strict: true
2026-09-23T08:45:19.9039166Z   ssh-user: git
2026-09-23T08:45:19.9039858Z   persist-credentials: true
2026-09-23T08:45:19.9040484Z   clean: true
2026-09-23T08:45:19.9040996Z   sparse-checkout-cone-mode: true
2026-09-23T08:45:19.9041665Z   fetch-tags: false
2026-09-23T08:45:19.9042226Z   show-progress: true
2026-09-23T08:45:19.9043081Z   lfs: false
2026-09-23T08:45:19.9043778Z   submodules: false
2026-09-23T08:45:19.9044360Z   set-safe-directory: true
2026-09-23T08:45:19.9045021Z   allow-unsafe-pr-checkout: false
2026-09-23T08:45:19.9046063Z ##[endgroup]
2026-09-23T08:45:19.9859908Z Syncing repository: DhruvHegde/log-generation
2026-09-23T08:45:19.9861954Z ##[group]Getting Git version info
2026-09-23T08:45:19.9863207Z Working directory is '/home/runner/work/log-generation/log-generation'
2026-09-23T08:45:19.9864494Z [command]/usr/bin/git version
2026-09-23T08:45:20.2230262Z git version 2.55.0
2026-09-23T08:45:20.2246455Z ##[endgroup]
2026-09-23T08:45:20.2258565Z Temporarily overriding HOME='/home/runner/work/_temp/486df962-5ff7-4b98-bf50-da061f7523ae' before making global git config changes
2026-09-23T08:45:20.2260161Z Adding repository directory to the temporary git global config as a safe directory
2026-09-23T08:45:20.2262336Z [command]/usr/bin/git config --global --add safe.directory /home/runner/work/log-generation/log-generation
2026-09-23T08:45:20.2425826Z Deleting the contents of '/home/runner/work/log-generation/log-generation'
2026-09-23T08:45:20.2430285Z ##[group]Initializing the repository
2026-09-23T08:45:20.2433085Z [command]/usr/bin/git init /home/runner/work/log-generation/log-generation
2026-09-23T08:45:20.2586746Z hint: Using 'master' as the name for the initial branch. This default branch name
2026-09-23T08:45:20.2589912Z hint: will change to "main" in Git 3.0. To configure the initial branch name
2026-09-23T08:45:20.2591583Z hint: to use in all of your new repositories, which will suppress this warning,
2026-09-23T08:45:20.2593253Z hint: call:
2026-09-23T08:45:20.2593998Z hint:
2026-09-23T08:45:20.2595002Z hint: 	git config --global init.defaultBranch <name>
2026-09-23T08:45:20.2596083Z hint:
2026-09-23T08:45:20.2598484Z hint: Names commonly chosen instead of 'master' are 'main', 'trunk' and
2026-09-23T08:45:20.2600081Z hint: 'development'. The just-created branch can be renamed via this command:
2026-09-23T08:45:20.2606113Z hint:
2026-09-23T08:45:20.2607121Z hint: 	git branch -m <name>
2026-09-23T08:45:20.2607957Z hint:
2026-09-23T08:45:20.2609075Z hint: Disable this message with "git config set advice.defaultBranchName false"
2026-09-23T08:45:20.2610740Z Initialized empty Git repository in /home/runner/work/log-generation/log-generation/.git/
2026-09-23T08:45:20.2614166Z [command]/usr/bin/git remote add origin https://github.com/DhruvHegde/log-generation
2026-09-23T08:45:20.2987082Z ##[endgroup]
2026-09-23T08:45:20.2987878Z ##[group]Disabling automatic garbage collection
2026-09-23T08:45:20.2990286Z [command]/usr/bin/git config --local gc.auto 0
2026-09-23T08:45:20.3016115Z ##[endgroup]
2026-09-23T08:45:20.3016855Z ##[group]Setting up auth
2026-09-23T08:45:20.3020855Z [command]/usr/bin/git config --local --name-only --get-regexp core\.sshCommand
2026-09-23T08:45:20.3045121Z [command]/usr/bin/git submodule foreach --recursive sh -c "git config --local --name-only --get-regexp 'core\.sshCommand' && git config --local --unset-all 'core.sshCommand' || :"
2026-09-23T08:45:20.3752842Z [command]/usr/bin/git config --local --name-only --get-regexp http\.https\:\/\/github\.com\/\.extraheader
2026-09-23T08:45:20.3778844Z [command]/usr/bin/git submodule foreach --recursive sh -c "git config --local --name-only --get-regexp 'http\.https\:\/\/github\.com\/\.extraheader' && git config --local --unset-all 'http.https://github.com/.extraheader' || :"
2026-09-23T08:45:20.3933138Z [command]/usr/bin/git config --local --name-only --get-regexp ^includeIf\.gitdir:
2026-09-23T08:45:20.3958760Z [command]/usr/bin/git submodule foreach --recursive git config --local --show-origin --name-only --get-regexp remote.origin.url
2026-09-23T08:45:20.4112737Z [command]/usr/bin/git config --local http.https://github.com/.extraheader AUTHORIZATION: basic ***
2026-09-23T08:45:20.4155964Z ##[endgroup]
2026-09-23T08:45:20.4156763Z ##[group]Fetching the repository
2026-09-23T08:45:20.4163544Z [command]/usr/bin/git -c protocol.version=2 fetch --no-tags --prune --no-recurse-submodules --depth=1 origin +dfcb6f158e4bd8054252a4da5d0a9edc2ab15d57:refs/remotes/origin/feature/f3-test-failures
2026-09-23T08:45:20.8317309Z From https://github.com/DhruvHegde/log-generation
2026-09-23T08:45:20.8319389Z  * [new ref]         dfcb6f158e4bd8054252a4da5d0a9edc2ab15d57 -> origin/feature/f3-test-failures
2026-09-23T08:45:20.8324056Z ##[endgroup]
2026-09-23T08:45:20.8325314Z ##[group]Determining the checkout info
2026-09-23T08:45:20.8327023Z ##[endgroup]
2026-09-23T08:45:20.8327866Z [command]/usr/bin/git sparse-checkout disable
2026-09-23T08:45:20.8364621Z [command]/usr/bin/git config --local --unset-all extensions.worktreeConfig
2026-09-23T08:45:20.8386582Z ##[group]Checking out the ref
2026-09-23T08:45:20.8388990Z [command]/usr/bin/git checkout --progress --force -B feature/f3-test-failures refs/remotes/origin/feature/f3-test-failures
2026-09-23T08:45:20.8443934Z Switched to a new branch 'feature/f3-test-failures'
2026-09-23T08:45:20.8446605Z branch 'feature/f3-test-failures' set up to track 'origin/feature/f3-test-failures'.
2026-09-23T08:45:20.8450150Z ##[endgroup]
2026-09-23T08:45:20.8479530Z [command]/usr/bin/git log -1 --format=%H
2026-09-23T08:45:20.8497386Z dfcb6f158e4bd8054252a4da5d0a9edc2ab15d57
2026-09-23T08:45:20.8797123Z Node 20 is being deprecated. This workflow is running with Node 24 by default. If you need to temporarily use Node 20, you can set the ACTIONS_ALLOW_USE_UNSECURE_NODE_VERSION=true environment variable. For more information see: https://github.blog/changelog/2025-09-19-deprecation-of-node-20-on-github-actions-runners/
2026-09-23T08:45:20.8802047Z ##[group]Run actions/setup-python@v5
2026-09-23T08:45:20.8803257Z with:
2026-09-23T08:45:20.8804027Z   python-version: 3.11
2026-09-23T08:45:20.8804881Z   check-latest: false
2026-09-23T08:45:20.8812549Z   token: ***
2026-09-23T08:45:20.8813331Z   update-environment: true
2026-09-23T08:45:20.8814242Z   allow-prereleases: false
2026-09-23T08:45:20.8815198Z   freethreaded: false
2026-09-23T08:45:20.8816090Z ##[endgroup]
2026-09-23T08:45:20.9925273Z ##[group]Installed versions
2026-09-23T08:45:21.0624585Z (node:2019) [DEP0040] DeprecationWarning: The `punycode` module is deprecated. Please use a userland alternative instead.
2026-09-23T08:45:21.0627096Z (Use `node --trace-deprecation ...` to show where the warning was created)
2026-09-23T08:45:21.0628483Z Successfully set up CPython (3.11.16)
2026-09-23T08:45:21.0629948Z ##[endgroup]
2026-09-23T08:45:21.0796947Z ##[group]Run pip install --no-cache-dir pytest
2026-09-23T08:45:21.0798408Z [36;1mpip install --no-cache-dir pytest[0m
2026-09-23T08:45:21.0948313Z shell: /usr/bin/bash -e {0}
2026-09-23T08:45:21.0949212Z env:
2026-09-23T08:45:21.0950122Z   pythonLocation: /opt/hostedtoolcache/Python/3.11.16/x64
2026-09-23T08:45:21.0951493Z   PKG_CONFIG_PATH: /opt/hostedtoolcache/Python/3.11.16/x64/lib/pkgconfig
2026-09-23T08:45:21.0953147Z   Python_ROOT_DIR: /opt/hostedtoolcache/Python/3.11.16/x64
2026-09-23T08:45:21.0954469Z   Python2_ROOT_DIR: /opt/hostedtoolcache/Python/3.11.16/x64
2026-09-23T08:45:21.0955700Z   Python3_ROOT_DIR: /opt/hostedtoolcache/Python/3.11.16/x64
2026-09-23T08:45:21.0957001Z   LD_LIBRARY_PATH: /opt/hostedtoolcache/Python/3.11.16/x64/lib
2026-09-23T08:45:21.0958072Z ##[endgroup]
2026-09-23T08:45:22.9251855Z Collecting pytest
2026-09-23T08:45:23.0027244Z   Downloading pytest-9.1.1-py3-none-any.whl.metadata (7.6 kB)
2026-09-23T08:45:23.0164541Z Collecting iniconfig>=1.0.1 (from pytest)
2026-09-23T08:45:23.0296151Z   Downloading iniconfig-2.3.0-py3-none-any.whl.metadata (2.5 kB)
2026-09-23T08:45:23.0445729Z Collecting packaging>=22 (from pytest)
2026-09-23T08:45:23.0576188Z   Downloading packaging-26.3-py3-none-any.whl.metadata (3.5 kB)
2026-09-23T08:45:23.0706497Z Collecting pluggy<2,>=1.5 (from pytest)
2026-09-23T08:45:23.0835408Z   Downloading pluggy-1.6.0-py3-none-any.whl.metadata (4.8 kB)
2026-09-23T08:45:23.1010465Z Collecting pygments>=2.7.2 (from pytest)
2026-09-23T08:45:23.1140761Z   Downloading pygments-2.21.0-py3-none-any.whl.metadata (2.5 kB)
2026-09-23T08:45:23.1294864Z Downloading pytest-9.1.1-py3-none-any.whl (386 kB)
2026-09-23T08:45:23.1933117Z Downloading pluggy-1.6.0-py3-none-any.whl (20 kB)
2026-09-23T08:45:23.2063675Z Downloading iniconfig-2.3.0-py3-none-any.whl (7.5 kB)
2026-09-23T08:45:23.2194424Z Downloading packaging-26.3-py3-none-any.whl (129 kB)
2026-09-23T08:45:23.2341176Z Downloading pygments-2.21.0-py3-none-any.whl (1.3 MB)
2026-09-23T08:45:23.2717645Z    ââââââââââââââââââââââââââââââââââââââââ 1.3/1.3 MB 31.2 MB/s  0:00:00
2026-09-23T08:45:23.4103524Z Installing collected packages: pygments, pluggy, packaging, iniconfig, pytest
2026-09-23T08:45:24.2207282Z 
2026-09-23T08:45:24.2215129Z Successfully installed iniconfig-2.3.0 packaging-26.3 pluggy-1.6.0 pygments-2.21.0 pytest-9.1.1
2026-09-23T08:45:24.2797996Z ##[group]Run python automation/inject_mutation.py --error-type "KeyError"
2026-09-23T08:45:24.2798491Z [36;1mpython automation/inject_mutation.py --error-type "KeyError"[0m
2026-09-23T08:45:24.2819597Z shell: /usr/bin/bash -e {0}
2026-09-23T08:45:24.2819883Z env:
2026-09-23T08:45:24.2820157Z   pythonLocation: /opt/hostedtoolcache/Python/3.11.16/x64
2026-09-23T08:45:24.2820708Z   PKG_CONFIG_PATH: /opt/hostedtoolcache/Python/3.11.16/x64/lib/pkgconfig
2026-09-23T08:45:24.2821054Z   Python_ROOT_DIR: /opt/hostedtoolcache/Python/3.11.16/x64
2026-09-23T08:45:24.2821395Z   Python2_ROOT_DIR: /opt/hostedtoolcache/Python/3.11.16/x64
2026-09-23T08:45:24.2821723Z   Python3_ROOT_DIR: /opt/hostedtoolcache/Python/3.11.16/x64
2026-09-23T08:45:24.2822027Z   LD_LIBRARY_PATH: /opt/hostedtoolcache/Python/3.11.16/x64/lib
2026-09-23T08:45:24.2822791Z ##[endgroup]
2026-09-23T08:45:24.3032143Z [Mutation Injected] Successfully injected KeyError into tests/test_app.py
2026-09-23T08:45:24.3088073Z ##[group]Run pytest tests/test_app.py -v
2026-09-23T08:45:24.3088458Z [36;1mpytest tests/test_app.py -v[0m
2026-09-23T08:45:24.3104882Z shell: /usr/bin/bash -e {0}
2026-09-23T08:45:24.3105133Z env:
2026-09-23T08:45:24.3105415Z   pythonLocation: /opt/hostedtoolcache/Python/3.11.16/x64
2026-09-23T08:45:24.3105769Z   PKG_CONFIG_PATH: /opt/hostedtoolcache/Python/3.11.16/x64/lib/pkgconfig
2026-09-23T08:45:24.3106121Z   Python_ROOT_DIR: /opt/hostedtoolcache/Python/3.11.16/x64
2026-09-23T08:45:24.3106452Z   Python2_ROOT_DIR: /opt/hostedtoolcache/Python/3.11.16/x64
2026-09-23T08:45:24.3106752Z   Python3_ROOT_DIR: /opt/hostedtoolcache/Python/3.11.16/x64
2026-09-23T08:45:24.3107051Z   LD_LIBRARY_PATH: /opt/hostedtoolcache/Python/3.11.16/x64/lib
2026-09-23T08:45:24.3107330Z ##[endgroup]
2026-09-23T08:45:24.7259975Z ============================= test session starts ==============================
2026-09-23T08:45:24.7260884Z platform linux -- Python 3.11.16, pytest-9.1.1, pluggy-1.6.0 -- /opt/hostedtoolcache/Python/3.11.16/x64/bin/python
2026-09-23T08:45:24.7261306Z cachedir: .pytest_cache
2026-09-23T08:45:24.7261593Z rootdir: /home/runner/work/log-generation/log-generation
2026-09-23T08:45:24.7261942Z configfile: pytest.ini
2026-09-23T08:45:24.7338811Z collecting ... collected 6 items
2026-09-23T08:45:24.7339108Z 
2026-09-23T08:45:24.7347459Z tests/test_app.py::test_calculate_division PASSED                        [ 16%]
2026-09-23T08:45:24.7353263Z tests/test_app.py::test_convert_to_int PASSED                            [ 33%]
2026-09-23T08:45:24.7358516Z tests/test_app.py::test_get_list_item PASSED                             [ 50%]
2026-09-23T08:45:24.7363817Z tests/test_app.py::test_get_dict_value PASSED                            [ 66%]
2026-09-23T08:45:24.7369031Z tests/test_app.py::test_assert_positive PASSED                           [ 83%]
2026-09-23T08:45:24.7574583Z tests/test_app.py::test_key_error FAILED                                 [100%]
2026-09-23T08:45:24.7575819Z 
2026-09-23T08:45:24.7576814Z =================================== FAILURES ===================================
2026-09-23T08:45:24.7577447Z ________________________________ test_key_error ________________________________
2026-09-23T08:45:24.7577806Z 
2026-09-23T08:45:24.7577925Z     def test_key_error():
2026-09-23T08:45:24.7578352Z         """Injected synthetic KeyError."""
2026-09-23T08:45:24.7578834Z         from src.app import get_dict_value
2026-09-23T08:45:24.7579201Z         config = {"env": "staging", "retries": 3}
2026-09-23T08:45:24.7579694Z >       get_dict_value(config, "missing_auth_token")
2026-09-23T08:45:24.7579944Z 
2026-09-23T08:45:24.7580099Z tests/test_app.py:138: 
2026-09-23T08:45:24.7580495Z _ _ _ _ _ _ _ _ _ _ _ _ _ _ _ _ _ _ _ _ _ _ _ _ _ _ _ _ _ _ _ _ _ _ _ _ _ _ _ _ 
2026-09-23T08:45:24.7580769Z 
2026-09-23T08:45:24.7580974Z d = {'env': 'staging', 'retries': 3}, key = 'missing_auth_token'
2026-09-23T08:45:24.7581269Z 
2026-09-23T08:45:24.7581389Z     def get_dict_value(d, key):
2026-09-23T08:45:24.7581771Z >       return d[key]
2026-09-23T08:45:24.7582069Z                ^^^^^^
2026-09-23T08:45:24.7582856Z E       KeyError: 'missing_auth_token'
2026-09-23T08:45:24.7583084Z 
2026-09-23T08:45:24.7583244Z src/app.py:11: KeyError
2026-09-23T08:45:24.7583617Z =========================== short test summary info ============================
2026-09-23T08:45:24.7584589Z FAILED tests/test_app.py::test_key_error - KeyError: 'missing_auth_token'
2026-09-23T08:45:24.7585173Z ========================= 1 failed, 5 passed in 0.02s ==========================
2026-09-23T08:45:24.7773523Z ##[error]Process completed with exit code 1.
2026-09-23T08:45:24.7887158Z Node 20 is being deprecated. This workflow is running with Node 24 by default. If you need to temporarily use Node 20, you can set the ACTIONS_ALLOW_USE_UNSECURE_NODE_VERSION=true environment variable. For more information see: https://github.blog/changelog/2025-09-19-deprecation-of-node-20-on-github-actions-runners/
2026-09-23T08:45:24.7888024Z Post job cleanup.
2026-09-23T08:45:24.8527824Z [command]/usr/bin/git version
2026-09-23T08:45:24.8561004Z git version 2.55.0
2026-09-23T08:45:24.8593112Z Temporarily overriding HOME='/home/runner/work/_temp/bce86316-5b5a-474f-85d6-ba808253f30b' before making global git config changes
2026-09-23T08:45:24.8593840Z Adding repository directory to the temporary git global config as a safe directory
2026-09-23T08:45:24.8597868Z [command]/usr/bin/git config --global --add safe.directory /home/runner/work/log-generation/log-generation
2026-09-23T08:45:24.8629204Z [command]/usr/bin/git config --local --name-only --get-regexp core\.sshCommand
2026-09-23T08:45:24.8653688Z [command]/usr/bin/git submodule foreach --recursive sh -c "git config --local --name-only --get-regexp 'core\.sshCommand' && git config --local --unset-all 'core.sshCommand' || :"
2026-09-23T08:45:24.8843704Z [command]/usr/bin/git config --local --name-only --get-regexp http\.https\:\/\/github\.com\/\.extraheader
2026-09-23T08:45:24.9527133Z http.https://github.com/.extraheader
2026-09-23T08:45:24.9536711Z [command]/usr/bin/git config --local --unset-all http.https://github.com/.extraheader
2026-09-23T08:45:24.9564395Z [command]/usr/bin/git submodule foreach --recursive sh -c "git config --local --name-only --get-regexp 'http\.https\:\/\/github\.com\/\.extraheader' && git config --local --unset-all 'http.https://github.com/.extraheader' || :"
2026-09-23T08:45:24.9717519Z [command]/usr/bin/git config --local --name-only --get-regexp ^includeIf\.gitdir:
2026-09-23T08:45:24.9740911Z [command]/usr/bin/git submodule foreach --recursive git config --local --show-origin --name-only --get-regexp remote.origin.url
2026-09-23T08:45:24.9999050Z Cleaning up orphan processes
2026-09-23T08:45:25.0207007Z ##[warning]Node.js 20 is deprecated. The following actions target Node.js 20 but are being forced to run on Node.js 24: actions/checkout@v4, actions/setup-python@v5. For more information see: https://github.blog/changelog/2025-09-19-deprecation-of-node-20-on-github-actions-runners/
