ï»¿2026-09-23T08:49:39.6612828Z Current runner version: '2.337.0'
2026-09-23T08:49:39.6642421Z ##[group]Runner Image Provisioner
2026-09-23T08:49:39.6643530Z Hosted Compute Agent
2026-09-23T08:49:39.6644224Z Version: 20260828.587
2026-09-23T08:49:39.6645151Z Commit: abac92662cab4cc7352de4f9f9d2e2419aad9c29
2026-09-23T08:49:39.6646216Z Build Date: 2026-08-28T16:44:25Z
2026-09-23T08:49:39.6647133Z Worker ID: {5342d95f-0666-43e1-ba51-135f6ad35703}
2026-09-23T08:49:39.6648022Z Azure Region: eastus
2026-09-23T08:49:39.6648730Z ##[endgroup]
2026-09-23T08:49:39.6650879Z ##[group]Operating System
2026-09-23T08:49:39.6651686Z Ubuntu
2026-09-23T08:49:39.6652837Z 24.04.5
2026-09-23T08:49:39.6653483Z LTS
2026-09-23T08:49:39.6654140Z ##[endgroup]
2026-09-23T08:49:39.6654855Z ##[group]Runner Image
2026-09-23T08:49:39.6655568Z Image: ubuntu-24.04
2026-09-23T08:49:39.6656492Z Version: 20260907.300.1
2026-09-23T08:49:39.6658098Z Included Software: https://github.com/actions/runner-images/blob/ubuntu24/20260907.300/images/ubuntu/Ubuntu2404-Readme.md
2026-09-23T08:49:39.6660184Z Image Release: https://github.com/actions/runner-images/releases/tag/ubuntu24%2F20260907.300
2026-09-23T08:49:39.6661417Z ##[endgroup]
2026-09-23T08:49:39.6662893Z ##[group]GITHUB_TOKEN Permissions
2026-09-23T08:49:39.6665297Z Contents: read
2026-09-23T08:49:39.6666180Z Metadata: read
2026-09-23T08:49:39.6666819Z Packages: read
2026-09-23T08:49:39.6667574Z ##[endgroup]
2026-09-23T08:49:39.6669975Z Secret source: Actions
2026-09-23T08:49:39.6671153Z Cache mode: write
2026-09-23T08:49:39.6672354Z Prepare workflow directory
2026-09-23T08:49:39.7044322Z Prepare all required actions
2026-09-23T08:49:39.7100826Z Getting action download info
2026-09-23T08:49:39.8541885Z Download action repository 'actions/checkout@v4' (SHA:11d5960a326750d5838078e36cf38b85af677262)
2026-09-23T08:49:39.9636239Z Download action repository 'actions/setup-python@v5' (SHA:a26af69be951a213d495a4c3e4e4022e16d87065)
2026-09-23T08:49:40.1442475Z Complete job name: test-f3 (FileNotFoundError #175)
2026-09-23T08:49:40.2045521Z Node 20 is being deprecated. This workflow is running with Node 24 by default. If you need to temporarily use Node 20, you can set the ACTIONS_ALLOW_USE_UNSECURE_NODE_VERSION=true environment variable. For more information see: https://github.blog/changelog/2025-09-19-deprecation-of-node-20-on-github-actions-runners/
2026-09-23T08:49:40.2052341Z ##[group]Run actions/checkout@v4
2026-09-23T08:49:40.2052882Z with:
2026-09-23T08:49:40.2053219Z   fetch-depth: 1
2026-09-23T08:49:40.2053601Z   repository: DhruvHegde/log-generation
2026-09-23T08:49:40.2057021Z   token: ***
2026-09-23T08:49:40.2057368Z   ssh-strict: true
2026-09-23T08:49:40.2057719Z   ssh-user: git
2026-09-23T08:49:40.2058074Z   persist-credentials: true
2026-09-23T08:49:40.2058456Z   clean: true
2026-09-23T08:49:40.2058810Z   sparse-checkout-cone-mode: true
2026-09-23T08:49:40.2059219Z   fetch-tags: false
2026-09-23T08:49:40.2059577Z   show-progress: true
2026-09-23T08:49:40.2059925Z   lfs: false
2026-09-23T08:49:40.2060293Z   submodules: false
2026-09-23T08:49:40.2060669Z   set-safe-directory: true
2026-09-23T08:49:40.2061067Z   allow-unsafe-pr-checkout: false
2026-09-23T08:49:40.2061632Z ##[endgroup]
2026-09-23T08:49:40.2887323Z Syncing repository: DhruvHegde/log-generation
2026-09-23T08:49:40.2889409Z ##[group]Getting Git version info
2026-09-23T08:49:40.2890343Z Working directory is '/home/runner/work/log-generation/log-generation'
2026-09-23T08:49:40.2891627Z [command]/usr/bin/git version
2026-09-23T08:49:40.5533413Z git version 2.55.0
2026-09-23T08:49:40.5551049Z ##[endgroup]
2026-09-23T08:49:40.5565144Z Temporarily overriding HOME='/home/runner/work/_temp/ed1bdefa-6d7a-430d-a6ff-86cae92ea715' before making global git config changes
2026-09-23T08:49:40.5567207Z Adding repository directory to the temporary git global config as a safe directory
2026-09-23T08:49:40.5570330Z [command]/usr/bin/git config --global --add safe.directory /home/runner/work/log-generation/log-generation
2026-09-23T08:49:40.5624252Z Deleting the contents of '/home/runner/work/log-generation/log-generation'
2026-09-23T08:49:40.5628151Z ##[group]Initializing the repository
2026-09-23T08:49:40.5631956Z [command]/usr/bin/git init /home/runner/work/log-generation/log-generation
2026-09-23T08:49:40.5739844Z hint: Using 'master' as the name for the initial branch. This default branch name
2026-09-23T08:49:40.5741149Z hint: will change to "main" in Git 3.0. To configure the initial branch name
2026-09-23T08:49:40.5742307Z hint: to use in all of your new repositories, which will suppress this warning,
2026-09-23T08:49:40.5743172Z hint: call:
2026-09-23T08:49:40.5743493Z hint:
2026-09-23T08:49:40.5743936Z hint: 	git config --global init.defaultBranch <name>
2026-09-23T08:49:40.5744559Z hint:
2026-09-23T08:49:40.5745045Z hint: Names commonly chosen instead of 'master' are 'main', 'trunk' and
2026-09-23T08:49:40.5746008Z hint: 'development'. The just-created branch can be renamed via this command:
2026-09-23T08:49:40.5746610Z hint:
2026-09-23T08:49:40.5746991Z hint: 	git branch -m <name>
2026-09-23T08:49:40.5747387Z hint:
2026-09-23T08:49:40.5747879Z hint: Disable this message with "git config set advice.defaultBranchName false"
2026-09-23T08:49:40.5748963Z Initialized empty Git repository in /home/runner/work/log-generation/log-generation/.git/
2026-09-23T08:49:40.5750942Z [command]/usr/bin/git remote add origin https://github.com/DhruvHegde/log-generation
2026-09-23T08:49:40.7013944Z ##[endgroup]
2026-09-23T08:49:40.7014599Z ##[group]Disabling automatic garbage collection
2026-09-23T08:49:40.7018105Z [command]/usr/bin/git config --local gc.auto 0
2026-09-23T08:49:40.7113323Z ##[endgroup]
2026-09-23T08:49:40.7113941Z ##[group]Setting up auth
2026-09-23T08:49:40.7119698Z [command]/usr/bin/git config --local --name-only --get-regexp core\.sshCommand
2026-09-23T08:49:40.7150263Z [command]/usr/bin/git submodule foreach --recursive sh -c "git config --local --name-only --get-regexp 'core\.sshCommand' && git config --local --unset-all 'core.sshCommand' || :"
2026-09-23T08:49:40.7833732Z [command]/usr/bin/git config --local --name-only --get-regexp http\.https\:\/\/github\.com\/\.extraheader
2026-09-23T08:49:40.7864409Z [command]/usr/bin/git submodule foreach --recursive sh -c "git config --local --name-only --get-regexp 'http\.https\:\/\/github\.com\/\.extraheader' && git config --local --unset-all 'http.https://github.com/.extraheader' || :"
2026-09-23T08:49:40.8053176Z [command]/usr/bin/git config --local --name-only --get-regexp ^includeIf\.gitdir:
2026-09-23T08:49:40.8083139Z [command]/usr/bin/git submodule foreach --recursive git config --local --show-origin --name-only --get-regexp remote.origin.url
2026-09-23T08:49:40.8271278Z [command]/usr/bin/git config --local http.https://github.com/.extraheader AUTHORIZATION: basic ***
2026-09-23T08:49:40.8302587Z ##[endgroup]
2026-09-23T08:49:40.8303440Z ##[group]Fetching the repository
2026-09-23T08:49:40.8310947Z [command]/usr/bin/git -c protocol.version=2 fetch --no-tags --prune --no-recurse-submodules --depth=1 origin +43f20917de93b9aad51cf79a69ad5239c5632917:refs/remotes/origin/feature/f3-test-failures
2026-09-23T08:49:41.1811557Z From https://github.com/DhruvHegde/log-generation
2026-09-23T08:49:41.1814078Z  * [new ref]         43f20917de93b9aad51cf79a69ad5239c5632917 -> origin/feature/f3-test-failures
2026-09-23T08:49:41.1818064Z ##[endgroup]
2026-09-23T08:49:41.1819486Z ##[group]Determining the checkout info
2026-09-23T08:49:41.1821013Z ##[endgroup]
2026-09-23T08:49:41.1822616Z [command]/usr/bin/git sparse-checkout disable
2026-09-23T08:49:41.1866900Z [command]/usr/bin/git config --local --unset-all extensions.worktreeConfig
2026-09-23T08:49:41.1894971Z ##[group]Checking out the ref
2026-09-23T08:49:41.1899304Z [command]/usr/bin/git checkout --progress --force -B feature/f3-test-failures refs/remotes/origin/feature/f3-test-failures
2026-09-23T08:49:41.2263564Z Switched to a new branch 'feature/f3-test-failures'
2026-09-23T08:49:41.2267240Z branch 'feature/f3-test-failures' set up to track 'origin/feature/f3-test-failures'.
2026-09-23T08:49:41.2274450Z ##[endgroup]
2026-09-23T08:49:41.2313537Z [command]/usr/bin/git log -1 --format=%H
2026-09-23T08:49:41.2337284Z 43f20917de93b9aad51cf79a69ad5239c5632917
2026-09-23T08:49:41.2638488Z Node 20 is being deprecated. This workflow is running with Node 24 by default. If you need to temporarily use Node 20, you can set the ACTIONS_ALLOW_USE_UNSECURE_NODE_VERSION=true environment variable. For more information see: https://github.blog/changelog/2025-09-19-deprecation-of-node-20-on-github-actions-runners/
2026-09-23T08:49:41.2642896Z ##[group]Run actions/setup-python@v5
2026-09-23T08:49:41.2643824Z with:
2026-09-23T08:49:41.2644537Z   python-version: 3.11
2026-09-23T08:49:41.2645347Z   check-latest: false
2026-09-23T08:49:41.2653019Z   token: ***
2026-09-23T08:49:41.2653779Z   update-environment: true
2026-09-23T08:49:41.2654659Z   allow-prereleases: false
2026-09-23T08:49:41.2655523Z   freethreaded: false
2026-09-23T08:49:41.2656377Z ##[endgroup]
2026-09-23T08:49:41.3738723Z ##[group]Installed versions
2026-09-23T08:49:41.3983890Z (node:2060) [DEP0040] DeprecationWarning: The `punycode` module is deprecated. Please use a userland alternative instead.
2026-09-23T08:49:41.3986490Z (Use `node --trace-deprecation ...` to show where the warning was created)
2026-09-23T08:49:41.3988354Z Successfully set up CPython (3.11.16)
2026-09-23T08:49:41.3990479Z ##[endgroup]
2026-09-23T08:49:41.4150466Z ##[group]Run pip install --no-cache-dir pytest
2026-09-23T08:49:41.4151742Z [36;1mpip install --no-cache-dir pytest[0m
2026-09-23T08:49:41.4302071Z shell: /usr/bin/bash -e {0}
2026-09-23T08:49:41.4303018Z env:
2026-09-23T08:49:41.4303924Z   pythonLocation: /opt/hostedtoolcache/Python/3.11.16/x64
2026-09-23T08:49:41.4305356Z   PKG_CONFIG_PATH: /opt/hostedtoolcache/Python/3.11.16/x64/lib/pkgconfig
2026-09-23T08:49:41.4307015Z   Python_ROOT_DIR: /opt/hostedtoolcache/Python/3.11.16/x64
2026-09-23T08:49:41.4366922Z   Python2_ROOT_DIR: /opt/hostedtoolcache/Python/3.11.16/x64
2026-09-23T08:49:41.4368377Z   Python3_ROOT_DIR: /opt/hostedtoolcache/Python/3.11.16/x64
2026-09-23T08:49:41.4369710Z   LD_LIBRARY_PATH: /opt/hostedtoolcache/Python/3.11.16/x64/lib
2026-09-23T08:49:41.4370830Z ##[endgroup]
2026-09-23T08:49:44.6003900Z Collecting pytest
2026-09-23T08:49:44.6429608Z   Downloading pytest-9.1.1-py3-none-any.whl.metadata (7.6 kB)
2026-09-23T08:49:44.6499106Z Collecting iniconfig>=1.0.1 (from pytest)
2026-09-23T08:49:44.6529423Z   Downloading iniconfig-2.3.0-py3-none-any.whl.metadata (2.5 kB)
2026-09-23T08:49:44.6611144Z Collecting packaging>=22 (from pytest)
2026-09-23T08:49:44.6647003Z   Downloading packaging-26.3-py3-none-any.whl.metadata (3.5 kB)
2026-09-23T08:49:44.6711765Z Collecting pluggy<2,>=1.5 (from pytest)
2026-09-23T08:49:44.6742606Z   Downloading pluggy-1.6.0-py3-none-any.whl.metadata (4.8 kB)
2026-09-23T08:49:44.6843125Z Collecting pygments>=2.7.2 (from pytest)
2026-09-23T08:49:44.6873482Z   Downloading pygments-2.21.0-py3-none-any.whl.metadata (2.5 kB)
2026-09-23T08:49:44.6921783Z Downloading pytest-9.1.1-py3-none-any.whl (386 kB)
2026-09-23T08:49:44.7067615Z Downloading pluggy-1.6.0-py3-none-any.whl (20 kB)
2026-09-23T08:49:44.7096209Z Downloading iniconfig-2.3.0-py3-none-any.whl (7.5 kB)
2026-09-23T08:49:44.7123471Z Downloading packaging-26.3-py3-none-any.whl (129 kB)
2026-09-23T08:49:44.7156161Z Downloading pygments-2.21.0-py3-none-any.whl (1.3 MB)
2026-09-23T08:49:44.7272041Z    ââââââââââââââââââââââââââââââââââââââââ 1.3/1.3 MB 136.9 MB/s  0:00:00
2026-09-23T08:49:44.8068980Z Installing collected packages: pygments, pluggy, packaging, iniconfig, pytest
2026-09-23T08:49:45.9020949Z 
2026-09-23T08:49:45.9030388Z Successfully installed iniconfig-2.3.0 packaging-26.3 pluggy-1.6.0 pygments-2.21.0 pytest-9.1.1
2026-09-23T08:49:45.9601092Z ##[group]Run python automation/inject_mutation.py --error-type "FileNotFoundError"
2026-09-23T08:49:45.9601601Z [36;1mpython automation/inject_mutation.py --error-type "FileNotFoundError"[0m
2026-09-23T08:49:45.9637511Z shell: /usr/bin/bash -e {0}
2026-09-23T08:49:45.9637732Z env:
2026-09-23T08:49:45.9638161Z   pythonLocation: /opt/hostedtoolcache/Python/3.11.16/x64
2026-09-23T08:49:45.9638532Z   PKG_CONFIG_PATH: /opt/hostedtoolcache/Python/3.11.16/x64/lib/pkgconfig
2026-09-23T08:49:45.9638893Z   Python_ROOT_DIR: /opt/hostedtoolcache/Python/3.11.16/x64
2026-09-23T08:49:45.9639203Z   Python2_ROOT_DIR: /opt/hostedtoolcache/Python/3.11.16/x64
2026-09-23T08:49:45.9639502Z   Python3_ROOT_DIR: /opt/hostedtoolcache/Python/3.11.16/x64
2026-09-23T08:49:45.9639808Z   LD_LIBRARY_PATH: /opt/hostedtoolcache/Python/3.11.16/x64/lib
2026-09-23T08:49:45.9640067Z ##[endgroup]
2026-09-23T08:49:45.9901449Z [Mutation Injected] Successfully injected FileNotFoundError into tests/test_app.py
2026-09-23T08:49:45.9968072Z ##[group]Run pytest tests/test_app.py -v
2026-09-23T08:49:45.9968360Z [36;1mpytest tests/test_app.py -v[0m
2026-09-23T08:49:46.0003570Z shell: /usr/bin/bash -e {0}
2026-09-23T08:49:46.0003780Z env:
2026-09-23T08:49:46.0004014Z   pythonLocation: /opt/hostedtoolcache/Python/3.11.16/x64
2026-09-23T08:49:46.0004379Z   PKG_CONFIG_PATH: /opt/hostedtoolcache/Python/3.11.16/x64/lib/pkgconfig
2026-09-23T08:49:46.0004708Z   Python_ROOT_DIR: /opt/hostedtoolcache/Python/3.11.16/x64
2026-09-23T08:49:46.0005002Z   Python2_ROOT_DIR: /opt/hostedtoolcache/Python/3.11.16/x64
2026-09-23T08:49:46.0005290Z   Python3_ROOT_DIR: /opt/hostedtoolcache/Python/3.11.16/x64
2026-09-23T08:49:46.0005589Z   LD_LIBRARY_PATH: /opt/hostedtoolcache/Python/3.11.16/x64/lib
2026-09-23T08:49:46.0005989Z ##[endgroup]
2026-09-23T08:49:46.1952000Z ============================= test session starts ==============================
2026-09-23T08:49:46.1952884Z platform linux -- Python 3.11.16, pytest-9.1.1, pluggy-1.6.0 -- /opt/hostedtoolcache/Python/3.11.16/x64/bin/python
2026-09-23T08:49:46.1953570Z cachedir: .pytest_cache
2026-09-23T08:49:46.1953940Z rootdir: /home/runner/work/log-generation/log-generation
2026-09-23T08:49:46.1954342Z configfile: pytest.ini
2026-09-23T08:49:46.2021918Z collecting ... collected 6 items
2026-09-23T08:49:46.2022197Z 
2026-09-23T08:49:46.2029060Z tests/test_app.py::test_calculate_division PASSED                        [ 16%]
2026-09-23T08:49:46.2034295Z tests/test_app.py::test_convert_to_int PASSED                            [ 33%]
2026-09-23T08:49:46.2039753Z tests/test_app.py::test_get_list_item PASSED                             [ 50%]
2026-09-23T08:49:46.2044564Z tests/test_app.py::test_get_dict_value PASSED                            [ 66%]
2026-09-23T08:49:46.2049349Z tests/test_app.py::test_assert_positive PASSED                           [ 83%]
2026-09-23T08:49:46.2290398Z tests/test_app.py::test_file_not_found_error FAILED                      [100%]
2026-09-23T08:49:46.2290853Z 
2026-09-23T08:49:46.2291088Z =================================== FAILURES ===================================
2026-09-23T08:49:46.2291637Z __________________________ test_file_not_found_error ___________________________
2026-09-23T08:49:46.2292007Z 
2026-09-23T08:49:46.2292143Z     def test_file_not_found_error():
2026-09-23T08:49:46.2292536Z         """Injected synthetic FileNotFoundError."""
2026-09-23T08:49:46.2292971Z         from src.app import read_config_file
2026-09-23T08:49:46.2293453Z >       read_config_file("fixtures/non_existent_pipeline_config.json")
2026-09-23T08:49:46.2293821Z 
2026-09-23T08:49:46.2293946Z tests/test_app.py:139: 
2026-09-23T08:49:46.2294319Z _ _ _ _ _ _ _ _ _ _ _ _ _ _ _ _ _ _ _ _ _ _ _ _ _ _ _ _ _ _ _ _ _ _ _ _ _ _ _ _ 
2026-09-23T08:49:46.2294619Z 
2026-09-23T08:49:46.2294791Z path = 'fixtures/non_existent_pipeline_config.json'
2026-09-23T08:49:46.2295100Z 
2026-09-23T08:49:46.2295232Z     def read_config_file(path):
2026-09-23T08:49:46.2295556Z >       with open(path, "r") as f:
2026-09-23T08:49:46.2296050Z              ^^^^^^^^^^^^^^^
2026-09-23T08:49:46.2296593Z E       FileNotFoundError: [Errno 2] No such file or directory: 'fixtures/non_existent_pipeline_config.json'
2026-09-23T08:49:46.2297080Z 
2026-09-23T08:49:46.2297210Z src/app.py:17: FileNotFoundError
2026-09-23T08:49:46.2297629Z =========================== short test summary info ============================
2026-09-23T08:49:46.2298988Z FAILED tests/test_app.py::test_file_not_found_error - FileNotFoundError: [Errno 2] No such file or directory: 'fixtures/non_existent_pipeline_config.json'
2026-09-23T08:49:46.2299894Z ========================= 1 failed, 5 passed in 0.02s ==========================
2026-09-23T08:49:46.2480769Z ##[error]Process completed with exit code 1.
2026-09-23T08:49:46.2597234Z Node 20 is being deprecated. This workflow is running with Node 24 by default. If you need to temporarily use Node 20, you can set the ACTIONS_ALLOW_USE_UNSECURE_NODE_VERSION=true environment variable. For more information see: https://github.blog/changelog/2025-09-19-deprecation-of-node-20-on-github-actions-runners/
2026-09-23T08:49:46.2598170Z Post job cleanup.
2026-09-23T08:49:46.3293813Z [command]/usr/bin/git version
2026-09-23T08:49:46.3329737Z git version 2.55.0
2026-09-23T08:49:46.3359665Z Temporarily overriding HOME='/home/runner/work/_temp/12ae1361-df12-4a90-b8ad-ec0c93f2eaba' before making global git config changes
2026-09-23T08:49:46.3360788Z Adding repository directory to the temporary git global config as a safe directory
2026-09-23T08:49:46.3363427Z [command]/usr/bin/git config --global --add safe.directory /home/runner/work/log-generation/log-generation
2026-09-23T08:49:46.3395071Z [command]/usr/bin/git config --local --name-only --get-regexp core\.sshCommand
2026-09-23T08:49:46.3429026Z [command]/usr/bin/git submodule foreach --recursive sh -c "git config --local --name-only --get-regexp 'core\.sshCommand' && git config --local --unset-all 'core.sshCommand' || :"
2026-09-23T08:49:46.3637111Z [command]/usr/bin/git config --local --name-only --get-regexp http\.https\:\/\/github\.com\/\.extraheader
2026-09-23T08:49:46.3657923Z http.https://github.com/.extraheader
2026-09-23T08:49:46.3668585Z [command]/usr/bin/git config --local --unset-all http.https://github.com/.extraheader
2026-09-23T08:49:46.3697664Z [command]/usr/bin/git submodule foreach --recursive sh -c "git config --local --name-only --get-regexp 'http\.https\:\/\/github\.com\/\.extraheader' && git config --local --unset-all 'http.https://github.com/.extraheader' || :"
2026-09-23T08:49:46.3923490Z [command]/usr/bin/git config --local --name-only --get-regexp ^includeIf\.gitdir:
2026-09-23T08:49:46.3956450Z [command]/usr/bin/git submodule foreach --recursive git config --local --show-origin --name-only --get-regexp remote.origin.url
2026-09-23T08:49:46.4284856Z Cleaning up orphan processes
2026-09-23T08:49:46.4510751Z ##[warning]Node.js 20 is deprecated. The following actions target Node.js 20 but are being forced to run on Node.js 24: actions/checkout@v4, actions/setup-python@v5. For more information see: https://github.blog/changelog/2025-09-19-deprecation-of-node-20-on-github-actions-runners/
