ï»¿2026-09-23T08:48:17.4878065Z Current runner version: '2.337.0'
2026-09-23T08:48:17.4900035Z ##[group]Runner Image Provisioner
2026-09-23T08:48:17.4900746Z Hosted Compute Agent
2026-09-23T08:48:17.4901229Z Version: 20260828.587
2026-09-23T08:48:17.4901825Z Commit: abac92662cab4cc7352de4f9f9d2e2419aad9c29
2026-09-23T08:48:17.4902427Z Build Date: 2026-08-28T16:44:25Z
2026-09-23T08:48:17.4902965Z Worker ID: {427145e8-adf3-463c-9988-4c88e1f81e9f}
2026-09-23T08:48:17.4903601Z Azure Region: westus
2026-09-23T08:48:17.4904107Z ##[endgroup]
2026-09-23T08:48:17.4905525Z ##[group]Operating System
2026-09-23T08:48:17.4906041Z Ubuntu
2026-09-23T08:48:17.4906622Z 24.04.5
2026-09-23T08:48:17.4907111Z LTS
2026-09-23T08:48:17.4907539Z ##[endgroup]
2026-09-23T08:48:17.4908359Z ##[group]Runner Image
2026-09-23T08:48:17.4908877Z Image: ubuntu-24.04
2026-09-23T08:48:17.4909389Z Version: 20260907.300.1
2026-09-23T08:48:17.4910444Z Included Software: https://github.com/actions/runner-images/blob/ubuntu24/20260907.300/images/ubuntu/Ubuntu2404-Readme.md
2026-09-23T08:48:17.4911772Z Image Release: https://github.com/actions/runner-images/releases/tag/ubuntu24%2F20260907.300
2026-09-23T08:48:17.4912587Z ##[endgroup]
2026-09-23T08:48:17.4913574Z ##[group]GITHUB_TOKEN Permissions
2026-09-23T08:48:17.4915366Z Contents: read
2026-09-23T08:48:17.4915883Z Metadata: read
2026-09-23T08:48:17.4916626Z Packages: read
2026-09-23T08:48:17.4917094Z ##[endgroup]
2026-09-23T08:48:17.4918807Z Secret source: Actions
2026-09-23T08:48:17.4919568Z Cache mode: write
2026-09-23T08:48:17.4920486Z Prepare workflow directory
2026-09-23T08:48:17.5491824Z Prepare all required actions
2026-09-23T08:48:17.5529909Z Getting action download info
2026-09-23T08:48:17.8817519Z Download action repository 'actions/checkout@v4' (SHA:11d5960a326750d5838078e36cf38b85af677262)
2026-09-23T08:48:18.3214633Z Download action repository 'actions/setup-python@v5' (SHA:a26af69be951a213d495a4c3e4e4022e16d87065)
2026-09-23T08:48:18.7570674Z Complete job name: test-f3 (TypeError #34)
2026-09-23T08:48:18.8188335Z Node 20 is being deprecated. This workflow is running with Node 24 by default. If you need to temporarily use Node 20, you can set the ACTIONS_ALLOW_USE_UNSECURE_NODE_VERSION=true environment variable. For more information see: https://github.blog/changelog/2025-09-19-deprecation-of-node-20-on-github-actions-runners/
2026-09-23T08:48:18.8195210Z ##[group]Run actions/checkout@v4
2026-09-23T08:48:18.8195798Z with:
2026-09-23T08:48:18.8196156Z   fetch-depth: 1
2026-09-23T08:48:18.8196719Z   repository: DhruvHegde/log-generation
2026-09-23T08:48:18.8200090Z   token: ***
2026-09-23T08:48:18.8200470Z   ssh-strict: true
2026-09-23T08:48:18.8200849Z   ssh-user: git
2026-09-23T08:48:18.8201226Z   persist-credentials: true
2026-09-23T08:48:18.8201637Z   clean: true
2026-09-23T08:48:18.8202011Z   sparse-checkout-cone-mode: true
2026-09-23T08:48:18.8202452Z   fetch-tags: false
2026-09-23T08:48:18.8202836Z   show-progress: true
2026-09-23T08:48:18.8203232Z   lfs: false
2026-09-23T08:48:18.8203636Z   submodules: false
2026-09-23T08:48:18.8204028Z   set-safe-directory: true
2026-09-23T08:48:18.8204456Z   allow-unsafe-pr-checkout: false
2026-09-23T08:48:18.8205197Z ##[endgroup]
2026-09-23T08:48:18.9008814Z Syncing repository: DhruvHegde/log-generation
2026-09-23T08:48:18.9010925Z ##[group]Getting Git version info
2026-09-23T08:48:18.9011980Z Working directory is '/home/runner/work/log-generation/log-generation'
2026-09-23T08:48:18.9013511Z [command]/usr/bin/git version
2026-09-23T08:48:18.9278586Z git version 2.55.0
2026-09-23T08:48:18.9296960Z ##[endgroup]
2026-09-23T08:48:18.9317010Z Temporarily overriding HOME='/home/runner/work/_temp/4087d436-967c-4f07-8a9b-aec2d678a313' before making global git config changes
2026-09-23T08:48:18.9318980Z Adding repository directory to the temporary git global config as a safe directory
2026-09-23T08:48:18.9321573Z [command]/usr/bin/git config --global --add safe.directory /home/runner/work/log-generation/log-generation
2026-09-23T08:48:18.9363170Z Deleting the contents of '/home/runner/work/log-generation/log-generation'
2026-09-23T08:48:18.9370337Z ##[group]Initializing the repository
2026-09-23T08:48:18.9371438Z [command]/usr/bin/git init /home/runner/work/log-generation/log-generation
2026-09-23T08:48:18.9679137Z hint: Using 'master' as the name for the initial branch. This default branch name
2026-09-23T08:48:18.9680798Z hint: will change to "main" in Git 3.0. To configure the initial branch name
2026-09-23T08:48:18.9691580Z hint: to use in all of your new repositories, which will suppress this warning,
2026-09-23T08:48:18.9693228Z hint: call:
2026-09-23T08:48:18.9693870Z hint:
2026-09-23T08:48:18.9694657Z hint: 	git config --global init.defaultBranch <name>
2026-09-23T08:48:18.9695588Z hint:
2026-09-23T08:48:18.9696657Z hint: Names commonly chosen instead of 'master' are 'main', 'trunk' and
2026-09-23T08:48:18.9698010Z hint: 'development'. The just-created branch can be renamed via this command:
2026-09-23T08:48:18.9699027Z hint:
2026-09-23T08:48:18.9700082Z hint: 	git branch -m <name>
2026-09-23T08:48:18.9700927Z hint:
2026-09-23T08:48:18.9701909Z hint: Disable this message with "git config set advice.defaultBranchName false"
2026-09-23T08:48:18.9703719Z Initialized empty Git repository in /home/runner/work/log-generation/log-generation/.git/
2026-09-23T08:48:18.9706472Z [command]/usr/bin/git remote add origin https://github.com/DhruvHegde/log-generation
2026-09-23T08:48:18.9824323Z ##[endgroup]
2026-09-23T08:48:18.9825422Z ##[group]Disabling automatic garbage collection
2026-09-23T08:48:18.9828299Z [command]/usr/bin/git config --local gc.auto 0
2026-09-23T08:48:18.9856851Z ##[endgroup]
2026-09-23T08:48:18.9857893Z ##[group]Setting up auth
2026-09-23T08:48:18.9862527Z [command]/usr/bin/git config --local --name-only --get-regexp core\.sshCommand
2026-09-23T08:48:18.9891173Z [command]/usr/bin/git submodule foreach --recursive sh -c "git config --local --name-only --get-regexp 'core\.sshCommand' && git config --local --unset-all 'core.sshCommand' || :"
2026-09-23T08:48:19.0168881Z [command]/usr/bin/git config --local --name-only --get-regexp http\.https\:\/\/github\.com\/\.extraheader
2026-09-23T08:48:19.0198796Z [command]/usr/bin/git submodule foreach --recursive sh -c "git config --local --name-only --get-regexp 'http\.https\:\/\/github\.com\/\.extraheader' && git config --local --unset-all 'http.https://github.com/.extraheader' || :"
2026-09-23T08:48:19.0390229Z [command]/usr/bin/git config --local --name-only --get-regexp ^includeIf\.gitdir:
2026-09-23T08:48:19.0421147Z [command]/usr/bin/git submodule foreach --recursive git config --local --show-origin --name-only --get-regexp remote.origin.url
2026-09-23T08:48:19.0611620Z [command]/usr/bin/git config --local http.https://github.com/.extraheader AUTHORIZATION: basic ***
2026-09-23T08:48:19.0643544Z ##[endgroup]
2026-09-23T08:48:19.0644279Z ##[group]Fetching the repository
2026-09-23T08:48:19.0651319Z [command]/usr/bin/git -c protocol.version=2 fetch --no-tags --prune --no-recurse-submodules --depth=1 origin +43f20917de93b9aad51cf79a69ad5239c5632917:refs/remotes/origin/feature/f3-test-failures
2026-09-23T08:48:19.5802648Z From https://github.com/DhruvHegde/log-generation
2026-09-23T08:48:19.5804260Z  * [new ref]         43f20917de93b9aad51cf79a69ad5239c5632917 -> origin/feature/f3-test-failures
2026-09-23T08:48:19.5818383Z ##[endgroup]
2026-09-23T08:48:19.5819469Z ##[group]Determining the checkout info
2026-09-23T08:48:19.5820736Z ##[endgroup]
2026-09-23T08:48:19.5827207Z [command]/usr/bin/git sparse-checkout disable
2026-09-23T08:48:19.5867341Z [command]/usr/bin/git config --local --unset-all extensions.worktreeConfig
2026-09-23T08:48:19.5895318Z ##[group]Checking out the ref
2026-09-23T08:48:19.5899228Z [command]/usr/bin/git checkout --progress --force -B feature/f3-test-failures refs/remotes/origin/feature/f3-test-failures
2026-09-23T08:48:19.6215193Z Switched to a new branch 'feature/f3-test-failures'
2026-09-23T08:48:19.6219112Z branch 'feature/f3-test-failures' set up to track 'origin/feature/f3-test-failures'.
2026-09-23T08:48:19.6225315Z ##[endgroup]
2026-09-23T08:48:19.6261836Z [command]/usr/bin/git log -1 --format=%H
2026-09-23T08:48:19.6284991Z 43f20917de93b9aad51cf79a69ad5239c5632917
2026-09-23T08:48:19.6577735Z Node 20 is being deprecated. This workflow is running with Node 24 by default. If you need to temporarily use Node 20, you can set the ACTIONS_ALLOW_USE_UNSECURE_NODE_VERSION=true environment variable. For more information see: https://github.blog/changelog/2025-09-19-deprecation-of-node-20-on-github-actions-runners/
2026-09-23T08:48:19.6582268Z ##[group]Run actions/setup-python@v5
2026-09-23T08:48:19.6583155Z with:
2026-09-23T08:48:19.6583836Z   python-version: 3.11
2026-09-23T08:48:19.6584603Z   check-latest: false
2026-09-23T08:48:19.6591702Z   token: ***
2026-09-23T08:48:19.6592421Z   update-environment: true
2026-09-23T08:48:19.6593249Z   allow-prereleases: false
2026-09-23T08:48:19.6594055Z   freethreaded: false
2026-09-23T08:48:19.6594789Z ##[endgroup]
2026-09-23T08:48:19.7639437Z ##[group]Installed versions
2026-09-23T08:48:19.7708584Z (node:2040) [DEP0040] DeprecationWarning: The `punycode` module is deprecated. Please use a userland alternative instead.
2026-09-23T08:48:19.7711769Z (Use `node --trace-deprecation ...` to show where the warning was created)
2026-09-23T08:48:19.7713094Z Successfully set up CPython (3.11.16)
2026-09-23T08:48:19.7714503Z ##[endgroup]
2026-09-23T08:48:19.7886479Z ##[group]Run pip install --no-cache-dir pytest
2026-09-23T08:48:19.7887761Z [36;1mpip install --no-cache-dir pytest[0m
2026-09-23T08:48:19.7942649Z shell: /usr/bin/bash -e {0}
2026-09-23T08:48:19.7943512Z env:
2026-09-23T08:48:19.7944387Z   pythonLocation: /opt/hostedtoolcache/Python/3.11.16/x64
2026-09-23T08:48:19.7945807Z   PKG_CONFIG_PATH: /opt/hostedtoolcache/Python/3.11.16/x64/lib/pkgconfig
2026-09-23T08:48:19.7947543Z   Python_ROOT_DIR: /opt/hostedtoolcache/Python/3.11.16/x64
2026-09-23T08:48:19.7949180Z   Python2_ROOT_DIR: /opt/hostedtoolcache/Python/3.11.16/x64
2026-09-23T08:48:19.7950501Z   Python3_ROOT_DIR: /opt/hostedtoolcache/Python/3.11.16/x64
2026-09-23T08:48:19.7951828Z   LD_LIBRARY_PATH: /opt/hostedtoolcache/Python/3.11.16/x64/lib
2026-09-23T08:48:19.7953464Z ##[endgroup]
2026-09-23T08:48:23.0237608Z Collecting pytest
2026-09-23T08:48:23.1124208Z   Downloading pytest-9.1.1-py3-none-any.whl.metadata (7.6 kB)
2026-09-23T08:48:23.1359906Z Collecting iniconfig>=1.0.1 (from pytest)
2026-09-23T08:48:23.1556042Z   Downloading iniconfig-2.3.0-py3-none-any.whl.metadata (2.5 kB)
2026-09-23T08:48:23.1802749Z Collecting packaging>=22 (from pytest)
2026-09-23T08:48:23.1995644Z   Downloading packaging-26.3-py3-none-any.whl.metadata (3.5 kB)
2026-09-23T08:48:23.2222836Z Collecting pluggy<2,>=1.5 (from pytest)
2026-09-23T08:48:23.2417676Z   Downloading pluggy-1.6.0-py3-none-any.whl.metadata (4.8 kB)
2026-09-23T08:48:23.2697246Z Collecting pygments>=2.7.2 (from pytest)
2026-09-23T08:48:23.2892533Z   Downloading pygments-2.21.0-py3-none-any.whl.metadata (2.5 kB)
2026-09-23T08:48:23.3109928Z Downloading pytest-9.1.1-py3-none-any.whl (386 kB)
2026-09-23T08:48:23.3946104Z Downloading pluggy-1.6.0-py3-none-any.whl (20 kB)
2026-09-23T08:48:23.4139300Z Downloading iniconfig-2.3.0-py3-none-any.whl (7.5 kB)
2026-09-23T08:48:23.4336836Z Downloading packaging-26.3-py3-none-any.whl (129 kB)
2026-09-23T08:48:23.4557657Z Downloading pygments-2.21.0-py3-none-any.whl (1.3 MB)
2026-09-23T08:48:23.5116370Z    ââââââââââââââââââââââââââââââââââââââââ 1.3/1.3 MB 20.4 MB/s  0:00:00
2026-09-23T08:48:23.6714458Z Installing collected packages: pygments, pluggy, packaging, iniconfig, pytest
2026-09-23T08:48:24.4367542Z 
2026-09-23T08:48:24.4377093Z Successfully installed iniconfig-2.3.0 packaging-26.3 pluggy-1.6.0 pygments-2.21.0 pytest-9.1.1
2026-09-23T08:48:24.4835791Z ##[group]Run python automation/inject_mutation.py --error-type "TypeError"
2026-09-23T08:48:24.4836497Z [36;1mpython automation/inject_mutation.py --error-type "TypeError"[0m
2026-09-23T08:48:24.4869057Z shell: /usr/bin/bash -e {0}
2026-09-23T08:48:24.4869273Z env:
2026-09-23T08:48:24.4869514Z   pythonLocation: /opt/hostedtoolcache/Python/3.11.16/x64
2026-09-23T08:48:24.4870057Z   PKG_CONFIG_PATH: /opt/hostedtoolcache/Python/3.11.16/x64/lib/pkgconfig
2026-09-23T08:48:24.4870387Z   Python_ROOT_DIR: /opt/hostedtoolcache/Python/3.11.16/x64
2026-09-23T08:48:24.4870683Z   Python2_ROOT_DIR: /opt/hostedtoolcache/Python/3.11.16/x64
2026-09-23T08:48:24.4870987Z   Python3_ROOT_DIR: /opt/hostedtoolcache/Python/3.11.16/x64
2026-09-23T08:48:24.4871282Z   LD_LIBRARY_PATH: /opt/hostedtoolcache/Python/3.11.16/x64/lib
2026-09-23T08:48:24.4871561Z ##[endgroup]
2026-09-23T08:48:24.5119744Z [Mutation Injected] Successfully injected TypeError into tests/test_app.py
2026-09-23T08:48:24.5174058Z ##[group]Run pytest tests/test_app.py -v
2026-09-23T08:48:24.5174348Z [36;1mpytest tests/test_app.py -v[0m
2026-09-23T08:48:24.5203594Z shell: /usr/bin/bash -e {0}
2026-09-23T08:48:24.5203800Z env:
2026-09-23T08:48:24.5204024Z   pythonLocation: /opt/hostedtoolcache/Python/3.11.16/x64
2026-09-23T08:48:24.5204373Z   PKG_CONFIG_PATH: /opt/hostedtoolcache/Python/3.11.16/x64/lib/pkgconfig
2026-09-23T08:48:24.5204710Z   Python_ROOT_DIR: /opt/hostedtoolcache/Python/3.11.16/x64
2026-09-23T08:48:24.5205002Z   Python2_ROOT_DIR: /opt/hostedtoolcache/Python/3.11.16/x64
2026-09-23T08:48:24.5205294Z   Python3_ROOT_DIR: /opt/hostedtoolcache/Python/3.11.16/x64
2026-09-23T08:48:24.5205592Z   LD_LIBRARY_PATH: /opt/hostedtoolcache/Python/3.11.16/x64/lib
2026-09-23T08:48:24.5205848Z ##[endgroup]
2026-09-23T08:48:24.9081795Z ============================= test session starts ==============================
2026-09-23T08:48:24.9082693Z platform linux -- Python 3.11.16, pytest-9.1.1, pluggy-1.6.0 -- /opt/hostedtoolcache/Python/3.11.16/x64/bin/python
2026-09-23T08:48:24.9083376Z cachedir: .pytest_cache
2026-09-23T08:48:24.9083760Z rootdir: /home/runner/work/log-generation/log-generation
2026-09-23T08:48:24.9084197Z configfile: pytest.ini
2026-09-23T08:48:24.9148535Z collecting ... collected 6 items
2026-09-23T08:48:24.9148831Z 
2026-09-23T08:48:24.9154722Z tests/test_app.py::test_calculate_division PASSED                        [ 16%]
2026-09-23T08:48:24.9160293Z tests/test_app.py::test_convert_to_int PASSED                            [ 33%]
2026-09-23T08:48:24.9165148Z tests/test_app.py::test_get_list_item PASSED                             [ 50%]
2026-09-23T08:48:24.9169897Z tests/test_app.py::test_get_dict_value PASSED                            [ 66%]
2026-09-23T08:48:24.9174109Z tests/test_app.py::test_assert_positive PASSED                           [ 83%]
2026-09-23T08:48:24.9413517Z tests/test_app.py::test_type_error FAILED                                [100%]
2026-09-23T08:48:24.9413948Z 
2026-09-23T08:48:24.9414139Z =================================== FAILURES ===================================
2026-09-23T08:48:24.9414647Z _______________________________ test_type_error ________________________________
2026-09-23T08:48:24.9414992Z 
2026-09-23T08:48:24.9415118Z     def test_type_error():
2026-09-23T08:48:24.9415431Z         """Injected synthetic TypeError."""
2026-09-23T08:48:24.9415858Z         from src.app import calculate_division
2026-09-23T08:48:24.9416442Z >       calculate_division("invalid_string", 5)
2026-09-23T08:48:24.9416714Z 
2026-09-23T08:48:24.9416857Z tests/test_app.py:139: 
2026-09-23T08:48:24.9417218Z _ _ _ _ _ _ _ _ _ _ _ _ _ _ _ _ _ _ _ _ _ _ _ _ _ _ _ _ _ _ _ _ _ _ _ _ _ _ _ _ 
2026-09-23T08:48:24.9417540Z 
2026-09-23T08:48:24.9417655Z a = 'invalid_string', b = 5
2026-09-23T08:48:24.9417848Z 
2026-09-23T08:48:24.9417968Z     def calculate_division(a, b):
2026-09-23T08:48:24.9418324Z >       return a / b
2026-09-23T08:48:24.9418587Z                ^^^^^
2026-09-23T08:48:24.9418959Z E       TypeError: unsupported operand type(s) for /: 'str' and 'int'
2026-09-23T08:48:24.9419296Z 
2026-09-23T08:48:24.9419422Z src/app.py:2: TypeError
2026-09-23T08:48:24.9419791Z =========================== short test summary info ============================
2026-09-23T08:48:24.9420509Z FAILED tests/test_app.py::test_type_error - TypeError: unsupported operand type(s) for /: 'str' and 'int'
2026-09-23T08:48:24.9421461Z ========================= 1 failed, 5 passed in 0.02s ==========================
2026-09-23T08:48:24.9581851Z ##[error]Process completed with exit code 1.
2026-09-23T08:48:24.9693758Z Node 20 is being deprecated. This workflow is running with Node 24 by default. If you need to temporarily use Node 20, you can set the ACTIONS_ALLOW_USE_UNSECURE_NODE_VERSION=true environment variable. For more information see: https://github.blog/changelog/2025-09-19-deprecation-of-node-20-on-github-actions-runners/
2026-09-23T08:48:24.9694667Z Post job cleanup.
2026-09-23T08:48:25.0417987Z [command]/usr/bin/git version
2026-09-23T08:48:25.0452836Z git version 2.55.0
2026-09-23T08:48:25.0483138Z Temporarily overriding HOME='/home/runner/work/_temp/4e1b5767-9e60-445c-a8a3-4ef64f51b359' before making global git config changes
2026-09-23T08:48:25.0484267Z Adding repository directory to the temporary git global config as a safe directory
2026-09-23T08:48:25.0488592Z [command]/usr/bin/git config --global --add safe.directory /home/runner/work/log-generation/log-generation
2026-09-23T08:48:25.0522273Z [command]/usr/bin/git config --local --name-only --get-regexp core\.sshCommand
2026-09-23T08:48:25.0552030Z [command]/usr/bin/git submodule foreach --recursive sh -c "git config --local --name-only --get-regexp 'core\.sshCommand' && git config --local --unset-all 'core.sshCommand' || :"
2026-09-23T08:48:25.0772905Z [command]/usr/bin/git config --local --name-only --get-regexp http\.https\:\/\/github\.com\/\.extraheader
2026-09-23T08:48:25.0795859Z http.https://github.com/.extraheader
2026-09-23T08:48:25.0804706Z [command]/usr/bin/git config --local --unset-all http.https://github.com/.extraheader
2026-09-23T08:48:25.0834342Z [command]/usr/bin/git submodule foreach --recursive sh -c "git config --local --name-only --get-regexp 'http\.https\:\/\/github\.com\/\.extraheader' && git config --local --unset-all 'http.https://github.com/.extraheader' || :"
2026-09-23T08:48:25.1044959Z [command]/usr/bin/git config --local --name-only --get-regexp ^includeIf\.gitdir:
2026-09-23T08:48:25.1079498Z [command]/usr/bin/git submodule foreach --recursive git config --local --show-origin --name-only --get-regexp remote.origin.url
2026-09-23T08:48:25.1415125Z Cleaning up orphan processes
2026-09-23T08:48:25.1649847Z ##[warning]Node.js 20 is deprecated. The following actions target Node.js 20 but are being forced to run on Node.js 24: actions/checkout@v4, actions/setup-python@v5. For more information see: https://github.blog/changelog/2025-09-19-deprecation-of-node-20-on-github-actions-runners/
