ï»¿2026-09-23T08:50:16.2479074Z Current runner version: '2.337.0'
2026-09-23T08:50:16.2498099Z ##[group]Runner Image Provisioner
2026-09-23T08:50:16.2498630Z Hosted Compute Agent
2026-09-23T08:50:16.2499006Z Version: 20260828.587
2026-09-23T08:50:16.2499437Z Commit: abac92662cab4cc7352de4f9f9d2e2419aad9c29
2026-09-23T08:50:16.2499875Z Build Date: 2026-08-28T16:44:25Z
2026-09-23T08:50:16.2500303Z Worker ID: {d5aa3687-531c-43d0-b96d-ed93e6a41434}
2026-09-23T08:50:16.2500766Z Azure Region: westus3
2026-09-23T08:50:16.2501127Z ##[endgroup]
2026-09-23T08:50:16.2502159Z ##[group]Operating System
2026-09-23T08:50:16.2502521Z Ubuntu
2026-09-23T08:50:16.2502868Z 24.04.5
2026-09-23T08:50:16.2503191Z LTS
2026-09-23T08:50:16.2503518Z ##[endgroup]
2026-09-23T08:50:16.2504174Z ##[group]Runner Image
2026-09-23T08:50:16.2504540Z Image: ubuntu-24.04
2026-09-23T08:50:16.2504940Z Version: 20260907.300.1
2026-09-23T08:50:16.2505745Z Included Software: https://github.com/actions/runner-images/blob/ubuntu24/20260907.300/images/ubuntu/Ubuntu2404-Readme.md
2026-09-23T08:50:16.2506771Z Image Release: https://github.com/actions/runner-images/releases/tag/ubuntu24%2F20260907.300
2026-09-23T08:50:16.2507343Z ##[endgroup]
2026-09-23T08:50:16.2508090Z ##[group]GITHUB_TOKEN Permissions
2026-09-23T08:50:16.2509514Z Contents: read
2026-09-23T08:50:16.2509887Z Metadata: read
2026-09-23T08:50:16.2510234Z Packages: read
2026-09-23T08:50:16.2510569Z ##[endgroup]
2026-09-23T08:50:16.2511978Z Secret source: Actions
2026-09-23T08:50:16.2512562Z Cache mode: write
2026-09-23T08:50:16.2513235Z Prepare workflow directory
2026-09-23T08:50:16.2760731Z Prepare all required actions
2026-09-23T08:50:16.2795058Z Getting action download info
2026-09-23T08:50:16.5797821Z Download action repository 'actions/checkout@v4' (SHA:11d5960a326750d5838078e36cf38b85af677262)
2026-09-23T08:50:16.6673059Z Download action repository 'actions/setup-python@v5' (SHA:a26af69be951a213d495a4c3e4e4022e16d87065)
2026-09-23T08:50:16.8222169Z Complete job name: test-f3 (ValueError #238)
2026-09-23T08:50:16.8676537Z Node 20 is being deprecated. This workflow is running with Node 24 by default. If you need to temporarily use Node 20, you can set the ACTIONS_ALLOW_USE_UNSECURE_NODE_VERSION=true environment variable. For more information see: https://github.blog/changelog/2025-09-19-deprecation-of-node-20-on-github-actions-runners/
2026-09-23T08:50:16.8682565Z ##[group]Run actions/checkout@v4
2026-09-23T08:50:16.8682938Z with:
2026-09-23T08:50:16.8683168Z   fetch-depth: 1
2026-09-23T08:50:16.8683431Z   repository: DhruvHegde/log-generation
2026-09-23T08:50:16.8685528Z   token: ***
2026-09-23T08:50:16.8685762Z   ssh-strict: true
2026-09-23T08:50:16.8686215Z   ssh-user: git
2026-09-23T08:50:16.8686463Z   persist-credentials: true
2026-09-23T08:50:16.8686729Z   clean: true
2026-09-23T08:50:16.8686977Z   sparse-checkout-cone-mode: true
2026-09-23T08:50:16.8687263Z   fetch-tags: false
2026-09-23T08:50:16.8687511Z   show-progress: true
2026-09-23T08:50:16.8687754Z   lfs: false
2026-09-23T08:50:16.8688009Z   submodules: false
2026-09-23T08:50:16.8688268Z   set-safe-directory: true
2026-09-23T08:50:16.8688544Z   allow-unsafe-pr-checkout: false
2026-09-23T08:50:16.8688919Z ##[endgroup]
2026-09-23T08:50:16.9368256Z Syncing repository: DhruvHegde/log-generation
2026-09-23T08:50:16.9369795Z ##[group]Getting Git version info
2026-09-23T08:50:16.9370441Z Working directory is '/home/runner/work/log-generation/log-generation'
2026-09-23T08:50:16.9371404Z [command]/usr/bin/git version
2026-09-23T08:50:16.9448028Z git version 2.55.0
2026-09-23T08:50:16.9456381Z ##[endgroup]
2026-09-23T08:50:16.9462658Z Temporarily overriding HOME='/home/runner/work/_temp/184a6ec4-bef8-4f68-83a1-32a31f082348' before making global git config changes
2026-09-23T08:50:16.9463860Z Adding repository directory to the temporary git global config as a safe directory
2026-09-23T08:50:16.9467430Z [command]/usr/bin/git config --global --add safe.directory /home/runner/work/log-generation/log-generation
2026-09-23T08:50:16.9517087Z Deleting the contents of '/home/runner/work/log-generation/log-generation'
2026-09-23T08:50:16.9525245Z ##[group]Initializing the repository
2026-09-23T08:50:16.9526257Z [command]/usr/bin/git init /home/runner/work/log-generation/log-generation
2026-09-23T08:50:16.9630218Z hint: Using 'master' as the name for the initial branch. This default branch name
2026-09-23T08:50:16.9630832Z hint: will change to "main" in Git 3.0. To configure the initial branch name
2026-09-23T08:50:16.9631716Z hint: to use in all of your new repositories, which will suppress this warning,
2026-09-23T08:50:16.9632110Z hint: call:
2026-09-23T08:50:16.9632332Z hint:
2026-09-23T08:50:16.9632633Z hint: 	git config --global init.defaultBranch <name>
2026-09-23T08:50:16.9632963Z hint:
2026-09-23T08:50:16.9633277Z hint: Names commonly chosen instead of 'master' are 'main', 'trunk' and
2026-09-23T08:50:16.9633771Z hint: 'development'. The just-created branch can be renamed via this command:
2026-09-23T08:50:16.9634160Z hint:
2026-09-23T08:50:16.9634434Z hint: 	git branch -m <name>
2026-09-23T08:50:16.9634703Z hint:
2026-09-23T08:50:16.9635036Z hint: Disable this message with "git config set advice.defaultBranchName false"
2026-09-23T08:50:16.9638475Z Initialized empty Git repository in /home/runner/work/log-generation/log-generation/.git/
2026-09-23T08:50:16.9649132Z [command]/usr/bin/git remote add origin https://github.com/DhruvHegde/log-generation
2026-09-23T08:50:16.9704840Z ##[endgroup]
2026-09-23T08:50:16.9705524Z ##[group]Disabling automatic garbage collection
2026-09-23T08:50:16.9706323Z [command]/usr/bin/git config --local gc.auto 0
2026-09-23T08:50:16.9731677Z ##[endgroup]
2026-09-23T08:50:16.9732292Z ##[group]Setting up auth
2026-09-23T08:50:16.9737617Z [command]/usr/bin/git config --local --name-only --get-regexp core\.sshCommand
2026-09-23T08:50:16.9767825Z [command]/usr/bin/git submodule foreach --recursive sh -c "git config --local --name-only --get-regexp 'core\.sshCommand' && git config --local --unset-all 'core.sshCommand' || :"
2026-09-23T08:50:17.0071561Z [command]/usr/bin/git config --local --name-only --get-regexp http\.https\:\/\/github\.com\/\.extraheader
2026-09-23T08:50:17.0099476Z [command]/usr/bin/git submodule foreach --recursive sh -c "git config --local --name-only --get-regexp 'http\.https\:\/\/github\.com\/\.extraheader' && git config --local --unset-all 'http.https://github.com/.extraheader' || :"
2026-09-23T08:50:17.0269396Z [command]/usr/bin/git config --local --name-only --get-regexp ^includeIf\.gitdir:
2026-09-23T08:50:17.0297230Z [command]/usr/bin/git submodule foreach --recursive git config --local --show-origin --name-only --get-regexp remote.origin.url
2026-09-23T08:50:17.0470379Z [command]/usr/bin/git config --local http.https://github.com/.extraheader AUTHORIZATION: basic ***
2026-09-23T08:50:17.0500253Z ##[endgroup]
2026-09-23T08:50:17.0500890Z ##[group]Fetching the repository
2026-09-23T08:50:17.0507084Z [command]/usr/bin/git -c protocol.version=2 fetch --no-tags --prune --no-recurse-submodules --depth=1 origin +43f20917de93b9aad51cf79a69ad5239c5632917:refs/remotes/origin/feature/f3-test-failures
2026-09-23T08:50:17.9021378Z From https://github.com/DhruvHegde/log-generation
2026-09-23T08:50:17.9022954Z  * [new ref]         43f20917de93b9aad51cf79a69ad5239c5632917 -> origin/feature/f3-test-failures
2026-09-23T08:50:17.9025745Z ##[endgroup]
2026-09-23T08:50:17.9026940Z ##[group]Determining the checkout info
2026-09-23T08:50:17.9028010Z ##[endgroup]
2026-09-23T08:50:17.9032489Z [command]/usr/bin/git sparse-checkout disable
2026-09-23T08:50:17.9077419Z [command]/usr/bin/git config --local --unset-all extensions.worktreeConfig
2026-09-23T08:50:17.9103774Z ##[group]Checking out the ref
2026-09-23T08:50:17.9106787Z [command]/usr/bin/git checkout --progress --force -B feature/f3-test-failures refs/remotes/origin/feature/f3-test-failures
2026-09-23T08:50:17.9397394Z Switched to a new branch 'feature/f3-test-failures'
2026-09-23T08:50:17.9400127Z branch 'feature/f3-test-failures' set up to track 'origin/feature/f3-test-failures'.
2026-09-23T08:50:17.9407444Z ##[endgroup]
2026-09-23T08:50:17.9444965Z [command]/usr/bin/git log -1 --format=%H
2026-09-23T08:50:17.9468612Z 43f20917de93b9aad51cf79a69ad5239c5632917
2026-09-23T08:50:17.9724496Z Node 20 is being deprecated. This workflow is running with Node 24 by default. If you need to temporarily use Node 20, you can set the ACTIONS_ALLOW_USE_UNSECURE_NODE_VERSION=true environment variable. For more information see: https://github.blog/changelog/2025-09-19-deprecation-of-node-20-on-github-actions-runners/
2026-09-23T08:50:17.9728110Z ##[group]Run actions/setup-python@v5
2026-09-23T08:50:17.9728821Z with:
2026-09-23T08:50:17.9729363Z   python-version: 3.11
2026-09-23T08:50:17.9729969Z   check-latest: false
2026-09-23T08:50:17.9735699Z   token: ***
2026-09-23T08:50:17.9736438Z   update-environment: true
2026-09-23T08:50:17.9737121Z   allow-prereleases: false
2026-09-23T08:50:17.9737787Z   freethreaded: false
2026-09-23T08:50:17.9738374Z ##[endgroup]
2026-09-23T08:50:18.0672416Z ##[group]Installed versions
2026-09-23T08:50:18.0737978Z (node:2039) [DEP0040] DeprecationWarning: The `punycode` module is deprecated. Please use a userland alternative instead.
2026-09-23T08:50:18.0740582Z (Use `node --trace-deprecation ...` to show where the warning was created)
2026-09-23T08:50:18.0742126Z Successfully set up CPython (3.11.16)
2026-09-23T08:50:18.0743811Z ##[endgroup]
2026-09-23T08:50:18.0939715Z ##[group]Run pip install --no-cache-dir pytest
2026-09-23T08:50:18.0941259Z [36;1mpip install --no-cache-dir pytest[0m
2026-09-23T08:50:18.1004609Z shell: /usr/bin/bash -e {0}
2026-09-23T08:50:18.1005459Z env:
2026-09-23T08:50:18.1006317Z   pythonLocation: /opt/hostedtoolcache/Python/3.11.16/x64
2026-09-23T08:50:18.1067944Z   PKG_CONFIG_PATH: /opt/hostedtoolcache/Python/3.11.16/x64/lib/pkgconfig
2026-09-23T08:50:18.1069693Z   Python_ROOT_DIR: /opt/hostedtoolcache/Python/3.11.16/x64
2026-09-23T08:50:18.1071123Z   Python2_ROOT_DIR: /opt/hostedtoolcache/Python/3.11.16/x64
2026-09-23T08:50:18.1072526Z   Python3_ROOT_DIR: /opt/hostedtoolcache/Python/3.11.16/x64
2026-09-23T08:50:18.1074015Z   LD_LIBRARY_PATH: /opt/hostedtoolcache/Python/3.11.16/x64/lib
2026-09-23T08:50:18.1075242Z ##[endgroup]
2026-09-23T08:50:18.8172546Z Collecting pytest
2026-09-23T08:50:18.8572061Z   Downloading pytest-9.1.1-py3-none-any.whl.metadata (7.6 kB)
2026-09-23T08:50:18.8636132Z Collecting iniconfig>=1.0.1 (from pytest)
2026-09-23T08:50:18.8664938Z   Downloading iniconfig-2.3.0-py3-none-any.whl.metadata (2.5 kB)
2026-09-23T08:50:18.8729796Z Collecting packaging>=22 (from pytest)
2026-09-23T08:50:18.8756011Z   Downloading packaging-26.3-py3-none-any.whl.metadata (3.5 kB)
2026-09-23T08:50:18.8809017Z Collecting pluggy<2,>=1.5 (from pytest)
2026-09-23T08:50:18.8835812Z   Downloading pluggy-1.6.0-py3-none-any.whl.metadata (4.8 kB)
2026-09-23T08:50:18.8914410Z Collecting pygments>=2.7.2 (from pytest)
2026-09-23T08:50:18.8942320Z   Downloading pygments-2.21.0-py3-none-any.whl.metadata (2.5 kB)
2026-09-23T08:50:18.8986820Z Downloading pytest-9.1.1-py3-none-any.whl (386 kB)
2026-09-23T08:50:18.9113094Z Downloading pluggy-1.6.0-py3-none-any.whl (20 kB)
2026-09-23T08:50:18.9139645Z Downloading iniconfig-2.3.0-py3-none-any.whl (7.5 kB)
2026-09-23T08:50:18.9164631Z Downloading packaging-26.3-py3-none-any.whl (129 kB)
2026-09-23T08:50:18.9199790Z Downloading pygments-2.21.0-py3-none-any.whl (1.3 MB)
2026-09-23T08:50:18.9333466Z    ââââââââââââââââââââââââââââââââââââââââ 1.3/1.3 MB 111.9 MB/s  0:00:00
2026-09-23T08:50:18.9782399Z Installing collected packages: pygments, pluggy, packaging, iniconfig, pytest
2026-09-23T08:50:19.5562419Z 
2026-09-23T08:50:19.5569282Z Successfully installed iniconfig-2.3.0 packaging-26.3 pluggy-1.6.0 pygments-2.21.0 pytest-9.1.1
2026-09-23T08:50:19.6080946Z ##[group]Run python automation/inject_mutation.py --error-type "ValueError"
2026-09-23T08:50:19.6081318Z [36;1mpython automation/inject_mutation.py --error-type "ValueError"[0m
2026-09-23T08:50:19.6112115Z shell: /usr/bin/bash -e {0}
2026-09-23T08:50:19.6112276Z env:
2026-09-23T08:50:19.6112448Z   pythonLocation: /opt/hostedtoolcache/Python/3.11.16/x64
2026-09-23T08:50:19.6112886Z   PKG_CONFIG_PATH: /opt/hostedtoolcache/Python/3.11.16/x64/lib/pkgconfig
2026-09-23T08:50:19.6113138Z   Python_ROOT_DIR: /opt/hostedtoolcache/Python/3.11.16/x64
2026-09-23T08:50:19.6113364Z   Python2_ROOT_DIR: /opt/hostedtoolcache/Python/3.11.16/x64
2026-09-23T08:50:19.6113596Z   Python3_ROOT_DIR: /opt/hostedtoolcache/Python/3.11.16/x64
2026-09-23T08:50:19.6113824Z   LD_LIBRARY_PATH: /opt/hostedtoolcache/Python/3.11.16/x64/lib
2026-09-23T08:50:19.6114028Z ##[endgroup]
2026-09-23T08:50:19.6314614Z [Mutation Injected] Successfully injected ValueError into tests/test_app.py
2026-09-23T08:50:19.6370325Z ##[group]Run pytest tests/test_app.py -v
2026-09-23T08:50:19.6370588Z [36;1mpytest tests/test_app.py -v[0m
2026-09-23T08:50:19.6401560Z shell: /usr/bin/bash -e {0}
2026-09-23T08:50:19.6401718Z env:
2026-09-23T08:50:19.6401893Z   pythonLocation: /opt/hostedtoolcache/Python/3.11.16/x64
2026-09-23T08:50:19.6402150Z   PKG_CONFIG_PATH: /opt/hostedtoolcache/Python/3.11.16/x64/lib/pkgconfig
2026-09-23T08:50:19.6402432Z   Python_ROOT_DIR: /opt/hostedtoolcache/Python/3.11.16/x64
2026-09-23T08:50:19.6402659Z   Python2_ROOT_DIR: /opt/hostedtoolcache/Python/3.11.16/x64
2026-09-23T08:50:19.6402887Z   Python3_ROOT_DIR: /opt/hostedtoolcache/Python/3.11.16/x64
2026-09-23T08:50:19.6403139Z   LD_LIBRARY_PATH: /opt/hostedtoolcache/Python/3.11.16/x64/lib
2026-09-23T08:50:19.6403340Z ##[endgroup]
2026-09-23T08:50:19.7843317Z ============================= test session starts ==============================
2026-09-23T08:50:19.7844094Z platform linux -- Python 3.11.16, pytest-9.1.1, pluggy-1.6.0 -- /opt/hostedtoolcache/Python/3.11.16/x64/bin/python
2026-09-23T08:50:19.7844593Z cachedir: .pytest_cache
2026-09-23T08:50:19.7844912Z rootdir: /home/runner/work/log-generation/log-generation
2026-09-23T08:50:19.7845298Z configfile: pytest.ini
2026-09-23T08:50:19.7895685Z collecting ... collected 6 items
2026-09-23T08:50:19.7895912Z 
2026-09-23T08:50:19.7901295Z tests/test_app.py::test_calculate_division PASSED                        [ 16%]
2026-09-23T08:50:19.7904974Z tests/test_app.py::test_convert_to_int PASSED                            [ 33%]
2026-09-23T08:50:19.7908904Z tests/test_app.py::test_get_list_item PASSED                             [ 50%]
2026-09-23T08:50:19.7912415Z tests/test_app.py::test_get_dict_value PASSED                            [ 66%]
2026-09-23T08:50:19.7915815Z tests/test_app.py::test_assert_positive PASSED                           [ 83%]
2026-09-23T08:50:19.8127198Z tests/test_app.py::test_value_error FAILED                               [100%]
2026-09-23T08:50:19.8127547Z 
2026-09-23T08:50:19.8127948Z =================================== FAILURES ===================================
2026-09-23T08:50:19.8128314Z _______________________________ test_value_error _______________________________
2026-09-23T08:50:19.8128477Z 
2026-09-23T08:50:19.8128563Z     def test_value_error():
2026-09-23T08:50:19.8128758Z         """Injected synthetic ValueError."""
2026-09-23T08:50:19.8128978Z         from src.app import convert_to_int
2026-09-23T08:50:19.8129210Z >       convert_to_int("unparseable_alphanumeric_0x99")
2026-09-23T08:50:19.8129353Z 
2026-09-23T08:50:19.8129427Z tests/test_app.py:139: 
2026-09-23T08:50:19.8129634Z _ _ _ _ _ _ _ _ _ _ _ _ _ _ _ _ _ _ _ _ _ _ _ _ _ _ _ _ _ _ _ _ _ _ _ _ _ _ _ _ 
2026-09-23T08:50:19.8129782Z 
2026-09-23T08:50:19.8129870Z val = 'unparseable_alphanumeric_0x99'
2026-09-23T08:50:19.8130044Z 
2026-09-23T08:50:19.8130125Z     def convert_to_int(val):
2026-09-23T08:50:19.8130301Z >       return int(val)
2026-09-23T08:50:19.8130455Z                ^^^^^^^^
2026-09-23T08:50:19.8130713Z E       ValueError: invalid literal for int() with base 10: 'unparseable_alphanumeric_0x99'
2026-09-23T08:50:19.8130917Z 
2026-09-23T08:50:19.8130992Z src/app.py:5: ValueError
2026-09-23T08:50:19.8131202Z =========================== short test summary info ============================
2026-09-23T08:50:19.8131613Z FAILED tests/test_app.py::test_value_error - ValueError: invalid literal for int() with base 10: 'unparseable_alphanumeric_0x99'
2026-09-23T08:50:19.8132269Z ========================= 1 failed, 5 passed in 0.02s ==========================
2026-09-23T08:50:19.8283191Z ##[error]Process completed with exit code 1.
2026-09-23T08:50:19.8380990Z Node 20 is being deprecated. This workflow is running with Node 24 by default. If you need to temporarily use Node 20, you can set the ACTIONS_ALLOW_USE_UNSECURE_NODE_VERSION=true environment variable. For more information see: https://github.blog/changelog/2025-09-19-deprecation-of-node-20-on-github-actions-runners/
2026-09-23T08:50:19.8381695Z Post job cleanup.
2026-09-23T08:50:19.8950035Z [command]/usr/bin/git version
2026-09-23T08:50:19.8981635Z git version 2.55.0
2026-09-23T08:50:19.9006469Z Temporarily overriding HOME='/home/runner/work/_temp/0362dee7-a6ff-4ef4-b763-c089651e98a2' before making global git config changes
2026-09-23T08:50:19.9007573Z Adding repository directory to the temporary git global config as a safe directory
2026-09-23T08:50:19.9010167Z [command]/usr/bin/git config --global --add safe.directory /home/runner/work/log-generation/log-generation
2026-09-23T08:50:19.9041315Z [command]/usr/bin/git config --local --name-only --get-regexp core\.sshCommand
2026-09-23T08:50:19.9068240Z [command]/usr/bin/git submodule foreach --recursive sh -c "git config --local --name-only --get-regexp 'core\.sshCommand' && git config --local --unset-all 'core.sshCommand' || :"
2026-09-23T08:50:19.9275183Z [command]/usr/bin/git config --local --name-only --get-regexp http\.https\:\/\/github\.com\/\.extraheader
2026-09-23T08:50:19.9298883Z http.https://github.com/.extraheader
2026-09-23T08:50:19.9307697Z [command]/usr/bin/git config --local --unset-all http.https://github.com/.extraheader
2026-09-23T08:50:19.9340211Z [command]/usr/bin/git submodule foreach --recursive sh -c "git config --local --name-only --get-regexp 'http\.https\:\/\/github\.com\/\.extraheader' && git config --local --unset-all 'http.https://github.com/.extraheader' || :"
2026-09-23T08:50:19.9544876Z [command]/usr/bin/git config --local --name-only --get-regexp ^includeIf\.gitdir:
2026-09-23T08:50:19.9575280Z [command]/usr/bin/git submodule foreach --recursive git config --local --show-origin --name-only --get-regexp remote.origin.url
2026-09-23T08:50:19.9872821Z Cleaning up orphan processes
2026-09-23T08:50:20.0066512Z ##[warning]Node.js 20 is deprecated. The following actions target Node.js 20 but are being forced to run on Node.js 24: actions/checkout@v4, actions/setup-python@v5. For more information see: https://github.blog/changelog/2025-09-19-deprecation-of-node-20-on-github-actions-runners/
