ï»¿2026-09-23T08:43:30.3790912Z Current runner version: '2.337.0'
2026-09-23T08:43:30.3824654Z ##[group]Runner Image Provisioner
2026-09-23T08:43:30.3826087Z Hosted Compute Agent
2026-09-23T08:43:30.3827040Z Version: 20260828.587
2026-09-23T08:43:30.3828457Z Commit: abac92662cab4cc7352de4f9f9d2e2419aad9c29
2026-09-23T08:43:30.3829642Z Build Date: 2026-08-28T16:44:25Z
2026-09-23T08:43:30.3830862Z Worker ID: {48142c94-575a-40ec-a14d-7f51a41493c8}
2026-09-23T08:43:30.3832085Z Azure Region: eastus
2026-09-23T08:43:30.3833424Z ##[endgroup]
2026-09-23T08:43:30.3836078Z ##[group]Operating System
2026-09-23T08:43:30.3837111Z Ubuntu
2026-09-23T08:43:30.3838459Z 24.04.5
2026-09-23T08:43:30.3839397Z LTS
2026-09-23T08:43:30.3840252Z ##[endgroup]
2026-09-23T08:43:30.3841214Z ##[group]Runner Image
2026-09-23T08:43:30.3842205Z Image: ubuntu-24.04
2026-09-23T08:43:30.3843164Z Version: 20260907.300.1
2026-09-23T08:43:30.3845237Z Included Software: https://github.com/actions/runner-images/blob/ubuntu24/20260907.300/images/ubuntu/Ubuntu2404-Readme.md
2026-09-23T08:43:30.3848293Z Image Release: https://github.com/actions/runner-images/releases/tag/ubuntu24%2F20260907.300
2026-09-23T08:43:30.3849911Z ##[endgroup]
2026-09-23T08:43:30.3852037Z ##[group]GITHUB_TOKEN Permissions
2026-09-23T08:43:30.3854951Z Contents: read
2026-09-23T08:43:30.3855899Z Metadata: read
2026-09-23T08:43:30.3856760Z Packages: read
2026-09-23T08:43:30.3858081Z ##[endgroup]
2026-09-23T08:43:30.3861018Z Secret source: Actions
2026-09-23T08:43:30.3862661Z Cache mode: write
2026-09-23T08:43:30.3864174Z Prepare workflow directory
2026-09-23T08:43:30.4339658Z Prepare all required actions
2026-09-23T08:43:30.4409796Z Getting action download info
2026-09-23T08:43:30.6408203Z Download action repository 'actions/checkout@v4' (SHA:11d5960a326750d5838078e36cf38b85af677262)
2026-09-23T08:43:30.7470439Z Download action repository 'actions/setup-python@v5' (SHA:a26af69be951a213d495a4c3e4e4022e16d87065)
2026-09-23T08:43:30.9312735Z Complete job name: test-f3 (AssertionError #11)
2026-09-23T08:43:31.0082734Z Node 20 is being deprecated. This workflow is running with Node 24 by default. If you need to temporarily use Node 20, you can set the ACTIONS_ALLOW_USE_UNSECURE_NODE_VERSION=true environment variable. For more information see: https://github.blog/changelog/2025-09-19-deprecation-of-node-20-on-github-actions-runners/
2026-09-23T08:43:31.0091772Z ##[group]Run actions/checkout@v4
2026-09-23T08:43:31.0092521Z with:
2026-09-23T08:43:31.0092947Z   fetch-depth: 1
2026-09-23T08:43:31.0093428Z   repository: DhruvHegde/log-generation
2026-09-23T08:43:31.0097140Z   token: ***
2026-09-23T08:43:31.0098025Z   ssh-strict: true
2026-09-23T08:43:31.0098522Z   ssh-user: git
2026-09-23T08:43:31.0098977Z   persist-credentials: true
2026-09-23T08:43:31.0099463Z   clean: true
2026-09-23T08:43:31.0099912Z   sparse-checkout-cone-mode: true
2026-09-23T08:43:31.0100429Z   fetch-tags: false
2026-09-23T08:43:31.0100879Z   show-progress: true
2026-09-23T08:43:31.0101324Z   lfs: false
2026-09-23T08:43:31.0101773Z   submodules: false
2026-09-23T08:43:31.0102242Z   set-safe-directory: true
2026-09-23T08:43:31.0102752Z   allow-unsafe-pr-checkout: false
2026-09-23T08:43:31.0103593Z ##[endgroup]
2026-09-23T08:43:31.1151275Z Syncing repository: DhruvHegde/log-generation
2026-09-23T08:43:31.1153829Z ##[group]Getting Git version info
2026-09-23T08:43:31.1155080Z Working directory is '/home/runner/work/log-generation/log-generation'
2026-09-23T08:43:31.1156868Z [command]/usr/bin/git version
2026-09-23T08:43:31.1243772Z git version 2.55.0
2026-09-23T08:43:31.1267402Z ##[endgroup]
2026-09-23T08:43:31.1284127Z Temporarily overriding HOME='/home/runner/work/_temp/362edfd2-a5d7-48ca-9463-b1765e7ac995' before making global git config changes
2026-09-23T08:43:31.1286536Z Adding repository directory to the temporary git global config as a safe directory
2026-09-23T08:43:31.1289836Z [command]/usr/bin/git config --global --add safe.directory /home/runner/work/log-generation/log-generation
2026-09-23T08:43:31.1346840Z Deleting the contents of '/home/runner/work/log-generation/log-generation'
2026-09-23T08:43:31.1351751Z ##[group]Initializing the repository
2026-09-23T08:43:31.1355642Z [command]/usr/bin/git init /home/runner/work/log-generation/log-generation
2026-09-23T08:43:31.1481805Z hint: Using 'master' as the name for the initial branch. This default branch name
2026-09-23T08:43:31.1483684Z hint: will change to "main" in Git 3.0. To configure the initial branch name
2026-09-23T08:43:31.1485318Z hint: to use in all of your new repositories, which will suppress this warning,
2026-09-23T08:43:31.1486748Z hint: call:
2026-09-23T08:43:31.1487732Z hint:
2026-09-23T08:43:31.1488612Z hint: 	git config --global init.defaultBranch <name>
2026-09-23T08:43:31.1489685Z hint:
2026-09-23T08:43:31.1490794Z hint: Names commonly chosen instead of 'master' are 'main', 'trunk' and
2026-09-23T08:43:31.1492720Z hint: 'development'. The just-created branch can be renamed via this command:
2026-09-23T08:43:31.1494206Z hint:
2026-09-23T08:43:31.1495471Z hint: 	git branch -m <name>
2026-09-23T08:43:31.1496445Z hint:
2026-09-23T08:43:31.1498111Z hint: Disable this message with "git config set advice.defaultBranchName false"
2026-09-23T08:43:31.1499601Z Initialized empty Git repository in /home/runner/work/log-generation/log-generation/.git/
2026-09-23T08:43:31.1503534Z [command]/usr/bin/git remote add origin https://github.com/DhruvHegde/log-generation
2026-09-23T08:43:31.1557777Z ##[endgroup]
2026-09-23T08:43:31.1559138Z ##[group]Disabling automatic garbage collection
2026-09-23T08:43:31.1562256Z [command]/usr/bin/git config --local gc.auto 0
2026-09-23T08:43:31.1595244Z ##[endgroup]
2026-09-23T08:43:31.1596412Z ##[group]Setting up auth
2026-09-23T08:43:31.1602284Z [command]/usr/bin/git config --local --name-only --get-regexp core\.sshCommand
2026-09-23T08:43:31.1642911Z [command]/usr/bin/git submodule foreach --recursive sh -c "git config --local --name-only --get-regexp 'core\.sshCommand' && git config --local --unset-all 'core.sshCommand' || :"
2026-09-23T08:43:31.2047393Z [command]/usr/bin/git config --local --name-only --get-regexp http\.https\:\/\/github\.com\/\.extraheader
2026-09-23T08:43:31.2083651Z [command]/usr/bin/git submodule foreach --recursive sh -c "git config --local --name-only --get-regexp 'http\.https\:\/\/github\.com\/\.extraheader' && git config --local --unset-all 'http.https://github.com/.extraheader' || :"
2026-09-23T08:43:31.2310247Z [command]/usr/bin/git config --local --name-only --get-regexp ^includeIf\.gitdir:
2026-09-23T08:43:31.2346059Z [command]/usr/bin/git submodule foreach --recursive git config --local --show-origin --name-only --get-regexp remote.origin.url
2026-09-23T08:43:31.2570076Z [command]/usr/bin/git config --local http.https://github.com/.extraheader AUTHORIZATION: basic ***
2026-09-23T08:43:31.2609046Z ##[endgroup]
2026-09-23T08:43:31.2609983Z ##[group]Fetching the repository
2026-09-23T08:43:31.2619642Z [command]/usr/bin/git -c protocol.version=2 fetch --no-tags --prune --no-recurse-submodules --depth=1 origin +dfcb6f158e4bd8054252a4da5d0a9edc2ab15d57:refs/remotes/origin/feature/f3-test-failures
2026-09-23T08:43:31.4866105Z From https://github.com/DhruvHegde/log-generation
2026-09-23T08:43:31.4867428Z  * [new ref]         dfcb6f158e4bd8054252a4da5d0a9edc2ab15d57 -> origin/feature/f3-test-failures
2026-09-23T08:43:31.4872034Z ##[endgroup]
2026-09-23T08:43:31.4873013Z ##[group]Determining the checkout info
2026-09-23T08:43:31.4874939Z ##[endgroup]
2026-09-23T08:43:31.4881144Z [command]/usr/bin/git sparse-checkout disable
2026-09-23T08:43:31.4934737Z [command]/usr/bin/git config --local --unset-all extensions.worktreeConfig
2026-09-23T08:43:31.4968020Z ##[group]Checking out the ref
2026-09-23T08:43:31.4973014Z [command]/usr/bin/git checkout --progress --force -B feature/f3-test-failures refs/remotes/origin/feature/f3-test-failures
2026-09-23T08:43:31.5051969Z Switched to a new branch 'feature/f3-test-failures'
2026-09-23T08:43:31.5059037Z branch 'feature/f3-test-failures' set up to track 'origin/feature/f3-test-failures'.
2026-09-23T08:43:31.5065043Z ##[endgroup]
2026-09-23T08:43:31.5109672Z [command]/usr/bin/git log -1 --format=%H
2026-09-23T08:43:31.5136644Z dfcb6f158e4bd8054252a4da5d0a9edc2ab15d57
2026-09-23T08:43:31.5428306Z Node 20 is being deprecated. This workflow is running with Node 24 by default. If you need to temporarily use Node 20, you can set the ACTIONS_ALLOW_USE_UNSECURE_NODE_VERSION=true environment variable. For more information see: https://github.blog/changelog/2025-09-19-deprecation-of-node-20-on-github-actions-runners/
2026-09-23T08:43:31.5431123Z ##[group]Run actions/setup-python@v5
2026-09-23T08:43:31.5431726Z with:
2026-09-23T08:43:31.5432201Z   python-version: 3.11
2026-09-23T08:43:31.5432728Z   check-latest: false
2026-09-23T08:43:31.5436596Z   token: ***
2026-09-23T08:43:31.5437092Z   update-environment: true
2026-09-23T08:43:31.5437960Z   allow-prereleases: false
2026-09-23T08:43:31.5438522Z   freethreaded: false
2026-09-23T08:43:31.5439025Z ##[endgroup]
2026-09-23T08:43:31.6745425Z ##[group]Installed versions
2026-09-23T08:43:31.6841961Z (node:2256) [DEP0040] DeprecationWarning: The `punycode` module is deprecated. Please use a userland alternative instead.
2026-09-23T08:43:31.6844338Z (Use `node --trace-deprecation ...` to show where the warning was created)
2026-09-23T08:43:31.6845644Z Successfully set up CPython (3.11.16)
2026-09-23T08:43:31.6847022Z ##[endgroup]
2026-09-23T08:43:31.7071648Z ##[group]Run pip install --no-cache-dir pytest
2026-09-23T08:43:31.7072986Z [36;1mpip install --no-cache-dir pytest[0m
2026-09-23T08:43:31.7136739Z shell: /usr/bin/bash -e {0}
2026-09-23T08:43:31.7137342Z env:
2026-09-23T08:43:31.7138281Z   pythonLocation: /opt/hostedtoolcache/Python/3.11.16/x64
2026-09-23T08:43:31.7139222Z   PKG_CONFIG_PATH: /opt/hostedtoolcache/Python/3.11.16/x64/lib/pkgconfig
2026-09-23T08:43:31.7140144Z   Python_ROOT_DIR: /opt/hostedtoolcache/Python/3.11.16/x64
2026-09-23T08:43:31.7140974Z   Python2_ROOT_DIR: /opt/hostedtoolcache/Python/3.11.16/x64
2026-09-23T08:43:31.7141806Z   Python3_ROOT_DIR: /opt/hostedtoolcache/Python/3.11.16/x64
2026-09-23T08:43:31.7229585Z   LD_LIBRARY_PATH: /opt/hostedtoolcache/Python/3.11.16/x64/lib
2026-09-23T08:43:31.7230866Z ##[endgroup]
2026-09-23T08:43:32.6089126Z Collecting pytest
2026-09-23T08:43:32.6565269Z   Downloading pytest-9.1.1-py3-none-any.whl.metadata (7.6 kB)
2026-09-23T08:43:32.6647732Z Collecting iniconfig>=1.0.1 (from pytest)
2026-09-23T08:43:32.6683434Z   Downloading iniconfig-2.3.0-py3-none-any.whl.metadata (2.5 kB)
2026-09-23T08:43:32.6785845Z Collecting packaging>=22 (from pytest)
2026-09-23T08:43:32.6821448Z   Downloading packaging-26.3-py3-none-any.whl.metadata (3.5 kB)
2026-09-23T08:43:32.6899425Z Collecting pluggy<2,>=1.5 (from pytest)
2026-09-23T08:43:32.6935204Z   Downloading pluggy-1.6.0-py3-none-any.whl.metadata (4.8 kB)
2026-09-23T08:43:32.7066862Z Collecting pygments>=2.7.2 (from pytest)
2026-09-23T08:43:32.7103228Z   Downloading pygments-2.21.0-py3-none-any.whl.metadata (2.5 kB)
2026-09-23T08:43:32.7165265Z Downloading pytest-9.1.1-py3-none-any.whl (386 kB)
2026-09-23T08:43:32.7336364Z Downloading pluggy-1.6.0-py3-none-any.whl (20 kB)
2026-09-23T08:43:32.7380535Z Downloading iniconfig-2.3.0-py3-none-any.whl (7.5 kB)
2026-09-23T08:43:32.7423515Z Downloading packaging-26.3-py3-none-any.whl (129 kB)
2026-09-23T08:43:32.7470364Z Downloading pygments-2.21.0-py3-none-any.whl (1.3 MB)
2026-09-23T08:43:32.7559647Z    ââââââââââââââââââââââââââââââââââââââââ 1.3/1.3 MB 217.6 MB/s  0:00:00
2026-09-23T08:43:32.8234059Z Installing collected packages: pygments, pluggy, packaging, iniconfig, pytest
2026-09-23T08:43:33.8067942Z 
2026-09-23T08:43:33.8076859Z Successfully installed iniconfig-2.3.0 packaging-26.3 pluggy-1.6.0 pygments-2.21.0 pytest-9.1.1
2026-09-23T08:43:33.8625516Z ##[group]Run python automation/inject_mutation.py --error-type "AssertionError"
2026-09-23T08:43:33.8626195Z [36;1mpython automation/inject_mutation.py --error-type "AssertionError"[0m
2026-09-23T08:43:33.8665497Z shell: /usr/bin/bash -e {0}
2026-09-23T08:43:33.8665762Z env:
2026-09-23T08:43:33.8666280Z   pythonLocation: /opt/hostedtoolcache/Python/3.11.16/x64
2026-09-23T08:43:33.8666750Z   PKG_CONFIG_PATH: /opt/hostedtoolcache/Python/3.11.16/x64/lib/pkgconfig
2026-09-23T08:43:33.8667211Z   Python_ROOT_DIR: /opt/hostedtoolcache/Python/3.11.16/x64
2026-09-23T08:43:33.8667806Z   Python2_ROOT_DIR: /opt/hostedtoolcache/Python/3.11.16/x64
2026-09-23T08:43:33.8668199Z   Python3_ROOT_DIR: /opt/hostedtoolcache/Python/3.11.16/x64
2026-09-23T08:43:33.8668593Z   LD_LIBRARY_PATH: /opt/hostedtoolcache/Python/3.11.16/x64/lib
2026-09-23T08:43:33.8668922Z ##[endgroup]
2026-09-23T08:43:33.8968266Z [Mutation Injected] Successfully injected AssertionError into tests/test_app.py
2026-09-23T08:43:33.9037905Z ##[group]Run pytest tests/test_app.py -v
2026-09-23T08:43:33.9038313Z [36;1mpytest tests/test_app.py -v[0m
2026-09-23T08:43:33.9076536Z shell: /usr/bin/bash -e {0}
2026-09-23T08:43:33.9076803Z env:
2026-09-23T08:43:33.9077080Z   pythonLocation: /opt/hostedtoolcache/Python/3.11.16/x64
2026-09-23T08:43:33.9077801Z   PKG_CONFIG_PATH: /opt/hostedtoolcache/Python/3.11.16/x64/lib/pkgconfig
2026-09-23T08:43:33.9078287Z   Python_ROOT_DIR: /opt/hostedtoolcache/Python/3.11.16/x64
2026-09-23T08:43:33.9078686Z   Python2_ROOT_DIR: /opt/hostedtoolcache/Python/3.11.16/x64
2026-09-23T08:43:33.9079094Z   Python3_ROOT_DIR: /opt/hostedtoolcache/Python/3.11.16/x64
2026-09-23T08:43:33.9079489Z   LD_LIBRARY_PATH: /opt/hostedtoolcache/Python/3.11.16/x64/lib
2026-09-23T08:43:33.9079827Z ##[endgroup]
2026-09-23T08:43:34.1341424Z ============================= test session starts ==============================
2026-09-23T08:43:34.1342419Z platform linux -- Python 3.11.16, pytest-9.1.1, pluggy-1.6.0 -- /opt/hostedtoolcache/Python/3.11.16/x64/bin/python
2026-09-23T08:43:34.1343013Z cachedir: .pytest_cache
2026-09-23T08:43:34.1343355Z rootdir: /home/runner/work/log-generation/log-generation
2026-09-23T08:43:34.1343788Z configfile: pytest.ini
2026-09-23T08:43:34.1431345Z collecting ... collected 6 items
2026-09-23T08:43:34.1431779Z 
2026-09-23T08:43:34.1440508Z tests/test_app.py::test_calculate_division PASSED                        [ 16%]
2026-09-23T08:43:34.1447578Z tests/test_app.py::test_convert_to_int PASSED                            [ 33%]
2026-09-23T08:43:34.1455226Z tests/test_app.py::test_get_list_item PASSED                             [ 50%]
2026-09-23T08:43:34.1462533Z tests/test_app.py::test_get_dict_value PASSED                            [ 66%]
2026-09-23T08:43:34.1469441Z tests/test_app.py::test_assert_positive PASSED                           [ 83%]
2026-09-23T08:43:34.1727128Z tests/test_app.py::test_assertion_failure FAILED                         [100%]
2026-09-23T08:43:34.1728086Z 
2026-09-23T08:43:34.1728444Z =================================== FAILURES ===================================
2026-09-23T08:43:34.1729008Z ____________________________ test_assertion_failure ____________________________
2026-09-23T08:43:34.1729364Z 
2026-09-23T08:43:34.1729508Z     def test_assertion_failure():
2026-09-23T08:43:34.1729880Z         """Injected synthetic AssertionError."""
2026-09-23T08:43:34.1730276Z         expected_status = 200
2026-09-23T08:43:34.1730591Z         actual_status = 500
2026-09-23T08:43:34.1731167Z >       assert actual_status == expected_status, f"Expected {expected_status}, received {actual_status}"
2026-09-23T08:43:34.1731970Z E       AssertionError: Expected 200, received 500
2026-09-23T08:43:34.1732293Z E       assert 500 == 200
2026-09-23T08:43:34.1732454Z 
2026-09-23T08:43:34.1732595Z tests/test_app.py:138: AssertionError
2026-09-23T08:43:34.1732971Z =========================== short test summary info ============================
2026-09-23T08:43:34.1733559Z FAILED tests/test_app.py::test_assertion_failure - AssertionError: Expected 200, received 500
2026-09-23T08:43:34.1734052Z assert 500 == 200
2026-09-23T08:43:34.1734338Z ========================= 1 failed, 5 passed in 0.03s ==========================
2026-09-23T08:43:34.1920043Z ##[error]Process completed with exit code 1.
2026-09-23T08:43:34.2072506Z Node 20 is being deprecated. This workflow is running with Node 24 by default. If you need to temporarily use Node 20, you can set the ACTIONS_ALLOW_USE_UNSECURE_NODE_VERSION=true environment variable. For more information see: https://github.blog/changelog/2025-09-19-deprecation-of-node-20-on-github-actions-runners/
2026-09-23T08:43:34.2073964Z Post job cleanup.
2026-09-23T08:43:34.2903555Z [command]/usr/bin/git version
2026-09-23T08:43:34.2945472Z git version 2.55.0
2026-09-23T08:43:34.2984218Z Temporarily overriding HOME='/home/runner/work/_temp/27b8700f-6261-48a3-8461-1bfed75ec601' before making global git config changes
2026-09-23T08:43:34.2985575Z Adding repository directory to the temporary git global config as a safe directory
2026-09-23T08:43:34.2992625Z [command]/usr/bin/git config --global --add safe.directory /home/runner/work/log-generation/log-generation
2026-09-23T08:43:34.3027823Z [command]/usr/bin/git config --local --name-only --get-regexp core\.sshCommand
2026-09-23T08:43:34.3063313Z [command]/usr/bin/git submodule foreach --recursive sh -c "git config --local --name-only --get-regexp 'core\.sshCommand' && git config --local --unset-all 'core.sshCommand' || :"
2026-09-23T08:43:34.3319838Z [command]/usr/bin/git config --local --name-only --get-regexp http\.https\:\/\/github\.com\/\.extraheader
2026-09-23T08:43:34.3349948Z http.https://github.com/.extraheader
2026-09-23T08:43:34.3361961Z [command]/usr/bin/git config --local --unset-all http.https://github.com/.extraheader
2026-09-23T08:43:34.3395823Z [command]/usr/bin/git submodule foreach --recursive sh -c "git config --local --name-only --get-regexp 'http\.https\:\/\/github\.com\/\.extraheader' && git config --local --unset-all 'http.https://github.com/.extraheader' || :"
2026-09-23T08:43:34.3730173Z [command]/usr/bin/git config --local --name-only --get-regexp ^includeIf\.gitdir:
2026-09-23T08:43:34.3780360Z [command]/usr/bin/git submodule foreach --recursive git config --local --show-origin --name-only --get-regexp remote.origin.url
2026-09-23T08:43:34.4234236Z Cleaning up orphan processes
2026-09-23T08:43:34.4519802Z ##[warning]Node.js 20 is deprecated. The following actions target Node.js 20 but are being forced to run on Node.js 24: actions/checkout@v4, actions/setup-python@v5. For more information see: https://github.blog/changelog/2025-09-19-deprecation-of-node-20-on-github-actions-runners/
