ï»¿2026-09-23T08:43:28.8975415Z Current runner version: '2.337.0'
2026-09-23T08:43:28.8992605Z ##[group]Runner Image Provisioner
2026-09-23T08:43:28.8993160Z Hosted Compute Agent
2026-09-23T08:43:28.8993503Z Version: 20260828.587
2026-09-23T08:43:28.8994086Z Commit: abac92662cab4cc7352de4f9f9d2e2419aad9c29
2026-09-23T08:43:28.8994513Z Build Date: 2026-08-28T16:44:25Z
2026-09-23T08:43:28.8994898Z Worker ID: {0cfbb402-8376-44a7-9f68-70285c2b9884}
2026-09-23T08:43:28.8995382Z Azure Region: centralus
2026-09-23T08:43:28.8995731Z ##[endgroup]
2026-09-23T08:43:28.8996730Z ##[group]Operating System
2026-09-23T08:43:28.8997127Z Ubuntu
2026-09-23T08:43:28.8997428Z 24.04.5
2026-09-23T08:43:28.8997813Z LTS
2026-09-23T08:43:28.8998119Z ##[endgroup]
2026-09-23T08:43:28.8998676Z ##[group]Runner Image
2026-09-23T08:43:28.8999040Z Image: ubuntu-24.04
2026-09-23T08:43:28.8999374Z Version: 20260907.300.1
2026-09-23T08:43:28.9000169Z Included Software: https://github.com/actions/runner-images/blob/ubuntu24/20260907.300/images/ubuntu/Ubuntu2404-Readme.md
2026-09-23T08:43:28.9001092Z Image Release: https://github.com/actions/runner-images/releases/tag/ubuntu24%2F20260907.300
2026-09-23T08:43:28.9001649Z ##[endgroup]
2026-09-23T08:43:28.9002403Z ##[group]GITHUB_TOKEN Permissions
2026-09-23T08:43:28.9003722Z Contents: read
2026-09-23T08:43:28.9004256Z Metadata: read
2026-09-23T08:43:28.9004658Z Packages: read
2026-09-23T08:43:28.9005020Z ##[endgroup]
2026-09-23T08:43:28.9006399Z Secret source: Actions
2026-09-23T08:43:28.9006932Z Cache mode: write
2026-09-23T08:43:28.9007561Z Prepare workflow directory
2026-09-23T08:43:28.9262714Z Prepare all required actions
2026-09-23T08:43:28.9304778Z Getting action download info
2026-09-23T08:43:29.1413453Z Download action repository 'actions/checkout@v4' (SHA:11d5960a326750d5838078e36cf38b85af677262)
2026-09-23T08:43:29.2300897Z Download action repository 'actions/setup-python@v5' (SHA:a26af69be951a213d495a4c3e4e4022e16d87065)
2026-09-23T08:43:29.3877299Z Complete job name: test-f3 (TypeError #32)
2026-09-23T08:43:29.4318396Z Node 20 is being deprecated. This workflow is running with Node 24 by default. If you need to temporarily use Node 20, you can set the ACTIONS_ALLOW_USE_UNSECURE_NODE_VERSION=true environment variable. For more information see: https://github.blog/changelog/2025-09-19-deprecation-of-node-20-on-github-actions-runners/
2026-09-23T08:43:29.4323250Z ##[group]Run actions/checkout@v4
2026-09-23T08:43:29.4323588Z with:
2026-09-23T08:43:29.4323810Z   fetch-depth: 1
2026-09-23T08:43:29.4324174Z   repository: DhruvHegde/log-generation
2026-09-23T08:43:29.4326552Z   token: ***
2026-09-23T08:43:29.4326910Z   ssh-strict: true
2026-09-23T08:43:29.4327229Z   ssh-user: git
2026-09-23T08:43:29.4327550Z   persist-credentials: true
2026-09-23T08:43:29.4327913Z   clean: true
2026-09-23T08:43:29.4328253Z   sparse-checkout-cone-mode: true
2026-09-23T08:43:29.4328652Z   fetch-tags: false
2026-09-23T08:43:29.4328983Z   show-progress: true
2026-09-23T08:43:29.4329330Z   lfs: false
2026-09-23T08:43:29.4329686Z   submodules: false
2026-09-23T08:43:29.4330040Z   set-safe-directory: true
2026-09-23T08:43:29.4330430Z   allow-unsafe-pr-checkout: false
2026-09-23T08:43:29.4331108Z ##[endgroup]
2026-09-23T08:43:29.4947396Z Syncing repository: DhruvHegde/log-generation
2026-09-23T08:43:29.4948721Z ##[group]Getting Git version info
2026-09-23T08:43:29.4949337Z Working directory is '/home/runner/work/log-generation/log-generation'
2026-09-23T08:43:29.4950192Z [command]/usr/bin/git version
2026-09-23T08:43:29.5019407Z git version 2.55.0
2026-09-23T08:43:29.5035763Z ##[endgroup]
2026-09-23T08:43:29.5044734Z Temporarily overriding HOME='/home/runner/work/_temp/e15174a6-6bb9-4022-8160-c3ef9f583f99' before making global git config changes
2026-09-23T08:43:29.5046110Z Adding repository directory to the temporary git global config as a safe directory
2026-09-23T08:43:29.5048119Z [command]/usr/bin/git config --global --add safe.directory /home/runner/work/log-generation/log-generation
2026-09-23T08:43:29.5095544Z Deleting the contents of '/home/runner/work/log-generation/log-generation'
2026-09-23T08:43:29.5098507Z ##[group]Initializing the repository
2026-09-23T08:43:29.5100812Z [command]/usr/bin/git init /home/runner/work/log-generation/log-generation
2026-09-23T08:43:29.5267121Z hint: Using 'master' as the name for the initial branch. This default branch name
2026-09-23T08:43:29.5268437Z hint: will change to "main" in Git 3.0. To configure the initial branch name
2026-09-23T08:43:29.5270801Z hint: to use in all of your new repositories, which will suppress this warning,
2026-09-23T08:43:29.5271630Z hint: call:
2026-09-23T08:43:29.5271935Z hint:
2026-09-23T08:43:29.5272376Z hint: 	git config --global init.defaultBranch <name>
2026-09-23T08:43:29.5272890Z hint:
2026-09-23T08:43:29.5273357Z hint: Names commonly chosen instead of 'master' are 'main', 'trunk' and
2026-09-23T08:43:29.5274271Z hint: 'development'. The just-created branch can be renamed via this command:
2026-09-23T08:43:29.5274885Z hint:
2026-09-23T08:43:29.5275248Z hint: 	git branch -m <name>
2026-09-23T08:43:29.5275642Z hint:
2026-09-23T08:43:29.5276146Z hint: Disable this message with "git config set advice.defaultBranchName false"
2026-09-23T08:43:29.5277020Z Initialized empty Git repository in /home/runner/work/log-generation/log-generation/.git/
2026-09-23T08:43:29.5280580Z [command]/usr/bin/git remote add origin https://github.com/DhruvHegde/log-generation
2026-09-23T08:43:29.5326685Z ##[endgroup]
2026-09-23T08:43:29.5327378Z ##[group]Disabling automatic garbage collection
2026-09-23T08:43:29.5329548Z [command]/usr/bin/git config --local gc.auto 0
2026-09-23T08:43:29.5356039Z ##[endgroup]
2026-09-23T08:43:29.5356625Z ##[group]Setting up auth
2026-09-23T08:43:29.5361123Z [command]/usr/bin/git config --local --name-only --get-regexp core\.sshCommand
2026-09-23T08:43:29.5388296Z [command]/usr/bin/git submodule foreach --recursive sh -c "git config --local --name-only --get-regexp 'core\.sshCommand' && git config --local --unset-all 'core.sshCommand' || :"
2026-09-23T08:43:29.5672537Z [command]/usr/bin/git config --local --name-only --get-regexp http\.https\:\/\/github\.com\/\.extraheader
2026-09-23T08:43:29.5699206Z [command]/usr/bin/git submodule foreach --recursive sh -c "git config --local --name-only --get-regexp 'http\.https\:\/\/github\.com\/\.extraheader' && git config --local --unset-all 'http.https://github.com/.extraheader' || :"
2026-09-23T08:43:29.5862988Z [command]/usr/bin/git config --local --name-only --get-regexp ^includeIf\.gitdir:
2026-09-23T08:43:29.5889521Z [command]/usr/bin/git submodule foreach --recursive git config --local --show-origin --name-only --get-regexp remote.origin.url
2026-09-23T08:43:29.6052767Z [command]/usr/bin/git config --local http.https://github.com/.extraheader AUTHORIZATION: basic ***
2026-09-23T08:43:29.6080578Z ##[endgroup]
2026-09-23T08:43:29.6081158Z ##[group]Fetching the repository
2026-09-23T08:43:29.6086525Z [command]/usr/bin/git -c protocol.version=2 fetch --no-tags --prune --no-recurse-submodules --depth=1 origin +dfcb6f158e4bd8054252a4da5d0a9edc2ab15d57:refs/remotes/origin/feature/f3-test-failures
2026-09-23T08:43:29.9581191Z From https://github.com/DhruvHegde/log-generation
2026-09-23T08:43:29.9581807Z  * [new ref]         dfcb6f158e4bd8054252a4da5d0a9edc2ab15d57 -> origin/feature/f3-test-failures
2026-09-23T08:43:29.9585219Z ##[endgroup]
2026-09-23T08:43:29.9585917Z ##[group]Determining the checkout info
2026-09-23T08:43:29.9587310Z ##[endgroup]
2026-09-23T08:43:29.9591065Z [command]/usr/bin/git sparse-checkout disable
2026-09-23T08:43:29.9630454Z [command]/usr/bin/git config --local --unset-all extensions.worktreeConfig
2026-09-23T08:43:29.9656511Z ##[group]Checking out the ref
2026-09-23T08:43:29.9657290Z [command]/usr/bin/git checkout --progress --force -B feature/f3-test-failures refs/remotes/origin/feature/f3-test-failures
2026-09-23T08:43:29.9713769Z Switched to a new branch 'feature/f3-test-failures'
2026-09-23T08:43:29.9718460Z branch 'feature/f3-test-failures' set up to track 'origin/feature/f3-test-failures'.
2026-09-23T08:43:29.9753819Z ##[endgroup]
2026-09-23T08:43:29.9785823Z [command]/usr/bin/git log -1 --format=%H
2026-09-23T08:43:29.9805826Z dfcb6f158e4bd8054252a4da5d0a9edc2ab15d57
2026-09-23T08:43:29.9987383Z Node 20 is being deprecated. This workflow is running with Node 24 by default. If you need to temporarily use Node 20, you can set the ACTIONS_ALLOW_USE_UNSECURE_NODE_VERSION=true environment variable. For more information see: https://github.blog/changelog/2025-09-19-deprecation-of-node-20-on-github-actions-runners/
2026-09-23T08:43:29.9989007Z ##[group]Run actions/setup-python@v5
2026-09-23T08:43:29.9989307Z with:
2026-09-23T08:43:29.9989548Z   python-version: 3.11
2026-09-23T08:43:29.9989813Z   check-latest: false
2026-09-23T08:43:29.9991778Z   token: ***
2026-09-23T08:43:29.9992033Z   update-environment: true
2026-09-23T08:43:29.9992318Z   allow-prereleases: false
2026-09-23T08:43:29.9992590Z   freethreaded: false
2026-09-23T08:43:29.9992855Z ##[endgroup]
2026-09-23T08:43:30.0768527Z ##[group]Installed versions
2026-09-23T08:43:30.0828929Z (node:2021) [DEP0040] DeprecationWarning: The `punycode` module is deprecated. Please use a userland alternative instead.
2026-09-23T08:43:30.0829917Z (Use `node --trace-deprecation ...` to show where the warning was created)
2026-09-23T08:43:30.0830430Z Successfully set up CPython (3.11.16)
2026-09-23T08:43:30.0830983Z ##[endgroup]
2026-09-23T08:43:30.0975081Z ##[group]Run pip install --no-cache-dir pytest
2026-09-23T08:43:30.0975585Z [36;1mpip install --no-cache-dir pytest[0m
2026-09-23T08:43:30.1033510Z shell: /usr/bin/bash -e {0}
2026-09-23T08:43:30.1034257Z env:
2026-09-23T08:43:30.1035024Z   pythonLocation: /opt/hostedtoolcache/Python/3.11.16/x64
2026-09-23T08:43:30.1036211Z   PKG_CONFIG_PATH: /opt/hostedtoolcache/Python/3.11.16/x64/lib/pkgconfig
2026-09-23T08:43:30.1037198Z   Python_ROOT_DIR: /opt/hostedtoolcache/Python/3.11.16/x64
2026-09-23T08:43:30.1037893Z   Python2_ROOT_DIR: /opt/hostedtoolcache/Python/3.11.16/x64
2026-09-23T08:43:30.1038590Z   Python3_ROOT_DIR: /opt/hostedtoolcache/Python/3.11.16/x64
2026-09-23T08:43:30.1039377Z   LD_LIBRARY_PATH: /opt/hostedtoolcache/Python/3.11.16/x64/lib
2026-09-23T08:43:30.1039814Z ##[endgroup]
2026-09-23T08:43:30.7730183Z Collecting pytest
2026-09-23T08:43:30.8304602Z   Downloading pytest-9.1.1-py3-none-any.whl.metadata (7.6 kB)
2026-09-23T08:43:30.8453074Z Collecting iniconfig>=1.0.1 (from pytest)
2026-09-23T08:43:30.8551106Z   Downloading iniconfig-2.3.0-py3-none-any.whl.metadata (2.5 kB)
2026-09-23T08:43:30.8715109Z Collecting packaging>=22 (from pytest)
2026-09-23T08:43:30.8813093Z   Downloading packaging-26.3-py3-none-any.whl.metadata (3.5 kB)
2026-09-23T08:43:30.8963449Z Collecting pluggy<2,>=1.5 (from pytest)
2026-09-23T08:43:30.9061661Z   Downloading pluggy-1.6.0-py3-none-any.whl.metadata (4.8 kB)
2026-09-23T08:43:30.9246106Z Collecting pygments>=2.7.2 (from pytest)
2026-09-23T08:43:30.9342666Z   Downloading pygments-2.21.0-py3-none-any.whl.metadata (2.5 kB)
2026-09-23T08:43:30.9454913Z Downloading pytest-9.1.1-py3-none-any.whl (386 kB)
2026-09-23T08:43:30.9881538Z Downloading pluggy-1.6.0-py3-none-any.whl (20 kB)
2026-09-23T08:43:30.9978824Z Downloading iniconfig-2.3.0-py3-none-any.whl (7.5 kB)
2026-09-23T08:43:31.0099733Z Downloading packaging-26.3-py3-none-any.whl (129 kB)
2026-09-23T08:43:31.0240323Z Downloading pygments-2.21.0-py3-none-any.whl (1.3 MB)
2026-09-23T08:43:31.0529627Z    ââââââââââââââââââââââââââââââââââââââââ 1.3/1.3 MB 52.6 MB/s  0:00:00
2026-09-23T08:43:31.0966089Z Installing collected packages: pygments, pluggy, packaging, iniconfig, pytest
2026-09-23T08:43:31.6627716Z 
2026-09-23T08:43:31.6634789Z Successfully installed iniconfig-2.3.0 packaging-26.3 pluggy-1.6.0 pygments-2.21.0 pytest-9.1.1
2026-09-23T08:43:31.7051969Z ##[group]Run python automation/inject_mutation.py --error-type "TypeError"
2026-09-23T08:43:31.7053300Z [36;1mpython automation/inject_mutation.py --error-type "TypeError"[0m
2026-09-23T08:43:31.7086494Z shell: /usr/bin/bash -e {0}
2026-09-23T08:43:31.7087152Z env:
2026-09-23T08:43:31.7087836Z   pythonLocation: /opt/hostedtoolcache/Python/3.11.16/x64
2026-09-23T08:43:31.7089124Z   PKG_CONFIG_PATH: /opt/hostedtoolcache/Python/3.11.16/x64/lib/pkgconfig
2026-09-23T08:43:31.7090239Z   Python_ROOT_DIR: /opt/hostedtoolcache/Python/3.11.16/x64
2026-09-23T08:43:31.7091256Z   Python2_ROOT_DIR: /opt/hostedtoolcache/Python/3.11.16/x64
2026-09-23T08:43:31.7092290Z   Python3_ROOT_DIR: /opt/hostedtoolcache/Python/3.11.16/x64
2026-09-23T08:43:31.7093322Z   LD_LIBRARY_PATH: /opt/hostedtoolcache/Python/3.11.16/x64/lib
2026-09-23T08:43:31.7094278Z ##[endgroup]
2026-09-23T08:43:31.7299847Z [Mutation Injected] Successfully injected TypeError into tests/test_app.py
2026-09-23T08:43:31.7368725Z ##[group]Run pytest tests/test_app.py -v
2026-09-23T08:43:31.7369486Z [36;1mpytest tests/test_app.py -v[0m
2026-09-23T08:43:31.7397230Z shell: /usr/bin/bash -e {0}
2026-09-23T08:43:31.7397812Z env:
2026-09-23T08:43:31.7398433Z   pythonLocation: /opt/hostedtoolcache/Python/3.11.16/x64
2026-09-23T08:43:31.7399476Z   PKG_CONFIG_PATH: /opt/hostedtoolcache/Python/3.11.16/x64/lib/pkgconfig
2026-09-23T08:43:31.7400536Z   Python_ROOT_DIR: /opt/hostedtoolcache/Python/3.11.16/x64
2026-09-23T08:43:31.7401484Z   Python2_ROOT_DIR: /opt/hostedtoolcache/Python/3.11.16/x64
2026-09-23T08:43:31.7402448Z   Python3_ROOT_DIR: /opt/hostedtoolcache/Python/3.11.16/x64
2026-09-23T08:43:31.7403428Z   LD_LIBRARY_PATH: /opt/hostedtoolcache/Python/3.11.16/x64/lib
2026-09-23T08:43:31.7404422Z ##[endgroup]
2026-09-23T08:43:31.8828864Z ============================= test session starts ==============================
2026-09-23T08:43:31.8829457Z platform linux -- Python 3.11.16, pytest-9.1.1, pluggy-1.6.0 -- /opt/hostedtoolcache/Python/3.11.16/x64/bin/python
2026-09-23T08:43:31.8829777Z cachedir: .pytest_cache
2026-09-23T08:43:31.8829997Z rootdir: /home/runner/work/log-generation/log-generation
2026-09-23T08:43:31.8830255Z configfile: pytest.ini
2026-09-23T08:43:31.8878709Z collecting ... collected 6 items
2026-09-23T08:43:31.8878923Z 
2026-09-23T08:43:31.8883515Z tests/test_app.py::test_calculate_division PASSED                        [ 16%]
2026-09-23T08:43:31.8887354Z tests/test_app.py::test_convert_to_int PASSED                            [ 33%]
2026-09-23T08:43:31.8891008Z tests/test_app.py::test_get_list_item PASSED                             [ 50%]
2026-09-23T08:43:31.8894412Z tests/test_app.py::test_get_dict_value PASSED                            [ 66%]
2026-09-23T08:43:31.8897759Z tests/test_app.py::test_assert_positive PASSED                           [ 83%]
2026-09-23T08:43:31.9083810Z tests/test_app.py::test_type_error FAILED                                [100%]
2026-09-23T08:43:31.9084237Z 
2026-09-23T08:43:31.9084406Z =================================== FAILURES ===================================
2026-09-23T08:43:31.9084799Z _______________________________ test_type_error ________________________________
2026-09-23T08:43:31.9085027Z 
2026-09-23T08:43:31.9085108Z     def test_type_error():
2026-09-23T08:43:31.9085304Z         """Injected synthetic TypeError."""
2026-09-23T08:43:31.9085527Z         from src.app import calculate_division
2026-09-23T08:43:31.9085785Z >       calculate_division("invalid_string", 5)
2026-09-23T08:43:31.9085914Z 
2026-09-23T08:43:31.9085990Z tests/test_app.py:137: 
2026-09-23T08:43:31.9086198Z _ _ _ _ _ _ _ _ _ _ _ _ _ _ _ _ _ _ _ _ _ _ _ _ _ _ _ _ _ _ _ _ _ _ _ _ _ _ _ _ 
2026-09-23T08:43:31.9086346Z 
2026-09-23T08:43:31.9086423Z a = 'invalid_string', b = 5
2026-09-23T08:43:31.9086540Z 
2026-09-23T08:43:31.9086620Z     def calculate_division(a, b):
2026-09-23T08:43:31.9086795Z >       return a / b
2026-09-23T08:43:31.9086946Z                ^^^^^
2026-09-23T08:43:31.9087164Z E       TypeError: unsupported operand type(s) for /: 'str' and 'int'
2026-09-23T08:43:31.9087328Z 
2026-09-23T08:43:31.9087405Z src/app.py:2: TypeError
2026-09-23T08:43:31.9087613Z =========================== short test summary info ============================
2026-09-23T08:43:31.9087975Z FAILED tests/test_app.py::test_type_error - TypeError: unsupported operand type(s) for /: 'str' and 'int'
2026-09-23T08:43:31.9088467Z ========================= 1 failed, 5 passed in 0.02s ==========================
2026-09-23T08:43:31.9222997Z ##[error]Process completed with exit code 1.
2026-09-23T08:43:31.9318772Z Node 20 is being deprecated. This workflow is running with Node 24 by default. If you need to temporarily use Node 20, you can set the ACTIONS_ALLOW_USE_UNSECURE_NODE_VERSION=true environment variable. For more information see: https://github.blog/changelog/2025-09-19-deprecation-of-node-20-on-github-actions-runners/
2026-09-23T08:43:31.9319470Z Post job cleanup.
2026-09-23T08:43:31.9838635Z [command]/usr/bin/git version
2026-09-23T08:43:31.9868542Z git version 2.55.0
2026-09-23T08:43:31.9890612Z Temporarily overriding HOME='/home/runner/work/_temp/2de4d5d2-ec34-4c01-bde7-e4cf8b83c294' before making global git config changes
2026-09-23T08:43:31.9891643Z Adding repository directory to the temporary git global config as a safe directory
2026-09-23T08:43:31.9894297Z [command]/usr/bin/git config --global --add safe.directory /home/runner/work/log-generation/log-generation
2026-09-23T08:43:31.9923621Z [command]/usr/bin/git config --local --name-only --get-regexp core\.sshCommand
2026-09-23T08:43:31.9950207Z [command]/usr/bin/git submodule foreach --recursive sh -c "git config --local --name-only --get-regexp 'core\.sshCommand' && git config --local --unset-all 'core.sshCommand' || :"
2026-09-23T08:43:32.0133399Z [command]/usr/bin/git config --local --name-only --get-regexp http\.https\:\/\/github\.com\/\.extraheader
2026-09-23T08:43:32.0156777Z http.https://github.com/.extraheader
2026-09-23T08:43:32.0168831Z [command]/usr/bin/git config --local --unset-all http.https://github.com/.extraheader
2026-09-23T08:43:32.0196795Z [command]/usr/bin/git submodule foreach --recursive sh -c "git config --local --name-only --get-regexp 'http\.https\:\/\/github\.com\/\.extraheader' && git config --local --unset-all 'http.https://github.com/.extraheader' || :"
2026-09-23T08:43:32.0385539Z [command]/usr/bin/git config --local --name-only --get-regexp ^includeIf\.gitdir:
2026-09-23T08:43:32.0414395Z [command]/usr/bin/git submodule foreach --recursive git config --local --show-origin --name-only --get-regexp remote.origin.url
2026-09-23T08:43:32.0699046Z Cleaning up orphan processes
2026-09-23T08:43:32.0893623Z ##[warning]Node.js 20 is deprecated. The following actions target Node.js 20 but are being forced to run on Node.js 24: actions/checkout@v4, actions/setup-python@v5. For more information see: https://github.blog/changelog/2025-09-19-deprecation-of-node-20-on-github-actions-runners/
