ï»¿2026-09-23T08:49:13.8448484Z Current runner version: '2.337.0'
2026-09-23T08:49:13.8473173Z ##[group]Runner Image Provisioner
2026-09-23T08:49:13.8474231Z Hosted Compute Agent
2026-09-23T08:49:13.8474752Z Version: 20260828.587
2026-09-23T08:49:13.8475382Z Commit: abac92662cab4cc7352de4f9f9d2e2419aad9c29
2026-09-23T08:49:13.8476034Z Build Date: 2026-08-28T16:44:25Z
2026-09-23T08:49:13.8476656Z Worker ID: {d2df940c-4fa9-4959-9243-49f671815496}
2026-09-23T08:49:13.8477332Z Azure Region: westus3
2026-09-23T08:49:13.8477841Z ##[endgroup]
2026-09-23T08:49:13.8479546Z ##[group]Operating System
2026-09-23T08:49:13.8480115Z Ubuntu
2026-09-23T08:49:13.8480611Z 24.04.5
2026-09-23T08:49:13.8481170Z LTS
2026-09-23T08:49:13.8481611Z ##[endgroup]
2026-09-23T08:49:13.8482422Z ##[group]Runner Image
2026-09-23T08:49:13.8482973Z Image: ubuntu-24.04
2026-09-23T08:49:13.8483511Z Version: 20260907.300.1
2026-09-23T08:49:13.8484819Z Included Software: https://github.com/actions/runner-images/blob/ubuntu24/20260907.300/images/ubuntu/Ubuntu2404-Readme.md
2026-09-23T08:49:13.8486205Z Image Release: https://github.com/actions/runner-images/releases/tag/ubuntu24%2F20260907.300
2026-09-23T08:49:13.8487056Z ##[endgroup]
2026-09-23T08:49:13.8488140Z ##[group]GITHUB_TOKEN Permissions
2026-09-23T08:49:13.8490243Z Contents: read
2026-09-23T08:49:13.8490799Z Metadata: read
2026-09-23T08:49:13.8491355Z Packages: read
2026-09-23T08:49:13.8491852Z ##[endgroup]
2026-09-23T08:49:13.8493963Z Secret source: Actions
2026-09-23T08:49:13.8494814Z Cache mode: write
2026-09-23T08:49:13.8495735Z Prepare workflow directory
2026-09-23T08:49:13.8804950Z Prepare all required actions
2026-09-23T08:49:13.8852762Z Getting action download info
2026-09-23T08:49:14.2174991Z Download action repository 'actions/checkout@v4' (SHA:11d5960a326750d5838078e36cf38b85af677262)
2026-09-23T08:49:14.2930830Z Download action repository 'actions/setup-python@v5' (SHA:a26af69be951a213d495a4c3e4e4022e16d87065)
2026-09-23T08:49:14.4450152Z Complete job name: test-f3 (IndexError #124)
2026-09-23T08:49:14.5132095Z Node 20 is being deprecated. This workflow is running with Node 24 by default. If you need to temporarily use Node 20, you can set the ACTIONS_ALLOW_USE_UNSECURE_NODE_VERSION=true environment variable. For more information see: https://github.blog/changelog/2025-09-19-deprecation-of-node-20-on-github-actions-runners/
2026-09-23T08:49:14.5140637Z ##[group]Run actions/checkout@v4
2026-09-23T08:49:14.5141416Z with:
2026-09-23T08:49:14.5141895Z   fetch-depth: 1
2026-09-23T08:49:14.5142442Z   repository: DhruvHegde/log-generation
2026-09-23T08:49:14.5146563Z   token: ***
2026-09-23T08:49:14.5147017Z   ssh-strict: true
2026-09-23T08:49:14.5147495Z   ssh-user: git
2026-09-23T08:49:14.5148000Z   persist-credentials: true
2026-09-23T08:49:14.5148509Z   clean: true
2026-09-23T08:49:14.5149227Z   sparse-checkout-cone-mode: true
2026-09-23T08:49:14.5149769Z   fetch-tags: false
2026-09-23T08:49:14.5150238Z   show-progress: true
2026-09-23T08:49:14.5150736Z   lfs: false
2026-09-23T08:49:14.5151284Z   submodules: false
2026-09-23T08:49:14.5151779Z   set-safe-directory: true
2026-09-23T08:49:14.5152307Z   allow-unsafe-pr-checkout: false
2026-09-23T08:49:14.5153178Z ##[endgroup]
2026-09-23T08:49:14.6185028Z Syncing repository: DhruvHegde/log-generation
2026-09-23T08:49:14.6187337Z ##[group]Getting Git version info
2026-09-23T08:49:14.6188251Z Working directory is '/home/runner/work/log-generation/log-generation'
2026-09-23T08:49:14.6189249Z [command]/usr/bin/git version
2026-09-23T08:49:14.6258295Z git version 2.55.0
2026-09-23T08:49:14.6282145Z ##[endgroup]
2026-09-23T08:49:14.6298319Z Temporarily overriding HOME='/home/runner/work/_temp/c71782c8-8589-4cfe-9002-850046b343e4' before making global git config changes
2026-09-23T08:49:14.6300760Z Adding repository directory to the temporary git global config as a safe directory
2026-09-23T08:49:14.6308190Z [command]/usr/bin/git config --global --add safe.directory /home/runner/work/log-generation/log-generation
2026-09-23T08:49:14.6365622Z Deleting the contents of '/home/runner/work/log-generation/log-generation'
2026-09-23T08:49:14.6370965Z ##[group]Initializing the repository
2026-09-23T08:49:14.6376036Z [command]/usr/bin/git init /home/runner/work/log-generation/log-generation
2026-09-23T08:49:14.6471709Z hint: Using 'master' as the name for the initial branch. This default branch name
2026-09-23T08:49:14.6473436Z hint: will change to "main" in Git 3.0. To configure the initial branch name
2026-09-23T08:49:14.6475244Z hint: to use in all of your new repositories, which will suppress this warning,
2026-09-23T08:49:14.6476574Z hint: call:
2026-09-23T08:49:14.6477284Z hint:
2026-09-23T08:49:14.6478184Z hint: 	git config --global init.defaultBranch <name>
2026-09-23T08:49:14.6479270Z hint:
2026-09-23T08:49:14.6480287Z hint: Names commonly chosen instead of 'master' are 'main', 'trunk' and
2026-09-23T08:49:14.6481928Z hint: 'development'. The just-created branch can be renamed via this command:
2026-09-23T08:49:14.6483153Z hint:
2026-09-23T08:49:14.6484040Z hint: 	git branch -m <name>
2026-09-23T08:49:14.6484901Z hint:
2026-09-23T08:49:14.6486053Z hint: Disable this message with "git config set advice.defaultBranchName false"
2026-09-23T08:49:14.6487983Z Initialized empty Git repository in /home/runner/work/log-generation/log-generation/.git/
2026-09-23T08:49:14.6498738Z [command]/usr/bin/git remote add origin https://github.com/DhruvHegde/log-generation
2026-09-23T08:49:14.6544501Z ##[endgroup]
2026-09-23T08:49:14.6545825Z ##[group]Disabling automatic garbage collection
2026-09-23T08:49:14.6547596Z [command]/usr/bin/git config --local gc.auto 0
2026-09-23T08:49:14.6575187Z ##[endgroup]
2026-09-23T08:49:14.6576441Z ##[group]Setting up auth
2026-09-23T08:49:14.6581515Z [command]/usr/bin/git config --local --name-only --get-regexp core\.sshCommand
2026-09-23T08:49:14.6609285Z [command]/usr/bin/git submodule foreach --recursive sh -c "git config --local --name-only --get-regexp 'core\.sshCommand' && git config --local --unset-all 'core.sshCommand' || :"
2026-09-23T08:49:14.6917795Z [command]/usr/bin/git config --local --name-only --get-regexp http\.https\:\/\/github\.com\/\.extraheader
2026-09-23T08:49:14.6951983Z [command]/usr/bin/git submodule foreach --recursive sh -c "git config --local --name-only --get-regexp 'http\.https\:\/\/github\.com\/\.extraheader' && git config --local --unset-all 'http.https://github.com/.extraheader' || :"
2026-09-23T08:49:14.7140265Z [command]/usr/bin/git config --local --name-only --get-regexp ^includeIf\.gitdir:
2026-09-23T08:49:14.7168573Z [command]/usr/bin/git submodule foreach --recursive git config --local --show-origin --name-only --get-regexp remote.origin.url
2026-09-23T08:49:14.7339725Z [command]/usr/bin/git config --local http.https://github.com/.extraheader AUTHORIZATION: basic ***
2026-09-23T08:49:14.7369603Z ##[endgroup]
2026-09-23T08:49:14.7370531Z ##[group]Fetching the repository
2026-09-23T08:49:14.7379087Z [command]/usr/bin/git -c protocol.version=2 fetch --no-tags --prune --no-recurse-submodules --depth=1 origin +43f20917de93b9aad51cf79a69ad5239c5632917:refs/remotes/origin/feature/f3-test-failures
2026-09-23T08:49:15.5748251Z From https://github.com/DhruvHegde/log-generation
2026-09-23T08:49:15.5750309Z  * [new ref]         43f20917de93b9aad51cf79a69ad5239c5632917 -> origin/feature/f3-test-failures
2026-09-23T08:49:15.5754727Z ##[endgroup]
2026-09-23T08:49:15.5756297Z ##[group]Determining the checkout info
2026-09-23T08:49:15.5757871Z ##[endgroup]
2026-09-23T08:49:15.5763367Z [command]/usr/bin/git sparse-checkout disable
2026-09-23T08:49:15.5805950Z [command]/usr/bin/git config --local --unset-all extensions.worktreeConfig
2026-09-23T08:49:15.5830495Z ##[group]Checking out the ref
2026-09-23T08:49:15.5843187Z [command]/usr/bin/git checkout --progress --force -B feature/f3-test-failures refs/remotes/origin/feature/f3-test-failures
2026-09-23T08:49:15.6133112Z Switched to a new branch 'feature/f3-test-failures'
2026-09-23T08:49:15.6135916Z branch 'feature/f3-test-failures' set up to track 'origin/feature/f3-test-failures'.
2026-09-23T08:49:15.6144943Z ##[endgroup]
2026-09-23T08:49:15.6181194Z [command]/usr/bin/git log -1 --format=%H
2026-09-23T08:49:15.6202140Z 43f20917de93b9aad51cf79a69ad5239c5632917
2026-09-23T08:49:15.6542716Z Node 20 is being deprecated. This workflow is running with Node 24 by default. If you need to temporarily use Node 20, you can set the ACTIONS_ALLOW_USE_UNSECURE_NODE_VERSION=true environment variable. For more information see: https://github.blog/changelog/2025-09-19-deprecation-of-node-20-on-github-actions-runners/
2026-09-23T08:49:15.6548336Z ##[group]Run actions/setup-python@v5
2026-09-23T08:49:15.6549541Z with:
2026-09-23T08:49:15.6550458Z   python-version: 3.11
2026-09-23T08:49:15.6551509Z   check-latest: false
2026-09-23T08:49:15.6561530Z   token: ***
2026-09-23T08:49:15.6562521Z   update-environment: true
2026-09-23T08:49:15.6563791Z   allow-prereleases: false
2026-09-23T08:49:15.6564976Z   freethreaded: false
2026-09-23T08:49:15.6565985Z ##[endgroup]
2026-09-23T08:49:15.7862120Z ##[group]Installed versions
2026-09-23T08:49:15.7945077Z (node:2180) [DEP0040] DeprecationWarning: The `punycode` module is deprecated. Please use a userland alternative instead.
2026-09-23T08:49:15.7949421Z (Use `node --trace-deprecation ...` to show where the warning was created)
2026-09-23T08:49:15.7952217Z Successfully set up CPython (3.11.16)
2026-09-23T08:49:15.7955298Z ##[endgroup]
2026-09-23T08:49:15.8167198Z ##[group]Run pip install --no-cache-dir pytest
2026-09-23T08:49:15.8169771Z [36;1mpip install --no-cache-dir pytest[0m
2026-09-23T08:49:15.8279636Z shell: /usr/bin/bash -e {0}
2026-09-23T08:49:15.8281440Z env:
2026-09-23T08:49:15.8284391Z   pythonLocation: /opt/hostedtoolcache/Python/3.11.16/x64
2026-09-23T08:49:15.8287402Z   PKG_CONFIG_PATH: /opt/hostedtoolcache/Python/3.11.16/x64/lib/pkgconfig
2026-09-23T08:49:15.8289969Z   Python_ROOT_DIR: /opt/hostedtoolcache/Python/3.11.16/x64
2026-09-23T08:49:15.8292693Z   Python2_ROOT_DIR: /opt/hostedtoolcache/Python/3.11.16/x64
2026-09-23T08:49:15.8295250Z   Python3_ROOT_DIR: /opt/hostedtoolcache/Python/3.11.16/x64
2026-09-23T08:49:15.8296994Z   LD_LIBRARY_PATH: /opt/hostedtoolcache/Python/3.11.16/x64/lib
2026-09-23T08:49:15.8298397Z ##[endgroup]
2026-09-23T08:49:18.2691769Z Collecting pytest
2026-09-23T08:49:18.3193501Z   Downloading pytest-9.1.1-py3-none-any.whl.metadata (7.6 kB)
2026-09-23T08:49:18.3338579Z Collecting iniconfig>=1.0.1 (from pytest)
2026-09-23T08:49:18.3375907Z   Downloading iniconfig-2.3.0-py3-none-any.whl.metadata (2.5 kB)
2026-09-23T08:49:18.3552256Z Collecting packaging>=22 (from pytest)
2026-09-23T08:49:18.3585002Z   Downloading packaging-26.3-py3-none-any.whl.metadata (3.5 kB)
2026-09-23T08:49:18.3725538Z Collecting pluggy<2,>=1.5 (from pytest)
2026-09-23T08:49:18.3755875Z   Downloading pluggy-1.6.0-py3-none-any.whl.metadata (4.8 kB)
2026-09-23T08:49:18.3960633Z Collecting pygments>=2.7.2 (from pytest)
2026-09-23T08:49:18.3997799Z   Downloading pygments-2.21.0-py3-none-any.whl.metadata (2.5 kB)
2026-09-23T08:49:18.4050355Z Downloading pytest-9.1.1-py3-none-any.whl (386 kB)
2026-09-23T08:49:18.4207807Z Downloading pluggy-1.6.0-py3-none-any.whl (20 kB)
2026-09-23T08:49:18.4238696Z Downloading iniconfig-2.3.0-py3-none-any.whl (7.5 kB)
2026-09-23T08:49:18.4268633Z Downloading packaging-26.3-py3-none-any.whl (129 kB)
2026-09-23T08:49:18.4300851Z Downloading pygments-2.21.0-py3-none-any.whl (1.3 MB)
2026-09-23T08:49:18.4366064Z    ââââââââââââââââââââââââââââââââââââââââ 1.3/1.3 MB 323.0 MB/s  0:00:00
2026-09-23T08:49:18.5919577Z Installing collected packages: pygments, pluggy, packaging, iniconfig, pytest
2026-09-23T08:49:19.3985057Z 
2026-09-23T08:49:19.3993472Z Successfully installed iniconfig-2.3.0 packaging-26.3 pluggy-1.6.0 pygments-2.21.0 pytest-9.1.1
2026-09-23T08:49:19.4552094Z ##[group]Run python automation/inject_mutation.py --error-type "IndexError"
2026-09-23T08:49:19.4552663Z [36;1mpython automation/inject_mutation.py --error-type "IndexError"[0m
2026-09-23T08:49:19.4576932Z shell: /usr/bin/bash -e {0}
2026-09-23T08:49:19.4577206Z env:
2026-09-23T08:49:19.4577494Z   pythonLocation: /opt/hostedtoolcache/Python/3.11.16/x64
2026-09-23T08:49:19.4578092Z   PKG_CONFIG_PATH: /opt/hostedtoolcache/Python/3.11.16/x64/lib/pkgconfig
2026-09-23T08:49:19.4578517Z   Python_ROOT_DIR: /opt/hostedtoolcache/Python/3.11.16/x64
2026-09-23T08:49:19.4578904Z   Python2_ROOT_DIR: /opt/hostedtoolcache/Python/3.11.16/x64
2026-09-23T08:49:19.4579291Z   Python3_ROOT_DIR: /opt/hostedtoolcache/Python/3.11.16/x64
2026-09-23T08:49:19.4579664Z   LD_LIBRARY_PATH: /opt/hostedtoolcache/Python/3.11.16/x64/lib
2026-09-23T08:49:19.4580017Z ##[endgroup]
2026-09-23T08:49:19.4840599Z [Mutation Injected] Successfully injected IndexError into tests/test_app.py
2026-09-23T08:49:19.4909089Z ##[group]Run pytest tests/test_app.py -v
2026-09-23T08:49:19.4909437Z [36;1mpytest tests/test_app.py -v[0m
2026-09-23T08:49:19.4933297Z shell: /usr/bin/bash -e {0}
2026-09-23T08:49:19.4933574Z env:
2026-09-23T08:49:19.4933984Z   pythonLocation: /opt/hostedtoolcache/Python/3.11.16/x64
2026-09-23T08:49:19.4934412Z   PKG_CONFIG_PATH: /opt/hostedtoolcache/Python/3.11.16/x64/lib/pkgconfig
2026-09-23T08:49:19.4934845Z   Python_ROOT_DIR: /opt/hostedtoolcache/Python/3.11.16/x64
2026-09-23T08:49:19.4935210Z   Python2_ROOT_DIR: /opt/hostedtoolcache/Python/3.11.16/x64
2026-09-23T08:49:19.4935575Z   Python3_ROOT_DIR: /opt/hostedtoolcache/Python/3.11.16/x64
2026-09-23T08:49:19.4935944Z   LD_LIBRARY_PATH: /opt/hostedtoolcache/Python/3.11.16/x64/lib
2026-09-23T08:49:19.4936259Z ##[endgroup]
2026-09-23T08:49:19.8341990Z ============================= test session starts ==============================
2026-09-23T08:49:19.8342877Z platform linux -- Python 3.11.16, pytest-9.1.1, pluggy-1.6.0 -- /opt/hostedtoolcache/Python/3.11.16/x64/bin/python
2026-09-23T08:49:19.8343360Z cachedir: .pytest_cache
2026-09-23T08:49:19.8343794Z rootdir: /home/runner/work/log-generation/log-generation
2026-09-23T08:49:19.8344119Z configfile: pytest.ini
2026-09-23T08:49:19.8418113Z collecting ... collected 6 items
2026-09-23T08:49:19.8418427Z 
2026-09-23T08:49:19.8426070Z tests/test_app.py::test_calculate_division PASSED                        [ 16%]
2026-09-23T08:49:19.8431697Z tests/test_app.py::test_convert_to_int PASSED                            [ 33%]
2026-09-23T08:49:19.8437825Z tests/test_app.py::test_get_list_item PASSED                             [ 50%]
2026-09-23T08:49:19.8443040Z tests/test_app.py::test_get_dict_value PASSED                            [ 66%]
2026-09-23T08:49:19.8448822Z tests/test_app.py::test_assert_positive PASSED                           [ 83%]
2026-09-23T08:49:19.8687063Z tests/test_app.py::test_index_error FAILED                               [100%]
2026-09-23T08:49:19.8687550Z 
2026-09-23T08:49:19.8687756Z =================================== FAILURES ===================================
2026-09-23T08:49:19.8688220Z _______________________________ test_index_error _______________________________
2026-09-23T08:49:19.8688521Z 
2026-09-23T08:49:19.8688641Z     def test_index_error():
2026-09-23T08:49:19.8688994Z         """Injected synthetic IndexError."""
2026-09-23T08:49:19.8689368Z         from src.app import get_list_item
2026-09-23T08:49:19.8689689Z         dataset = [10, 20, 30]
2026-09-23T08:49:19.8689984Z >       get_list_item(dataset, 999)
2026-09-23T08:49:19.8690189Z 
2026-09-23T08:49:19.8690299Z tests/test_app.py:140: 
2026-09-23T08:49:19.8690644Z _ _ _ _ _ _ _ _ _ _ _ _ _ _ _ _ _ _ _ _ _ _ _ _ _ _ _ _ _ _ _ _ _ _ _ _ _ _ _ _ 
2026-09-23T08:49:19.8690927Z 
2026-09-23T08:49:19.8691034Z lst = [10, 20, 30], index = 999
2026-09-23T08:49:19.8691227Z 
2026-09-23T08:49:19.8691354Z     def get_list_item(lst, index):
2026-09-23T08:49:19.8691656Z >       return lst[index]
2026-09-23T08:49:19.8691924Z                ^^^^^^^^^^
2026-09-23T08:49:19.8692204Z E       IndexError: list index out of range
2026-09-23T08:49:19.8692421Z 
2026-09-23T08:49:19.8692543Z src/app.py:8: IndexError
2026-09-23T08:49:19.8692888Z =========================== short test summary info ============================
2026-09-23T08:49:19.8693421Z FAILED tests/test_app.py::test_index_error - IndexError: list index out of range
2026-09-23T08:49:19.8694427Z ========================= 1 failed, 5 passed in 0.02s ==========================
2026-09-23T08:49:19.8891257Z ##[error]Process completed with exit code 1.
2026-09-23T08:49:19.9032135Z Node 20 is being deprecated. This workflow is running with Node 24 by default. If you need to temporarily use Node 20, you can set the ACTIONS_ALLOW_USE_UNSECURE_NODE_VERSION=true environment variable. For more information see: https://github.blog/changelog/2025-09-19-deprecation-of-node-20-on-github-actions-runners/
2026-09-23T08:49:19.9033261Z Post job cleanup.
2026-09-23T08:49:19.9860812Z [command]/usr/bin/git version
2026-09-23T08:49:19.9897846Z git version 2.55.0
2026-09-23T08:49:19.9932248Z Temporarily overriding HOME='/home/runner/work/_temp/f8e87f4a-eced-4e11-8680-0952fd1f5e30' before making global git config changes
2026-09-23T08:49:19.9933823Z Adding repository directory to the temporary git global config as a safe directory
2026-09-23T08:49:19.9938053Z [command]/usr/bin/git config --global --add safe.directory /home/runner/work/log-generation/log-generation
2026-09-23T08:49:19.9971965Z [command]/usr/bin/git config --local --name-only --get-regexp core\.sshCommand
2026-09-23T08:49:20.0002990Z [command]/usr/bin/git submodule foreach --recursive sh -c "git config --local --name-only --get-regexp 'core\.sshCommand' && git config --local --unset-all 'core.sshCommand' || :"
2026-09-23T08:49:20.0207658Z [command]/usr/bin/git config --local --name-only --get-regexp http\.https\:\/\/github\.com\/\.extraheader
2026-09-23T08:49:20.0230970Z http.https://github.com/.extraheader
2026-09-23T08:49:20.0240932Z [command]/usr/bin/git config --local --unset-all http.https://github.com/.extraheader
2026-09-23T08:49:20.0273433Z [command]/usr/bin/git submodule foreach --recursive sh -c "git config --local --name-only --get-regexp 'http\.https\:\/\/github\.com\/\.extraheader' && git config --local --unset-all 'http.https://github.com/.extraheader' || :"
2026-09-23T08:49:20.0474790Z [command]/usr/bin/git config --local --name-only --get-regexp ^includeIf\.gitdir:
2026-09-23T08:49:20.0515243Z [command]/usr/bin/git submodule foreach --recursive git config --local --show-origin --name-only --get-regexp remote.origin.url
2026-09-23T08:49:20.0957460Z Cleaning up orphan processes
2026-09-23T08:49:20.1166615Z ##[warning]Node.js 20 is deprecated. The following actions target Node.js 20 but are being forced to run on Node.js 24: actions/checkout@v4, actions/setup-python@v5. For more information see: https://github.blog/changelog/2025-09-19-deprecation-of-node-20-on-github-actions-runners/
