ï»¿2026-09-23T08:48:04.1324256Z Current runner version: '2.337.0'
2026-09-23T08:48:04.1350722Z ##[group]Runner Image Provisioner
2026-09-23T08:48:04.1351555Z Hosted Compute Agent
2026-09-23T08:48:04.1352284Z Version: 20260828.587
2026-09-23T08:48:04.1352990Z Commit: abac92662cab4cc7352de4f9f9d2e2419aad9c29
2026-09-23T08:48:04.1353781Z Build Date: 2026-08-28T16:44:25Z
2026-09-23T08:48:04.1354500Z Worker ID: {151c1cde-67f7-4c49-8f8c-115b2e6f58f2}
2026-09-23T08:48:04.1355254Z Azure Region: northcentralus
2026-09-23T08:48:04.1355949Z ##[endgroup]
2026-09-23T08:48:04.1357334Z ##[group]Operating System
2026-09-23T08:48:04.1358336Z Ubuntu
2026-09-23T08:48:04.1358897Z 24.04.5
2026-09-23T08:48:04.1359418Z LTS
2026-09-23T08:48:04.1360430Z ##[endgroup]
2026-09-23T08:48:04.1361106Z ##[group]Runner Image
2026-09-23T08:48:04.1361832Z Image: ubuntu-24.04
2026-09-23T08:48:04.1362437Z Version: 20260907.300.1
2026-09-23T08:48:04.1363831Z Included Software: https://github.com/actions/runner-images/blob/ubuntu24/20260907.300/images/ubuntu/Ubuntu2404-Readme.md
2026-09-23T08:48:04.1365429Z Image Release: https://github.com/actions/runner-images/releases/tag/ubuntu24%2F20260907.300
2026-09-23T08:48:04.1366446Z ##[endgroup]
2026-09-23T08:48:04.1367870Z ##[group]GITHUB_TOKEN Permissions
2026-09-23T08:48:04.1370266Z Contents: read
2026-09-23T08:48:04.1370952Z Metadata: read
2026-09-23T08:48:04.1371549Z Packages: read
2026-09-23T08:48:04.1372190Z ##[endgroup]
2026-09-23T08:48:04.1374348Z Secret source: Actions
2026-09-23T08:48:04.1375521Z Cache mode: write
2026-09-23T08:48:04.1376572Z Prepare workflow directory
2026-09-23T08:48:04.1819686Z Prepare all required actions
2026-09-23T08:48:04.1887713Z Getting action download info
2026-09-23T08:48:04.4362132Z Download action repository 'actions/checkout@v4' (SHA:11d5960a326750d5838078e36cf38b85af677262)
2026-09-23T08:48:04.5823739Z Download action repository 'actions/setup-python@v5' (SHA:a26af69be951a213d495a4c3e4e4022e16d87065)
2026-09-23T08:48:04.8107737Z Complete job name: test-f3 (AssertionError #16)
2026-09-23T08:48:04.8845166Z Node 20 is being deprecated. This workflow is running with Node 24 by default. If you need to temporarily use Node 20, you can set the ACTIONS_ALLOW_USE_UNSECURE_NODE_VERSION=true environment variable. For more information see: https://github.blog/changelog/2025-09-19-deprecation-of-node-20-on-github-actions-runners/
2026-09-23T08:48:04.8854143Z ##[group]Run actions/checkout@v4
2026-09-23T08:48:04.8854843Z with:
2026-09-23T08:48:04.8855275Z   fetch-depth: 1
2026-09-23T08:48:04.8855764Z   repository: DhruvHegde/log-generation
2026-09-23T08:48:04.8860337Z   token: ***
2026-09-23T08:48:04.8860783Z   ssh-strict: true
2026-09-23T08:48:04.8861229Z   ssh-user: git
2026-09-23T08:48:04.8861682Z   persist-credentials: true
2026-09-23T08:48:04.8862173Z   clean: true
2026-09-23T08:48:04.8862623Z   sparse-checkout-cone-mode: true
2026-09-23T08:48:04.8863149Z   fetch-tags: false
2026-09-23T08:48:04.8863596Z   show-progress: true
2026-09-23T08:48:04.8864040Z   lfs: false
2026-09-23T08:48:04.8864512Z   submodules: false
2026-09-23T08:48:04.8864985Z   set-safe-directory: true
2026-09-23T08:48:04.8865505Z   allow-unsafe-pr-checkout: false
2026-09-23T08:48:04.8866218Z ##[endgroup]
2026-09-23T08:48:04.9912184Z Syncing repository: DhruvHegde/log-generation
2026-09-23T08:48:04.9914871Z ##[group]Getting Git version info
2026-09-23T08:48:04.9916109Z Working directory is '/home/runner/work/log-generation/log-generation'
2026-09-23T08:48:04.9918226Z [command]/usr/bin/git version
2026-09-23T08:48:04.9950512Z git version 2.55.0
2026-09-23T08:48:04.9971848Z ##[endgroup]
2026-09-23T08:48:04.9989149Z Temporarily overriding HOME='/home/runner/work/_temp/6541ebf1-88cd-4e60-bee5-289cdc9e2678' before making global git config changes
2026-09-23T08:48:04.9991476Z Adding repository directory to the temporary git global config as a safe directory
2026-09-23T08:48:04.9994368Z [command]/usr/bin/git config --global --add safe.directory /home/runner/work/log-generation/log-generation
2026-09-23T08:48:05.0045350Z Deleting the contents of '/home/runner/work/log-generation/log-generation'
2026-09-23T08:48:05.0054188Z ##[group]Initializing the repository
2026-09-23T08:48:05.0055454Z [command]/usr/bin/git init /home/runner/work/log-generation/log-generation
2026-09-23T08:48:05.0138569Z hint: Using 'master' as the name for the initial branch. This default branch name
2026-09-23T08:48:05.0140183Z hint: will change to "main" in Git 3.0. To configure the initial branch name
2026-09-23T08:48:05.0141654Z hint: to use in all of your new repositories, which will suppress this warning,
2026-09-23T08:48:05.0143134Z hint: call:
2026-09-23T08:48:05.0143766Z hint:
2026-09-23T08:48:05.0144587Z hint: 	git config --global init.defaultBranch <name>
2026-09-23T08:48:05.0145562Z hint:
2026-09-23T08:48:05.0146519Z hint: Names commonly chosen instead of 'master' are 'main', 'trunk' and
2026-09-23T08:48:05.0148493Z hint: 'development'. The just-created branch can be renamed via this command:
2026-09-23T08:48:05.0149723Z hint:
2026-09-23T08:48:05.0150441Z hint: 	git branch -m <name>
2026-09-23T08:48:05.0151223Z hint:
2026-09-23T08:48:05.0152211Z hint: Disable this message with "git config set advice.defaultBranchName false"
2026-09-23T08:48:05.0153900Z Initialized empty Git repository in /home/runner/work/log-generation/log-generation/.git/
2026-09-23T08:48:05.0158455Z [command]/usr/bin/git remote add origin https://github.com/DhruvHegde/log-generation
2026-09-23T08:48:05.0203187Z ##[endgroup]
2026-09-23T08:48:05.0204431Z ##[group]Disabling automatic garbage collection
2026-09-23T08:48:05.0208214Z [command]/usr/bin/git config --local gc.auto 0
2026-09-23T08:48:05.0243829Z ##[endgroup]
2026-09-23T08:48:05.0244961Z ##[group]Setting up auth
2026-09-23T08:48:05.0251923Z [command]/usr/bin/git config --local --name-only --get-regexp core\.sshCommand
2026-09-23T08:48:05.0287357Z [command]/usr/bin/git submodule foreach --recursive sh -c "git config --local --name-only --get-regexp 'core\.sshCommand' && git config --local --unset-all 'core.sshCommand' || :"
2026-09-23T08:48:05.0642228Z [command]/usr/bin/git config --local --name-only --get-regexp http\.https\:\/\/github\.com\/\.extraheader
2026-09-23T08:48:05.0682594Z [command]/usr/bin/git submodule foreach --recursive sh -c "git config --local --name-only --get-regexp 'http\.https\:\/\/github\.com\/\.extraheader' && git config --local --unset-all 'http.https://github.com/.extraheader' || :"
2026-09-23T08:48:05.0948427Z [command]/usr/bin/git config --local --name-only --get-regexp ^includeIf\.gitdir:
2026-09-23T08:48:05.0990643Z [command]/usr/bin/git submodule foreach --recursive git config --local --show-origin --name-only --get-regexp remote.origin.url
2026-09-23T08:48:05.1235201Z [command]/usr/bin/git config --local http.https://github.com/.extraheader AUTHORIZATION: basic ***
2026-09-23T08:48:05.1275585Z ##[endgroup]
2026-09-23T08:48:05.1276522Z ##[group]Fetching the repository
2026-09-23T08:48:05.1285607Z [command]/usr/bin/git -c protocol.version=2 fetch --no-tags --prune --no-recurse-submodules --depth=1 origin +43f20917de93b9aad51cf79a69ad5239c5632917:refs/remotes/origin/feature/f3-test-failures
2026-09-23T08:48:05.6173984Z From https://github.com/DhruvHegde/log-generation
2026-09-23T08:48:05.6175980Z  * [new ref]         43f20917de93b9aad51cf79a69ad5239c5632917 -> origin/feature/f3-test-failures
2026-09-23T08:48:05.6179745Z ##[endgroup]
2026-09-23T08:48:05.6181222Z ##[group]Determining the checkout info
2026-09-23T08:48:05.6182812Z ##[endgroup]
2026-09-23T08:48:05.6191853Z [command]/usr/bin/git sparse-checkout disable
2026-09-23T08:48:05.6250025Z [command]/usr/bin/git config --local --unset-all extensions.worktreeConfig
2026-09-23T08:48:05.6291723Z ##[group]Checking out the ref
2026-09-23T08:48:05.6297358Z [command]/usr/bin/git checkout --progress --force -B feature/f3-test-failures refs/remotes/origin/feature/f3-test-failures
2026-09-23T08:48:05.6707039Z Switched to a new branch 'feature/f3-test-failures'
2026-09-23T08:48:05.6710212Z branch 'feature/f3-test-failures' set up to track 'origin/feature/f3-test-failures'.
2026-09-23T08:48:05.6717354Z ##[endgroup]
2026-09-23T08:48:05.6765806Z [command]/usr/bin/git log -1 --format=%H
2026-09-23T08:48:05.6795291Z 43f20917de93b9aad51cf79a69ad5239c5632917
2026-09-23T08:48:05.7157403Z Node 20 is being deprecated. This workflow is running with Node 24 by default. If you need to temporarily use Node 20, you can set the ACTIONS_ALLOW_USE_UNSECURE_NODE_VERSION=true environment variable. For more information see: https://github.blog/changelog/2025-09-19-deprecation-of-node-20-on-github-actions-runners/
2026-09-23T08:48:05.7162655Z ##[group]Run actions/setup-python@v5
2026-09-23T08:48:05.7163868Z with:
2026-09-23T08:48:05.7164847Z   python-version: 3.11
2026-09-23T08:48:05.7165937Z   check-latest: false
2026-09-23T08:48:05.7174891Z   token: ***
2026-09-23T08:48:05.7175921Z   update-environment: true
2026-09-23T08:48:05.7177083Z   allow-prereleases: false
2026-09-23T08:48:05.7178317Z   freethreaded: false
2026-09-23T08:48:05.7179377Z ##[endgroup]
2026-09-23T08:48:05.8527362Z ##[group]Installed versions
2026-09-23T08:48:05.9105885Z (node:2370) [DEP0040] DeprecationWarning: The `punycode` module is deprecated. Please use a userland alternative instead.
2026-09-23T08:48:05.9106923Z (Use `node --trace-deprecation ...` to show where the warning was created)
2026-09-23T08:48:05.9107712Z Successfully set up CPython (3.11.16)
2026-09-23T08:48:05.9108564Z ##[endgroup]
2026-09-23T08:48:05.9311067Z ##[group]Run pip install --no-cache-dir pytest
2026-09-23T08:48:05.9311689Z [36;1mpip install --no-cache-dir pytest[0m
2026-09-23T08:48:05.9432007Z shell: /usr/bin/bash -e {0}
2026-09-23T08:48:05.9432633Z env:
2026-09-23T08:48:05.9433150Z   pythonLocation: /opt/hostedtoolcache/Python/3.11.16/x64
2026-09-23T08:48:05.9433955Z   PKG_CONFIG_PATH: /opt/hostedtoolcache/Python/3.11.16/x64/lib/pkgconfig
2026-09-23T08:48:05.9434701Z   Python_ROOT_DIR: /opt/hostedtoolcache/Python/3.11.16/x64
2026-09-23T08:48:05.9435467Z   Python2_ROOT_DIR: /opt/hostedtoolcache/Python/3.11.16/x64
2026-09-23T08:48:05.9540909Z   Python3_ROOT_DIR: /opt/hostedtoolcache/Python/3.11.16/x64
2026-09-23T08:48:05.9541811Z   LD_LIBRARY_PATH: /opt/hostedtoolcache/Python/3.11.16/x64/lib
2026-09-23T08:48:05.9542264Z ##[endgroup]
2026-09-23T08:48:09.2195724Z Collecting pytest
2026-09-23T08:48:09.2661586Z   Downloading pytest-9.1.1-py3-none-any.whl.metadata (7.6 kB)
2026-09-23T08:48:09.2741516Z Collecting iniconfig>=1.0.1 (from pytest)
2026-09-23T08:48:09.2776903Z   Downloading iniconfig-2.3.0-py3-none-any.whl.metadata (2.5 kB)
2026-09-23T08:48:09.2867923Z Collecting packaging>=22 (from pytest)
2026-09-23T08:48:09.2903316Z   Downloading packaging-26.3-py3-none-any.whl.metadata (3.5 kB)
2026-09-23T08:48:09.2976688Z Collecting pluggy<2,>=1.5 (from pytest)
2026-09-23T08:48:09.3013259Z   Downloading pluggy-1.6.0-py3-none-any.whl.metadata (4.8 kB)
2026-09-23T08:48:09.3132245Z Collecting pygments>=2.7.2 (from pytest)
2026-09-23T08:48:09.3166945Z   Downloading pygments-2.21.0-py3-none-any.whl.metadata (2.5 kB)
2026-09-23T08:48:09.3227278Z Downloading pytest-9.1.1-py3-none-any.whl (386 kB)
2026-09-23T08:48:09.3422439Z Downloading pluggy-1.6.0-py3-none-any.whl (20 kB)
2026-09-23T08:48:09.3456296Z Downloading iniconfig-2.3.0-py3-none-any.whl (7.5 kB)
2026-09-23T08:48:09.3492513Z Downloading packaging-26.3-py3-none-any.whl (129 kB)
2026-09-23T08:48:09.3551876Z Downloading pygments-2.21.0-py3-none-any.whl (1.3 MB)
2026-09-23T08:48:09.3764390Z    ââââââââââââââââââââââââââââââââââââââââ 1.3/1.3 MB 69.7 MB/s  0:00:00
2026-09-23T08:48:09.6043787Z Installing collected packages: pygments, pluggy, packaging, iniconfig, pytest
2026-09-23T08:48:10.6104095Z 
2026-09-23T08:48:10.6114477Z Successfully installed iniconfig-2.3.0 packaging-26.3 pluggy-1.6.0 pygments-2.21.0 pytest-9.1.1
2026-09-23T08:48:10.6746235Z ##[group]Run python automation/inject_mutation.py --error-type "AssertionError"
2026-09-23T08:48:10.6746875Z [36;1mpython automation/inject_mutation.py --error-type "AssertionError"[0m
2026-09-23T08:48:10.6790236Z shell: /usr/bin/bash -e {0}
2026-09-23T08:48:10.6790518Z env:
2026-09-23T08:48:10.6791061Z   pythonLocation: /opt/hostedtoolcache/Python/3.11.16/x64
2026-09-23T08:48:10.6791529Z   PKG_CONFIG_PATH: /opt/hostedtoolcache/Python/3.11.16/x64/lib/pkgconfig
2026-09-23T08:48:10.6791955Z   Python_ROOT_DIR: /opt/hostedtoolcache/Python/3.11.16/x64
2026-09-23T08:48:10.6792339Z   Python2_ROOT_DIR: /opt/hostedtoolcache/Python/3.11.16/x64
2026-09-23T08:48:10.6792752Z   Python3_ROOT_DIR: /opt/hostedtoolcache/Python/3.11.16/x64
2026-09-23T08:48:10.6793138Z   LD_LIBRARY_PATH: /opt/hostedtoolcache/Python/3.11.16/x64/lib
2026-09-23T08:48:10.6793512Z ##[endgroup]
2026-09-23T08:48:10.7120289Z [Mutation Injected] Successfully injected AssertionError into tests/test_app.py
2026-09-23T08:48:10.7199541Z ##[group]Run pytest tests/test_app.py -v
2026-09-23T08:48:10.7199935Z [36;1mpytest tests/test_app.py -v[0m
2026-09-23T08:48:10.7243399Z shell: /usr/bin/bash -e {0}
2026-09-23T08:48:10.7243678Z env:
2026-09-23T08:48:10.7243961Z   pythonLocation: /opt/hostedtoolcache/Python/3.11.16/x64
2026-09-23T08:48:10.7244411Z   PKG_CONFIG_PATH: /opt/hostedtoolcache/Python/3.11.16/x64/lib/pkgconfig
2026-09-23T08:48:10.7244860Z   Python_ROOT_DIR: /opt/hostedtoolcache/Python/3.11.16/x64
2026-09-23T08:48:10.7245249Z   Python2_ROOT_DIR: /opt/hostedtoolcache/Python/3.11.16/x64
2026-09-23T08:48:10.7245633Z   Python3_ROOT_DIR: /opt/hostedtoolcache/Python/3.11.16/x64
2026-09-23T08:48:10.7246014Z   LD_LIBRARY_PATH: /opt/hostedtoolcache/Python/3.11.16/x64/lib
2026-09-23T08:48:10.7246344Z ##[endgroup]
2026-09-23T08:48:11.1995693Z ============================= test session starts ==============================
2026-09-23T08:48:11.1996719Z platform linux -- Python 3.11.16, pytest-9.1.1, pluggy-1.6.0 -- /opt/hostedtoolcache/Python/3.11.16/x64/bin/python
2026-09-23T08:48:11.1997385Z cachedir: .pytest_cache
2026-09-23T08:48:11.1998234Z rootdir: /home/runner/work/log-generation/log-generation
2026-09-23T08:48:11.1998688Z configfile: pytest.ini
2026-09-23T08:48:11.2089715Z collecting ... collected 6 items
2026-09-23T08:48:11.2090265Z 
2026-09-23T08:48:11.2109025Z tests/test_app.py::test_calculate_division PASSED                        [ 16%]
2026-09-23T08:48:11.2110422Z tests/test_app.py::test_convert_to_int PASSED                            [ 33%]
2026-09-23T08:48:11.2111806Z tests/test_app.py::test_get_list_item PASSED                             [ 50%]
2026-09-23T08:48:11.2118164Z tests/test_app.py::test_get_dict_value PASSED                            [ 66%]
2026-09-23T08:48:11.2125241Z tests/test_app.py::test_assert_positive PASSED                           [ 83%]
2026-09-23T08:48:11.2416216Z tests/test_app.py::test_assertion_failure FAILED                         [100%]
2026-09-23T08:48:11.2416926Z 
2026-09-23T08:48:11.2417197Z =================================== FAILURES ===================================
2026-09-23T08:48:11.2418321Z ____________________________ test_assertion_failure ____________________________
2026-09-23T08:48:11.2418762Z 
2026-09-23T08:48:11.2418923Z     def test_assertion_failure():
2026-09-23T08:48:11.2419363Z         """Injected synthetic AssertionError."""
2026-09-23T08:48:11.2419863Z         expected_status = 200
2026-09-23T08:48:11.2420250Z         actual_status = 500
2026-09-23T08:48:11.2420942Z >       assert actual_status == expected_status, f"Expected {expected_status}, received {actual_status}"
2026-09-23T08:48:11.2421723Z E       AssertionError: Expected 200, received 500
2026-09-23T08:48:11.2422167Z E       assert 500 == 200
2026-09-23T08:48:11.2422388Z 
2026-09-23T08:48:11.2422581Z tests/test_app.py:140: AssertionError
2026-09-23T08:48:11.2423080Z =========================== short test summary info ============================
2026-09-23T08:48:11.2423908Z FAILED tests/test_app.py::test_assertion_failure - AssertionError: Expected 200, received 500
2026-09-23T08:48:11.2424603Z assert 500 == 200
2026-09-23T08:48:11.2425017Z ========================= 1 failed, 5 passed in 0.03s ==========================
2026-09-23T08:48:11.2644918Z ##[error]Process completed with exit code 1.
2026-09-23T08:48:11.2794900Z Node 20 is being deprecated. This workflow is running with Node 24 by default. If you need to temporarily use Node 20, you can set the ACTIONS_ALLOW_USE_UNSECURE_NODE_VERSION=true environment variable. For more information see: https://github.blog/changelog/2025-09-19-deprecation-of-node-20-on-github-actions-runners/
2026-09-23T08:48:11.2796247Z Post job cleanup.
2026-09-23T08:48:11.3685409Z [command]/usr/bin/git version
2026-09-23T08:48:11.3734947Z git version 2.55.0
2026-09-23T08:48:11.3773518Z Temporarily overriding HOME='/home/runner/work/_temp/1aa56aec-da8c-4a44-9195-8ddf98d823ad' before making global git config changes
2026-09-23T08:48:11.3774995Z Adding repository directory to the temporary git global config as a safe directory
2026-09-23T08:48:11.3779330Z [command]/usr/bin/git config --global --add safe.directory /home/runner/work/log-generation/log-generation
2026-09-23T08:48:11.3823698Z [command]/usr/bin/git config --local --name-only --get-regexp core\.sshCommand
2026-09-23T08:48:11.3861691Z [command]/usr/bin/git submodule foreach --recursive sh -c "git config --local --name-only --get-regexp 'core\.sshCommand' && git config --local --unset-all 'core.sshCommand' || :"
2026-09-23T08:48:11.4130448Z [command]/usr/bin/git config --local --name-only --get-regexp http\.https\:\/\/github\.com\/\.extraheader
2026-09-23T08:48:11.4162595Z http.https://github.com/.extraheader
2026-09-23T08:48:11.4178550Z [command]/usr/bin/git config --local --unset-all http.https://github.com/.extraheader
2026-09-23T08:48:11.4216022Z [command]/usr/bin/git submodule foreach --recursive sh -c "git config --local --name-only --get-regexp 'http\.https\:\/\/github\.com\/\.extraheader' && git config --local --unset-all 'http.https://github.com/.extraheader' || :"
2026-09-23T08:48:11.4498844Z [command]/usr/bin/git config --local --name-only --get-regexp ^includeIf\.gitdir:
2026-09-23T08:48:11.4544761Z [command]/usr/bin/git submodule foreach --recursive git config --local --show-origin --name-only --get-regexp remote.origin.url
2026-09-23T08:48:11.4961429Z Cleaning up orphan processes
2026-09-23T08:48:11.5247246Z ##[warning]Node.js 20 is deprecated. The following actions target Node.js 20 but are being forced to run on Node.js 24: actions/checkout@v4, actions/setup-python@v5. For more information see: https://github.blog/changelog/2025-09-19-deprecation-of-node-20-on-github-actions-runners/
