ï»¿2026-09-23T08:48:36.0052794Z Current runner version: '2.337.0'
2026-09-23T08:48:36.0074129Z ##[group]Runner Image Provisioner
2026-09-23T08:48:36.0075052Z Hosted Compute Agent
2026-09-23T08:48:36.0075609Z Version: 20260828.587
2026-09-23T08:48:36.0076249Z Commit: abac92662cab4cc7352de4f9f9d2e2419aad9c29
2026-09-23T08:48:36.0076950Z Build Date: 2026-08-28T16:44:25Z
2026-09-23T08:48:36.0077662Z Worker ID: {1842a993-e193-46b7-ba63-b2ad6e23421d}
2026-09-23T08:48:36.0078414Z Azure Region: westcentralus
2026-09-23T08:48:36.0079029Z ##[endgroup]
2026-09-23T08:48:36.0080693Z ##[group]Operating System
2026-09-23T08:48:36.0081288Z Ubuntu
2026-09-23T08:48:36.0081799Z 24.04.5
2026-09-23T08:48:36.0082332Z LTS
2026-09-23T08:48:36.0082826Z ##[endgroup]
2026-09-23T08:48:36.0083752Z ##[group]Runner Image
2026-09-23T08:48:36.0084372Z Image: ubuntu-24.04
2026-09-23T08:48:36.0084934Z Version: 20260907.300.1
2026-09-23T08:48:36.0086132Z Included Software: https://github.com/actions/runner-images/blob/ubuntu24/20260907.300/images/ubuntu/Ubuntu2404-Readme.md
2026-09-23T08:48:36.0087559Z Image Release: https://github.com/actions/runner-images/releases/tag/ubuntu24%2F20260907.300
2026-09-23T08:48:36.0088466Z ##[endgroup]
2026-09-23T08:48:36.0089700Z ##[group]GITHUB_TOKEN Permissions
2026-09-23T08:48:36.0091835Z Contents: read
2026-09-23T08:48:36.0092414Z Metadata: read
2026-09-23T08:48:36.0092984Z Packages: read
2026-09-23T08:48:36.0093794Z ##[endgroup]
2026-09-23T08:48:36.0095949Z Secret source: Actions
2026-09-23T08:48:36.0096827Z Cache mode: write
2026-09-23T08:48:36.0097878Z Prepare workflow directory
2026-09-23T08:48:36.0400246Z Prepare all required actions
2026-09-23T08:48:36.0447534Z Getting action download info
2026-09-23T08:48:36.3422951Z Download action repository 'actions/checkout@v4' (SHA:11d5960a326750d5838078e36cf38b85af677262)
2026-09-23T08:48:36.4561919Z Download action repository 'actions/setup-python@v5' (SHA:a26af69be951a213d495a4c3e4e4022e16d87065)
2026-09-23T08:48:36.6574604Z Complete job name: test-f3 (ValueError #110)
2026-09-23T08:48:36.7213767Z Node 20 is being deprecated. This workflow is running with Node 24 by default. If you need to temporarily use Node 20, you can set the ACTIONS_ALLOW_USE_UNSECURE_NODE_VERSION=true environment variable. For more information see: https://github.blog/changelog/2025-09-19-deprecation-of-node-20-on-github-actions-runners/
2026-09-23T08:48:36.7221974Z ##[group]Run actions/checkout@v4
2026-09-23T08:48:36.7222694Z with:
2026-09-23T08:48:36.7223225Z   fetch-depth: 1
2026-09-23T08:48:36.7224100Z   repository: DhruvHegde/log-generation
2026-09-23T08:48:36.7227829Z   token: ***
2026-09-23T08:48:36.7228364Z   ssh-strict: true
2026-09-23T08:48:36.7228862Z   ssh-user: git
2026-09-23T08:48:36.7229363Z   persist-credentials: true
2026-09-23T08:48:36.7229945Z   clean: true
2026-09-23T08:48:36.7230470Z   sparse-checkout-cone-mode: true
2026-09-23T08:48:36.7231073Z   fetch-tags: false
2026-09-23T08:48:36.7231768Z   show-progress: true
2026-09-23T08:48:36.7232266Z   lfs: false
2026-09-23T08:48:36.7232883Z   submodules: false
2026-09-23T08:48:36.7233743Z   set-safe-directory: true
2026-09-23T08:48:36.7234350Z   allow-unsafe-pr-checkout: false
2026-09-23T08:48:36.7235177Z ##[endgroup]
2026-09-23T08:48:36.8192338Z Syncing repository: DhruvHegde/log-generation
2026-09-23T08:48:36.8195309Z ##[group]Getting Git version info
2026-09-23T08:48:36.8196636Z Working directory is '/home/runner/work/log-generation/log-generation'
2026-09-23T08:48:36.8198351Z [command]/usr/bin/git version
2026-09-23T08:48:36.8268715Z git version 2.55.0
2026-09-23T08:48:36.8286382Z ##[endgroup]
2026-09-23T08:48:36.8297997Z Temporarily overriding HOME='/home/runner/work/_temp/06d4fdfc-4c96-49a9-8db7-dae7038c0ca4' before making global git config changes
2026-09-23T08:48:36.8300368Z Adding repository directory to the temporary git global config as a safe directory
2026-09-23T08:48:36.8302446Z [command]/usr/bin/git config --global --add safe.directory /home/runner/work/log-generation/log-generation
2026-09-23T08:48:36.8355894Z Deleting the contents of '/home/runner/work/log-generation/log-generation'
2026-09-23T08:48:36.8360646Z ##[group]Initializing the repository
2026-09-23T08:48:36.8364285Z [command]/usr/bin/git init /home/runner/work/log-generation/log-generation
2026-09-23T08:48:36.8469686Z hint: Using 'master' as the name for the initial branch. This default branch name
2026-09-23T08:48:36.8471430Z hint: will change to "main" in Git 3.0. To configure the initial branch name
2026-09-23T08:48:36.8472834Z hint: to use in all of your new repositories, which will suppress this warning,
2026-09-23T08:48:36.8481130Z hint: call:
2026-09-23T08:48:36.8482312Z hint:
2026-09-23T08:48:36.8483306Z hint: 	git config --global init.defaultBranch <name>
2026-09-23T08:48:36.8484545Z hint:
2026-09-23T08:48:36.8485470Z hint: Names commonly chosen instead of 'master' are 'main', 'trunk' and
2026-09-23T08:48:36.8486854Z hint: 'development'. The just-created branch can be renamed via this command:
2026-09-23T08:48:36.8488132Z hint:
2026-09-23T08:48:36.8489592Z hint: 	git branch -m <name>
2026-09-23T08:48:36.8490509Z hint:
2026-09-23T08:48:36.8491590Z hint: Disable this message with "git config set advice.defaultBranchName false"
2026-09-23T08:48:36.8493348Z Initialized empty Git repository in /home/runner/work/log-generation/log-generation/.git/
2026-09-23T08:48:36.8496133Z [command]/usr/bin/git remote add origin https://github.com/DhruvHegde/log-generation
2026-09-23T08:48:36.8539208Z ##[endgroup]
2026-09-23T08:48:36.8540537Z ##[group]Disabling automatic garbage collection
2026-09-23T08:48:36.8543934Z [command]/usr/bin/git config --local gc.auto 0
2026-09-23T08:48:36.8570380Z ##[endgroup]
2026-09-23T08:48:36.8571675Z ##[group]Setting up auth
2026-09-23T08:48:36.8575942Z [command]/usr/bin/git config --local --name-only --get-regexp core\.sshCommand
2026-09-23T08:48:36.8604461Z [command]/usr/bin/git submodule foreach --recursive sh -c "git config --local --name-only --get-regexp 'core\.sshCommand' && git config --local --unset-all 'core.sshCommand' || :"
2026-09-23T08:48:36.8955940Z [command]/usr/bin/git config --local --name-only --get-regexp http\.https\:\/\/github\.com\/\.extraheader
2026-09-23T08:48:36.8985006Z [command]/usr/bin/git submodule foreach --recursive sh -c "git config --local --name-only --get-regexp 'http\.https\:\/\/github\.com\/\.extraheader' && git config --local --unset-all 'http.https://github.com/.extraheader' || :"
2026-09-23T08:48:36.9193243Z [command]/usr/bin/git config --local --name-only --get-regexp ^includeIf\.gitdir:
2026-09-23T08:48:36.9222077Z [command]/usr/bin/git submodule foreach --recursive git config --local --show-origin --name-only --get-regexp remote.origin.url
2026-09-23T08:48:36.9402709Z [command]/usr/bin/git config --local http.https://github.com/.extraheader AUTHORIZATION: basic ***
2026-09-23T08:48:36.9433285Z ##[endgroup]
2026-09-23T08:48:36.9434835Z ##[group]Fetching the repository
2026-09-23T08:48:36.9442066Z [command]/usr/bin/git -c protocol.version=2 fetch --no-tags --prune --no-recurse-submodules --depth=1 origin +43f20917de93b9aad51cf79a69ad5239c5632917:refs/remotes/origin/feature/f3-test-failures
2026-09-23T08:48:37.7520605Z From https://github.com/DhruvHegde/log-generation
2026-09-23T08:48:37.7522411Z  * [new ref]         43f20917de93b9aad51cf79a69ad5239c5632917 -> origin/feature/f3-test-failures
2026-09-23T08:48:37.7526695Z ##[endgroup]
2026-09-23T08:48:37.7528202Z ##[group]Determining the checkout info
2026-09-23T08:48:37.7529815Z ##[endgroup]
2026-09-23T08:48:37.7534977Z [command]/usr/bin/git sparse-checkout disable
2026-09-23T08:48:37.7584714Z [command]/usr/bin/git config --local --unset-all extensions.worktreeConfig
2026-09-23T08:48:37.7616411Z ##[group]Checking out the ref
2026-09-23T08:48:37.7621829Z [command]/usr/bin/git checkout --progress --force -B feature/f3-test-failures refs/remotes/origin/feature/f3-test-failures
2026-09-23T08:48:37.7941818Z Switched to a new branch 'feature/f3-test-failures'
2026-09-23T08:48:37.7946943Z branch 'feature/f3-test-failures' set up to track 'origin/feature/f3-test-failures'.
2026-09-23T08:48:37.7954818Z ##[endgroup]
2026-09-23T08:48:37.7990010Z [command]/usr/bin/git log -1 --format=%H
2026-09-23T08:48:37.8011447Z 43f20917de93b9aad51cf79a69ad5239c5632917
2026-09-23T08:48:37.8379489Z Node 20 is being deprecated. This workflow is running with Node 24 by default. If you need to temporarily use Node 20, you can set the ACTIONS_ALLOW_USE_UNSECURE_NODE_VERSION=true environment variable. For more information see: https://github.blog/changelog/2025-09-19-deprecation-of-node-20-on-github-actions-runners/
2026-09-23T08:48:37.8385399Z ##[group]Run actions/setup-python@v5
2026-09-23T08:48:37.8386623Z with:
2026-09-23T08:48:37.8387583Z   python-version: 3.11
2026-09-23T08:48:37.8388638Z   check-latest: false
2026-09-23T08:48:37.8398381Z   token: ***
2026-09-23T08:48:37.8399367Z   update-environment: true
2026-09-23T08:48:37.8400504Z   allow-prereleases: false
2026-09-23T08:48:37.8401639Z   freethreaded: false
2026-09-23T08:48:37.8402654Z ##[endgroup]
2026-09-23T08:48:37.9656629Z ##[group]Installed versions
2026-09-23T08:48:37.9757607Z (node:2443) [DEP0040] DeprecationWarning: The `punycode` module is deprecated. Please use a userland alternative instead.
2026-09-23T08:48:37.9761299Z (Use `node --trace-deprecation ...` to show where the warning was created)
2026-09-23T08:48:37.9762989Z Successfully set up CPython (3.11.16)
2026-09-23T08:48:37.9765080Z ##[endgroup]
2026-09-23T08:48:37.9938115Z ##[group]Run pip install --no-cache-dir pytest
2026-09-23T08:48:37.9940001Z [36;1mpip install --no-cache-dir pytest[0m
2026-09-23T08:48:37.9987263Z shell: /usr/bin/bash -e {0}
2026-09-23T08:48:37.9988461Z env:
2026-09-23T08:48:37.9989798Z   pythonLocation: /opt/hostedtoolcache/Python/3.11.16/x64
2026-09-23T08:48:37.9991744Z   PKG_CONFIG_PATH: /opt/hostedtoolcache/Python/3.11.16/x64/lib/pkgconfig
2026-09-23T08:48:37.9994134Z   Python_ROOT_DIR: /opt/hostedtoolcache/Python/3.11.16/x64
2026-09-23T08:48:37.9995895Z   Python2_ROOT_DIR: /opt/hostedtoolcache/Python/3.11.16/x64
2026-09-23T08:48:37.9997552Z   Python3_ROOT_DIR: /opt/hostedtoolcache/Python/3.11.16/x64
2026-09-23T08:48:37.9999282Z   LD_LIBRARY_PATH: /opt/hostedtoolcache/Python/3.11.16/x64/lib
2026-09-23T08:48:38.0000698Z ##[endgroup]
2026-09-23T08:48:38.9228962Z Collecting pytest
2026-09-23T08:48:39.0309401Z   Downloading pytest-9.1.1-py3-none-any.whl.metadata (7.6 kB)
2026-09-23T08:48:39.0543864Z Collecting iniconfig>=1.0.1 (from pytest)
2026-09-23T08:48:39.0734783Z   Downloading iniconfig-2.3.0-py3-none-any.whl.metadata (2.5 kB)
2026-09-23T08:48:39.0985308Z Collecting packaging>=22 (from pytest)
2026-09-23T08:48:39.1177479Z   Downloading packaging-26.3-py3-none-any.whl.metadata (3.5 kB)
2026-09-23T08:48:39.1405890Z Collecting pluggy<2,>=1.5 (from pytest)
2026-09-23T08:48:39.1597767Z   Downloading pluggy-1.6.0-py3-none-any.whl.metadata (4.8 kB)
2026-09-23T08:48:39.1895791Z Collecting pygments>=2.7.2 (from pytest)
2026-09-23T08:48:39.2087954Z   Downloading pygments-2.21.0-py3-none-any.whl.metadata (2.5 kB)
2026-09-23T08:48:39.2301837Z Downloading pytest-9.1.1-py3-none-any.whl (386 kB)
2026-09-23T08:48:39.3133999Z Downloading pluggy-1.6.0-py3-none-any.whl (20 kB)
2026-09-23T08:48:39.3322849Z Downloading iniconfig-2.3.0-py3-none-any.whl (7.5 kB)
2026-09-23T08:48:39.3512606Z Downloading packaging-26.3-py3-none-any.whl (129 kB)
2026-09-23T08:48:39.3722182Z Downloading pygments-2.21.0-py3-none-any.whl (1.3 MB)
2026-09-23T08:48:39.4280078Z    ââââââââââââââââââââââââââââââââââââââââ 1.3/1.3 MB 27.2 MB/s  0:00:00
2026-09-23T08:48:39.4874022Z Installing collected packages: pygments, pluggy, packaging, iniconfig, pytest
2026-09-23T08:48:40.2622732Z 
2026-09-23T08:48:40.2631567Z Successfully installed iniconfig-2.3.0 packaging-26.3 pluggy-1.6.0 pygments-2.21.0 pytest-9.1.1
2026-09-23T08:48:40.3206767Z ##[group]Run python automation/inject_mutation.py --error-type "ValueError"
2026-09-23T08:48:40.3207482Z [36;1mpython automation/inject_mutation.py --error-type "ValueError"[0m
2026-09-23T08:48:40.3233938Z shell: /usr/bin/bash -e {0}
2026-09-23T08:48:40.3234320Z env:
2026-09-23T08:48:40.3234715Z   pythonLocation: /opt/hostedtoolcache/Python/3.11.16/x64
2026-09-23T08:48:40.3235420Z   PKG_CONFIG_PATH: /opt/hostedtoolcache/Python/3.11.16/x64/lib/pkgconfig
2026-09-23T08:48:40.3235947Z   Python_ROOT_DIR: /opt/hostedtoolcache/Python/3.11.16/x64
2026-09-23T08:48:40.3236451Z   Python2_ROOT_DIR: /opt/hostedtoolcache/Python/3.11.16/x64
2026-09-23T08:48:40.3236931Z   Python3_ROOT_DIR: /opt/hostedtoolcache/Python/3.11.16/x64
2026-09-23T08:48:40.3237395Z   LD_LIBRARY_PATH: /opt/hostedtoolcache/Python/3.11.16/x64/lib
2026-09-23T08:48:40.3237804Z ##[endgroup]
2026-09-23T08:48:40.3511045Z [Mutation Injected] Successfully injected ValueError into tests/test_app.py
2026-09-23T08:48:40.3584994Z ##[group]Run pytest tests/test_app.py -v
2026-09-23T08:48:40.3585481Z [36;1mpytest tests/test_app.py -v[0m
2026-09-23T08:48:40.3607744Z shell: /usr/bin/bash -e {0}
2026-09-23T08:48:40.3608109Z env:
2026-09-23T08:48:40.3608454Z   pythonLocation: /opt/hostedtoolcache/Python/3.11.16/x64
2026-09-23T08:48:40.3608991Z   PKG_CONFIG_PATH: /opt/hostedtoolcache/Python/3.11.16/x64/lib/pkgconfig
2026-09-23T08:48:40.3609558Z   Python_ROOT_DIR: /opt/hostedtoolcache/Python/3.11.16/x64
2026-09-23T08:48:40.3610024Z   Python2_ROOT_DIR: /opt/hostedtoolcache/Python/3.11.16/x64
2026-09-23T08:48:40.3610472Z   Python3_ROOT_DIR: /opt/hostedtoolcache/Python/3.11.16/x64
2026-09-23T08:48:40.3610911Z   LD_LIBRARY_PATH: /opt/hostedtoolcache/Python/3.11.16/x64/lib
2026-09-23T08:48:40.3611342Z ##[endgroup]
2026-09-23T08:48:40.5679735Z ============================= test session starts ==============================
2026-09-23T08:48:40.5681238Z platform linux -- Python 3.11.16, pytest-9.1.1, pluggy-1.6.0 -- /opt/hostedtoolcache/Python/3.11.16/x64/bin/python
2026-09-23T08:48:40.5682281Z cachedir: .pytest_cache
2026-09-23T08:48:40.5682925Z rootdir: /home/runner/work/log-generation/log-generation
2026-09-23T08:48:40.5683846Z configfile: pytest.ini
2026-09-23T08:48:40.5755723Z collecting ... collected 6 items
2026-09-23T08:48:40.5756230Z 
2026-09-23T08:48:40.5763116Z tests/test_app.py::test_calculate_division PASSED                        [ 16%]
2026-09-23T08:48:40.5769186Z tests/test_app.py::test_convert_to_int PASSED                            [ 33%]
2026-09-23T08:48:40.5775220Z tests/test_app.py::test_get_list_item PASSED                             [ 50%]
2026-09-23T08:48:40.5780708Z tests/test_app.py::test_get_dict_value PASSED                            [ 66%]
2026-09-23T08:48:40.5786841Z tests/test_app.py::test_assert_positive PASSED                           [ 83%]
2026-09-23T08:48:40.6013752Z tests/test_app.py::test_value_error FAILED                               [100%]
2026-09-23T08:48:40.6014811Z 
2026-09-23T08:48:40.6015214Z =================================== FAILURES ===================================
2026-09-23T08:48:40.6016210Z _______________________________ test_value_error _______________________________
2026-09-23T08:48:40.6016861Z 
2026-09-23T08:48:40.6017123Z     def test_value_error():
2026-09-23T08:48:40.6017895Z         """Injected synthetic ValueError."""
2026-09-23T08:48:40.6018569Z         from src.app import convert_to_int
2026-09-23T08:48:40.6019373Z >       convert_to_int("unparseable_alphanumeric_0x99")
2026-09-23T08:48:40.6019743Z 
2026-09-23T08:48:40.6019965Z tests/test_app.py:139: 
2026-09-23T08:48:40.6020480Z _ _ _ _ _ _ _ _ _ _ _ _ _ _ _ _ _ _ _ _ _ _ _ _ _ _ _ _ _ _ _ _ _ _ _ _ _ _ _ _ 
2026-09-23T08:48:40.6020966Z 
2026-09-23T08:48:40.6021183Z val = 'unparseable_alphanumeric_0x99'
2026-09-23T08:48:40.6021525Z 
2026-09-23T08:48:40.6021717Z     def convert_to_int(val):
2026-09-23T08:48:40.6022221Z >       return int(val)
2026-09-23T08:48:40.6022697Z                ^^^^^^^^
2026-09-23T08:48:40.6023344Z E       ValueError: invalid literal for int() with base 10: 'unparseable_alphanumeric_0x99'
2026-09-23T08:48:40.6024093Z 
2026-09-23T08:48:40.6024339Z src/app.py:5: ValueError
2026-09-23T08:48:40.6024884Z =========================== short test summary info ============================
2026-09-23T08:48:40.6025977Z FAILED tests/test_app.py::test_value_error - ValueError: invalid literal for int() with base 10: 'unparseable_alphanumeric_0x99'
2026-09-23T08:48:40.6027254Z ========================= 1 failed, 5 passed in 0.02s ==========================
2026-09-23T08:48:40.6218339Z ##[error]Process completed with exit code 1.
2026-09-23T08:48:40.6359005Z Node 20 is being deprecated. This workflow is running with Node 24 by default. If you need to temporarily use Node 20, you can set the ACTIONS_ALLOW_USE_UNSECURE_NODE_VERSION=true environment variable. For more information see: https://github.blog/changelog/2025-09-19-deprecation-of-node-20-on-github-actions-runners/
2026-09-23T08:48:40.6360157Z Post job cleanup.
2026-09-23T08:48:40.7162688Z [command]/usr/bin/git version
2026-09-23T08:48:40.7197159Z git version 2.55.0
2026-09-23T08:48:40.7230103Z Temporarily overriding HOME='/home/runner/work/_temp/42cae6fa-3a20-4501-bd32-aa5f5a2605bd' before making global git config changes
2026-09-23T08:48:40.7231631Z Adding repository directory to the temporary git global config as a safe directory
2026-09-23T08:48:40.7235990Z [command]/usr/bin/git config --global --add safe.directory /home/runner/work/log-generation/log-generation
2026-09-23T08:48:40.7270493Z [command]/usr/bin/git config --local --name-only --get-regexp core\.sshCommand
2026-09-23T08:48:40.7301331Z [command]/usr/bin/git submodule foreach --recursive sh -c "git config --local --name-only --get-regexp 'core\.sshCommand' && git config --local --unset-all 'core.sshCommand' || :"
2026-09-23T08:48:40.7506248Z [command]/usr/bin/git config --local --name-only --get-regexp http\.https\:\/\/github\.com\/\.extraheader
2026-09-23T08:48:40.7529180Z http.https://github.com/.extraheader
2026-09-23T08:48:40.7540343Z [command]/usr/bin/git config --local --unset-all http.https://github.com/.extraheader
2026-09-23T08:48:40.7569166Z [command]/usr/bin/git submodule foreach --recursive sh -c "git config --local --name-only --get-regexp 'http\.https\:\/\/github\.com\/\.extraheader' && git config --local --unset-all 'http.https://github.com/.extraheader' || :"
2026-09-23T08:48:40.7799007Z [command]/usr/bin/git config --local --name-only --get-regexp ^includeIf\.gitdir:
2026-09-23T08:48:40.7829663Z [command]/usr/bin/git submodule foreach --recursive git config --local --show-origin --name-only --get-regexp remote.origin.url
2026-09-23T08:48:40.8192776Z Cleaning up orphan processes
2026-09-23T08:48:40.8410660Z ##[warning]Node.js 20 is deprecated. The following actions target Node.js 20 but are being forced to run on Node.js 24: actions/checkout@v4, actions/setup-python@v5. For more information see: https://github.blog/changelog/2025-09-19-deprecation-of-node-20-on-github-actions-runners/
