ï»¿2026-09-23T08:43:29.4675217Z Current runner version: '2.337.0'
2026-09-23T08:43:29.4702066Z ##[group]Runner Image Provisioner
2026-09-23T08:43:29.4702946Z Hosted Compute Agent
2026-09-23T08:43:29.4703671Z Version: 20260828.587
2026-09-23T08:43:29.4704331Z Commit: abac92662cab4cc7352de4f9f9d2e2419aad9c29
2026-09-23T08:43:29.4705120Z Build Date: 2026-08-28T16:44:25Z
2026-09-23T08:43:29.4705876Z Worker ID: {e1612845-9546-4f65-aa4c-e8fd1c63271c}
2026-09-23T08:43:29.4706629Z Azure Region: centralus
2026-09-23T08:43:29.4707294Z ##[endgroup]
2026-09-23T08:43:29.4708737Z ##[group]Operating System
2026-09-23T08:43:29.4709478Z Ubuntu
2026-09-23T08:43:29.4710081Z 24.04.5
2026-09-23T08:43:29.4710580Z LTS
2026-09-23T08:43:29.4711612Z ##[endgroup]
2026-09-23T08:43:29.4712348Z ##[group]Runner Image
2026-09-23T08:43:29.4713057Z Image: ubuntu-24.04
2026-09-23T08:43:29.4713702Z Version: 20260907.300.1
2026-09-23T08:43:29.4715051Z Included Software: https://github.com/actions/runner-images/blob/ubuntu24/20260907.300/images/ubuntu/Ubuntu2404-Readme.md
2026-09-23T08:43:29.4716606Z Image Release: https://github.com/actions/runner-images/releases/tag/ubuntu24%2F20260907.300
2026-09-23T08:43:29.4717617Z ##[endgroup]
2026-09-23T08:43:29.4718947Z ##[group]GITHUB_TOKEN Permissions
2026-09-23T08:43:29.4721257Z Contents: read
2026-09-23T08:43:29.4722103Z Metadata: read
2026-09-23T08:43:29.4722814Z Packages: read
2026-09-23T08:43:29.4723547Z ##[endgroup]
2026-09-23T08:43:29.4725738Z Secret source: Actions
2026-09-23T08:43:29.4726744Z Cache mode: write
2026-09-23T08:43:29.4727805Z Prepare workflow directory
2026-09-23T08:43:29.5072530Z Prepare all required actions
2026-09-23T08:43:29.5121391Z Getting action download info
2026-09-23T08:43:29.7882209Z Download action repository 'actions/checkout@v4' (SHA:11d5960a326750d5838078e36cf38b85af677262)
2026-09-23T08:43:29.8856035Z Download action repository 'actions/setup-python@v5' (SHA:a26af69be951a213d495a4c3e4e4022e16d87065)
2026-09-23T08:43:30.0757463Z Complete job name: test-f3 (ValueError #24)
2026-09-23T08:43:30.1519132Z Node 20 is being deprecated. This workflow is running with Node 24 by default. If you need to temporarily use Node 20, you can set the ACTIONS_ALLOW_USE_UNSECURE_NODE_VERSION=true environment variable. For more information see: https://github.blog/changelog/2025-09-19-deprecation-of-node-20-on-github-actions-runners/
2026-09-23T08:43:30.1527927Z ##[group]Run actions/checkout@v4
2026-09-23T08:43:30.1528625Z with:
2026-09-23T08:43:30.1529061Z   fetch-depth: 1
2026-09-23T08:43:30.1529532Z   repository: DhruvHegde/log-generation
2026-09-23T08:43:30.1533738Z   token: ***
2026-09-23T08:43:30.1534172Z   ssh-strict: true
2026-09-23T08:43:30.1534616Z   ssh-user: git
2026-09-23T08:43:30.1535067Z   persist-credentials: true
2026-09-23T08:43:30.1535554Z   clean: true
2026-09-23T08:43:30.1535997Z   sparse-checkout-cone-mode: true
2026-09-23T08:43:30.1536506Z   fetch-tags: false
2026-09-23T08:43:30.1536945Z   show-progress: true
2026-09-23T08:43:30.1537382Z   lfs: false
2026-09-23T08:43:30.1537840Z   submodules: false
2026-09-23T08:43:30.1538293Z   set-safe-directory: true
2026-09-23T08:43:30.1538788Z   allow-unsafe-pr-checkout: false
2026-09-23T08:43:30.1539505Z ##[endgroup]
2026-09-23T08:43:30.2594475Z Syncing repository: DhruvHegde/log-generation
2026-09-23T08:43:30.2597144Z ##[group]Getting Git version info
2026-09-23T08:43:30.2598339Z Working directory is '/home/runner/work/log-generation/log-generation'
2026-09-23T08:43:30.2600101Z [command]/usr/bin/git version
2026-09-23T08:43:30.2635836Z git version 2.55.0
2026-09-23T08:43:30.2656908Z ##[endgroup]
2026-09-23T08:43:30.2672196Z Temporarily overriding HOME='/home/runner/work/_temp/f725c9c0-80e5-4070-8ec8-f7e12f40e76b' before making global git config changes
2026-09-23T08:43:30.2674580Z Adding repository directory to the temporary git global config as a safe directory
2026-09-23T08:43:30.2677752Z [command]/usr/bin/git config --global --add safe.directory /home/runner/work/log-generation/log-generation
2026-09-23T08:43:30.2736446Z Deleting the contents of '/home/runner/work/log-generation/log-generation'
2026-09-23T08:43:30.2743293Z ##[group]Initializing the repository
2026-09-23T08:43:30.2747793Z [command]/usr/bin/git init /home/runner/work/log-generation/log-generation
2026-09-23T08:43:30.2832804Z hint: Using 'master' as the name for the initial branch. This default branch name
2026-09-23T08:43:30.2834699Z hint: will change to "main" in Git 3.0. To configure the initial branch name
2026-09-23T08:43:30.2838723Z hint: to use in all of your new repositories, which will suppress this warning,
2026-09-23T08:43:30.2839991Z hint: call:
2026-09-23T08:43:30.2841031Z hint:
2026-09-23T08:43:30.2842156Z hint: 	git config --global init.defaultBranch <name>
2026-09-23T08:43:30.2842875Z hint:
2026-09-23T08:43:30.2843463Z hint: Names commonly chosen instead of 'master' are 'main', 'trunk' and
2026-09-23T08:43:30.2844619Z hint: 'development'. The just-created branch can be renamed via this command:
2026-09-23T08:43:30.2845796Z hint:
2026-09-23T08:43:30.2846374Z hint: 	git branch -m <name>
2026-09-23T08:43:30.2846880Z hint:
2026-09-23T08:43:30.2847503Z hint: Disable this message with "git config set advice.defaultBranchName false"
2026-09-23T08:43:30.2848550Z Initialized empty Git repository in /home/runner/work/log-generation/log-generation/.git/
2026-09-23T08:43:30.2850492Z [command]/usr/bin/git remote add origin https://github.com/DhruvHegde/log-generation
2026-09-23T08:43:30.2895027Z ##[endgroup]
2026-09-23T08:43:30.2895918Z ##[group]Disabling automatic garbage collection
2026-09-23T08:43:30.2900221Z [command]/usr/bin/git config --local gc.auto 0
2026-09-23T08:43:30.2945928Z ##[endgroup]
2026-09-23T08:43:30.2947092Z ##[group]Setting up auth
2026-09-23T08:43:30.2948297Z [command]/usr/bin/git config --local --name-only --get-regexp core\.sshCommand
2026-09-23T08:43:30.2986162Z [command]/usr/bin/git submodule foreach --recursive sh -c "git config --local --name-only --get-regexp 'core\.sshCommand' && git config --local --unset-all 'core.sshCommand' || :"
2026-09-23T08:43:30.3345099Z [command]/usr/bin/git config --local --name-only --get-regexp http\.https\:\/\/github\.com\/\.extraheader
2026-09-23T08:43:30.3386822Z [command]/usr/bin/git submodule foreach --recursive sh -c "git config --local --name-only --get-regexp 'http\.https\:\/\/github\.com\/\.extraheader' && git config --local --unset-all 'http.https://github.com/.extraheader' || :"
2026-09-23T08:43:30.3652701Z [command]/usr/bin/git config --local --name-only --get-regexp ^includeIf\.gitdir:
2026-09-23T08:43:30.3692910Z [command]/usr/bin/git submodule foreach --recursive git config --local --show-origin --name-only --get-regexp remote.origin.url
2026-09-23T08:43:30.3942041Z [command]/usr/bin/git config --local http.https://github.com/.extraheader AUTHORIZATION: basic ***
2026-09-23T08:43:30.3984679Z ##[endgroup]
2026-09-23T08:43:30.3994035Z ##[group]Fetching the repository
2026-09-23T08:43:30.3995811Z [command]/usr/bin/git -c protocol.version=2 fetch --no-tags --prune --no-recurse-submodules --depth=1 origin +dfcb6f158e4bd8054252a4da5d0a9edc2ab15d57:refs/remotes/origin/feature/f3-test-failures
2026-09-23T08:43:30.7665533Z From https://github.com/DhruvHegde/log-generation
2026-09-23T08:43:30.7666705Z  * [new ref]         dfcb6f158e4bd8054252a4da5d0a9edc2ab15d57 -> origin/feature/f3-test-failures
2026-09-23T08:43:30.7672014Z ##[endgroup]
2026-09-23T08:43:30.7672995Z ##[group]Determining the checkout info
2026-09-23T08:43:30.7673865Z ##[endgroup]
2026-09-23T08:43:30.7679945Z [command]/usr/bin/git sparse-checkout disable
2026-09-23T08:43:30.7733080Z [command]/usr/bin/git config --local --unset-all extensions.worktreeConfig
2026-09-23T08:43:30.7768200Z ##[group]Checking out the ref
2026-09-23T08:43:30.7773392Z [command]/usr/bin/git checkout --progress --force -B feature/f3-test-failures refs/remotes/origin/feature/f3-test-failures
2026-09-23T08:43:30.7852738Z Switched to a new branch 'feature/f3-test-failures'
2026-09-23T08:43:30.7857534Z branch 'feature/f3-test-failures' set up to track 'origin/feature/f3-test-failures'.
2026-09-23T08:43:30.7862931Z ##[endgroup]
2026-09-23T08:43:30.7907301Z [command]/usr/bin/git log -1 --format=%H
2026-09-23T08:43:30.7937747Z dfcb6f158e4bd8054252a4da5d0a9edc2ab15d57
2026-09-23T08:43:30.8213056Z Node 20 is being deprecated. This workflow is running with Node 24 by default. If you need to temporarily use Node 20, you can set the ACTIONS_ALLOW_USE_UNSECURE_NODE_VERSION=true environment variable. For more information see: https://github.blog/changelog/2025-09-19-deprecation-of-node-20-on-github-actions-runners/
2026-09-23T08:43:30.8215713Z ##[group]Run actions/setup-python@v5
2026-09-23T08:43:30.8216245Z with:
2026-09-23T08:43:30.8216664Z   python-version: 3.11
2026-09-23T08:43:30.8217135Z   check-latest: false
2026-09-23T08:43:30.8221013Z   token: ***
2026-09-23T08:43:30.8221448Z   update-environment: true
2026-09-23T08:43:30.8222082Z   allow-prereleases: false
2026-09-23T08:43:30.8222567Z   freethreaded: false
2026-09-23T08:43:30.8223011Z ##[endgroup]
2026-09-23T08:43:30.9571780Z ##[group]Installed versions
2026-09-23T08:43:30.9652720Z (node:2239) [DEP0040] DeprecationWarning: The `punycode` module is deprecated. Please use a userland alternative instead.
2026-09-23T08:43:30.9654792Z (Use `node --trace-deprecation ...` to show where the warning was created)
2026-09-23T08:43:30.9656033Z Successfully set up CPython (3.11.16)
2026-09-23T08:43:30.9657277Z ##[endgroup]
2026-09-23T08:43:30.9861257Z ##[group]Run pip install --no-cache-dir pytest
2026-09-23T08:43:30.9862291Z [36;1mpip install --no-cache-dir pytest[0m
2026-09-23T08:43:30.9916285Z shell: /usr/bin/bash -e {0}
2026-09-23T08:43:30.9916943Z env:
2026-09-23T08:43:30.9917494Z   pythonLocation: /opt/hostedtoolcache/Python/3.11.16/x64
2026-09-23T08:43:30.9918484Z   PKG_CONFIG_PATH: /opt/hostedtoolcache/Python/3.11.16/x64/lib/pkgconfig
2026-09-23T08:43:31.0022582Z   Python_ROOT_DIR: /opt/hostedtoolcache/Python/3.11.16/x64
2026-09-23T08:43:31.0024230Z   Python2_ROOT_DIR: /opt/hostedtoolcache/Python/3.11.16/x64
2026-09-23T08:43:31.0025518Z   Python3_ROOT_DIR: /opt/hostedtoolcache/Python/3.11.16/x64
2026-09-23T08:43:31.0026597Z   LD_LIBRARY_PATH: /opt/hostedtoolcache/Python/3.11.16/x64/lib
2026-09-23T08:43:31.0027473Z ##[endgroup]
2026-09-23T08:43:31.8319414Z Collecting pytest
2026-09-23T08:43:31.9003138Z   Downloading pytest-9.1.1-py3-none-any.whl.metadata (7.6 kB)
2026-09-23T08:43:31.9195153Z Collecting iniconfig>=1.0.1 (from pytest)
2026-09-23T08:43:31.9304729Z   Downloading iniconfig-2.3.0-py3-none-any.whl.metadata (2.5 kB)
2026-09-23T08:43:31.9530977Z Collecting packaging>=22 (from pytest)
2026-09-23T08:43:31.9655347Z   Downloading packaging-26.3-py3-none-any.whl.metadata (3.5 kB)
2026-09-23T08:43:31.9846284Z Collecting pluggy<2,>=1.5 (from pytest)
2026-09-23T08:43:31.9955316Z   Downloading pluggy-1.6.0-py3-none-any.whl.metadata (4.8 kB)
2026-09-23T08:43:32.0221168Z Collecting pygments>=2.7.2 (from pytest)
2026-09-23T08:43:32.0329365Z   Downloading pygments-2.21.0-py3-none-any.whl.metadata (2.5 kB)
2026-09-23T08:43:32.0479222Z Downloading pytest-9.1.1-py3-none-any.whl (386 kB)
2026-09-23T08:43:32.0972925Z Downloading pluggy-1.6.0-py3-none-any.whl (20 kB)
2026-09-23T08:43:32.1083518Z Downloading iniconfig-2.3.0-py3-none-any.whl (7.5 kB)
2026-09-23T08:43:32.1188933Z Downloading packaging-26.3-py3-none-any.whl (129 kB)
2026-09-23T08:43:32.1308983Z Downloading pygments-2.21.0-py3-none-any.whl (1.3 MB)
2026-09-23T08:43:32.1612903Z    ââââââââââââââââââââââââââââââââââââââââ 1.3/1.3 MB 53.0 MB/s  0:00:00
2026-09-23T08:43:32.2201478Z Installing collected packages: pygments, pluggy, packaging, iniconfig, pytest
2026-09-23T08:43:33.2593838Z 
2026-09-23T08:43:33.2602815Z Successfully installed iniconfig-2.3.0 packaging-26.3 pluggy-1.6.0 pygments-2.21.0 pytest-9.1.1
2026-09-23T08:43:33.3227089Z ##[group]Run python automation/inject_mutation.py --error-type "ValueError"
2026-09-23T08:43:33.3227793Z [36;1mpython automation/inject_mutation.py --error-type "ValueError"[0m
2026-09-23T08:43:33.3270120Z shell: /usr/bin/bash -e {0}
2026-09-23T08:43:33.3270462Z env:
2026-09-23T08:43:33.3270819Z   pythonLocation: /opt/hostedtoolcache/Python/3.11.16/x64
2026-09-23T08:43:33.3271601Z   PKG_CONFIG_PATH: /opt/hostedtoolcache/Python/3.11.16/x64/lib/pkgconfig
2026-09-23T08:43:33.3272283Z   Python_ROOT_DIR: /opt/hostedtoolcache/Python/3.11.16/x64
2026-09-23T08:43:33.3272719Z   Python2_ROOT_DIR: /opt/hostedtoolcache/Python/3.11.16/x64
2026-09-23T08:43:33.3273175Z   Python3_ROOT_DIR: /opt/hostedtoolcache/Python/3.11.16/x64
2026-09-23T08:43:33.3273647Z   LD_LIBRARY_PATH: /opt/hostedtoolcache/Python/3.11.16/x64/lib
2026-09-23T08:43:33.3274050Z ##[endgroup]
2026-09-23T08:43:33.3597230Z [Mutation Injected] Successfully injected ValueError into tests/test_app.py
2026-09-23T08:43:33.3673803Z ##[group]Run pytest tests/test_app.py -v
2026-09-23T08:43:33.3674262Z [36;1mpytest tests/test_app.py -v[0m
2026-09-23T08:43:33.3716201Z shell: /usr/bin/bash -e {0}
2026-09-23T08:43:33.3716525Z env:
2026-09-23T08:43:33.3716856Z   pythonLocation: /opt/hostedtoolcache/Python/3.11.16/x64
2026-09-23T08:43:33.3717354Z   PKG_CONFIG_PATH: /opt/hostedtoolcache/Python/3.11.16/x64/lib/pkgconfig
2026-09-23T08:43:33.3717855Z   Python_ROOT_DIR: /opt/hostedtoolcache/Python/3.11.16/x64
2026-09-23T08:43:33.3718294Z   Python2_ROOT_DIR: /opt/hostedtoolcache/Python/3.11.16/x64
2026-09-23T08:43:33.3718729Z   Python3_ROOT_DIR: /opt/hostedtoolcache/Python/3.11.16/x64
2026-09-23T08:43:33.3719168Z   LD_LIBRARY_PATH: /opt/hostedtoolcache/Python/3.11.16/x64/lib
2026-09-23T08:43:33.3719544Z ##[endgroup]
2026-09-23T08:43:33.5968057Z ============================= test session starts ==============================
2026-09-23T08:43:33.5969377Z platform linux -- Python 3.11.16, pytest-9.1.1, pluggy-1.6.0 -- /opt/hostedtoolcache/Python/3.11.16/x64/bin/python
2026-09-23T08:43:33.5970303Z cachedir: .pytest_cache
2026-09-23T08:43:33.5970866Z rootdir: /home/runner/work/log-generation/log-generation
2026-09-23T08:43:33.5971337Z configfile: pytest.ini
2026-09-23T08:43:33.6050362Z collecting ... collected 6 items
2026-09-23T08:43:33.6050744Z 
2026-09-23T08:43:33.6058864Z tests/test_app.py::test_calculate_division PASSED                        [ 16%]
2026-09-23T08:43:33.6065452Z tests/test_app.py::test_convert_to_int PASSED                            [ 33%]
2026-09-23T08:43:33.6072093Z tests/test_app.py::test_get_list_item PASSED                             [ 50%]
2026-09-23T08:43:33.6078200Z tests/test_app.py::test_get_dict_value PASSED                            [ 66%]
2026-09-23T08:43:33.6084145Z tests/test_app.py::test_assert_positive PASSED                           [ 83%]
2026-09-23T08:43:33.6386332Z tests/test_app.py::test_value_error FAILED                               [100%]
2026-09-23T08:43:33.6387016Z 
2026-09-23T08:43:33.6387363Z =================================== FAILURES ===================================
2026-09-23T08:43:33.6388176Z _______________________________ test_value_error _______________________________
2026-09-23T08:43:33.6388678Z 
2026-09-23T08:43:33.6388855Z     def test_value_error():
2026-09-23T08:43:33.6389337Z         """Injected synthetic ValueError."""
2026-09-23T08:43:33.6389929Z         from src.app import convert_to_int
2026-09-23T08:43:33.6390533Z >       convert_to_int("unparseable_alphanumeric_0x99")
2026-09-23T08:43:33.6390946Z 
2026-09-23T08:43:33.6391146Z tests/test_app.py:137: 
2026-09-23T08:43:33.6391689Z _ _ _ _ _ _ _ _ _ _ _ _ _ _ _ _ _ _ _ _ _ _ _ _ _ _ _ _ _ _ _ _ _ _ _ _ _ _ _ _ 
2026-09-23T08:43:33.6392455Z 
2026-09-23T08:43:33.6392688Z val = 'unparseable_alphanumeric_0x99'
2026-09-23T08:43:33.6393046Z 
2026-09-23T08:43:33.6393248Z     def convert_to_int(val):
2026-09-23T08:43:33.6393712Z >       return int(val)
2026-09-23T08:43:33.6394144Z                ^^^^^^^^
2026-09-23T08:43:33.6394857Z E       ValueError: invalid literal for int() with base 10: 'unparseable_alphanumeric_0x99'
2026-09-23T08:43:33.6395444Z 
2026-09-23T08:43:33.6395646Z src/app.py:5: ValueError
2026-09-23T08:43:33.6396222Z =========================== short test summary info ============================
2026-09-23T08:43:33.6397426Z FAILED tests/test_app.py::test_value_error - ValueError: invalid literal for int() with base 10: 'unparseable_alphanumeric_0x99'
2026-09-23T08:43:33.6399082Z ========================= 1 failed, 5 passed in 0.03s ==========================
2026-09-23T08:43:33.6604874Z ##[error]Process completed with exit code 1.
2026-09-23T08:43:33.6749872Z Node 20 is being deprecated. This workflow is running with Node 24 by default. If you need to temporarily use Node 20, you can set the ACTIONS_ALLOW_USE_UNSECURE_NODE_VERSION=true environment variable. For more information see: https://github.blog/changelog/2025-09-19-deprecation-of-node-20-on-github-actions-runners/
2026-09-23T08:43:33.6751127Z Post job cleanup.
2026-09-23T08:43:33.7630652Z [command]/usr/bin/git version
2026-09-23T08:43:33.7674511Z git version 2.55.0
2026-09-23T08:43:33.7712134Z Temporarily overriding HOME='/home/runner/work/_temp/e78ef637-6dbd-4f37-832c-e95be1f47346' before making global git config changes
2026-09-23T08:43:33.7713521Z Adding repository directory to the temporary git global config as a safe directory
2026-09-23T08:43:33.7717634Z [command]/usr/bin/git config --global --add safe.directory /home/runner/work/log-generation/log-generation
2026-09-23T08:43:33.7763381Z [command]/usr/bin/git config --local --name-only --get-regexp core\.sshCommand
2026-09-23T08:43:33.7803090Z [command]/usr/bin/git submodule foreach --recursive sh -c "git config --local --name-only --get-regexp 'core\.sshCommand' && git config --local --unset-all 'core.sshCommand' || :"
2026-09-23T08:43:33.8085488Z [command]/usr/bin/git config --local --name-only --get-regexp http\.https\:\/\/github\.com\/\.extraheader
2026-09-23T08:43:33.8122574Z http.https://github.com/.extraheader
2026-09-23T08:43:33.8135468Z [command]/usr/bin/git config --local --unset-all http.https://github.com/.extraheader
2026-09-23T08:43:33.8184304Z [command]/usr/bin/git submodule foreach --recursive sh -c "git config --local --name-only --get-regexp 'http\.https\:\/\/github\.com\/\.extraheader' && git config --local --unset-all 'http.https://github.com/.extraheader' || :"
2026-09-23T08:43:33.8488941Z [command]/usr/bin/git config --local --name-only --get-regexp ^includeIf\.gitdir:
2026-09-23T08:43:33.8536856Z [command]/usr/bin/git submodule foreach --recursive git config --local --show-origin --name-only --get-regexp remote.origin.url
2026-09-23T08:43:33.9010811Z Cleaning up orphan processes
2026-09-23T08:43:33.9306702Z ##[warning]Node.js 20 is deprecated. The following actions target Node.js 20 but are being forced to run on Node.js 24: actions/checkout@v4, actions/setup-python@v5. For more information see: https://github.blog/changelog/2025-09-19-deprecation-of-node-20-on-github-actions-runners/
