ï»¿2026-09-23T08:48:41.9180732Z Current runner version: '2.337.0'
2026-09-23T08:48:41.9208202Z ##[group]Runner Image Provisioner
2026-09-23T08:48:41.9209079Z Hosted Compute Agent
2026-09-23T08:48:41.9209673Z Version: 20260828.587
2026-09-23T08:48:41.9210429Z Commit: abac92662cab4cc7352de4f9f9d2e2419aad9c29
2026-09-23T08:48:41.9211261Z Build Date: 2026-08-28T16:44:25Z
2026-09-23T08:48:41.9212003Z Worker ID: {7b8dff01-3642-483b-8b33-c1b72f3fb6b9}
2026-09-23T08:48:41.9212956Z Azure Region: centralus
2026-09-23T08:48:41.9213583Z ##[endgroup]
2026-09-23T08:48:41.9215096Z ##[group]Operating System
2026-09-23T08:48:41.9215790Z Ubuntu
2026-09-23T08:48:41.9216399Z 24.04.5
2026-09-23T08:48:41.9216971Z LTS
2026-09-23T08:48:41.9217516Z ##[endgroup]
2026-09-23T08:48:41.9218616Z ##[group]Runner Image
2026-09-23T08:48:41.9219310Z Image: ubuntu-24.04
2026-09-23T08:48:41.9219889Z Version: 20260907.300.1
2026-09-23T08:48:41.9221282Z Included Software: https://github.com/actions/runner-images/blob/ubuntu24/20260907.300/images/ubuntu/Ubuntu2404-Readme.md
2026-09-23T08:48:41.9223217Z Image Release: https://github.com/actions/runner-images/releases/tag/ubuntu24%2F20260907.300
2026-09-23T08:48:41.9224259Z ##[endgroup]
2026-09-23T08:48:41.9225591Z ##[group]GITHUB_TOKEN Permissions
2026-09-23T08:48:41.9227822Z Contents: read
2026-09-23T08:48:41.9228432Z Metadata: read
2026-09-23T08:48:41.9229373Z Packages: read
2026-09-23T08:48:41.9229961Z ##[endgroup]
2026-09-23T08:48:41.9232502Z Secret source: Actions
2026-09-23T08:48:41.9233563Z Cache mode: write
2026-09-23T08:48:41.9234695Z Prepare workflow directory
2026-09-23T08:48:41.9582951Z Prepare all required actions
2026-09-23T08:48:41.9633397Z Getting action download info
2026-09-23T08:48:42.2167800Z Download action repository 'actions/checkout@v4' (SHA:11d5960a326750d5838078e36cf38b85af677262)
2026-09-23T08:48:42.3223908Z Download action repository 'actions/setup-python@v5' (SHA:a26af69be951a213d495a4c3e4e4022e16d87065)
2026-09-23T08:48:42.5464377Z Complete job name: test-f3 (ValueError #116)
2026-09-23T08:48:42.6221596Z Node 20 is being deprecated. This workflow is running with Node 24 by default. If you need to temporarily use Node 20, you can set the ACTIONS_ALLOW_USE_UNSECURE_NODE_VERSION=true environment variable. For more information see: https://github.blog/changelog/2025-09-19-deprecation-of-node-20-on-github-actions-runners/
2026-09-23T08:48:42.6230506Z ##[group]Run actions/checkout@v4
2026-09-23T08:48:42.6231280Z with:
2026-09-23T08:48:42.6231710Z   fetch-depth: 1
2026-09-23T08:48:42.6232352Z   repository: DhruvHegde/log-generation
2026-09-23T08:48:42.6236215Z   token: ***
2026-09-23T08:48:42.6236661Z   ssh-strict: true
2026-09-23T08:48:42.6237122Z   ssh-user: git
2026-09-23T08:48:42.6237584Z   persist-credentials: true
2026-09-23T08:48:42.6238095Z   clean: true
2026-09-23T08:48:42.6238565Z   sparse-checkout-cone-mode: true
2026-09-23T08:48:42.6239103Z   fetch-tags: false
2026-09-23T08:48:42.6239567Z   show-progress: true
2026-09-23T08:48:42.6240026Z   lfs: false
2026-09-23T08:48:42.6240497Z   submodules: false
2026-09-23T08:48:42.6240975Z   set-safe-directory: true
2026-09-23T08:48:42.6241484Z   allow-unsafe-pr-checkout: false
2026-09-23T08:48:42.6242423Z ##[endgroup]
2026-09-23T08:48:42.7244478Z Syncing repository: DhruvHegde/log-generation
2026-09-23T08:48:42.7246486Z ##[group]Getting Git version info
2026-09-23T08:48:42.7247286Z Working directory is '/home/runner/work/log-generation/log-generation'
2026-09-23T08:48:42.7248406Z [command]/usr/bin/git version
2026-09-23T08:48:42.7348470Z git version 2.55.0
2026-09-23T08:48:42.7374826Z ##[endgroup]
2026-09-23T08:48:42.7387907Z Temporarily overriding HOME='/home/runner/work/_temp/f6185952-d007-4e82-ba0c-ef87d10de70f' before making global git config changes
2026-09-23T08:48:42.7390466Z Adding repository directory to the temporary git global config as a safe directory
2026-09-23T08:48:42.7394341Z [command]/usr/bin/git config --global --add safe.directory /home/runner/work/log-generation/log-generation
2026-09-23T08:48:42.7473774Z Deleting the contents of '/home/runner/work/log-generation/log-generation'
2026-09-23T08:48:42.7476851Z ##[group]Initializing the repository
2026-09-23T08:48:42.7478253Z [command]/usr/bin/git init /home/runner/work/log-generation/log-generation
2026-09-23T08:48:42.7555633Z hint: Using 'master' as the name for the initial branch. This default branch name
2026-09-23T08:48:42.7557520Z hint: will change to "main" in Git 3.0. To configure the initial branch name
2026-09-23T08:48:42.7559277Z hint: to use in all of your new repositories, which will suppress this warning,
2026-09-23T08:48:42.7560675Z hint: call:
2026-09-23T08:48:42.7561473Z hint:
2026-09-23T08:48:42.7562602Z hint: 	git config --global init.defaultBranch <name>
2026-09-23T08:48:42.7563759Z hint:
2026-09-23T08:48:42.7564846Z hint: Names commonly chosen instead of 'master' are 'main', 'trunk' and
2026-09-23T08:48:42.7566554Z hint: 'development'. The just-created branch can be renamed via this command:
2026-09-23T08:48:42.7567925Z hint:
2026-09-23T08:48:42.7568801Z hint: 	git branch -m <name>
2026-09-23T08:48:42.7569780Z hint:
2026-09-23T08:48:42.7570980Z hint: Disable this message with "git config set advice.defaultBranchName false"
2026-09-23T08:48:42.7573205Z Initialized empty Git repository in /home/runner/work/log-generation/log-generation/.git/
2026-09-23T08:48:42.7576912Z [command]/usr/bin/git remote add origin https://github.com/DhruvHegde/log-generation
2026-09-23T08:48:42.7648748Z ##[endgroup]
2026-09-23T08:48:42.7649964Z ##[group]Disabling automatic garbage collection
2026-09-23T08:48:42.7654032Z [command]/usr/bin/git config --local gc.auto 0
2026-09-23T08:48:42.7689410Z ##[endgroup]
2026-09-23T08:48:42.7690577Z ##[group]Setting up auth
2026-09-23T08:48:42.7697385Z [command]/usr/bin/git config --local --name-only --get-regexp core\.sshCommand
2026-09-23T08:48:42.7731623Z [command]/usr/bin/git submodule foreach --recursive sh -c "git config --local --name-only --get-regexp 'core\.sshCommand' && git config --local --unset-all 'core.sshCommand' || :"
2026-09-23T08:48:42.8085448Z [command]/usr/bin/git config --local --name-only --get-regexp http\.https\:\/\/github\.com\/\.extraheader
2026-09-23T08:48:42.8128665Z [command]/usr/bin/git submodule foreach --recursive sh -c "git config --local --name-only --get-regexp 'http\.https\:\/\/github\.com\/\.extraheader' && git config --local --unset-all 'http.https://github.com/.extraheader' || :"
2026-09-23T08:48:42.8383920Z [command]/usr/bin/git config --local --name-only --get-regexp ^includeIf\.gitdir:
2026-09-23T08:48:42.8424773Z [command]/usr/bin/git submodule foreach --recursive git config --local --show-origin --name-only --get-regexp remote.origin.url
2026-09-23T08:48:42.8668151Z [command]/usr/bin/git config --local http.https://github.com/.extraheader AUTHORIZATION: basic ***
2026-09-23T08:48:42.8710714Z ##[endgroup]
2026-09-23T08:48:42.8711860Z ##[group]Fetching the repository
2026-09-23T08:48:42.8721262Z [command]/usr/bin/git -c protocol.version=2 fetch --no-tags --prune --no-recurse-submodules --depth=1 origin +43f20917de93b9aad51cf79a69ad5239c5632917:refs/remotes/origin/feature/f3-test-failures
2026-09-23T08:48:43.3990624Z From https://github.com/DhruvHegde/log-generation
2026-09-23T08:48:43.3992587Z  * [new ref]         43f20917de93b9aad51cf79a69ad5239c5632917 -> origin/feature/f3-test-failures
2026-09-23T08:48:43.3996096Z ##[endgroup]
2026-09-23T08:48:43.3997476Z ##[group]Determining the checkout info
2026-09-23T08:48:43.3999116Z ##[endgroup]
2026-09-23T08:48:43.4005456Z [command]/usr/bin/git sparse-checkout disable
2026-09-23T08:48:43.4061052Z [command]/usr/bin/git config --local --unset-all extensions.worktreeConfig
2026-09-23T08:48:43.4095685Z ##[group]Checking out the ref
2026-09-23T08:48:43.4108893Z [command]/usr/bin/git checkout --progress --force -B feature/f3-test-failures refs/remotes/origin/feature/f3-test-failures
2026-09-23T08:48:43.4586669Z Switched to a new branch 'feature/f3-test-failures'
2026-09-23T08:48:43.4588829Z branch 'feature/f3-test-failures' set up to track 'origin/feature/f3-test-failures'.
2026-09-23T08:48:43.4592515Z ##[endgroup]
2026-09-23T08:48:43.4595308Z [command]/usr/bin/git log -1 --format=%H
2026-09-23T08:48:43.4603578Z 43f20917de93b9aad51cf79a69ad5239c5632917
2026-09-23T08:48:43.4923730Z Node 20 is being deprecated. This workflow is running with Node 24 by default. If you need to temporarily use Node 20, you can set the ACTIONS_ALLOW_USE_UNSECURE_NODE_VERSION=true environment variable. For more information see: https://github.blog/changelog/2025-09-19-deprecation-of-node-20-on-github-actions-runners/
2026-09-23T08:48:43.4928047Z ##[group]Run actions/setup-python@v5
2026-09-23T08:48:43.4928693Z with:
2026-09-23T08:48:43.4929134Z   python-version: 3.11
2026-09-23T08:48:43.4929665Z   check-latest: false
2026-09-23T08:48:43.4935420Z   token: ***
2026-09-23T08:48:43.4935912Z   update-environment: true
2026-09-23T08:48:43.4936499Z   allow-prereleases: false
2026-09-23T08:48:43.4937061Z   freethreaded: false
2026-09-23T08:48:43.4937566Z ##[endgroup]
2026-09-23T08:48:43.6306622Z ##[group]Installed versions
2026-09-23T08:48:43.6395210Z (node:2239) [DEP0040] DeprecationWarning: The `punycode` module is deprecated. Please use a userland alternative instead.
2026-09-23T08:48:43.6397859Z (Use `node --trace-deprecation ...` to show where the warning was created)
2026-09-23T08:48:43.6399404Z Successfully set up CPython (3.11.16)
2026-09-23T08:48:43.6400931Z ##[endgroup]
2026-09-23T08:48:43.6617416Z ##[group]Run pip install --no-cache-dir pytest
2026-09-23T08:48:43.6618822Z [36;1mpip install --no-cache-dir pytest[0m
2026-09-23T08:48:43.6687322Z shell: /usr/bin/bash -e {0}
2026-09-23T08:48:43.6688317Z env:
2026-09-23T08:48:43.6689272Z   pythonLocation: /opt/hostedtoolcache/Python/3.11.16/x64
2026-09-23T08:48:43.6690996Z   PKG_CONFIG_PATH: /opt/hostedtoolcache/Python/3.11.16/x64/lib/pkgconfig
2026-09-23T08:48:43.6799877Z   Python_ROOT_DIR: /opt/hostedtoolcache/Python/3.11.16/x64
2026-09-23T08:48:43.6800996Z   Python2_ROOT_DIR: /opt/hostedtoolcache/Python/3.11.16/x64
2026-09-23T08:48:43.6802681Z   Python3_ROOT_DIR: /opt/hostedtoolcache/Python/3.11.16/x64
2026-09-23T08:48:43.6803894Z   LD_LIBRARY_PATH: /opt/hostedtoolcache/Python/3.11.16/x64/lib
2026-09-23T08:48:43.6804794Z ##[endgroup]
2026-09-23T08:48:46.2248474Z Collecting pytest
2026-09-23T08:48:46.3020163Z   Downloading pytest-9.1.1-py3-none-any.whl.metadata (7.6 kB)
2026-09-23T08:48:46.3203591Z Collecting iniconfig>=1.0.1 (from pytest)
2026-09-23T08:48:46.3338659Z   Downloading iniconfig-2.3.0-py3-none-any.whl.metadata (2.5 kB)
2026-09-23T08:48:46.3548169Z Collecting packaging>=22 (from pytest)
2026-09-23T08:48:46.3684196Z   Downloading packaging-26.3-py3-none-any.whl.metadata (3.5 kB)
2026-09-23T08:48:46.3867807Z Collecting pluggy<2,>=1.5 (from pytest)
2026-09-23T08:48:46.4001551Z   Downloading pluggy-1.6.0-py3-none-any.whl.metadata (4.8 kB)
2026-09-23T08:48:46.4263593Z Collecting pygments>=2.7.2 (from pytest)
2026-09-23T08:48:46.4402929Z   Downloading pygments-2.21.0-py3-none-any.whl.metadata (2.5 kB)
2026-09-23T08:48:46.4562325Z Downloading pytest-9.1.1-py3-none-any.whl (386 kB)
2026-09-23T08:48:46.5155688Z Downloading pluggy-1.6.0-py3-none-any.whl (20 kB)
2026-09-23T08:48:46.5295908Z Downloading iniconfig-2.3.0-py3-none-any.whl (7.5 kB)
2026-09-23T08:48:46.5434783Z Downloading packaging-26.3-py3-none-any.whl (129 kB)
2026-09-23T08:48:46.5584530Z Downloading pygments-2.21.0-py3-none-any.whl (1.3 MB)
2026-09-23T08:48:46.5987669Z    ââââââââââââââââââââââââââââââââââââââââ 1.3/1.3 MB 38.2 MB/s  0:00:00
2026-09-23T08:48:46.7632453Z Installing collected packages: pygments, pluggy, packaging, iniconfig, pytest
2026-09-23T08:48:47.7460386Z 
2026-09-23T08:48:47.7469589Z Successfully installed iniconfig-2.3.0 packaging-26.3 pluggy-1.6.0 pygments-2.21.0 pytest-9.1.1
2026-09-23T08:48:47.8077198Z ##[group]Run python automation/inject_mutation.py --error-type "ValueError"
2026-09-23T08:48:47.8077814Z [36;1mpython automation/inject_mutation.py --error-type "ValueError"[0m
2026-09-23T08:48:47.8120241Z shell: /usr/bin/bash -e {0}
2026-09-23T08:48:47.8120512Z env:
2026-09-23T08:48:47.8120815Z   pythonLocation: /opt/hostedtoolcache/Python/3.11.16/x64
2026-09-23T08:48:47.8121503Z   PKG_CONFIG_PATH: /opt/hostedtoolcache/Python/3.11.16/x64/lib/pkgconfig
2026-09-23T08:48:47.8121948Z   Python_ROOT_DIR: /opt/hostedtoolcache/Python/3.11.16/x64
2026-09-23T08:48:47.8122527Z   Python2_ROOT_DIR: /opt/hostedtoolcache/Python/3.11.16/x64
2026-09-23T08:48:47.8122933Z   Python3_ROOT_DIR: /opt/hostedtoolcache/Python/3.11.16/x64
2026-09-23T08:48:47.8123314Z   LD_LIBRARY_PATH: /opt/hostedtoolcache/Python/3.11.16/x64/lib
2026-09-23T08:48:47.8123678Z ##[endgroup]
2026-09-23T08:48:47.8451575Z [Mutation Injected] Successfully injected ValueError into tests/test_app.py
2026-09-23T08:48:47.8530330Z ##[group]Run pytest tests/test_app.py -v
2026-09-23T08:48:47.8530727Z [36;1mpytest tests/test_app.py -v[0m
2026-09-23T08:48:47.8572799Z shell: /usr/bin/bash -e {0}
2026-09-23T08:48:47.8573093Z env:
2026-09-23T08:48:47.8573393Z   pythonLocation: /opt/hostedtoolcache/Python/3.11.16/x64
2026-09-23T08:48:47.8573859Z   PKG_CONFIG_PATH: /opt/hostedtoolcache/Python/3.11.16/x64/lib/pkgconfig
2026-09-23T08:48:47.8574331Z   Python_ROOT_DIR: /opt/hostedtoolcache/Python/3.11.16/x64
2026-09-23T08:48:47.8574737Z   Python2_ROOT_DIR: /opt/hostedtoolcache/Python/3.11.16/x64
2026-09-23T08:48:47.8575136Z   Python3_ROOT_DIR: /opt/hostedtoolcache/Python/3.11.16/x64
2026-09-23T08:48:47.8575536Z   LD_LIBRARY_PATH: /opt/hostedtoolcache/Python/3.11.16/x64/lib
2026-09-23T08:48:47.8575897Z ##[endgroup]
2026-09-23T08:48:48.2908974Z ============================= test session starts ==============================
2026-09-23T08:48:48.2909887Z platform linux -- Python 3.11.16, pytest-9.1.1, pluggy-1.6.0 -- /opt/hostedtoolcache/Python/3.11.16/x64/bin/python
2026-09-23T08:48:48.2910434Z cachedir: .pytest_cache
2026-09-23T08:48:48.2910758Z rootdir: /home/runner/work/log-generation/log-generation
2026-09-23T08:48:48.2911104Z configfile: pytest.ini
2026-09-23T08:48:48.2991702Z collecting ... collected 6 items
2026-09-23T08:48:48.2992028Z 
2026-09-23T08:48:48.2999680Z tests/test_app.py::test_calculate_division PASSED                        [ 16%]
2026-09-23T08:48:48.3006127Z tests/test_app.py::test_convert_to_int PASSED                            [ 33%]
2026-09-23T08:48:48.3012550Z tests/test_app.py::test_get_list_item PASSED                             [ 50%]
2026-09-23T08:48:48.3018238Z tests/test_app.py::test_get_dict_value PASSED                            [ 66%]
2026-09-23T08:48:48.3024142Z tests/test_app.py::test_assert_positive PASSED                           [ 83%]
2026-09-23T08:48:48.3323589Z tests/test_app.py::test_value_error FAILED                               [100%]
2026-09-23T08:48:48.3324172Z 
2026-09-23T08:48:48.3324463Z =================================== FAILURES ===================================
2026-09-23T08:48:48.3325166Z _______________________________ test_value_error _______________________________
2026-09-23T08:48:48.3325647Z 
2026-09-23T08:48:48.3325825Z     def test_value_error():
2026-09-23T08:48:48.3326520Z         """Injected synthetic ValueError."""
2026-09-23T08:48:48.3327094Z         from src.app import convert_to_int
2026-09-23T08:48:48.3327641Z >       convert_to_int("unparseable_alphanumeric_0x99")
2026-09-23T08:48:48.3328019Z 
2026-09-23T08:48:48.3328196Z tests/test_app.py:139: 
2026-09-23T08:48:48.3328684Z _ _ _ _ _ _ _ _ _ _ _ _ _ _ _ _ _ _ _ _ _ _ _ _ _ _ _ _ _ _ _ _ _ _ _ _ _ _ _ _ 
2026-09-23T08:48:48.3329091Z 
2026-09-23T08:48:48.3329284Z val = 'unparseable_alphanumeric_0x99'
2026-09-23T08:48:48.3329606Z 
2026-09-23T08:48:48.3329769Z     def convert_to_int(val):
2026-09-23T08:48:48.3330173Z >       return int(val)
2026-09-23T08:48:48.3330555Z                ^^^^^^^^
2026-09-23T08:48:48.3331181Z E       ValueError: invalid literal for int() with base 10: 'unparseable_alphanumeric_0x99'
2026-09-23T08:48:48.3331743Z 
2026-09-23T08:48:48.3331922Z src/app.py:5: ValueError
2026-09-23T08:48:48.3332613Z =========================== short test summary info ============================
2026-09-23T08:48:48.3333665Z FAILED tests/test_app.py::test_value_error - ValueError: invalid literal for int() with base 10: 'unparseable_alphanumeric_0x99'
2026-09-23T08:48:48.3335133Z ========================= 1 failed, 5 passed in 0.03s ==========================
2026-09-23T08:48:48.3545819Z ##[error]Process completed with exit code 1.
2026-09-23T08:48:48.3691092Z Node 20 is being deprecated. This workflow is running with Node 24 by default. If you need to temporarily use Node 20, you can set the ACTIONS_ALLOW_USE_UNSECURE_NODE_VERSION=true environment variable. For more information see: https://github.blog/changelog/2025-09-19-deprecation-of-node-20-on-github-actions-runners/
2026-09-23T08:48:48.3692542Z Post job cleanup.
2026-09-23T08:48:48.4584187Z [command]/usr/bin/git version
2026-09-23T08:48:48.4627778Z git version 2.55.0
2026-09-23T08:48:48.4668453Z Temporarily overriding HOME='/home/runner/work/_temp/ecea7667-a77f-4066-bfd0-9bef952f9772' before making global git config changes
2026-09-23T08:48:48.4669809Z Adding repository directory to the temporary git global config as a safe directory
2026-09-23T08:48:48.4673460Z [command]/usr/bin/git config --global --add safe.directory /home/runner/work/log-generation/log-generation
2026-09-23T08:48:48.4717398Z [command]/usr/bin/git config --local --name-only --get-regexp core\.sshCommand
2026-09-23T08:48:48.4759051Z [command]/usr/bin/git submodule foreach --recursive sh -c "git config --local --name-only --get-regexp 'core\.sshCommand' && git config --local --unset-all 'core.sshCommand' || :"
2026-09-23T08:48:48.5036792Z [command]/usr/bin/git config --local --name-only --get-regexp http\.https\:\/\/github\.com\/\.extraheader
2026-09-23T08:48:48.5083215Z http.https://github.com/.extraheader
2026-09-23T08:48:48.5087412Z [command]/usr/bin/git config --local --unset-all http.https://github.com/.extraheader
2026-09-23T08:48:48.5129782Z [command]/usr/bin/git submodule foreach --recursive sh -c "git config --local --name-only --get-regexp 'http\.https\:\/\/github\.com\/\.extraheader' && git config --local --unset-all 'http.https://github.com/.extraheader' || :"
2026-09-23T08:48:48.5406995Z [command]/usr/bin/git config --local --name-only --get-regexp ^includeIf\.gitdir:
2026-09-23T08:48:48.5456501Z [command]/usr/bin/git submodule foreach --recursive git config --local --show-origin --name-only --get-regexp remote.origin.url
2026-09-23T08:48:48.5890332Z Cleaning up orphan processes
2026-09-23T08:48:48.6183371Z ##[warning]Node.js 20 is deprecated. The following actions target Node.js 20 but are being forced to run on Node.js 24: actions/checkout@v4, actions/setup-python@v5. For more information see: https://github.blog/changelog/2025-09-19-deprecation-of-node-20-on-github-actions-runners/
