ï»¿2026-09-23T08:49:26.1568226Z Current runner version: '2.337.0'
2026-09-23T08:49:26.1586433Z ##[group]Runner Image Provisioner
2026-09-23T08:49:26.1587043Z Hosted Compute Agent
2026-09-23T08:49:26.1587412Z Version: 20260828.587
2026-09-23T08:49:26.1587826Z Commit: abac92662cab4cc7352de4f9f9d2e2419aad9c29
2026-09-23T08:49:26.1588305Z Build Date: 2026-08-28T16:44:25Z
2026-09-23T08:49:26.1588712Z Worker ID: {1b81a329-c927-427c-b179-5eb3e755755f}
2026-09-23T08:49:26.1589128Z Azure Region: centralus
2026-09-23T08:49:26.1589527Z ##[endgroup]
2026-09-23T08:49:26.1590638Z ##[group]Operating System
2026-09-23T08:49:26.1591053Z Ubuntu
2026-09-23T08:49:26.1591556Z 24.04.5
2026-09-23T08:49:26.1591844Z LTS
2026-09-23T08:49:26.1592507Z ##[endgroup]
2026-09-23T08:49:26.1592839Z ##[group]Runner Image
2026-09-23T08:49:26.1593220Z Image: ubuntu-24.04
2026-09-23T08:49:26.1593578Z Version: 20260907.300.1
2026-09-23T08:49:26.1594391Z Included Software: https://github.com/actions/runner-images/blob/ubuntu24/20260907.300/images/ubuntu/Ubuntu2404-Readme.md
2026-09-23T08:49:26.1595313Z Image Release: https://github.com/actions/runner-images/releases/tag/ubuntu24%2F20260907.300
2026-09-23T08:49:26.1595901Z ##[endgroup]
2026-09-23T08:49:26.1596627Z ##[group]GITHUB_TOKEN Permissions
2026-09-23T08:49:26.1598000Z Contents: read
2026-09-23T08:49:26.1598390Z Metadata: read
2026-09-23T08:49:26.1598750Z Packages: read
2026-09-23T08:49:26.1599135Z ##[endgroup]
2026-09-23T08:49:26.1600460Z Secret source: Actions
2026-09-23T08:49:26.1601241Z Cache mode: write
2026-09-23T08:49:26.1601913Z Prepare workflow directory
2026-09-23T08:49:26.1816573Z Prepare all required actions
2026-09-23T08:49:26.1848818Z Getting action download info
2026-09-23T08:49:26.4061625Z Download action repository 'actions/checkout@v4' (SHA:11d5960a326750d5838078e36cf38b85af677262)
2026-09-23T08:49:26.5402863Z Download action repository 'actions/setup-python@v5' (SHA:a26af69be951a213d495a4c3e4e4022e16d87065)
2026-09-23T08:49:26.6914679Z Complete job name: test-f3 (ZeroDivisionError #166)
2026-09-23T08:49:26.7374075Z Node 20 is being deprecated. This workflow is running with Node 24 by default. If you need to temporarily use Node 20, you can set the ACTIONS_ALLOW_USE_UNSECURE_NODE_VERSION=true environment variable. For more information see: https://github.blog/changelog/2025-09-19-deprecation-of-node-20-on-github-actions-runners/
2026-09-23T08:49:26.7379297Z ##[group]Run actions/checkout@v4
2026-09-23T08:49:26.7379650Z with:
2026-09-23T08:49:26.7379884Z   fetch-depth: 1
2026-09-23T08:49:26.7380145Z   repository: DhruvHegde/log-generation
2026-09-23T08:49:26.7382298Z   token: ***
2026-09-23T08:49:26.7382530Z   ssh-strict: true
2026-09-23T08:49:26.7382766Z   ssh-user: git
2026-09-23T08:49:26.7383014Z   persist-credentials: true
2026-09-23T08:49:26.7383282Z   clean: true
2026-09-23T08:49:26.7383529Z   sparse-checkout-cone-mode: true
2026-09-23T08:49:26.7383813Z   fetch-tags: false
2026-09-23T08:49:26.7384056Z   show-progress: true
2026-09-23T08:49:26.7384300Z   lfs: false
2026-09-23T08:49:26.7384564Z   submodules: false
2026-09-23T08:49:26.7384821Z   set-safe-directory: true
2026-09-23T08:49:26.7385097Z   allow-unsafe-pr-checkout: false
2026-09-23T08:49:26.7385453Z ##[endgroup]
2026-09-23T08:49:26.8055571Z Syncing repository: DhruvHegde/log-generation
2026-09-23T08:49:26.8056953Z ##[group]Getting Git version info
2026-09-23T08:49:26.8057391Z Working directory is '/home/runner/work/log-generation/log-generation'
2026-09-23T08:49:26.8057966Z [command]/usr/bin/git version
2026-09-23T08:49:26.8130476Z git version 2.55.0
2026-09-23T08:49:26.8147675Z ##[endgroup]
2026-09-23T08:49:26.8159479Z Temporarily overriding HOME='/home/runner/work/_temp/eb768fdd-ae40-440e-8a24-0a71539a03fa' before making global git config changes
2026-09-23T08:49:26.8160529Z Adding repository directory to the temporary git global config as a safe directory
2026-09-23T08:49:26.8163779Z [command]/usr/bin/git config --global --add safe.directory /home/runner/work/log-generation/log-generation
2026-09-23T08:49:26.8212701Z Deleting the contents of '/home/runner/work/log-generation/log-generation'
2026-09-23T08:49:26.8219384Z ##[group]Initializing the repository
2026-09-23T08:49:26.8226651Z [command]/usr/bin/git init /home/runner/work/log-generation/log-generation
2026-09-23T08:49:26.8331355Z hint: Using 'master' as the name for the initial branch. This default branch name
2026-09-23T08:49:26.8332533Z hint: will change to "main" in Git 3.0. To configure the initial branch name
2026-09-23T08:49:26.8333939Z hint: to use in all of your new repositories, which will suppress this warning,
2026-09-23T08:49:26.8334612Z hint: call:
2026-09-23T08:49:26.8334999Z hint:
2026-09-23T08:49:26.8335521Z hint: 	git config --global init.defaultBranch <name>
2026-09-23T08:49:26.8336139Z hint:
2026-09-23T08:49:26.8336592Z hint: Names commonly chosen instead of 'master' are 'main', 'trunk' and
2026-09-23T08:49:26.8337226Z hint: 'development'. The just-created branch can be renamed via this command:
2026-09-23T08:49:26.8337743Z hint:
2026-09-23T08:49:26.8338126Z hint: 	git branch -m <name>
2026-09-23T08:49:26.8338498Z hint:
2026-09-23T08:49:26.8338942Z hint: Disable this message with "git config set advice.defaultBranchName false"
2026-09-23T08:49:26.8339742Z Initialized empty Git repository in /home/runner/work/log-generation/log-generation/.git/
2026-09-23T08:49:26.8342971Z [command]/usr/bin/git remote add origin https://github.com/DhruvHegde/log-generation
2026-09-23T08:49:26.8402857Z ##[endgroup]
2026-09-23T08:49:26.8403589Z ##[group]Disabling automatic garbage collection
2026-09-23T08:49:26.8405323Z [command]/usr/bin/git config --local gc.auto 0
2026-09-23T08:49:26.8434373Z ##[endgroup]
2026-09-23T08:49:26.8435001Z ##[group]Setting up auth
2026-09-23T08:49:26.8439786Z [command]/usr/bin/git config --local --name-only --get-regexp core\.sshCommand
2026-09-23T08:49:26.8469402Z [command]/usr/bin/git submodule foreach --recursive sh -c "git config --local --name-only --get-regexp 'core\.sshCommand' && git config --local --unset-all 'core.sshCommand' || :"
2026-09-23T08:49:26.8773682Z [command]/usr/bin/git config --local --name-only --get-regexp http\.https\:\/\/github\.com\/\.extraheader
2026-09-23T08:49:26.8801551Z [command]/usr/bin/git submodule foreach --recursive sh -c "git config --local --name-only --get-regexp 'http\.https\:\/\/github\.com\/\.extraheader' && git config --local --unset-all 'http.https://github.com/.extraheader' || :"
2026-09-23T08:49:26.8976688Z [command]/usr/bin/git config --local --name-only --get-regexp ^includeIf\.gitdir:
2026-09-23T08:49:26.9007127Z [command]/usr/bin/git submodule foreach --recursive git config --local --show-origin --name-only --get-regexp remote.origin.url
2026-09-23T08:49:26.9179925Z [command]/usr/bin/git config --local http.https://github.com/.extraheader AUTHORIZATION: basic ***
2026-09-23T08:49:26.9210251Z ##[endgroup]
2026-09-23T08:49:26.9210814Z ##[group]Fetching the repository
2026-09-23T08:49:26.9216753Z [command]/usr/bin/git -c protocol.version=2 fetch --no-tags --prune --no-recurse-submodules --depth=1 origin +43f20917de93b9aad51cf79a69ad5239c5632917:refs/remotes/origin/feature/f3-test-failures
2026-09-23T08:49:27.5751707Z From https://github.com/DhruvHegde/log-generation
2026-09-23T08:49:27.5753935Z  * [new ref]         43f20917de93b9aad51cf79a69ad5239c5632917 -> origin/feature/f3-test-failures
2026-09-23T08:49:27.5758307Z ##[endgroup]
2026-09-23T08:49:27.5759514Z ##[group]Determining the checkout info
2026-09-23T08:49:27.5760714Z ##[endgroup]
2026-09-23T08:49:27.5761514Z [command]/usr/bin/git sparse-checkout disable
2026-09-23T08:49:27.5805989Z [command]/usr/bin/git config --local --unset-all extensions.worktreeConfig
2026-09-23T08:49:27.5831908Z ##[group]Checking out the ref
2026-09-23T08:49:27.5835181Z [command]/usr/bin/git checkout --progress --force -B feature/f3-test-failures refs/remotes/origin/feature/f3-test-failures
2026-09-23T08:49:27.6116089Z Switched to a new branch 'feature/f3-test-failures'
2026-09-23T08:49:27.6121002Z branch 'feature/f3-test-failures' set up to track 'origin/feature/f3-test-failures'.
2026-09-23T08:49:27.6127882Z ##[endgroup]
2026-09-23T08:49:27.6162415Z [command]/usr/bin/git log -1 --format=%H
2026-09-23T08:49:27.6183464Z 43f20917de93b9aad51cf79a69ad5239c5632917
2026-09-23T08:49:27.6426831Z Node 20 is being deprecated. This workflow is running with Node 24 by default. If you need to temporarily use Node 20, you can set the ACTIONS_ALLOW_USE_UNSECURE_NODE_VERSION=true environment variable. For more information see: https://github.blog/changelog/2025-09-19-deprecation-of-node-20-on-github-actions-runners/
2026-09-23T08:49:27.6430487Z ##[group]Run actions/setup-python@v5
2026-09-23T08:49:27.6431355Z with:
2026-09-23T08:49:27.6431884Z   python-version: 3.11
2026-09-23T08:49:27.6432478Z   check-latest: false
2026-09-23T08:49:27.6437747Z   token: ***
2026-09-23T08:49:27.6438307Z   update-environment: true
2026-09-23T08:49:27.6438946Z   allow-prereleases: false
2026-09-23T08:49:27.6439572Z   freethreaded: false
2026-09-23T08:49:27.6440127Z ##[endgroup]
2026-09-23T08:49:27.7245090Z ##[group]Installed versions
2026-09-23T08:49:27.7308810Z (node:2041) [DEP0040] DeprecationWarning: The `punycode` module is deprecated. Please use a userland alternative instead.
2026-09-23T08:49:27.7311423Z (Use `node --trace-deprecation ...` to show where the warning was created)
2026-09-23T08:49:27.7312905Z Successfully set up CPython (3.11.16)
2026-09-23T08:49:27.7314461Z ##[endgroup]
2026-09-23T08:49:27.7472937Z ##[group]Run pip install --no-cache-dir pytest
2026-09-23T08:49:27.7474413Z [36;1mpip install --no-cache-dir pytest[0m
2026-09-23T08:49:27.7539149Z shell: /usr/bin/bash -e {0}
2026-09-23T08:49:27.7539917Z env:
2026-09-23T08:49:27.7540596Z   pythonLocation: /opt/hostedtoolcache/Python/3.11.16/x64
2026-09-23T08:49:27.7541913Z   PKG_CONFIG_PATH: /opt/hostedtoolcache/Python/3.11.16/x64/lib/pkgconfig
2026-09-23T08:49:27.7543000Z   Python_ROOT_DIR: /opt/hostedtoolcache/Python/3.11.16/x64
2026-09-23T08:49:27.7543971Z   Python2_ROOT_DIR: /opt/hostedtoolcache/Python/3.11.16/x64
2026-09-23T08:49:27.7544956Z   Python3_ROOT_DIR: /opt/hostedtoolcache/Python/3.11.16/x64
2026-09-23T08:49:27.7545989Z   LD_LIBRARY_PATH: /opt/hostedtoolcache/Python/3.11.16/x64/lib
2026-09-23T08:49:27.7546822Z ##[endgroup]
2026-09-23T08:49:28.4436989Z Collecting pytest
2026-09-23T08:49:28.5192721Z   Downloading pytest-9.1.1-py3-none-any.whl.metadata (7.6 kB)
2026-09-23T08:49:28.5354445Z Collecting iniconfig>=1.0.1 (from pytest)
2026-09-23T08:49:28.5481277Z   Downloading iniconfig-2.3.0-py3-none-any.whl.metadata (2.5 kB)
2026-09-23T08:49:28.5652481Z Collecting packaging>=22 (from pytest)
2026-09-23T08:49:28.5780470Z   Downloading packaging-26.3-py3-none-any.whl.metadata (3.5 kB)
2026-09-23T08:49:28.5939974Z Collecting pluggy<2,>=1.5 (from pytest)
2026-09-23T08:49:28.6066601Z   Downloading pluggy-1.6.0-py3-none-any.whl.metadata (4.8 kB)
2026-09-23T08:49:28.6255623Z Collecting pygments>=2.7.2 (from pytest)
2026-09-23T08:49:28.6381352Z   Downloading pygments-2.21.0-py3-none-any.whl.metadata (2.5 kB)
2026-09-23T08:49:28.6525044Z Downloading pytest-9.1.1-py3-none-any.whl (386 kB)
2026-09-23T08:49:28.7069786Z Downloading pluggy-1.6.0-py3-none-any.whl (20 kB)
2026-09-23T08:49:28.7196353Z Downloading iniconfig-2.3.0-py3-none-any.whl (7.5 kB)
2026-09-23T08:49:28.7321365Z Downloading packaging-26.3-py3-none-any.whl (129 kB)
2026-09-23T08:49:28.7463991Z Downloading pygments-2.21.0-py3-none-any.whl (1.3 MB)
2026-09-23T08:49:28.7849283Z    ââââââââââââââââââââââââââââââââââââââââ 1.3/1.3 MB 40.1 MB/s  0:00:00
2026-09-23T08:49:28.8295427Z Installing collected packages: pygments, pluggy, packaging, iniconfig, pytest
2026-09-23T08:49:29.3914288Z 
2026-09-23T08:49:29.3920025Z Successfully installed iniconfig-2.3.0 packaging-26.3 pluggy-1.6.0 pygments-2.21.0 pytest-9.1.1
2026-09-23T08:49:29.4332101Z ##[group]Run python automation/inject_mutation.py --error-type "ZeroDivisionError"
2026-09-23T08:49:29.4332470Z [36;1mpython automation/inject_mutation.py --error-type "ZeroDivisionError"[0m
2026-09-23T08:49:29.4363052Z shell: /usr/bin/bash -e {0}
2026-09-23T08:49:29.4363196Z env:
2026-09-23T08:49:29.4363543Z   pythonLocation: /opt/hostedtoolcache/Python/3.11.16/x64
2026-09-23T08:49:29.4363770Z   PKG_CONFIG_PATH: /opt/hostedtoolcache/Python/3.11.16/x64/lib/pkgconfig
2026-09-23T08:49:29.4363991Z   Python_ROOT_DIR: /opt/hostedtoolcache/Python/3.11.16/x64
2026-09-23T08:49:29.4364191Z   Python2_ROOT_DIR: /opt/hostedtoolcache/Python/3.11.16/x64
2026-09-23T08:49:29.4364409Z   Python3_ROOT_DIR: /opt/hostedtoolcache/Python/3.11.16/x64
2026-09-23T08:49:29.4364613Z   LD_LIBRARY_PATH: /opt/hostedtoolcache/Python/3.11.16/x64/lib
2026-09-23T08:49:29.4364783Z ##[endgroup]
2026-09-23T08:49:29.4560161Z [Mutation Injected] Successfully injected ZeroDivisionError into tests/test_app.py
2026-09-23T08:49:29.4608461Z ##[group]Run pytest tests/test_app.py -v
2026-09-23T08:49:29.4608665Z [36;1mpytest tests/test_app.py -v[0m
2026-09-23T08:49:29.4636475Z shell: /usr/bin/bash -e {0}
2026-09-23T08:49:29.4636606Z env:
2026-09-23T08:49:29.4636749Z   pythonLocation: /opt/hostedtoolcache/Python/3.11.16/x64
2026-09-23T08:49:29.4636989Z   PKG_CONFIG_PATH: /opt/hostedtoolcache/Python/3.11.16/x64/lib/pkgconfig
2026-09-23T08:49:29.4637215Z   Python_ROOT_DIR: /opt/hostedtoolcache/Python/3.11.16/x64
2026-09-23T08:49:29.4637413Z   Python2_ROOT_DIR: /opt/hostedtoolcache/Python/3.11.16/x64
2026-09-23T08:49:29.4637616Z   Python3_ROOT_DIR: /opt/hostedtoolcache/Python/3.11.16/x64
2026-09-23T08:49:29.4637815Z   LD_LIBRARY_PATH: /opt/hostedtoolcache/Python/3.11.16/x64/lib
2026-09-23T08:49:29.4637986Z ##[endgroup]
2026-09-23T08:49:29.5998549Z ============================= test session starts ==============================
2026-09-23T08:49:29.5999249Z platform linux -- Python 3.11.16, pytest-9.1.1, pluggy-1.6.0 -- /opt/hostedtoolcache/Python/3.11.16/x64/bin/python
2026-09-23T08:49:29.5999665Z cachedir: .pytest_cache
2026-09-23T08:49:29.5999923Z rootdir: /home/runner/work/log-generation/log-generation
2026-09-23T08:49:29.6000232Z configfile: pytest.ini
2026-09-23T08:49:29.6046615Z collecting ... collected 6 items
2026-09-23T08:49:29.6047021Z 
2026-09-23T08:49:29.6051612Z tests/test_app.py::test_calculate_division PASSED                        [ 16%]
2026-09-23T08:49:29.6055071Z tests/test_app.py::test_convert_to_int PASSED                            [ 33%]
2026-09-23T08:49:29.6058808Z tests/test_app.py::test_get_list_item PASSED                             [ 50%]
2026-09-23T08:49:29.6062169Z tests/test_app.py::test_get_dict_value PASSED                            [ 66%]
2026-09-23T08:49:29.6065364Z tests/test_app.py::test_assert_positive PASSED                           [ 83%]
2026-09-23T08:49:29.6252147Z tests/test_app.py::test_zero_division_error FAILED                       [100%]
2026-09-23T08:49:29.6252409Z 
2026-09-23T08:49:29.6252537Z =================================== FAILURES ===================================
2026-09-23T08:49:29.6252850Z ___________________________ test_zero_division_error ___________________________
2026-09-23T08:49:29.6253081Z 
2026-09-23T08:49:29.6253173Z     def test_zero_division_error():
2026-09-23T08:49:29.6253364Z         """Injected synthetic ZeroDivisionError."""
2026-09-23T08:49:29.6253548Z         from src.app import calculate_division
2026-09-23T08:49:29.6253711Z >       calculate_division(42, 0)
2026-09-23T08:49:29.6253870Z 
2026-09-23T08:49:29.6253955Z tests/test_app.py:139: 
2026-09-23T08:49:29.6254182Z _ _ _ _ _ _ _ _ _ _ _ _ _ _ _ _ _ _ _ _ _ _ _ _ _ _ _ _ _ _ _ _ _ _ _ _ _ _ _ _ 
2026-09-23T08:49:29.6254371Z 
2026-09-23T08:49:29.6254439Z a = 42, b = 0
2026-09-23T08:49:29.6254562Z 
2026-09-23T08:49:29.6254655Z     def calculate_division(a, b):
2026-09-23T08:49:29.6254857Z >       return a / b
2026-09-23T08:49:29.6255032Z                ^^^^^
2026-09-23T08:49:29.6255232Z E       ZeroDivisionError: division by zero
2026-09-23T08:49:29.6255392Z 
2026-09-23T08:49:29.6255481Z src/app.py:2: ZeroDivisionError
2026-09-23T08:49:29.6255737Z =========================== short test summary info ============================
2026-09-23T08:49:29.6256158Z FAILED tests/test_app.py::test_zero_division_error - ZeroDivisionError: division by zero
2026-09-23T08:49:29.6256793Z ========================= 1 failed, 5 passed in 0.02s ==========================
2026-09-23T08:49:29.6398735Z ##[error]Process completed with exit code 1.
2026-09-23T08:49:29.6485105Z Node 20 is being deprecated. This workflow is running with Node 24 by default. If you need to temporarily use Node 20, you can set the ACTIONS_ALLOW_USE_UNSECURE_NODE_VERSION=true environment variable. For more information see: https://github.blog/changelog/2025-09-19-deprecation-of-node-20-on-github-actions-runners/
2026-09-23T08:49:29.6485730Z Post job cleanup.
2026-09-23T08:49:29.7003029Z [command]/usr/bin/git version
2026-09-23T08:49:29.7033429Z git version 2.55.0
2026-09-23T08:49:29.7056352Z Temporarily overriding HOME='/home/runner/work/_temp/66c63a10-019e-4afd-9488-03b6de622c31' before making global git config changes
2026-09-23T08:49:29.7057129Z Adding repository directory to the temporary git global config as a safe directory
2026-09-23T08:49:29.7059875Z [command]/usr/bin/git config --global --add safe.directory /home/runner/work/log-generation/log-generation
2026-09-23T08:49:29.7091333Z [command]/usr/bin/git config --local --name-only --get-regexp core\.sshCommand
2026-09-23T08:49:29.7120002Z [command]/usr/bin/git submodule foreach --recursive sh -c "git config --local --name-only --get-regexp 'core\.sshCommand' && git config --local --unset-all 'core.sshCommand' || :"
2026-09-23T08:49:29.7312860Z [command]/usr/bin/git config --local --name-only --get-regexp http\.https\:\/\/github\.com\/\.extraheader
2026-09-23T08:49:29.7338458Z http.https://github.com/.extraheader
2026-09-23T08:49:29.7348311Z [command]/usr/bin/git config --local --unset-all http.https://github.com/.extraheader
2026-09-23T08:49:29.7380343Z [command]/usr/bin/git submodule foreach --recursive sh -c "git config --local --name-only --get-regexp 'http\.https\:\/\/github\.com\/\.extraheader' && git config --local --unset-all 'http.https://github.com/.extraheader' || :"
2026-09-23T08:49:29.7565957Z [command]/usr/bin/git config --local --name-only --get-regexp ^includeIf\.gitdir:
2026-09-23T08:49:29.7594632Z [command]/usr/bin/git submodule foreach --recursive git config --local --show-origin --name-only --get-regexp remote.origin.url
2026-09-23T08:49:29.7869693Z Cleaning up orphan processes
2026-09-23T08:49:29.8047430Z ##[warning]Node.js 20 is deprecated. The following actions target Node.js 20 but are being forced to run on Node.js 24: actions/checkout@v4, actions/setup-python@v5. For more information see: https://github.blog/changelog/2025-09-19-deprecation-of-node-20-on-github-actions-runners/
