ï»¿2026-09-23T08:45:08.7966250Z Current runner version: '2.337.0'
2026-09-23T08:45:08.7992119Z ##[group]Runner Image Provisioner
2026-09-23T08:45:08.7993235Z Hosted Compute Agent
2026-09-23T08:45:08.7993840Z Version: 20260828.587
2026-09-23T08:45:08.7994589Z Commit: abac92662cab4cc7352de4f9f9d2e2419aad9c29
2026-09-23T08:45:08.7995319Z Build Date: 2026-08-28T16:44:25Z
2026-09-23T08:45:08.7996046Z Worker ID: {2f9e06ba-851e-49a1-a647-12330d5b053b}
2026-09-23T08:45:08.7996814Z Azure Region: eastus
2026-09-23T08:45:08.7997382Z ##[endgroup]
2026-09-23T08:45:08.7998867Z ##[group]Operating System
2026-09-23T08:45:08.7999495Z Ubuntu
2026-09-23T08:45:08.8000524Z 24.04.5
2026-09-23T08:45:08.8001164Z LTS
2026-09-23T08:45:08.8001675Z ##[endgroup]
2026-09-23T08:45:08.8002325Z ##[group]Runner Image
2026-09-23T08:45:08.8003448Z Image: ubuntu-24.04
2026-09-23T08:45:08.8004082Z Version: 20260907.300.1
2026-09-23T08:45:08.8005380Z Included Software: https://github.com/actions/runner-images/blob/ubuntu24/20260907.300/images/ubuntu/Ubuntu2404-Readme.md
2026-09-23T08:45:08.8006980Z Image Release: https://github.com/actions/runner-images/releases/tag/ubuntu24%2F20260907.300
2026-09-23T08:45:08.8007948Z ##[endgroup]
2026-09-23T08:45:08.8009232Z ##[group]GITHUB_TOKEN Permissions
2026-09-23T08:45:08.8011577Z Contents: read
2026-09-23T08:45:08.8012276Z Metadata: read
2026-09-23T08:45:08.8013092Z Packages: read
2026-09-23T08:45:08.8013639Z ##[endgroup]
2026-09-23T08:45:08.8016151Z Secret source: Actions
2026-09-23T08:45:08.8017109Z Cache mode: write
2026-09-23T08:45:08.8018263Z Prepare workflow directory
2026-09-23T08:45:08.8356782Z Prepare all required actions
2026-09-23T08:45:08.8405645Z Getting action download info
2026-09-23T08:45:09.0603582Z Download action repository 'actions/checkout@v4' (SHA:11d5960a326750d5838078e36cf38b85af677262)
2026-09-23T08:45:09.1764476Z Download action repository 'actions/setup-python@v5' (SHA:a26af69be951a213d495a4c3e4e4022e16d87065)
2026-09-23T08:45:09.3674558Z Complete job name: test-f3 (TypeError #158)
2026-09-23T08:45:09.4461290Z Node 20 is being deprecated. This workflow is running with Node 24 by default. If you need to temporarily use Node 20, you can set the ACTIONS_ALLOW_USE_UNSECURE_NODE_VERSION=true environment variable. For more information see: https://github.blog/changelog/2025-09-19-deprecation-of-node-20-on-github-actions-runners/
2026-09-23T08:45:09.4470478Z ##[group]Run actions/checkout@v4
2026-09-23T08:45:09.4471229Z with:
2026-09-23T08:45:09.4471668Z   fetch-depth: 1
2026-09-23T08:45:09.4472164Z   repository: DhruvHegde/log-generation
2026-09-23T08:45:09.4476372Z   token: ***
2026-09-23T08:45:09.4476819Z   ssh-strict: true
2026-09-23T08:45:09.4477251Z   ssh-user: git
2026-09-23T08:45:09.4477701Z   persist-credentials: true
2026-09-23T08:45:09.4478193Z   clean: true
2026-09-23T08:45:09.4478643Z   sparse-checkout-cone-mode: true
2026-09-23T08:45:09.4479170Z   fetch-tags: false
2026-09-23T08:45:09.4479616Z   show-progress: true
2026-09-23T08:45:09.4480055Z   lfs: false
2026-09-23T08:45:09.4480509Z   submodules: false
2026-09-23T08:45:09.4480965Z   set-safe-directory: true
2026-09-23T08:45:09.4481467Z   allow-unsafe-pr-checkout: false
2026-09-23T08:45:09.4482241Z ##[endgroup]
2026-09-23T08:45:09.5527173Z Syncing repository: DhruvHegde/log-generation
2026-09-23T08:45:09.5530213Z ##[group]Getting Git version info
2026-09-23T08:45:09.5531639Z Working directory is '/home/runner/work/log-generation/log-generation'
2026-09-23T08:45:09.5533395Z [command]/usr/bin/git version
2026-09-23T08:45:09.5623793Z git version 2.55.0
2026-09-23T08:45:09.5648479Z ##[endgroup]
2026-09-23T08:45:09.5668507Z Temporarily overriding HOME='/home/runner/work/_temp/d3b7a608-8c08-432e-912a-5409349f7fc0' before making global git config changes
2026-09-23T08:45:09.5671274Z Adding repository directory to the temporary git global config as a safe directory
2026-09-23T08:45:09.5674301Z [command]/usr/bin/git config --global --add safe.directory /home/runner/work/log-generation/log-generation
2026-09-23T08:45:09.5735891Z Deleting the contents of '/home/runner/work/log-generation/log-generation'
2026-09-23T08:45:09.5740843Z ##[group]Initializing the repository
2026-09-23T08:45:09.5746260Z [command]/usr/bin/git init /home/runner/work/log-generation/log-generation
2026-09-23T08:45:09.5901061Z hint: Using 'master' as the name for the initial branch. This default branch name
2026-09-23T08:45:09.5903678Z hint: will change to "main" in Git 3.0. To configure the initial branch name
2026-09-23T08:45:09.5905381Z hint: to use in all of your new repositories, which will suppress this warning,
2026-09-23T08:45:09.5906252Z hint: call:
2026-09-23T08:45:09.5906658Z hint:
2026-09-23T08:45:09.5907184Z hint: 	git config --global init.defaultBranch <name>
2026-09-23T08:45:09.5907789Z hint:
2026-09-23T08:45:09.5908366Z hint: Names commonly chosen instead of 'master' are 'main', 'trunk' and
2026-09-23T08:45:09.5909291Z hint: 'development'. The just-created branch can be renamed via this command:
2026-09-23T08:45:09.5910054Z hint:
2026-09-23T08:45:09.5910529Z hint: 	git branch -m <name>
2026-09-23T08:45:09.5911016Z hint:
2026-09-23T08:45:09.5911639Z hint: Disable this message with "git config set advice.defaultBranchName false"
2026-09-23T08:45:09.5913203Z Initialized empty Git repository in /home/runner/work/log-generation/log-generation/.git/
2026-09-23T08:45:09.5926197Z [command]/usr/bin/git remote add origin https://github.com/DhruvHegde/log-generation
2026-09-23T08:45:09.5983155Z ##[endgroup]
2026-09-23T08:45:09.5984362Z ##[group]Disabling automatic garbage collection
2026-09-23T08:45:09.5986943Z [command]/usr/bin/git config --local gc.auto 0
2026-09-23T08:45:09.6034505Z ##[endgroup]
2026-09-23T08:45:09.6040531Z ##[group]Setting up auth
2026-09-23T08:45:09.6041797Z [command]/usr/bin/git config --local --name-only --get-regexp core\.sshCommand
2026-09-23T08:45:09.6074938Z [command]/usr/bin/git submodule foreach --recursive sh -c "git config --local --name-only --get-regexp 'core\.sshCommand' && git config --local --unset-all 'core.sshCommand' || :"
2026-09-23T08:45:09.6480335Z [command]/usr/bin/git config --local --name-only --get-regexp http\.https\:\/\/github\.com\/\.extraheader
2026-09-23T08:45:09.6517584Z [command]/usr/bin/git submodule foreach --recursive sh -c "git config --local --name-only --get-regexp 'http\.https\:\/\/github\.com\/\.extraheader' && git config --local --unset-all 'http.https://github.com/.extraheader' || :"
2026-09-23T08:45:09.6745231Z [command]/usr/bin/git config --local --name-only --get-regexp ^includeIf\.gitdir:
2026-09-23T08:45:09.6781571Z [command]/usr/bin/git submodule foreach --recursive git config --local --show-origin --name-only --get-regexp remote.origin.url
2026-09-23T08:45:09.7005327Z [command]/usr/bin/git config --local http.https://github.com/.extraheader AUTHORIZATION: basic ***
2026-09-23T08:45:09.7044739Z ##[endgroup]
2026-09-23T08:45:09.7053991Z ##[group]Fetching the repository
2026-09-23T08:45:09.7055762Z [command]/usr/bin/git -c protocol.version=2 fetch --no-tags --prune --no-recurse-submodules --depth=1 origin +dfcb6f158e4bd8054252a4da5d0a9edc2ab15d57:refs/remotes/origin/feature/f3-test-failures
2026-09-23T08:45:09.9565721Z From https://github.com/DhruvHegde/log-generation
2026-09-23T08:45:09.9567905Z  * [new ref]         dfcb6f158e4bd8054252a4da5d0a9edc2ab15d57 -> origin/feature/f3-test-failures
2026-09-23T08:45:09.9572151Z ##[endgroup]
2026-09-23T08:45:09.9574162Z ##[group]Determining the checkout info
2026-09-23T08:45:09.9576399Z ##[endgroup]
2026-09-23T08:45:09.9582937Z [command]/usr/bin/git sparse-checkout disable
2026-09-23T08:45:09.9639507Z [command]/usr/bin/git config --local --unset-all extensions.worktreeConfig
2026-09-23T08:45:09.9671588Z ##[group]Checking out the ref
2026-09-23T08:45:09.9676574Z [command]/usr/bin/git checkout --progress --force -B feature/f3-test-failures refs/remotes/origin/feature/f3-test-failures
2026-09-23T08:45:09.9760573Z Switched to a new branch 'feature/f3-test-failures'
2026-09-23T08:45:09.9767348Z branch 'feature/f3-test-failures' set up to track 'origin/feature/f3-test-failures'.
2026-09-23T08:45:09.9773107Z ##[endgroup]
2026-09-23T08:45:09.9817156Z [command]/usr/bin/git log -1 --format=%H
2026-09-23T08:45:09.9843547Z dfcb6f158e4bd8054252a4da5d0a9edc2ab15d57
2026-09-23T08:45:10.0130341Z Node 20 is being deprecated. This workflow is running with Node 24 by default. If you need to temporarily use Node 20, you can set the ACTIONS_ALLOW_USE_UNSECURE_NODE_VERSION=true environment variable. For more information see: https://github.blog/changelog/2025-09-19-deprecation-of-node-20-on-github-actions-runners/
2026-09-23T08:45:10.0133691Z ##[group]Run actions/setup-python@v5
2026-09-23T08:45:10.0134311Z with:
2026-09-23T08:45:10.0134794Z   python-version: 3.11
2026-09-23T08:45:10.0135319Z   check-latest: false
2026-09-23T08:45:10.0139515Z   token: ***
2026-09-23T08:45:10.0140028Z   update-environment: true
2026-09-23T08:45:10.0140607Z   allow-prereleases: false
2026-09-23T08:45:10.0141141Z   freethreaded: false
2026-09-23T08:45:10.0141651Z ##[endgroup]
2026-09-23T08:45:10.1447662Z ##[group]Installed versions
2026-09-23T08:45:10.1550787Z (node:2251) [DEP0040] DeprecationWarning: The `punycode` module is deprecated. Please use a userland alternative instead.
2026-09-23T08:45:10.1553321Z (Use `node --trace-deprecation ...` to show where the warning was created)
2026-09-23T08:45:10.1554975Z Successfully set up CPython (3.11.16)
2026-09-23T08:45:10.1556932Z ##[endgroup]
2026-09-23T08:45:10.1750710Z ##[group]Run pip install --no-cache-dir pytest
2026-09-23T08:45:10.1751630Z [36;1mpip install --no-cache-dir pytest[0m
2026-09-23T08:45:10.1915297Z shell: /usr/bin/bash -e {0}
2026-09-23T08:45:10.1915984Z env:
2026-09-23T08:45:10.1916593Z   pythonLocation: /opt/hostedtoolcache/Python/3.11.16/x64
2026-09-23T08:45:10.1917499Z   PKG_CONFIG_PATH: /opt/hostedtoolcache/Python/3.11.16/x64/lib/pkgconfig
2026-09-23T08:45:10.1918404Z   Python_ROOT_DIR: /opt/hostedtoolcache/Python/3.11.16/x64
2026-09-23T08:45:10.1985486Z   Python2_ROOT_DIR: /opt/hostedtoolcache/Python/3.11.16/x64
2026-09-23T08:45:10.1986542Z   Python3_ROOT_DIR: /opt/hostedtoolcache/Python/3.11.16/x64
2026-09-23T08:45:10.1987457Z   LD_LIBRARY_PATH: /opt/hostedtoolcache/Python/3.11.16/x64/lib
2026-09-23T08:45:10.1988234Z ##[endgroup]
2026-09-23T08:45:13.3523212Z Collecting pytest
2026-09-23T08:45:13.4019962Z   Downloading pytest-9.1.1-py3-none-any.whl.metadata (7.6 kB)
2026-09-23T08:45:13.4104114Z Collecting iniconfig>=1.0.1 (from pytest)
2026-09-23T08:45:13.4138634Z   Downloading iniconfig-2.3.0-py3-none-any.whl.metadata (2.5 kB)
2026-09-23T08:45:13.4241211Z Collecting packaging>=22 (from pytest)
2026-09-23T08:45:13.4276801Z   Downloading packaging-26.3-py3-none-any.whl.metadata (3.5 kB)
2026-09-23T08:45:13.4356667Z Collecting pluggy<2,>=1.5 (from pytest)
2026-09-23T08:45:13.4392216Z   Downloading pluggy-1.6.0-py3-none-any.whl.metadata (4.8 kB)
2026-09-23T08:45:13.4524946Z Collecting pygments>=2.7.2 (from pytest)
2026-09-23T08:45:13.4559256Z   Downloading pygments-2.21.0-py3-none-any.whl.metadata (2.5 kB)
2026-09-23T08:45:13.4620844Z Downloading pytest-9.1.1-py3-none-any.whl (386 kB)
2026-09-23T08:45:13.4796110Z Downloading pluggy-1.6.0-py3-none-any.whl (20 kB)
2026-09-23T08:45:13.4828742Z Downloading iniconfig-2.3.0-py3-none-any.whl (7.5 kB)
2026-09-23T08:45:13.4862752Z Downloading packaging-26.3-py3-none-any.whl (129 kB)
2026-09-23T08:45:13.4898589Z Downloading pygments-2.21.0-py3-none-any.whl (1.3 MB)
2026-09-23T08:45:13.4970393Z    ââââââââââââââââââââââââââââââââââââââââ 1.3/1.3 MB 281.1 MB/s  0:00:00
2026-09-23T08:45:13.6701702Z Installing collected packages: pygments, pluggy, packaging, iniconfig, pytest
2026-09-23T08:45:14.6620901Z 
2026-09-23T08:45:14.6630450Z Successfully installed iniconfig-2.3.0 packaging-26.3 pluggy-1.6.0 pygments-2.21.0 pytest-9.1.1
2026-09-23T08:45:14.7130273Z ##[group]Run python automation/inject_mutation.py --error-type "TypeError"
2026-09-23T08:45:14.7130907Z [36;1mpython automation/inject_mutation.py --error-type "TypeError"[0m
2026-09-23T08:45:14.7169319Z shell: /usr/bin/bash -e {0}
2026-09-23T08:45:14.7169594Z env:
2026-09-23T08:45:14.7169891Z   pythonLocation: /opt/hostedtoolcache/Python/3.11.16/x64
2026-09-23T08:45:14.7170577Z   PKG_CONFIG_PATH: /opt/hostedtoolcache/Python/3.11.16/x64/lib/pkgconfig
2026-09-23T08:45:14.7171021Z   Python_ROOT_DIR: /opt/hostedtoolcache/Python/3.11.16/x64
2026-09-23T08:45:14.7171415Z   Python2_ROOT_DIR: /opt/hostedtoolcache/Python/3.11.16/x64
2026-09-23T08:45:14.7171831Z   Python3_ROOT_DIR: /opt/hostedtoolcache/Python/3.11.16/x64
2026-09-23T08:45:14.7172222Z   LD_LIBRARY_PATH: /opt/hostedtoolcache/Python/3.11.16/x64/lib
2026-09-23T08:45:14.7172958Z ##[endgroup]
2026-09-23T08:45:14.7469759Z [Mutation Injected] Successfully injected TypeError into tests/test_app.py
2026-09-23T08:45:14.7541446Z ##[group]Run pytest tests/test_app.py -v
2026-09-23T08:45:14.7541838Z [36;1mpytest tests/test_app.py -v[0m
2026-09-23T08:45:14.7579508Z shell: /usr/bin/bash -e {0}
2026-09-23T08:45:14.7579779Z env:
2026-09-23T08:45:14.7580058Z   pythonLocation: /opt/hostedtoolcache/Python/3.11.16/x64
2026-09-23T08:45:14.7580527Z   PKG_CONFIG_PATH: /opt/hostedtoolcache/Python/3.11.16/x64/lib/pkgconfig
2026-09-23T08:45:14.7580999Z   Python_ROOT_DIR: /opt/hostedtoolcache/Python/3.11.16/x64
2026-09-23T08:45:14.7581394Z   Python2_ROOT_DIR: /opt/hostedtoolcache/Python/3.11.16/x64
2026-09-23T08:45:14.7581794Z   Python3_ROOT_DIR: /opt/hostedtoolcache/Python/3.11.16/x64
2026-09-23T08:45:14.7582201Z   LD_LIBRARY_PATH: /opt/hostedtoolcache/Python/3.11.16/x64/lib
2026-09-23T08:45:14.7582759Z ##[endgroup]
2026-09-23T08:45:15.1425689Z ============================= test session starts ==============================
2026-09-23T08:45:15.1427026Z platform linux -- Python 3.11.16, pytest-9.1.1, pluggy-1.6.0 -- /opt/hostedtoolcache/Python/3.11.16/x64/bin/python
2026-09-23T08:45:15.1428020Z cachedir: .pytest_cache
2026-09-23T08:45:15.1428575Z rootdir: /home/runner/work/log-generation/log-generation
2026-09-23T08:45:15.1429219Z configfile: pytest.ini
2026-09-23T08:45:15.1520711Z collecting ... collected 6 items
2026-09-23T08:45:15.1521572Z 
2026-09-23T08:45:15.1530444Z tests/test_app.py::test_calculate_division PASSED                        [ 16%]
2026-09-23T08:45:15.1539564Z tests/test_app.py::test_convert_to_int PASSED                            [ 33%]
2026-09-23T08:45:15.1547757Z tests/test_app.py::test_get_list_item PASSED                             [ 50%]
2026-09-23T08:45:15.1555180Z tests/test_app.py::test_get_dict_value PASSED                            [ 66%]
2026-09-23T08:45:15.1561974Z tests/test_app.py::test_assert_positive PASSED                           [ 83%]
2026-09-23T08:45:15.1856716Z tests/test_app.py::test_type_error FAILED                                [100%]
2026-09-23T08:45:15.1857355Z 
2026-09-23T08:45:15.1857635Z =================================== FAILURES ===================================
2026-09-23T08:45:15.1858382Z _______________________________ test_type_error ________________________________
2026-09-23T08:45:15.1858887Z 
2026-09-23T08:45:15.1859064Z     def test_type_error():
2026-09-23T08:45:15.1859517Z         """Injected synthetic TypeError."""
2026-09-23T08:45:15.1860101Z         from src.app import calculate_division
2026-09-23T08:45:15.1860679Z >       calculate_division("invalid_string", 5)
2026-09-23T08:45:15.1861070Z 
2026-09-23T08:45:15.1861235Z tests/test_app.py:137: 
2026-09-23T08:45:15.1861733Z _ _ _ _ _ _ _ _ _ _ _ _ _ _ _ _ _ _ _ _ _ _ _ _ _ _ _ _ _ _ _ _ _ _ _ _ _ _ _ _ 
2026-09-23T08:45:15.1862190Z 
2026-09-23T08:45:15.1862597Z a = 'invalid_string', b = 5
2026-09-23T08:45:15.1862899Z 
2026-09-23T08:45:15.1863092Z     def calculate_division(a, b):
2026-09-23T08:45:15.1863539Z >       return a / b
2026-09-23T08:45:15.1863905Z                ^^^^^
2026-09-23T08:45:15.1864448Z E       TypeError: unsupported operand type(s) for /: 'str' and 'int'
2026-09-23T08:45:15.1864945Z 
2026-09-23T08:45:15.1865107Z src/app.py:2: TypeError
2026-09-23T08:45:15.1865625Z =========================== short test summary info ============================
2026-09-23T08:45:15.1866646Z FAILED tests/test_app.py::test_type_error - TypeError: unsupported operand type(s) for /: 'str' and 'int'
2026-09-23T08:45:15.1868005Z ========================= 1 failed, 5 passed in 0.03s ==========================
2026-09-23T08:45:15.2055808Z ##[error]Process completed with exit code 1.
2026-09-23T08:45:15.2203006Z Node 20 is being deprecated. This workflow is running with Node 24 by default. If you need to temporarily use Node 20, you can set the ACTIONS_ALLOW_USE_UNSECURE_NODE_VERSION=true environment variable. For more information see: https://github.blog/changelog/2025-09-19-deprecation-of-node-20-on-github-actions-runners/
2026-09-23T08:45:15.2204365Z Post job cleanup.
2026-09-23T08:45:15.3080990Z [command]/usr/bin/git version
2026-09-23T08:45:15.3127542Z git version 2.55.0
2026-09-23T08:45:15.3167599Z Temporarily overriding HOME='/home/runner/work/_temp/4674275e-1e36-4d80-ac1d-4a8a6a25f6a4' before making global git config changes
2026-09-23T08:45:15.3169315Z Adding repository directory to the temporary git global config as a safe directory
2026-09-23T08:45:15.3173836Z [command]/usr/bin/git config --global --add safe.directory /home/runner/work/log-generation/log-generation
2026-09-23T08:45:15.3217963Z [command]/usr/bin/git config --local --name-only --get-regexp core\.sshCommand
2026-09-23T08:45:15.3256799Z [command]/usr/bin/git submodule foreach --recursive sh -c "git config --local --name-only --get-regexp 'core\.sshCommand' && git config --local --unset-all 'core.sshCommand' || :"
2026-09-23T08:45:15.3525872Z [command]/usr/bin/git config --local --name-only --get-regexp http\.https\:\/\/github\.com\/\.extraheader
2026-09-23T08:45:15.3557493Z http.https://github.com/.extraheader
2026-09-23T08:45:15.3569842Z [command]/usr/bin/git config --local --unset-all http.https://github.com/.extraheader
2026-09-23T08:45:15.3615406Z [command]/usr/bin/git submodule foreach --recursive sh -c "git config --local --name-only --get-regexp 'http\.https\:\/\/github\.com\/\.extraheader' && git config --local --unset-all 'http.https://github.com/.extraheader' || :"
2026-09-23T08:45:15.3885094Z [command]/usr/bin/git config --local --name-only --get-regexp ^includeIf\.gitdir:
2026-09-23T08:45:15.3924629Z [command]/usr/bin/git submodule foreach --recursive git config --local --show-origin --name-only --get-regexp remote.origin.url
2026-09-23T08:45:15.4348251Z Cleaning up orphan processes
2026-09-23T08:45:15.4654151Z ##[warning]Node.js 20 is deprecated. The following actions target Node.js 20 but are being forced to run on Node.js 24: actions/checkout@v4, actions/setup-python@v5. For more information see: https://github.blog/changelog/2025-09-19-deprecation-of-node-20-on-github-actions-runners/
