ï»¿2026-09-23T08:44:56.6560402Z Current runner version: '2.337.0'
2026-09-23T08:44:56.6584890Z ##[group]Runner Image Provisioner
2026-09-23T08:44:56.6585777Z Hosted Compute Agent
2026-09-23T08:44:56.6586524Z Version: 20260828.587
2026-09-23T08:44:56.6587226Z Commit: abac92662cab4cc7352de4f9f9d2e2419aad9c29
2026-09-23T08:44:56.6588019Z Build Date: 2026-08-28T16:44:25Z
2026-09-23T08:44:56.6589040Z Worker ID: {25b1f75e-974e-4d22-8c68-f0a0fa3d6977}
2026-09-23T08:44:56.6589806Z Azure Region: westus
2026-09-23T08:44:56.6590469Z ##[endgroup]
2026-09-23T08:44:56.6592326Z ##[group]Operating System
2026-09-23T08:44:56.6593002Z Ubuntu
2026-09-23T08:44:56.6593658Z 24.04.5
2026-09-23T08:44:56.6594190Z LTS
2026-09-23T08:44:56.6595191Z ##[endgroup]
2026-09-23T08:44:56.6595792Z ##[group]Runner Image
2026-09-23T08:44:56.6596398Z Image: ubuntu-24.04
2026-09-23T08:44:56.6597048Z Version: 20260907.300.1
2026-09-23T08:44:56.6598580Z Included Software: https://github.com/actions/runner-images/blob/ubuntu24/20260907.300/images/ubuntu/Ubuntu2404-Readme.md
2026-09-23T08:44:56.6600357Z Image Release: https://github.com/actions/runner-images/releases/tag/ubuntu24%2F20260907.300
2026-09-23T08:44:56.6601358Z ##[endgroup]
2026-09-23T08:44:56.6602656Z ##[group]GITHUB_TOKEN Permissions
2026-09-23T08:44:56.6604773Z Contents: read
2026-09-23T08:44:56.6605545Z Metadata: read
2026-09-23T08:44:56.6606140Z Packages: read
2026-09-23T08:44:56.6606746Z ##[endgroup]
2026-09-23T08:44:56.6609053Z Secret source: Actions
2026-09-23T08:44:56.6610185Z Cache mode: write
2026-09-23T08:44:56.6611248Z Prepare workflow directory
2026-09-23T08:44:56.6999237Z Prepare all required actions
2026-09-23T08:44:56.7048052Z Getting action download info
2026-09-23T08:44:57.0615936Z Download action repository 'actions/checkout@v4' (SHA:11d5960a326750d5838078e36cf38b85af677262)
2026-09-23T08:44:57.1919218Z Download action repository 'actions/setup-python@v5' (SHA:a26af69be951a213d495a4c3e4e4022e16d87065)
2026-09-23T08:44:57.3761725Z Complete job name: test-f3 (AttributeError #166)
2026-09-23T08:44:57.4527997Z Node 20 is being deprecated. This workflow is running with Node 24 by default. If you need to temporarily use Node 20, you can set the ACTIONS_ALLOW_USE_UNSECURE_NODE_VERSION=true environment variable. For more information see: https://github.blog/changelog/2025-09-19-deprecation-of-node-20-on-github-actions-runners/
2026-09-23T08:44:57.4537051Z ##[group]Run actions/checkout@v4
2026-09-23T08:44:57.4537802Z with:
2026-09-23T08:44:57.4538246Z   fetch-depth: 1
2026-09-23T08:44:57.4538940Z   repository: DhruvHegde/log-generation
2026-09-23T08:44:57.4542737Z   token: ***
2026-09-23T08:44:57.4543189Z   ssh-strict: true
2026-09-23T08:44:57.4543639Z   ssh-user: git
2026-09-23T08:44:57.4544103Z   persist-credentials: true
2026-09-23T08:44:57.4544598Z   clean: true
2026-09-23T08:44:57.4545046Z   sparse-checkout-cone-mode: true
2026-09-23T08:44:57.4545583Z   fetch-tags: false
2026-09-23T08:44:57.4546040Z   show-progress: true
2026-09-23T08:44:57.4546490Z   lfs: false
2026-09-23T08:44:57.4546944Z   submodules: false
2026-09-23T08:44:57.4547427Z   set-safe-directory: true
2026-09-23T08:44:57.4547942Z   allow-unsafe-pr-checkout: false
2026-09-23T08:44:57.4548970Z ##[endgroup]
2026-09-23T08:44:57.5549464Z Syncing repository: DhruvHegde/log-generation
2026-09-23T08:44:57.5552106Z ##[group]Getting Git version info
2026-09-23T08:44:57.5553360Z Working directory is '/home/runner/work/log-generation/log-generation'
2026-09-23T08:44:57.5555117Z [command]/usr/bin/git version
2026-09-23T08:44:57.5633874Z git version 2.55.0
2026-09-23T08:44:57.5666970Z ##[endgroup]
2026-09-23T08:44:57.5679788Z Temporarily overriding HOME='/home/runner/work/_temp/b04f2b43-4e3c-4193-98a9-97b53c4d21d9' before making global git config changes
2026-09-23T08:44:57.5682304Z Adding repository directory to the temporary git global config as a safe directory
2026-09-23T08:44:57.5685648Z [command]/usr/bin/git config --global --add safe.directory /home/runner/work/log-generation/log-generation
2026-09-23T08:44:57.5743399Z Deleting the contents of '/home/runner/work/log-generation/log-generation'
2026-09-23T08:44:57.5746757Z ##[group]Initializing the repository
2026-09-23T08:44:57.5752380Z [command]/usr/bin/git init /home/runner/work/log-generation/log-generation
2026-09-23T08:44:57.5880984Z hint: Using 'master' as the name for the initial branch. This default branch name
2026-09-23T08:44:57.5882677Z hint: will change to "main" in Git 3.0. To configure the initial branch name
2026-09-23T08:44:57.5884197Z hint: to use in all of your new repositories, which will suppress this warning,
2026-09-23T08:44:57.5885469Z hint: call:
2026-09-23T08:44:57.5886143Z hint:
2026-09-23T08:44:57.5886986Z hint: 	git config --global init.defaultBranch <name>
2026-09-23T08:44:57.5887980Z hint:
2026-09-23T08:44:57.5889112Z hint: Names commonly chosen instead of 'master' are 'main', 'trunk' and
2026-09-23T08:44:57.5890779Z hint: 'development'. The just-created branch can be renamed via this command:
2026-09-23T08:44:57.5892047Z hint:
2026-09-23T08:44:57.5892800Z hint: 	git branch -m <name>
2026-09-23T08:44:57.5893623Z hint:
2026-09-23T08:44:57.5894685Z hint: Disable this message with "git config set advice.defaultBranchName false"
2026-09-23T08:44:57.5896734Z Initialized empty Git repository in /home/runner/work/log-generation/log-generation/.git/
2026-09-23T08:44:57.5899885Z [command]/usr/bin/git remote add origin https://github.com/DhruvHegde/log-generation
2026-09-23T08:44:57.5952560Z ##[endgroup]
2026-09-23T08:44:57.5953860Z ##[group]Disabling automatic garbage collection
2026-09-23T08:44:57.5955821Z [command]/usr/bin/git config --local gc.auto 0
2026-09-23T08:44:57.5987668Z ##[endgroup]
2026-09-23T08:44:57.5989119Z ##[group]Setting up auth
2026-09-23T08:44:57.5994327Z [command]/usr/bin/git config --local --name-only --get-regexp core\.sshCommand
2026-09-23T08:44:57.6026145Z [command]/usr/bin/git submodule foreach --recursive sh -c "git config --local --name-only --get-regexp 'core\.sshCommand' && git config --local --unset-all 'core.sshCommand' || :"
2026-09-23T08:44:57.6485836Z [command]/usr/bin/git config --local --name-only --get-regexp http\.https\:\/\/github\.com\/\.extraheader
2026-09-23T08:44:57.6521296Z [command]/usr/bin/git submodule foreach --recursive sh -c "git config --local --name-only --get-regexp 'http\.https\:\/\/github\.com\/\.extraheader' && git config --local --unset-all 'http.https://github.com/.extraheader' || :"
2026-09-23T08:44:57.6746050Z [command]/usr/bin/git config --local --name-only --get-regexp ^includeIf\.gitdir:
2026-09-23T08:44:57.6782675Z [command]/usr/bin/git submodule foreach --recursive git config --local --show-origin --name-only --get-regexp remote.origin.url
2026-09-23T08:44:57.7013584Z [command]/usr/bin/git config --local http.https://github.com/.extraheader AUTHORIZATION: basic ***
2026-09-23T08:44:57.7052796Z ##[endgroup]
2026-09-23T08:44:57.7054073Z ##[group]Fetching the repository
2026-09-23T08:44:57.7063654Z [command]/usr/bin/git -c protocol.version=2 fetch --no-tags --prune --no-recurse-submodules --depth=1 origin +dfcb6f158e4bd8054252a4da5d0a9edc2ab15d57:refs/remotes/origin/feature/f3-test-failures
2026-09-23T08:44:58.1829143Z From https://github.com/DhruvHegde/log-generation
2026-09-23T08:44:58.1831482Z  * [new ref]         dfcb6f158e4bd8054252a4da5d0a9edc2ab15d57 -> origin/feature/f3-test-failures
2026-09-23T08:44:58.1835309Z ##[endgroup]
2026-09-23T08:44:58.1836811Z ##[group]Determining the checkout info
2026-09-23T08:44:58.1839267Z ##[endgroup]
2026-09-23T08:44:58.1847198Z [command]/usr/bin/git sparse-checkout disable
2026-09-23T08:44:58.1902783Z [command]/usr/bin/git config --local --unset-all extensions.worktreeConfig
2026-09-23T08:44:58.1935174Z ##[group]Checking out the ref
2026-09-23T08:44:58.1941313Z [command]/usr/bin/git checkout --progress --force -B feature/f3-test-failures refs/remotes/origin/feature/f3-test-failures
2026-09-23T08:44:58.2018580Z Switched to a new branch 'feature/f3-test-failures'
2026-09-23T08:44:58.2025103Z branch 'feature/f3-test-failures' set up to track 'origin/feature/f3-test-failures'.
2026-09-23T08:44:58.2030355Z ##[endgroup]
2026-09-23T08:44:58.2072341Z [command]/usr/bin/git log -1 --format=%H
2026-09-23T08:44:58.2099049Z dfcb6f158e4bd8054252a4da5d0a9edc2ab15d57
2026-09-23T08:44:58.2382801Z Node 20 is being deprecated. This workflow is running with Node 24 by default. If you need to temporarily use Node 20, you can set the ACTIONS_ALLOW_USE_UNSECURE_NODE_VERSION=true environment variable. For more information see: https://github.blog/changelog/2025-09-19-deprecation-of-node-20-on-github-actions-runners/
2026-09-23T08:44:58.2385428Z ##[group]Run actions/setup-python@v5
2026-09-23T08:44:58.2385954Z with:
2026-09-23T08:44:58.2386376Z   python-version: 3.11
2026-09-23T08:44:58.2386848Z   check-latest: false
2026-09-23T08:44:58.2390715Z   token: ***
2026-09-23T08:44:58.2391160Z   update-environment: true
2026-09-23T08:44:58.2391659Z   allow-prereleases: false
2026-09-23T08:44:58.2392150Z   freethreaded: false
2026-09-23T08:44:58.2392600Z ##[endgroup]
2026-09-23T08:44:58.3765181Z ##[group]Installed versions
2026-09-23T08:44:58.3865019Z (node:2242) [DEP0040] DeprecationWarning: The `punycode` module is deprecated. Please use a userland alternative instead.
2026-09-23T08:44:58.3867307Z (Use `node --trace-deprecation ...` to show where the warning was created)
2026-09-23T08:44:58.3868992Z Successfully set up CPython (3.11.16)
2026-09-23T08:44:58.3870586Z ##[endgroup]
2026-09-23T08:44:58.4076102Z ##[group]Run pip install --no-cache-dir pytest
2026-09-23T08:44:58.4076900Z [36;1mpip install --no-cache-dir pytest[0m
2026-09-23T08:44:58.4139465Z shell: /usr/bin/bash -e {0}
2026-09-23T08:44:58.4140794Z env:
2026-09-23T08:44:58.4142111Z   pythonLocation: /opt/hostedtoolcache/Python/3.11.16/x64
2026-09-23T08:44:58.4143560Z   PKG_CONFIG_PATH: /opt/hostedtoolcache/Python/3.11.16/x64/lib/pkgconfig
2026-09-23T08:44:58.4144977Z   Python_ROOT_DIR: /opt/hostedtoolcache/Python/3.11.16/x64
2026-09-23T08:44:58.4146013Z   Python2_ROOT_DIR: /opt/hostedtoolcache/Python/3.11.16/x64
2026-09-23T08:44:58.4147503Z   Python3_ROOT_DIR: /opt/hostedtoolcache/Python/3.11.16/x64
2026-09-23T08:44:58.4148663Z   LD_LIBRARY_PATH: /opt/hostedtoolcache/Python/3.11.16/x64/lib
2026-09-23T08:44:58.4242094Z ##[endgroup]
2026-09-23T08:45:01.4425908Z Collecting pytest
2026-09-23T08:45:01.5161425Z   Downloading pytest-9.1.1-py3-none-any.whl.metadata (7.6 kB)
2026-09-23T08:45:01.5421036Z Collecting iniconfig>=1.0.1 (from pytest)
2026-09-23T08:45:01.5538057Z   Downloading iniconfig-2.3.0-py3-none-any.whl.metadata (2.5 kB)
2026-09-23T08:45:01.5840773Z Collecting packaging>=22 (from pytest)
2026-09-23T08:45:01.5955498Z   Downloading packaging-26.3-py3-none-any.whl.metadata (3.5 kB)
2026-09-23T08:45:01.6212498Z Collecting pluggy<2,>=1.5 (from pytest)
2026-09-23T08:45:01.6324556Z   Downloading pluggy-1.6.0-py3-none-any.whl.metadata (4.8 kB)
2026-09-23T08:45:01.6647822Z Collecting pygments>=2.7.2 (from pytest)
2026-09-23T08:45:01.6759567Z   Downloading pygments-2.21.0-py3-none-any.whl.metadata (2.5 kB)
2026-09-23T08:45:01.6899047Z Downloading pytest-9.1.1-py3-none-any.whl (386 kB)
2026-09-23T08:45:01.7389465Z Downloading pluggy-1.6.0-py3-none-any.whl (20 kB)
2026-09-23T08:45:01.7504857Z Downloading iniconfig-2.3.0-py3-none-any.whl (7.5 kB)
2026-09-23T08:45:01.7620980Z Downloading packaging-26.3-py3-none-any.whl (129 kB)
2026-09-23T08:45:01.7744334Z Downloading pygments-2.21.0-py3-none-any.whl (1.3 MB)
2026-09-23T08:45:01.8052220Z    ââââââââââââââââââââââââââââââââââââââââ 1.3/1.3 MB 38.4 MB/s  0:00:00
2026-09-23T08:45:01.9767174Z Installing collected packages: pygments, pluggy, packaging, iniconfig, pytest
2026-09-23T08:45:02.9894347Z 
2026-09-23T08:45:02.9907320Z Successfully installed iniconfig-2.3.0 packaging-26.3 pluggy-1.6.0 pygments-2.21.0 pytest-9.1.1
2026-09-23T08:45:03.0474095Z ##[group]Run python automation/inject_mutation.py --error-type "AttributeError"
2026-09-23T08:45:03.0474826Z [36;1mpython automation/inject_mutation.py --error-type "AttributeError"[0m
2026-09-23T08:45:03.0513111Z shell: /usr/bin/bash -e {0}
2026-09-23T08:45:03.0513426Z env:
2026-09-23T08:45:03.0513949Z   pythonLocation: /opt/hostedtoolcache/Python/3.11.16/x64
2026-09-23T08:45:03.0514445Z   PKG_CONFIG_PATH: /opt/hostedtoolcache/Python/3.11.16/x64/lib/pkgconfig
2026-09-23T08:45:03.0514922Z   Python_ROOT_DIR: /opt/hostedtoolcache/Python/3.11.16/x64
2026-09-23T08:45:03.0515349Z   Python2_ROOT_DIR: /opt/hostedtoolcache/Python/3.11.16/x64
2026-09-23T08:45:03.0515790Z   Python3_ROOT_DIR: /opt/hostedtoolcache/Python/3.11.16/x64
2026-09-23T08:45:03.0516221Z   LD_LIBRARY_PATH: /opt/hostedtoolcache/Python/3.11.16/x64/lib
2026-09-23T08:45:03.0516615Z ##[endgroup]
2026-09-23T08:45:03.0818134Z [Mutation Injected] Successfully injected AttributeError into tests/test_app.py
2026-09-23T08:45:03.0894172Z ##[group]Run pytest tests/test_app.py -v
2026-09-23T08:45:03.0894613Z [36;1mpytest tests/test_app.py -v[0m
2026-09-23T08:45:03.0933322Z shell: /usr/bin/bash -e {0}
2026-09-23T08:45:03.0933635Z env:
2026-09-23T08:45:03.0933964Z   pythonLocation: /opt/hostedtoolcache/Python/3.11.16/x64
2026-09-23T08:45:03.0934470Z   PKG_CONFIG_PATH: /opt/hostedtoolcache/Python/3.11.16/x64/lib/pkgconfig
2026-09-23T08:45:03.0934990Z   Python_ROOT_DIR: /opt/hostedtoolcache/Python/3.11.16/x64
2026-09-23T08:45:03.0935441Z   Python2_ROOT_DIR: /opt/hostedtoolcache/Python/3.11.16/x64
2026-09-23T08:45:03.0935885Z   Python3_ROOT_DIR: /opt/hostedtoolcache/Python/3.11.16/x64
2026-09-23T08:45:03.0936350Z   LD_LIBRARY_PATH: /opt/hostedtoolcache/Python/3.11.16/x64/lib
2026-09-23T08:45:03.0936730Z ##[endgroup]
2026-09-23T08:45:03.4927026Z ============================= test session starts ==============================
2026-09-23T08:45:03.4928623Z platform linux -- Python 3.11.16, pytest-9.1.1, pluggy-1.6.0 -- /opt/hostedtoolcache/Python/3.11.16/x64/bin/python
2026-09-23T08:45:03.4929663Z cachedir: .pytest_cache
2026-09-23T08:45:03.4930300Z rootdir: /home/runner/work/log-generation/log-generation
2026-09-23T08:45:03.4930961Z configfile: pytest.ini
2026-09-23T08:45:03.5017388Z collecting ... collected 6 items
2026-09-23T08:45:03.5017843Z 
2026-09-23T08:45:03.5026773Z tests/test_app.py::test_calculate_division PASSED                        [ 16%]
2026-09-23T08:45:03.5034555Z tests/test_app.py::test_convert_to_int PASSED                            [ 33%]
2026-09-23T08:45:03.5043238Z tests/test_app.py::test_get_list_item PASSED                             [ 50%]
2026-09-23T08:45:03.5051107Z tests/test_app.py::test_get_dict_value PASSED                            [ 66%]
2026-09-23T08:45:03.5058107Z tests/test_app.py::test_assert_positive PASSED                           [ 83%]
2026-09-23T08:45:03.5350312Z tests/test_app.py::test_attribute_error FAILED                           [100%]
2026-09-23T08:45:03.5350919Z 
2026-09-23T08:45:03.5351240Z =================================== FAILURES ===================================
2026-09-23T08:45:03.5352038Z _____________________________ test_attribute_error _____________________________
2026-09-23T08:45:03.5352562Z 
2026-09-23T08:45:03.5352759Z     def test_attribute_error():
2026-09-23T08:45:03.5353254Z         """Injected synthetic AttributeError."""
2026-09-23T08:45:03.5353856Z         from src.app import get_object_attribute
2026-09-23T08:45:03.5354415Z >       get_object_attribute(object())
2026-09-23T08:45:03.5354815Z 
2026-09-23T08:45:03.5354992Z tests/test_app.py:137: 
2026-09-23T08:45:03.5355480Z _ _ _ _ _ _ _ _ _ _ _ _ _ _ _ _ _ _ _ _ _ _ _ _ _ _ _ _ _ _ _ _ _ _ _ _ _ _ _ _ 
2026-09-23T08:45:03.5355924Z 
2026-09-23T08:45:03.5356108Z obj = <object object at 0x7fb8a1f2d370>
2026-09-23T08:45:03.5356436Z 
2026-09-23T08:45:03.5356620Z     def get_object_attribute(obj):
2026-09-23T08:45:03.5357097Z >       return obj.non_existent_attribute
2026-09-23T08:45:03.5357653Z                ^^^^^^^^^^^^^^^^^^^^^^^^^^
2026-09-23T08:45:03.5358672Z E       AttributeError: 'object' object has no attribute 'non_existent_attribute'
2026-09-23T08:45:03.5359264Z 
2026-09-23T08:45:03.5359452Z src/app.py:14: AttributeError
2026-09-23T08:45:03.5359985Z =========================== short test summary info ============================
2026-09-23T08:45:03.5361659Z FAILED tests/test_app.py::test_attribute_error - AttributeError: 'object' object has no attribute 'non_existent_attribute'
2026-09-23T08:45:03.5362743Z ========================= 1 failed, 5 passed in 0.03s ==========================
2026-09-23T08:45:03.5575362Z ##[error]Process completed with exit code 1.
2026-09-23T08:45:03.5728292Z Node 20 is being deprecated. This workflow is running with Node 24 by default. If you need to temporarily use Node 20, you can set the ACTIONS_ALLOW_USE_UNSECURE_NODE_VERSION=true environment variable. For more information see: https://github.blog/changelog/2025-09-19-deprecation-of-node-20-on-github-actions-runners/
2026-09-23T08:45:03.5729907Z Post job cleanup.
2026-09-23T08:45:03.6625222Z [command]/usr/bin/git version
2026-09-23T08:45:03.6672597Z git version 2.55.0
2026-09-23T08:45:03.6717125Z Temporarily overriding HOME='/home/runner/work/_temp/ea924baf-c81d-4182-8560-aff59f3f4235' before making global git config changes
2026-09-23T08:45:03.6719590Z Adding repository directory to the temporary git global config as a safe directory
2026-09-23T08:45:03.6724484Z [command]/usr/bin/git config --global --add safe.directory /home/runner/work/log-generation/log-generation
2026-09-23T08:45:03.6769815Z [command]/usr/bin/git config --local --name-only --get-regexp core\.sshCommand
2026-09-23T08:45:03.6812729Z [command]/usr/bin/git submodule foreach --recursive sh -c "git config --local --name-only --get-regexp 'core\.sshCommand' && git config --local --unset-all 'core.sshCommand' || :"
2026-09-23T08:45:03.7097155Z [command]/usr/bin/git config --local --name-only --get-regexp http\.https\:\/\/github\.com\/\.extraheader
2026-09-23T08:45:03.7127727Z http.https://github.com/.extraheader
2026-09-23T08:45:03.7140494Z [command]/usr/bin/git config --local --unset-all http.https://github.com/.extraheader
2026-09-23T08:45:03.7178849Z [command]/usr/bin/git submodule foreach --recursive sh -c "git config --local --name-only --get-regexp 'http\.https\:\/\/github\.com\/\.extraheader' && git config --local --unset-all 'http.https://github.com/.extraheader' || :"
2026-09-23T08:45:03.7457944Z [command]/usr/bin/git config --local --name-only --get-regexp ^includeIf\.gitdir:
2026-09-23T08:45:03.7501475Z [command]/usr/bin/git submodule foreach --recursive git config --local --show-origin --name-only --get-regexp remote.origin.url
2026-09-23T08:45:03.7902629Z Cleaning up orphan processes
2026-09-23T08:45:03.8222104Z ##[warning]Node.js 20 is deprecated. The following actions target Node.js 20 but are being forced to run on Node.js 24: actions/checkout@v4, actions/setup-python@v5. For more information see: https://github.blog/changelog/2025-09-19-deprecation-of-node-20-on-github-actions-runners/
