ï»¿2026-09-23T08:49:51.5646824Z Current runner version: '2.337.0'
2026-09-23T08:49:51.5670173Z ##[group]Runner Image Provisioner
2026-09-23T08:49:51.5671107Z Hosted Compute Agent
2026-09-23T08:49:51.5671695Z Version: 20260828.587
2026-09-23T08:49:51.5672321Z Commit: abac92662cab4cc7352de4f9f9d2e2419aad9c29
2026-09-23T08:49:51.5673161Z Build Date: 2026-08-28T16:44:25Z
2026-09-23T08:49:51.5673861Z Worker ID: {6edf396f-9db6-4bfa-a247-6775c9829358}
2026-09-23T08:49:51.5674665Z Azure Region: westus
2026-09-23T08:49:51.5675244Z ##[endgroup]
2026-09-23T08:49:51.5676983Z ##[group]Operating System
2026-09-23T08:49:51.5678090Z Ubuntu
2026-09-23T08:49:51.5678639Z 24.04.5
2026-09-23T08:49:51.5679202Z LTS
2026-09-23T08:49:51.5679744Z ##[endgroup]
2026-09-23T08:49:51.5680294Z ##[group]Runner Image
2026-09-23T08:49:51.5681351Z Image: ubuntu-24.04
2026-09-23T08:49:51.5681977Z Version: 20260907.300.1
2026-09-23T08:49:51.5683259Z Included Software: https://github.com/actions/runner-images/blob/ubuntu24/20260907.300/images/ubuntu/Ubuntu2404-Readme.md
2026-09-23T08:49:51.5684886Z Image Release: https://github.com/actions/runner-images/releases/tag/ubuntu24%2F20260907.300
2026-09-23T08:49:51.5685936Z ##[endgroup]
2026-09-23T08:49:51.5687146Z ##[group]GITHUB_TOKEN Permissions
2026-09-23T08:49:51.5689552Z Contents: read
2026-09-23T08:49:51.5690163Z Metadata: read
2026-09-23T08:49:51.5690824Z Packages: read
2026-09-23T08:49:51.5691417Z ##[endgroup]
2026-09-23T08:49:51.5693402Z Secret source: Actions
2026-09-23T08:49:51.5694449Z Cache mode: write
2026-09-23T08:49:51.5695500Z Prepare workflow directory
2026-09-23T08:49:51.6081119Z Prepare all required actions
2026-09-23T08:49:51.6128444Z Getting action download info
2026-09-23T08:49:51.9483403Z Download action repository 'actions/checkout@v4' (SHA:11d5960a326750d5838078e36cf38b85af677262)
2026-09-23T08:49:52.0686430Z Download action repository 'actions/setup-python@v5' (SHA:a26af69be951a213d495a4c3e4e4022e16d87065)
2026-09-23T08:49:52.2818456Z Complete job name: test-f3 (FileNotFoundError #176)
2026-09-23T08:49:52.3579321Z Node 20 is being deprecated. This workflow is running with Node 24 by default. If you need to temporarily use Node 20, you can set the ACTIONS_ALLOW_USE_UNSECURE_NODE_VERSION=true environment variable. For more information see: https://github.blog/changelog/2025-09-19-deprecation-of-node-20-on-github-actions-runners/
2026-09-23T08:49:52.3588255Z ##[group]Run actions/checkout@v4
2026-09-23T08:49:52.3589032Z with:
2026-09-23T08:49:52.3589449Z   fetch-depth: 1
2026-09-23T08:49:52.3589919Z   repository: DhruvHegde/log-generation
2026-09-23T08:49:52.3593946Z   token: ***
2026-09-23T08:49:52.3594368Z   ssh-strict: true
2026-09-23T08:49:52.3594806Z   ssh-user: git
2026-09-23T08:49:52.3595242Z   persist-credentials: true
2026-09-23T08:49:52.3595721Z   clean: true
2026-09-23T08:49:52.3596156Z   sparse-checkout-cone-mode: true
2026-09-23T08:49:52.3596671Z   fetch-tags: false
2026-09-23T08:49:52.3597108Z   show-progress: true
2026-09-23T08:49:52.3597554Z   lfs: false
2026-09-23T08:49:52.3598462Z   submodules: false
2026-09-23T08:49:52.3598922Z   set-safe-directory: true
2026-09-23T08:49:52.3599431Z   allow-unsafe-pr-checkout: false
2026-09-23T08:49:52.3600344Z ##[endgroup]
2026-09-23T08:49:52.4659007Z Syncing repository: DhruvHegde/log-generation
2026-09-23T08:49:52.4660885Z ##[group]Getting Git version info
2026-09-23T08:49:52.4661681Z Working directory is '/home/runner/work/log-generation/log-generation'
2026-09-23T08:49:52.4662954Z [command]/usr/bin/git version
2026-09-23T08:49:52.4750666Z git version 2.55.0
2026-09-23T08:49:52.4774514Z ##[endgroup]
2026-09-23T08:49:52.4790751Z Temporarily overriding HOME='/home/runner/work/_temp/f64c28cb-2dc6-488b-ad26-d6ce70440eda' before making global git config changes
2026-09-23T08:49:52.4793026Z Adding repository directory to the temporary git global config as a safe directory
2026-09-23T08:49:52.4797395Z [command]/usr/bin/git config --global --add safe.directory /home/runner/work/log-generation/log-generation
2026-09-23T08:49:52.4848513Z Deleting the contents of '/home/runner/work/log-generation/log-generation'
2026-09-23T08:49:52.4853727Z ##[group]Initializing the repository
2026-09-23T08:49:52.4858050Z [command]/usr/bin/git init /home/runner/work/log-generation/log-generation
2026-09-23T08:49:52.5001977Z hint: Using 'master' as the name for the initial branch. This default branch name
2026-09-23T08:49:52.5003758Z hint: will change to "main" in Git 3.0. To configure the initial branch name
2026-09-23T08:49:52.5007016Z hint: to use in all of your new repositories, which will suppress this warning,
2026-09-23T08:49:52.5008481Z hint: call:
2026-09-23T08:49:52.5009200Z hint:
2026-09-23T08:49:52.5009989Z hint: 	git config --global init.defaultBranch <name>
2026-09-23T08:49:52.5010950Z hint:
2026-09-23T08:49:52.5011932Z hint: Names commonly chosen instead of 'master' are 'main', 'trunk' and
2026-09-23T08:49:52.5013397Z hint: 'development'. The just-created branch can be renamed via this command:
2026-09-23T08:49:52.5014659Z hint:
2026-09-23T08:49:52.5015337Z hint: 	git branch -m <name>
2026-09-23T08:49:52.5016265Z hint:
2026-09-23T08:49:52.5019066Z hint: Disable this message with "git config set advice.defaultBranchName false"
2026-09-23T08:49:52.5020739Z Initialized empty Git repository in /home/runner/work/log-generation/log-generation/.git/
2026-09-23T08:49:52.5031019Z [command]/usr/bin/git remote add origin https://github.com/DhruvHegde/log-generation
2026-09-23T08:49:52.5071776Z ##[endgroup]
2026-09-23T08:49:52.5073079Z ##[group]Disabling automatic garbage collection
2026-09-23T08:49:52.5076862Z [command]/usr/bin/git config --local gc.auto 0
2026-09-23T08:49:52.5108260Z ##[endgroup]
2026-09-23T08:49:52.5109049Z ##[group]Setting up auth
2026-09-23T08:49:52.5115859Z [command]/usr/bin/git config --local --name-only --get-regexp core\.sshCommand
2026-09-23T08:49:52.5150188Z [command]/usr/bin/git submodule foreach --recursive sh -c "git config --local --name-only --get-regexp 'core\.sshCommand' && git config --local --unset-all 'core.sshCommand' || :"
2026-09-23T08:49:52.5534103Z [command]/usr/bin/git config --local --name-only --get-regexp http\.https\:\/\/github\.com\/\.extraheader
2026-09-23T08:49:52.5572903Z [command]/usr/bin/git submodule foreach --recursive sh -c "git config --local --name-only --get-regexp 'http\.https\:\/\/github\.com\/\.extraheader' && git config --local --unset-all 'http.https://github.com/.extraheader' || :"
2026-09-23T08:49:52.5799637Z [command]/usr/bin/git config --local --name-only --get-regexp ^includeIf\.gitdir:
2026-09-23T08:49:52.5838229Z [command]/usr/bin/git submodule foreach --recursive git config --local --show-origin --name-only --get-regexp remote.origin.url
2026-09-23T08:49:52.6062274Z [command]/usr/bin/git config --local http.https://github.com/.extraheader AUTHORIZATION: basic ***
2026-09-23T08:49:52.6100912Z ##[endgroup]
2026-09-23T08:49:52.6101812Z ##[group]Fetching the repository
2026-09-23T08:49:52.6111407Z [command]/usr/bin/git -c protocol.version=2 fetch --no-tags --prune --no-recurse-submodules --depth=1 origin +43f20917de93b9aad51cf79a69ad5239c5632917:refs/remotes/origin/feature/f3-test-failures
2026-09-23T08:49:53.1498876Z From https://github.com/DhruvHegde/log-generation
2026-09-23T08:49:53.1500861Z  * [new ref]         43f20917de93b9aad51cf79a69ad5239c5632917 -> origin/feature/f3-test-failures
2026-09-23T08:49:53.1514581Z ##[endgroup]
2026-09-23T08:49:53.1515427Z ##[group]Determining the checkout info
2026-09-23T08:49:53.1516308Z ##[endgroup]
2026-09-23T08:49:53.1516849Z [command]/usr/bin/git sparse-checkout disable
2026-09-23T08:49:53.1567162Z [command]/usr/bin/git config --local --unset-all extensions.worktreeConfig
2026-09-23T08:49:53.1599951Z ##[group]Checking out the ref
2026-09-23T08:49:53.1605615Z [command]/usr/bin/git checkout --progress --force -B feature/f3-test-failures refs/remotes/origin/feature/f3-test-failures
2026-09-23T08:49:53.1998870Z Switched to a new branch 'feature/f3-test-failures'
2026-09-23T08:49:53.2004555Z branch 'feature/f3-test-failures' set up to track 'origin/feature/f3-test-failures'.
2026-09-23T08:49:53.2011683Z ##[endgroup]
2026-09-23T08:49:53.2054160Z [command]/usr/bin/git log -1 --format=%H
2026-09-23T08:49:53.2080276Z 43f20917de93b9aad51cf79a69ad5239c5632917
2026-09-23T08:49:53.2353604Z Node 20 is being deprecated. This workflow is running with Node 24 by default. If you need to temporarily use Node 20, you can set the ACTIONS_ALLOW_USE_UNSECURE_NODE_VERSION=true environment variable. For more information see: https://github.blog/changelog/2025-09-19-deprecation-of-node-20-on-github-actions-runners/
2026-09-23T08:49:53.2356487Z ##[group]Run actions/setup-python@v5
2026-09-23T08:49:53.2357083Z with:
2026-09-23T08:49:53.2357501Z   python-version: 3.11
2026-09-23T08:49:53.2358213Z   check-latest: false
2026-09-23T08:49:53.2362130Z   token: ***
2026-09-23T08:49:53.2362565Z   update-environment: true
2026-09-23T08:49:53.2363063Z   allow-prereleases: false
2026-09-23T08:49:53.2363547Z   freethreaded: false
2026-09-23T08:49:53.2363999Z ##[endgroup]
2026-09-23T08:49:53.3658139Z ##[group]Installed versions
2026-09-23T08:49:53.3746635Z (node:2283) [DEP0040] DeprecationWarning: The `punycode` module is deprecated. Please use a userland alternative instead.
2026-09-23T08:49:53.3748345Z (Use `node --trace-deprecation ...` to show where the warning was created)
2026-09-23T08:49:53.3749677Z Successfully set up CPython (3.11.16)
2026-09-23T08:49:53.3751115Z ##[endgroup]
2026-09-23T08:49:53.3953812Z ##[group]Run pip install --no-cache-dir pytest
2026-09-23T08:49:53.3954581Z [36;1mpip install --no-cache-dir pytest[0m
2026-09-23T08:49:53.4007959Z shell: /usr/bin/bash -e {0}
2026-09-23T08:49:53.4008503Z env:
2026-09-23T08:49:53.4009026Z   pythonLocation: /opt/hostedtoolcache/Python/3.11.16/x64
2026-09-23T08:49:53.4009868Z   PKG_CONFIG_PATH: /opt/hostedtoolcache/Python/3.11.16/x64/lib/pkgconfig
2026-09-23T08:49:53.4010731Z   Python_ROOT_DIR: /opt/hostedtoolcache/Python/3.11.16/x64
2026-09-23T08:49:53.4011499Z   Python2_ROOT_DIR: /opt/hostedtoolcache/Python/3.11.16/x64
2026-09-23T08:49:53.4012261Z   Python3_ROOT_DIR: /opt/hostedtoolcache/Python/3.11.16/x64
2026-09-23T08:49:53.4113891Z   LD_LIBRARY_PATH: /opt/hostedtoolcache/Python/3.11.16/x64/lib
2026-09-23T08:49:53.4115024Z ##[endgroup]
2026-09-23T08:49:56.1867071Z Collecting pytest
2026-09-23T08:49:56.2837287Z   Downloading pytest-9.1.1-py3-none-any.whl.metadata (7.6 kB)
2026-09-23T08:49:56.2980577Z Collecting iniconfig>=1.0.1 (from pytest)
2026-09-23T08:49:56.3190867Z   Downloading iniconfig-2.3.0-py3-none-any.whl.metadata (2.5 kB)
2026-09-23T08:49:56.3372901Z Collecting packaging>=22 (from pytest)
2026-09-23T08:49:56.3580889Z   Downloading packaging-26.3-py3-none-any.whl.metadata (3.5 kB)
2026-09-23T08:49:56.3723298Z Collecting pluggy<2,>=1.5 (from pytest)
2026-09-23T08:49:56.3928738Z   Downloading pluggy-1.6.0-py3-none-any.whl.metadata (4.8 kB)
2026-09-23T08:49:56.4153694Z Collecting pygments>=2.7.2 (from pytest)
2026-09-23T08:49:56.4360892Z   Downloading pygments-2.21.0-py3-none-any.whl.metadata (2.5 kB)
2026-09-23T08:49:56.4593917Z Downloading pytest-9.1.1-py3-none-any.whl (386 kB)
2026-09-23T08:49:56.5524702Z Downloading pluggy-1.6.0-py3-none-any.whl (20 kB)
2026-09-23T08:49:56.5733519Z Downloading iniconfig-2.3.0-py3-none-any.whl (7.5 kB)
2026-09-23T08:49:56.5937016Z Downloading packaging-26.3-py3-none-any.whl (129 kB)
2026-09-23T08:49:56.6158776Z Downloading pygments-2.21.0-py3-none-any.whl (1.3 MB)
2026-09-23T08:49:56.6614805Z    ââââââââââââââââââââââââââââââââââââââââ 1.3/1.3 MB 26.0 MB/s  0:00:00
2026-09-23T08:49:56.8441606Z Installing collected packages: pygments, pluggy, packaging, iniconfig, pytest
2026-09-23T08:49:57.8133008Z 
2026-09-23T08:49:57.8144375Z Successfully installed iniconfig-2.3.0 packaging-26.3 pluggy-1.6.0 pygments-2.21.0 pytest-9.1.1
2026-09-23T08:49:57.8622357Z ##[group]Run python automation/inject_mutation.py --error-type "FileNotFoundError"
2026-09-23T08:49:57.8623152Z [36;1mpython automation/inject_mutation.py --error-type "FileNotFoundError"[0m
2026-09-23T08:49:57.8661982Z shell: /usr/bin/bash -e {0}
2026-09-23T08:49:57.8662291Z env:
2026-09-23T08:49:57.8662795Z   pythonLocation: /opt/hostedtoolcache/Python/3.11.16/x64
2026-09-23T08:49:57.8663308Z   PKG_CONFIG_PATH: /opt/hostedtoolcache/Python/3.11.16/x64/lib/pkgconfig
2026-09-23T08:49:57.8663812Z   Python_ROOT_DIR: /opt/hostedtoolcache/Python/3.11.16/x64
2026-09-23T08:49:57.8664249Z   Python2_ROOT_DIR: /opt/hostedtoolcache/Python/3.11.16/x64
2026-09-23T08:49:57.8664703Z   Python3_ROOT_DIR: /opt/hostedtoolcache/Python/3.11.16/x64
2026-09-23T08:49:57.8665141Z   LD_LIBRARY_PATH: /opt/hostedtoolcache/Python/3.11.16/x64/lib
2026-09-23T08:49:57.8665546Z ##[endgroup]
2026-09-23T08:49:57.8963498Z [Mutation Injected] Successfully injected FileNotFoundError into tests/test_app.py
2026-09-23T08:49:57.9030642Z ##[group]Run pytest tests/test_app.py -v
2026-09-23T08:49:57.9031059Z [36;1mpytest tests/test_app.py -v[0m
2026-09-23T08:49:57.9064556Z shell: /usr/bin/bash -e {0}
2026-09-23T08:49:57.9064868Z env:
2026-09-23T08:49:57.9065184Z   pythonLocation: /opt/hostedtoolcache/Python/3.11.16/x64
2026-09-23T08:49:57.9065701Z   PKG_CONFIG_PATH: /opt/hostedtoolcache/Python/3.11.16/x64/lib/pkgconfig
2026-09-23T08:49:57.9066190Z   Python_ROOT_DIR: /opt/hostedtoolcache/Python/3.11.16/x64
2026-09-23T08:49:57.9066622Z   Python2_ROOT_DIR: /opt/hostedtoolcache/Python/3.11.16/x64
2026-09-23T08:49:57.9067063Z   Python3_ROOT_DIR: /opt/hostedtoolcache/Python/3.11.16/x64
2026-09-23T08:49:57.9067504Z   LD_LIBRARY_PATH: /opt/hostedtoolcache/Python/3.11.16/x64/lib
2026-09-23T08:49:57.9068130Z ##[endgroup]
2026-09-23T08:49:58.3756907Z ============================= test session starts ==============================
2026-09-23T08:49:58.3759746Z platform linux -- Python 3.11.16, pytest-9.1.1, pluggy-1.6.0 -- /opt/hostedtoolcache/Python/3.11.16/x64/bin/python
2026-09-23T08:49:58.3760902Z cachedir: .pytest_cache
2026-09-23T08:49:58.3762551Z rootdir: /home/runner/work/log-generation/log-generation
2026-09-23T08:49:58.3763248Z configfile: pytest.ini
2026-09-23T08:49:58.3847265Z collecting ... collected 6 items
2026-09-23T08:49:58.3847899Z 
2026-09-23T08:49:58.3856796Z tests/test_app.py::test_calculate_division PASSED                        [ 16%]
2026-09-23T08:49:58.3865597Z tests/test_app.py::test_convert_to_int PASSED                            [ 33%]
2026-09-23T08:49:58.3873313Z tests/test_app.py::test_get_list_item PASSED                             [ 50%]
2026-09-23T08:49:58.3880523Z tests/test_app.py::test_get_dict_value PASSED                            [ 66%]
2026-09-23T08:49:58.3887156Z tests/test_app.py::test_assert_positive PASSED                           [ 83%]
2026-09-23T08:49:58.4123670Z tests/test_app.py::test_file_not_found_error FAILED                      [100%]
2026-09-23T08:49:58.4124474Z 
2026-09-23T08:49:58.4124858Z =================================== FAILURES ===================================
2026-09-23T08:49:58.4125843Z __________________________ test_file_not_found_error ___________________________
2026-09-23T08:49:58.4126526Z 
2026-09-23T08:49:58.4126779Z     def test_file_not_found_error():
2026-09-23T08:49:58.4127414Z         """Injected synthetic FileNotFoundError."""
2026-09-23T08:49:58.4128329Z         from src.app import read_config_file
2026-09-23T08:49:58.4128926Z >       read_config_file("fixtures/non_existent_pipeline_config.json")
2026-09-23T08:49:58.4129371Z 
2026-09-23T08:49:58.4129519Z tests/test_app.py:139: 
2026-09-23T08:49:58.4130008Z _ _ _ _ _ _ _ _ _ _ _ _ _ _ _ _ _ _ _ _ _ _ _ _ _ _ _ _ _ _ _ _ _ _ _ _ _ _ _ _ 
2026-09-23T08:49:58.4130392Z 
2026-09-23T08:49:58.4130603Z path = 'fixtures/non_existent_pipeline_config.json'
2026-09-23T08:49:58.4130879Z 
2026-09-23T08:49:58.4131005Z     def read_config_file(path):
2026-09-23T08:49:58.4131321Z >       with open(path, "r") as f:
2026-09-23T08:49:58.4131670Z              ^^^^^^^^^^^^^^^
2026-09-23T08:49:58.4132241Z E       FileNotFoundError: [Errno 2] No such file or directory: 'fixtures/non_existent_pipeline_config.json'
2026-09-23T08:49:58.4132748Z 
2026-09-23T08:49:58.4132873Z src/app.py:17: FileNotFoundError
2026-09-23T08:49:58.4133267Z =========================== short test summary info ============================
2026-09-23T08:49:58.4134493Z FAILED tests/test_app.py::test_file_not_found_error - FileNotFoundError: [Errno 2] No such file or directory: 'fixtures/non_existent_pipeline_config.json'
2026-09-23T08:49:58.4135412Z ========================= 1 failed, 5 passed in 0.03s ==========================
2026-09-23T08:49:58.4307245Z ##[error]Process completed with exit code 1.
2026-09-23T08:49:58.4449942Z Node 20 is being deprecated. This workflow is running with Node 24 by default. If you need to temporarily use Node 20, you can set the ACTIONS_ALLOW_USE_UNSECURE_NODE_VERSION=true environment variable. For more information see: https://github.blog/changelog/2025-09-19-deprecation-of-node-20-on-github-actions-runners/
2026-09-23T08:49:58.4451235Z Post job cleanup.
2026-09-23T08:49:58.5312714Z [command]/usr/bin/git version
2026-09-23T08:49:58.5354699Z git version 2.55.0
2026-09-23T08:49:58.5392299Z Temporarily overriding HOME='/home/runner/work/_temp/dc0d7e7d-0d7d-4cee-82fb-a12b4be77c2c' before making global git config changes
2026-09-23T08:49:58.5393893Z Adding repository directory to the temporary git global config as a safe directory
2026-09-23T08:49:58.5398191Z [command]/usr/bin/git config --global --add safe.directory /home/runner/work/log-generation/log-generation
2026-09-23T08:49:58.5437269Z [command]/usr/bin/git config --local --name-only --get-regexp core\.sshCommand
2026-09-23T08:49:58.5479464Z [command]/usr/bin/git submodule foreach --recursive sh -c "git config --local --name-only --get-regexp 'core\.sshCommand' && git config --local --unset-all 'core.sshCommand' || :"
2026-09-23T08:49:58.5739044Z [command]/usr/bin/git config --local --name-only --get-regexp http\.https\:\/\/github\.com\/\.extraheader
2026-09-23T08:49:58.5769233Z http.https://github.com/.extraheader
2026-09-23T08:49:58.5781973Z [command]/usr/bin/git config --local --unset-all http.https://github.com/.extraheader
2026-09-23T08:49:58.5823249Z [command]/usr/bin/git submodule foreach --recursive sh -c "git config --local --name-only --get-regexp 'http\.https\:\/\/github\.com\/\.extraheader' && git config --local --unset-all 'http.https://github.com/.extraheader' || :"
2026-09-23T08:49:58.6109754Z [command]/usr/bin/git config --local --name-only --get-regexp ^includeIf\.gitdir:
2026-09-23T08:49:58.6183544Z [command]/usr/bin/git submodule foreach --recursive git config --local --show-origin --name-only --get-regexp remote.origin.url
2026-09-23T08:49:58.6624104Z Cleaning up orphan processes
2026-09-23T08:49:58.6901008Z ##[warning]Node.js 20 is deprecated. The following actions target Node.js 20 but are being forced to run on Node.js 24: actions/checkout@v4, actions/setup-python@v5. For more information see: https://github.blog/changelog/2025-09-19-deprecation-of-node-20-on-github-actions-runners/
