ï»¿2026-09-23T08:44:06.3965478Z Current runner version: '2.337.0'
2026-09-23T08:44:06.4001251Z ##[group]Runner Image Provisioner
2026-09-23T08:44:06.4002625Z Hosted Compute Agent
2026-09-23T08:44:06.4003829Z Version: 20260828.587
2026-09-23T08:44:06.4005041Z Commit: abac92662cab4cc7352de4f9f9d2e2419aad9c29
2026-09-23T08:44:06.4006276Z Build Date: 2026-08-28T16:44:25Z
2026-09-23T08:44:06.4007409Z Worker ID: {77896d1a-96cb-4957-9e9d-c98085ce85cb}
2026-09-23T08:44:06.4008700Z Azure Region: eastus2
2026-09-23T08:44:06.4009610Z ##[endgroup]
2026-09-23T08:44:06.4012492Z ##[group]Operating System
2026-09-23T08:44:06.4013789Z Ubuntu
2026-09-23T08:44:06.4015160Z 24.04.5
2026-09-23T08:44:06.4016213Z LTS
2026-09-23T08:44:06.4017048Z ##[endgroup]
2026-09-23T08:44:06.4018032Z ##[group]Runner Image
2026-09-23T08:44:06.4019100Z Image: ubuntu-24.04
2026-09-23T08:44:06.4020109Z Version: 20260920.314.1
2026-09-23T08:44:06.4022202Z Included Software: https://github.com/actions/runner-images/blob/ubuntu24/20260920.314/images/ubuntu/Ubuntu2404-Readme.md
2026-09-23T08:44:06.4025251Z Image Release: https://github.com/actions/runner-images/releases/tag/ubuntu24%2F20260920.314
2026-09-23T08:44:06.4026907Z ##[endgroup]
2026-09-23T08:44:06.4029024Z ##[group]GITHUB_TOKEN Permissions
2026-09-23T08:44:06.4031881Z Contents: read
2026-09-23T08:44:06.4032965Z Metadata: read
2026-09-23T08:44:06.4034117Z Packages: read
2026-09-23T08:44:06.4035146Z ##[endgroup]
2026-09-23T08:44:06.4038115Z Secret source: Actions
2026-09-23T08:44:06.4039709Z Cache mode: write
2026-09-23T08:44:06.4041259Z Prepare workflow directory
2026-09-23T08:44:06.4507806Z Prepare all required actions
2026-09-23T08:44:06.4577351Z Getting action download info
2026-09-23T08:44:06.6662038Z Download action repository 'actions/checkout@v4' (SHA:11d5960a326750d5838078e36cf38b85af677262)
2026-09-23T08:44:06.7724608Z Download action repository 'actions/setup-python@v5' (SHA:a26af69be951a213d495a4c3e4e4022e16d87065)
2026-09-23T08:44:06.9564818Z Complete job name: test-f3 (FileNotFoundError #79)
2026-09-23T08:44:07.0460058Z Node 20 is being deprecated. This workflow is running with Node 24 by default. If you need to temporarily use Node 20, you can set the ACTIONS_ALLOW_USE_UNSECURE_NODE_VERSION=true environment variable. For more information see: https://github.blog/changelog/2025-09-19-deprecation-of-node-20-on-github-actions-runners/
2026-09-23T08:44:07.0469160Z ##[group]Run actions/checkout@v4
2026-09-23T08:44:07.0469894Z with:
2026-09-23T08:44:07.0470303Z   fetch-depth: 1
2026-09-23T08:44:07.0470772Z   repository: DhruvHegde/log-generation
2026-09-23T08:44:07.0474743Z   token: ***
2026-09-23T08:44:07.0475180Z   ssh-strict: true
2026-09-23T08:44:07.0475609Z   ssh-user: git
2026-09-23T08:44:07.0476039Z   persist-credentials: true
2026-09-23T08:44:07.0476515Z   clean: true
2026-09-23T08:44:07.0476951Z   sparse-checkout-cone-mode: true
2026-09-23T08:44:07.0477462Z   fetch-tags: false
2026-09-23T08:44:07.0477896Z   show-progress: true
2026-09-23T08:44:07.0478332Z   lfs: false
2026-09-23T08:44:07.0478783Z   submodules: false
2026-09-23T08:44:07.0479263Z   set-safe-directory: true
2026-09-23T08:44:07.0479824Z   allow-unsafe-pr-checkout: false
2026-09-23T08:44:07.0480691Z ##[endgroup]
2026-09-23T08:44:07.1472190Z Syncing repository: DhruvHegde/log-generation
2026-09-23T08:44:07.1474881Z ##[group]Getting Git version info
2026-09-23T08:44:07.1476313Z Working directory is '/home/runner/work/log-generation/log-generation'
2026-09-23T08:44:07.1478006Z [command]/usr/bin/git version
2026-09-23T08:44:07.1567286Z git version 2.55.0
2026-09-23T08:44:07.1599687Z ##[endgroup]
2026-09-23T08:44:07.1607069Z Temporarily overriding HOME='/home/runner/work/_temp/2c3ea496-cf1c-456c-b058-bfc7c80ec6e8' before making global git config changes
2026-09-23T08:44:07.1616474Z Adding repository directory to the temporary git global config as a safe directory
2026-09-23T08:44:07.1617692Z [command]/usr/bin/git config --global --add safe.directory /home/runner/work/log-generation/log-generation
2026-09-23T08:44:07.1661489Z Deleting the contents of '/home/runner/work/log-generation/log-generation'
2026-09-23T08:44:07.1667093Z ##[group]Initializing the repository
2026-09-23T08:44:07.1670452Z [command]/usr/bin/git init /home/runner/work/log-generation/log-generation
2026-09-23T08:44:07.1762596Z hint: Using 'master' as the name for the initial branch. This default branch name
2026-09-23T08:44:07.1764637Z hint: will change to "main" in Git 3.0. To configure the initial branch name
2026-09-23T08:44:07.1766402Z hint: to use in all of your new repositories, which will suppress this warning,
2026-09-23T08:44:07.1767835Z hint: call:
2026-09-23T08:44:07.1768745Z hint:
2026-09-23T08:44:07.1769746Z hint: 	git config --global init.defaultBranch <name>
2026-09-23T08:44:07.1772238Z hint:
2026-09-23T08:44:07.1773747Z hint: Names commonly chosen instead of 'master' are 'main', 'trunk' and
2026-09-23T08:44:07.1776232Z hint: 'development'. The just-created branch can be renamed via this command:
2026-09-23T08:44:07.1777642Z hint:
2026-09-23T08:44:07.1778504Z hint: 	git branch -m <name>
2026-09-23T08:44:07.1779215Z hint:
2026-09-23T08:44:07.1779980Z hint: Disable this message with "git config set advice.defaultBranchName false"
2026-09-23T08:44:07.1781991Z Initialized empty Git repository in /home/runner/work/log-generation/log-generation/.git/
2026-09-23T08:44:07.1785751Z [command]/usr/bin/git remote add origin https://github.com/DhruvHegde/log-generation
2026-09-23T08:44:07.1821950Z ##[endgroup]
2026-09-23T08:44:07.1823719Z ##[group]Disabling automatic garbage collection
2026-09-23T08:44:07.1826202Z [command]/usr/bin/git config --local gc.auto 0
2026-09-23T08:44:07.1859073Z ##[endgroup]
2026-09-23T08:44:07.1860344Z ##[group]Setting up auth
2026-09-23T08:44:07.1865528Z [command]/usr/bin/git config --local --name-only --get-regexp core\.sshCommand
2026-09-23T08:44:07.1901868Z [command]/usr/bin/git submodule foreach --recursive sh -c "git config --local --name-only --get-regexp 'core\.sshCommand' && git config --local --unset-all 'core.sshCommand' || :"
2026-09-23T08:44:07.2277450Z [command]/usr/bin/git config --local --name-only --get-regexp http\.https\:\/\/github\.com\/\.extraheader
2026-09-23T08:44:07.2317031Z [command]/usr/bin/git submodule foreach --recursive sh -c "git config --local --name-only --get-regexp 'http\.https\:\/\/github\.com\/\.extraheader' && git config --local --unset-all 'http.https://github.com/.extraheader' || :"
2026-09-23T08:44:07.2568251Z [command]/usr/bin/git config --local --name-only --get-regexp ^includeIf\.gitdir:
2026-09-23T08:44:07.2605558Z [command]/usr/bin/git submodule foreach --recursive git config --local --show-origin --name-only --get-regexp remote.origin.url
2026-09-23T08:44:07.2830720Z [command]/usr/bin/git config --local http.https://github.com/.extraheader AUTHORIZATION: basic ***
2026-09-23T08:44:07.2872667Z ##[endgroup]
2026-09-23T08:44:07.2874322Z ##[group]Fetching the repository
2026-09-23T08:44:07.2884442Z [command]/usr/bin/git -c protocol.version=2 fetch --no-tags --prune --no-recurse-submodules --depth=1 origin +dfcb6f158e4bd8054252a4da5d0a9edc2ab15d57:refs/remotes/origin/feature/f3-test-failures
2026-09-23T08:44:07.5299073Z From https://github.com/DhruvHegde/log-generation
2026-09-23T08:44:07.5300707Z  * [new ref]         dfcb6f158e4bd8054252a4da5d0a9edc2ab15d57 -> origin/feature/f3-test-failures
2026-09-23T08:44:07.5305119Z ##[endgroup]
2026-09-23T08:44:07.5305915Z ##[group]Determining the checkout info
2026-09-23T08:44:07.5308700Z ##[endgroup]
2026-09-23T08:44:07.5316307Z [command]/usr/bin/git sparse-checkout disable
2026-09-23T08:44:07.5368281Z [command]/usr/bin/git config --local --unset-all extensions.worktreeConfig
2026-09-23T08:44:07.5400065Z ##[group]Checking out the ref
2026-09-23T08:44:07.5404865Z [command]/usr/bin/git checkout --progress --force -B feature/f3-test-failures refs/remotes/origin/feature/f3-test-failures
2026-09-23T08:44:07.5479333Z Switched to a new branch 'feature/f3-test-failures'
2026-09-23T08:44:07.5485874Z branch 'feature/f3-test-failures' set up to track 'origin/feature/f3-test-failures'.
2026-09-23T08:44:07.5490402Z ##[endgroup]
2026-09-23T08:44:07.5530385Z [command]/usr/bin/git log -1 --format=%H
2026-09-23T08:44:07.5556316Z dfcb6f158e4bd8054252a4da5d0a9edc2ab15d57
2026-09-23T08:44:07.5820196Z Node 20 is being deprecated. This workflow is running with Node 24 by default. If you need to temporarily use Node 20, you can set the ACTIONS_ALLOW_USE_UNSECURE_NODE_VERSION=true environment variable. For more information see: https://github.blog/changelog/2025-09-19-deprecation-of-node-20-on-github-actions-runners/
2026-09-23T08:44:07.5822719Z ##[group]Run actions/setup-python@v5
2026-09-23T08:44:07.5823431Z with:
2026-09-23T08:44:07.5823838Z   python-version: 3.11
2026-09-23T08:44:07.5824288Z   check-latest: false
2026-09-23T08:44:07.5827815Z   token: ***
2026-09-23T08:44:07.5828244Z   update-environment: true
2026-09-23T08:44:07.5828733Z   allow-prereleases: false
2026-09-23T08:44:07.5829203Z   freethreaded: false
2026-09-23T08:44:07.5829637Z ##[endgroup]
2026-09-23T08:44:07.7123930Z ##[group]Installed versions
2026-09-23T08:44:07.7213950Z (node:2255) [DEP0040] DeprecationWarning: The `punycode` module is deprecated. Please use a userland alternative instead.
2026-09-23T08:44:07.7215567Z (Use `node --trace-deprecation ...` to show where the warning was created)
2026-09-23T08:44:07.7216703Z Successfully set up CPython (3.11.16)
2026-09-23T08:44:07.7217947Z ##[endgroup]
2026-09-23T08:44:07.7446760Z ##[group]Run pip install --no-cache-dir pytest
2026-09-23T08:44:07.7447567Z [36;1mpip install --no-cache-dir pytest[0m
2026-09-23T08:44:07.7735518Z shell: /usr/bin/bash -e {0}
2026-09-23T08:44:07.7736095Z env:
2026-09-23T08:44:07.7736634Z   pythonLocation: /opt/hostedtoolcache/Python/3.11.16/x64
2026-09-23T08:44:07.7737473Z   PKG_CONFIG_PATH: /opt/hostedtoolcache/Python/3.11.16/x64/lib/pkgconfig
2026-09-23T08:44:07.7738318Z   Python_ROOT_DIR: /opt/hostedtoolcache/Python/3.11.16/x64
2026-09-23T08:44:07.7739087Z   Python2_ROOT_DIR: /opt/hostedtoolcache/Python/3.11.16/x64
2026-09-23T08:44:07.7739861Z   Python3_ROOT_DIR: /opt/hostedtoolcache/Python/3.11.16/x64
2026-09-23T08:44:07.7740654Z   LD_LIBRARY_PATH: /opt/hostedtoolcache/Python/3.11.16/x64/lib
2026-09-23T08:44:07.7741312Z ##[endgroup]
2026-09-23T08:44:08.5658463Z Collecting pytest
2026-09-23T08:44:08.6228985Z   Downloading pytest-9.1.1-py3-none-any.whl.metadata (7.6 kB)
2026-09-23T08:44:08.6345024Z Collecting iniconfig>=1.0.1 (from pytest)
2026-09-23T08:44:08.6418756Z   Downloading iniconfig-2.3.0-py3-none-any.whl.metadata (2.5 kB)
2026-09-23T08:44:08.6573530Z Collecting packaging>=22 (from pytest)
2026-09-23T08:44:08.6647137Z   Downloading packaging-26.3-py3-none-any.whl.metadata (3.5 kB)
2026-09-23T08:44:08.6762497Z Collecting pluggy<2,>=1.5 (from pytest)
2026-09-23T08:44:08.6839983Z   Downloading pluggy-1.6.0-py3-none-any.whl.metadata (4.8 kB)
2026-09-23T08:44:08.7016670Z Collecting pygments>=2.7.2 (from pytest)
2026-09-23T08:44:08.7087112Z   Downloading pygments-2.21.0-py3-none-any.whl.metadata (2.5 kB)
2026-09-23T08:44:08.7184102Z Downloading pytest-9.1.1-py3-none-any.whl (386 kB)
2026-09-23T08:44:08.7472353Z Downloading pluggy-1.6.0-py3-none-any.whl (20 kB)
2026-09-23T08:44:08.7547940Z Downloading iniconfig-2.3.0-py3-none-any.whl (7.5 kB)
2026-09-23T08:44:08.7626368Z Downloading packaging-26.3-py3-none-any.whl (129 kB)
2026-09-23T08:44:08.7727112Z Downloading pygments-2.21.0-py3-none-any.whl (1.3 MB)
2026-09-23T08:44:08.7905420Z    ââââââââââââââââââââââââââââââââââââââââ 1.3/1.3 MB 67.4 MB/s  0:00:00
2026-09-23T08:44:08.8516127Z Installing collected packages: pygments, pluggy, packaging, iniconfig, pytest
2026-09-23T08:44:09.7965163Z 
2026-09-23T08:44:09.7974011Z Successfully installed iniconfig-2.3.0 packaging-26.3 pluggy-1.6.0 pygments-2.21.0 pytest-9.1.1
2026-09-23T08:44:09.8449977Z ##[group]Run python automation/inject_mutation.py --error-type "FileNotFoundError"
2026-09-23T08:44:09.8450747Z [36;1mpython automation/inject_mutation.py --error-type "FileNotFoundError"[0m
2026-09-23T08:44:09.8517456Z shell: /usr/bin/bash -e {0}
2026-09-23T08:44:09.8517771Z env:
2026-09-23T08:44:09.8518295Z   pythonLocation: /opt/hostedtoolcache/Python/3.11.16/x64
2026-09-23T08:44:09.8518822Z   PKG_CONFIG_PATH: /opt/hostedtoolcache/Python/3.11.16/x64/lib/pkgconfig
2026-09-23T08:44:09.8519337Z   Python_ROOT_DIR: /opt/hostedtoolcache/Python/3.11.16/x64
2026-09-23T08:44:09.8519777Z   Python2_ROOT_DIR: /opt/hostedtoolcache/Python/3.11.16/x64
2026-09-23T08:44:09.8520218Z   Python3_ROOT_DIR: /opt/hostedtoolcache/Python/3.11.16/x64
2026-09-23T08:44:09.8520655Z   LD_LIBRARY_PATH: /opt/hostedtoolcache/Python/3.11.16/x64/lib
2026-09-23T08:44:09.8521045Z ##[endgroup]
2026-09-23T08:44:09.8842571Z [Mutation Injected] Successfully injected FileNotFoundError into tests/test_app.py
2026-09-23T08:44:09.8914094Z ##[group]Run pytest tests/test_app.py -v
2026-09-23T08:44:09.8914554Z [36;1mpytest tests/test_app.py -v[0m
2026-09-23T08:44:09.8975560Z shell: /usr/bin/bash -e {0}
2026-09-23T08:44:09.8975874Z env:
2026-09-23T08:44:09.8976196Z   pythonLocation: /opt/hostedtoolcache/Python/3.11.16/x64
2026-09-23T08:44:09.8976707Z   PKG_CONFIG_PATH: /opt/hostedtoolcache/Python/3.11.16/x64/lib/pkgconfig
2026-09-23T08:44:09.8977193Z   Python_ROOT_DIR: /opt/hostedtoolcache/Python/3.11.16/x64
2026-09-23T08:44:09.8977618Z   Python2_ROOT_DIR: /opt/hostedtoolcache/Python/3.11.16/x64
2026-09-23T08:44:09.8978065Z   Python3_ROOT_DIR: /opt/hostedtoolcache/Python/3.11.16/x64
2026-09-23T08:44:09.8978508Z   LD_LIBRARY_PATH: /opt/hostedtoolcache/Python/3.11.16/x64/lib
2026-09-23T08:44:09.8978885Z ##[endgroup]
2026-09-23T08:44:10.3268826Z ============================= test session starts ==============================
2026-09-23T08:44:10.3270340Z platform linux -- Python 3.11.16, pytest-9.1.1, pluggy-1.6.0 -- /opt/hostedtoolcache/Python/3.11.16/x64/bin/python
2026-09-23T08:44:10.3271470Z cachedir: .pytest_cache
2026-09-23T08:44:10.3272161Z rootdir: /home/runner/work/log-generation/log-generation
2026-09-23T08:44:10.3272908Z configfile: pytest.ini
2026-09-23T08:44:10.3355932Z collecting ... collected 6 items
2026-09-23T08:44:10.3356678Z 
2026-09-23T08:44:10.3364755Z tests/test_app.py::test_calculate_division PASSED                        [ 16%]
2026-09-23T08:44:10.3373408Z tests/test_app.py::test_convert_to_int PASSED                            [ 33%]
2026-09-23T08:44:10.3381948Z tests/test_app.py::test_get_list_item PASSED                             [ 50%]
2026-09-23T08:44:10.3389612Z tests/test_app.py::test_get_dict_value PASSED                            [ 66%]
2026-09-23T08:44:10.3397221Z tests/test_app.py::test_assert_positive PASSED                           [ 83%]
2026-09-23T08:44:10.3658210Z tests/test_app.py::test_file_not_found_error FAILED                      [100%]
2026-09-23T08:44:10.3658824Z 
2026-09-23T08:44:10.3659097Z =================================== FAILURES ===================================
2026-09-23T08:44:10.3659813Z __________________________ test_file_not_found_error ___________________________
2026-09-23T08:44:10.3660284Z 
2026-09-23T08:44:10.3660476Z     def test_file_not_found_error():
2026-09-23T08:44:10.3661031Z         """Injected synthetic FileNotFoundError."""
2026-09-23T08:44:10.3661653Z         from src.app import read_config_file
2026-09-23T08:44:10.3662336Z >       read_config_file("fixtures/non_existent_pipeline_config.json")
2026-09-23T08:44:10.3662845Z 
2026-09-23T08:44:10.3663243Z tests/test_app.py:137: 
2026-09-23T08:44:10.3663776Z _ _ _ _ _ _ _ _ _ _ _ _ _ _ _ _ _ _ _ _ _ _ _ _ _ _ _ _ _ _ _ _ _ _ _ _ _ _ _ _ 
2026-09-23T08:44:10.3664227Z 
2026-09-23T08:44:10.3664480Z path = 'fixtures/non_existent_pipeline_config.json'
2026-09-23T08:44:10.3664899Z 
2026-09-23T08:44:10.3665083Z     def read_config_file(path):
2026-09-23T08:44:10.3665551Z >       with open(path, "r") as f:
2026-09-23T08:44:10.3666061Z              ^^^^^^^^^^^^^^^
2026-09-23T08:44:10.3666903Z E       FileNotFoundError: [Errno 2] No such file or directory: 'fixtures/non_existent_pipeline_config.json'
2026-09-23T08:44:10.3667637Z 
2026-09-23T08:44:10.3667836Z src/app.py:17: FileNotFoundError
2026-09-23T08:44:10.3668440Z =========================== short test summary info ============================
2026-09-23T08:44:10.3670127Z FAILED tests/test_app.py::test_file_not_found_error - FileNotFoundError: [Errno 2] No such file or directory: 'fixtures/non_existent_pipeline_config.json'
2026-09-23T08:44:10.3671449Z ========================= 1 failed, 5 passed in 0.03s ==========================
2026-09-23T08:44:10.3846137Z ##[error]Process completed with exit code 1.
2026-09-23T08:44:10.3989567Z Node 20 is being deprecated. This workflow is running with Node 24 by default. If you need to temporarily use Node 20, you can set the ACTIONS_ALLOW_USE_UNSECURE_NODE_VERSION=true environment variable. For more information see: https://github.blog/changelog/2025-09-19-deprecation-of-node-20-on-github-actions-runners/
2026-09-23T08:44:10.3990841Z Post job cleanup.
2026-09-23T08:44:10.4826248Z [command]/usr/bin/git version
2026-09-23T08:44:10.4869874Z git version 2.55.0
2026-09-23T08:44:10.4909644Z Temporarily overriding HOME='/home/runner/work/_temp/bb9491b0-1ec9-4b7d-bb91-e29de8a4c369' before making global git config changes
2026-09-23T08:44:10.4911577Z Adding repository directory to the temporary git global config as a safe directory
2026-09-23T08:44:10.4915939Z [command]/usr/bin/git config --global --add safe.directory /home/runner/work/log-generation/log-generation
2026-09-23T08:44:10.4957409Z [command]/usr/bin/git config --local --name-only --get-regexp core\.sshCommand
2026-09-23T08:44:10.5004381Z [command]/usr/bin/git submodule foreach --recursive sh -c "git config --local --name-only --get-regexp 'core\.sshCommand' && git config --local --unset-all 'core.sshCommand' || :"
2026-09-23T08:44:10.5291959Z [command]/usr/bin/git config --local --name-only --get-regexp http\.https\:\/\/github\.com\/\.extraheader
2026-09-23T08:44:10.5335144Z http.https://github.com/.extraheader
2026-09-23T08:44:10.5355241Z [command]/usr/bin/git config --local --unset-all http.https://github.com/.extraheader
2026-09-23T08:44:10.5384280Z [command]/usr/bin/git submodule foreach --recursive sh -c "git config --local --name-only --get-regexp 'http\.https\:\/\/github\.com\/\.extraheader' && git config --local --unset-all 'http.https://github.com/.extraheader' || :"
2026-09-23T08:44:10.5648462Z [command]/usr/bin/git config --local --name-only --get-regexp ^includeIf\.gitdir:
2026-09-23T08:44:10.5696867Z [command]/usr/bin/git submodule foreach --recursive git config --local --show-origin --name-only --get-regexp remote.origin.url
2026-09-23T08:44:10.6055273Z Cleaning up orphan processes
2026-09-23T08:44:10.6381137Z ##[warning]Node.js 20 is deprecated. The following actions target Node.js 20 but are being forced to run on Node.js 24: actions/checkout@v4, actions/setup-python@v5. For more information see: https://github.blog/changelog/2025-09-19-deprecation-of-node-20-on-github-actions-runners/
