ï»¿2026-09-23T08:49:35.2265756Z Current runner version: '2.337.0'
2026-09-23T08:49:35.2286756Z ##[group]Runner Image Provisioner
2026-09-23T08:49:35.2287576Z Hosted Compute Agent
2026-09-23T08:49:35.2288072Z Version: 20260828.587
2026-09-23T08:49:35.2288633Z Commit: abac92662cab4cc7352de4f9f9d2e2419aad9c29
2026-09-23T08:49:35.2289231Z Build Date: 2026-08-28T16:44:25Z
2026-09-23T08:49:35.2289779Z Worker ID: {2fa1fe13-3e32-4650-bef2-b799457e4330}
2026-09-23T08:49:35.2290430Z Azure Region: centralus
2026-09-23T08:49:35.2290918Z ##[endgroup]
2026-09-23T08:49:35.2292396Z ##[group]Operating System
2026-09-23T08:49:35.2292917Z Ubuntu
2026-09-23T08:49:35.2293340Z 24.04.5
2026-09-23T08:49:35.2293821Z LTS
2026-09-23T08:49:35.2294250Z ##[endgroup]
2026-09-23T08:49:35.2294958Z ##[group]Runner Image
2026-09-23T08:49:35.2295491Z Image: ubuntu-24.04
2026-09-23T08:49:35.2295957Z Version: 20260907.300.1
2026-09-23T08:49:35.2297213Z Included Software: https://github.com/actions/runner-images/blob/ubuntu24/20260907.300/images/ubuntu/Ubuntu2404-Readme.md
2026-09-23T08:49:35.2298459Z Image Release: https://github.com/actions/runner-images/releases/tag/ubuntu24%2F20260907.300
2026-09-23T08:49:35.2299261Z ##[endgroup]
2026-09-23T08:49:35.2300280Z ##[group]GITHUB_TOKEN Permissions
2026-09-23T08:49:35.2302224Z Contents: read
2026-09-23T08:49:35.2302721Z Metadata: read
2026-09-23T08:49:35.2303208Z Packages: read
2026-09-23T08:49:35.2303707Z ##[endgroup]
2026-09-23T08:49:35.2305389Z Secret source: Actions
2026-09-23T08:49:35.2306410Z Cache mode: write
2026-09-23T08:49:35.2307253Z Prepare workflow directory
2026-09-23T08:49:35.2611467Z Prepare all required actions
2026-09-23T08:49:35.2652666Z Getting action download info
2026-09-23T08:49:35.4964858Z Download action repository 'actions/checkout@v4' (SHA:11d5960a326750d5838078e36cf38b85af677262)
2026-09-23T08:49:35.6159881Z Download action repository 'actions/setup-python@v5' (SHA:a26af69be951a213d495a4c3e4e4022e16d87065)
2026-09-23T08:49:35.7911061Z Complete job name: test-f3 (AssertionError #129)
2026-09-23T08:49:35.8497208Z Node 20 is being deprecated. This workflow is running with Node 24 by default. If you need to temporarily use Node 20, you can set the ACTIONS_ALLOW_USE_UNSECURE_NODE_VERSION=true environment variable. For more information see: https://github.blog/changelog/2025-09-19-deprecation-of-node-20-on-github-actions-runners/
2026-09-23T08:49:35.8504065Z ##[group]Run actions/checkout@v4
2026-09-23T08:49:35.8504672Z with:
2026-09-23T08:49:35.8505182Z   fetch-depth: 1
2026-09-23T08:49:35.8505690Z   repository: DhruvHegde/log-generation
2026-09-23T08:49:35.8509138Z   token: ***
2026-09-23T08:49:35.8509577Z   ssh-strict: true
2026-09-23T08:49:35.8510012Z   ssh-user: git
2026-09-23T08:49:35.8510502Z   persist-credentials: true
2026-09-23T08:49:35.8511005Z   clean: true
2026-09-23T08:49:35.8511456Z   sparse-checkout-cone-mode: true
2026-09-23T08:49:35.8512178Z   fetch-tags: false
2026-09-23T08:49:35.8512627Z   show-progress: true
2026-09-23T08:49:35.8513125Z   lfs: false
2026-09-23T08:49:35.8513639Z   submodules: false
2026-09-23T08:49:35.8514156Z   set-safe-directory: true
2026-09-23T08:49:35.8514649Z   allow-unsafe-pr-checkout: false
2026-09-23T08:49:35.8515308Z ##[endgroup]
2026-09-23T08:49:35.9375163Z Syncing repository: DhruvHegde/log-generation
2026-09-23T08:49:35.9378006Z ##[group]Getting Git version info
2026-09-23T08:49:35.9379208Z Working directory is '/home/runner/work/log-generation/log-generation'
2026-09-23T08:49:35.9380903Z [command]/usr/bin/git version
2026-09-23T08:49:35.9401908Z git version 2.55.0
2026-09-23T08:49:35.9420027Z ##[endgroup]
2026-09-23T08:49:35.9431763Z Temporarily overriding HOME='/home/runner/work/_temp/fbc59235-7c34-4cb9-b058-109a654da46b' before making global git config changes
2026-09-23T08:49:35.9433414Z Adding repository directory to the temporary git global config as a safe directory
2026-09-23T08:49:35.9436569Z [command]/usr/bin/git config --global --add safe.directory /home/runner/work/log-generation/log-generation
2026-09-23T08:49:35.9488215Z Deleting the contents of '/home/runner/work/log-generation/log-generation'
2026-09-23T08:49:35.9491954Z ##[group]Initializing the repository
2026-09-23T08:49:35.9499158Z [command]/usr/bin/git init /home/runner/work/log-generation/log-generation
2026-09-23T08:49:35.9585498Z hint: Using 'master' as the name for the initial branch. This default branch name
2026-09-23T08:49:35.9586883Z hint: will change to "main" in Git 3.0. To configure the initial branch name
2026-09-23T08:49:35.9587827Z hint: to use in all of your new repositories, which will suppress this warning,
2026-09-23T08:49:35.9588541Z hint: call:
2026-09-23T08:49:35.9588995Z hint:
2026-09-23T08:49:35.9589535Z hint: 	git config --global init.defaultBranch <name>
2026-09-23T08:49:35.9590205Z hint:
2026-09-23T08:49:35.9590793Z hint: Names commonly chosen instead of 'master' are 'main', 'trunk' and
2026-09-23T08:49:35.9591666Z hint: 'development'. The just-created branch can be renamed via this command:
2026-09-23T08:49:35.9592382Z hint:
2026-09-23T08:49:35.9592869Z hint: 	git branch -m <name>
2026-09-23T08:49:35.9593352Z hint:
2026-09-23T08:49:35.9593983Z hint: Disable this message with "git config set advice.defaultBranchName false"
2026-09-23T08:49:35.9597569Z Initialized empty Git repository in /home/runner/work/log-generation/log-generation/.git/
2026-09-23T08:49:35.9607354Z [command]/usr/bin/git remote add origin https://github.com/DhruvHegde/log-generation
2026-09-23T08:49:35.9658061Z ##[endgroup]
2026-09-23T08:49:35.9659490Z ##[group]Disabling automatic garbage collection
2026-09-23T08:49:35.9660586Z [command]/usr/bin/git config --local gc.auto 0
2026-09-23T08:49:35.9678503Z ##[endgroup]
2026-09-23T08:49:35.9679484Z ##[group]Setting up auth
2026-09-23T08:49:35.9691927Z [command]/usr/bin/git config --local --name-only --get-regexp core\.sshCommand
2026-09-23T08:49:35.9711434Z [command]/usr/bin/git submodule foreach --recursive sh -c "git config --local --name-only --get-regexp 'core\.sshCommand' && git config --local --unset-all 'core.sshCommand' || :"
2026-09-23T08:49:36.0003676Z [command]/usr/bin/git config --local --name-only --get-regexp http\.https\:\/\/github\.com\/\.extraheader
2026-09-23T08:49:36.0035578Z [command]/usr/bin/git submodule foreach --recursive sh -c "git config --local --name-only --get-regexp 'http\.https\:\/\/github\.com\/\.extraheader' && git config --local --unset-all 'http.https://github.com/.extraheader' || :"
2026-09-23T08:49:36.0199368Z [command]/usr/bin/git config --local --name-only --get-regexp ^includeIf\.gitdir:
2026-09-23T08:49:36.0230885Z [command]/usr/bin/git submodule foreach --recursive git config --local --show-origin --name-only --get-regexp remote.origin.url
2026-09-23T08:49:36.0391726Z [command]/usr/bin/git config --local http.https://github.com/.extraheader AUTHORIZATION: basic ***
2026-09-23T08:49:36.0417866Z ##[endgroup]
2026-09-23T08:49:36.0418933Z ##[group]Fetching the repository
2026-09-23T08:49:36.0424991Z [command]/usr/bin/git -c protocol.version=2 fetch --no-tags --prune --no-recurse-submodules --depth=1 origin +43f20917de93b9aad51cf79a69ad5239c5632917:refs/remotes/origin/feature/f3-test-failures
2026-09-23T08:49:36.6267130Z From https://github.com/DhruvHegde/log-generation
2026-09-23T08:49:36.6269246Z  * [new ref]         43f20917de93b9aad51cf79a69ad5239c5632917 -> origin/feature/f3-test-failures
2026-09-23T08:49:36.6273541Z ##[endgroup]
2026-09-23T08:49:36.6275331Z ##[group]Determining the checkout info
2026-09-23T08:49:36.6277201Z ##[endgroup]
2026-09-23T08:49:36.6279656Z [command]/usr/bin/git sparse-checkout disable
2026-09-23T08:49:36.6320430Z [command]/usr/bin/git config --local --unset-all extensions.worktreeConfig
2026-09-23T08:49:36.6345172Z ##[group]Checking out the ref
2026-09-23T08:49:36.6349487Z [command]/usr/bin/git checkout --progress --force -B feature/f3-test-failures refs/remotes/origin/feature/f3-test-failures
2026-09-23T08:49:36.6615048Z Switched to a new branch 'feature/f3-test-failures'
2026-09-23T08:49:36.6620527Z branch 'feature/f3-test-failures' set up to track 'origin/feature/f3-test-failures'.
2026-09-23T08:49:36.6624380Z ##[endgroup]
2026-09-23T08:49:36.6654243Z [command]/usr/bin/git log -1 --format=%H
2026-09-23T08:49:36.6673180Z 43f20917de93b9aad51cf79a69ad5239c5632917
2026-09-23T08:49:36.6965057Z Node 20 is being deprecated. This workflow is running with Node 24 by default. If you need to temporarily use Node 20, you can set the ACTIONS_ALLOW_USE_UNSECURE_NODE_VERSION=true environment variable. For more information see: https://github.blog/changelog/2025-09-19-deprecation-of-node-20-on-github-actions-runners/
2026-09-23T08:49:36.6970161Z ##[group]Run actions/setup-python@v5
2026-09-23T08:49:36.6971051Z with:
2026-09-23T08:49:36.6971706Z   python-version: 3.11
2026-09-23T08:49:36.6972510Z   check-latest: false
2026-09-23T08:49:36.6980571Z   token: ***
2026-09-23T08:49:36.6981353Z   update-environment: true
2026-09-23T08:49:36.6982266Z   allow-prereleases: false
2026-09-23T08:49:36.6983121Z   freethreaded: false
2026-09-23T08:49:36.6983910Z ##[endgroup]
2026-09-23T08:49:36.8125945Z ##[group]Installed versions
2026-09-23T08:49:36.8198723Z (node:2042) [DEP0040] DeprecationWarning: The `punycode` module is deprecated. Please use a userland alternative instead.
2026-09-23T08:49:36.8201724Z (Use `node --trace-deprecation ...` to show where the warning was created)
2026-09-23T08:49:36.8203113Z Successfully set up CPython (3.11.16)
2026-09-23T08:49:36.8204674Z ##[endgroup]
2026-09-23T08:49:36.8368323Z ##[group]Run pip install --no-cache-dir pytest
2026-09-23T08:49:36.8369654Z [36;1mpip install --no-cache-dir pytest[0m
2026-09-23T08:49:36.8407535Z shell: /usr/bin/bash -e {0}
2026-09-23T08:49:36.8408416Z env:
2026-09-23T08:49:36.8409337Z   pythonLocation: /opt/hostedtoolcache/Python/3.11.16/x64
2026-09-23T08:49:36.8410812Z   PKG_CONFIG_PATH: /opt/hostedtoolcache/Python/3.11.16/x64/lib/pkgconfig
2026-09-23T08:49:36.8412237Z   Python_ROOT_DIR: /opt/hostedtoolcache/Python/3.11.16/x64
2026-09-23T08:49:36.8413776Z   Python2_ROOT_DIR: /opt/hostedtoolcache/Python/3.11.16/x64
2026-09-23T08:49:36.8415133Z   Python3_ROOT_DIR: /opt/hostedtoolcache/Python/3.11.16/x64
2026-09-23T08:49:36.8416833Z   LD_LIBRARY_PATH: /opt/hostedtoolcache/Python/3.11.16/x64/lib
2026-09-23T08:49:36.8417994Z ##[endgroup]
2026-09-23T08:49:37.6567192Z Collecting pytest
2026-09-23T08:49:37.7378520Z   Downloading pytest-9.1.1-py3-none-any.whl.metadata (7.6 kB)
2026-09-23T08:49:37.7544496Z Collecting iniconfig>=1.0.1 (from pytest)
2026-09-23T08:49:37.7670795Z   Downloading iniconfig-2.3.0-py3-none-any.whl.metadata (2.5 kB)
2026-09-23T08:49:37.7861504Z Collecting packaging>=22 (from pytest)
2026-09-23T08:49:37.7986249Z   Downloading packaging-26.3-py3-none-any.whl.metadata (3.5 kB)
2026-09-23T08:49:37.8154509Z Collecting pluggy<2,>=1.5 (from pytest)
2026-09-23T08:49:37.8282050Z   Downloading pluggy-1.6.0-py3-none-any.whl.metadata (4.8 kB)
2026-09-23T08:49:37.8512602Z Collecting pygments>=2.7.2 (from pytest)
2026-09-23T08:49:37.8642817Z   Downloading pygments-2.21.0-py3-none-any.whl.metadata (2.5 kB)
2026-09-23T08:49:37.8806390Z Downloading pytest-9.1.1-py3-none-any.whl (386 kB)
2026-09-23T08:49:37.9389115Z Downloading pluggy-1.6.0-py3-none-any.whl (20 kB)
2026-09-23T08:49:37.9515915Z Downloading iniconfig-2.3.0-py3-none-any.whl (7.5 kB)
2026-09-23T08:49:37.9641884Z Downloading packaging-26.3-py3-none-any.whl (129 kB)
2026-09-23T08:49:37.9784912Z Downloading pygments-2.21.0-py3-none-any.whl (1.3 MB)
2026-09-23T08:49:38.0157844Z    ââââââââââââââââââââââââââââââââââââââââ 1.3/1.3 MB 30.9 MB/s  0:00:00
2026-09-23T08:49:38.0683623Z Installing collected packages: pygments, pluggy, packaging, iniconfig, pytest
2026-09-23T08:49:38.7680356Z 
2026-09-23T08:49:38.7687924Z Successfully installed iniconfig-2.3.0 packaging-26.3 pluggy-1.6.0 pygments-2.21.0 pytest-9.1.1
2026-09-23T08:49:38.8229754Z ##[group]Run python automation/inject_mutation.py --error-type "AssertionError"
2026-09-23T08:49:38.8230437Z [36;1mpython automation/inject_mutation.py --error-type "AssertionError"[0m
2026-09-23T08:49:38.8254551Z shell: /usr/bin/bash -e {0}
2026-09-23T08:49:38.8254979Z env:
2026-09-23T08:49:38.8255525Z   pythonLocation: /opt/hostedtoolcache/Python/3.11.16/x64
2026-09-23T08:49:38.8256230Z   PKG_CONFIG_PATH: /opt/hostedtoolcache/Python/3.11.16/x64/lib/pkgconfig
2026-09-23T08:49:38.8256757Z   Python_ROOT_DIR: /opt/hostedtoolcache/Python/3.11.16/x64
2026-09-23T08:49:38.8257209Z   Python2_ROOT_DIR: /opt/hostedtoolcache/Python/3.11.16/x64
2026-09-23T08:49:38.8257640Z   Python3_ROOT_DIR: /opt/hostedtoolcache/Python/3.11.16/x64
2026-09-23T08:49:38.8258119Z   LD_LIBRARY_PATH: /opt/hostedtoolcache/Python/3.11.16/x64/lib
2026-09-23T08:49:38.8258565Z ##[endgroup]
2026-09-23T08:49:38.8501515Z [Mutation Injected] Successfully injected AssertionError into tests/test_app.py
2026-09-23T08:49:38.8565645Z ##[group]Run pytest tests/test_app.py -v
2026-09-23T08:49:38.8566303Z [36;1mpytest tests/test_app.py -v[0m
2026-09-23T08:49:38.8586658Z shell: /usr/bin/bash -e {0}
2026-09-23T08:49:38.8587056Z env:
2026-09-23T08:49:38.8587458Z   pythonLocation: /opt/hostedtoolcache/Python/3.11.16/x64
2026-09-23T08:49:38.8587962Z   PKG_CONFIG_PATH: /opt/hostedtoolcache/Python/3.11.16/x64/lib/pkgconfig
2026-09-23T08:49:38.8588452Z   Python_ROOT_DIR: /opt/hostedtoolcache/Python/3.11.16/x64
2026-09-23T08:49:38.8588939Z   Python2_ROOT_DIR: /opt/hostedtoolcache/Python/3.11.16/x64
2026-09-23T08:49:38.8589383Z   Python3_ROOT_DIR: /opt/hostedtoolcache/Python/3.11.16/x64
2026-09-23T08:49:38.8589833Z   LD_LIBRARY_PATH: /opt/hostedtoolcache/Python/3.11.16/x64/lib
2026-09-23T08:49:38.8590236Z ##[endgroup]
2026-09-23T08:49:39.0300334Z ============================= test session starts ==============================
2026-09-23T08:49:39.0301560Z platform linux -- Python 3.11.16, pytest-9.1.1, pluggy-1.6.0 -- /opt/hostedtoolcache/Python/3.11.16/x64/bin/python
2026-09-23T08:49:39.0302279Z cachedir: .pytest_cache
2026-09-23T08:49:39.0302729Z rootdir: /home/runner/work/log-generation/log-generation
2026-09-23T08:49:39.0303202Z configfile: pytest.ini
2026-09-23T08:49:39.0368293Z collecting ... collected 6 items
2026-09-23T08:49:39.0368719Z 
2026-09-23T08:49:39.0374314Z tests/test_app.py::test_calculate_division PASSED                        [ 16%]
2026-09-23T08:49:39.0379320Z tests/test_app.py::test_convert_to_int PASSED                            [ 33%]
2026-09-23T08:49:39.0384097Z tests/test_app.py::test_get_list_item PASSED                             [ 50%]
2026-09-23T08:49:39.0388629Z tests/test_app.py::test_get_dict_value PASSED                            [ 66%]
2026-09-23T08:49:39.0392729Z tests/test_app.py::test_assert_positive PASSED                           [ 83%]
2026-09-23T08:49:39.0584233Z tests/test_app.py::test_assertion_failure FAILED                         [100%]
2026-09-23T08:49:39.0584760Z 
2026-09-23T08:49:39.0585095Z =================================== FAILURES ===================================
2026-09-23T08:49:39.0585864Z ____________________________ test_assertion_failure ____________________________
2026-09-23T08:49:39.0586359Z 
2026-09-23T08:49:39.0586526Z     def test_assertion_failure():
2026-09-23T08:49:39.0586906Z         """Injected synthetic AssertionError."""
2026-09-23T08:49:39.0587371Z         expected_status = 200
2026-09-23T08:49:39.0587727Z         actual_status = 500
2026-09-23T08:49:39.0588291Z >       assert actual_status == expected_status, f"Expected {expected_status}, received {actual_status}"
2026-09-23T08:49:39.0588828Z E       AssertionError: Expected 200, received 500
2026-09-23T08:49:39.0589201Z E       assert 500 == 200
2026-09-23T08:49:39.0589436Z 
2026-09-23T08:49:39.0589595Z tests/test_app.py:140: AssertionError
2026-09-23T08:49:39.0590060Z =========================== short test summary info ============================
2026-09-23T08:49:39.0590675Z FAILED tests/test_app.py::test_assertion_failure - AssertionError: Expected 200, received 500
2026-09-23T08:49:39.0591219Z assert 500 == 200
2026-09-23T08:49:39.0591592Z ========================= 1 failed, 5 passed in 0.02s ==========================
2026-09-23T08:49:39.0781778Z ##[error]Process completed with exit code 1.
2026-09-23T08:49:39.0920587Z Node 20 is being deprecated. This workflow is running with Node 24 by default. If you need to temporarily use Node 20, you can set the ACTIONS_ALLOW_USE_UNSECURE_NODE_VERSION=true environment variable. For more information see: https://github.blog/changelog/2025-09-19-deprecation-of-node-20-on-github-actions-runners/
2026-09-23T08:49:39.0921845Z Post job cleanup.
2026-09-23T08:49:39.1660626Z [command]/usr/bin/git version
2026-09-23T08:49:39.1700031Z git version 2.55.0
2026-09-23T08:49:39.1734431Z Temporarily overriding HOME='/home/runner/work/_temp/7b5911ba-bbb0-41d3-a9f7-583fcd0ad8d8' before making global git config changes
2026-09-23T08:49:39.1735428Z Adding repository directory to the temporary git global config as a safe directory
2026-09-23T08:49:39.1740271Z [command]/usr/bin/git config --global --add safe.directory /home/runner/work/log-generation/log-generation
2026-09-23T08:49:39.1772568Z [command]/usr/bin/git config --local --name-only --get-regexp core\.sshCommand
2026-09-23T08:49:39.1800810Z [command]/usr/bin/git submodule foreach --recursive sh -c "git config --local --name-only --get-regexp 'core\.sshCommand' && git config --local --unset-all 'core.sshCommand' || :"
2026-09-23T08:49:39.1989965Z [command]/usr/bin/git config --local --name-only --get-regexp http\.https\:\/\/github\.com\/\.extraheader
2026-09-23T08:49:39.2009570Z http.https://github.com/.extraheader
2026-09-23T08:49:39.2020780Z [command]/usr/bin/git config --local --unset-all http.https://github.com/.extraheader
2026-09-23T08:49:39.2047422Z [command]/usr/bin/git submodule foreach --recursive sh -c "git config --local --name-only --get-regexp 'http\.https\:\/\/github\.com\/\.extraheader' && git config --local --unset-all 'http.https://github.com/.extraheader' || :"
2026-09-23T08:49:39.2232843Z [command]/usr/bin/git config --local --name-only --get-regexp ^includeIf\.gitdir:
2026-09-23T08:49:39.2275644Z [command]/usr/bin/git submodule foreach --recursive git config --local --show-origin --name-only --get-regexp remote.origin.url
2026-09-23T08:49:39.2576204Z Cleaning up orphan processes
2026-09-23T08:49:39.2787375Z ##[warning]Node.js 20 is deprecated. The following actions target Node.js 20 but are being forced to run on Node.js 24: actions/checkout@v4, actions/setup-python@v5. For more information see: https://github.blog/changelog/2025-09-19-deprecation-of-node-20-on-github-actions-runners/
