ï»¿2026-09-23T08:44:00.9007635Z Current runner version: '2.337.0'
2026-09-23T08:44:00.9032269Z ##[group]Runner Image Provisioner
2026-09-23T08:44:00.9033130Z Hosted Compute Agent
2026-09-23T08:44:00.9033764Z Version: 20260828.587
2026-09-23T08:44:00.9034473Z Commit: abac92662cab4cc7352de4f9f9d2e2419aad9c29
2026-09-23T08:44:00.9035202Z Build Date: 2026-08-28T16:44:25Z
2026-09-23T08:44:00.9035864Z Worker ID: {987b6c59-4157-4c6d-a3fd-565bf5896476}
2026-09-23T08:44:00.9036694Z Azure Region: westus
2026-09-23T08:44:00.9037308Z ##[endgroup]
2026-09-23T08:44:00.9039607Z ##[group]Operating System
2026-09-23T08:44:00.9040284Z Ubuntu
2026-09-23T08:44:00.9040797Z 24.04.5
2026-09-23T08:44:00.9041381Z LTS
2026-09-23T08:44:00.9041927Z ##[endgroup]
2026-09-23T08:44:00.9042877Z ##[group]Runner Image
2026-09-23T08:44:00.9043524Z Image: ubuntu-24.04
2026-09-23T08:44:00.9044093Z Version: 20260907.300.1
2026-09-23T08:44:00.9045502Z Included Software: https://github.com/actions/runner-images/blob/ubuntu24/20260907.300/images/ubuntu/Ubuntu2404-Readme.md
2026-09-23T08:44:00.9047109Z Image Release: https://github.com/actions/runner-images/releases/tag/ubuntu24%2F20260907.300
2026-09-23T08:44:00.9048118Z ##[endgroup]
2026-09-23T08:44:00.9049699Z ##[group]GITHUB_TOKEN Permissions
2026-09-23T08:44:00.9051931Z Contents: read
2026-09-23T08:44:00.9052549Z Metadata: read
2026-09-23T08:44:00.9053244Z Packages: read
2026-09-23T08:44:00.9053812Z ##[endgroup]
2026-09-23T08:44:00.9055953Z Secret source: Actions
2026-09-23T08:44:00.9056947Z Cache mode: write
2026-09-23T08:44:00.9057985Z Prepare workflow directory
2026-09-23T08:44:00.9393732Z Prepare all required actions
2026-09-23T08:44:00.9442257Z Getting action download info
2026-09-23T08:44:01.3102528Z Download action repository 'actions/checkout@v4' (SHA:11d5960a326750d5838078e36cf38b85af677262)
2026-09-23T08:44:01.4225047Z Download action repository 'actions/setup-python@v5' (SHA:a26af69be951a213d495a4c3e4e4022e16d87065)
2026-09-23T08:44:01.6084729Z Complete job name: test-f3 (ZeroDivisionError #30)
2026-09-23T08:44:01.6899871Z Node 20 is being deprecated. This workflow is running with Node 24 by default. If you need to temporarily use Node 20, you can set the ACTIONS_ALLOW_USE_UNSECURE_NODE_VERSION=true environment variable. For more information see: https://github.blog/changelog/2025-09-19-deprecation-of-node-20-on-github-actions-runners/
2026-09-23T08:44:01.6909611Z ##[group]Run actions/checkout@v4
2026-09-23T08:44:01.6910388Z with:
2026-09-23T08:44:01.6910830Z   fetch-depth: 1
2026-09-23T08:44:01.6911330Z   repository: DhruvHegde/log-generation
2026-09-23T08:44:01.6915386Z   token: ***
2026-09-23T08:44:01.6915830Z   ssh-strict: true
2026-09-23T08:44:01.6916281Z   ssh-user: git
2026-09-23T08:44:01.6916735Z   persist-credentials: true
2026-09-23T08:44:01.6917226Z   clean: true
2026-09-23T08:44:01.6917682Z   sparse-checkout-cone-mode: true
2026-09-23T08:44:01.6918209Z   fetch-tags: false
2026-09-23T08:44:01.6918876Z   show-progress: true
2026-09-23T08:44:01.6919328Z   lfs: false
2026-09-23T08:44:01.6919789Z   submodules: false
2026-09-23T08:44:01.6920266Z   set-safe-directory: true
2026-09-23T08:44:01.6920779Z   allow-unsafe-pr-checkout: false
2026-09-23T08:44:01.6921567Z ##[endgroup]
2026-09-23T08:44:01.8006263Z Syncing repository: DhruvHegde/log-generation
2026-09-23T08:44:01.8009749Z ##[group]Getting Git version info
2026-09-23T08:44:01.8011219Z Working directory is '/home/runner/work/log-generation/log-generation'
2026-09-23T08:44:01.8013053Z [command]/usr/bin/git version
2026-09-23T08:44:01.8083047Z git version 2.55.0
2026-09-23T08:44:01.8104871Z ##[endgroup]
2026-09-23T08:44:01.8131341Z Temporarily overriding HOME='/home/runner/work/_temp/fd9f43b9-ea55-4d6d-86c5-aa26677409b5' before making global git config changes
2026-09-23T08:44:01.8134156Z Adding repository directory to the temporary git global config as a safe directory
2026-09-23T08:44:01.8138932Z [command]/usr/bin/git config --global --add safe.directory /home/runner/work/log-generation/log-generation
2026-09-23T08:44:01.8193171Z Deleting the contents of '/home/runner/work/log-generation/log-generation'
2026-09-23T08:44:01.8197883Z ##[group]Initializing the repository
2026-09-23T08:44:01.8203010Z [command]/usr/bin/git init /home/runner/work/log-generation/log-generation
2026-09-23T08:44:01.8314248Z hint: Using 'master' as the name for the initial branch. This default branch name
2026-09-23T08:44:01.8315981Z hint: will change to "main" in Git 3.0. To configure the initial branch name
2026-09-23T08:44:01.8317526Z hint: to use in all of your new repositories, which will suppress this warning,
2026-09-23T08:44:01.8319071Z hint: call:
2026-09-23T08:44:01.8319753Z hint:
2026-09-23T08:44:01.8320572Z hint: 	git config --global init.defaultBranch <name>
2026-09-23T08:44:01.8321572Z hint:
2026-09-23T08:44:01.8322504Z hint: Names commonly chosen instead of 'master' are 'main', 'trunk' and
2026-09-23T08:44:01.8324198Z hint: 'development'. The just-created branch can be renamed via this command:
2026-09-23T08:44:01.8325481Z hint:
2026-09-23T08:44:01.8326202Z hint: 	git branch -m <name>
2026-09-23T08:44:01.8326989Z hint:
2026-09-23T08:44:01.8328007Z hint: Disable this message with "git config set advice.defaultBranchName false"
2026-09-23T08:44:01.8329805Z Initialized empty Git repository in /home/runner/work/log-generation/log-generation/.git/
2026-09-23T08:44:01.8331869Z [command]/usr/bin/git remote add origin https://github.com/DhruvHegde/log-generation
2026-09-23T08:44:01.8379768Z ##[endgroup]
2026-09-23T08:44:01.8381149Z ##[group]Disabling automatic garbage collection
2026-09-23T08:44:01.8384525Z [command]/usr/bin/git config --local gc.auto 0
2026-09-23T08:44:01.8422146Z ##[endgroup]
2026-09-23T08:44:01.8424007Z ##[group]Setting up auth
2026-09-23T08:44:01.8432403Z [command]/usr/bin/git config --local --name-only --get-regexp core\.sshCommand
2026-09-23T08:44:01.8469645Z [command]/usr/bin/git submodule foreach --recursive sh -c "git config --local --name-only --get-regexp 'core\.sshCommand' && git config --local --unset-all 'core.sshCommand' || :"
2026-09-23T08:44:01.8890458Z [command]/usr/bin/git config --local --name-only --get-regexp http\.https\:\/\/github\.com\/\.extraheader
2026-09-23T08:44:01.8936231Z [command]/usr/bin/git submodule foreach --recursive sh -c "git config --local --name-only --get-regexp 'http\.https\:\/\/github\.com\/\.extraheader' && git config --local --unset-all 'http.https://github.com/.extraheader' || :"
2026-09-23T08:44:01.9172829Z [command]/usr/bin/git config --local --name-only --get-regexp ^includeIf\.gitdir:
2026-09-23T08:44:01.9210928Z [command]/usr/bin/git submodule foreach --recursive git config --local --show-origin --name-only --get-regexp remote.origin.url
2026-09-23T08:44:01.9442183Z [command]/usr/bin/git config --local http.https://github.com/.extraheader AUTHORIZATION: basic ***
2026-09-23T08:44:01.9483517Z ##[endgroup]
2026-09-23T08:44:01.9484402Z ##[group]Fetching the repository
2026-09-23T08:44:01.9493675Z [command]/usr/bin/git -c protocol.version=2 fetch --no-tags --prune --no-recurse-submodules --depth=1 origin +dfcb6f158e4bd8054252a4da5d0a9edc2ab15d57:refs/remotes/origin/feature/f3-test-failures
2026-09-23T08:44:02.4547614Z From https://github.com/DhruvHegde/log-generation
2026-09-23T08:44:02.4549519Z  * [new ref]         dfcb6f158e4bd8054252a4da5d0a9edc2ab15d57 -> origin/feature/f3-test-failures
2026-09-23T08:44:02.4552098Z ##[endgroup]
2026-09-23T08:44:02.4553511Z ##[group]Determining the checkout info
2026-09-23T08:44:02.4554623Z ##[endgroup]
2026-09-23T08:44:02.4555206Z [command]/usr/bin/git sparse-checkout disable
2026-09-23T08:44:02.4571678Z [command]/usr/bin/git config --local --unset-all extensions.worktreeConfig
2026-09-23T08:44:02.4616120Z ##[group]Checking out the ref
2026-09-23T08:44:02.4619469Z [command]/usr/bin/git checkout --progress --force -B feature/f3-test-failures refs/remotes/origin/feature/f3-test-failures
2026-09-23T08:44:02.4705923Z Switched to a new branch 'feature/f3-test-failures'
2026-09-23T08:44:02.4712064Z branch 'feature/f3-test-failures' set up to track 'origin/feature/f3-test-failures'.
2026-09-23T08:44:02.4757307Z ##[endgroup]
2026-09-23T08:44:02.4760447Z [command]/usr/bin/git log -1 --format=%H
2026-09-23T08:44:02.4787754Z dfcb6f158e4bd8054252a4da5d0a9edc2ab15d57
2026-09-23T08:44:02.5160311Z Node 20 is being deprecated. This workflow is running with Node 24 by default. If you need to temporarily use Node 20, you can set the ACTIONS_ALLOW_USE_UNSECURE_NODE_VERSION=true environment variable. For more information see: https://github.blog/changelog/2025-09-19-deprecation-of-node-20-on-github-actions-runners/
2026-09-23T08:44:02.5166213Z ##[group]Run actions/setup-python@v5
2026-09-23T08:44:02.5167432Z with:
2026-09-23T08:44:02.5168335Z   python-version: 3.11
2026-09-23T08:44:02.5169799Z   check-latest: false
2026-09-23T08:44:02.5179958Z   token: ***
2026-09-23T08:44:02.5180940Z   update-environment: true
2026-09-23T08:44:02.5182032Z   allow-prereleases: false
2026-09-23T08:44:02.5183109Z   freethreaded: false
2026-09-23T08:44:02.5184102Z ##[endgroup]
2026-09-23T08:44:02.6526906Z ##[group]Installed versions
2026-09-23T08:44:02.6634201Z (node:2266) [DEP0040] DeprecationWarning: The `punycode` module is deprecated. Please use a userland alternative instead.
2026-09-23T08:44:02.6638846Z (Use `node --trace-deprecation ...` to show where the warning was created)
2026-09-23T08:44:02.6641555Z Successfully set up CPython (3.11.16)
2026-09-23T08:44:02.6644531Z ##[endgroup]
2026-09-23T08:44:02.6823238Z ##[group]Run pip install --no-cache-dir pytest
2026-09-23T08:44:02.6824717Z [36;1mpip install --no-cache-dir pytest[0m
2026-09-23T08:44:02.6885237Z shell: /usr/bin/bash -e {0}
2026-09-23T08:44:02.6886768Z env:
2026-09-23T08:44:02.6888380Z   pythonLocation: /opt/hostedtoolcache/Python/3.11.16/x64
2026-09-23T08:44:02.6978031Z   PKG_CONFIG_PATH: /opt/hostedtoolcache/Python/3.11.16/x64/lib/pkgconfig
2026-09-23T08:44:02.6981543Z   Python_ROOT_DIR: /opt/hostedtoolcache/Python/3.11.16/x64
2026-09-23T08:44:02.6983778Z   Python2_ROOT_DIR: /opt/hostedtoolcache/Python/3.11.16/x64
2026-09-23T08:44:02.6986188Z   Python3_ROOT_DIR: /opt/hostedtoolcache/Python/3.11.16/x64
2026-09-23T08:44:02.6989061Z   LD_LIBRARY_PATH: /opt/hostedtoolcache/Python/3.11.16/x64/lib
2026-09-23T08:44:02.6991222Z ##[endgroup]
2026-09-23T08:44:03.5778835Z Collecting pytest
2026-09-23T08:44:03.6746391Z   Downloading pytest-9.1.1-py3-none-any.whl.metadata (7.6 kB)
2026-09-23T08:44:03.6978236Z Collecting iniconfig>=1.0.1 (from pytest)
2026-09-23T08:44:03.7179981Z   Downloading iniconfig-2.3.0-py3-none-any.whl.metadata (2.5 kB)
2026-09-23T08:44:03.7434695Z Collecting packaging>=22 (from pytest)
2026-09-23T08:44:03.7634127Z   Downloading packaging-26.3-py3-none-any.whl.metadata (3.5 kB)
2026-09-23T08:44:03.7867171Z Collecting pluggy<2,>=1.5 (from pytest)
2026-09-23T08:44:03.8067150Z   Downloading pluggy-1.6.0-py3-none-any.whl.metadata (4.8 kB)
2026-09-23T08:44:03.8364121Z Collecting pygments>=2.7.2 (from pytest)
2026-09-23T08:44:03.8567488Z   Downloading pygments-2.21.0-py3-none-any.whl.metadata (2.5 kB)
2026-09-23T08:44:03.8795015Z Downloading pytest-9.1.1-py3-none-any.whl (386 kB)
2026-09-23T08:44:03.9731928Z Downloading pluggy-1.6.0-py3-none-any.whl (20 kB)
2026-09-23T08:44:03.9933975Z Downloading iniconfig-2.3.0-py3-none-any.whl (7.5 kB)
2026-09-23T08:44:04.0134097Z Downloading packaging-26.3-py3-none-any.whl (129 kB)
2026-09-23T08:44:04.0353124Z Downloading pygments-2.21.0-py3-none-any.whl (1.3 MB)
2026-09-23T08:44:04.0927002Z    ââââââââââââââââââââââââââââââââââââââââ 1.3/1.3 MB 19.9 MB/s  0:00:00
2026-09-23T08:44:04.1541325Z Installing collected packages: pygments, pluggy, packaging, iniconfig, pytest
2026-09-23T08:44:05.1216235Z 
2026-09-23T08:44:05.1226158Z Successfully installed iniconfig-2.3.0 packaging-26.3 pluggy-1.6.0 pygments-2.21.0 pytest-9.1.1
2026-09-23T08:44:05.1716794Z ##[group]Run python automation/inject_mutation.py --error-type "ZeroDivisionError"
2026-09-23T08:44:05.1717477Z [36;1mpython automation/inject_mutation.py --error-type "ZeroDivisionError"[0m
2026-09-23T08:44:05.1756624Z shell: /usr/bin/bash -e {0}
2026-09-23T08:44:05.1756890Z env:
2026-09-23T08:44:05.1757397Z   pythonLocation: /opt/hostedtoolcache/Python/3.11.16/x64
2026-09-23T08:44:05.1757848Z   PKG_CONFIG_PATH: /opt/hostedtoolcache/Python/3.11.16/x64/lib/pkgconfig
2026-09-23T08:44:05.1758287Z   Python_ROOT_DIR: /opt/hostedtoolcache/Python/3.11.16/x64
2026-09-23T08:44:05.1758989Z   Python2_ROOT_DIR: /opt/hostedtoolcache/Python/3.11.16/x64
2026-09-23T08:44:05.1759409Z   Python3_ROOT_DIR: /opt/hostedtoolcache/Python/3.11.16/x64
2026-09-23T08:44:05.1759800Z   LD_LIBRARY_PATH: /opt/hostedtoolcache/Python/3.11.16/x64/lib
2026-09-23T08:44:05.1760160Z ##[endgroup]
2026-09-23T08:44:05.2056136Z [Mutation Injected] Successfully injected ZeroDivisionError into tests/test_app.py
2026-09-23T08:44:05.2126404Z ##[group]Run pytest tests/test_app.py -v
2026-09-23T08:44:05.2126778Z [36;1mpytest tests/test_app.py -v[0m
2026-09-23T08:44:05.2163686Z shell: /usr/bin/bash -e {0}
2026-09-23T08:44:05.2163952Z env:
2026-09-23T08:44:05.2164230Z   pythonLocation: /opt/hostedtoolcache/Python/3.11.16/x64
2026-09-23T08:44:05.2164722Z   PKG_CONFIG_PATH: /opt/hostedtoolcache/Python/3.11.16/x64/lib/pkgconfig
2026-09-23T08:44:05.2165202Z   Python_ROOT_DIR: /opt/hostedtoolcache/Python/3.11.16/x64
2026-09-23T08:44:05.2165635Z   Python2_ROOT_DIR: /opt/hostedtoolcache/Python/3.11.16/x64
2026-09-23T08:44:05.2166046Z   Python3_ROOT_DIR: /opt/hostedtoolcache/Python/3.11.16/x64
2026-09-23T08:44:05.2166440Z   LD_LIBRARY_PATH: /opt/hostedtoolcache/Python/3.11.16/x64/lib
2026-09-23T08:44:05.2166776Z ##[endgroup]
2026-09-23T08:44:05.6730388Z ============================= test session starts ==============================
2026-09-23T08:44:05.6731983Z platform linux -- Python 3.11.16, pytest-9.1.1, pluggy-1.6.0 -- /opt/hostedtoolcache/Python/3.11.16/x64/bin/python
2026-09-23T08:44:05.6733181Z cachedir: .pytest_cache
2026-09-23T08:44:05.6733913Z rootdir: /home/runner/work/log-generation/log-generation
2026-09-23T08:44:05.6734810Z configfile: pytest.ini
2026-09-23T08:44:05.6818981Z collecting ... collected 6 items
2026-09-23T08:44:05.6819671Z 
2026-09-23T08:44:05.6829048Z tests/test_app.py::test_calculate_division PASSED                        [ 16%]
2026-09-23T08:44:05.6837782Z tests/test_app.py::test_convert_to_int PASSED                            [ 33%]
2026-09-23T08:44:05.6845724Z tests/test_app.py::test_get_list_item PASSED                             [ 50%]
2026-09-23T08:44:05.6853286Z tests/test_app.py::test_get_dict_value PASSED                            [ 66%]
2026-09-23T08:44:05.6861048Z tests/test_app.py::test_assert_positive PASSED                           [ 83%]
2026-09-23T08:44:05.7134998Z tests/test_app.py::test_zero_division_error FAILED                       [100%]
2026-09-23T08:44:05.7135793Z 
2026-09-23T08:44:05.7136136Z =================================== FAILURES ===================================
2026-09-23T08:44:05.7137121Z ___________________________ test_zero_division_error ___________________________
2026-09-23T08:44:05.7137781Z 
2026-09-23T08:44:05.7138041Z     def test_zero_division_error():
2026-09-23T08:44:05.7138841Z         """Injected synthetic ZeroDivisionError."""
2026-09-23T08:44:05.7139470Z         from src.app import calculate_division
2026-09-23T08:44:05.7139998Z >       calculate_division(42, 0)
2026-09-23T08:44:05.7140307Z 
2026-09-23T08:44:05.7140468Z tests/test_app.py:137: 
2026-09-23T08:44:05.7140962Z _ _ _ _ _ _ _ _ _ _ _ _ _ _ _ _ _ _ _ _ _ _ _ _ _ _ _ _ _ _ _ _ _ _ _ _ _ _ _ _ 
2026-09-23T08:44:05.7141415Z 
2026-09-23T08:44:05.7141551Z a = 42, b = 0
2026-09-23T08:44:05.7141769Z 
2026-09-23T08:44:05.7141945Z     def calculate_division(a, b):
2026-09-23T08:44:05.7142384Z >       return a / b
2026-09-23T08:44:05.7142741Z                ^^^^^
2026-09-23T08:44:05.7143045Z E       ZeroDivisionError: division by zero
2026-09-23T08:44:05.7143271Z 
2026-09-23T08:44:05.7143390Z src/app.py:2: ZeroDivisionError
2026-09-23T08:44:05.7143742Z =========================== short test summary info ============================
2026-09-23T08:44:05.7144325Z FAILED tests/test_app.py::test_zero_division_error - ZeroDivisionError: division by zero
2026-09-23T08:44:05.7145134Z ========================= 1 failed, 5 passed in 0.03s ==========================
2026-09-23T08:44:05.7322868Z ##[error]Process completed with exit code 1.
2026-09-23T08:44:05.7470410Z Node 20 is being deprecated. This workflow is running with Node 24 by default. If you need to temporarily use Node 20, you can set the ACTIONS_ALLOW_USE_UNSECURE_NODE_VERSION=true environment variable. For more information see: https://github.blog/changelog/2025-09-19-deprecation-of-node-20-on-github-actions-runners/
2026-09-23T08:44:05.7471682Z Post job cleanup.
2026-09-23T08:44:05.8308828Z [command]/usr/bin/git version
2026-09-23T08:44:05.8352403Z git version 2.55.0
2026-09-23T08:44:05.8402739Z Temporarily overriding HOME='/home/runner/work/_temp/fded98c3-3b15-40bc-aaa9-6bee18726e47' before making global git config changes
2026-09-23T08:44:05.8403848Z Adding repository directory to the temporary git global config as a safe directory
2026-09-23T08:44:05.8405173Z [command]/usr/bin/git config --global --add safe.directory /home/runner/work/log-generation/log-generation
2026-09-23T08:44:05.8437065Z [command]/usr/bin/git config --local --name-only --get-regexp core\.sshCommand
2026-09-23T08:44:05.8473012Z [command]/usr/bin/git submodule foreach --recursive sh -c "git config --local --name-only --get-regexp 'core\.sshCommand' && git config --local --unset-all 'core.sshCommand' || :"
2026-09-23T08:44:05.8721515Z [command]/usr/bin/git config --local --name-only --get-regexp http\.https\:\/\/github\.com\/\.extraheader
2026-09-23T08:44:05.8748306Z http.https://github.com/.extraheader
2026-09-23T08:44:05.8760211Z [command]/usr/bin/git config --local --unset-all http.https://github.com/.extraheader
2026-09-23T08:44:05.8801523Z [command]/usr/bin/git submodule foreach --recursive sh -c "git config --local --name-only --get-regexp 'http\.https\:\/\/github\.com\/\.extraheader' && git config --local --unset-all 'http.https://github.com/.extraheader' || :"
2026-09-23T08:44:05.9083220Z [command]/usr/bin/git config --local --name-only --get-regexp ^includeIf\.gitdir:
2026-09-23T08:44:05.9123939Z [command]/usr/bin/git submodule foreach --recursive git config --local --show-origin --name-only --get-regexp remote.origin.url
2026-09-23T08:44:05.9513246Z Cleaning up orphan processes
2026-09-23T08:44:05.9797296Z ##[warning]Node.js 20 is deprecated. The following actions target Node.js 20 but are being forced to run on Node.js 24: actions/checkout@v4, actions/setup-python@v5. For more information see: https://github.blog/changelog/2025-09-19-deprecation-of-node-20-on-github-actions-runners/
