ï»¿2026-09-23T08:49:00.3323864Z Current runner version: '2.337.0'
2026-09-23T08:49:00.3349728Z ##[group]Runner Image Provisioner
2026-09-23T08:49:00.3350919Z Hosted Compute Agent
2026-09-23T08:49:00.3351546Z Version: 20260828.587
2026-09-23T08:49:00.3352258Z Commit: abac92662cab4cc7352de4f9f9d2e2419aad9c29
2026-09-23T08:49:00.3353088Z Build Date: 2026-08-28T16:44:25Z
2026-09-23T08:49:00.3353802Z Worker ID: {0fdd74b0-c3ca-4296-9def-562ff433a63e}
2026-09-23T08:49:00.3354593Z Azure Region: eastus
2026-09-23T08:49:00.3355214Z ##[endgroup]
2026-09-23T08:49:00.3356868Z ##[group]Operating System
2026-09-23T08:49:00.3357645Z Ubuntu
2026-09-23T08:49:00.3358547Z 24.04.5
2026-09-23T08:49:00.3359692Z LTS
2026-09-23T08:49:00.3360254Z ##[endgroup]
2026-09-23T08:49:00.3360934Z ##[group]Runner Image
2026-09-23T08:49:00.3361583Z Image: ubuntu-24.04
2026-09-23T08:49:00.3362154Z Version: 20260907.300.1
2026-09-23T08:49:00.3363600Z Included Software: https://github.com/actions/runner-images/blob/ubuntu24/20260907.300/images/ubuntu/Ubuntu2404-Readme.md
2026-09-23T08:49:00.3365414Z Image Release: https://github.com/actions/runner-images/releases/tag/ubuntu24%2F20260907.300
2026-09-23T08:49:00.3366478Z ##[endgroup]
2026-09-23T08:49:00.3367932Z ##[group]GITHUB_TOKEN Permissions
2026-09-23T08:49:00.3370828Z Contents: read
2026-09-23T08:49:00.3371458Z Metadata: read
2026-09-23T08:49:00.3372198Z Packages: read
2026-09-23T08:49:00.3372778Z ##[endgroup]
2026-09-23T08:49:00.3375319Z Secret source: Actions
2026-09-23T08:49:00.3376364Z Cache mode: write
2026-09-23T08:49:00.3377173Z Prepare workflow directory
2026-09-23T08:49:00.3719200Z Prepare all required actions
2026-09-23T08:49:00.3767554Z Getting action download info
2026-09-23T08:49:00.5899947Z Download action repository 'actions/checkout@v4' (SHA:11d5960a326750d5838078e36cf38b85af677262)
2026-09-23T08:49:00.7054426Z Download action repository 'actions/setup-python@v5' (SHA:a26af69be951a213d495a4c3e4e4022e16d87065)
2026-09-23T08:49:00.8965068Z Complete job name: test-f3 (IndexError #66)
2026-09-23T08:49:00.9736350Z Node 20 is being deprecated. This workflow is running with Node 24 by default. If you need to temporarily use Node 20, you can set the ACTIONS_ALLOW_USE_UNSECURE_NODE_VERSION=true environment variable. For more information see: https://github.blog/changelog/2025-09-19-deprecation-of-node-20-on-github-actions-runners/
2026-09-23T08:49:00.9745736Z ##[group]Run actions/checkout@v4
2026-09-23T08:49:00.9746548Z with:
2026-09-23T08:49:00.9747039Z   fetch-depth: 1
2026-09-23T08:49:00.9747578Z   repository: DhruvHegde/log-generation
2026-09-23T08:49:00.9752068Z   token: ***
2026-09-23T08:49:00.9752517Z   ssh-strict: true
2026-09-23T08:49:00.9752975Z   ssh-user: git
2026-09-23T08:49:00.9753443Z   persist-credentials: true
2026-09-23T08:49:00.9753950Z   clean: true
2026-09-23T08:49:00.9754418Z   sparse-checkout-cone-mode: true
2026-09-23T08:49:00.9754963Z   fetch-tags: false
2026-09-23T08:49:00.9755418Z   show-progress: true
2026-09-23T08:49:00.9755874Z   lfs: false
2026-09-23T08:49:00.9756343Z   submodules: false
2026-09-23T08:49:00.9756817Z   set-safe-directory: true
2026-09-23T08:49:00.9757338Z   allow-unsafe-pr-checkout: false
2026-09-23T08:49:00.9758358Z ##[endgroup]
2026-09-23T08:49:01.0785811Z Syncing repository: DhruvHegde/log-generation
2026-09-23T08:49:01.0788602Z ##[group]Getting Git version info
2026-09-23T08:49:01.0789861Z Working directory is '/home/runner/work/log-generation/log-generation'
2026-09-23T08:49:01.0791608Z [command]/usr/bin/git version
2026-09-23T08:49:01.0883389Z git version 2.55.0
2026-09-23T08:49:01.0908545Z ##[endgroup]
2026-09-23T08:49:01.0926903Z Temporarily overriding HOME='/home/runner/work/_temp/d5f8b0bf-4b45-44ae-967d-ebce0c8740ad' before making global git config changes
2026-09-23T08:49:01.0930013Z Adding repository directory to the temporary git global config as a safe directory
2026-09-23T08:49:01.0934625Z [command]/usr/bin/git config --global --add safe.directory /home/runner/work/log-generation/log-generation
2026-09-23T08:49:01.1001481Z Deleting the contents of '/home/runner/work/log-generation/log-generation'
2026-09-23T08:49:01.1006037Z ##[group]Initializing the repository
2026-09-23T08:49:01.1011362Z [command]/usr/bin/git init /home/runner/work/log-generation/log-generation
2026-09-23T08:49:01.1140344Z hint: Using 'master' as the name for the initial branch. This default branch name
2026-09-23T08:49:01.1142362Z hint: will change to "main" in Git 3.0. To configure the initial branch name
2026-09-23T08:49:01.1144113Z hint: to use in all of your new repositories, which will suppress this warning,
2026-09-23T08:49:01.1145094Z hint: call:
2026-09-23T08:49:01.1145681Z hint:
2026-09-23T08:49:01.1146353Z hint: 	git config --global init.defaultBranch <name>
2026-09-23T08:49:01.1147505Z hint:
2026-09-23T08:49:01.1149871Z hint: Names commonly chosen instead of 'master' are 'main', 'trunk' and
2026-09-23T08:49:01.1151649Z hint: 'development'. The just-created branch can be renamed via this command:
2026-09-23T08:49:01.1153039Z hint:
2026-09-23T08:49:01.1153873Z hint: 	git branch -m <name>
2026-09-23T08:49:01.1154782Z hint:
2026-09-23T08:49:01.1155869Z hint: Disable this message with "git config set advice.defaultBranchName false"
2026-09-23T08:49:01.1157436Z Initialized empty Git repository in /home/runner/work/log-generation/log-generation/.git/
2026-09-23T08:49:01.1160267Z [command]/usr/bin/git remote add origin https://github.com/DhruvHegde/log-generation
2026-09-23T08:49:01.1210173Z ##[endgroup]
2026-09-23T08:49:01.1211423Z ##[group]Disabling automatic garbage collection
2026-09-23T08:49:01.1213432Z [command]/usr/bin/git config --local gc.auto 0
2026-09-23T08:49:01.1246214Z ##[endgroup]
2026-09-23T08:49:01.1247389Z ##[group]Setting up auth
2026-09-23T08:49:01.1254395Z [command]/usr/bin/git config --local --name-only --get-regexp core\.sshCommand
2026-09-23T08:49:01.1291140Z [command]/usr/bin/git submodule foreach --recursive sh -c "git config --local --name-only --get-regexp 'core\.sshCommand' && git config --local --unset-all 'core.sshCommand' || :"
2026-09-23T08:49:01.1700621Z [command]/usr/bin/git config --local --name-only --get-regexp http\.https\:\/\/github\.com\/\.extraheader
2026-09-23T08:49:01.1738350Z [command]/usr/bin/git submodule foreach --recursive sh -c "git config --local --name-only --get-regexp 'http\.https\:\/\/github\.com\/\.extraheader' && git config --local --unset-all 'http.https://github.com/.extraheader' || :"
2026-09-23T08:49:01.1969681Z [command]/usr/bin/git config --local --name-only --get-regexp ^includeIf\.gitdir:
2026-09-23T08:49:01.2010481Z [command]/usr/bin/git submodule foreach --recursive git config --local --show-origin --name-only --get-regexp remote.origin.url
2026-09-23T08:49:01.2243113Z [command]/usr/bin/git config --local http.https://github.com/.extraheader AUTHORIZATION: basic ***
2026-09-23T08:49:01.2283813Z ##[endgroup]
2026-09-23T08:49:01.2285571Z ##[group]Fetching the repository
2026-09-23T08:49:01.2365956Z [command]/usr/bin/git -c protocol.version=2 fetch --no-tags --prune --no-recurse-submodules --depth=1 origin +43f20917de93b9aad51cf79a69ad5239c5632917:refs/remotes/origin/feature/f3-test-failures
2026-09-23T08:49:01.4729841Z From https://github.com/DhruvHegde/log-generation
2026-09-23T08:49:01.4732352Z  * [new ref]         43f20917de93b9aad51cf79a69ad5239c5632917 -> origin/feature/f3-test-failures
2026-09-23T08:49:01.4737419Z ##[endgroup]
2026-09-23T08:49:01.4739966Z ##[group]Determining the checkout info
2026-09-23T08:49:01.4741865Z ##[endgroup]
2026-09-23T08:49:01.4746192Z [command]/usr/bin/git sparse-checkout disable
2026-09-23T08:49:01.4805689Z [command]/usr/bin/git config --local --unset-all extensions.worktreeConfig
2026-09-23T08:49:01.4842169Z ##[group]Checking out the ref
2026-09-23T08:49:01.4848936Z [command]/usr/bin/git checkout --progress --force -B feature/f3-test-failures refs/remotes/origin/feature/f3-test-failures
2026-09-23T08:49:01.5260626Z Switched to a new branch 'feature/f3-test-failures'
2026-09-23T08:49:01.5267049Z branch 'feature/f3-test-failures' set up to track 'origin/feature/f3-test-failures'.
2026-09-23T08:49:01.5274896Z ##[endgroup]
2026-09-23T08:49:01.5320189Z [command]/usr/bin/git log -1 --format=%H
2026-09-23T08:49:01.5347251Z 43f20917de93b9aad51cf79a69ad5239c5632917
2026-09-23T08:49:01.5714893Z Node 20 is being deprecated. This workflow is running with Node 24 by default. If you need to temporarily use Node 20, you can set the ACTIONS_ALLOW_USE_UNSECURE_NODE_VERSION=true environment variable. For more information see: https://github.blog/changelog/2025-09-19-deprecation-of-node-20-on-github-actions-runners/
2026-09-23T08:49:01.5720817Z ##[group]Run actions/setup-python@v5
2026-09-23T08:49:01.5721920Z with:
2026-09-23T08:49:01.5722669Z   python-version: 3.11
2026-09-23T08:49:01.5723551Z   check-latest: false
2026-09-23T08:49:01.5734295Z   token: ***
2026-09-23T08:49:01.5735104Z   update-environment: true
2026-09-23T08:49:01.5736063Z   allow-prereleases: false
2026-09-23T08:49:01.5736990Z   freethreaded: false
2026-09-23T08:49:01.5737827Z ##[endgroup]
2026-09-23T08:49:01.7155503Z ##[group]Installed versions
2026-09-23T08:49:01.7256912Z (node:2255) [DEP0040] DeprecationWarning: The `punycode` module is deprecated. Please use a userland alternative instead.
2026-09-23T08:49:01.7259176Z (Use `node --trace-deprecation ...` to show where the warning was created)
2026-09-23T08:49:01.7260300Z Successfully set up CPython (3.11.16)
2026-09-23T08:49:01.7261097Z ##[endgroup]
2026-09-23T08:49:01.7483541Z ##[group]Run pip install --no-cache-dir pytest
2026-09-23T08:49:01.7484360Z [36;1mpip install --no-cache-dir pytest[0m
2026-09-23T08:49:01.7541832Z shell: /usr/bin/bash -e {0}
2026-09-23T08:49:01.7542765Z env:
2026-09-23T08:49:01.7543643Z   pythonLocation: /opt/hostedtoolcache/Python/3.11.16/x64
2026-09-23T08:49:01.7544975Z   PKG_CONFIG_PATH: /opt/hostedtoolcache/Python/3.11.16/x64/lib/pkgconfig
2026-09-23T08:49:01.7546297Z   Python_ROOT_DIR: /opt/hostedtoolcache/Python/3.11.16/x64
2026-09-23T08:49:01.7547551Z   Python2_ROOT_DIR: /opt/hostedtoolcache/Python/3.11.16/x64
2026-09-23T08:49:01.7549054Z   Python3_ROOT_DIR: /opt/hostedtoolcache/Python/3.11.16/x64
2026-09-23T08:49:01.7550338Z   LD_LIBRARY_PATH: /opt/hostedtoolcache/Python/3.11.16/x64/lib
2026-09-23T08:49:01.7551354Z ##[endgroup]
2026-09-23T08:49:02.6837783Z Collecting pytest
2026-09-23T08:49:02.7314365Z   Downloading pytest-9.1.1-py3-none-any.whl.metadata (7.6 kB)
2026-09-23T08:49:02.7393173Z Collecting iniconfig>=1.0.1 (from pytest)
2026-09-23T08:49:02.7428424Z   Downloading iniconfig-2.3.0-py3-none-any.whl.metadata (2.5 kB)
2026-09-23T08:49:02.7524101Z Collecting packaging>=22 (from pytest)
2026-09-23T08:49:02.7559312Z   Downloading packaging-26.3-py3-none-any.whl.metadata (3.5 kB)
2026-09-23T08:49:02.7630139Z Collecting pluggy<2,>=1.5 (from pytest)
2026-09-23T08:49:02.7665734Z   Downloading pluggy-1.6.0-py3-none-any.whl.metadata (4.8 kB)
2026-09-23T08:49:02.7789159Z Collecting pygments>=2.7.2 (from pytest)
2026-09-23T08:49:02.7823541Z   Downloading pygments-2.21.0-py3-none-any.whl.metadata (2.5 kB)
2026-09-23T08:49:02.7885466Z Downloading pytest-9.1.1-py3-none-any.whl (386 kB)
2026-09-23T08:49:02.8086172Z Downloading pluggy-1.6.0-py3-none-any.whl (20 kB)
2026-09-23T08:49:02.8121613Z Downloading iniconfig-2.3.0-py3-none-any.whl (7.5 kB)
2026-09-23T08:49:02.8166024Z Downloading packaging-26.3-py3-none-any.whl (129 kB)
2026-09-23T08:49:02.8204727Z Downloading pygments-2.21.0-py3-none-any.whl (1.3 MB)
2026-09-23T08:49:02.8291351Z    ââââââââââââââââââââââââââââââââââââââââ 1.3/1.3 MB 223.7 MB/s  0:00:00
2026-09-23T08:49:02.8988575Z Installing collected packages: pygments, pluggy, packaging, iniconfig, pytest
2026-09-23T08:49:03.8917372Z 
2026-09-23T08:49:03.8927215Z Successfully installed iniconfig-2.3.0 packaging-26.3 pluggy-1.6.0 pygments-2.21.0 pytest-9.1.1
2026-09-23T08:49:03.9438413Z ##[group]Run python automation/inject_mutation.py --error-type "IndexError"
2026-09-23T08:49:03.9439090Z [36;1mpython automation/inject_mutation.py --error-type "IndexError"[0m
2026-09-23T08:49:03.9478524Z shell: /usr/bin/bash -e {0}
2026-09-23T08:49:03.9478796Z env:
2026-09-23T08:49:03.9479090Z   pythonLocation: /opt/hostedtoolcache/Python/3.11.16/x64
2026-09-23T08:49:03.9479779Z   PKG_CONFIG_PATH: /opt/hostedtoolcache/Python/3.11.16/x64/lib/pkgconfig
2026-09-23T08:49:03.9480248Z   Python_ROOT_DIR: /opt/hostedtoolcache/Python/3.11.16/x64
2026-09-23T08:49:03.9480660Z   Python2_ROOT_DIR: /opt/hostedtoolcache/Python/3.11.16/x64
2026-09-23T08:49:03.9481086Z   Python3_ROOT_DIR: /opt/hostedtoolcache/Python/3.11.16/x64
2026-09-23T08:49:03.9481501Z   LD_LIBRARY_PATH: /opt/hostedtoolcache/Python/3.11.16/x64/lib
2026-09-23T08:49:03.9481868Z ##[endgroup]
2026-09-23T08:49:03.9780544Z [Mutation Injected] Successfully injected IndexError into tests/test_app.py
2026-09-23T08:49:03.9847069Z ##[group]Run pytest tests/test_app.py -v
2026-09-23T08:49:03.9847465Z [36;1mpytest tests/test_app.py -v[0m
2026-09-23T08:49:03.9882682Z shell: /usr/bin/bash -e {0}
2026-09-23T08:49:03.9882938Z env:
2026-09-23T08:49:03.9883208Z   pythonLocation: /opt/hostedtoolcache/Python/3.11.16/x64
2026-09-23T08:49:03.9883653Z   PKG_CONFIG_PATH: /opt/hostedtoolcache/Python/3.11.16/x64/lib/pkgconfig
2026-09-23T08:49:03.9884111Z   Python_ROOT_DIR: /opt/hostedtoolcache/Python/3.11.16/x64
2026-09-23T08:49:03.9884491Z   Python2_ROOT_DIR: /opt/hostedtoolcache/Python/3.11.16/x64
2026-09-23T08:49:03.9884871Z   Python3_ROOT_DIR: /opt/hostedtoolcache/Python/3.11.16/x64
2026-09-23T08:49:03.9885257Z   LD_LIBRARY_PATH: /opt/hostedtoolcache/Python/3.11.16/x64/lib
2026-09-23T08:49:03.9885590Z ##[endgroup]
2026-09-23T08:49:04.4434879Z ============================= test session starts ==============================
2026-09-23T08:49:04.4436185Z platform linux -- Python 3.11.16, pytest-9.1.1, pluggy-1.6.0 -- /opt/hostedtoolcache/Python/3.11.16/x64/bin/python
2026-09-23T08:49:04.4437318Z cachedir: .pytest_cache
2026-09-23T08:49:04.4438345Z rootdir: /home/runner/work/log-generation/log-generation
2026-09-23T08:49:04.4439181Z configfile: pytest.ini
2026-09-23T08:49:04.4526197Z collecting ... collected 6 items
2026-09-23T08:49:04.4526596Z 
2026-09-23T08:49:04.4534740Z tests/test_app.py::test_calculate_division PASSED                        [ 16%]
2026-09-23T08:49:04.4542066Z tests/test_app.py::test_convert_to_int PASSED                            [ 33%]
2026-09-23T08:49:04.4548993Z tests/test_app.py::test_get_list_item PASSED                             [ 50%]
2026-09-23T08:49:04.4555992Z tests/test_app.py::test_get_dict_value PASSED                            [ 66%]
2026-09-23T08:49:04.4562649Z tests/test_app.py::test_assert_positive PASSED                           [ 83%]
2026-09-23T08:49:04.4835976Z tests/test_app.py::test_index_error FAILED                               [100%]
2026-09-23T08:49:04.4836733Z 
2026-09-23T08:49:04.4836982Z =================================== FAILURES ===================================
2026-09-23T08:49:04.4837665Z _______________________________ test_index_error _______________________________
2026-09-23T08:49:04.4838448Z 
2026-09-23T08:49:04.4838616Z     def test_index_error():
2026-09-23T08:49:04.4839039Z         """Injected synthetic IndexError."""
2026-09-23T08:49:04.4839555Z         from src.app import get_list_item
2026-09-23T08:49:04.4839997Z         dataset = [10, 20, 30]
2026-09-23T08:49:04.4840386Z >       get_list_item(dataset, 999)
2026-09-23T08:49:04.4840667Z 
2026-09-23T08:49:04.4840812Z tests/test_app.py:140: 
2026-09-23T08:49:04.4841257Z _ _ _ _ _ _ _ _ _ _ _ _ _ _ _ _ _ _ _ _ _ _ _ _ _ _ _ _ _ _ _ _ _ _ _ _ _ _ _ _ 
2026-09-23T08:49:04.4841658Z 
2026-09-23T08:49:04.4841844Z lst = [10, 20, 30], index = 999
2026-09-23T08:49:04.4842089Z 
2026-09-23T08:49:04.4842244Z     def get_list_item(lst, index):
2026-09-23T08:49:04.4842677Z >       return lst[index]
2026-09-23T08:49:04.4843040Z                ^^^^^^^^^^
2026-09-23T08:49:04.4843417Z E       IndexError: list index out of range
2026-09-23T08:49:04.4843735Z 
2026-09-23T08:49:04.4843882Z src/app.py:8: IndexError
2026-09-23T08:49:04.4844352Z =========================== short test summary info ============================
2026-09-23T08:49:04.4845134Z FAILED tests/test_app.py::test_index_error - IndexError: list index out of range
2026-09-23T08:49:04.4846126Z ========================= 1 failed, 5 passed in 0.03s ==========================
2026-09-23T08:49:04.5025890Z ##[error]Process completed with exit code 1.
2026-09-23T08:49:04.5173858Z Node 20 is being deprecated. This workflow is running with Node 24 by default. If you need to temporarily use Node 20, you can set the ACTIONS_ALLOW_USE_UNSECURE_NODE_VERSION=true environment variable. For more information see: https://github.blog/changelog/2025-09-19-deprecation-of-node-20-on-github-actions-runners/
2026-09-23T08:49:04.5175093Z Post job cleanup.
2026-09-23T08:49:04.6037909Z [command]/usr/bin/git version
2026-09-23T08:49:04.6081514Z git version 2.55.0
2026-09-23T08:49:04.6121099Z Temporarily overriding HOME='/home/runner/work/_temp/77a862a6-e41d-4bf4-b450-4cecfeb35ae2' before making global git config changes
2026-09-23T08:49:04.6122450Z Adding repository directory to the temporary git global config as a safe directory
2026-09-23T08:49:04.6126566Z [command]/usr/bin/git config --global --add safe.directory /home/runner/work/log-generation/log-generation
2026-09-23T08:49:04.6166539Z [command]/usr/bin/git config --local --name-only --get-regexp core\.sshCommand
2026-09-23T08:49:04.6201532Z [command]/usr/bin/git submodule foreach --recursive sh -c "git config --local --name-only --get-regexp 'core\.sshCommand' && git config --local --unset-all 'core.sshCommand' || :"
2026-09-23T08:49:04.6462118Z [command]/usr/bin/git config --local --name-only --get-regexp http\.https\:\/\/github\.com\/\.extraheader
2026-09-23T08:49:04.6491554Z http.https://github.com/.extraheader
2026-09-23T08:49:04.6505586Z [command]/usr/bin/git config --local --unset-all http.https://github.com/.extraheader
2026-09-23T08:49:04.6546601Z [command]/usr/bin/git submodule foreach --recursive sh -c "git config --local --name-only --get-regexp 'http\.https\:\/\/github\.com\/\.extraheader' && git config --local --unset-all 'http.https://github.com/.extraheader' || :"
2026-09-23T08:49:04.6824126Z [command]/usr/bin/git config --local --name-only --get-regexp ^includeIf\.gitdir:
2026-09-23T08:49:04.6866573Z [command]/usr/bin/git submodule foreach --recursive git config --local --show-origin --name-only --get-regexp remote.origin.url
2026-09-23T08:49:04.7269147Z Cleaning up orphan processes
2026-09-23T08:49:04.7565075Z ##[warning]Node.js 20 is deprecated. The following actions target Node.js 20 but are being forced to run on Node.js 24: actions/checkout@v4, actions/setup-python@v5. For more information see: https://github.blog/changelog/2025-09-19-deprecation-of-node-20-on-github-actions-runners/
