ï»¿2026-09-23T08:45:22.9811117Z Current runner version: '2.337.0'
2026-09-23T08:45:22.9836838Z ##[group]Runner Image Provisioner
2026-09-23T08:45:22.9837713Z Hosted Compute Agent
2026-09-23T08:45:22.9838326Z Version: 20260828.587
2026-09-23T08:45:22.9839050Z Commit: abac92662cab4cc7352de4f9f9d2e2419aad9c29
2026-09-23T08:45:22.9839798Z Build Date: 2026-08-28T16:44:25Z
2026-09-23T08:45:22.9840581Z Worker ID: {2b3643ee-e2f0-4a97-9547-5cbde88bd19c}
2026-09-23T08:45:22.9841505Z Azure Region: westus
2026-09-23T08:45:22.9842112Z ##[endgroup]
2026-09-23T08:45:22.9843994Z ##[group]Operating System
2026-09-23T08:45:22.9844631Z Ubuntu
2026-09-23T08:45:22.9845212Z 24.04.5
2026-09-23T08:45:22.9845744Z LTS
2026-09-23T08:45:22.9846630Z ##[endgroup]
2026-09-23T08:45:22.9847296Z ##[group]Runner Image
2026-09-23T08:45:22.9847923Z Image: ubuntu-24.04
2026-09-23T08:45:22.9848531Z Version: 20260907.300.1
2026-09-23T08:45:22.9849844Z Included Software: https://github.com/actions/runner-images/blob/ubuntu24/20260907.300/images/ubuntu/Ubuntu2404-Readme.md
2026-09-23T08:45:22.9851878Z Image Release: https://github.com/actions/runner-images/releases/tag/ubuntu24%2F20260907.300
2026-09-23T08:45:22.9852947Z ##[endgroup]
2026-09-23T08:45:22.9854195Z ##[group]GITHUB_TOKEN Permissions
2026-09-23T08:45:22.9856538Z Contents: read
2026-09-23T08:45:22.9857225Z Metadata: read
2026-09-23T08:45:22.9857798Z Packages: read
2026-09-23T08:45:22.9858340Z ##[endgroup]
2026-09-23T08:45:22.9860548Z Secret source: Actions
2026-09-23T08:45:22.9861989Z Cache mode: write
2026-09-23T08:45:22.9863168Z Prepare workflow directory
2026-09-23T08:45:23.0237078Z Prepare all required actions
2026-09-23T08:45:23.0309484Z Getting action download info
2026-09-23T08:45:23.3952779Z Download action repository 'actions/checkout@v4' (SHA:11d5960a326750d5838078e36cf38b85af677262)
2026-09-23T08:45:23.5073792Z Download action repository 'actions/setup-python@v5' (SHA:a26af69be951a213d495a4c3e4e4022e16d87065)
2026-09-23T08:45:23.6919730Z Complete job name: test-f3 (AssertionError #229)
2026-09-23T08:45:23.7728289Z Node 20 is being deprecated. This workflow is running with Node 24 by default. If you need to temporarily use Node 20, you can set the ACTIONS_ALLOW_USE_UNSECURE_NODE_VERSION=true environment variable. For more information see: https://github.blog/changelog/2025-09-19-deprecation-of-node-20-on-github-actions-runners/
2026-09-23T08:45:23.7737822Z ##[group]Run actions/checkout@v4
2026-09-23T08:45:23.7738608Z with:
2026-09-23T08:45:23.7739049Z   fetch-depth: 1
2026-09-23T08:45:23.7739523Z   repository: DhruvHegde/log-generation
2026-09-23T08:45:23.7743923Z   token: ***
2026-09-23T08:45:23.7744364Z   ssh-strict: true
2026-09-23T08:45:23.7744810Z   ssh-user: git
2026-09-23T08:45:23.7745264Z   persist-credentials: true
2026-09-23T08:45:23.7745785Z   clean: true
2026-09-23T08:45:23.7746231Z   sparse-checkout-cone-mode: true
2026-09-23T08:45:23.7746746Z   fetch-tags: false
2026-09-23T08:45:23.7747193Z   show-progress: true
2026-09-23T08:45:23.7747636Z   lfs: false
2026-09-23T08:45:23.7748105Z   submodules: false
2026-09-23T08:45:23.7748568Z   set-safe-directory: true
2026-09-23T08:45:23.7749080Z   allow-unsafe-pr-checkout: false
2026-09-23T08:45:23.7749909Z ##[endgroup]
2026-09-23T08:45:23.8784669Z Syncing repository: DhruvHegde/log-generation
2026-09-23T08:45:23.8787775Z ##[group]Getting Git version info
2026-09-23T08:45:23.8789094Z Working directory is '/home/runner/work/log-generation/log-generation'
2026-09-23T08:45:23.8790870Z [command]/usr/bin/git version
2026-09-23T08:45:23.8861770Z git version 2.55.0
2026-09-23T08:45:23.8887033Z ##[endgroup]
2026-09-23T08:45:23.8905543Z Temporarily overriding HOME='/home/runner/work/_temp/84a9144e-4df5-4f7f-a30d-4ced96f91bf6' before making global git config changes
2026-09-23T08:45:23.8922907Z Adding repository directory to the temporary git global config as a safe directory
2026-09-23T08:45:23.8925053Z [command]/usr/bin/git config --global --add safe.directory /home/runner/work/log-generation/log-generation
2026-09-23T08:45:23.8980968Z Deleting the contents of '/home/runner/work/log-generation/log-generation'
2026-09-23T08:45:23.8985772Z ##[group]Initializing the repository
2026-09-23T08:45:23.8992309Z [command]/usr/bin/git init /home/runner/work/log-generation/log-generation
2026-09-23T08:45:23.9123512Z hint: Using 'master' as the name for the initial branch. This default branch name
2026-09-23T08:45:23.9125913Z hint: will change to "main" in Git 3.0. To configure the initial branch name
2026-09-23T08:45:23.9128127Z hint: to use in all of your new repositories, which will suppress this warning,
2026-09-23T08:45:23.9129968Z hint: call:
2026-09-23T08:45:23.9131024Z hint:
2026-09-23T08:45:23.9132602Z hint: 	git config --global init.defaultBranch <name>
2026-09-23T08:45:23.9134195Z hint:
2026-09-23T08:45:23.9135683Z hint: Names commonly chosen instead of 'master' are 'main', 'trunk' and
2026-09-23T08:45:23.9137630Z hint: 'development'. The just-created branch can be renamed via this command:
2026-09-23T08:45:23.9139087Z hint:
2026-09-23T08:45:23.9140066Z hint: 	git branch -m <name>
2026-09-23T08:45:23.9141121Z hint:
2026-09-23T08:45:23.9142855Z hint: Disable this message with "git config set advice.defaultBranchName false"
2026-09-23T08:45:23.9144888Z Initialized empty Git repository in /home/runner/work/log-generation/log-generation/.git/
2026-09-23T08:45:23.9148187Z [command]/usr/bin/git remote add origin https://github.com/DhruvHegde/log-generation
2026-09-23T08:45:23.9203076Z ##[endgroup]
2026-09-23T08:45:23.9204343Z ##[group]Disabling automatic garbage collection
2026-09-23T08:45:23.9208046Z [command]/usr/bin/git config --local gc.auto 0
2026-09-23T08:45:23.9242655Z ##[endgroup]
2026-09-23T08:45:23.9243825Z ##[group]Setting up auth
2026-09-23T08:45:23.9250991Z [command]/usr/bin/git config --local --name-only --get-regexp core\.sshCommand
2026-09-23T08:45:23.9300785Z [command]/usr/bin/git submodule foreach --recursive sh -c "git config --local --name-only --get-regexp 'core\.sshCommand' && git config --local --unset-all 'core.sshCommand' || :"
2026-09-23T08:45:23.9696808Z [command]/usr/bin/git config --local --name-only --get-regexp http\.https\:\/\/github\.com\/\.extraheader
2026-09-23T08:45:23.9743686Z [command]/usr/bin/git submodule foreach --recursive sh -c "git config --local --name-only --get-regexp 'http\.https\:\/\/github\.com\/\.extraheader' && git config --local --unset-all 'http.https://github.com/.extraheader' || :"
2026-09-23T08:45:23.9978792Z [command]/usr/bin/git config --local --name-only --get-regexp ^includeIf\.gitdir:
2026-09-23T08:45:24.0016432Z [command]/usr/bin/git submodule foreach --recursive git config --local --show-origin --name-only --get-regexp remote.origin.url
2026-09-23T08:45:24.0249121Z [command]/usr/bin/git config --local http.https://github.com/.extraheader AUTHORIZATION: basic ***
2026-09-23T08:45:24.0291938Z ##[endgroup]
2026-09-23T08:45:24.0292864Z ##[group]Fetching the repository
2026-09-23T08:45:24.0302863Z [command]/usr/bin/git -c protocol.version=2 fetch --no-tags --prune --no-recurse-submodules --depth=1 origin +dfcb6f158e4bd8054252a4da5d0a9edc2ab15d57:refs/remotes/origin/feature/f3-test-failures
2026-09-23T08:45:24.4965572Z From https://github.com/DhruvHegde/log-generation
2026-09-23T08:45:24.4967854Z  * [new ref]         dfcb6f158e4bd8054252a4da5d0a9edc2ab15d57 -> origin/feature/f3-test-failures
2026-09-23T08:45:24.4972184Z ##[endgroup]
2026-09-23T08:45:24.4975191Z ##[group]Determining the checkout info
2026-09-23T08:45:24.4976997Z ##[endgroup]
2026-09-23T08:45:24.4982377Z [command]/usr/bin/git sparse-checkout disable
2026-09-23T08:45:24.5042334Z [command]/usr/bin/git config --local --unset-all extensions.worktreeConfig
2026-09-23T08:45:24.5075438Z ##[group]Checking out the ref
2026-09-23T08:45:24.5080161Z [command]/usr/bin/git checkout --progress --force -B feature/f3-test-failures refs/remotes/origin/feature/f3-test-failures
2026-09-23T08:45:24.5275116Z Switched to a new branch 'feature/f3-test-failures'
2026-09-23T08:45:24.5277815Z branch 'feature/f3-test-failures' set up to track 'origin/feature/f3-test-failures'.
2026-09-23T08:45:24.5283240Z ##[endgroup]
2026-09-23T08:45:24.5301176Z [command]/usr/bin/git log -1 --format=%H
2026-09-23T08:45:24.5332199Z dfcb6f158e4bd8054252a4da5d0a9edc2ab15d57
2026-09-23T08:45:24.5653122Z Node 20 is being deprecated. This workflow is running with Node 24 by default. If you need to temporarily use Node 20, you can set the ACTIONS_ALLOW_USE_UNSECURE_NODE_VERSION=true environment variable. For more information see: https://github.blog/changelog/2025-09-19-deprecation-of-node-20-on-github-actions-runners/
2026-09-23T08:45:24.5656824Z ##[group]Run actions/setup-python@v5
2026-09-23T08:45:24.5657458Z with:
2026-09-23T08:45:24.5657900Z   python-version: 3.11
2026-09-23T08:45:24.5658435Z   check-latest: false
2026-09-23T08:45:24.5663805Z   token: ***
2026-09-23T08:45:24.5664318Z   update-environment: true
2026-09-23T08:45:24.5664907Z   allow-prereleases: false
2026-09-23T08:45:24.5665481Z   freethreaded: false
2026-09-23T08:45:24.5665986Z ##[endgroup]
2026-09-23T08:45:24.7007259Z ##[group]Installed versions
2026-09-23T08:45:24.7101899Z (node:2264) [DEP0040] DeprecationWarning: The `punycode` module is deprecated. Please use a userland alternative instead.
2026-09-23T08:45:24.7104815Z (Use `node --trace-deprecation ...` to show where the warning was created)
2026-09-23T08:45:24.7106533Z Successfully set up CPython (3.11.16)
2026-09-23T08:45:24.7108528Z ##[endgroup]
2026-09-23T08:45:24.7335501Z ##[group]Run pip install --no-cache-dir pytest
2026-09-23T08:45:24.7336454Z [36;1mpip install --no-cache-dir pytest[0m
2026-09-23T08:45:24.7393620Z shell: /usr/bin/bash -e {0}
2026-09-23T08:45:24.7394420Z env:
2026-09-23T08:45:24.7395198Z   pythonLocation: /opt/hostedtoolcache/Python/3.11.16/x64
2026-09-23T08:45:24.7396697Z   PKG_CONFIG_PATH: /opt/hostedtoolcache/Python/3.11.16/x64/lib/pkgconfig
2026-09-23T08:45:24.7398052Z   Python_ROOT_DIR: /opt/hostedtoolcache/Python/3.11.16/x64
2026-09-23T08:45:24.7399001Z   Python2_ROOT_DIR: /opt/hostedtoolcache/Python/3.11.16/x64
2026-09-23T08:45:24.7399971Z   Python3_ROOT_DIR: /opt/hostedtoolcache/Python/3.11.16/x64
2026-09-23T08:45:24.7400972Z   LD_LIBRARY_PATH: /opt/hostedtoolcache/Python/3.11.16/x64/lib
2026-09-23T08:45:24.7495655Z ##[endgroup]
2026-09-23T08:45:25.6630217Z Collecting pytest
2026-09-23T08:45:25.7570202Z   Downloading pytest-9.1.1-py3-none-any.whl.metadata (7.6 kB)
2026-09-23T08:45:25.7834726Z Collecting iniconfig>=1.0.1 (from pytest)
2026-09-23T08:45:25.8028467Z   Downloading iniconfig-2.3.0-py3-none-any.whl.metadata (2.5 kB)
2026-09-23T08:45:25.8325376Z Collecting packaging>=22 (from pytest)
2026-09-23T08:45:25.8519193Z   Downloading packaging-26.3-py3-none-any.whl.metadata (3.5 kB)
2026-09-23T08:45:25.8802099Z Collecting pluggy<2,>=1.5 (from pytest)
2026-09-23T08:45:25.8995048Z   Downloading pluggy-1.6.0-py3-none-any.whl.metadata (4.8 kB)
2026-09-23T08:45:25.9346371Z Collecting pygments>=2.7.2 (from pytest)
2026-09-23T08:45:25.9542200Z   Downloading pygments-2.21.0-py3-none-any.whl.metadata (2.5 kB)
2026-09-23T08:45:25.9765582Z Downloading pytest-9.1.1-py3-none-any.whl (386 kB)
2026-09-23T08:45:26.0676991Z Downloading pluggy-1.6.0-py3-none-any.whl (20 kB)
2026-09-23T08:45:26.0866951Z Downloading iniconfig-2.3.0-py3-none-any.whl (7.5 kB)
2026-09-23T08:45:26.1057768Z Downloading packaging-26.3-py3-none-any.whl (129 kB)
2026-09-23T08:45:26.1277651Z Downloading pygments-2.21.0-py3-none-any.whl (1.3 MB)
2026-09-23T08:45:26.1847707Z    ââââââââââââââââââââââââââââââââââââââââ 1.3/1.3 MB 20.1 MB/s  0:00:00
2026-09-23T08:45:26.2518008Z Installing collected packages: pygments, pluggy, packaging, iniconfig, pytest
2026-09-23T08:45:27.2391059Z 
2026-09-23T08:45:27.2400706Z Successfully installed iniconfig-2.3.0 packaging-26.3 pluggy-1.6.0 pygments-2.21.0 pytest-9.1.1
2026-09-23T08:45:27.2916237Z ##[group]Run python automation/inject_mutation.py --error-type "AssertionError"
2026-09-23T08:45:27.2916886Z [36;1mpython automation/inject_mutation.py --error-type "AssertionError"[0m
2026-09-23T08:45:27.2955496Z shell: /usr/bin/bash -e {0}
2026-09-23T08:45:27.2955799Z env:
2026-09-23T08:45:27.2956399Z   pythonLocation: /opt/hostedtoolcache/Python/3.11.16/x64
2026-09-23T08:45:27.2956860Z   PKG_CONFIG_PATH: /opt/hostedtoolcache/Python/3.11.16/x64/lib/pkgconfig
2026-09-23T08:45:27.2957302Z   Python_ROOT_DIR: /opt/hostedtoolcache/Python/3.11.16/x64
2026-09-23T08:45:27.2957689Z   Python2_ROOT_DIR: /opt/hostedtoolcache/Python/3.11.16/x64
2026-09-23T08:45:27.2958120Z   Python3_ROOT_DIR: /opt/hostedtoolcache/Python/3.11.16/x64
2026-09-23T08:45:27.2958517Z   LD_LIBRARY_PATH: /opt/hostedtoolcache/Python/3.11.16/x64/lib
2026-09-23T08:45:27.2958867Z ##[endgroup]
2026-09-23T08:45:27.3277756Z [Mutation Injected] Successfully injected AssertionError into tests/test_app.py
2026-09-23T08:45:27.3352265Z ##[group]Run pytest tests/test_app.py -v
2026-09-23T08:45:27.3352674Z [36;1mpytest tests/test_app.py -v[0m
2026-09-23T08:45:27.3390433Z shell: /usr/bin/bash -e {0}
2026-09-23T08:45:27.3390694Z env:
2026-09-23T08:45:27.3390966Z   pythonLocation: /opt/hostedtoolcache/Python/3.11.16/x64
2026-09-23T08:45:27.3391732Z   PKG_CONFIG_PATH: /opt/hostedtoolcache/Python/3.11.16/x64/lib/pkgconfig
2026-09-23T08:45:27.3392196Z   Python_ROOT_DIR: /opt/hostedtoolcache/Python/3.11.16/x64
2026-09-23T08:45:27.3392588Z   Python2_ROOT_DIR: /opt/hostedtoolcache/Python/3.11.16/x64
2026-09-23T08:45:27.3392965Z   Python3_ROOT_DIR: /opt/hostedtoolcache/Python/3.11.16/x64
2026-09-23T08:45:27.3393366Z   LD_LIBRARY_PATH: /opt/hostedtoolcache/Python/3.11.16/x64/lib
2026-09-23T08:45:27.3393700Z ##[endgroup]
2026-09-23T08:45:27.5690099Z ============================= test session starts ==============================
2026-09-23T08:45:27.5691863Z platform linux -- Python 3.11.16, pytest-9.1.1, pluggy-1.6.0 -- /opt/hostedtoolcache/Python/3.11.16/x64/bin/python
2026-09-23T08:45:27.5692865Z cachedir: .pytest_cache
2026-09-23T08:45:27.5693462Z rootdir: /home/runner/work/log-generation/log-generation
2026-09-23T08:45:27.5694111Z configfile: pytest.ini
2026-09-23T08:45:27.5786238Z collecting ... collected 6 items
2026-09-23T08:45:27.5786690Z 
2026-09-23T08:45:27.5795599Z tests/test_app.py::test_calculate_division PASSED                        [ 16%]
2026-09-23T08:45:27.5803403Z tests/test_app.py::test_convert_to_int PASSED                            [ 33%]
2026-09-23T08:45:27.5810991Z tests/test_app.py::test_get_list_item PASSED                             [ 50%]
2026-09-23T08:45:27.5818887Z tests/test_app.py::test_get_dict_value PASSED                            [ 66%]
2026-09-23T08:45:27.5826245Z tests/test_app.py::test_assert_positive PASSED                           [ 83%]
2026-09-23T08:45:27.6072818Z tests/test_app.py::test_assertion_failure FAILED                         [100%]
2026-09-23T08:45:27.6073422Z 
2026-09-23T08:45:27.6073702Z =================================== FAILURES ===================================
2026-09-23T08:45:27.6074391Z ____________________________ test_assertion_failure ____________________________
2026-09-23T08:45:27.6074864Z 
2026-09-23T08:45:27.6075057Z     def test_assertion_failure():
2026-09-23T08:45:27.6075571Z         """Injected synthetic AssertionError."""
2026-09-23T08:45:27.6076139Z         expected_status = 200
2026-09-23T08:45:27.6076586Z         actual_status = 500
2026-09-23T08:45:27.6077372Z >       assert actual_status == expected_status, f"Expected {expected_status}, received {actual_status}"
2026-09-23T08:45:27.6078293Z E       AssertionError: Expected 200, received 500
2026-09-23T08:45:27.6078829Z E       assert 500 == 200
2026-09-23T08:45:27.6079102Z 
2026-09-23T08:45:27.6079305Z tests/test_app.py:138: AssertionError
2026-09-23T08:45:27.6079895Z =========================== short test summary info ============================
2026-09-23T08:45:27.6080854Z FAILED tests/test_app.py::test_assertion_failure - AssertionError: Expected 200, received 500
2026-09-23T08:45:27.6081938Z assert 500 == 200
2026-09-23T08:45:27.6082413Z ========================= 1 failed, 5 passed in 0.03s ==========================
2026-09-23T08:45:27.6267306Z ##[error]Process completed with exit code 1.
2026-09-23T08:45:27.6418024Z Node 20 is being deprecated. This workflow is running with Node 24 by default. If you need to temporarily use Node 20, you can set the ACTIONS_ALLOW_USE_UNSECURE_NODE_VERSION=true environment variable. For more information see: https://github.blog/changelog/2025-09-19-deprecation-of-node-20-on-github-actions-runners/
2026-09-23T08:45:27.6419477Z Post job cleanup.
2026-09-23T08:45:27.7273860Z [command]/usr/bin/git version
2026-09-23T08:45:27.7319529Z git version 2.55.0
2026-09-23T08:45:27.7365439Z Temporarily overriding HOME='/home/runner/work/_temp/83f36f1b-d86a-4cbb-bd30-7a7b0f8f3f75' before making global git config changes
2026-09-23T08:45:27.7367001Z Adding repository directory to the temporary git global config as a safe directory
2026-09-23T08:45:27.7371902Z [command]/usr/bin/git config --global --add safe.directory /home/runner/work/log-generation/log-generation
2026-09-23T08:45:27.7411717Z [command]/usr/bin/git config --local --name-only --get-regexp core\.sshCommand
2026-09-23T08:45:27.7447888Z [command]/usr/bin/git submodule foreach --recursive sh -c "git config --local --name-only --get-regexp 'core\.sshCommand' && git config --local --unset-all 'core.sshCommand' || :"
2026-09-23T08:45:27.7706021Z [command]/usr/bin/git config --local --name-only --get-regexp http\.https\:\/\/github\.com\/\.extraheader
2026-09-23T08:45:27.7739648Z http.https://github.com/.extraheader
2026-09-23T08:45:27.7752099Z [command]/usr/bin/git config --local --unset-all http.https://github.com/.extraheader
2026-09-23T08:45:27.7787162Z [command]/usr/bin/git submodule foreach --recursive sh -c "git config --local --name-only --get-regexp 'http\.https\:\/\/github\.com\/\.extraheader' && git config --local --unset-all 'http.https://github.com/.extraheader' || :"
2026-09-23T08:45:27.8060025Z [command]/usr/bin/git config --local --name-only --get-regexp ^includeIf\.gitdir:
2026-09-23T08:45:27.8102726Z [command]/usr/bin/git submodule foreach --recursive git config --local --show-origin --name-only --get-regexp remote.origin.url
2026-09-23T08:45:27.8494192Z Cleaning up orphan processes
2026-09-23T08:45:27.8782212Z ##[warning]Node.js 20 is deprecated. The following actions target Node.js 20 but are being forced to run on Node.js 24: actions/checkout@v4, actions/setup-python@v5. For more information see: https://github.blog/changelog/2025-09-19-deprecation-of-node-20-on-github-actions-runners/
