ï»¿2026-09-23T08:45:18.9908100Z Current runner version: '2.337.0'
2026-09-23T08:45:18.9935058Z ##[group]Runner Image Provisioner
2026-09-23T08:45:18.9936095Z Hosted Compute Agent
2026-09-23T08:45:18.9936708Z Version: 20260828.587
2026-09-23T08:45:18.9937416Z Commit: abac92662cab4cc7352de4f9f9d2e2419aad9c29
2026-09-23T08:45:18.9938231Z Build Date: 2026-08-28T16:44:25Z
2026-09-23T08:45:18.9938937Z Worker ID: {1269ce3d-bd7a-4412-9747-b0a14363a47f}
2026-09-23T08:45:18.9939791Z Azure Region: westcentralus
2026-09-23T08:45:18.9940419Z ##[endgroup]
2026-09-23T08:45:18.9942293Z ##[group]Operating System
2026-09-23T08:45:18.9942975Z Ubuntu
2026-09-23T08:45:18.9943524Z 24.04.5
2026-09-23T08:45:18.9944158Z LTS
2026-09-23T08:45:18.9944694Z ##[endgroup]
2026-09-23T08:45:18.9945593Z ##[group]Runner Image
2026-09-23T08:45:18.9946335Z Image: ubuntu-24.04
2026-09-23T08:45:18.9946962Z Version: 20260907.300.1
2026-09-23T08:45:18.9948322Z Included Software: https://github.com/actions/runner-images/blob/ubuntu24/20260907.300/images/ubuntu/Ubuntu2404-Readme.md
2026-09-23T08:45:18.9949929Z Image Release: https://github.com/actions/runner-images/releases/tag/ubuntu24%2F20260907.300
2026-09-23T08:45:18.9950943Z ##[endgroup]
2026-09-23T08:45:18.9952482Z ##[group]GITHUB_TOKEN Permissions
2026-09-23T08:45:18.9954876Z Contents: read
2026-09-23T08:45:18.9955486Z Metadata: read
2026-09-23T08:45:18.9956153Z Packages: read
2026-09-23T08:45:18.9956737Z ##[endgroup]
2026-09-23T08:45:18.9958868Z Secret source: Actions
2026-09-23T08:45:18.9960001Z Cache mode: write
2026-09-23T08:45:18.9961003Z Prepare workflow directory
2026-09-23T08:45:19.0304474Z Prepare all required actions
2026-09-23T08:45:19.0352769Z Getting action download info
2026-09-23T08:45:19.3855777Z Download action repository 'actions/checkout@v4' (SHA:11d5960a326750d5838078e36cf38b85af677262)
2026-09-23T08:45:19.4895904Z Download action repository 'actions/setup-python@v5' (SHA:a26af69be951a213d495a4c3e4e4022e16d87065)
2026-09-23T08:45:19.6780438Z Complete job name: test-f3 (FileNotFoundError #176)
2026-09-23T08:45:19.7543078Z Node 20 is being deprecated. This workflow is running with Node 24 by default. If you need to temporarily use Node 20, you can set the ACTIONS_ALLOW_USE_UNSECURE_NODE_VERSION=true environment variable. For more information see: https://github.blog/changelog/2025-09-19-deprecation-of-node-20-on-github-actions-runners/
2026-09-23T08:45:19.7552307Z ##[group]Run actions/checkout@v4
2026-09-23T08:45:19.7553186Z with:
2026-09-23T08:45:19.7553623Z   fetch-depth: 1
2026-09-23T08:45:19.7554104Z   repository: DhruvHegde/log-generation
2026-09-23T08:45:19.7557985Z   token: ***
2026-09-23T08:45:19.7558427Z   ssh-strict: true
2026-09-23T08:45:19.7558872Z   ssh-user: git
2026-09-23T08:45:19.7559323Z   persist-credentials: true
2026-09-23T08:45:19.7559822Z   clean: true
2026-09-23T08:45:19.7560270Z   sparse-checkout-cone-mode: true
2026-09-23T08:45:19.7560790Z   fetch-tags: false
2026-09-23T08:45:19.7561228Z   show-progress: true
2026-09-23T08:45:19.7561669Z   lfs: false
2026-09-23T08:45:19.7562270Z   submodules: false
2026-09-23T08:45:19.7562749Z   set-safe-directory: true
2026-09-23T08:45:19.7563255Z   allow-unsafe-pr-checkout: false
2026-09-23T08:45:19.7564093Z ##[endgroup]
2026-09-23T08:45:19.8618815Z Syncing repository: DhruvHegde/log-generation
2026-09-23T08:45:19.8621505Z ##[group]Getting Git version info
2026-09-23T08:45:19.8622957Z Working directory is '/home/runner/work/log-generation/log-generation'
2026-09-23T08:45:19.8624658Z [command]/usr/bin/git version
2026-09-23T08:45:19.8635077Z git version 2.55.0
2026-09-23T08:45:19.8656049Z ##[endgroup]
2026-09-23T08:45:19.8670884Z Temporarily overriding HOME='/home/runner/work/_temp/2690deef-dd6c-4ce0-83b3-a2f805e2e424' before making global git config changes
2026-09-23T08:45:19.8673425Z Adding repository directory to the temporary git global config as a safe directory
2026-09-23T08:45:19.8676345Z [command]/usr/bin/git config --global --add safe.directory /home/runner/work/log-generation/log-generation
2026-09-23T08:45:19.8724492Z Deleting the contents of '/home/runner/work/log-generation/log-generation'
2026-09-23T08:45:19.8729557Z ##[group]Initializing the repository
2026-09-23T08:45:19.8733852Z [command]/usr/bin/git init /home/runner/work/log-generation/log-generation
2026-09-23T08:45:19.8824703Z hint: Using 'master' as the name for the initial branch. This default branch name
2026-09-23T08:45:19.8826321Z hint: will change to "main" in Git 3.0. To configure the initial branch name
2026-09-23T08:45:19.8827780Z hint: to use in all of your new repositories, which will suppress this warning,
2026-09-23T08:45:19.8828931Z hint: call:
2026-09-23T08:45:19.8829541Z hint:
2026-09-23T08:45:19.8830320Z hint: 	git config --global init.defaultBranch <name>
2026-09-23T08:45:19.8831277Z hint:
2026-09-23T08:45:19.8832329Z hint: Names commonly chosen instead of 'master' are 'main', 'trunk' and
2026-09-23T08:45:19.8833819Z hint: 'development'. The just-created branch can be renamed via this command:
2026-09-23T08:45:19.8834984Z hint:
2026-09-23T08:45:19.8835668Z hint: 	git branch -m <name>
2026-09-23T08:45:19.8836407Z hint:
2026-09-23T08:45:19.8837663Z hint: Disable this message with "git config set advice.defaultBranchName false"
2026-09-23T08:45:19.8839519Z Initialized empty Git repository in /home/runner/work/log-generation/log-generation/.git/
2026-09-23T08:45:19.8842576Z [command]/usr/bin/git remote add origin https://github.com/DhruvHegde/log-generation
2026-09-23T08:45:19.8880626Z ##[endgroup]
2026-09-23T08:45:19.8881418Z ##[group]Disabling automatic garbage collection
2026-09-23T08:45:19.8886003Z [command]/usr/bin/git config --local gc.auto 0
2026-09-23T08:45:19.8921637Z ##[endgroup]
2026-09-23T08:45:19.8922845Z ##[group]Setting up auth
2026-09-23T08:45:19.8929829Z [command]/usr/bin/git config --local --name-only --get-regexp core\.sshCommand
2026-09-23T08:45:19.8969559Z [command]/usr/bin/git submodule foreach --recursive sh -c "git config --local --name-only --get-regexp 'core\.sshCommand' && git config --local --unset-all 'core.sshCommand' || :"
2026-09-23T08:45:19.9306848Z [command]/usr/bin/git config --local --name-only --get-regexp http\.https\:\/\/github\.com\/\.extraheader
2026-09-23T08:45:19.9350074Z [command]/usr/bin/git submodule foreach --recursive sh -c "git config --local --name-only --get-regexp 'http\.https\:\/\/github\.com\/\.extraheader' && git config --local --unset-all 'http.https://github.com/.extraheader' || :"
2026-09-23T08:45:19.9638378Z [command]/usr/bin/git config --local --name-only --get-regexp ^includeIf\.gitdir:
2026-09-23T08:45:19.9683574Z [command]/usr/bin/git submodule foreach --recursive git config --local --show-origin --name-only --get-regexp remote.origin.url
2026-09-23T08:45:19.9935468Z [command]/usr/bin/git config --local http.https://github.com/.extraheader AUTHORIZATION: basic ***
2026-09-23T08:45:19.9979016Z ##[endgroup]
2026-09-23T08:45:19.9979873Z ##[group]Fetching the repository
2026-09-23T08:45:19.9989022Z [command]/usr/bin/git -c protocol.version=2 fetch --no-tags --prune --no-recurse-submodules --depth=1 origin +dfcb6f158e4bd8054252a4da5d0a9edc2ab15d57:refs/remotes/origin/feature/f3-test-failures
2026-09-23T08:45:20.4537759Z From https://github.com/DhruvHegde/log-generation
2026-09-23T08:45:20.4539645Z  * [new ref]         dfcb6f158e4bd8054252a4da5d0a9edc2ab15d57 -> origin/feature/f3-test-failures
2026-09-23T08:45:20.4544189Z ##[endgroup]
2026-09-23T08:45:20.4545876Z ##[group]Determining the checkout info
2026-09-23T08:45:20.4547869Z ##[endgroup]
2026-09-23T08:45:20.4554041Z [command]/usr/bin/git sparse-checkout disable
2026-09-23T08:45:20.4605352Z [command]/usr/bin/git config --local --unset-all extensions.worktreeConfig
2026-09-23T08:45:20.4644210Z ##[group]Checking out the ref
2026-09-23T08:45:20.4645614Z [command]/usr/bin/git checkout --progress --force -B feature/f3-test-failures refs/remotes/origin/feature/f3-test-failures
2026-09-23T08:45:20.4717608Z Switched to a new branch 'feature/f3-test-failures'
2026-09-23T08:45:20.4722413Z branch 'feature/f3-test-failures' set up to track 'origin/feature/f3-test-failures'.
2026-09-23T08:45:20.4727749Z ##[endgroup]
2026-09-23T08:45:20.4772506Z [command]/usr/bin/git log -1 --format=%H
2026-09-23T08:45:20.4801140Z dfcb6f158e4bd8054252a4da5d0a9edc2ab15d57
2026-09-23T08:45:20.5088192Z Node 20 is being deprecated. This workflow is running with Node 24 by default. If you need to temporarily use Node 20, you can set the ACTIONS_ALLOW_USE_UNSECURE_NODE_VERSION=true environment variable. For more information see: https://github.blog/changelog/2025-09-19-deprecation-of-node-20-on-github-actions-runners/
2026-09-23T08:45:20.5091288Z ##[group]Run actions/setup-python@v5
2026-09-23T08:45:20.5092083Z with:
2026-09-23T08:45:20.5092549Z   python-version: 3.11
2026-09-23T08:45:20.5093062Z   check-latest: false
2026-09-23T08:45:20.5097092Z   token: ***
2026-09-23T08:45:20.5097569Z   update-environment: true
2026-09-23T08:45:20.5098113Z   allow-prereleases: false
2026-09-23T08:45:20.5098634Z   freethreaded: false
2026-09-23T08:45:20.5099122Z ##[endgroup]
2026-09-23T08:45:20.6452520Z ##[group]Installed versions
2026-09-23T08:45:20.6573441Z (node:2310) [DEP0040] DeprecationWarning: The `punycode` module is deprecated. Please use a userland alternative instead.
2026-09-23T08:45:20.6576040Z (Use `node --trace-deprecation ...` to show where the warning was created)
2026-09-23T08:45:20.6577341Z Successfully set up CPython (3.11.16)
2026-09-23T08:45:20.6579040Z ##[endgroup]
2026-09-23T08:45:20.6791613Z ##[group]Run pip install --no-cache-dir pytest
2026-09-23T08:45:20.6793493Z [36;1mpip install --no-cache-dir pytest[0m
2026-09-23T08:45:20.6860859Z shell: /usr/bin/bash -e {0}
2026-09-23T08:45:20.6862154Z env:
2026-09-23T08:45:20.6863249Z   pythonLocation: /opt/hostedtoolcache/Python/3.11.16/x64
2026-09-23T08:45:20.6865357Z   PKG_CONFIG_PATH: /opt/hostedtoolcache/Python/3.11.16/x64/lib/pkgconfig
2026-09-23T08:45:20.6867465Z   Python_ROOT_DIR: /opt/hostedtoolcache/Python/3.11.16/x64
2026-09-23T08:45:20.6869464Z   Python2_ROOT_DIR: /opt/hostedtoolcache/Python/3.11.16/x64
2026-09-23T08:45:20.6871358Z   Python3_ROOT_DIR: /opt/hostedtoolcache/Python/3.11.16/x64
2026-09-23T08:45:20.6978724Z   LD_LIBRARY_PATH: /opt/hostedtoolcache/Python/3.11.16/x64/lib
2026-09-23T08:45:20.6980781Z ##[endgroup]
2026-09-23T08:45:22.0729156Z Collecting pytest
2026-09-23T08:45:22.1661211Z   Downloading pytest-9.1.1-py3-none-any.whl.metadata (7.6 kB)
2026-09-23T08:45:22.1902283Z Collecting iniconfig>=1.0.1 (from pytest)
2026-09-23T08:45:22.2093741Z   Downloading iniconfig-2.3.0-py3-none-any.whl.metadata (2.5 kB)
2026-09-23T08:45:22.2362614Z Collecting packaging>=22 (from pytest)
2026-09-23T08:45:22.2553277Z   Downloading packaging-26.3-py3-none-any.whl.metadata (3.5 kB)
2026-09-23T08:45:22.2790098Z Collecting pluggy<2,>=1.5 (from pytest)
2026-09-23T08:45:22.2983634Z   Downloading pluggy-1.6.0-py3-none-any.whl.metadata (4.8 kB)
2026-09-23T08:45:22.3290509Z Collecting pygments>=2.7.2 (from pytest)
2026-09-23T08:45:22.3480771Z   Downloading pygments-2.21.0-py3-none-any.whl.metadata (2.5 kB)
2026-09-23T08:45:22.3703007Z Downloading pytest-9.1.1-py3-none-any.whl (386 kB)
2026-09-23T08:45:22.4514732Z Downloading pluggy-1.6.0-py3-none-any.whl (20 kB)
2026-09-23T08:45:22.4707832Z Downloading iniconfig-2.3.0-py3-none-any.whl (7.5 kB)
2026-09-23T08:45:22.4900660Z Downloading packaging-26.3-py3-none-any.whl (129 kB)
2026-09-23T08:45:22.5121331Z Downloading pygments-2.21.0-py3-none-any.whl (1.3 MB)
2026-09-23T08:45:22.5668522Z    ââââââââââââââââââââââââââââââââââââââââ 1.3/1.3 MB 21.4 MB/s  0:00:00
2026-09-23T08:45:22.6635000Z Installing collected packages: pygments, pluggy, packaging, iniconfig, pytest
2026-09-23T08:45:23.6983260Z 
2026-09-23T08:45:23.6984386Z Successfully installed iniconfig-2.3.0 packaging-26.3 pluggy-1.6.0 pygments-2.21.0 pytest-9.1.1
2026-09-23T08:45:23.7563030Z ##[group]Run python automation/inject_mutation.py --error-type "FileNotFoundError"
2026-09-23T08:45:23.7563702Z [36;1mpython automation/inject_mutation.py --error-type "FileNotFoundError"[0m
2026-09-23T08:45:23.7605828Z shell: /usr/bin/bash -e {0}
2026-09-23T08:45:23.7606113Z env:
2026-09-23T08:45:23.7606622Z   pythonLocation: /opt/hostedtoolcache/Python/3.11.16/x64
2026-09-23T08:45:23.7607087Z   PKG_CONFIG_PATH: /opt/hostedtoolcache/Python/3.11.16/x64/lib/pkgconfig
2026-09-23T08:45:23.7607521Z   Python_ROOT_DIR: /opt/hostedtoolcache/Python/3.11.16/x64
2026-09-23T08:45:23.7607908Z   Python2_ROOT_DIR: /opt/hostedtoolcache/Python/3.11.16/x64
2026-09-23T08:45:23.7608297Z   Python3_ROOT_DIR: /opt/hostedtoolcache/Python/3.11.16/x64
2026-09-23T08:45:23.7608674Z   LD_LIBRARY_PATH: /opt/hostedtoolcache/Python/3.11.16/x64/lib
2026-09-23T08:45:23.7609036Z ##[endgroup]
2026-09-23T08:45:23.7928938Z [Mutation Injected] Successfully injected FileNotFoundError into tests/test_app.py
2026-09-23T08:45:23.8002830Z ##[group]Run pytest tests/test_app.py -v
2026-09-23T08:45:23.8003203Z [36;1mpytest tests/test_app.py -v[0m
2026-09-23T08:45:23.8044572Z shell: /usr/bin/bash -e {0}
2026-09-23T08:45:23.8044840Z env:
2026-09-23T08:45:23.8045124Z   pythonLocation: /opt/hostedtoolcache/Python/3.11.16/x64
2026-09-23T08:45:23.8045592Z   PKG_CONFIG_PATH: /opt/hostedtoolcache/Python/3.11.16/x64/lib/pkgconfig
2026-09-23T08:45:23.8046022Z   Python_ROOT_DIR: /opt/hostedtoolcache/Python/3.11.16/x64
2026-09-23T08:45:23.8046407Z   Python2_ROOT_DIR: /opt/hostedtoolcache/Python/3.11.16/x64
2026-09-23T08:45:23.8046783Z   Python3_ROOT_DIR: /opt/hostedtoolcache/Python/3.11.16/x64
2026-09-23T08:45:23.8047165Z   LD_LIBRARY_PATH: /opt/hostedtoolcache/Python/3.11.16/x64/lib
2026-09-23T08:45:23.8047500Z ##[endgroup]
2026-09-23T08:45:24.0363309Z ============================= test session starts ==============================
2026-09-23T08:45:24.0364365Z platform linux -- Python 3.11.16, pytest-9.1.1, pluggy-1.6.0 -- /opt/hostedtoolcache/Python/3.11.16/x64/bin/python
2026-09-23T08:45:24.0365176Z cachedir: .pytest_cache
2026-09-23T08:45:24.0365655Z rootdir: /home/runner/work/log-generation/log-generation
2026-09-23T08:45:24.0366188Z configfile: pytest.ini
2026-09-23T08:45:24.0444954Z collecting ... collected 6 items
2026-09-23T08:45:24.0445246Z 
2026-09-23T08:45:24.0453702Z tests/test_app.py::test_calculate_division PASSED                        [ 16%]
2026-09-23T08:45:24.0460156Z tests/test_app.py::test_convert_to_int PASSED                            [ 33%]
2026-09-23T08:45:24.0466831Z tests/test_app.py::test_get_list_item PASSED                             [ 50%]
2026-09-23T08:45:24.0472650Z tests/test_app.py::test_get_dict_value PASSED                            [ 66%]
2026-09-23T08:45:24.0478529Z tests/test_app.py::test_assert_positive PASSED                           [ 83%]
2026-09-23T08:45:24.0765669Z tests/test_app.py::test_file_not_found_error FAILED                      [100%]
2026-09-23T08:45:24.0766138Z 
2026-09-23T08:45:24.0766337Z =================================== FAILURES ===================================
2026-09-23T08:45:24.0766785Z __________________________ test_file_not_found_error ___________________________
2026-09-23T08:45:24.0767047Z 
2026-09-23T08:45:24.0767171Z     def test_file_not_found_error():
2026-09-23T08:45:24.0767511Z         """Injected synthetic FileNotFoundError."""
2026-09-23T08:45:24.0767863Z         from src.app import read_config_file
2026-09-23T08:45:24.0768256Z >       read_config_file("fixtures/non_existent_pipeline_config.json")
2026-09-23T08:45:24.0768553Z 
2026-09-23T08:45:24.0768660Z tests/test_app.py:137: 
2026-09-23T08:45:24.0768964Z _ _ _ _ _ _ _ _ _ _ _ _ _ _ _ _ _ _ _ _ _ _ _ _ _ _ _ _ _ _ _ _ _ _ _ _ _ _ _ _ 
2026-09-23T08:45:24.0769241Z 
2026-09-23T08:45:24.0769388Z path = 'fixtures/non_existent_pipeline_config.json'
2026-09-23T08:45:24.0769613Z 
2026-09-23T08:45:24.0769723Z     def read_config_file(path):
2026-09-23T08:45:24.0770003Z >       with open(path, "r") as f:
2026-09-23T08:45:24.0770267Z              ^^^^^^^^^^^^^^^
2026-09-23T08:45:24.0770715Z E       FileNotFoundError: [Errno 2] No such file or directory: 'fixtures/non_existent_pipeline_config.json'
2026-09-23T08:45:24.0771105Z 
2026-09-23T08:45:24.0771214Z src/app.py:17: FileNotFoundError
2026-09-23T08:45:24.0771541Z =========================== short test summary info ============================
2026-09-23T08:45:24.0772918Z FAILED tests/test_app.py::test_file_not_found_error - FileNotFoundError: [Errno 2] No such file or directory: 'fixtures/non_existent_pipeline_config.json'
2026-09-23T08:45:24.0773614Z ========================= 1 failed, 5 passed in 0.03s ==========================
2026-09-23T08:45:24.0981274Z ##[error]Process completed with exit code 1.
2026-09-23T08:45:24.1130993Z Node 20 is being deprecated. This workflow is running with Node 24 by default. If you need to temporarily use Node 20, you can set the ACTIONS_ALLOW_USE_UNSECURE_NODE_VERSION=true environment variable. For more information see: https://github.blog/changelog/2025-09-19-deprecation-of-node-20-on-github-actions-runners/
2026-09-23T08:45:24.1132473Z Post job cleanup.
2026-09-23T08:45:24.1980851Z [command]/usr/bin/git version
2026-09-23T08:45:24.2028379Z git version 2.55.0
2026-09-23T08:45:24.2068108Z Temporarily overriding HOME='/home/runner/work/_temp/6a2b614d-41ec-4b9b-b013-46dd8dd53d85' before making global git config changes
2026-09-23T08:45:24.2069432Z Adding repository directory to the temporary git global config as a safe directory
2026-09-23T08:45:24.2075481Z [command]/usr/bin/git config --global --add safe.directory /home/runner/work/log-generation/log-generation
2026-09-23T08:45:24.2119661Z [command]/usr/bin/git config --local --name-only --get-regexp core\.sshCommand
2026-09-23T08:45:24.2158193Z [command]/usr/bin/git submodule foreach --recursive sh -c "git config --local --name-only --get-regexp 'core\.sshCommand' && git config --local --unset-all 'core.sshCommand' || :"
2026-09-23T08:45:24.2431347Z [command]/usr/bin/git config --local --name-only --get-regexp http\.https\:\/\/github\.com\/\.extraheader
2026-09-23T08:45:24.2461015Z http.https://github.com/.extraheader
2026-09-23T08:45:24.2474920Z [command]/usr/bin/git config --local --unset-all http.https://github.com/.extraheader
2026-09-23T08:45:24.2513658Z [command]/usr/bin/git submodule foreach --recursive sh -c "git config --local --name-only --get-regexp 'http\.https\:\/\/github\.com\/\.extraheader' && git config --local --unset-all 'http.https://github.com/.extraheader' || :"
2026-09-23T08:45:24.2836930Z [command]/usr/bin/git config --local --name-only --get-regexp ^includeIf\.gitdir:
2026-09-23T08:45:24.2881707Z [command]/usr/bin/git submodule foreach --recursive git config --local --show-origin --name-only --get-regexp remote.origin.url
2026-09-23T08:45:24.3290288Z Cleaning up orphan processes
2026-09-23T08:45:24.3589533Z ##[warning]Node.js 20 is deprecated. The following actions target Node.js 20 but are being forced to run on Node.js 24: actions/checkout@v4, actions/setup-python@v5. For more information see: https://github.blog/changelog/2025-09-19-deprecation-of-node-20-on-github-actions-runners/
