ï»¿2026-09-23T08:48:03.8742498Z Current runner version: '2.337.0'
2026-09-23T08:48:03.8765891Z ##[group]Runner Image Provisioner
2026-09-23T08:48:03.8766996Z Hosted Compute Agent
2026-09-23T08:48:03.8767544Z Version: 20260828.587
2026-09-23T08:48:03.8768194Z Commit: abac92662cab4cc7352de4f9f9d2e2419aad9c29
2026-09-23T08:48:03.8768903Z Build Date: 2026-08-28T16:44:25Z
2026-09-23T08:48:03.8769592Z Worker ID: {c5573b58-4e19-4739-9de4-c229e001feef}
2026-09-23T08:48:03.8770298Z Azure Region: westcentralus
2026-09-23T08:48:03.8770861Z ##[endgroup]
2026-09-23T08:48:03.8772411Z ##[group]Operating System
2026-09-23T08:48:03.8773007Z Ubuntu
2026-09-23T08:48:03.8773527Z 24.04.5
2026-09-23T08:48:03.8774062Z LTS
2026-09-23T08:48:03.8774634Z ##[endgroup]
2026-09-23T08:48:03.8775552Z ##[group]Runner Image
2026-09-23T08:48:03.8776536Z Image: ubuntu-24.04
2026-09-23T08:48:03.8777225Z Version: 20260907.300.1
2026-09-23T08:48:03.8778460Z Included Software: https://github.com/actions/runner-images/blob/ubuntu24/20260907.300/images/ubuntu/Ubuntu2404-Readme.md
2026-09-23T08:48:03.8779924Z Image Release: https://github.com/actions/runner-images/releases/tag/ubuntu24%2F20260907.300
2026-09-23T08:48:03.8780821Z ##[endgroup]
2026-09-23T08:48:03.8782054Z ##[group]GITHUB_TOKEN Permissions
2026-09-23T08:48:03.8784304Z Contents: read
2026-09-23T08:48:03.8784887Z Metadata: read
2026-09-23T08:48:03.8785424Z Packages: read
2026-09-23T08:48:03.8785943Z ##[endgroup]
2026-09-23T08:48:03.8788134Z Secret source: Actions
2026-09-23T08:48:03.8789031Z Cache mode: write
2026-09-23T08:48:03.8789967Z Prepare workflow directory
2026-09-23T08:48:03.9094420Z Prepare all required actions
2026-09-23T08:48:03.9141721Z Getting action download info
2026-09-23T08:48:04.2251820Z Download action repository 'actions/checkout@v4' (SHA:11d5960a326750d5838078e36cf38b85af677262)
2026-09-23T08:48:04.4122406Z Download action repository 'actions/setup-python@v5' (SHA:a26af69be951a213d495a4c3e4e4022e16d87065)
2026-09-23T08:48:04.6498013Z Complete job name: test-f3 (IndexError #1)
2026-09-23T08:48:04.7166868Z Node 20 is being deprecated. This workflow is running with Node 24 by default. If you need to temporarily use Node 20, you can set the ACTIONS_ALLOW_USE_UNSECURE_NODE_VERSION=true environment variable. For more information see: https://github.blog/changelog/2025-09-19-deprecation-of-node-20-on-github-actions-runners/
2026-09-23T08:48:04.7175864Z ##[group]Run actions/checkout@v4
2026-09-23T08:48:04.7176866Z with:
2026-09-23T08:48:04.7177358Z   fetch-depth: 1
2026-09-23T08:48:04.7177885Z   repository: DhruvHegde/log-generation
2026-09-23T08:48:04.7182000Z   token: ***
2026-09-23T08:48:04.7182473Z   ssh-strict: true
2026-09-23T08:48:04.7182983Z   ssh-user: git
2026-09-23T08:48:04.7183490Z   persist-credentials: true
2026-09-23T08:48:04.7184012Z   clean: true
2026-09-23T08:48:04.7184577Z   sparse-checkout-cone-mode: true
2026-09-23T08:48:04.7185180Z   fetch-tags: false
2026-09-23T08:48:04.7185695Z   show-progress: true
2026-09-23T08:48:04.7186303Z   lfs: false
2026-09-23T08:48:04.7186957Z   submodules: false
2026-09-23T08:48:04.7187483Z   set-safe-directory: true
2026-09-23T08:48:04.7188021Z   allow-unsafe-pr-checkout: false
2026-09-23T08:48:04.7188783Z ##[endgroup]
2026-09-23T08:48:04.8151115Z Syncing repository: DhruvHegde/log-generation
2026-09-23T08:48:04.8153858Z ##[group]Getting Git version info
2026-09-23T08:48:04.8155021Z Working directory is '/home/runner/work/log-generation/log-generation'
2026-09-23T08:48:04.8157235Z [command]/usr/bin/git version
2026-09-23T08:48:04.8195287Z git version 2.55.0
2026-09-23T08:48:04.8213007Z ##[endgroup]
2026-09-23T08:48:04.8225398Z Temporarily overriding HOME='/home/runner/work/_temp/ed3e6e73-37ca-4ec4-b955-5a8f1f95483e' before making global git config changes
2026-09-23T08:48:04.8227615Z Adding repository directory to the temporary git global config as a safe directory
2026-09-23T08:48:04.8230772Z [command]/usr/bin/git config --global --add safe.directory /home/runner/work/log-generation/log-generation
2026-09-23T08:48:04.8279920Z Deleting the contents of '/home/runner/work/log-generation/log-generation'
2026-09-23T08:48:04.8282594Z ##[group]Initializing the repository
2026-09-23T08:48:04.8286786Z [command]/usr/bin/git init /home/runner/work/log-generation/log-generation
2026-09-23T08:48:04.8370248Z hint: Using 'master' as the name for the initial branch. This default branch name
2026-09-23T08:48:04.8371397Z hint: will change to "main" in Git 3.0. To configure the initial branch name
2026-09-23T08:48:04.8372557Z hint: to use in all of your new repositories, which will suppress this warning,
2026-09-23T08:48:04.8373359Z hint: call:
2026-09-23T08:48:04.8373838Z hint:
2026-09-23T08:48:04.8374397Z hint: 	git config --global init.defaultBranch <name>
2026-09-23T08:48:04.8375142Z hint:
2026-09-23T08:48:04.8375766Z hint: Names commonly chosen instead of 'master' are 'main', 'trunk' and
2026-09-23T08:48:04.8377188Z hint: 'development'. The just-created branch can be renamed via this command:
2026-09-23T08:48:04.8378292Z hint:
2026-09-23T08:48:04.8379022Z hint: 	git branch -m <name>
2026-09-23T08:48:04.8379804Z hint:
2026-09-23T08:48:04.8380711Z hint: Disable this message with "git config set advice.defaultBranchName false"
2026-09-23T08:48:04.8387730Z Initialized empty Git repository in /home/runner/work/log-generation/log-generation/.git/
2026-09-23T08:48:04.8391187Z [command]/usr/bin/git remote add origin https://github.com/DhruvHegde/log-generation
2026-09-23T08:48:04.8433308Z ##[endgroup]
2026-09-23T08:48:04.8434862Z ##[group]Disabling automatic garbage collection
2026-09-23T08:48:04.8437278Z [command]/usr/bin/git config --local gc.auto 0
2026-09-23T08:48:04.8467110Z ##[endgroup]
2026-09-23T08:48:04.8468487Z ##[group]Setting up auth
2026-09-23T08:48:04.8474183Z [command]/usr/bin/git config --local --name-only --get-regexp core\.sshCommand
2026-09-23T08:48:04.8502965Z [command]/usr/bin/git submodule foreach --recursive sh -c "git config --local --name-only --get-regexp 'core\.sshCommand' && git config --local --unset-all 'core.sshCommand' || :"
2026-09-23T08:48:04.8938713Z [command]/usr/bin/git config --local --name-only --get-regexp http\.https\:\/\/github\.com\/\.extraheader
2026-09-23T08:48:04.8980284Z [command]/usr/bin/git submodule foreach --recursive sh -c "git config --local --name-only --get-regexp 'http\.https\:\/\/github\.com\/\.extraheader' && git config --local --unset-all 'http.https://github.com/.extraheader' || :"
2026-09-23T08:48:04.9183639Z [command]/usr/bin/git config --local --name-only --get-regexp ^includeIf\.gitdir:
2026-09-23T08:48:04.9217889Z [command]/usr/bin/git submodule foreach --recursive git config --local --show-origin --name-only --get-regexp remote.origin.url
2026-09-23T08:48:04.9410472Z [command]/usr/bin/git config --local http.https://github.com/.extraheader AUTHORIZATION: basic ***
2026-09-23T08:48:04.9443668Z ##[endgroup]
2026-09-23T08:48:04.9444857Z ##[group]Fetching the repository
2026-09-23T08:48:04.9454068Z [command]/usr/bin/git -c protocol.version=2 fetch --no-tags --prune --no-recurse-submodules --depth=1 origin +43f20917de93b9aad51cf79a69ad5239c5632917:refs/remotes/origin/feature/f3-test-failures
2026-09-23T08:48:05.7810063Z From https://github.com/DhruvHegde/log-generation
2026-09-23T08:48:05.7812029Z  * [new ref]         43f20917de93b9aad51cf79a69ad5239c5632917 -> origin/feature/f3-test-failures
2026-09-23T08:48:05.7817815Z ##[endgroup]
2026-09-23T08:48:05.7819644Z ##[group]Determining the checkout info
2026-09-23T08:48:05.7821290Z ##[endgroup]
2026-09-23T08:48:05.7822708Z [command]/usr/bin/git sparse-checkout disable
2026-09-23T08:48:05.7870537Z [command]/usr/bin/git config --local --unset-all extensions.worktreeConfig
2026-09-23T08:48:05.7899473Z ##[group]Checking out the ref
2026-09-23T08:48:05.7904779Z [command]/usr/bin/git checkout --progress --force -B feature/f3-test-failures refs/remotes/origin/feature/f3-test-failures
2026-09-23T08:48:05.8223465Z Switched to a new branch 'feature/f3-test-failures'
2026-09-23T08:48:05.8227063Z branch 'feature/f3-test-failures' set up to track 'origin/feature/f3-test-failures'.
2026-09-23T08:48:05.8233617Z ##[endgroup]
2026-09-23T08:48:05.8269675Z [command]/usr/bin/git log -1 --format=%H
2026-09-23T08:48:05.8290827Z 43f20917de93b9aad51cf79a69ad5239c5632917
2026-09-23T08:48:05.8644539Z Node 20 is being deprecated. This workflow is running with Node 24 by default. If you need to temporarily use Node 20, you can set the ACTIONS_ALLOW_USE_UNSECURE_NODE_VERSION=true environment variable. For more information see: https://github.blog/changelog/2025-09-19-deprecation-of-node-20-on-github-actions-runners/
2026-09-23T08:48:05.8650818Z ##[group]Run actions/setup-python@v5
2026-09-23T08:48:05.8652287Z with:
2026-09-23T08:48:05.8653400Z   python-version: 3.11
2026-09-23T08:48:05.8654640Z   check-latest: false
2026-09-23T08:48:05.8665766Z   token: ***
2026-09-23T08:48:05.8667166Z   update-environment: true
2026-09-23T08:48:05.8668541Z   allow-prereleases: false
2026-09-23T08:48:05.8669853Z   freethreaded: false
2026-09-23T08:48:05.8671013Z ##[endgroup]
2026-09-23T08:48:05.9964343Z ##[group]Installed versions
2026-09-23T08:48:06.0145422Z (node:2306) [DEP0040] DeprecationWarning: The `punycode` module is deprecated. Please use a userland alternative instead.
2026-09-23T08:48:06.0149390Z (Use `node --trace-deprecation ...` to show where the warning was created)
2026-09-23T08:48:06.0151240Z Successfully set up CPython (3.11.16)
2026-09-23T08:48:06.0153258Z ##[endgroup]
2026-09-23T08:48:06.0330027Z ##[group]Run pip install --no-cache-dir pytest
2026-09-23T08:48:06.0331883Z [36;1mpip install --no-cache-dir pytest[0m
2026-09-23T08:48:06.0373983Z shell: /usr/bin/bash -e {0}
2026-09-23T08:48:06.0375355Z env:
2026-09-23T08:48:06.0376916Z   pythonLocation: /opt/hostedtoolcache/Python/3.11.16/x64
2026-09-23T08:48:06.0379145Z   PKG_CONFIG_PATH: /opt/hostedtoolcache/Python/3.11.16/x64/lib/pkgconfig
2026-09-23T08:48:06.0381281Z   Python_ROOT_DIR: /opt/hostedtoolcache/Python/3.11.16/x64
2026-09-23T08:48:06.0383089Z   Python2_ROOT_DIR: /opt/hostedtoolcache/Python/3.11.16/x64
2026-09-23T08:48:06.0384874Z   Python3_ROOT_DIR: /opt/hostedtoolcache/Python/3.11.16/x64
2026-09-23T08:48:06.0387001Z   LD_LIBRARY_PATH: /opt/hostedtoolcache/Python/3.11.16/x64/lib
2026-09-23T08:48:06.0388518Z ##[endgroup]
2026-09-23T08:48:06.9811243Z Collecting pytest
2026-09-23T08:48:07.0811765Z   Downloading pytest-9.1.1-py3-none-any.whl.metadata (7.6 kB)
2026-09-23T08:48:07.1046905Z Collecting iniconfig>=1.0.1 (from pytest)
2026-09-23T08:48:07.1235685Z   Downloading iniconfig-2.3.0-py3-none-any.whl.metadata (2.5 kB)
2026-09-23T08:48:07.1497179Z Collecting packaging>=22 (from pytest)
2026-09-23T08:48:07.1685811Z   Downloading packaging-26.3-py3-none-any.whl.metadata (3.5 kB)
2026-09-23T08:48:07.1918874Z Collecting pluggy<2,>=1.5 (from pytest)
2026-09-23T08:48:07.2108532Z   Downloading pluggy-1.6.0-py3-none-any.whl.metadata (4.8 kB)
2026-09-23T08:48:07.2407442Z Collecting pygments>=2.7.2 (from pytest)
2026-09-23T08:48:07.2595934Z   Downloading pygments-2.21.0-py3-none-any.whl.metadata (2.5 kB)
2026-09-23T08:48:07.2809380Z Downloading pytest-9.1.1-py3-none-any.whl (386 kB)
2026-09-23T08:48:07.3595840Z Downloading pluggy-1.6.0-py3-none-any.whl (20 kB)
2026-09-23T08:48:07.3787953Z Downloading iniconfig-2.3.0-py3-none-any.whl (7.5 kB)
2026-09-23T08:48:07.3977598Z Downloading packaging-26.3-py3-none-any.whl (129 kB)
2026-09-23T08:48:07.4183395Z Downloading pygments-2.21.0-py3-none-any.whl (1.3 MB)
2026-09-23T08:48:07.4748776Z    ââââââââââââââââââââââââââââââââââââââââ 1.3/1.3 MB 26.9 MB/s  0:00:00
2026-09-23T08:48:07.5365131Z Installing collected packages: pygments, pluggy, packaging, iniconfig, pytest
2026-09-23T08:48:08.3164963Z 
2026-09-23T08:48:08.3174650Z Successfully installed iniconfig-2.3.0 packaging-26.3 pluggy-1.6.0 pygments-2.21.0 pytest-9.1.1
2026-09-23T08:48:08.3811686Z ##[group]Run python automation/inject_mutation.py --error-type "IndexError"
2026-09-23T08:48:08.3812387Z [36;1mpython automation/inject_mutation.py --error-type "IndexError"[0m
2026-09-23T08:48:08.3840057Z shell: /usr/bin/bash -e {0}
2026-09-23T08:48:08.3840456Z env:
2026-09-23T08:48:08.3840827Z   pythonLocation: /opt/hostedtoolcache/Python/3.11.16/x64
2026-09-23T08:48:08.3841615Z   PKG_CONFIG_PATH: /opt/hostedtoolcache/Python/3.11.16/x64/lib/pkgconfig
2026-09-23T08:48:08.3842112Z   Python_ROOT_DIR: /opt/hostedtoolcache/Python/3.11.16/x64
2026-09-23T08:48:08.3842602Z   Python2_ROOT_DIR: /opt/hostedtoolcache/Python/3.11.16/x64
2026-09-23T08:48:08.3843068Z   Python3_ROOT_DIR: /opt/hostedtoolcache/Python/3.11.16/x64
2026-09-23T08:48:08.3843516Z   LD_LIBRARY_PATH: /opt/hostedtoolcache/Python/3.11.16/x64/lib
2026-09-23T08:48:08.3843973Z ##[endgroup]
2026-09-23T08:48:08.4115751Z [Mutation Injected] Successfully injected IndexError into tests/test_app.py
2026-09-23T08:48:08.4193540Z ##[group]Run pytest tests/test_app.py -v
2026-09-23T08:48:08.4193969Z [36;1mpytest tests/test_app.py -v[0m
2026-09-23T08:48:08.4221886Z shell: /usr/bin/bash -e {0}
2026-09-23T08:48:08.4222397Z env:
2026-09-23T08:48:08.4222935Z   pythonLocation: /opt/hostedtoolcache/Python/3.11.16/x64
2026-09-23T08:48:08.4223533Z   PKG_CONFIG_PATH: /opt/hostedtoolcache/Python/3.11.16/x64/lib/pkgconfig
2026-09-23T08:48:08.4224144Z   Python_ROOT_DIR: /opt/hostedtoolcache/Python/3.11.16/x64
2026-09-23T08:48:08.4224699Z   Python2_ROOT_DIR: /opt/hostedtoolcache/Python/3.11.16/x64
2026-09-23T08:48:08.4225243Z   Python3_ROOT_DIR: /opt/hostedtoolcache/Python/3.11.16/x64
2026-09-23T08:48:08.4225776Z   LD_LIBRARY_PATH: /opt/hostedtoolcache/Python/3.11.16/x64/lib
2026-09-23T08:48:08.4226513Z ##[endgroup]
2026-09-23T08:48:08.6899427Z ============================= test session starts ==============================
2026-09-23T08:48:08.6900355Z platform linux -- Python 3.11.16, pytest-9.1.1, pluggy-1.6.0 -- /opt/hostedtoolcache/Python/3.11.16/x64/bin/python
2026-09-23T08:48:08.6901058Z cachedir: .pytest_cache
2026-09-23T08:48:08.6901496Z rootdir: /home/runner/work/log-generation/log-generation
2026-09-23T08:48:08.6901916Z configfile: pytest.ini
2026-09-23T08:48:08.6987317Z collecting ... collected 6 items
2026-09-23T08:48:08.6987846Z 
2026-09-23T08:48:08.6994101Z tests/test_app.py::test_calculate_division PASSED                        [ 16%]
2026-09-23T08:48:08.6999679Z tests/test_app.py::test_convert_to_int PASSED                            [ 33%]
2026-09-23T08:48:08.7005047Z tests/test_app.py::test_get_list_item PASSED                             [ 50%]
2026-09-23T08:48:08.7010307Z tests/test_app.py::test_get_dict_value PASSED                            [ 66%]
2026-09-23T08:48:08.7015079Z tests/test_app.py::test_assert_positive PASSED                           [ 83%]
2026-09-23T08:48:08.7253674Z tests/test_app.py::test_index_error FAILED                               [100%]
2026-09-23T08:48:08.7254145Z 
2026-09-23T08:48:08.7254460Z =================================== FAILURES ===================================
2026-09-23T08:48:08.7255200Z _______________________________ test_index_error _______________________________
2026-09-23T08:48:08.7255638Z 
2026-09-23T08:48:08.7255812Z     def test_index_error():
2026-09-23T08:48:08.7256426Z         """Injected synthetic IndexError."""
2026-09-23T08:48:08.7256867Z         from src.app import get_list_item
2026-09-23T08:48:08.7257256Z         dataset = [10, 20, 30]
2026-09-23T08:48:08.7257641Z >       get_list_item(dataset, 999)
2026-09-23T08:48:08.7257839Z 
2026-09-23T08:48:08.7258001Z tests/test_app.py:140: 
2026-09-23T08:48:08.7258411Z _ _ _ _ _ _ _ _ _ _ _ _ _ _ _ _ _ _ _ _ _ _ _ _ _ _ _ _ _ _ _ _ _ _ _ _ _ _ _ _ 
2026-09-23T08:48:08.7258669Z 
2026-09-23T08:48:08.7258831Z lst = [10, 20, 30], index = 999
2026-09-23T08:48:08.7259070Z 
2026-09-23T08:48:08.7259332Z     def get_list_item(lst, index):
2026-09-23T08:48:08.7259703Z >       return lst[index]
2026-09-23T08:48:08.7260031Z                ^^^^^^^^^^
2026-09-23T08:48:08.7260419Z E       IndexError: list index out of range
2026-09-23T08:48:08.7260643Z 
2026-09-23T08:48:08.7260804Z src/app.py:8: IndexError
2026-09-23T08:48:08.7261205Z =========================== short test summary info ============================
2026-09-23T08:48:08.7261743Z FAILED tests/test_app.py::test_index_error - IndexError: list index out of range
2026-09-23T08:48:08.7262525Z ========================= 1 failed, 5 passed in 0.02s ==========================
2026-09-23T08:48:08.7467830Z ##[error]Process completed with exit code 1.
2026-09-23T08:48:08.7619872Z Node 20 is being deprecated. This workflow is running with Node 24 by default. If you need to temporarily use Node 20, you can set the ACTIONS_ALLOW_USE_UNSECURE_NODE_VERSION=true environment variable. For more information see: https://github.blog/changelog/2025-09-19-deprecation-of-node-20-on-github-actions-runners/
2026-09-23T08:48:08.7621092Z Post job cleanup.
2026-09-23T08:48:08.8421288Z [command]/usr/bin/git version
2026-09-23T08:48:08.8461087Z git version 2.55.0
2026-09-23T08:48:08.8493736Z Temporarily overriding HOME='/home/runner/work/_temp/5e7b8a69-4a91-4bd9-8aeb-e1b234d92c98' before making global git config changes
2026-09-23T08:48:08.8495471Z Adding repository directory to the temporary git global config as a safe directory
2026-09-23T08:48:08.8500334Z [command]/usr/bin/git config --global --add safe.directory /home/runner/work/log-generation/log-generation
2026-09-23T08:48:08.8535545Z [command]/usr/bin/git config --local --name-only --get-regexp core\.sshCommand
2026-09-23T08:48:08.8567482Z [command]/usr/bin/git submodule foreach --recursive sh -c "git config --local --name-only --get-regexp 'core\.sshCommand' && git config --local --unset-all 'core.sshCommand' || :"
2026-09-23T08:48:08.8772064Z [command]/usr/bin/git config --local --name-only --get-regexp http\.https\:\/\/github\.com\/\.extraheader
2026-09-23T08:48:08.8795699Z http.https://github.com/.extraheader
2026-09-23T08:48:08.8806774Z [command]/usr/bin/git config --local --unset-all http.https://github.com/.extraheader
2026-09-23T08:48:08.8835361Z [command]/usr/bin/git submodule foreach --recursive sh -c "git config --local --name-only --get-regexp 'http\.https\:\/\/github\.com\/\.extraheader' && git config --local --unset-all 'http.https://github.com/.extraheader' || :"
2026-09-23T08:48:08.9059843Z [command]/usr/bin/git config --local --name-only --get-regexp ^includeIf\.gitdir:
2026-09-23T08:48:08.9091275Z [command]/usr/bin/git submodule foreach --recursive git config --local --show-origin --name-only --get-regexp remote.origin.url
2026-09-23T08:48:08.9435446Z Cleaning up orphan processes
2026-09-23T08:48:08.9660474Z ##[warning]Node.js 20 is deprecated. The following actions target Node.js 20 but are being forced to run on Node.js 24: actions/checkout@v4, actions/setup-python@v5. For more information see: https://github.blog/changelog/2025-09-19-deprecation-of-node-20-on-github-actions-runners/
