ï»¿2026-09-23T08:43:32.1779751Z Current runner version: '2.337.0'
2026-09-23T08:43:32.1803127Z ##[group]Runner Image Provisioner
2026-09-23T08:43:32.1804424Z Hosted Compute Agent
2026-09-23T08:43:32.1805164Z Version: 20260828.587
2026-09-23T08:43:32.1805821Z Commit: abac92662cab4cc7352de4f9f9d2e2419aad9c29
2026-09-23T08:43:32.1806587Z Build Date: 2026-08-28T16:44:25Z
2026-09-23T08:43:32.1807308Z Worker ID: {5849d6d4-a9f8-4c90-aac2-2f447256a6e8}
2026-09-23T08:43:32.1808048Z Azure Region: westus2
2026-09-23T08:43:32.1808599Z ##[endgroup]
2026-09-23T08:43:32.1810452Z ##[group]Operating System
2026-09-23T08:43:32.1811102Z Ubuntu
2026-09-23T08:43:32.1811692Z 24.04.5
2026-09-23T08:43:32.1812262Z LTS
2026-09-23T08:43:32.1812775Z ##[endgroup]
2026-09-23T08:43:32.1813956Z ##[group]Runner Image
2026-09-23T08:43:32.1814582Z Image: ubuntu-24.04
2026-09-23T08:43:32.1815179Z Version: 20260907.300.1
2026-09-23T08:43:32.1816507Z Included Software: https://github.com/actions/runner-images/blob/ubuntu24/20260907.300/images/ubuntu/Ubuntu2404-Readme.md
2026-09-23T08:43:32.1818116Z Image Release: https://github.com/actions/runner-images/releases/tag/ubuntu24%2F20260907.300
2026-09-23T08:43:32.1819072Z ##[endgroup]
2026-09-23T08:43:32.1820333Z ##[group]GITHUB_TOKEN Permissions
2026-09-23T08:43:32.1822435Z Contents: read
2026-09-23T08:43:32.1823119Z Metadata: read
2026-09-23T08:43:32.1824071Z Packages: read
2026-09-23T08:43:32.1824801Z ##[endgroup]
2026-09-23T08:43:32.1826923Z Secret source: Actions
2026-09-23T08:43:32.1828030Z Cache mode: write
2026-09-23T08:43:32.1829137Z Prepare workflow directory
2026-09-23T08:43:32.2168860Z Prepare all required actions
2026-09-23T08:43:32.2223679Z Getting action download info
2026-09-23T08:43:32.6201016Z Download action repository 'actions/checkout@v4' (SHA:11d5960a326750d5838078e36cf38b85af677262)
2026-09-23T08:43:32.7247731Z Download action repository 'actions/setup-python@v5' (SHA:a26af69be951a213d495a4c3e4e4022e16d87065)
2026-09-23T08:43:32.9020593Z Complete job name: test-f3 (KeyError #42)
2026-09-23T08:43:32.9793602Z Node 20 is being deprecated. This workflow is running with Node 24 by default. If you need to temporarily use Node 20, you can set the ACTIONS_ALLOW_USE_UNSECURE_NODE_VERSION=true environment variable. For more information see: https://github.blog/changelog/2025-09-19-deprecation-of-node-20-on-github-actions-runners/
2026-09-23T08:43:32.9802439Z ##[group]Run actions/checkout@v4
2026-09-23T08:43:32.9803175Z with:
2026-09-23T08:43:32.9804084Z   fetch-depth: 1
2026-09-23T08:43:32.9804575Z   repository: DhruvHegde/log-generation
2026-09-23T08:43:32.9808362Z   token: ***
2026-09-23T08:43:32.9808795Z   ssh-strict: true
2026-09-23T08:43:32.9809229Z   ssh-user: git
2026-09-23T08:43:32.9809668Z   persist-credentials: true
2026-09-23T08:43:32.9810158Z   clean: true
2026-09-23T08:43:32.9810596Z   sparse-checkout-cone-mode: true
2026-09-23T08:43:32.9811110Z   fetch-tags: false
2026-09-23T08:43:32.9811555Z   show-progress: true
2026-09-23T08:43:32.9811992Z   lfs: false
2026-09-23T08:43:32.9812423Z   submodules: false
2026-09-23T08:43:32.9812877Z   set-safe-directory: true
2026-09-23T08:43:32.9813520Z   allow-unsafe-pr-checkout: false
2026-09-23T08:43:32.9814372Z ##[endgroup]
2026-09-23T08:43:33.0811200Z Syncing repository: DhruvHegde/log-generation
2026-09-23T08:43:33.0814325Z ##[group]Getting Git version info
2026-09-23T08:43:33.0815167Z Working directory is '/home/runner/work/log-generation/log-generation'
2026-09-23T08:43:33.0816306Z [command]/usr/bin/git version
2026-09-23T08:43:33.0896615Z git version 2.55.0
2026-09-23T08:43:33.0922206Z ##[endgroup]
2026-09-23T08:43:33.0940233Z Temporarily overriding HOME='/home/runner/work/_temp/833ab789-7f8c-40ea-b539-20cad4269ada' before making global git config changes
2026-09-23T08:43:33.0943531Z Adding repository directory to the temporary git global config as a safe directory
2026-09-23T08:43:33.0947637Z [command]/usr/bin/git config --global --add safe.directory /home/runner/work/log-generation/log-generation
2026-09-23T08:43:33.1001315Z Deleting the contents of '/home/runner/work/log-generation/log-generation'
2026-09-23T08:43:33.1010977Z ##[group]Initializing the repository
2026-09-23T08:43:33.1020725Z [command]/usr/bin/git init /home/runner/work/log-generation/log-generation
2026-09-23T08:43:33.1134840Z hint: Using 'master' as the name for the initial branch. This default branch name
2026-09-23T08:43:33.1137100Z hint: will change to "main" in Git 3.0. To configure the initial branch name
2026-09-23T08:43:33.1139257Z hint: to use in all of your new repositories, which will suppress this warning,
2026-09-23T08:43:33.1142564Z hint: call:
2026-09-23T08:43:33.1143690Z hint:
2026-09-23T08:43:33.1144836Z hint: 	git config --global init.defaultBranch <name>
2026-09-23T08:43:33.1146174Z hint:
2026-09-23T08:43:33.1147324Z hint: Names commonly chosen instead of 'master' are 'main', 'trunk' and
2026-09-23T08:43:33.1149358Z hint: 'development'. The just-created branch can be renamed via this command:
2026-09-23T08:43:33.1150848Z hint:
2026-09-23T08:43:33.1151743Z hint: 	git branch -m <name>
2026-09-23T08:43:33.1152702Z hint:
2026-09-23T08:43:33.1154377Z hint: Disable this message with "git config set advice.defaultBranchName false"
2026-09-23T08:43:33.1156555Z Initialized empty Git repository in /home/runner/work/log-generation/log-generation/.git/
2026-09-23T08:43:33.1159929Z [command]/usr/bin/git remote add origin https://github.com/DhruvHegde/log-generation
2026-09-23T08:43:33.1197879Z ##[endgroup]
2026-09-23T08:43:33.1199218Z ##[group]Disabling automatic garbage collection
2026-09-23T08:43:33.1202447Z [command]/usr/bin/git config --local gc.auto 0
2026-09-23T08:43:33.1233902Z ##[endgroup]
2026-09-23T08:43:33.1235285Z ##[group]Setting up auth
2026-09-23T08:43:33.1241213Z [command]/usr/bin/git config --local --name-only --get-regexp core\.sshCommand
2026-09-23T08:43:33.1274136Z [command]/usr/bin/git submodule foreach --recursive sh -c "git config --local --name-only --get-regexp 'core\.sshCommand' && git config --local --unset-all 'core.sshCommand' || :"
2026-09-23T08:43:33.1652574Z [command]/usr/bin/git config --local --name-only --get-regexp http\.https\:\/\/github\.com\/\.extraheader
2026-09-23T08:43:33.1691312Z [command]/usr/bin/git submodule foreach --recursive sh -c "git config --local --name-only --get-regexp 'http\.https\:\/\/github\.com\/\.extraheader' && git config --local --unset-all 'http.https://github.com/.extraheader' || :"
2026-09-23T08:43:33.1928656Z [command]/usr/bin/git config --local --name-only --get-regexp ^includeIf\.gitdir:
2026-09-23T08:43:33.1964216Z [command]/usr/bin/git submodule foreach --recursive git config --local --show-origin --name-only --get-regexp remote.origin.url
2026-09-23T08:43:33.2187789Z [command]/usr/bin/git config --local http.https://github.com/.extraheader AUTHORIZATION: basic ***
2026-09-23T08:43:33.2232060Z ##[endgroup]
2026-09-23T08:43:33.2233567Z ##[group]Fetching the repository
2026-09-23T08:43:33.2242515Z [command]/usr/bin/git -c protocol.version=2 fetch --no-tags --prune --no-recurse-submodules --depth=1 origin +dfcb6f158e4bd8054252a4da5d0a9edc2ab15d57:refs/remotes/origin/feature/f3-test-failures
2026-09-23T08:43:33.6104971Z From https://github.com/DhruvHegde/log-generation
2026-09-23T08:43:33.6106457Z  * [new ref]         dfcb6f158e4bd8054252a4da5d0a9edc2ab15d57 -> origin/feature/f3-test-failures
2026-09-23T08:43:33.6112076Z ##[endgroup]
2026-09-23T08:43:33.6113203Z ##[group]Determining the checkout info
2026-09-23T08:43:33.6116805Z ##[endgroup]
2026-09-23T08:43:33.6125917Z [command]/usr/bin/git sparse-checkout disable
2026-09-23T08:43:33.6182072Z [command]/usr/bin/git config --local --unset-all extensions.worktreeConfig
2026-09-23T08:43:33.6215340Z ##[group]Checking out the ref
2026-09-23T08:43:33.6220795Z [command]/usr/bin/git checkout --progress --force -B feature/f3-test-failures refs/remotes/origin/feature/f3-test-failures
2026-09-23T08:43:33.6304744Z Switched to a new branch 'feature/f3-test-failures'
2026-09-23T08:43:33.6311953Z branch 'feature/f3-test-failures' set up to track 'origin/feature/f3-test-failures'.
2026-09-23T08:43:33.6320704Z ##[endgroup]
2026-09-23T08:43:33.6358645Z [command]/usr/bin/git log -1 --format=%H
2026-09-23T08:43:33.6385119Z dfcb6f158e4bd8054252a4da5d0a9edc2ab15d57
2026-09-23T08:43:33.6652936Z Node 20 is being deprecated. This workflow is running with Node 24 by default. If you need to temporarily use Node 20, you can set the ACTIONS_ALLOW_USE_UNSECURE_NODE_VERSION=true environment variable. For more information see: https://github.blog/changelog/2025-09-19-deprecation-of-node-20-on-github-actions-runners/
2026-09-23T08:43:33.6656138Z ##[group]Run actions/setup-python@v5
2026-09-23T08:43:33.6656680Z with:
2026-09-23T08:43:33.6657089Z   python-version: 3.11
2026-09-23T08:43:33.6657548Z   check-latest: false
2026-09-23T08:43:33.6661172Z   token: ***
2026-09-23T08:43:33.6661602Z   update-environment: true
2026-09-23T08:43:33.6662085Z   allow-prereleases: false
2026-09-23T08:43:33.6662556Z   freethreaded: false
2026-09-23T08:43:33.6662995Z ##[endgroup]
2026-09-23T08:43:33.7967170Z ##[group]Installed versions
2026-09-23T08:43:33.8064750Z (node:2254) [DEP0040] DeprecationWarning: The `punycode` module is deprecated. Please use a userland alternative instead.
2026-09-23T08:43:33.8066333Z (Use `node --trace-deprecation ...` to show where the warning was created)
2026-09-23T08:43:33.8067259Z Successfully set up CPython (3.11.16)
2026-09-23T08:43:33.8068303Z ##[endgroup]
2026-09-23T08:43:33.8241953Z ##[group]Run pip install --no-cache-dir pytest
2026-09-23T08:43:33.8242725Z [36;1mpip install --no-cache-dir pytest[0m
2026-09-23T08:43:33.8296894Z shell: /usr/bin/bash -e {0}
2026-09-23T08:43:33.8297437Z env:
2026-09-23T08:43:33.8297979Z   pythonLocation: /opt/hostedtoolcache/Python/3.11.16/x64
2026-09-23T08:43:33.8298831Z   PKG_CONFIG_PATH: /opt/hostedtoolcache/Python/3.11.16/x64/lib/pkgconfig
2026-09-23T08:43:33.8299666Z   Python_ROOT_DIR: /opt/hostedtoolcache/Python/3.11.16/x64
2026-09-23T08:43:33.8300420Z   Python2_ROOT_DIR: /opt/hostedtoolcache/Python/3.11.16/x64
2026-09-23T08:43:33.8396195Z   Python3_ROOT_DIR: /opt/hostedtoolcache/Python/3.11.16/x64
2026-09-23T08:43:33.8398053Z   LD_LIBRARY_PATH: /opt/hostedtoolcache/Python/3.11.16/x64/lib
2026-09-23T08:43:33.8399212Z ##[endgroup]
2026-09-23T08:43:34.7097948Z Collecting pytest
2026-09-23T08:43:34.7739034Z   Downloading pytest-9.1.1-py3-none-any.whl.metadata (7.6 kB)
2026-09-23T08:43:34.7849251Z Collecting iniconfig>=1.0.1 (from pytest)
2026-09-23T08:43:34.7916720Z   Downloading iniconfig-2.3.0-py3-none-any.whl.metadata (2.5 kB)
2026-09-23T08:43:34.8056185Z Collecting packaging>=22 (from pytest)
2026-09-23T08:43:34.8121897Z   Downloading packaging-26.3-py3-none-any.whl.metadata (3.5 kB)
2026-09-23T08:43:34.8234105Z Collecting pluggy<2,>=1.5 (from pytest)
2026-09-23T08:43:34.8302642Z   Downloading pluggy-1.6.0-py3-none-any.whl.metadata (4.8 kB)
2026-09-23T08:43:34.8476838Z Collecting pygments>=2.7.2 (from pytest)
2026-09-23T08:43:34.8542712Z   Downloading pygments-2.21.0-py3-none-any.whl.metadata (2.5 kB)
2026-09-23T08:43:34.8633512Z Downloading pytest-9.1.1-py3-none-any.whl (386 kB)
2026-09-23T08:43:34.8978002Z Downloading pluggy-1.6.0-py3-none-any.whl (20 kB)
2026-09-23T08:43:34.9044873Z Downloading iniconfig-2.3.0-py3-none-any.whl (7.5 kB)
2026-09-23T08:43:34.9110946Z Downloading packaging-26.3-py3-none-any.whl (129 kB)
2026-09-23T08:43:34.9229636Z Downloading pygments-2.21.0-py3-none-any.whl (1.3 MB)
2026-09-23T08:43:34.9697923Z    ââââââââââââââââââââââââââââââââââââââââ 1.3/1.3 MB 29.6 MB/s  0:00:00
2026-09-23T08:43:35.0338261Z Installing collected packages: pygments, pluggy, packaging, iniconfig, pytest
2026-09-23T08:43:35.9900367Z 
2026-09-23T08:43:35.9911333Z Successfully installed iniconfig-2.3.0 packaging-26.3 pluggy-1.6.0 pygments-2.21.0 pytest-9.1.1
2026-09-23T08:43:36.0424637Z ##[group]Run python automation/inject_mutation.py --error-type "KeyError"
2026-09-23T08:43:36.0425320Z [36;1mpython automation/inject_mutation.py --error-type "KeyError"[0m
2026-09-23T08:43:36.0463867Z shell: /usr/bin/bash -e {0}
2026-09-23T08:43:36.0464171Z env:
2026-09-23T08:43:36.0464504Z   pythonLocation: /opt/hostedtoolcache/Python/3.11.16/x64
2026-09-23T08:43:36.0465204Z   PKG_CONFIG_PATH: /opt/hostedtoolcache/Python/3.11.16/x64/lib/pkgconfig
2026-09-23T08:43:36.0465690Z   Python_ROOT_DIR: /opt/hostedtoolcache/Python/3.11.16/x64
2026-09-23T08:43:36.0466124Z   Python2_ROOT_DIR: /opt/hostedtoolcache/Python/3.11.16/x64
2026-09-23T08:43:36.0466570Z   Python3_ROOT_DIR: /opt/hostedtoolcache/Python/3.11.16/x64
2026-09-23T08:43:36.0467006Z   LD_LIBRARY_PATH: /opt/hostedtoolcache/Python/3.11.16/x64/lib
2026-09-23T08:43:36.0467404Z ##[endgroup]
2026-09-23T08:43:36.0768727Z [Mutation Injected] Successfully injected KeyError into tests/test_app.py
2026-09-23T08:43:36.0837338Z ##[group]Run pytest tests/test_app.py -v
2026-09-23T08:43:36.0837775Z [36;1mpytest tests/test_app.py -v[0m
2026-09-23T08:43:36.0874231Z shell: /usr/bin/bash -e {0}
2026-09-23T08:43:36.0874544Z env:
2026-09-23T08:43:36.0874871Z   pythonLocation: /opt/hostedtoolcache/Python/3.11.16/x64
2026-09-23T08:43:36.0875385Z   PKG_CONFIG_PATH: /opt/hostedtoolcache/Python/3.11.16/x64/lib/pkgconfig
2026-09-23T08:43:36.0875927Z   Python_ROOT_DIR: /opt/hostedtoolcache/Python/3.11.16/x64
2026-09-23T08:43:36.0876386Z   Python2_ROOT_DIR: /opt/hostedtoolcache/Python/3.11.16/x64
2026-09-23T08:43:36.0876838Z   Python3_ROOT_DIR: /opt/hostedtoolcache/Python/3.11.16/x64
2026-09-23T08:43:36.0877301Z   LD_LIBRARY_PATH: /opt/hostedtoolcache/Python/3.11.16/x64/lib
2026-09-23T08:43:36.0877699Z ##[endgroup]
2026-09-23T08:43:36.3067637Z ============================= test session starts ==============================
2026-09-23T08:43:36.3069449Z platform linux -- Python 3.11.16, pytest-9.1.1, pluggy-1.6.0 -- /opt/hostedtoolcache/Python/3.11.16/x64/bin/python
2026-09-23T08:43:36.3070974Z cachedir: .pytest_cache
2026-09-23T08:43:36.3071817Z rootdir: /home/runner/work/log-generation/log-generation
2026-09-23T08:43:36.3072446Z configfile: pytest.ini
2026-09-23T08:43:36.3152084Z collecting ... collected 6 items
2026-09-23T08:43:36.3152815Z 
2026-09-23T08:43:36.3161131Z tests/test_app.py::test_calculate_division PASSED                        [ 16%]
2026-09-23T08:43:36.3168498Z tests/test_app.py::test_convert_to_int PASSED                            [ 33%]
2026-09-23T08:43:36.3176002Z tests/test_app.py::test_get_list_item PASSED                             [ 50%]
2026-09-23T08:43:36.3182737Z tests/test_app.py::test_get_dict_value PASSED                            [ 66%]
2026-09-23T08:43:36.3189655Z tests/test_app.py::test_assert_positive PASSED                           [ 83%]
2026-09-23T08:43:36.3441589Z tests/test_app.py::test_key_error FAILED                                 [100%]
2026-09-23T08:43:36.3442334Z 
2026-09-23T08:43:36.3442790Z =================================== FAILURES ===================================
2026-09-23T08:43:36.3444067Z ________________________________ test_key_error ________________________________
2026-09-23T08:43:36.3444730Z 
2026-09-23T08:43:36.3445010Z     def test_key_error():
2026-09-23T08:43:36.3445695Z         """Injected synthetic KeyError."""
2026-09-23T08:43:36.3446336Z         from src.app import get_dict_value
2026-09-23T08:43:36.3446805Z         config = {"env": "staging", "retries": 3}
2026-09-23T08:43:36.3447299Z >       get_dict_value(config, "missing_auth_token")
2026-09-23T08:43:36.3447621Z 
2026-09-23T08:43:36.3447778Z tests/test_app.py:138: 
2026-09-23T08:43:36.3448215Z _ _ _ _ _ _ _ _ _ _ _ _ _ _ _ _ _ _ _ _ _ _ _ _ _ _ _ _ _ _ _ _ _ _ _ _ _ _ _ _ 
2026-09-23T08:43:36.3448569Z 
2026-09-23T08:43:36.3448804Z d = {'env': 'staging', 'retries': 3}, key = 'missing_auth_token'
2026-09-23T08:43:36.3449157Z 
2026-09-23T08:43:36.3449312Z     def get_dict_value(d, key):
2026-09-23T08:43:36.3449697Z >       return d[key]
2026-09-23T08:43:36.3450025Z                ^^^^^^
2026-09-23T08:43:36.3450378Z E       KeyError: 'missing_auth_token'
2026-09-23T08:43:36.3450649Z 
2026-09-23T08:43:36.3450803Z src/app.py:11: KeyError
2026-09-23T08:43:36.3451239Z =========================== short test summary info ============================
2026-09-23T08:43:36.3451922Z FAILED tests/test_app.py::test_key_error - KeyError: 'missing_auth_token'
2026-09-23T08:43:36.3452835Z ========================= 1 failed, 5 passed in 0.03s ==========================
2026-09-23T08:43:36.3615722Z ##[error]Process completed with exit code 1.
2026-09-23T08:43:36.3766114Z Node 20 is being deprecated. This workflow is running with Node 24 by default. If you need to temporarily use Node 20, you can set the ACTIONS_ALLOW_USE_UNSECURE_NODE_VERSION=true environment variable. For more information see: https://github.blog/changelog/2025-09-19-deprecation-of-node-20-on-github-actions-runners/
2026-09-23T08:43:36.3767458Z Post job cleanup.
2026-09-23T08:43:36.4628985Z [command]/usr/bin/git version
2026-09-23T08:43:36.4670802Z git version 2.55.0
2026-09-23T08:43:36.4708900Z Temporarily overriding HOME='/home/runner/work/_temp/527bd3e1-6217-4568-b277-43fa4f06c20f' before making global git config changes
2026-09-23T08:43:36.4710425Z Adding repository directory to the temporary git global config as a safe directory
2026-09-23T08:43:36.4715624Z [command]/usr/bin/git config --global --add safe.directory /home/runner/work/log-generation/log-generation
2026-09-23T08:43:36.4755380Z [command]/usr/bin/git config --local --name-only --get-regexp core\.sshCommand
2026-09-23T08:43:36.4791073Z [command]/usr/bin/git submodule foreach --recursive sh -c "git config --local --name-only --get-regexp 'core\.sshCommand' && git config --local --unset-all 'core.sshCommand' || :"
2026-09-23T08:43:36.5052231Z [command]/usr/bin/git config --local --name-only --get-regexp http\.https\:\/\/github\.com\/\.extraheader
2026-09-23T08:43:36.5082176Z http.https://github.com/.extraheader
2026-09-23T08:43:36.5094198Z [command]/usr/bin/git config --local --unset-all http.https://github.com/.extraheader
2026-09-23T08:43:36.5133268Z [command]/usr/bin/git submodule foreach --recursive sh -c "git config --local --name-only --get-regexp 'http\.https\:\/\/github\.com\/\.extraheader' && git config --local --unset-all 'http.https://github.com/.extraheader' || :"
2026-09-23T08:43:36.5395717Z [command]/usr/bin/git config --local --name-only --get-regexp ^includeIf\.gitdir:
2026-09-23T08:43:36.5462819Z [command]/usr/bin/git submodule foreach --recursive git config --local --show-origin --name-only --get-regexp remote.origin.url
2026-09-23T08:43:36.5948293Z Cleaning up orphan processes
2026-09-23T08:43:36.6230195Z ##[warning]Node.js 20 is deprecated. The following actions target Node.js 20 but are being forced to run on Node.js 24: actions/checkout@v4, actions/setup-python@v5. For more information see: https://github.blog/changelog/2025-09-19-deprecation-of-node-20-on-github-actions-runners/
