ï»¿2026-09-23T08:43:37.8615339Z Current runner version: '2.337.0'
2026-09-23T08:43:37.8649615Z ##[group]Runner Image Provisioner
2026-09-23T08:43:37.8650989Z Hosted Compute Agent
2026-09-23T08:43:37.8651920Z Version: 20260828.587
2026-09-23T08:43:37.8653075Z Commit: abac92662cab4cc7352de4f9f9d2e2419aad9c29
2026-09-23T08:43:37.8654326Z Build Date: 2026-08-28T16:44:25Z
2026-09-23T08:43:37.8656315Z Worker ID: {620fc725-7433-4671-b344-23ca4a961099}
2026-09-23T08:43:37.8657587Z Azure Region: eastus
2026-09-23T08:43:37.8658480Z ##[endgroup]
2026-09-23T08:43:37.8661291Z ##[group]Operating System
2026-09-23T08:43:37.8662284Z Ubuntu
2026-09-23T08:43:37.8663168Z 24.04.5
2026-09-23T08:43:37.8664094Z LTS
2026-09-23T08:43:37.8664908Z ##[endgroup]
2026-09-23T08:43:37.8666166Z ##[group]Runner Image
2026-09-23T08:43:37.8667167Z Image: ubuntu-24.04
2026-09-23T08:43:37.8668259Z Version: 20260907.300.1
2026-09-23T08:43:37.8670421Z Included Software: https://github.com/actions/runner-images/blob/ubuntu24/20260907.300/images/ubuntu/Ubuntu2404-Readme.md
2026-09-23T08:43:37.8673223Z Image Release: https://github.com/actions/runner-images/releases/tag/ubuntu24%2F20260907.300
2026-09-23T08:43:37.8674896Z ##[endgroup]
2026-09-23T08:43:37.8677211Z ##[group]GITHUB_TOKEN Permissions
2026-09-23T08:43:37.8680259Z Contents: read
2026-09-23T08:43:37.8681325Z Metadata: read
2026-09-23T08:43:37.8682257Z Packages: read
2026-09-23T08:43:37.8683221Z ##[endgroup]
2026-09-23T08:43:37.8686544Z Secret source: Actions
2026-09-23T08:43:37.8688901Z Cache mode: write
2026-09-23T08:43:37.8690530Z Prepare workflow directory
2026-09-23T08:43:37.9165339Z Prepare all required actions
2026-09-23T08:43:37.9236840Z Getting action download info
2026-09-23T08:43:38.1409801Z Download action repository 'actions/checkout@v4' (SHA:11d5960a326750d5838078e36cf38b85af677262)
2026-09-23T08:43:38.2427180Z Download action repository 'actions/setup-python@v5' (SHA:a26af69be951a213d495a4c3e4e4022e16d87065)
2026-09-23T08:43:38.4285724Z Complete job name: test-f3 (AttributeError #47)
2026-09-23T08:43:38.5070944Z Node 20 is being deprecated. This workflow is running with Node 24 by default. If you need to temporarily use Node 20, you can set the ACTIONS_ALLOW_USE_UNSECURE_NODE_VERSION=true environment variable. For more information see: https://github.blog/changelog/2025-09-19-deprecation-of-node-20-on-github-actions-runners/
2026-09-23T08:43:38.5079796Z ##[group]Run actions/checkout@v4
2026-09-23T08:43:38.5080546Z with:
2026-09-23T08:43:38.5080977Z   fetch-depth: 1
2026-09-23T08:43:38.5081461Z   repository: DhruvHegde/log-generation
2026-09-23T08:43:38.5085716Z   token: ***
2026-09-23T08:43:38.5086184Z   ssh-strict: true
2026-09-23T08:43:38.5086620Z   ssh-user: git
2026-09-23T08:43:38.5087072Z   persist-credentials: true
2026-09-23T08:43:38.5087558Z   clean: true
2026-09-23T08:43:38.5088000Z   sparse-checkout-cone-mode: true
2026-09-23T08:43:38.5088517Z   fetch-tags: false
2026-09-23T08:43:38.5088952Z   show-progress: true
2026-09-23T08:43:38.5089401Z   lfs: false
2026-09-23T08:43:38.5089850Z   submodules: false
2026-09-23T08:43:38.5090305Z   set-safe-directory: true
2026-09-23T08:43:38.5090811Z   allow-unsafe-pr-checkout: false
2026-09-23T08:43:38.5091663Z ##[endgroup]
2026-09-23T08:43:38.6109833Z Syncing repository: DhruvHegde/log-generation
2026-09-23T08:43:38.6112561Z ##[group]Getting Git version info
2026-09-23T08:43:38.6113802Z Working directory is '/home/runner/work/log-generation/log-generation'
2026-09-23T08:43:38.6115868Z [command]/usr/bin/git version
2026-09-23T08:43:38.6190380Z git version 2.55.0
2026-09-23T08:43:38.6215946Z ##[endgroup]
2026-09-23T08:43:38.6237428Z Temporarily overriding HOME='/home/runner/work/_temp/40323633-7f91-48fb-ad0b-15dba91d4514' before making global git config changes
2026-09-23T08:43:38.6239753Z Adding repository directory to the temporary git global config as a safe directory
2026-09-23T08:43:38.6244168Z [command]/usr/bin/git config --global --add safe.directory /home/runner/work/log-generation/log-generation
2026-09-23T08:43:38.6303598Z Deleting the contents of '/home/runner/work/log-generation/log-generation'
2026-09-23T08:43:38.6309558Z ##[group]Initializing the repository
2026-09-23T08:43:38.6317959Z [command]/usr/bin/git init /home/runner/work/log-generation/log-generation
2026-09-23T08:43:38.6447209Z hint: Using 'master' as the name for the initial branch. This default branch name
2026-09-23T08:43:38.6448741Z hint: will change to "main" in Git 3.0. To configure the initial branch name
2026-09-23T08:43:38.6450653Z hint: to use in all of your new repositories, which will suppress this warning,
2026-09-23T08:43:38.6452071Z hint: call:
2026-09-23T08:43:38.6453174Z hint:
2026-09-23T08:43:38.6454462Z hint: 	git config --global init.defaultBranch <name>
2026-09-23T08:43:38.6456263Z hint:
2026-09-23T08:43:38.6457679Z hint: Names commonly chosen instead of 'master' are 'main', 'trunk' and
2026-09-23T08:43:38.6459727Z hint: 'development'. The just-created branch can be renamed via this command:
2026-09-23T08:43:38.6461342Z hint:
2026-09-23T08:43:38.6462321Z hint: 	git branch -m <name>
2026-09-23T08:43:38.6463369Z hint:
2026-09-23T08:43:38.6464759Z hint: Disable this message with "git config set advice.defaultBranchName false"
2026-09-23T08:43:38.6467430Z Initialized empty Git repository in /home/runner/work/log-generation/log-generation/.git/
2026-09-23T08:43:38.6471462Z [command]/usr/bin/git remote add origin https://github.com/DhruvHegde/log-generation
2026-09-23T08:43:38.6522205Z ##[endgroup]
2026-09-23T08:43:38.6523404Z ##[group]Disabling automatic garbage collection
2026-09-23T08:43:38.6526678Z [command]/usr/bin/git config --local gc.auto 0
2026-09-23T08:43:38.6560050Z ##[endgroup]
2026-09-23T08:43:38.6561235Z ##[group]Setting up auth
2026-09-23T08:43:38.6567797Z [command]/usr/bin/git config --local --name-only --get-regexp core\.sshCommand
2026-09-23T08:43:38.6603875Z [command]/usr/bin/git submodule foreach --recursive sh -c "git config --local --name-only --get-regexp 'core\.sshCommand' && git config --local --unset-all 'core.sshCommand' || :"
2026-09-23T08:43:38.7017330Z [command]/usr/bin/git config --local --name-only --get-regexp http\.https\:\/\/github\.com\/\.extraheader
2026-09-23T08:43:38.7058804Z [command]/usr/bin/git submodule foreach --recursive sh -c "git config --local --name-only --get-regexp 'http\.https\:\/\/github\.com\/\.extraheader' && git config --local --unset-all 'http.https://github.com/.extraheader' || :"
2026-09-23T08:43:38.7286428Z [command]/usr/bin/git config --local --name-only --get-regexp ^includeIf\.gitdir:
2026-09-23T08:43:38.7324205Z [command]/usr/bin/git submodule foreach --recursive git config --local --show-origin --name-only --get-regexp remote.origin.url
2026-09-23T08:43:38.7557263Z [command]/usr/bin/git config --local http.https://github.com/.extraheader AUTHORIZATION: basic ***
2026-09-23T08:43:38.7597385Z ##[endgroup]
2026-09-23T08:43:38.7598286Z ##[group]Fetching the repository
2026-09-23T08:43:38.7607618Z [command]/usr/bin/git -c protocol.version=2 fetch --no-tags --prune --no-recurse-submodules --depth=1 origin +dfcb6f158e4bd8054252a4da5d0a9edc2ab15d57:refs/remotes/origin/feature/f3-test-failures
2026-09-23T08:43:38.9798650Z From https://github.com/DhruvHegde/log-generation
2026-09-23T08:43:38.9800303Z  * [new ref]         dfcb6f158e4bd8054252a4da5d0a9edc2ab15d57 -> origin/feature/f3-test-failures
2026-09-23T08:43:38.9803366Z ##[endgroup]
2026-09-23T08:43:38.9804300Z ##[group]Determining the checkout info
2026-09-23T08:43:38.9806264Z ##[endgroup]
2026-09-23T08:43:38.9811814Z [command]/usr/bin/git sparse-checkout disable
2026-09-23T08:43:38.9864637Z [command]/usr/bin/git config --local --unset-all extensions.worktreeConfig
2026-09-23T08:43:38.9897427Z ##[group]Checking out the ref
2026-09-23T08:43:38.9901872Z [command]/usr/bin/git checkout --progress --force -B feature/f3-test-failures refs/remotes/origin/feature/f3-test-failures
2026-09-23T08:43:38.9988221Z Switched to a new branch 'feature/f3-test-failures'
2026-09-23T08:43:38.9993824Z branch 'feature/f3-test-failures' set up to track 'origin/feature/f3-test-failures'.
2026-09-23T08:43:39.0002077Z ##[endgroup]
2026-09-23T08:43:39.0047600Z [command]/usr/bin/git log -1 --format=%H
2026-09-23T08:43:39.0074687Z dfcb6f158e4bd8054252a4da5d0a9edc2ab15d57
2026-09-23T08:43:39.0360693Z Node 20 is being deprecated. This workflow is running with Node 24 by default. If you need to temporarily use Node 20, you can set the ACTIONS_ALLOW_USE_UNSECURE_NODE_VERSION=true environment variable. For more information see: https://github.blog/changelog/2025-09-19-deprecation-of-node-20-on-github-actions-runners/
2026-09-23T08:43:39.0363578Z ##[group]Run actions/setup-python@v5
2026-09-23T08:43:39.0364175Z with:
2026-09-23T08:43:39.0364647Z   python-version: 3.11
2026-09-23T08:43:39.0365352Z   check-latest: false
2026-09-23T08:43:39.0369289Z   token: ***
2026-09-23T08:43:39.0369784Z   update-environment: true
2026-09-23T08:43:39.0370346Z   allow-prereleases: false
2026-09-23T08:43:39.0370874Z   freethreaded: false
2026-09-23T08:43:39.0371364Z ##[endgroup]
2026-09-23T08:43:39.1686506Z ##[group]Installed versions
2026-09-23T08:43:39.1831668Z (node:2350) [DEP0040] DeprecationWarning: The `punycode` module is deprecated. Please use a userland alternative instead.
2026-09-23T08:43:39.1834182Z (Use `node --trace-deprecation ...` to show where the warning was created)
2026-09-23T08:43:39.1835959Z Successfully set up CPython (3.11.16)
2026-09-23T08:43:39.1837615Z ##[endgroup]
2026-09-23T08:43:39.2010588Z ##[group]Run pip install --no-cache-dir pytest
2026-09-23T08:43:39.2011495Z [36;1mpip install --no-cache-dir pytest[0m
2026-09-23T08:43:39.2068567Z shell: /usr/bin/bash -e {0}
2026-09-23T08:43:39.2069291Z env:
2026-09-23T08:43:39.2069894Z   pythonLocation: /opt/hostedtoolcache/Python/3.11.16/x64
2026-09-23T08:43:39.2071091Z   PKG_CONFIG_PATH: /opt/hostedtoolcache/Python/3.11.16/x64/lib/pkgconfig
2026-09-23T08:43:39.2072027Z   Python_ROOT_DIR: /opt/hostedtoolcache/Python/3.11.16/x64
2026-09-23T08:43:39.2168085Z   Python2_ROOT_DIR: /opt/hostedtoolcache/Python/3.11.16/x64
2026-09-23T08:43:39.2170154Z   Python3_ROOT_DIR: /opt/hostedtoolcache/Python/3.11.16/x64
2026-09-23T08:43:39.2171151Z   LD_LIBRARY_PATH: /opt/hostedtoolcache/Python/3.11.16/x64/lib
2026-09-23T08:43:39.2171890Z ##[endgroup]
2026-09-23T08:43:40.0577997Z Collecting pytest
2026-09-23T08:43:40.1227211Z   Downloading pytest-9.1.1-py3-none-any.whl.metadata (7.6 kB)
2026-09-23T08:43:40.1314379Z Collecting iniconfig>=1.0.1 (from pytest)
2026-09-23T08:43:40.1354070Z   Downloading iniconfig-2.3.0-py3-none-any.whl.metadata (2.5 kB)
2026-09-23T08:43:40.1455405Z Collecting packaging>=22 (from pytest)
2026-09-23T08:43:40.1492985Z   Downloading packaging-26.3-py3-none-any.whl.metadata (3.5 kB)
2026-09-23T08:43:40.1570184Z Collecting pluggy<2,>=1.5 (from pytest)
2026-09-23T08:43:40.1607336Z   Downloading pluggy-1.6.0-py3-none-any.whl.metadata (4.8 kB)
2026-09-23T08:43:40.1732677Z Collecting pygments>=2.7.2 (from pytest)
2026-09-23T08:43:40.1772836Z   Downloading pygments-2.21.0-py3-none-any.whl.metadata (2.5 kB)
2026-09-23T08:43:40.1834187Z Downloading pytest-9.1.1-py3-none-any.whl (386 kB)
2026-09-23T08:43:40.2048889Z Downloading pluggy-1.6.0-py3-none-any.whl (20 kB)
2026-09-23T08:43:40.2083843Z Downloading iniconfig-2.3.0-py3-none-any.whl (7.5 kB)
2026-09-23T08:43:40.2137429Z Downloading packaging-26.3-py3-none-any.whl (129 kB)
2026-09-23T08:43:40.2184371Z Downloading pygments-2.21.0-py3-none-any.whl (1.3 MB)
2026-09-23T08:43:40.2313186Z    ââââââââââââââââââââââââââââââââââââââââ 1.3/1.3 MB 117.7 MB/s  0:00:00
2026-09-23T08:43:40.2950600Z Installing collected packages: pygments, pluggy, packaging, iniconfig, pytest
2026-09-23T08:43:41.2498136Z 
2026-09-23T08:43:41.2526883Z Successfully installed iniconfig-2.3.0 packaging-26.3 pluggy-1.6.0 pygments-2.21.0 pytest-9.1.1
2026-09-23T08:43:41.3018871Z ##[group]Run python automation/inject_mutation.py --error-type "AttributeError"
2026-09-23T08:43:41.3019524Z [36;1mpython automation/inject_mutation.py --error-type "AttributeError"[0m
2026-09-23T08:43:41.3058659Z shell: /usr/bin/bash -e {0}
2026-09-23T08:43:41.3058917Z env:
2026-09-23T08:43:41.3059417Z   pythonLocation: /opt/hostedtoolcache/Python/3.11.16/x64
2026-09-23T08:43:41.3059872Z   PKG_CONFIG_PATH: /opt/hostedtoolcache/Python/3.11.16/x64/lib/pkgconfig
2026-09-23T08:43:41.3060314Z   Python_ROOT_DIR: /opt/hostedtoolcache/Python/3.11.16/x64
2026-09-23T08:43:41.3060703Z   Python2_ROOT_DIR: /opt/hostedtoolcache/Python/3.11.16/x64
2026-09-23T08:43:41.3061085Z   Python3_ROOT_DIR: /opt/hostedtoolcache/Python/3.11.16/x64
2026-09-23T08:43:41.3061463Z   LD_LIBRARY_PATH: /opt/hostedtoolcache/Python/3.11.16/x64/lib
2026-09-23T08:43:41.3061789Z ##[endgroup]
2026-09-23T08:43:41.3361688Z [Mutation Injected] Successfully injected AttributeError into tests/test_app.py
2026-09-23T08:43:41.3432662Z ##[group]Run pytest tests/test_app.py -v
2026-09-23T08:43:41.3433066Z [36;1mpytest tests/test_app.py -v[0m
2026-09-23T08:43:41.3470852Z shell: /usr/bin/bash -e {0}
2026-09-23T08:43:41.3471108Z env:
2026-09-23T08:43:41.3471373Z   pythonLocation: /opt/hostedtoolcache/Python/3.11.16/x64
2026-09-23T08:43:41.3471807Z   PKG_CONFIG_PATH: /opt/hostedtoolcache/Python/3.11.16/x64/lib/pkgconfig
2026-09-23T08:43:41.3472255Z   Python_ROOT_DIR: /opt/hostedtoolcache/Python/3.11.16/x64
2026-09-23T08:43:41.3472639Z   Python2_ROOT_DIR: /opt/hostedtoolcache/Python/3.11.16/x64
2026-09-23T08:43:41.3473023Z   Python3_ROOT_DIR: /opt/hostedtoolcache/Python/3.11.16/x64
2026-09-23T08:43:41.3473414Z   LD_LIBRARY_PATH: /opt/hostedtoolcache/Python/3.11.16/x64/lib
2026-09-23T08:43:41.3473738Z ##[endgroup]
2026-09-23T08:43:41.5685672Z ============================= test session starts ==============================
2026-09-23T08:43:41.5687136Z platform linux -- Python 3.11.16, pytest-9.1.1, pluggy-1.6.0 -- /opt/hostedtoolcache/Python/3.11.16/x64/bin/python
2026-09-23T08:43:41.5688114Z cachedir: .pytest_cache
2026-09-23T08:43:41.5688684Z rootdir: /home/runner/work/log-generation/log-generation
2026-09-23T08:43:41.5689383Z configfile: pytest.ini
2026-09-23T08:43:41.5772018Z collecting ... collected 6 items
2026-09-23T08:43:41.5772467Z 
2026-09-23T08:43:41.5781368Z tests/test_app.py::test_calculate_division PASSED                        [ 16%]
2026-09-23T08:43:41.5790834Z tests/test_app.py::test_convert_to_int PASSED                            [ 33%]
2026-09-23T08:43:41.5798866Z tests/test_app.py::test_get_list_item PASSED                             [ 50%]
2026-09-23T08:43:41.5806078Z tests/test_app.py::test_get_dict_value PASSED                            [ 66%]
2026-09-23T08:43:41.5814075Z tests/test_app.py::test_assert_positive PASSED                           [ 83%]
2026-09-23T08:43:41.6088432Z tests/test_app.py::test_attribute_error FAILED                           [100%]
2026-09-23T08:43:41.6089020Z 
2026-09-23T08:43:41.6089275Z =================================== FAILURES ===================================
2026-09-23T08:43:41.6089991Z _____________________________ test_attribute_error _____________________________
2026-09-23T08:43:41.6090493Z 
2026-09-23T08:43:41.6090676Z     def test_attribute_error():
2026-09-23T08:43:41.6091173Z         """Injected synthetic AttributeError."""
2026-09-23T08:43:41.6091749Z         from src.app import get_object_attribute
2026-09-23T08:43:41.6092288Z >       get_object_attribute(object())
2026-09-23T08:43:41.6092626Z 
2026-09-23T08:43:41.6092792Z tests/test_app.py:137: 
2026-09-23T08:43:41.6093304Z _ _ _ _ _ _ _ _ _ _ _ _ _ _ _ _ _ _ _ _ _ _ _ _ _ _ _ _ _ _ _ _ _ _ _ _ _ _ _ _ 
2026-09-23T08:43:41.6093747Z 
2026-09-23T08:43:41.6093934Z obj = <object object at 0x7f9b6fe9d370>
2026-09-23T08:43:41.6094331Z 
2026-09-23T08:43:41.6094819Z     def get_object_attribute(obj):
2026-09-23T08:43:41.6095882Z >       return obj.non_existent_attribute
2026-09-23T08:43:41.6096399Z                ^^^^^^^^^^^^^^^^^^^^^^^^^^
2026-09-23T08:43:41.6097094Z E       AttributeError: 'object' object has no attribute 'non_existent_attribute'
2026-09-23T08:43:41.6097670Z 
2026-09-23T08:43:41.6097846Z src/app.py:14: AttributeError
2026-09-23T08:43:41.6098390Z =========================== short test summary info ============================
2026-09-23T08:43:41.6099830Z FAILED tests/test_app.py::test_attribute_error - AttributeError: 'object' object has no attribute 'non_existent_attribute'
2026-09-23T08:43:41.6100957Z ========================= 1 failed, 5 passed in 0.03s ==========================
2026-09-23T08:43:41.6288379Z ##[error]Process completed with exit code 1.
2026-09-23T08:43:41.6437591Z Node 20 is being deprecated. This workflow is running with Node 24 by default. If you need to temporarily use Node 20, you can set the ACTIONS_ALLOW_USE_UNSECURE_NODE_VERSION=true environment variable. For more information see: https://github.blog/changelog/2025-09-19-deprecation-of-node-20-on-github-actions-runners/
2026-09-23T08:43:41.6438877Z Post job cleanup.
2026-09-23T08:43:41.7319283Z [command]/usr/bin/git version
2026-09-23T08:43:41.7364969Z git version 2.55.0
2026-09-23T08:43:41.7409127Z Temporarily overriding HOME='/home/runner/work/_temp/2dff01ce-1352-4b98-9f65-87ac7c049d9b' before making global git config changes
2026-09-23T08:43:41.7410581Z Adding repository directory to the temporary git global config as a safe directory
2026-09-23T08:43:41.7415358Z [command]/usr/bin/git config --global --add safe.directory /home/runner/work/log-generation/log-generation
2026-09-23T08:43:41.7457949Z [command]/usr/bin/git config --local --name-only --get-regexp core\.sshCommand
2026-09-23T08:43:41.7498767Z [command]/usr/bin/git submodule foreach --recursive sh -c "git config --local --name-only --get-regexp 'core\.sshCommand' && git config --local --unset-all 'core.sshCommand' || :"
2026-09-23T08:43:41.7750147Z [command]/usr/bin/git config --local --name-only --get-regexp http\.https\:\/\/github\.com\/\.extraheader
2026-09-23T08:43:41.7781796Z http.https://github.com/.extraheader
2026-09-23T08:43:41.7794688Z [command]/usr/bin/git config --local --unset-all http.https://github.com/.extraheader
2026-09-23T08:43:41.7839997Z [command]/usr/bin/git submodule foreach --recursive sh -c "git config --local --name-only --get-regexp 'http\.https\:\/\/github\.com\/\.extraheader' && git config --local --unset-all 'http.https://github.com/.extraheader' || :"
2026-09-23T08:43:41.8095672Z [command]/usr/bin/git config --local --name-only --get-regexp ^includeIf\.gitdir:
2026-09-23T08:43:41.8134791Z [command]/usr/bin/git submodule foreach --recursive git config --local --show-origin --name-only --get-regexp remote.origin.url
2026-09-23T08:43:41.8553770Z Cleaning up orphan processes
2026-09-23T08:43:41.8856920Z ##[warning]Node.js 20 is deprecated. The following actions target Node.js 20 but are being forced to run on Node.js 24: actions/checkout@v4, actions/setup-python@v5. For more information see: https://github.blog/changelog/2025-09-19-deprecation-of-node-20-on-github-actions-runners/
