ï»¿2026-09-23T08:45:49.0804394Z Current runner version: '2.337.0'
2026-09-23T08:45:49.0829824Z ##[group]Runner Image Provisioner
2026-09-23T08:45:49.0830554Z Hosted Compute Agent
2026-09-23T08:45:49.0831043Z Version: 20260828.587
2026-09-23T08:45:49.0831648Z Commit: abac92662cab4cc7352de4f9f9d2e2419aad9c29
2026-09-23T08:45:49.0832241Z Build Date: 2026-08-28T16:44:25Z
2026-09-23T08:45:49.0832860Z Worker ID: {a7e9a797-72e9-4a9b-825b-17a89c13de9b}
2026-09-23T08:45:49.0833458Z Azure Region: westus3
2026-09-23T08:45:49.0833962Z ##[endgroup]
2026-09-23T08:45:49.0835374Z ##[group]Operating System
2026-09-23T08:45:49.0835898Z Ubuntu
2026-09-23T08:45:49.0836317Z 24.04.5
2026-09-23T08:45:49.0836804Z LTS
2026-09-23T08:45:49.0837235Z ##[endgroup]
2026-09-23T08:45:49.0838324Z ##[group]Runner Image
2026-09-23T08:45:49.0838835Z Image: ubuntu-24.04
2026-09-23T08:45:49.0839294Z Version: 20260920.314.1
2026-09-23T08:45:49.0840392Z Included Software: https://github.com/actions/runner-images/blob/ubuntu24/20260920.314/images/ubuntu/Ubuntu2404-Readme.md
2026-09-23T08:45:49.0841707Z Image Release: https://github.com/actions/runner-images/releases/tag/ubuntu24%2F20260920.314
2026-09-23T08:45:49.0842490Z ##[endgroup]
2026-09-23T08:45:49.0843553Z ##[group]GITHUB_TOKEN Permissions
2026-09-23T08:45:49.0845297Z Contents: read
2026-09-23T08:45:49.0845803Z Metadata: read
2026-09-23T08:45:49.0846351Z Packages: read
2026-09-23T08:45:49.0846836Z ##[endgroup]
2026-09-23T08:45:49.0848877Z Secret source: Actions
2026-09-23T08:45:49.0849668Z Cache mode: write
2026-09-23T08:45:49.0850536Z Prepare workflow directory
2026-09-23T08:45:49.1140577Z Prepare all required actions
2026-09-23T08:45:49.1187134Z Getting action download info
2026-09-23T08:45:49.4052671Z Download action repository 'actions/checkout@v4' (SHA:11d5960a326750d5838078e36cf38b85af677262)
2026-09-23T08:45:49.6061785Z Download action repository 'actions/setup-python@v5' (SHA:a26af69be951a213d495a4c3e4e4022e16d87065)
2026-09-23T08:45:49.8686578Z Complete job name: test-f3 (AttributeError #211)
2026-09-23T08:45:49.9318097Z Node 20 is being deprecated. This workflow is running with Node 24 by default. If you need to temporarily use Node 20, you can set the ACTIONS_ALLOW_USE_UNSECURE_NODE_VERSION=true environment variable. For more information see: https://github.blog/changelog/2025-09-19-deprecation-of-node-20-on-github-actions-runners/
2026-09-23T08:45:49.9324960Z ##[group]Run actions/checkout@v4
2026-09-23T08:45:49.9325502Z with:
2026-09-23T08:45:49.9325833Z   fetch-depth: 1
2026-09-23T08:45:49.9326215Z   repository: DhruvHegde/log-generation
2026-09-23T08:45:49.9329339Z   token: ***
2026-09-23T08:45:49.9329704Z   ssh-strict: true
2026-09-23T08:45:49.9330051Z   ssh-user: git
2026-09-23T08:45:49.9330404Z   persist-credentials: true
2026-09-23T08:45:49.9330797Z   clean: true
2026-09-23T08:45:49.9331153Z   sparse-checkout-cone-mode: true
2026-09-23T08:45:49.9331561Z   fetch-tags: false
2026-09-23T08:45:49.9331914Z   show-progress: true
2026-09-23T08:45:49.9332261Z   lfs: false
2026-09-23T08:45:49.9332625Z   submodules: false
2026-09-23T08:45:49.9333000Z   set-safe-directory: true
2026-09-23T08:45:49.9333395Z   allow-unsafe-pr-checkout: false
2026-09-23T08:45:49.9333938Z ##[endgroup]
2026-09-23T08:45:50.0226754Z Syncing repository: DhruvHegde/log-generation
2026-09-23T08:45:50.0228489Z ##[group]Getting Git version info
2026-09-23T08:45:50.0229115Z Working directory is '/home/runner/work/log-generation/log-generation'
2026-09-23T08:45:50.0229954Z [command]/usr/bin/git version
2026-09-23T08:45:50.0305319Z git version 2.55.0
2026-09-23T08:45:50.0322724Z ##[endgroup]
2026-09-23T08:45:50.0337899Z Temporarily overriding HOME='/home/runner/work/_temp/8899a860-c159-4df6-99cd-fd30ff848edf' before making global git config changes
2026-09-23T08:45:50.0339041Z Adding repository directory to the temporary git global config as a safe directory
2026-09-23T08:45:50.0341276Z [command]/usr/bin/git config --global --add safe.directory /home/runner/work/log-generation/log-generation
2026-09-23T08:45:50.0388273Z Deleting the contents of '/home/runner/work/log-generation/log-generation'
2026-09-23T08:45:50.0396150Z ##[group]Initializing the repository
2026-09-23T08:45:50.0402414Z [command]/usr/bin/git init /home/runner/work/log-generation/log-generation
2026-09-23T08:45:50.0493385Z hint: Using 'master' as the name for the initial branch. This default branch name
2026-09-23T08:45:50.0494513Z hint: will change to "main" in Git 3.0. To configure the initial branch name
2026-09-23T08:45:50.0497312Z hint: to use in all of your new repositories, which will suppress this warning,
2026-09-23T08:45:50.0498392Z hint: call:
2026-09-23T08:45:50.0498905Z hint:
2026-09-23T08:45:50.0499536Z hint: 	git config --global init.defaultBranch <name>
2026-09-23T08:45:50.0500287Z hint:
2026-09-23T08:45:50.0500987Z hint: Names commonly chosen instead of 'master' are 'main', 'trunk' and
2026-09-23T08:45:50.0502143Z hint: 'development'. The just-created branch can be renamed via this command:
2026-09-23T08:45:50.0503050Z hint:
2026-09-23T08:45:50.0503579Z hint: 	git branch -m <name>
2026-09-23T08:45:50.0504188Z hint:
2026-09-23T08:45:50.0504972Z hint: Disable this message with "git config set advice.defaultBranchName false"
2026-09-23T08:45:50.0506534Z Initialized empty Git repository in /home/runner/work/log-generation/log-generation/.git/
2026-09-23T08:45:50.0509078Z [command]/usr/bin/git remote add origin https://github.com/DhruvHegde/log-generation
2026-09-23T08:45:50.0636458Z ##[endgroup]
2026-09-23T08:45:50.0637407Z ##[group]Disabling automatic garbage collection
2026-09-23T08:45:50.0640736Z [command]/usr/bin/git config --local gc.auto 0
2026-09-23T08:45:50.0670825Z ##[endgroup]
2026-09-23T08:45:50.0671746Z ##[group]Setting up auth
2026-09-23T08:45:50.0677560Z [command]/usr/bin/git config --local --name-only --get-regexp core\.sshCommand
2026-09-23T08:45:50.0706647Z [command]/usr/bin/git submodule foreach --recursive sh -c "git config --local --name-only --get-regexp 'core\.sshCommand' && git config --local --unset-all 'core.sshCommand' || :"
2026-09-23T08:45:50.1044500Z [command]/usr/bin/git config --local --name-only --get-regexp http\.https\:\/\/github\.com\/\.extraheader
2026-09-23T08:45:50.1090031Z [command]/usr/bin/git submodule foreach --recursive sh -c "git config --local --name-only --get-regexp 'http\.https\:\/\/github\.com\/\.extraheader' && git config --local --unset-all 'http.https://github.com/.extraheader' || :"
2026-09-23T08:45:50.1292063Z [command]/usr/bin/git config --local --name-only --get-regexp ^includeIf\.gitdir:
2026-09-23T08:45:50.1328906Z [command]/usr/bin/git submodule foreach --recursive git config --local --show-origin --name-only --get-regexp remote.origin.url
2026-09-23T08:45:50.1536572Z [command]/usr/bin/git config --local http.https://github.com/.extraheader AUTHORIZATION: basic ***
2026-09-23T08:45:50.1574576Z ##[endgroup]
2026-09-23T08:45:50.1575543Z ##[group]Fetching the repository
2026-09-23T08:45:50.1584281Z [command]/usr/bin/git -c protocol.version=2 fetch --no-tags --prune --no-recurse-submodules --depth=1 origin +dfcb6f158e4bd8054252a4da5d0a9edc2ab15d57:refs/remotes/origin/feature/f3-test-failures
2026-09-23T08:45:50.6035787Z From https://github.com/DhruvHegde/log-generation
2026-09-23T08:45:50.6036732Z  * [new ref]         dfcb6f158e4bd8054252a4da5d0a9edc2ab15d57 -> origin/feature/f3-test-failures
2026-09-23T08:45:50.6039546Z ##[endgroup]
2026-09-23T08:45:50.6040187Z ##[group]Determining the checkout info
2026-09-23T08:45:50.6041852Z ##[endgroup]
2026-09-23T08:45:50.6046668Z [command]/usr/bin/git sparse-checkout disable
2026-09-23T08:45:50.6094646Z [command]/usr/bin/git config --local --unset-all extensions.worktreeConfig
2026-09-23T08:45:50.6123217Z ##[group]Checking out the ref
2026-09-23T08:45:50.6164463Z [command]/usr/bin/git checkout --progress --force -B feature/f3-test-failures refs/remotes/origin/feature/f3-test-failures
2026-09-23T08:45:50.6236995Z Switched to a new branch 'feature/f3-test-failures'
2026-09-23T08:45:50.6242275Z branch 'feature/f3-test-failures' set up to track 'origin/feature/f3-test-failures'.
2026-09-23T08:45:50.6245947Z ##[endgroup]
2026-09-23T08:45:50.6282112Z [command]/usr/bin/git log -1 --format=%H
2026-09-23T08:45:50.6305128Z dfcb6f158e4bd8054252a4da5d0a9edc2ab15d57
2026-09-23T08:45:50.6536397Z Node 20 is being deprecated. This workflow is running with Node 24 by default. If you need to temporarily use Node 20, you can set the ACTIONS_ALLOW_USE_UNSECURE_NODE_VERSION=true environment variable. For more information see: https://github.blog/changelog/2025-09-19-deprecation-of-node-20-on-github-actions-runners/
2026-09-23T08:45:50.6538618Z ##[group]Run actions/setup-python@v5
2026-09-23T08:45:50.6539039Z with:
2026-09-23T08:45:50.6539417Z   python-version: 3.11
2026-09-23T08:45:50.6539795Z   check-latest: false
2026-09-23T08:45:50.6542700Z   token: ***
2026-09-23T08:45:50.6543053Z   update-environment: true
2026-09-23T08:45:50.6543455Z   allow-prereleases: false
2026-09-23T08:45:50.6543836Z   freethreaded: false
2026-09-23T08:45:50.6544192Z ##[endgroup]
2026-09-23T08:45:50.7580886Z ##[group]Installed versions
2026-09-23T08:45:50.8598374Z (node:2034) [DEP0040] DeprecationWarning: The `punycode` module is deprecated. Please use a userland alternative instead.
2026-09-23T08:45:50.8600500Z (Use `node --trace-deprecation ...` to show where the warning was created)
2026-09-23T08:45:50.8601813Z Successfully set up CPython (3.11.16)
2026-09-23T08:45:50.8603415Z ##[endgroup]
2026-09-23T08:45:50.9025664Z ##[group]Run pip install --no-cache-dir pytest
2026-09-23T08:45:50.9027052Z [36;1mpip install --no-cache-dir pytest[0m
2026-09-23T08:45:50.9680606Z shell: /usr/bin/bash -e {0}
2026-09-23T08:45:50.9681583Z env:
2026-09-23T08:45:50.9682528Z   pythonLocation: /opt/hostedtoolcache/Python/3.11.16/x64
2026-09-23T08:45:50.9684048Z   PKG_CONFIG_PATH: /opt/hostedtoolcache/Python/3.11.16/x64/lib/pkgconfig
2026-09-23T08:45:50.9685561Z   Python_ROOT_DIR: /opt/hostedtoolcache/Python/3.11.16/x64
2026-09-23T08:45:50.9686912Z   Python2_ROOT_DIR: /opt/hostedtoolcache/Python/3.11.16/x64
2026-09-23T08:45:50.9688424Z   Python3_ROOT_DIR: /opt/hostedtoolcache/Python/3.11.16/x64
2026-09-23T08:45:50.9689846Z   LD_LIBRARY_PATH: /opt/hostedtoolcache/Python/3.11.16/x64/lib
2026-09-23T08:45:50.9691065Z ##[endgroup]
2026-09-23T08:45:56.2589775Z Collecting pytest
2026-09-23T08:45:56.3169714Z   Downloading pytest-9.1.1-py3-none-any.whl.metadata (7.6 kB)
2026-09-23T08:45:56.3307396Z Collecting iniconfig>=1.0.1 (from pytest)
2026-09-23T08:45:56.3408101Z   Downloading iniconfig-2.3.0-py3-none-any.whl.metadata (2.5 kB)
2026-09-23T08:45:56.3560430Z Collecting packaging>=22 (from pytest)
2026-09-23T08:45:56.3662448Z   Downloading packaging-26.3-py3-none-any.whl.metadata (3.5 kB)
2026-09-23T08:45:56.3795644Z Collecting pluggy<2,>=1.5 (from pytest)
2026-09-23T08:45:56.3895688Z   Downloading pluggy-1.6.0-py3-none-any.whl.metadata (4.8 kB)
2026-09-23T08:45:56.4086956Z Collecting pygments>=2.7.2 (from pytest)
2026-09-23T08:45:56.4186131Z   Downloading pygments-2.21.0-py3-none-any.whl.metadata (2.5 kB)
2026-09-23T08:45:56.4303497Z Downloading pytest-9.1.1-py3-none-any.whl (386 kB)
2026-09-23T08:45:56.4730624Z Downloading pluggy-1.6.0-py3-none-any.whl (20 kB)
2026-09-23T08:45:56.4830852Z Downloading iniconfig-2.3.0-py3-none-any.whl (7.5 kB)
2026-09-23T08:45:56.4930065Z Downloading packaging-26.3-py3-none-any.whl (129 kB)
2026-09-23T08:45:56.5041552Z Downloading pygments-2.21.0-py3-none-any.whl (1.3 MB)
2026-09-23T08:45:56.5334145Z    ââââââââââââââââââââââââââââââââââââââââ 1.3/1.3 MB 52.9 MB/s  0:00:00
2026-09-23T08:45:56.8568716Z Installing collected packages: pygments, pluggy, packaging, iniconfig, pytest
2026-09-23T08:45:57.6640263Z 
2026-09-23T08:45:57.6649168Z Successfully installed iniconfig-2.3.0 packaging-26.3 pluggy-1.6.0 pygments-2.21.0 pytest-9.1.1
2026-09-23T08:45:57.7172267Z ##[group]Run python automation/inject_mutation.py --error-type "AttributeError"
2026-09-23T08:45:57.7172775Z [36;1mpython automation/inject_mutation.py --error-type "AttributeError"[0m
2026-09-23T08:45:57.7232111Z shell: /usr/bin/bash -e {0}
2026-09-23T08:45:57.7232349Z env:
2026-09-23T08:45:57.7232761Z   pythonLocation: /opt/hostedtoolcache/Python/3.11.16/x64
2026-09-23T08:45:57.7233108Z   PKG_CONFIG_PATH: /opt/hostedtoolcache/Python/3.11.16/x64/lib/pkgconfig
2026-09-23T08:45:57.7233439Z   Python_ROOT_DIR: /opt/hostedtoolcache/Python/3.11.16/x64
2026-09-23T08:45:57.7233741Z   Python2_ROOT_DIR: /opt/hostedtoolcache/Python/3.11.16/x64
2026-09-23T08:45:57.7234061Z   Python3_ROOT_DIR: /opt/hostedtoolcache/Python/3.11.16/x64
2026-09-23T08:45:57.7234355Z   LD_LIBRARY_PATH: /opt/hostedtoolcache/Python/3.11.16/x64/lib
2026-09-23T08:45:57.7234648Z ##[endgroup]
2026-09-23T08:45:57.7514410Z [Mutation Injected] Successfully injected AttributeError into tests/test_app.py
2026-09-23T08:45:57.7575909Z ##[group]Run pytest tests/test_app.py -v
2026-09-23T08:45:57.7576209Z [36;1mpytest tests/test_app.py -v[0m
2026-09-23T08:45:57.7634913Z shell: /usr/bin/bash -e {0}
2026-09-23T08:45:57.7635134Z env:
2026-09-23T08:45:57.7635367Z   pythonLocation: /opt/hostedtoolcache/Python/3.11.16/x64
2026-09-23T08:45:57.7635723Z   PKG_CONFIG_PATH: /opt/hostedtoolcache/Python/3.11.16/x64/lib/pkgconfig
2026-09-23T08:45:57.7636079Z   Python_ROOT_DIR: /opt/hostedtoolcache/Python/3.11.16/x64
2026-09-23T08:45:57.7636376Z   Python2_ROOT_DIR: /opt/hostedtoolcache/Python/3.11.16/x64
2026-09-23T08:45:57.7636667Z   Python3_ROOT_DIR: /opt/hostedtoolcache/Python/3.11.16/x64
2026-09-23T08:45:57.7636966Z   LD_LIBRARY_PATH: /opt/hostedtoolcache/Python/3.11.16/x64/lib
2026-09-23T08:45:57.7637234Z ##[endgroup]
2026-09-23T08:45:58.7875557Z ============================= test session starts ==============================
2026-09-23T08:45:58.7876413Z platform linux -- Python 3.11.16, pytest-9.1.1, pluggy-1.6.0 -- /opt/hostedtoolcache/Python/3.11.16/x64/bin/python
2026-09-23T08:45:58.7877040Z cachedir: .pytest_cache
2026-09-23T08:45:58.7877396Z rootdir: /home/runner/work/log-generation/log-generation
2026-09-23T08:45:58.7877958Z configfile: pytest.ini
2026-09-23T08:45:58.7975087Z collecting ... collected 6 items
2026-09-23T08:45:58.7975360Z 
2026-09-23T08:45:58.7982440Z tests/test_app.py::test_calculate_division PASSED                        [ 16%]
2026-09-23T08:45:58.7987372Z tests/test_app.py::test_convert_to_int PASSED                            [ 33%]
2026-09-23T08:45:58.7992991Z tests/test_app.py::test_get_list_item PASSED                             [ 50%]
2026-09-23T08:45:58.7997810Z tests/test_app.py::test_get_dict_value PASSED                            [ 66%]
2026-09-23T08:45:58.8002516Z tests/test_app.py::test_assert_positive PASSED                           [ 83%]
2026-09-23T08:45:58.8244053Z tests/test_app.py::test_attribute_error FAILED                           [100%]
2026-09-23T08:45:58.8244520Z 
2026-09-23T08:45:58.8244754Z =================================== FAILURES ===================================
2026-09-23T08:45:58.8245302Z _____________________________ test_attribute_error _____________________________
2026-09-23T08:45:58.8245666Z 
2026-09-23T08:45:58.8245819Z     def test_attribute_error():
2026-09-23T08:45:58.8246193Z         """Injected synthetic AttributeError."""
2026-09-23T08:45:58.8246636Z         from src.app import get_object_attribute
2026-09-23T08:45:58.8247063Z >       get_object_attribute(object())
2026-09-23T08:45:58.8247313Z 
2026-09-23T08:45:58.8247432Z tests/test_app.py:137: 
2026-09-23T08:45:58.8247989Z _ _ _ _ _ _ _ _ _ _ _ _ _ _ _ _ _ _ _ _ _ _ _ _ _ _ _ _ _ _ _ _ _ _ _ _ _ _ _ _ 
2026-09-23T08:45:58.8248321Z 
2026-09-23T08:45:58.8248473Z obj = <object object at 0x7fd0a0385370>
2026-09-23T08:45:58.8248709Z 
2026-09-23T08:45:58.8248853Z     def get_object_attribute(obj):
2026-09-23T08:45:58.8249198Z >       return obj.non_existent_attribute
2026-09-23T08:45:58.8249556Z                ^^^^^^^^^^^^^^^^^^^^^^^^^^
2026-09-23T08:45:58.8250039Z E       AttributeError: 'object' object has no attribute 'non_existent_attribute'
2026-09-23T08:45:58.8250433Z 
2026-09-23T08:45:58.8250552Z src/app.py:14: AttributeError
2026-09-23T08:45:58.8250935Z =========================== short test summary info ============================
2026-09-23T08:45:58.8252043Z FAILED tests/test_app.py::test_attribute_error - AttributeError: 'object' object has no attribute 'non_existent_attribute'
2026-09-23T08:45:58.8252837Z ========================= 1 failed, 5 passed in 0.03s ==========================
2026-09-23T08:45:58.8429403Z ##[error]Process completed with exit code 1.
2026-09-23T08:45:58.8547490Z Node 20 is being deprecated. This workflow is running with Node 24 by default. If you need to temporarily use Node 20, you can set the ACTIONS_ALLOW_USE_UNSECURE_NODE_VERSION=true environment variable. For more information see: https://github.blog/changelog/2025-09-19-deprecation-of-node-20-on-github-actions-runners/
2026-09-23T08:45:58.8548691Z Post job cleanup.
2026-09-23T08:45:58.9219811Z [command]/usr/bin/git version
2026-09-23T08:45:58.9256474Z git version 2.55.0
2026-09-23T08:45:58.9288283Z Temporarily overriding HOME='/home/runner/work/_temp/5fbdcc99-7bc0-4f1b-937c-9dab680f408e' before making global git config changes
2026-09-23T08:45:58.9290132Z Adding repository directory to the temporary git global config as a safe directory
2026-09-23T08:45:58.9292791Z [command]/usr/bin/git config --global --add safe.directory /home/runner/work/log-generation/log-generation
2026-09-23T08:45:58.9324608Z [command]/usr/bin/git config --local --name-only --get-regexp core\.sshCommand
2026-09-23T08:45:58.9352578Z [command]/usr/bin/git submodule foreach --recursive sh -c "git config --local --name-only --get-regexp 'core\.sshCommand' && git config --local --unset-all 'core.sshCommand' || :"
2026-09-23T08:45:58.9560669Z [command]/usr/bin/git config --local --name-only --get-regexp http\.https\:\/\/github\.com\/\.extraheader
2026-09-23T08:45:58.9586246Z http.https://github.com/.extraheader
2026-09-23T08:45:58.9594146Z [command]/usr/bin/git config --local --unset-all http.https://github.com/.extraheader
2026-09-23T08:45:58.9623312Z [command]/usr/bin/git submodule foreach --recursive sh -c "git config --local --name-only --get-regexp 'http\.https\:\/\/github\.com\/\.extraheader' && git config --local --unset-all 'http.https://github.com/.extraheader' || :"
2026-09-23T08:45:58.9833272Z [command]/usr/bin/git config --local --name-only --get-regexp ^includeIf\.gitdir:
2026-09-23T08:45:58.9867075Z [command]/usr/bin/git submodule foreach --recursive git config --local --show-origin --name-only --get-regexp remote.origin.url
2026-09-23T08:45:59.0199224Z Cleaning up orphan processes
2026-09-23T08:45:59.0459598Z ##[warning]Node.js 20 is deprecated. The following actions target Node.js 20 but are being forced to run on Node.js 24: actions/checkout@v4, actions/setup-python@v5. For more information see: https://github.blog/changelog/2025-09-19-deprecation-of-node-20-on-github-actions-runners/
