ï»¿2026-09-23T08:44:19.3597821Z Current runner version: '2.337.0'
2026-09-23T08:44:19.3623172Z ##[group]Runner Image Provisioner
2026-09-23T08:44:19.3623983Z Hosted Compute Agent
2026-09-23T08:44:19.3625012Z Version: 20260828.587
2026-09-23T08:44:19.3625693Z Commit: abac92662cab4cc7352de4f9f9d2e2419aad9c29
2026-09-23T08:44:19.3626488Z Build Date: 2026-08-28T16:44:25Z
2026-09-23T08:44:19.3627213Z Worker ID: {bf726b97-e9b0-404d-bc00-708d6a0c1555}
2026-09-23T08:44:19.3627960Z Azure Region: northcentralus
2026-09-23T08:44:19.3628629Z ##[endgroup]
2026-09-23T08:44:19.3630168Z ##[group]Operating System
2026-09-23T08:44:19.3630857Z Ubuntu
2026-09-23T08:44:19.3631493Z 24.04.5
2026-09-23T08:44:19.3632349Z LTS
2026-09-23T08:44:19.3632955Z ##[endgroup]
2026-09-23T08:44:19.3633505Z ##[group]Runner Image
2026-09-23T08:44:19.3634132Z Image: ubuntu-24.04
2026-09-23T08:44:19.3635135Z Version: 20260907.300.1
2026-09-23T08:44:19.3636442Z Included Software: https://github.com/actions/runner-images/blob/ubuntu24/20260907.300/images/ubuntu/Ubuntu2404-Readme.md
2026-09-23T08:44:19.3638035Z Image Release: https://github.com/actions/runner-images/releases/tag/ubuntu24%2F20260907.300
2026-09-23T08:44:19.3639024Z ##[endgroup]
2026-09-23T08:44:19.3640254Z ##[group]GITHUB_TOKEN Permissions
2026-09-23T08:44:19.3642539Z Contents: read
2026-09-23T08:44:19.3643138Z Metadata: read
2026-09-23T08:44:19.3643680Z Packages: read
2026-09-23T08:44:19.3644330Z ##[endgroup]
2026-09-23T08:44:19.3646832Z Secret source: Actions
2026-09-23T08:44:19.3647883Z Cache mode: write
2026-09-23T08:44:19.3648946Z Prepare workflow directory
2026-09-23T08:44:19.4107990Z Prepare all required actions
2026-09-23T08:44:19.4178508Z Getting action download info
2026-09-23T08:44:19.6793982Z Download action repository 'actions/checkout@v4' (SHA:11d5960a326750d5838078e36cf38b85af677262)
2026-09-23T08:44:19.7836574Z Download action repository 'actions/setup-python@v5' (SHA:a26af69be951a213d495a4c3e4e4022e16d87065)
2026-09-23T08:44:19.9687531Z Complete job name: test-f3 (FileNotFoundError #90)
2026-09-23T08:44:20.0479362Z Node 20 is being deprecated. This workflow is running with Node 24 by default. If you need to temporarily use Node 20, you can set the ACTIONS_ALLOW_USE_UNSECURE_NODE_VERSION=true environment variable. For more information see: https://github.blog/changelog/2025-09-19-deprecation-of-node-20-on-github-actions-runners/
2026-09-23T08:44:20.0488555Z ##[group]Run actions/checkout@v4
2026-09-23T08:44:20.0489324Z with:
2026-09-23T08:44:20.0489753Z   fetch-depth: 1
2026-09-23T08:44:20.0490235Z   repository: DhruvHegde/log-generation
2026-09-23T08:44:20.0494294Z   token: ***
2026-09-23T08:44:20.0494970Z   ssh-strict: true
2026-09-23T08:44:20.0495419Z   ssh-user: git
2026-09-23T08:44:20.0495864Z   persist-credentials: true
2026-09-23T08:44:20.0496349Z   clean: true
2026-09-23T08:44:20.0496789Z   sparse-checkout-cone-mode: true
2026-09-23T08:44:20.0497299Z   fetch-tags: false
2026-09-23T08:44:20.0497737Z   show-progress: true
2026-09-23T08:44:20.0498177Z   lfs: false
2026-09-23T08:44:20.0498629Z   submodules: false
2026-09-23T08:44:20.0499083Z   set-safe-directory: true
2026-09-23T08:44:20.0499589Z   allow-unsafe-pr-checkout: false
2026-09-23T08:44:20.0500397Z ##[endgroup]
2026-09-23T08:44:20.1565166Z Syncing repository: DhruvHegde/log-generation
2026-09-23T08:44:20.1568145Z ##[group]Getting Git version info
2026-09-23T08:44:20.1569512Z Working directory is '/home/runner/work/log-generation/log-generation'
2026-09-23T08:44:20.1571478Z [command]/usr/bin/git version
2026-09-23T08:44:20.1700882Z git version 2.55.0
2026-09-23T08:44:20.1722925Z ##[endgroup]
2026-09-23T08:44:20.1741305Z Temporarily overriding HOME='/home/runner/work/_temp/2d361933-9ccc-4820-8df8-41e881d78e10' before making global git config changes
2026-09-23T08:44:20.1743910Z Adding repository directory to the temporary git global config as a safe directory
2026-09-23T08:44:20.1748240Z [command]/usr/bin/git config --global --add safe.directory /home/runner/work/log-generation/log-generation
2026-09-23T08:44:20.1804845Z Deleting the contents of '/home/runner/work/log-generation/log-generation'
2026-09-23T08:44:20.1813935Z ##[group]Initializing the repository
2026-09-23T08:44:20.1825005Z [command]/usr/bin/git init /home/runner/work/log-generation/log-generation
2026-09-23T08:44:20.1935677Z hint: Using 'master' as the name for the initial branch. This default branch name
2026-09-23T08:44:20.1937842Z hint: will change to "main" in Git 3.0. To configure the initial branch name
2026-09-23T08:44:20.1939607Z hint: to use in all of your new repositories, which will suppress this warning,
2026-09-23T08:44:20.1941054Z hint: call:
2026-09-23T08:44:20.1942169Z hint:
2026-09-23T08:44:20.1943615Z hint: 	git config --global init.defaultBranch <name>
2026-09-23T08:44:20.1945148Z hint:
2026-09-23T08:44:20.1946343Z hint: Names commonly chosen instead of 'master' are 'main', 'trunk' and
2026-09-23T08:44:20.1948136Z hint: 'development'. The just-created branch can be renamed via this command:
2026-09-23T08:44:20.1949704Z hint:
2026-09-23T08:44:20.1950995Z hint: 	git branch -m <name>
2026-09-23T08:44:20.1952027Z hint:
2026-09-23T08:44:20.1953283Z hint: Disable this message with "git config set advice.defaultBranchName false"
2026-09-23T08:44:20.1955883Z Initialized empty Git repository in /home/runner/work/log-generation/log-generation/.git/
2026-09-23T08:44:20.1959681Z [command]/usr/bin/git remote add origin https://github.com/DhruvHegde/log-generation
2026-09-23T08:44:20.2017331Z ##[endgroup]
2026-09-23T08:44:20.2018798Z ##[group]Disabling automatic garbage collection
2026-09-23T08:44:20.2021382Z [command]/usr/bin/git config --local gc.auto 0
2026-09-23T08:44:20.2055348Z ##[endgroup]
2026-09-23T08:44:20.2057360Z ##[group]Setting up auth
2026-09-23T08:44:20.2064390Z [command]/usr/bin/git config --local --name-only --get-regexp core\.sshCommand
2026-09-23T08:44:20.2117759Z [command]/usr/bin/git submodule foreach --recursive sh -c "git config --local --name-only --get-regexp 'core\.sshCommand' && git config --local --unset-all 'core.sshCommand' || :"
2026-09-23T08:44:20.2525825Z [command]/usr/bin/git config --local --name-only --get-regexp http\.https\:\/\/github\.com\/\.extraheader
2026-09-23T08:44:20.2562416Z [command]/usr/bin/git submodule foreach --recursive sh -c "git config --local --name-only --get-regexp 'http\.https\:\/\/github\.com\/\.extraheader' && git config --local --unset-all 'http.https://github.com/.extraheader' || :"
2026-09-23T08:44:20.2793920Z [command]/usr/bin/git config --local --name-only --get-regexp ^includeIf\.gitdir:
2026-09-23T08:44:20.2831256Z [command]/usr/bin/git submodule foreach --recursive git config --local --show-origin --name-only --get-regexp remote.origin.url
2026-09-23T08:44:20.3062718Z [command]/usr/bin/git config --local http.https://github.com/.extraheader AUTHORIZATION: basic ***
2026-09-23T08:44:20.3103063Z ##[endgroup]
2026-09-23T08:44:20.3104075Z ##[group]Fetching the repository
2026-09-23T08:44:20.3114049Z [command]/usr/bin/git -c protocol.version=2 fetch --no-tags --prune --no-recurse-submodules --depth=1 origin +dfcb6f158e4bd8054252a4da5d0a9edc2ab15d57:refs/remotes/origin/feature/f3-test-failures
2026-09-23T08:44:20.6202324Z From https://github.com/DhruvHegde/log-generation
2026-09-23T08:44:20.6204986Z  * [new ref]         dfcb6f158e4bd8054252a4da5d0a9edc2ab15d57 -> origin/feature/f3-test-failures
2026-09-23T08:44:20.6208752Z ##[endgroup]
2026-09-23T08:44:20.6210416Z ##[group]Determining the checkout info
2026-09-23T08:44:20.6212351Z ##[endgroup]
2026-09-23T08:44:20.6218535Z [command]/usr/bin/git sparse-checkout disable
2026-09-23T08:44:20.6276728Z [command]/usr/bin/git config --local --unset-all extensions.worktreeConfig
2026-09-23T08:44:20.6311017Z ##[group]Checking out the ref
2026-09-23T08:44:20.6324315Z [command]/usr/bin/git checkout --progress --force -B feature/f3-test-failures refs/remotes/origin/feature/f3-test-failures
2026-09-23T08:44:20.6401992Z Switched to a new branch 'feature/f3-test-failures'
2026-09-23T08:44:20.6409632Z branch 'feature/f3-test-failures' set up to track 'origin/feature/f3-test-failures'.
2026-09-23T08:44:20.6413893Z ##[endgroup]
2026-09-23T08:44:20.6457482Z [command]/usr/bin/git log -1 --format=%H
2026-09-23T08:44:20.6484019Z dfcb6f158e4bd8054252a4da5d0a9edc2ab15d57
2026-09-23T08:44:20.6760749Z Node 20 is being deprecated. This workflow is running with Node 24 by default. If you need to temporarily use Node 20, you can set the ACTIONS_ALLOW_USE_UNSECURE_NODE_VERSION=true environment variable. For more information see: https://github.blog/changelog/2025-09-19-deprecation-of-node-20-on-github-actions-runners/
2026-09-23T08:44:20.6763406Z ##[group]Run actions/setup-python@v5
2026-09-23T08:44:20.6763943Z with:
2026-09-23T08:44:20.6764354Z   python-version: 3.11
2026-09-23T08:44:20.6765133Z   check-latest: false
2026-09-23T08:44:20.6768819Z   token: ***
2026-09-23T08:44:20.6769256Z   update-environment: true
2026-09-23T08:44:20.6769754Z   allow-prereleases: false
2026-09-23T08:44:20.6770236Z   freethreaded: false
2026-09-23T08:44:20.6770673Z ##[endgroup]
2026-09-23T08:44:20.8150680Z ##[group]Installed versions
2026-09-23T08:44:20.8249471Z (node:2252) [DEP0040] DeprecationWarning: The `punycode` module is deprecated. Please use a userland alternative instead.
2026-09-23T08:44:20.8251390Z (Use `node --trace-deprecation ...` to show where the warning was created)
2026-09-23T08:44:20.8252668Z Successfully set up CPython (3.11.16)
2026-09-23T08:44:20.8254096Z ##[endgroup]
2026-09-23T08:44:20.8439499Z ##[group]Run pip install --no-cache-dir pytest
2026-09-23T08:44:20.8440280Z [36;1mpip install --no-cache-dir pytest[0m
2026-09-23T08:44:20.8495914Z shell: /usr/bin/bash -e {0}
2026-09-23T08:44:20.8496493Z env:
2026-09-23T08:44:20.8497026Z   pythonLocation: /opt/hostedtoolcache/Python/3.11.16/x64
2026-09-23T08:44:20.8497891Z   PKG_CONFIG_PATH: /opt/hostedtoolcache/Python/3.11.16/x64/lib/pkgconfig
2026-09-23T08:44:20.8499089Z   Python_ROOT_DIR: /opt/hostedtoolcache/Python/3.11.16/x64
2026-09-23T08:44:20.8500357Z   Python2_ROOT_DIR: /opt/hostedtoolcache/Python/3.11.16/x64
2026-09-23T08:44:20.8602668Z   Python3_ROOT_DIR: /opt/hostedtoolcache/Python/3.11.16/x64
2026-09-23T08:44:20.8604363Z   LD_LIBRARY_PATH: /opt/hostedtoolcache/Python/3.11.16/x64/lib
2026-09-23T08:44:20.8605742Z ##[endgroup]
2026-09-23T08:44:21.7485651Z Collecting pytest
2026-09-23T08:44:21.8011210Z   Downloading pytest-9.1.1-py3-none-any.whl.metadata (7.6 kB)
2026-09-23T08:44:21.8095720Z Collecting iniconfig>=1.0.1 (from pytest)
2026-09-23T08:44:21.8132402Z   Downloading iniconfig-2.3.0-py3-none-any.whl.metadata (2.5 kB)
2026-09-23T08:44:21.8240113Z Collecting packaging>=22 (from pytest)
2026-09-23T08:44:21.8275697Z   Downloading packaging-26.3-py3-none-any.whl.metadata (3.5 kB)
2026-09-23T08:44:21.8358296Z Collecting pluggy<2,>=1.5 (from pytest)
2026-09-23T08:44:21.8393523Z   Downloading pluggy-1.6.0-py3-none-any.whl.metadata (4.8 kB)
2026-09-23T08:44:21.8528911Z Collecting pygments>=2.7.2 (from pytest)
2026-09-23T08:44:21.8564127Z   Downloading pygments-2.21.0-py3-none-any.whl.metadata (2.5 kB)
2026-09-23T08:44:21.8630078Z Downloading pytest-9.1.1-py3-none-any.whl (386 kB)
2026-09-23T08:44:21.8846522Z Downloading pluggy-1.6.0-py3-none-any.whl (20 kB)
2026-09-23T08:44:21.8879515Z Downloading iniconfig-2.3.0-py3-none-any.whl (7.5 kB)
2026-09-23T08:44:21.8911340Z Downloading packaging-26.3-py3-none-any.whl (129 kB)
2026-09-23T08:44:21.8965158Z Downloading pygments-2.21.0-py3-none-any.whl (1.3 MB)
2026-09-23T08:44:21.9156740Z    ââââââââââââââââââââââââââââââââââââââââ 1.3/1.3 MB 82.1 MB/s  0:00:00
2026-09-23T08:44:21.9851237Z Installing collected packages: pygments, pluggy, packaging, iniconfig, pytest
2026-09-23T08:44:22.9825070Z 
2026-09-23T08:44:22.9836184Z Successfully installed iniconfig-2.3.0 packaging-26.3 pluggy-1.6.0 pygments-2.21.0 pytest-9.1.1
2026-09-23T08:44:23.0388944Z ##[group]Run python automation/inject_mutation.py --error-type "FileNotFoundError"
2026-09-23T08:44:23.0389722Z [36;1mpython automation/inject_mutation.py --error-type "FileNotFoundError"[0m
2026-09-23T08:44:23.0429543Z shell: /usr/bin/bash -e {0}
2026-09-23T08:44:23.0429865Z env:
2026-09-23T08:44:23.0430401Z   pythonLocation: /opt/hostedtoolcache/Python/3.11.16/x64
2026-09-23T08:44:23.0430893Z   PKG_CONFIG_PATH: /opt/hostedtoolcache/Python/3.11.16/x64/lib/pkgconfig
2026-09-23T08:44:23.0431372Z   Python_ROOT_DIR: /opt/hostedtoolcache/Python/3.11.16/x64
2026-09-23T08:44:23.0431801Z   Python2_ROOT_DIR: /opt/hostedtoolcache/Python/3.11.16/x64
2026-09-23T08:44:23.0432252Z   Python3_ROOT_DIR: /opt/hostedtoolcache/Python/3.11.16/x64
2026-09-23T08:44:23.0432691Z   LD_LIBRARY_PATH: /opt/hostedtoolcache/Python/3.11.16/x64/lib
2026-09-23T08:44:23.0433090Z ##[endgroup]
2026-09-23T08:44:23.0743990Z [Mutation Injected] Successfully injected FileNotFoundError into tests/test_app.py
2026-09-23T08:44:23.0820966Z ##[group]Run pytest tests/test_app.py -v
2026-09-23T08:44:23.0821438Z [36;1mpytest tests/test_app.py -v[0m
2026-09-23T08:44:23.0860505Z shell: /usr/bin/bash -e {0}
2026-09-23T08:44:23.0860819Z env:
2026-09-23T08:44:23.0861143Z   pythonLocation: /opt/hostedtoolcache/Python/3.11.16/x64
2026-09-23T08:44:23.0861706Z   PKG_CONFIG_PATH: /opt/hostedtoolcache/Python/3.11.16/x64/lib/pkgconfig
2026-09-23T08:44:23.0862214Z   Python_ROOT_DIR: /opt/hostedtoolcache/Python/3.11.16/x64
2026-09-23T08:44:23.0862652Z   Python2_ROOT_DIR: /opt/hostedtoolcache/Python/3.11.16/x64
2026-09-23T08:44:23.0863082Z   Python3_ROOT_DIR: /opt/hostedtoolcache/Python/3.11.16/x64
2026-09-23T08:44:23.0863522Z   LD_LIBRARY_PATH: /opt/hostedtoolcache/Python/3.11.16/x64/lib
2026-09-23T08:44:23.0863899Z ##[endgroup]
2026-09-23T08:44:23.4917430Z ============================= test session starts ==============================
2026-09-23T08:44:23.4918807Z platform linux -- Python 3.11.16, pytest-9.1.1, pluggy-1.6.0 -- /opt/hostedtoolcache/Python/3.11.16/x64/bin/python
2026-09-23T08:44:23.4919865Z cachedir: .pytest_cache
2026-09-23T08:44:23.4920508Z rootdir: /home/runner/work/log-generation/log-generation
2026-09-23T08:44:23.4921246Z configfile: pytest.ini
2026-09-23T08:44:23.5010393Z collecting ... collected 6 items
2026-09-23T08:44:23.5010945Z 
2026-09-23T08:44:23.5020589Z tests/test_app.py::test_calculate_division PASSED                        [ 16%]
2026-09-23T08:44:23.5029025Z tests/test_app.py::test_convert_to_int PASSED                            [ 33%]
2026-09-23T08:44:23.5037663Z tests/test_app.py::test_get_list_item PASSED                             [ 50%]
2026-09-23T08:44:23.5045122Z tests/test_app.py::test_get_dict_value PASSED                            [ 66%]
2026-09-23T08:44:23.5053268Z tests/test_app.py::test_assert_positive PASSED                           [ 83%]
2026-09-23T08:44:23.5324113Z tests/test_app.py::test_file_not_found_error FAILED                      [100%]
2026-09-23T08:44:23.5324966Z 
2026-09-23T08:44:23.5325282Z =================================== FAILURES ===================================
2026-09-23T08:44:23.5325884Z __________________________ test_file_not_found_error ___________________________
2026-09-23T08:44:23.5326268Z 
2026-09-23T08:44:23.5326420Z     def test_file_not_found_error():
2026-09-23T08:44:23.5326854Z         """Injected synthetic FileNotFoundError."""
2026-09-23T08:44:23.5327330Z         from src.app import read_config_file
2026-09-23T08:44:23.5327860Z >       read_config_file("fixtures/non_existent_pipeline_config.json")
2026-09-23T08:44:23.5328227Z 
2026-09-23T08:44:23.5328364Z tests/test_app.py:137: 
2026-09-23T08:44:23.5328734Z _ _ _ _ _ _ _ _ _ _ _ _ _ _ _ _ _ _ _ _ _ _ _ _ _ _ _ _ _ _ _ _ _ _ _ _ _ _ _ _ 
2026-09-23T08:44:23.5329034Z 
2026-09-23T08:44:23.5329220Z path = 'fixtures/non_existent_pipeline_config.json'
2026-09-23T08:44:23.5329499Z 
2026-09-23T08:44:23.5329640Z     def read_config_file(path):
2026-09-23T08:44:23.5329983Z >       with open(path, "r") as f:
2026-09-23T08:44:23.5330329Z              ^^^^^^^^^^^^^^^
2026-09-23T08:44:23.5330905Z E       FileNotFoundError: [Errno 2] No such file or directory: 'fixtures/non_existent_pipeline_config.json'
2026-09-23T08:44:23.5331393Z 
2026-09-23T08:44:23.5331535Z src/app.py:17: FileNotFoundError
2026-09-23T08:44:23.5331955Z =========================== short test summary info ============================
2026-09-23T08:44:23.5333342Z FAILED tests/test_app.py::test_file_not_found_error - FileNotFoundError: [Errno 2] No such file or directory: 'fixtures/non_existent_pipeline_config.json'
2026-09-23T08:44:23.5334221Z ========================= 1 failed, 5 passed in 0.03s ==========================
2026-09-23T08:44:23.5537447Z ##[error]Process completed with exit code 1.
2026-09-23T08:44:23.5695032Z Node 20 is being deprecated. This workflow is running with Node 24 by default. If you need to temporarily use Node 20, you can set the ACTIONS_ALLOW_USE_UNSECURE_NODE_VERSION=true environment variable. For more information see: https://github.blog/changelog/2025-09-19-deprecation-of-node-20-on-github-actions-runners/
2026-09-23T08:44:23.5696434Z Post job cleanup.
2026-09-23T08:44:23.6562192Z [command]/usr/bin/git version
2026-09-23T08:44:23.6609048Z git version 2.55.0
2026-09-23T08:44:23.6655864Z Temporarily overriding HOME='/home/runner/work/_temp/71d013f2-65c2-4589-b390-fe1a116184ed' before making global git config changes
2026-09-23T08:44:23.6656841Z Adding repository directory to the temporary git global config as a safe directory
2026-09-23T08:44:23.6685944Z [command]/usr/bin/git config --global --add safe.directory /home/runner/work/log-generation/log-generation
2026-09-23T08:44:23.6705396Z [command]/usr/bin/git config --local --name-only --get-regexp core\.sshCommand
2026-09-23T08:44:23.6760411Z [command]/usr/bin/git submodule foreach --recursive sh -c "git config --local --name-only --get-regexp 'core\.sshCommand' && git config --local --unset-all 'core.sshCommand' || :"
2026-09-23T08:44:23.7056463Z [command]/usr/bin/git config --local --name-only --get-regexp http\.https\:\/\/github\.com\/\.extraheader
2026-09-23T08:44:23.7094266Z http.https://github.com/.extraheader
2026-09-23T08:44:23.7112937Z [command]/usr/bin/git config --local --unset-all http.https://github.com/.extraheader
2026-09-23T08:44:23.7196922Z [command]/usr/bin/git submodule foreach --recursive sh -c "git config --local --name-only --get-regexp 'http\.https\:\/\/github\.com\/\.extraheader' && git config --local --unset-all 'http.https://github.com/.extraheader' || :"
2026-09-23T08:44:23.7492531Z [command]/usr/bin/git config --local --name-only --get-regexp ^includeIf\.gitdir:
2026-09-23T08:44:23.7545861Z [command]/usr/bin/git submodule foreach --recursive git config --local --show-origin --name-only --get-regexp remote.origin.url
2026-09-23T08:44:23.8004460Z Cleaning up orphan processes
2026-09-23T08:44:23.8304468Z ##[warning]Node.js 20 is deprecated. The following actions target Node.js 20 but are being forced to run on Node.js 24: actions/checkout@v4, actions/setup-python@v5. For more information see: https://github.blog/changelog/2025-09-19-deprecation-of-node-20-on-github-actions-runners/
