ï»¿2026-09-23T08:50:05.1830925Z Current runner version: '2.337.0'
2026-09-23T08:50:05.1857289Z ##[group]Runner Image Provisioner
2026-09-23T08:50:05.1858128Z Hosted Compute Agent
2026-09-23T08:50:05.1858805Z Version: 20260828.587
2026-09-23T08:50:05.1859515Z Commit: abac92662cab4cc7352de4f9f9d2e2419aad9c29
2026-09-23T08:50:05.1860253Z Build Date: 2026-08-28T16:44:25Z
2026-09-23T08:50:05.1861090Z Worker ID: {e54619b2-3b2c-4aa1-bba2-dcbd5d408fa4}
2026-09-23T08:50:05.1862316Z Azure Region: eastus
2026-09-23T08:50:05.1863004Z ##[endgroup]
2026-09-23T08:50:05.1864921Z ##[group]Operating System
2026-09-23T08:50:05.1866024Z Ubuntu
2026-09-23T08:50:05.1866636Z 24.04.5
2026-09-23T08:50:05.1867187Z LTS
2026-09-23T08:50:05.1867716Z ##[endgroup]
2026-09-23T08:50:05.1868272Z ##[group]Runner Image
2026-09-23T08:50:05.1868922Z Image: ubuntu-24.04
2026-09-23T08:50:05.1869521Z Version: 20260907.300.1
2026-09-23T08:50:05.1870824Z Included Software: https://github.com/actions/runner-images/blob/ubuntu24/20260907.300/images/ubuntu/Ubuntu2404-Readme.md
2026-09-23T08:50:05.1872596Z Image Release: https://github.com/actions/runner-images/releases/tag/ubuntu24%2F20260907.300
2026-09-23T08:50:05.1873658Z ##[endgroup]
2026-09-23T08:50:05.1874876Z ##[group]GITHUB_TOKEN Permissions
2026-09-23T08:50:05.1877200Z Contents: read
2026-09-23T08:50:05.1877812Z Metadata: read
2026-09-23T08:50:05.1878438Z Packages: read
2026-09-23T08:50:05.1879080Z ##[endgroup]
2026-09-23T08:50:05.1881553Z Secret source: Actions
2026-09-23T08:50:05.1882524Z Cache mode: write
2026-09-23T08:50:05.1883558Z Prepare workflow directory
2026-09-23T08:50:05.2226870Z Prepare all required actions
2026-09-23T08:50:05.2278592Z Getting action download info
2026-09-23T08:50:05.4597889Z Download action repository 'actions/checkout@v4' (SHA:11d5960a326750d5838078e36cf38b85af677262)
2026-09-23T08:50:05.5850434Z Download action repository 'actions/setup-python@v5' (SHA:a26af69be951a213d495a4c3e4e4022e16d87065)
2026-09-23T08:50:05.7718141Z Complete job name: test-f3 (AttributeError #246)
2026-09-23T08:50:05.8495030Z Node 20 is being deprecated. This workflow is running with Node 24 by default. If you need to temporarily use Node 20, you can set the ACTIONS_ALLOW_USE_UNSECURE_NODE_VERSION=true environment variable. For more information see: https://github.blog/changelog/2025-09-19-deprecation-of-node-20-on-github-actions-runners/
2026-09-23T08:50:05.8504112Z ##[group]Run actions/checkout@v4
2026-09-23T08:50:05.8504863Z with:
2026-09-23T08:50:05.8505282Z   fetch-depth: 1
2026-09-23T08:50:05.8505761Z   repository: DhruvHegde/log-generation
2026-09-23T08:50:05.8509805Z   token: ***
2026-09-23T08:50:05.8510299Z   ssh-strict: true
2026-09-23T08:50:05.8510796Z   ssh-user: git
2026-09-23T08:50:05.8511539Z   persist-credentials: true
2026-09-23T08:50:05.8512113Z   clean: true
2026-09-23T08:50:05.8512618Z   sparse-checkout-cone-mode: true
2026-09-23T08:50:05.8513196Z   fetch-tags: false
2026-09-23T08:50:05.8513685Z   show-progress: true
2026-09-23T08:50:05.8514132Z   lfs: false
2026-09-23T08:50:05.8514573Z   submodules: false
2026-09-23T08:50:05.8515053Z   set-safe-directory: true
2026-09-23T08:50:05.8515560Z   allow-unsafe-pr-checkout: false
2026-09-23T08:50:05.8516355Z ##[endgroup]
2026-09-23T08:50:05.9536029Z Syncing repository: DhruvHegde/log-generation
2026-09-23T08:50:05.9537861Z ##[group]Getting Git version info
2026-09-23T08:50:05.9538692Z Working directory is '/home/runner/work/log-generation/log-generation'
2026-09-23T08:50:05.9539835Z [command]/usr/bin/git version
2026-09-23T08:50:05.9687774Z git version 2.55.0
2026-09-23T08:50:05.9711260Z ##[endgroup]
2026-09-23T08:50:05.9728477Z Temporarily overriding HOME='/home/runner/work/_temp/0c351678-3a06-4987-a881-0c9f16414f10' before making global git config changes
2026-09-23T08:50:05.9734900Z Adding repository directory to the temporary git global config as a safe directory
2026-09-23T08:50:05.9736912Z [command]/usr/bin/git config --global --add safe.directory /home/runner/work/log-generation/log-generation
2026-09-23T08:50:05.9791820Z Deleting the contents of '/home/runner/work/log-generation/log-generation'
2026-09-23T08:50:05.9801092Z ##[group]Initializing the repository
2026-09-23T08:50:05.9810351Z [command]/usr/bin/git init /home/runner/work/log-generation/log-generation
2026-09-23T08:50:05.9955949Z hint: Using 'master' as the name for the initial branch. This default branch name
2026-09-23T08:50:05.9960621Z hint: will change to "main" in Git 3.0. To configure the initial branch name
2026-09-23T08:50:05.9962372Z hint: to use in all of your new repositories, which will suppress this warning,
2026-09-23T08:50:05.9963334Z hint: call:
2026-09-23T08:50:05.9963815Z hint:
2026-09-23T08:50:05.9964417Z hint: 	git config --global init.defaultBranch <name>
2026-09-23T08:50:05.9965373Z hint:
2026-09-23T08:50:05.9966477Z hint: Names commonly chosen instead of 'master' are 'main', 'trunk' and
2026-09-23T08:50:05.9967658Z hint: 'development'. The just-created branch can be renamed via this command:
2026-09-23T08:50:05.9968439Z hint:
2026-09-23T08:50:05.9968960Z hint: 	git branch -m <name>
2026-09-23T08:50:05.9969473Z hint:
2026-09-23T08:50:05.9970114Z hint: Disable this message with "git config set advice.defaultBranchName false"
2026-09-23T08:50:05.9971229Z Initialized empty Git repository in /home/runner/work/log-generation/log-generation/.git/
2026-09-23T08:50:05.9975357Z [command]/usr/bin/git remote add origin https://github.com/DhruvHegde/log-generation
2026-09-23T08:50:06.0047253Z ##[endgroup]
2026-09-23T08:50:06.0048496Z ##[group]Disabling automatic garbage collection
2026-09-23T08:50:06.0052962Z [command]/usr/bin/git config --local gc.auto 0
2026-09-23T08:50:06.0091883Z ##[endgroup]
2026-09-23T08:50:06.0093949Z ##[group]Setting up auth
2026-09-23T08:50:06.0101243Z [command]/usr/bin/git config --local --name-only --get-regexp core\.sshCommand
2026-09-23T08:50:06.0160251Z [command]/usr/bin/git submodule foreach --recursive sh -c "git config --local --name-only --get-regexp 'core\.sshCommand' && git config --local --unset-all 'core.sshCommand' || :"
2026-09-23T08:50:06.0567874Z [command]/usr/bin/git config --local --name-only --get-regexp http\.https\:\/\/github\.com\/\.extraheader
2026-09-23T08:50:06.0606913Z [command]/usr/bin/git submodule foreach --recursive sh -c "git config --local --name-only --get-regexp 'http\.https\:\/\/github\.com\/\.extraheader' && git config --local --unset-all 'http.https://github.com/.extraheader' || :"
2026-09-23T08:50:06.0828955Z [command]/usr/bin/git config --local --name-only --get-regexp ^includeIf\.gitdir:
2026-09-23T08:50:06.0865677Z [command]/usr/bin/git submodule foreach --recursive git config --local --show-origin --name-only --get-regexp remote.origin.url
2026-09-23T08:50:06.1088724Z [command]/usr/bin/git config --local http.https://github.com/.extraheader AUTHORIZATION: basic ***
2026-09-23T08:50:06.1127307Z ##[endgroup]
2026-09-23T08:50:06.1128337Z ##[group]Fetching the repository
2026-09-23T08:50:06.1137487Z [command]/usr/bin/git -c protocol.version=2 fetch --no-tags --prune --no-recurse-submodules --depth=1 origin +43f20917de93b9aad51cf79a69ad5239c5632917:refs/remotes/origin/feature/f3-test-failures
2026-09-23T08:50:06.3769883Z From https://github.com/DhruvHegde/log-generation
2026-09-23T08:50:06.3771105Z  * [new ref]         43f20917de93b9aad51cf79a69ad5239c5632917 -> origin/feature/f3-test-failures
2026-09-23T08:50:06.3774617Z ##[endgroup]
2026-09-23T08:50:06.3775487Z ##[group]Determining the checkout info
2026-09-23T08:50:06.3783743Z ##[endgroup]
2026-09-23T08:50:06.3786336Z [command]/usr/bin/git sparse-checkout disable
2026-09-23T08:50:06.3846525Z [command]/usr/bin/git config --local --unset-all extensions.worktreeConfig
2026-09-23T08:50:06.3884711Z ##[group]Checking out the ref
2026-09-23T08:50:06.3925200Z [command]/usr/bin/git checkout --progress --force -B feature/f3-test-failures refs/remotes/origin/feature/f3-test-failures
2026-09-23T08:50:06.4340829Z Switched to a new branch 'feature/f3-test-failures'
2026-09-23T08:50:06.4347196Z branch 'feature/f3-test-failures' set up to track 'origin/feature/f3-test-failures'.
2026-09-23T08:50:06.4355598Z ##[endgroup]
2026-09-23T08:50:06.4404469Z [command]/usr/bin/git log -1 --format=%H
2026-09-23T08:50:06.4431584Z 43f20917de93b9aad51cf79a69ad5239c5632917
2026-09-23T08:50:06.4708774Z Node 20 is being deprecated. This workflow is running with Node 24 by default. If you need to temporarily use Node 20, you can set the ACTIONS_ALLOW_USE_UNSECURE_NODE_VERSION=true environment variable. For more information see: https://github.blog/changelog/2025-09-19-deprecation-of-node-20-on-github-actions-runners/
2026-09-23T08:50:06.4711557Z ##[group]Run actions/setup-python@v5
2026-09-23T08:50:06.4712102Z with:
2026-09-23T08:50:06.4712511Z   python-version: 3.11
2026-09-23T08:50:06.4712978Z   check-latest: false
2026-09-23T08:50:06.4716887Z   token: ***
2026-09-23T08:50:06.4717322Z   update-environment: true
2026-09-23T08:50:06.4717819Z   allow-prereleases: false
2026-09-23T08:50:06.4718301Z   freethreaded: false
2026-09-23T08:50:06.4718751Z ##[endgroup]
2026-09-23T08:50:06.6046510Z ##[group]Installed versions
2026-09-23T08:50:06.6146802Z (node:2184) [DEP0040] DeprecationWarning: The `punycode` module is deprecated. Please use a userland alternative instead.
2026-09-23T08:50:06.6149173Z (Use `node --trace-deprecation ...` to show where the warning was created)
2026-09-23T08:50:06.6150549Z Successfully set up CPython (3.11.16)
2026-09-23T08:50:06.6152183Z ##[endgroup]
2026-09-23T08:50:06.6322888Z ##[group]Run pip install --no-cache-dir pytest
2026-09-23T08:50:06.6323694Z [36;1mpip install --no-cache-dir pytest[0m
2026-09-23T08:50:06.6377274Z shell: /usr/bin/bash -e {0}
2026-09-23T08:50:06.6377816Z env:
2026-09-23T08:50:06.6378348Z   pythonLocation: /opt/hostedtoolcache/Python/3.11.16/x64
2026-09-23T08:50:06.6379180Z   PKG_CONFIG_PATH: /opt/hostedtoolcache/Python/3.11.16/x64/lib/pkgconfig
2026-09-23T08:50:06.6379999Z   Python_ROOT_DIR: /opt/hostedtoolcache/Python/3.11.16/x64
2026-09-23T08:50:06.6380739Z   Python2_ROOT_DIR: /opt/hostedtoolcache/Python/3.11.16/x64
2026-09-23T08:50:06.6469000Z   Python3_ROOT_DIR: /opt/hostedtoolcache/Python/3.11.16/x64
2026-09-23T08:50:06.6471049Z   LD_LIBRARY_PATH: /opt/hostedtoolcache/Python/3.11.16/x64/lib
2026-09-23T08:50:06.6472716Z ##[endgroup]
2026-09-23T08:50:07.6271613Z Collecting pytest
2026-09-23T08:50:07.6755815Z   Downloading pytest-9.1.1-py3-none-any.whl.metadata (7.6 kB)
2026-09-23T08:50:07.6835379Z Collecting iniconfig>=1.0.1 (from pytest)
2026-09-23T08:50:07.6878772Z   Downloading iniconfig-2.3.0-py3-none-any.whl.metadata (2.5 kB)
2026-09-23T08:50:07.6979615Z Collecting packaging>=22 (from pytest)
2026-09-23T08:50:07.7016448Z   Downloading packaging-26.3-py3-none-any.whl.metadata (3.5 kB)
2026-09-23T08:50:07.7103552Z Collecting pluggy<2,>=1.5 (from pytest)
2026-09-23T08:50:07.7148160Z   Downloading pluggy-1.6.0-py3-none-any.whl.metadata (4.8 kB)
2026-09-23T08:50:07.7302554Z Collecting pygments>=2.7.2 (from pytest)
2026-09-23T08:50:07.7338183Z   Downloading pygments-2.21.0-py3-none-any.whl.metadata (2.5 kB)
2026-09-23T08:50:07.7417832Z Downloading pytest-9.1.1-py3-none-any.whl (386 kB)
2026-09-23T08:50:07.7603768Z Downloading pluggy-1.6.0-py3-none-any.whl (20 kB)
2026-09-23T08:50:07.7639917Z Downloading iniconfig-2.3.0-py3-none-any.whl (7.5 kB)
2026-09-23T08:50:07.7680403Z Downloading packaging-26.3-py3-none-any.whl (129 kB)
2026-09-23T08:50:07.7722489Z Downloading pygments-2.21.0-py3-none-any.whl (1.3 MB)
2026-09-23T08:50:07.7815466Z    ââââââââââââââââââââââââââââââââââââââââ 1.3/1.3 MB 202.4 MB/s  0:00:00
2026-09-23T08:50:07.8502661Z Installing collected packages: pygments, pluggy, packaging, iniconfig, pytest
2026-09-23T08:50:08.8312503Z 
2026-09-23T08:50:08.8322215Z Successfully installed iniconfig-2.3.0 packaging-26.3 pluggy-1.6.0 pygments-2.21.0 pytest-9.1.1
2026-09-23T08:50:08.8817440Z ##[group]Run python automation/inject_mutation.py --error-type "AttributeError"
2026-09-23T08:50:08.8818154Z [36;1mpython automation/inject_mutation.py --error-type "AttributeError"[0m
2026-09-23T08:50:08.8857365Z shell: /usr/bin/bash -e {0}
2026-09-23T08:50:08.8857673Z env:
2026-09-23T08:50:08.8858213Z   pythonLocation: /opt/hostedtoolcache/Python/3.11.16/x64
2026-09-23T08:50:08.8858712Z   PKG_CONFIG_PATH: /opt/hostedtoolcache/Python/3.11.16/x64/lib/pkgconfig
2026-09-23T08:50:08.8859199Z   Python_ROOT_DIR: /opt/hostedtoolcache/Python/3.11.16/x64
2026-09-23T08:50:08.8859634Z   Python2_ROOT_DIR: /opt/hostedtoolcache/Python/3.11.16/x64
2026-09-23T08:50:08.8860092Z   Python3_ROOT_DIR: /opt/hostedtoolcache/Python/3.11.16/x64
2026-09-23T08:50:08.8860559Z   LD_LIBRARY_PATH: /opt/hostedtoolcache/Python/3.11.16/x64/lib
2026-09-23T08:50:08.8860951Z ##[endgroup]
2026-09-23T08:50:08.9163502Z [Mutation Injected] Successfully injected AttributeError into tests/test_app.py
2026-09-23T08:50:08.9233052Z ##[group]Run pytest tests/test_app.py -v
2026-09-23T08:50:08.9233504Z [36;1mpytest tests/test_app.py -v[0m
2026-09-23T08:50:08.9269374Z shell: /usr/bin/bash -e {0}
2026-09-23T08:50:08.9269677Z env:
2026-09-23T08:50:08.9270007Z   pythonLocation: /opt/hostedtoolcache/Python/3.11.16/x64
2026-09-23T08:50:08.9270508Z   PKG_CONFIG_PATH: /opt/hostedtoolcache/Python/3.11.16/x64/lib/pkgconfig
2026-09-23T08:50:08.9271023Z   Python_ROOT_DIR: /opt/hostedtoolcache/Python/3.11.16/x64
2026-09-23T08:50:08.9271636Z   Python2_ROOT_DIR: /opt/hostedtoolcache/Python/3.11.16/x64
2026-09-23T08:50:08.9272085Z   Python3_ROOT_DIR: /opt/hostedtoolcache/Python/3.11.16/x64
2026-09-23T08:50:08.9272524Z   LD_LIBRARY_PATH: /opt/hostedtoolcache/Python/3.11.16/x64/lib
2026-09-23T08:50:08.9272917Z ##[endgroup]
2026-09-23T08:50:09.2354567Z ============================= test session starts ==============================
2026-09-23T08:50:09.2356293Z platform linux -- Python 3.11.16, pytest-9.1.1, pluggy-1.6.0 -- /opt/hostedtoolcache/Python/3.11.16/x64/bin/python
2026-09-23T08:50:09.2357505Z cachedir: .pytest_cache
2026-09-23T08:50:09.2358223Z rootdir: /home/runner/work/log-generation/log-generation
2026-09-23T08:50:09.2358858Z configfile: pytest.ini
2026-09-23T08:50:09.2445902Z collecting ... collected 6 items
2026-09-23T08:50:09.2446295Z 
2026-09-23T08:50:09.2455359Z tests/test_app.py::test_calculate_division PASSED                        [ 16%]
2026-09-23T08:50:09.2462674Z tests/test_app.py::test_convert_to_int PASSED                            [ 33%]
2026-09-23T08:50:09.2470051Z tests/test_app.py::test_get_list_item PASSED                             [ 50%]
2026-09-23T08:50:09.2477313Z tests/test_app.py::test_get_dict_value PASSED                            [ 66%]
2026-09-23T08:50:09.2484324Z tests/test_app.py::test_assert_positive PASSED                           [ 83%]
2026-09-23T08:50:09.2753200Z tests/test_app.py::test_attribute_error FAILED                           [100%]
2026-09-23T08:50:09.2753995Z 
2026-09-23T08:50:09.2754349Z =================================== FAILURES ===================================
2026-09-23T08:50:09.2755306Z _____________________________ test_attribute_error _____________________________
2026-09-23T08:50:09.2755937Z 
2026-09-23T08:50:09.2756166Z     def test_attribute_error():
2026-09-23T08:50:09.2756780Z         """Injected synthetic AttributeError."""
2026-09-23T08:50:09.2757525Z         from src.app import get_object_attribute
2026-09-23T08:50:09.2758131Z >       get_object_attribute(object())
2026-09-23T08:50:09.2758414Z 
2026-09-23T08:50:09.2758558Z tests/test_app.py:139: 
2026-09-23T08:50:09.2758971Z _ _ _ _ _ _ _ _ _ _ _ _ _ _ _ _ _ _ _ _ _ _ _ _ _ _ _ _ _ _ _ _ _ _ _ _ _ _ _ _ 
2026-09-23T08:50:09.2759325Z 
2026-09-23T08:50:09.2759479Z obj = <object object at 0x7fc9cd385370>
2026-09-23T08:50:09.2759746Z 
2026-09-23T08:50:09.2759913Z     def get_object_attribute(obj):
2026-09-23T08:50:09.2760301Z >       return obj.non_existent_attribute
2026-09-23T08:50:09.2760734Z                ^^^^^^^^^^^^^^^^^^^^^^^^^^
2026-09-23T08:50:09.2761683Z E       AttributeError: 'object' object has no attribute 'non_existent_attribute'
2026-09-23T08:50:09.2762247Z 
2026-09-23T08:50:09.2762429Z src/app.py:14: AttributeError
2026-09-23T08:50:09.2762942Z =========================== short test summary info ============================
2026-09-23T08:50:09.2764198Z FAILED tests/test_app.py::test_attribute_error - AttributeError: 'object' object has no attribute 'non_existent_attribute'
2026-09-23T08:50:09.2765031Z ========================= 1 failed, 5 passed in 0.03s ==========================
2026-09-23T08:50:09.2948589Z ##[error]Process completed with exit code 1.
2026-09-23T08:50:09.3091814Z Node 20 is being deprecated. This workflow is running with Node 24 by default. If you need to temporarily use Node 20, you can set the ACTIONS_ALLOW_USE_UNSECURE_NODE_VERSION=true environment variable. For more information see: https://github.blog/changelog/2025-09-19-deprecation-of-node-20-on-github-actions-runners/
2026-09-23T08:50:09.3093130Z Post job cleanup.
2026-09-23T08:50:09.3948525Z [command]/usr/bin/git version
2026-09-23T08:50:09.3995672Z git version 2.55.0
2026-09-23T08:50:09.4040444Z Temporarily overriding HOME='/home/runner/work/_temp/063913ee-263b-4f31-9387-839096652f5c' before making global git config changes
2026-09-23T08:50:09.4042068Z Adding repository directory to the temporary git global config as a safe directory
2026-09-23T08:50:09.4046858Z [command]/usr/bin/git config --global --add safe.directory /home/runner/work/log-generation/log-generation
2026-09-23T08:50:09.4090199Z [command]/usr/bin/git config --local --name-only --get-regexp core\.sshCommand
2026-09-23T08:50:09.4127889Z [command]/usr/bin/git submodule foreach --recursive sh -c "git config --local --name-only --get-regexp 'core\.sshCommand' && git config --local --unset-all 'core.sshCommand' || :"
2026-09-23T08:50:09.4402726Z [command]/usr/bin/git config --local --name-only --get-regexp http\.https\:\/\/github\.com\/\.extraheader
2026-09-23T08:50:09.4436553Z http.https://github.com/.extraheader
2026-09-23T08:50:09.4448610Z [command]/usr/bin/git config --local --unset-all http.https://github.com/.extraheader
2026-09-23T08:50:09.4502380Z [command]/usr/bin/git submodule foreach --recursive sh -c "git config --local --name-only --get-regexp 'http\.https\:\/\/github\.com\/\.extraheader' && git config --local --unset-all 'http.https://github.com/.extraheader' || :"
2026-09-23T08:50:09.4806450Z [command]/usr/bin/git config --local --name-only --get-regexp ^includeIf\.gitdir:
2026-09-23T08:50:09.4851228Z [command]/usr/bin/git submodule foreach --recursive git config --local --show-origin --name-only --get-regexp remote.origin.url
2026-09-23T08:50:09.5294224Z Cleaning up orphan processes
2026-09-23T08:50:09.5590066Z ##[warning]Node.js 20 is deprecated. The following actions target Node.js 20 but are being forced to run on Node.js 24: actions/checkout@v4, actions/setup-python@v5. For more information see: https://github.blog/changelog/2025-09-19-deprecation-of-node-20-on-github-actions-runners/
