ï»¿2026-09-23T08:48:26.0575858Z Current runner version: '2.337.0'
2026-09-23T08:48:26.0603124Z ##[group]Runner Image Provisioner
2026-09-23T08:48:26.0604109Z Hosted Compute Agent
2026-09-23T08:48:26.0604714Z Version: 20260828.587
2026-09-23T08:48:26.0605884Z Commit: abac92662cab4cc7352de4f9f9d2e2419aad9c29
2026-09-23T08:48:26.0606741Z Build Date: 2026-08-28T16:44:25Z
2026-09-23T08:48:26.0607429Z Worker ID: {7767c5fa-11db-476e-91d9-14f47dcddcfc}
2026-09-23T08:48:26.0608239Z Azure Region: eastus
2026-09-23T08:48:26.0608841Z ##[endgroup]
2026-09-23T08:48:26.0610531Z ##[group]Operating System
2026-09-23T08:48:26.0611199Z Ubuntu
2026-09-23T08:48:26.0612112Z 24.04.5
2026-09-23T08:48:26.0612748Z LTS
2026-09-23T08:48:26.0613295Z ##[endgroup]
2026-09-23T08:48:26.0613885Z ##[group]Runner Image
2026-09-23T08:48:26.0614557Z Image: ubuntu-24.04
2026-09-23T08:48:26.0615524Z Version: 20260907.300.1
2026-09-23T08:48:26.0617128Z Included Software: https://github.com/actions/runner-images/blob/ubuntu24/20260907.300/images/ubuntu/Ubuntu2404-Readme.md
2026-09-23T08:48:26.0618780Z Image Release: https://github.com/actions/runner-images/releases/tag/ubuntu24%2F20260907.300
2026-09-23T08:48:26.0619740Z ##[endgroup]
2026-09-23T08:48:26.0620938Z ##[group]GITHUB_TOKEN Permissions
2026-09-23T08:48:26.0623545Z Contents: read
2026-09-23T08:48:26.0624218Z Metadata: read
2026-09-23T08:48:26.0624803Z Packages: read
2026-09-23T08:48:26.0625679Z ##[endgroup]
2026-09-23T08:48:26.0628367Z Secret source: Actions
2026-09-23T08:48:26.0629416Z Cache mode: write
2026-09-23T08:48:26.0630543Z Prepare workflow directory
2026-09-23T08:48:26.0973245Z Prepare all required actions
2026-09-23T08:48:26.1022963Z Getting action download info
2026-09-23T08:48:26.3521981Z Download action repository 'actions/checkout@v4' (SHA:11d5960a326750d5838078e36cf38b85af677262)
2026-09-23T08:48:26.4564782Z Download action repository 'actions/setup-python@v5' (SHA:a26af69be951a213d495a4c3e4e4022e16d87065)
2026-09-23T08:48:26.6423190Z Complete job name: test-f3 (IndexError #58)
2026-09-23T08:48:26.7212106Z Node 20 is being deprecated. This workflow is running with Node 24 by default. If you need to temporarily use Node 20, you can set the ACTIONS_ALLOW_USE_UNSECURE_NODE_VERSION=true environment variable. For more information see: https://github.blog/changelog/2025-09-19-deprecation-of-node-20-on-github-actions-runners/
2026-09-23T08:48:26.7221028Z ##[group]Run actions/checkout@v4
2026-09-23T08:48:26.7221764Z with:
2026-09-23T08:48:26.7222185Z   fetch-depth: 1
2026-09-23T08:48:26.7222667Z   repository: DhruvHegde/log-generation
2026-09-23T08:48:26.7226752Z   token: ***
2026-09-23T08:48:26.7227250Z   ssh-strict: true
2026-09-23T08:48:26.7227688Z   ssh-user: git
2026-09-23T08:48:26.7228140Z   persist-credentials: true
2026-09-23T08:48:26.7228624Z   clean: true
2026-09-23T08:48:26.7229071Z   sparse-checkout-cone-mode: true
2026-09-23T08:48:26.7229594Z   fetch-tags: false
2026-09-23T08:48:26.7230039Z   show-progress: true
2026-09-23T08:48:26.7230486Z   lfs: false
2026-09-23T08:48:26.7230938Z   submodules: false
2026-09-23T08:48:26.7231396Z   set-safe-directory: true
2026-09-23T08:48:26.7231896Z   allow-unsafe-pr-checkout: false
2026-09-23T08:48:26.7232688Z ##[endgroup]
2026-09-23T08:48:26.8262019Z Syncing repository: DhruvHegde/log-generation
2026-09-23T08:48:26.8263935Z ##[group]Getting Git version info
2026-09-23T08:48:26.8264731Z Working directory is '/home/runner/work/log-generation/log-generation'
2026-09-23T08:48:26.8266142Z [command]/usr/bin/git version
2026-09-23T08:48:26.8361086Z git version 2.55.0
2026-09-23T08:48:26.8387467Z ##[endgroup]
2026-09-23T08:48:26.8404979Z Temporarily overriding HOME='/home/runner/work/_temp/30fcc319-7b81-43a0-a509-630076929f7d' before making global git config changes
2026-09-23T08:48:26.8408056Z Adding repository directory to the temporary git global config as a safe directory
2026-09-23T08:48:26.8412541Z [command]/usr/bin/git config --global --add safe.directory /home/runner/work/log-generation/log-generation
2026-09-23T08:48:26.8470405Z Deleting the contents of '/home/runner/work/log-generation/log-generation'
2026-09-23T08:48:26.8479398Z ##[group]Initializing the repository
2026-09-23T08:48:26.8480449Z [command]/usr/bin/git init /home/runner/work/log-generation/log-generation
2026-09-23T08:48:26.8594847Z hint: Using 'master' as the name for the initial branch. This default branch name
2026-09-23T08:48:26.8596744Z hint: will change to "main" in Git 3.0. To configure the initial branch name
2026-09-23T08:48:26.8598351Z hint: to use in all of your new repositories, which will suppress this warning,
2026-09-23T08:48:26.8599579Z hint: call:
2026-09-23T08:48:26.8600209Z hint:
2026-09-23T08:48:26.8601048Z hint: 	git config --global init.defaultBranch <name>
2026-09-23T08:48:26.8602027Z hint:
2026-09-23T08:48:26.8603019Z hint: Names commonly chosen instead of 'master' are 'main', 'trunk' and
2026-09-23T08:48:26.8604584Z hint: 'development'. The just-created branch can be renamed via this command:
2026-09-23T08:48:26.8606061Z hint:
2026-09-23T08:48:26.8606776Z hint: 	git branch -m <name>
2026-09-23T08:48:26.8607578Z hint:
2026-09-23T08:48:26.8608671Z hint: Disable this message with "git config set advice.defaultBranchName false"
2026-09-23T08:48:26.8610773Z Initialized empty Git repository in /home/runner/work/log-generation/log-generation/.git/
2026-09-23T08:48:26.8614006Z [command]/usr/bin/git remote add origin https://github.com/DhruvHegde/log-generation
2026-09-23T08:48:26.8661938Z ##[endgroup]
2026-09-23T08:48:26.8663276Z ##[group]Disabling automatic garbage collection
2026-09-23T08:48:26.8666508Z [command]/usr/bin/git config --local gc.auto 0
2026-09-23T08:48:26.8700834Z ##[endgroup]
2026-09-23T08:48:26.8702271Z ##[group]Setting up auth
2026-09-23T08:48:26.8708562Z [command]/usr/bin/git config --local --name-only --get-regexp core\.sshCommand
2026-09-23T08:48:26.8744608Z [command]/usr/bin/git submodule foreach --recursive sh -c "git config --local --name-only --get-regexp 'core\.sshCommand' && git config --local --unset-all 'core.sshCommand' || :"
2026-09-23T08:48:26.9143757Z [command]/usr/bin/git config --local --name-only --get-regexp http\.https\:\/\/github\.com\/\.extraheader
2026-09-23T08:48:26.9185876Z [command]/usr/bin/git submodule foreach --recursive sh -c "git config --local --name-only --get-regexp 'http\.https\:\/\/github\.com\/\.extraheader' && git config --local --unset-all 'http.https://github.com/.extraheader' || :"
2026-09-23T08:48:26.9421084Z [command]/usr/bin/git config --local --name-only --get-regexp ^includeIf\.gitdir:
2026-09-23T08:48:26.9461867Z [command]/usr/bin/git submodule foreach --recursive git config --local --show-origin --name-only --get-regexp remote.origin.url
2026-09-23T08:48:26.9696207Z [command]/usr/bin/git config --local http.https://github.com/.extraheader AUTHORIZATION: basic ***
2026-09-23T08:48:26.9736886Z ##[endgroup]
2026-09-23T08:48:26.9737941Z ##[group]Fetching the repository
2026-09-23T08:48:26.9748355Z [command]/usr/bin/git -c protocol.version=2 fetch --no-tags --prune --no-recurse-submodules --depth=1 origin +43f20917de93b9aad51cf79a69ad5239c5632917:refs/remotes/origin/feature/f3-test-failures
2026-09-23T08:48:27.2178470Z From https://github.com/DhruvHegde/log-generation
2026-09-23T08:48:27.2180725Z  * [new ref]         43f20917de93b9aad51cf79a69ad5239c5632917 -> origin/feature/f3-test-failures
2026-09-23T08:48:27.2186151Z ##[endgroup]
2026-09-23T08:48:27.2188312Z ##[group]Determining the checkout info
2026-09-23T08:48:27.2190644Z ##[endgroup]
2026-09-23T08:48:27.2194423Z [command]/usr/bin/git sparse-checkout disable
2026-09-23T08:48:27.2257744Z [command]/usr/bin/git config --local --unset-all extensions.worktreeConfig
2026-09-23T08:48:27.2294367Z ##[group]Checking out the ref
2026-09-23T08:48:27.2300436Z [command]/usr/bin/git checkout --progress --force -B feature/f3-test-failures refs/remotes/origin/feature/f3-test-failures
2026-09-23T08:48:27.2747541Z Switched to a new branch 'feature/f3-test-failures'
2026-09-23T08:48:27.2754323Z branch 'feature/f3-test-failures' set up to track 'origin/feature/f3-test-failures'.
2026-09-23T08:48:27.2761034Z ##[endgroup]
2026-09-23T08:48:27.2808241Z [command]/usr/bin/git log -1 --format=%H
2026-09-23T08:48:27.2836313Z 43f20917de93b9aad51cf79a69ad5239c5632917
2026-09-23T08:48:27.3130228Z Node 20 is being deprecated. This workflow is running with Node 24 by default. If you need to temporarily use Node 20, you can set the ACTIONS_ALLOW_USE_UNSECURE_NODE_VERSION=true environment variable. For more information see: https://github.blog/changelog/2025-09-19-deprecation-of-node-20-on-github-actions-runners/
2026-09-23T08:48:27.3133373Z ##[group]Run actions/setup-python@v5
2026-09-23T08:48:27.3133979Z with:
2026-09-23T08:48:27.3134434Z   python-version: 3.11
2026-09-23T08:48:27.3135131Z   check-latest: false
2026-09-23T08:48:27.3139003Z   token: ***
2026-09-23T08:48:27.3139491Z   update-environment: true
2026-09-23T08:48:27.3140034Z   allow-prereleases: false
2026-09-23T08:48:27.3140569Z   freethreaded: false
2026-09-23T08:48:27.3141062Z ##[endgroup]
2026-09-23T08:48:27.4512827Z ##[group]Installed versions
2026-09-23T08:48:27.4629777Z (node:2259) [DEP0040] DeprecationWarning: The `punycode` module is deprecated. Please use a userland alternative instead.
2026-09-23T08:48:27.4632501Z (Use `node --trace-deprecation ...` to show where the warning was created)
2026-09-23T08:48:27.4634374Z Successfully set up CPython (3.11.16)
2026-09-23T08:48:27.4636985Z ##[endgroup]
2026-09-23T08:48:27.4826473Z ##[group]Run pip install --no-cache-dir pytest
2026-09-23T08:48:27.4828104Z [36;1mpip install --no-cache-dir pytest[0m
2026-09-23T08:48:27.4891133Z shell: /usr/bin/bash -e {0}
2026-09-23T08:48:27.4892942Z env:
2026-09-23T08:48:27.4894673Z   pythonLocation: /opt/hostedtoolcache/Python/3.11.16/x64
2026-09-23T08:48:27.4897821Z   PKG_CONFIG_PATH: /opt/hostedtoolcache/Python/3.11.16/x64/lib/pkgconfig
2026-09-23T08:48:27.4900617Z   Python_ROOT_DIR: /opt/hostedtoolcache/Python/3.11.16/x64
2026-09-23T08:48:27.4903287Z   Python2_ROOT_DIR: /opt/hostedtoolcache/Python/3.11.16/x64
2026-09-23T08:48:27.4993344Z   Python3_ROOT_DIR: /opt/hostedtoolcache/Python/3.11.16/x64
2026-09-23T08:48:27.4996080Z   LD_LIBRARY_PATH: /opt/hostedtoolcache/Python/3.11.16/x64/lib
2026-09-23T08:48:27.4997563Z ##[endgroup]
2026-09-23T08:48:28.3860296Z Collecting pytest
2026-09-23T08:48:28.4377689Z   Downloading pytest-9.1.1-py3-none-any.whl.metadata (7.6 kB)
2026-09-23T08:48:28.4465935Z Collecting iniconfig>=1.0.1 (from pytest)
2026-09-23T08:48:28.4507840Z   Downloading iniconfig-2.3.0-py3-none-any.whl.metadata (2.5 kB)
2026-09-23T08:48:28.4613134Z Collecting packaging>=22 (from pytest)
2026-09-23T08:48:28.4653775Z   Downloading packaging-26.3-py3-none-any.whl.metadata (3.5 kB)
2026-09-23T08:48:28.4734650Z Collecting pluggy<2,>=1.5 (from pytest)
2026-09-23T08:48:28.4772812Z   Downloading pluggy-1.6.0-py3-none-any.whl.metadata (4.8 kB)
2026-09-23T08:48:28.4909659Z Collecting pygments>=2.7.2 (from pytest)
2026-09-23T08:48:28.4946622Z   Downloading pygments-2.21.0-py3-none-any.whl.metadata (2.5 kB)
2026-09-23T08:48:28.5008739Z Downloading pytest-9.1.1-py3-none-any.whl (386 kB)
2026-09-23T08:48:28.5201880Z Downloading pluggy-1.6.0-py3-none-any.whl (20 kB)
2026-09-23T08:48:28.5240378Z Downloading iniconfig-2.3.0-py3-none-any.whl (7.5 kB)
2026-09-23T08:48:28.5289037Z Downloading packaging-26.3-py3-none-any.whl (129 kB)
2026-09-23T08:48:28.5331699Z Downloading pygments-2.21.0-py3-none-any.whl (1.3 MB)
2026-09-23T08:48:28.5421910Z    ââââââââââââââââââââââââââââââââââââââââ 1.3/1.3 MB 215.2 MB/s  0:00:00
2026-09-23T08:48:28.6091371Z Installing collected packages: pygments, pluggy, packaging, iniconfig, pytest
2026-09-23T08:48:29.6120082Z 
2026-09-23T08:48:29.6128807Z Successfully installed iniconfig-2.3.0 packaging-26.3 pluggy-1.6.0 pygments-2.21.0 pytest-9.1.1
2026-09-23T08:48:29.6694617Z ##[group]Run python automation/inject_mutation.py --error-type "IndexError"
2026-09-23T08:48:29.6695602Z [36;1mpython automation/inject_mutation.py --error-type "IndexError"[0m
2026-09-23T08:48:29.6734708Z shell: /usr/bin/bash -e {0}
2026-09-23T08:48:29.6735415Z env:
2026-09-23T08:48:29.6735732Z   pythonLocation: /opt/hostedtoolcache/Python/3.11.16/x64
2026-09-23T08:48:29.6736466Z   PKG_CONFIG_PATH: /opt/hostedtoolcache/Python/3.11.16/x64/lib/pkgconfig
2026-09-23T08:48:29.6736911Z   Python_ROOT_DIR: /opt/hostedtoolcache/Python/3.11.16/x64
2026-09-23T08:48:29.6737314Z   Python2_ROOT_DIR: /opt/hostedtoolcache/Python/3.11.16/x64
2026-09-23T08:48:29.6737724Z   Python3_ROOT_DIR: /opt/hostedtoolcache/Python/3.11.16/x64
2026-09-23T08:48:29.6738125Z   LD_LIBRARY_PATH: /opt/hostedtoolcache/Python/3.11.16/x64/lib
2026-09-23T08:48:29.6738456Z ##[endgroup]
2026-09-23T08:48:29.7043850Z [Mutation Injected] Successfully injected IndexError into tests/test_app.py
2026-09-23T08:48:29.7121061Z ##[group]Run pytest tests/test_app.py -v
2026-09-23T08:48:29.7121441Z [36;1mpytest tests/test_app.py -v[0m
2026-09-23T08:48:29.7160137Z shell: /usr/bin/bash -e {0}
2026-09-23T08:48:29.7160404Z env:
2026-09-23T08:48:29.7160682Z   pythonLocation: /opt/hostedtoolcache/Python/3.11.16/x64
2026-09-23T08:48:29.7161129Z   PKG_CONFIG_PATH: /opt/hostedtoolcache/Python/3.11.16/x64/lib/pkgconfig
2026-09-23T08:48:29.7161592Z   Python_ROOT_DIR: /opt/hostedtoolcache/Python/3.11.16/x64
2026-09-23T08:48:29.7162018Z   Python2_ROOT_DIR: /opt/hostedtoolcache/Python/3.11.16/x64
2026-09-23T08:48:29.7162436Z   Python3_ROOT_DIR: /opt/hostedtoolcache/Python/3.11.16/x64
2026-09-23T08:48:29.7162836Z   LD_LIBRARY_PATH: /opt/hostedtoolcache/Python/3.11.16/x64/lib
2026-09-23T08:48:29.7163169Z ##[endgroup]
2026-09-23T08:48:29.9788801Z ============================= test session starts ==============================
2026-09-23T08:48:29.9790143Z platform linux -- Python 3.11.16, pytest-9.1.1, pluggy-1.6.0 -- /opt/hostedtoolcache/Python/3.11.16/x64/bin/python
2026-09-23T08:48:29.9791110Z cachedir: .pytest_cache
2026-09-23T08:48:29.9791635Z rootdir: /home/runner/work/log-generation/log-generation
2026-09-23T08:48:29.9792293Z configfile: pytest.ini
2026-09-23T08:48:29.9881054Z collecting ... collected 6 items
2026-09-23T08:48:29.9881632Z 
2026-09-23T08:48:29.9890931Z tests/test_app.py::test_calculate_division PASSED                        [ 16%]
2026-09-23T08:48:29.9899381Z tests/test_app.py::test_convert_to_int PASSED                            [ 33%]
2026-09-23T08:48:29.9906649Z tests/test_app.py::test_get_list_item PASSED                             [ 50%]
2026-09-23T08:48:29.9913702Z tests/test_app.py::test_get_dict_value PASSED                            [ 66%]
2026-09-23T08:48:29.9921120Z tests/test_app.py::test_assert_positive PASSED                           [ 83%]
2026-09-23T08:48:30.0213851Z tests/test_app.py::test_index_error FAILED                               [100%]
2026-09-23T08:48:30.0214687Z 
2026-09-23T08:48:30.0215264Z =================================== FAILURES ===================================
2026-09-23T08:48:30.0216067Z _______________________________ test_index_error _______________________________
2026-09-23T08:48:30.0216582Z 
2026-09-23T08:48:30.0216770Z     def test_index_error():
2026-09-23T08:48:30.0217062Z         """Injected synthetic IndexError."""
2026-09-23T08:48:30.0217405Z         from src.app import get_list_item
2026-09-23T08:48:30.0217697Z         dataset = [10, 20, 30]
2026-09-23T08:48:30.0217953Z >       get_list_item(dataset, 999)
2026-09-23T08:48:30.0218139Z 
2026-09-23T08:48:30.0218245Z tests/test_app.py:140: 
2026-09-23T08:48:30.0218544Z _ _ _ _ _ _ _ _ _ _ _ _ _ _ _ _ _ _ _ _ _ _ _ _ _ _ _ _ _ _ _ _ _ _ _ _ _ _ _ _ 
2026-09-23T08:48:30.0218811Z 
2026-09-23T08:48:30.0218933Z lst = [10, 20, 30], index = 999
2026-09-23T08:48:30.0219114Z 
2026-09-23T08:48:30.0219226Z     def get_list_item(lst, index):
2026-09-23T08:48:30.0219503Z >       return lst[index]
2026-09-23T08:48:30.0219743Z                ^^^^^^^^^^
2026-09-23T08:48:30.0220001Z E       IndexError: list index out of range
2026-09-23T08:48:30.0220210Z 
2026-09-23T08:48:30.0220313Z src/app.py:8: IndexError
2026-09-23T08:48:30.0220622Z =========================== short test summary info ============================
2026-09-23T08:48:30.0221139Z FAILED tests/test_app.py::test_index_error - IndexError: list index out of range
2026-09-23T08:48:30.0221937Z ========================= 1 failed, 5 passed in 0.03s ==========================
2026-09-23T08:48:30.0420783Z ##[error]Process completed with exit code 1.
2026-09-23T08:48:30.0567601Z Node 20 is being deprecated. This workflow is running with Node 24 by default. If you need to temporarily use Node 20, you can set the ACTIONS_ALLOW_USE_UNSECURE_NODE_VERSION=true environment variable. For more information see: https://github.blog/changelog/2025-09-19-deprecation-of-node-20-on-github-actions-runners/
2026-09-23T08:48:30.0568926Z Post job cleanup.
2026-09-23T08:48:30.1439054Z [command]/usr/bin/git version
2026-09-23T08:48:30.1493283Z git version 2.55.0
2026-09-23T08:48:30.1534276Z Temporarily overriding HOME='/home/runner/work/_temp/1862c1d5-066c-4fea-9bc0-df987f9fb907' before making global git config changes
2026-09-23T08:48:30.1535608Z Adding repository directory to the temporary git global config as a safe directory
2026-09-23T08:48:30.1541092Z [command]/usr/bin/git config --global --add safe.directory /home/runner/work/log-generation/log-generation
2026-09-23T08:48:30.1584418Z [command]/usr/bin/git config --local --name-only --get-regexp core\.sshCommand
2026-09-23T08:48:30.1620330Z [command]/usr/bin/git submodule foreach --recursive sh -c "git config --local --name-only --get-regexp 'core\.sshCommand' && git config --local --unset-all 'core.sshCommand' || :"
2026-09-23T08:48:30.1883970Z [command]/usr/bin/git config --local --name-only --get-regexp http\.https\:\/\/github\.com\/\.extraheader
2026-09-23T08:48:30.1917728Z http.https://github.com/.extraheader
2026-09-23T08:48:30.1929647Z [command]/usr/bin/git config --local --unset-all http.https://github.com/.extraheader
2026-09-23T08:48:30.1966732Z [command]/usr/bin/git submodule foreach --recursive sh -c "git config --local --name-only --get-regexp 'http\.https\:\/\/github\.com\/\.extraheader' && git config --local --unset-all 'http.https://github.com/.extraheader' || :"
2026-09-23T08:48:30.2229375Z [command]/usr/bin/git config --local --name-only --get-regexp ^includeIf\.gitdir:
2026-09-23T08:48:30.2279342Z [command]/usr/bin/git submodule foreach --recursive git config --local --show-origin --name-only --get-regexp remote.origin.url
2026-09-23T08:48:30.2685317Z Cleaning up orphan processes
2026-09-23T08:48:30.2977204Z ##[warning]Node.js 20 is deprecated. The following actions target Node.js 20 but are being forced to run on Node.js 24: actions/checkout@v4, actions/setup-python@v5. For more information see: https://github.blog/changelog/2025-09-19-deprecation-of-node-20-on-github-actions-runners/
