ï»¿2026-09-23T08:48:26.6738586Z Current runner version: '2.337.0'
2026-09-23T08:48:26.6761632Z ##[group]Runner Image Provisioner
2026-09-23T08:48:26.6762580Z Hosted Compute Agent
2026-09-23T08:48:26.6763147Z Version: 20260828.587
2026-09-23T08:48:26.6763774Z Commit: abac92662cab4cc7352de4f9f9d2e2419aad9c29
2026-09-23T08:48:26.6764477Z Build Date: 2026-08-28T16:44:25Z
2026-09-23T08:48:26.6765133Z Worker ID: {875ff2ff-9fc9-4d5f-8c08-31376acf1c20}
2026-09-23T08:48:26.6765848Z Azure Region: westcentralus
2026-09-23T08:48:26.6766424Z ##[endgroup]
2026-09-23T08:48:26.6767983Z ##[group]Operating System
2026-09-23T08:48:26.6768588Z Ubuntu
2026-09-23T08:48:26.6769118Z 24.04.5
2026-09-23T08:48:26.6769672Z LTS
2026-09-23T08:48:26.6770399Z ##[endgroup]
2026-09-23T08:48:26.6771365Z ##[group]Runner Image
2026-09-23T08:48:26.6771997Z Image: ubuntu-24.04
2026-09-23T08:48:26.6772540Z Version: 20260907.300.1
2026-09-23T08:48:26.6773733Z Included Software: https://github.com/actions/runner-images/blob/ubuntu24/20260907.300/images/ubuntu/Ubuntu2404-Readme.md
2026-09-23T08:48:26.6775154Z Image Release: https://github.com/actions/runner-images/releases/tag/ubuntu24%2F20260907.300
2026-09-23T08:48:26.6776088Z ##[endgroup]
2026-09-23T08:48:26.6777232Z ##[group]GITHUB_TOKEN Permissions
2026-09-23T08:48:26.6779424Z Contents: read
2026-09-23T08:48:26.6779971Z Metadata: read
2026-09-23T08:48:26.6780833Z Packages: read
2026-09-23T08:48:26.6781417Z ##[endgroup]
2026-09-23T08:48:26.6783428Z Secret source: Actions
2026-09-23T08:48:26.6784402Z Cache mode: write
2026-09-23T08:48:26.6785351Z Prepare workflow directory
2026-09-23T08:48:26.7092006Z Prepare all required actions
2026-09-23T08:48:26.7143282Z Getting action download info
2026-09-23T08:48:27.0330058Z Download action repository 'actions/checkout@v4' (SHA:11d5960a326750d5838078e36cf38b85af677262)
2026-09-23T08:48:27.1601208Z Download action repository 'actions/setup-python@v5' (SHA:a26af69be951a213d495a4c3e4e4022e16d87065)
2026-09-23T08:48:27.3641878Z Complete job name: test-f3 (KeyError #49)
2026-09-23T08:48:27.4307117Z Node 20 is being deprecated. This workflow is running with Node 24 by default. If you need to temporarily use Node 20, you can set the ACTIONS_ALLOW_USE_UNSECURE_NODE_VERSION=true environment variable. For more information see: https://github.blog/changelog/2025-09-19-deprecation-of-node-20-on-github-actions-runners/
2026-09-23T08:48:27.4315641Z ##[group]Run actions/checkout@v4
2026-09-23T08:48:27.4316656Z with:
2026-09-23T08:48:27.4317142Z   fetch-depth: 1
2026-09-23T08:48:27.4317759Z   repository: DhruvHegde/log-generation
2026-09-23T08:48:27.4321648Z   token: ***
2026-09-23T08:48:27.4322406Z   ssh-strict: true
2026-09-23T08:48:27.4322945Z   ssh-user: git
2026-09-23T08:48:27.4323440Z   persist-credentials: true
2026-09-23T08:48:27.4324037Z   clean: true
2026-09-23T08:48:27.4324545Z   sparse-checkout-cone-mode: true
2026-09-23T08:48:27.4325115Z   fetch-tags: false
2026-09-23T08:48:27.4325627Z   show-progress: true
2026-09-23T08:48:27.4326126Z   lfs: false
2026-09-23T08:48:27.4326754Z   submodules: false
2026-09-23T08:48:27.4327287Z   set-safe-directory: true
2026-09-23T08:48:27.4327861Z   allow-unsafe-pr-checkout: false
2026-09-23T08:48:27.4328608Z ##[endgroup]
2026-09-23T08:48:27.5338055Z Syncing repository: DhruvHegde/log-generation
2026-09-23T08:48:27.5341212Z ##[group]Getting Git version info
2026-09-23T08:48:27.5342182Z Working directory is '/home/runner/work/log-generation/log-generation'
2026-09-23T08:48:27.5343411Z [command]/usr/bin/git version
2026-09-23T08:48:27.5410925Z git version 2.55.0
2026-09-23T08:48:27.5443020Z ##[endgroup]
2026-09-23T08:48:27.5449808Z Temporarily overriding HOME='/home/runner/work/_temp/2a876c18-eba6-402a-956d-5f7395681b37' before making global git config changes
2026-09-23T08:48:27.5452211Z Adding repository directory to the temporary git global config as a safe directory
2026-09-23T08:48:27.5453981Z [command]/usr/bin/git config --global --add safe.directory /home/runner/work/log-generation/log-generation
2026-09-23T08:48:27.5509633Z Deleting the contents of '/home/runner/work/log-generation/log-generation'
2026-09-23T08:48:27.5518796Z ##[group]Initializing the repository
2026-09-23T08:48:27.5520761Z [command]/usr/bin/git init /home/runner/work/log-generation/log-generation
2026-09-23T08:48:27.5613113Z hint: Using 'master' as the name for the initial branch. This default branch name
2026-09-23T08:48:27.5615502Z hint: will change to "main" in Git 3.0. To configure the initial branch name
2026-09-23T08:48:27.5617485Z hint: to use in all of your new repositories, which will suppress this warning,
2026-09-23T08:48:27.5618758Z hint: call:
2026-09-23T08:48:27.5619478Z hint:
2026-09-23T08:48:27.5620533Z hint: 	git config --global init.defaultBranch <name>
2026-09-23T08:48:27.5621577Z hint:
2026-09-23T08:48:27.5622539Z hint: Names commonly chosen instead of 'master' are 'main', 'trunk' and
2026-09-23T08:48:27.5623967Z hint: 'development'. The just-created branch can be renamed via this command:
2026-09-23T08:48:27.5625281Z hint:
2026-09-23T08:48:27.5626122Z hint: 	git branch -m <name>
2026-09-23T08:48:27.5627015Z hint:
2026-09-23T08:48:27.5628193Z hint: Disable this message with "git config set advice.defaultBranchName false"
2026-09-23T08:48:27.5629835Z Initialized empty Git repository in /home/runner/work/log-generation/log-generation/.git/
2026-09-23T08:48:27.5633153Z [command]/usr/bin/git remote add origin https://github.com/DhruvHegde/log-generation
2026-09-23T08:48:27.5669874Z ##[endgroup]
2026-09-23T08:48:27.5671490Z ##[group]Disabling automatic garbage collection
2026-09-23T08:48:27.5673915Z [command]/usr/bin/git config --local gc.auto 0
2026-09-23T08:48:27.5703299Z ##[endgroup]
2026-09-23T08:48:27.5704870Z ##[group]Setting up auth
2026-09-23T08:48:27.5709767Z [command]/usr/bin/git config --local --name-only --get-regexp core\.sshCommand
2026-09-23T08:48:27.5738640Z [command]/usr/bin/git submodule foreach --recursive sh -c "git config --local --name-only --get-regexp 'core\.sshCommand' && git config --local --unset-all 'core.sshCommand' || :"
2026-09-23T08:48:27.6081229Z [command]/usr/bin/git config --local --name-only --get-regexp http\.https\:\/\/github\.com\/\.extraheader
2026-09-23T08:48:27.6115042Z [command]/usr/bin/git submodule foreach --recursive sh -c "git config --local --name-only --get-regexp 'http\.https\:\/\/github\.com\/\.extraheader' && git config --local --unset-all 'http.https://github.com/.extraheader' || :"
2026-09-23T08:48:27.6315532Z [command]/usr/bin/git config --local --name-only --get-regexp ^includeIf\.gitdir:
2026-09-23T08:48:27.6345250Z [command]/usr/bin/git submodule foreach --recursive git config --local --show-origin --name-only --get-regexp remote.origin.url
2026-09-23T08:48:27.6541698Z [command]/usr/bin/git config --local http.https://github.com/.extraheader AUTHORIZATION: basic ***
2026-09-23T08:48:27.6575228Z ##[endgroup]
2026-09-23T08:48:27.6576282Z ##[group]Fetching the repository
2026-09-23T08:48:27.6586607Z [command]/usr/bin/git -c protocol.version=2 fetch --no-tags --prune --no-recurse-submodules --depth=1 origin +43f20917de93b9aad51cf79a69ad5239c5632917:refs/remotes/origin/feature/f3-test-failures
2026-09-23T08:48:28.5184369Z From https://github.com/DhruvHegde/log-generation
2026-09-23T08:48:28.5187283Z  * [new ref]         43f20917de93b9aad51cf79a69ad5239c5632917 -> origin/feature/f3-test-failures
2026-09-23T08:48:28.5192868Z ##[endgroup]
2026-09-23T08:48:28.5194855Z ##[group]Determining the checkout info
2026-09-23T08:48:28.5197240Z ##[endgroup]
2026-09-23T08:48:28.5199797Z [command]/usr/bin/git sparse-checkout disable
2026-09-23T08:48:28.5246720Z [command]/usr/bin/git config --local --unset-all extensions.worktreeConfig
2026-09-23T08:48:28.5276334Z ##[group]Checking out the ref
2026-09-23T08:48:28.5279361Z [command]/usr/bin/git checkout --progress --force -B feature/f3-test-failures refs/remotes/origin/feature/f3-test-failures
2026-09-23T08:48:28.5603047Z Switched to a new branch 'feature/f3-test-failures'
2026-09-23T08:48:28.5608464Z branch 'feature/f3-test-failures' set up to track 'origin/feature/f3-test-failures'.
2026-09-23T08:48:28.5614876Z ##[endgroup]
2026-09-23T08:48:28.5654101Z [command]/usr/bin/git log -1 --format=%H
2026-09-23T08:48:28.5676752Z 43f20917de93b9aad51cf79a69ad5239c5632917
2026-09-23T08:48:28.6033838Z Node 20 is being deprecated. This workflow is running with Node 24 by default. If you need to temporarily use Node 20, you can set the ACTIONS_ALLOW_USE_UNSECURE_NODE_VERSION=true environment variable. For more information see: https://github.blog/changelog/2025-09-19-deprecation-of-node-20-on-github-actions-runners/
2026-09-23T08:48:28.6039716Z ##[group]Run actions/setup-python@v5
2026-09-23T08:48:28.6041367Z with:
2026-09-23T08:48:28.6042441Z   python-version: 3.11
2026-09-23T08:48:28.6043666Z   check-latest: false
2026-09-23T08:48:28.6052899Z   token: ***
2026-09-23T08:48:28.6054083Z   update-environment: true
2026-09-23T08:48:28.6055372Z   allow-prereleases: false
2026-09-23T08:48:28.6056624Z   freethreaded: false
2026-09-23T08:48:28.6057748Z ##[endgroup]
2026-09-23T08:48:28.7373430Z ##[group]Installed versions
2026-09-23T08:48:28.7467054Z (node:2309) [DEP0040] DeprecationWarning: The `punycode` module is deprecated. Please use a userland alternative instead.
2026-09-23T08:48:28.7471949Z (Use `node --trace-deprecation ...` to show where the warning was created)
2026-09-23T08:48:28.7474753Z Successfully set up CPython (3.11.16)
2026-09-23T08:48:28.7477260Z ##[endgroup]
2026-09-23T08:48:28.7650792Z ##[group]Run pip install --no-cache-dir pytest
2026-09-23T08:48:28.7652842Z [36;1mpip install --no-cache-dir pytest[0m
2026-09-23T08:48:28.7700892Z shell: /usr/bin/bash -e {0}
2026-09-23T08:48:28.7702140Z env:
2026-09-23T08:48:28.7703364Z   pythonLocation: /opt/hostedtoolcache/Python/3.11.16/x64
2026-09-23T08:48:28.7705585Z   PKG_CONFIG_PATH: /opt/hostedtoolcache/Python/3.11.16/x64/lib/pkgconfig
2026-09-23T08:48:28.7707551Z   Python_ROOT_DIR: /opt/hostedtoolcache/Python/3.11.16/x64
2026-09-23T08:48:28.7709367Z   Python2_ROOT_DIR: /opt/hostedtoolcache/Python/3.11.16/x64
2026-09-23T08:48:28.7711306Z   Python3_ROOT_DIR: /opt/hostedtoolcache/Python/3.11.16/x64
2026-09-23T08:48:28.7713148Z   LD_LIBRARY_PATH: /opt/hostedtoolcache/Python/3.11.16/x64/lib
2026-09-23T08:48:28.7714705Z ##[endgroup]
2026-09-23T08:48:29.7130519Z Collecting pytest
2026-09-23T08:48:29.8120395Z   Downloading pytest-9.1.1-py3-none-any.whl.metadata (7.6 kB)
2026-09-23T08:48:29.8357603Z Collecting iniconfig>=1.0.1 (from pytest)
2026-09-23T08:48:29.8548738Z   Downloading iniconfig-2.3.0-py3-none-any.whl.metadata (2.5 kB)
2026-09-23T08:48:29.8802033Z Collecting packaging>=22 (from pytest)
2026-09-23T08:48:29.8993377Z   Downloading packaging-26.3-py3-none-any.whl.metadata (3.5 kB)
2026-09-23T08:48:29.9227621Z Collecting pluggy<2,>=1.5 (from pytest)
2026-09-23T08:48:29.9417654Z   Downloading pluggy-1.6.0-py3-none-any.whl.metadata (4.8 kB)
2026-09-23T08:48:29.9706985Z Collecting pygments>=2.7.2 (from pytest)
2026-09-23T08:48:29.9892654Z   Downloading pygments-2.21.0-py3-none-any.whl.metadata (2.5 kB)
2026-09-23T08:48:30.0300509Z Downloading pytest-9.1.1-py3-none-any.whl (386 kB)
2026-09-23T08:48:30.1095065Z Downloading pluggy-1.6.0-py3-none-any.whl (20 kB)
2026-09-23T08:48:30.1284224Z Downloading iniconfig-2.3.0-py3-none-any.whl (7.5 kB)
2026-09-23T08:48:30.1469163Z Downloading packaging-26.3-py3-none-any.whl (129 kB)
2026-09-23T08:48:30.1677226Z Downloading pygments-2.21.0-py3-none-any.whl (1.3 MB)
2026-09-23T08:48:30.2207634Z    ââââââââââââââââââââââââââââââââââââââââ 1.3/1.3 MB 21.7 MB/s  0:00:00
2026-09-23T08:48:30.3054439Z Installing collected packages: pygments, pluggy, packaging, iniconfig, pytest
2026-09-23T08:48:31.1001643Z 
2026-09-23T08:48:31.1012146Z Successfully installed iniconfig-2.3.0 packaging-26.3 pluggy-1.6.0 pygments-2.21.0 pytest-9.1.1
2026-09-23T08:48:31.1635790Z ##[group]Run python automation/inject_mutation.py --error-type "KeyError"
2026-09-23T08:48:31.1636450Z [36;1mpython automation/inject_mutation.py --error-type "KeyError"[0m
2026-09-23T08:48:31.1664332Z shell: /usr/bin/bash -e {0}
2026-09-23T08:48:31.1664759Z env:
2026-09-23T08:48:31.1665138Z   pythonLocation: /opt/hostedtoolcache/Python/3.11.16/x64
2026-09-23T08:48:31.1665876Z   PKG_CONFIG_PATH: /opt/hostedtoolcache/Python/3.11.16/x64/lib/pkgconfig
2026-09-23T08:48:31.1666465Z   Python_ROOT_DIR: /opt/hostedtoolcache/Python/3.11.16/x64
2026-09-23T08:48:31.1666920Z   Python2_ROOT_DIR: /opt/hostedtoolcache/Python/3.11.16/x64
2026-09-23T08:48:31.1667384Z   Python3_ROOT_DIR: /opt/hostedtoolcache/Python/3.11.16/x64
2026-09-23T08:48:31.1667845Z   LD_LIBRARY_PATH: /opt/hostedtoolcache/Python/3.11.16/x64/lib
2026-09-23T08:48:31.1668257Z ##[endgroup]
2026-09-23T08:48:31.1950945Z [Mutation Injected] Successfully injected KeyError into tests/test_app.py
2026-09-23T08:48:31.2025536Z ##[group]Run pytest tests/test_app.py -v
2026-09-23T08:48:31.2026013Z [36;1mpytest tests/test_app.py -v[0m
2026-09-23T08:48:31.2051595Z shell: /usr/bin/bash -e {0}
2026-09-23T08:48:31.2052038Z env:
2026-09-23T08:48:31.2052508Z   pythonLocation: /opt/hostedtoolcache/Python/3.11.16/x64
2026-09-23T08:48:31.2053039Z   PKG_CONFIG_PATH: /opt/hostedtoolcache/Python/3.11.16/x64/lib/pkgconfig
2026-09-23T08:48:31.2053565Z   Python_ROOT_DIR: /opt/hostedtoolcache/Python/3.11.16/x64
2026-09-23T08:48:31.2054064Z   Python2_ROOT_DIR: /opt/hostedtoolcache/Python/3.11.16/x64
2026-09-23T08:48:31.2054528Z   Python3_ROOT_DIR: /opt/hostedtoolcache/Python/3.11.16/x64
2026-09-23T08:48:31.2055004Z   LD_LIBRARY_PATH: /opt/hostedtoolcache/Python/3.11.16/x64/lib
2026-09-23T08:48:31.2055405Z ##[endgroup]
2026-09-23T08:48:35.1420996Z ============================= test session starts ==============================
2026-09-23T08:48:35.1421912Z platform linux -- Python 3.11.16, pytest-9.1.1, pluggy-1.6.0 -- /opt/hostedtoolcache/Python/3.11.16/x64/bin/python
2026-09-23T08:48:35.1422737Z cachedir: .pytest_cache
2026-09-23T08:48:35.1423143Z rootdir: /home/runner/work/log-generation/log-generation
2026-09-23T08:48:35.1423555Z configfile: pytest.ini
2026-09-23T08:48:35.1529119Z collecting ... collected 6 items
2026-09-23T08:48:35.1529467Z 
2026-09-23T08:48:35.1539536Z tests/test_app.py::test_calculate_division PASSED                        [ 16%]
2026-09-23T08:48:35.1561492Z tests/test_app.py::test_convert_to_int PASSED                            [ 33%]
2026-09-23T08:48:35.1562518Z tests/test_app.py::test_get_list_item PASSED                             [ 50%]
2026-09-23T08:48:35.1563412Z tests/test_app.py::test_get_dict_value PASSED                            [ 66%]
2026-09-23T08:48:35.1581220Z tests/test_app.py::test_assert_positive PASSED                           [ 83%]
2026-09-23T08:48:35.1868546Z tests/test_app.py::test_key_error FAILED                                 [100%]
2026-09-23T08:48:35.1869246Z 
2026-09-23T08:48:35.1869691Z =================================== FAILURES ===================================
2026-09-23T08:48:35.1870655Z ________________________________ test_key_error ________________________________
2026-09-23T08:48:35.1871119Z 
2026-09-23T08:48:35.1871279Z     def test_key_error():
2026-09-23T08:48:35.1871691Z         """Injected synthetic KeyError."""
2026-09-23T08:48:35.1872115Z         from src.app import get_dict_value
2026-09-23T08:48:35.1872543Z         config = {"env": "staging", "retries": 3}
2026-09-23T08:48:35.1872987Z >       get_dict_value(config, "missing_auth_token")
2026-09-23T08:48:35.1873257Z 
2026-09-23T08:48:35.1873408Z tests/test_app.py:140: 
2026-09-23T08:48:35.1873817Z _ _ _ _ _ _ _ _ _ _ _ _ _ _ _ _ _ _ _ _ _ _ _ _ _ _ _ _ _ _ _ _ _ _ _ _ _ _ _ _ 
2026-09-23T08:48:35.1874105Z 
2026-09-23T08:48:35.1874321Z d = {'env': 'staging', 'retries': 3}, key = 'missing_auth_token'
2026-09-23T08:48:35.1874602Z 
2026-09-23T08:48:35.1874782Z     def get_dict_value(d, key):
2026-09-23T08:48:35.1875142Z >       return d[key]
2026-09-23T08:48:35.1875449Z                ^^^^^^
2026-09-23T08:48:35.1875805Z E       KeyError: 'missing_auth_token'
2026-09-23T08:48:35.1876049Z 
2026-09-23T08:48:35.1876172Z src/app.py:11: KeyError
2026-09-23T08:48:35.1876574Z =========================== short test summary info ============================
2026-09-23T08:48:35.1877412Z FAILED tests/test_app.py::test_key_error - KeyError: 'missing_auth_token'
2026-09-23T08:48:35.1877913Z ========================= 1 failed, 5 passed in 0.03s ==========================
2026-09-23T08:48:35.2108598Z ##[error]Process completed with exit code 1.
2026-09-23T08:48:35.2256350Z Node 20 is being deprecated. This workflow is running with Node 24 by default. If you need to temporarily use Node 20, you can set the ACTIONS_ALLOW_USE_UNSECURE_NODE_VERSION=true environment variable. For more information see: https://github.blog/changelog/2025-09-19-deprecation-of-node-20-on-github-actions-runners/
2026-09-23T08:48:35.2257505Z Post job cleanup.
2026-09-23T08:48:35.3068694Z [command]/usr/bin/git version
2026-09-23T08:48:35.3107027Z git version 2.55.0
2026-09-23T08:48:35.3143156Z Temporarily overriding HOME='/home/runner/work/_temp/9926a051-eae6-4868-83a9-183b8a7d04e4' before making global git config changes
2026-09-23T08:48:35.3144749Z Adding repository directory to the temporary git global config as a safe directory
2026-09-23T08:48:35.3148862Z [command]/usr/bin/git config --global --add safe.directory /home/runner/work/log-generation/log-generation
2026-09-23T08:48:35.3188080Z [command]/usr/bin/git config --local --name-only --get-regexp core\.sshCommand
2026-09-23T08:48:35.3221085Z [command]/usr/bin/git submodule foreach --recursive sh -c "git config --local --name-only --get-regexp 'core\.sshCommand' && git config --local --unset-all 'core.sshCommand' || :"
2026-09-23T08:48:35.3446365Z [command]/usr/bin/git config --local --name-only --get-regexp http\.https\:\/\/github\.com\/\.extraheader
2026-09-23T08:48:35.3471057Z http.https://github.com/.extraheader
2026-09-23T08:48:35.3481257Z [command]/usr/bin/git config --local --unset-all http.https://github.com/.extraheader
2026-09-23T08:48:35.3511171Z [command]/usr/bin/git submodule foreach --recursive sh -c "git config --local --name-only --get-regexp 'http\.https\:\/\/github\.com\/\.extraheader' && git config --local --unset-all 'http.https://github.com/.extraheader' || :"
2026-09-23T08:48:35.3727997Z [command]/usr/bin/git config --local --name-only --get-regexp ^includeIf\.gitdir:
2026-09-23T08:48:35.3758034Z [command]/usr/bin/git submodule foreach --recursive git config --local --show-origin --name-only --get-regexp remote.origin.url
2026-09-23T08:48:35.4126036Z Cleaning up orphan processes
2026-09-23T08:48:35.4355512Z ##[warning]Node.js 20 is deprecated. The following actions target Node.js 20 but are being forced to run on Node.js 24: actions/checkout@v4, actions/setup-python@v5. For more information see: https://github.blog/changelog/2025-09-19-deprecation-of-node-20-on-github-actions-runners/
