ï»¿2026-09-23T08:44:41.1484221Z Current runner version: '2.337.0'
2026-09-23T08:44:41.1519249Z ##[group]Runner Image Provisioner
2026-09-23T08:44:41.1521238Z Hosted Compute Agent
2026-09-23T08:44:41.1522286Z Version: 20260828.587
2026-09-23T08:44:41.1523304Z Commit: abac92662cab4cc7352de4f9f9d2e2419aad9c29
2026-09-23T08:44:41.1524713Z Build Date: 2026-08-28T16:44:25Z
2026-09-23T08:44:41.1525857Z Worker ID: {0594976c-b06f-40b3-95ea-aa0ea1b8e21f}
2026-09-23T08:44:41.1527059Z Azure Region: eastus
2026-09-23T08:44:41.1528102Z ##[endgroup]
2026-09-23T08:44:41.1530766Z ##[group]Operating System
2026-09-23T08:44:41.1532428Z Ubuntu
2026-09-23T08:44:41.1533304Z 24.04.5
2026-09-23T08:44:41.1534162Z LTS
2026-09-23T08:44:41.1535110Z ##[endgroup]
2026-09-23T08:44:41.1536001Z ##[group]Runner Image
2026-09-23T08:44:41.1537157Z Image: ubuntu-24.04
2026-09-23T08:44:41.1538177Z Version: 20260920.314.1
2026-09-23T08:44:41.1540544Z Included Software: https://github.com/actions/runner-images/blob/ubuntu24/20260920.314/images/ubuntu/Ubuntu2404-Readme.md
2026-09-23T08:44:41.1543247Z Image Release: https://github.com/actions/runner-images/releases/tag/ubuntu24%2F20260920.314
2026-09-23T08:44:41.1545089Z ##[endgroup]
2026-09-23T08:44:41.1547015Z ##[group]GITHUB_TOKEN Permissions
2026-09-23T08:44:41.1550037Z Contents: read
2026-09-23T08:44:41.1551316Z Metadata: read
2026-09-23T08:44:41.1552347Z Packages: read
2026-09-23T08:44:41.1553246Z ##[endgroup]
2026-09-23T08:44:41.1556139Z Secret source: Actions
2026-09-23T08:44:41.1557778Z Cache mode: write
2026-09-23T08:44:41.1559201Z Prepare workflow directory
2026-09-23T08:44:41.2031292Z Prepare all required actions
2026-09-23T08:44:41.2102170Z Getting action download info
2026-09-23T08:44:41.4348381Z Download action repository 'actions/checkout@v4' (SHA:11d5960a326750d5838078e36cf38b85af677262)
2026-09-23T08:44:41.5311166Z Download action repository 'actions/setup-python@v5' (SHA:a26af69be951a213d495a4c3e4e4022e16d87065)
2026-09-23T08:44:41.7109256Z Complete job name: test-f3 (AssertionError #104)
2026-09-23T08:44:41.7872961Z Node 20 is being deprecated. This workflow is running with Node 24 by default. If you need to temporarily use Node 20, you can set the ACTIONS_ALLOW_USE_UNSECURE_NODE_VERSION=true environment variable. For more information see: https://github.blog/changelog/2025-09-19-deprecation-of-node-20-on-github-actions-runners/
2026-09-23T08:44:41.7881930Z ##[group]Run actions/checkout@v4
2026-09-23T08:44:41.7882695Z with:
2026-09-23T08:44:41.7883132Z   fetch-depth: 1
2026-09-23T08:44:41.7883632Z   repository: DhruvHegde/log-generation
2026-09-23T08:44:41.7887353Z   token: ***
2026-09-23T08:44:41.7887792Z   ssh-strict: true
2026-09-23T08:44:41.7888231Z   ssh-user: git
2026-09-23T08:44:41.7888686Z   persist-credentials: true
2026-09-23T08:44:41.7889188Z   clean: true
2026-09-23T08:44:41.7889635Z   sparse-checkout-cone-mode: true
2026-09-23T08:44:41.7890183Z   fetch-tags: false
2026-09-23T08:44:41.7890832Z   show-progress: true
2026-09-23T08:44:41.7891292Z   lfs: false
2026-09-23T08:44:41.7891745Z   submodules: false
2026-09-23T08:44:41.7892214Z   set-safe-directory: true
2026-09-23T08:44:41.7892732Z   allow-unsafe-pr-checkout: false
2026-09-23T08:44:41.7893517Z ##[endgroup]
2026-09-23T08:44:41.8918087Z Syncing repository: DhruvHegde/log-generation
2026-09-23T08:44:41.8919954Z ##[group]Getting Git version info
2026-09-23T08:44:41.8921458Z Working directory is '/home/runner/work/log-generation/log-generation'
2026-09-23T08:44:41.8922831Z [command]/usr/bin/git version
2026-09-23T08:44:41.9023748Z git version 2.55.0
2026-09-23T08:44:41.9047872Z ##[endgroup]
2026-09-23T08:44:41.9065516Z Temporarily overriding HOME='/home/runner/work/_temp/bbd57db8-2104-463c-82e9-273c0c1105b2' before making global git config changes
2026-09-23T08:44:41.9068117Z Adding repository directory to the temporary git global config as a safe directory
2026-09-23T08:44:41.9071804Z [command]/usr/bin/git config --global --add safe.directory /home/runner/work/log-generation/log-generation
2026-09-23T08:44:41.9130028Z Deleting the contents of '/home/runner/work/log-generation/log-generation'
2026-09-23T08:44:41.9141977Z ##[group]Initializing the repository
2026-09-23T08:44:41.9154179Z [command]/usr/bin/git init /home/runner/work/log-generation/log-generation
2026-09-23T08:44:41.9265236Z hint: Using 'master' as the name for the initial branch. This default branch name
2026-09-23T08:44:41.9267342Z hint: will change to "main" in Git 3.0. To configure the initial branch name
2026-09-23T08:44:41.9269231Z hint: to use in all of your new repositories, which will suppress this warning,
2026-09-23T08:44:41.9271261Z hint: call:
2026-09-23T08:44:41.9272090Z hint:
2026-09-23T08:44:41.9273002Z hint: 	git config --global init.defaultBranch <name>
2026-09-23T08:44:41.9273949Z hint:
2026-09-23T08:44:41.9274908Z hint: Names commonly chosen instead of 'master' are 'main', 'trunk' and
2026-09-23T08:44:41.9276240Z hint: 'development'. The just-created branch can be renamed via this command:
2026-09-23T08:44:41.9277289Z hint:
2026-09-23T08:44:41.9278096Z hint: 	git branch -m <name>
2026-09-23T08:44:41.9278907Z hint:
2026-09-23T08:44:41.9279949Z hint: Disable this message with "git config set advice.defaultBranchName false"
2026-09-23T08:44:41.9282086Z Initialized empty Git repository in /home/runner/work/log-generation/log-generation/.git/
2026-09-23T08:44:41.9285826Z [command]/usr/bin/git remote add origin https://github.com/DhruvHegde/log-generation
2026-09-23T08:44:41.9336952Z ##[endgroup]
2026-09-23T08:44:41.9338191Z ##[group]Disabling automatic garbage collection
2026-09-23T08:44:41.9340782Z [command]/usr/bin/git config --local gc.auto 0
2026-09-23T08:44:41.9372906Z ##[endgroup]
2026-09-23T08:44:41.9373669Z ##[group]Setting up auth
2026-09-23T08:44:41.9381594Z [command]/usr/bin/git config --local --name-only --get-regexp core\.sshCommand
2026-09-23T08:44:41.9422407Z [command]/usr/bin/git submodule foreach --recursive sh -c "git config --local --name-only --get-regexp 'core\.sshCommand' && git config --local --unset-all 'core.sshCommand' || :"
2026-09-23T08:44:41.9805048Z [command]/usr/bin/git config --local --name-only --get-regexp http\.https\:\/\/github\.com\/\.extraheader
2026-09-23T08:44:41.9846709Z [command]/usr/bin/git submodule foreach --recursive sh -c "git config --local --name-only --get-regexp 'http\.https\:\/\/github\.com\/\.extraheader' && git config --local --unset-all 'http.https://github.com/.extraheader' || :"
2026-09-23T08:44:42.0106071Z [command]/usr/bin/git config --local --name-only --get-regexp ^includeIf\.gitdir:
2026-09-23T08:44:42.0143639Z [command]/usr/bin/git submodule foreach --recursive git config --local --show-origin --name-only --get-regexp remote.origin.url
2026-09-23T08:44:42.0369624Z [command]/usr/bin/git config --local http.https://github.com/.extraheader AUTHORIZATION: basic ***
2026-09-23T08:44:42.0411332Z ##[endgroup]
2026-09-23T08:44:42.0412808Z ##[group]Fetching the repository
2026-09-23T08:44:42.0423496Z [command]/usr/bin/git -c protocol.version=2 fetch --no-tags --prune --no-recurse-submodules --depth=1 origin +dfcb6f158e4bd8054252a4da5d0a9edc2ab15d57:refs/remotes/origin/feature/f3-test-failures
2026-09-23T08:44:42.2828783Z From https://github.com/DhruvHegde/log-generation
2026-09-23T08:44:42.2829996Z  * [new ref]         dfcb6f158e4bd8054252a4da5d0a9edc2ab15d57 -> origin/feature/f3-test-failures
2026-09-23T08:44:42.2835864Z ##[endgroup]
2026-09-23T08:44:42.2845101Z ##[group]Determining the checkout info
2026-09-23T08:44:42.2847118Z ##[endgroup]
2026-09-23T08:44:42.2848092Z [command]/usr/bin/git sparse-checkout disable
2026-09-23T08:44:42.2902399Z [command]/usr/bin/git config --local --unset-all extensions.worktreeConfig
2026-09-23T08:44:42.2936210Z ##[group]Checking out the ref
2026-09-23T08:44:42.2949366Z [command]/usr/bin/git checkout --progress --force -B feature/f3-test-failures refs/remotes/origin/feature/f3-test-failures
2026-09-23T08:44:42.3023991Z Switched to a new branch 'feature/f3-test-failures'
2026-09-23T08:44:42.3031319Z branch 'feature/f3-test-failures' set up to track 'origin/feature/f3-test-failures'.
2026-09-23T08:44:42.3040110Z ##[endgroup]
2026-09-23T08:44:42.3078412Z [command]/usr/bin/git log -1 --format=%H
2026-09-23T08:44:42.3105077Z dfcb6f158e4bd8054252a4da5d0a9edc2ab15d57
2026-09-23T08:44:42.3390245Z Node 20 is being deprecated. This workflow is running with Node 24 by default. If you need to temporarily use Node 20, you can set the ACTIONS_ALLOW_USE_UNSECURE_NODE_VERSION=true environment variable. For more information see: https://github.blog/changelog/2025-09-19-deprecation-of-node-20-on-github-actions-runners/
2026-09-23T08:44:42.3393669Z ##[group]Run actions/setup-python@v5
2026-09-23T08:44:42.3394282Z with:
2026-09-23T08:44:42.3394744Z   python-version: 3.11
2026-09-23T08:44:42.3395264Z   check-latest: false
2026-09-23T08:44:42.3399054Z   token: ***
2026-09-23T08:44:42.3399537Z   update-environment: true
2026-09-23T08:44:42.3400099Z   allow-prereleases: false
2026-09-23T08:44:42.3400815Z   freethreaded: false
2026-09-23T08:44:42.3401312Z ##[endgroup]
2026-09-23T08:44:42.4715032Z ##[group]Installed versions
2026-09-23T08:44:42.4808012Z (node:2147) [DEP0040] DeprecationWarning: The `punycode` module is deprecated. Please use a userland alternative instead.
2026-09-23T08:44:42.4811078Z (Use `node --trace-deprecation ...` to show where the warning was created)
2026-09-23T08:44:42.4812674Z Successfully set up CPython (3.11.16)
2026-09-23T08:44:42.4814469Z ##[endgroup]
2026-09-23T08:44:42.5005034Z ##[group]Run pip install --no-cache-dir pytest
2026-09-23T08:44:42.5005952Z [36;1mpip install --no-cache-dir pytest[0m
2026-09-23T08:44:42.5320601Z shell: /usr/bin/bash -e {0}
2026-09-23T08:44:42.5321314Z env:
2026-09-23T08:44:42.5321952Z   pythonLocation: /opt/hostedtoolcache/Python/3.11.16/x64
2026-09-23T08:44:42.5322961Z   PKG_CONFIG_PATH: /opt/hostedtoolcache/Python/3.11.16/x64/lib/pkgconfig
2026-09-23T08:44:42.5323956Z   Python_ROOT_DIR: /opt/hostedtoolcache/Python/3.11.16/x64
2026-09-23T08:44:42.5324806Z   Python2_ROOT_DIR: /opt/hostedtoolcache/Python/3.11.16/x64
2026-09-23T08:44:42.5325666Z   Python3_ROOT_DIR: /opt/hostedtoolcache/Python/3.11.16/x64
2026-09-23T08:44:42.5326555Z   LD_LIBRARY_PATH: /opt/hostedtoolcache/Python/3.11.16/x64/lib
2026-09-23T08:44:42.5327293Z ##[endgroup]
2026-09-23T08:44:43.3677337Z Collecting pytest
2026-09-23T08:44:43.4192790Z   Downloading pytest-9.1.1-py3-none-any.whl.metadata (7.6 kB)
2026-09-23T08:44:43.4278089Z Collecting iniconfig>=1.0.1 (from pytest)
2026-09-23T08:44:43.4322077Z   Downloading iniconfig-2.3.0-py3-none-any.whl.metadata (2.5 kB)
2026-09-23T08:44:43.4424050Z Collecting packaging>=22 (from pytest)
2026-09-23T08:44:43.4470248Z   Downloading packaging-26.3-py3-none-any.whl.metadata (3.5 kB)
2026-09-23T08:44:43.4546753Z Collecting pluggy<2,>=1.5 (from pytest)
2026-09-23T08:44:43.4595807Z   Downloading pluggy-1.6.0-py3-none-any.whl.metadata (4.8 kB)
2026-09-23T08:44:43.4731503Z Collecting pygments>=2.7.2 (from pytest)
2026-09-23T08:44:43.4773860Z   Downloading pygments-2.21.0-py3-none-any.whl.metadata (2.5 kB)
2026-09-23T08:44:43.4839665Z Downloading pytest-9.1.1-py3-none-any.whl (386 kB)
2026-09-23T08:44:43.5091509Z Downloading pluggy-1.6.0-py3-none-any.whl (20 kB)
2026-09-23T08:44:43.5129379Z Downloading iniconfig-2.3.0-py3-none-any.whl (7.5 kB)
2026-09-23T08:44:43.5185122Z Downloading packaging-26.3-py3-none-any.whl (129 kB)
2026-09-23T08:44:43.5257658Z Downloading pygments-2.21.0-py3-none-any.whl (1.3 MB)
2026-09-23T08:44:43.5471608Z    ââââââââââââââââââââââââââââââââââââââââ 1.3/1.3 MB 73.1 MB/s  0:00:00
2026-09-23T08:44:43.6157796Z Installing collected packages: pygments, pluggy, packaging, iniconfig, pytest
2026-09-23T08:44:44.6195300Z 
2026-09-23T08:44:44.6204901Z Successfully installed iniconfig-2.3.0 packaging-26.3 pluggy-1.6.0 pygments-2.21.0 pytest-9.1.1
2026-09-23T08:44:44.6687587Z ##[group]Run python automation/inject_mutation.py --error-type "AssertionError"
2026-09-23T08:44:44.6688242Z [36;1mpython automation/inject_mutation.py --error-type "AssertionError"[0m
2026-09-23T08:44:44.6754867Z shell: /usr/bin/bash -e {0}
2026-09-23T08:44:44.6755124Z env:
2026-09-23T08:44:44.6755622Z   pythonLocation: /opt/hostedtoolcache/Python/3.11.16/x64
2026-09-23T08:44:44.6756081Z   PKG_CONFIG_PATH: /opt/hostedtoolcache/Python/3.11.16/x64/lib/pkgconfig
2026-09-23T08:44:44.6756536Z   Python_ROOT_DIR: /opt/hostedtoolcache/Python/3.11.16/x64
2026-09-23T08:44:44.6756939Z   Python2_ROOT_DIR: /opt/hostedtoolcache/Python/3.11.16/x64
2026-09-23T08:44:44.6757347Z   Python3_ROOT_DIR: /opt/hostedtoolcache/Python/3.11.16/x64
2026-09-23T08:44:44.6757746Z   LD_LIBRARY_PATH: /opt/hostedtoolcache/Python/3.11.16/x64/lib
2026-09-23T08:44:44.6758093Z ##[endgroup]
2026-09-23T08:44:44.7081607Z [Mutation Injected] Successfully injected AssertionError into tests/test_app.py
2026-09-23T08:44:44.7155591Z ##[group]Run pytest tests/test_app.py -v
2026-09-23T08:44:44.7156014Z [36;1mpytest tests/test_app.py -v[0m
2026-09-23T08:44:44.7219780Z shell: /usr/bin/bash -e {0}
2026-09-23T08:44:44.7220097Z env:
2026-09-23T08:44:44.7220706Z   pythonLocation: /opt/hostedtoolcache/Python/3.11.16/x64
2026-09-23T08:44:44.7221238Z   PKG_CONFIG_PATH: /opt/hostedtoolcache/Python/3.11.16/x64/lib/pkgconfig
2026-09-23T08:44:44.7221768Z   Python_ROOT_DIR: /opt/hostedtoolcache/Python/3.11.16/x64
2026-09-23T08:44:44.7222244Z   Python2_ROOT_DIR: /opt/hostedtoolcache/Python/3.11.16/x64
2026-09-23T08:44:44.7222712Z   Python3_ROOT_DIR: /opt/hostedtoolcache/Python/3.11.16/x64
2026-09-23T08:44:44.7223171Z   LD_LIBRARY_PATH: /opt/hostedtoolcache/Python/3.11.16/x64/lib
2026-09-23T08:44:44.7223558Z ##[endgroup]
2026-09-23T08:44:44.9493391Z ============================= test session starts ==============================
2026-09-23T08:44:44.9494244Z platform linux -- Python 3.11.16, pytest-9.1.1, pluggy-1.6.0 -- /opt/hostedtoolcache/Python/3.11.16/x64/bin/python
2026-09-23T08:44:44.9494895Z cachedir: .pytest_cache
2026-09-23T08:44:44.9495306Z rootdir: /home/runner/work/log-generation/log-generation
2026-09-23T08:44:44.9495717Z configfile: pytest.ini
2026-09-23T08:44:44.9582140Z collecting ... collected 6 items
2026-09-23T08:44:44.9582410Z 
2026-09-23T08:44:44.9590342Z tests/test_app.py::test_calculate_division PASSED                        [ 16%]
2026-09-23T08:44:44.9597795Z tests/test_app.py::test_convert_to_int PASSED                            [ 33%]
2026-09-23T08:44:44.9605130Z tests/test_app.py::test_get_list_item PASSED                             [ 50%]
2026-09-23T08:44:44.9612415Z tests/test_app.py::test_get_dict_value PASSED                            [ 66%]
2026-09-23T08:44:44.9618906Z tests/test_app.py::test_assert_positive PASSED                           [ 83%]
2026-09-23T08:44:44.9858908Z tests/test_app.py::test_assertion_failure FAILED                         [100%]
2026-09-23T08:44:44.9859595Z 
2026-09-23T08:44:44.9859861Z =================================== FAILURES ===================================
2026-09-23T08:44:44.9860767Z ____________________________ test_assertion_failure ____________________________
2026-09-23T08:44:44.9861274Z 
2026-09-23T08:44:44.9861462Z     def test_assertion_failure():
2026-09-23T08:44:44.9861972Z         """Injected synthetic AssertionError."""
2026-09-23T08:44:44.9862523Z         expected_status = 200
2026-09-23T08:44:44.9862956Z         actual_status = 500
2026-09-23T08:44:44.9863805Z >       assert actual_status == expected_status, f"Expected {expected_status}, received {actual_status}"
2026-09-23T08:44:44.9864714Z E       AssertionError: Expected 200, received 500
2026-09-23T08:44:44.9865252Z E       assert 500 == 200
2026-09-23T08:44:44.9865546Z 
2026-09-23T08:44:44.9865735Z tests/test_app.py:138: AssertionError
2026-09-23T08:44:44.9866336Z =========================== short test summary info ============================
2026-09-23T08:44:44.9867304Z FAILED tests/test_app.py::test_assertion_failure - AssertionError: Expected 200, received 500
2026-09-23T08:44:44.9868128Z assert 500 == 200
2026-09-23T08:44:44.9868600Z ========================= 1 failed, 5 passed in 0.03s ==========================
2026-09-23T08:44:45.0046045Z ##[error]Process completed with exit code 1.
2026-09-23T08:44:45.0198238Z Node 20 is being deprecated. This workflow is running with Node 24 by default. If you need to temporarily use Node 20, you can set the ACTIONS_ALLOW_USE_UNSECURE_NODE_VERSION=true environment variable. For more information see: https://github.blog/changelog/2025-09-19-deprecation-of-node-20-on-github-actions-runners/
2026-09-23T08:44:45.0199668Z Post job cleanup.
2026-09-23T08:44:45.1051052Z [command]/usr/bin/git version
2026-09-23T08:44:45.1097420Z git version 2.55.0
2026-09-23T08:44:45.1142493Z Temporarily overriding HOME='/home/runner/work/_temp/cb03c558-1b59-46e8-b5ef-a8d96eabf15d' before making global git config changes
2026-09-23T08:44:45.1154537Z Adding repository directory to the temporary git global config as a safe directory
2026-09-23T08:44:45.1155908Z [command]/usr/bin/git config --global --add safe.directory /home/runner/work/log-generation/log-generation
2026-09-23T08:44:45.1183330Z [command]/usr/bin/git config --local --name-only --get-regexp core\.sshCommand
2026-09-23T08:44:45.1221593Z [command]/usr/bin/git submodule foreach --recursive sh -c "git config --local --name-only --get-regexp 'core\.sshCommand' && git config --local --unset-all 'core.sshCommand' || :"
2026-09-23T08:44:45.1483200Z [command]/usr/bin/git config --local --name-only --get-regexp http\.https\:\/\/github\.com\/\.extraheader
2026-09-23T08:44:45.1511194Z http.https://github.com/.extraheader
2026-09-23T08:44:45.1529011Z [command]/usr/bin/git config --local --unset-all http.https://github.com/.extraheader
2026-09-23T08:44:45.1574067Z [command]/usr/bin/git submodule foreach --recursive sh -c "git config --local --name-only --get-regexp 'http\.https\:\/\/github\.com\/\.extraheader' && git config --local --unset-all 'http.https://github.com/.extraheader' || :"
2026-09-23T08:44:45.1825805Z [command]/usr/bin/git config --local --name-only --get-regexp ^includeIf\.gitdir:
2026-09-23T08:44:45.1874236Z [command]/usr/bin/git submodule foreach --recursive git config --local --show-origin --name-only --get-regexp remote.origin.url
2026-09-23T08:44:45.2300218Z Cleaning up orphan processes
2026-09-23T08:44:45.2591827Z ##[warning]Node.js 20 is deprecated. The following actions target Node.js 20 but are being forced to run on Node.js 24: actions/checkout@v4, actions/setup-python@v5. For more information see: https://github.blog/changelog/2025-09-19-deprecation-of-node-20-on-github-actions-runners/
