ï»¿2026-09-23T08:49:35.5632858Z Current runner version: '2.337.0'
2026-09-23T08:49:35.5654019Z ##[group]Runner Image Provisioner
2026-09-23T08:49:35.5655167Z Hosted Compute Agent
2026-09-23T08:49:35.5655727Z Version: 20260828.587
2026-09-23T08:49:35.5656233Z Commit: abac92662cab4cc7352de4f9f9d2e2419aad9c29
2026-09-23T08:49:35.5656826Z Build Date: 2026-08-28T16:44:25Z
2026-09-23T08:49:35.5657385Z Worker ID: {3ec08068-2075-4c30-b393-37cda14ff2c4}
2026-09-23T08:49:35.5657936Z Azure Region: centralus
2026-09-23T08:49:35.5658379Z ##[endgroup]
2026-09-23T08:49:35.5659873Z ##[group]Operating System
2026-09-23T08:49:35.5660431Z Ubuntu
2026-09-23T08:49:35.5660881Z 24.04.5
2026-09-23T08:49:35.5661343Z LTS
2026-09-23T08:49:35.5662046Z ##[endgroup]
2026-09-23T08:49:35.5662572Z ##[group]Runner Image
2026-09-23T08:49:35.5663066Z Image: ubuntu-24.04
2026-09-23T08:49:35.5663544Z Version: 20260907.300.1
2026-09-23T08:49:35.5664679Z Included Software: https://github.com/actions/runner-images/blob/ubuntu24/20260907.300/images/ubuntu/Ubuntu2404-Readme.md
2026-09-23T08:49:35.5665865Z Image Release: https://github.com/actions/runner-images/releases/tag/ubuntu24%2F20260907.300
2026-09-23T08:49:35.5666640Z ##[endgroup]
2026-09-23T08:49:35.5667610Z ##[group]GITHUB_TOKEN Permissions
2026-09-23T08:49:35.5669620Z Contents: read
2026-09-23T08:49:35.5670104Z Metadata: read
2026-09-23T08:49:35.5670547Z Packages: read
2026-09-23T08:49:35.5670997Z ##[endgroup]
2026-09-23T08:49:35.5672761Z Secret source: Actions
2026-09-23T08:49:35.5673476Z Cache mode: write
2026-09-23T08:49:35.5674304Z Prepare workflow directory
2026-09-23T08:49:35.5940677Z Prepare all required actions
2026-09-23T08:49:35.5990597Z Getting action download info
2026-09-23T08:49:35.8580160Z Download action repository 'actions/checkout@v4' (SHA:11d5960a326750d5838078e36cf38b85af677262)
2026-09-23T08:49:36.4786343Z Download action repository 'actions/setup-python@v5' (SHA:a26af69be951a213d495a4c3e4e4022e16d87065)
2026-09-23T08:49:36.6802501Z Complete job name: test-f3 (ZeroDivisionError #130)
2026-09-23T08:49:36.7368034Z Node 20 is being deprecated. This workflow is running with Node 24 by default. If you need to temporarily use Node 20, you can set the ACTIONS_ALLOW_USE_UNSECURE_NODE_VERSION=true environment variable. For more information see: https://github.blog/changelog/2025-09-19-deprecation-of-node-20-on-github-actions-runners/
2026-09-23T08:49:36.7375842Z ##[group]Run actions/checkout@v4
2026-09-23T08:49:36.7376584Z with:
2026-09-23T08:49:36.7377033Z   fetch-depth: 1
2026-09-23T08:49:36.7377646Z   repository: DhruvHegde/log-generation
2026-09-23T08:49:36.7381283Z   token: ***
2026-09-23T08:49:36.7381721Z   ssh-strict: true
2026-09-23T08:49:36.7382212Z   ssh-user: git
2026-09-23T08:49:36.7382670Z   persist-credentials: true
2026-09-23T08:49:36.7383181Z   clean: true
2026-09-23T08:49:36.7383672Z   sparse-checkout-cone-mode: true
2026-09-23T08:49:36.7384220Z   fetch-tags: false
2026-09-23T08:49:36.7384884Z   show-progress: true
2026-09-23T08:49:36.7385372Z   lfs: false
2026-09-23T08:49:36.7386009Z   submodules: false
2026-09-23T08:49:36.7386500Z   set-safe-directory: true
2026-09-23T08:49:36.7387025Z   allow-unsafe-pr-checkout: false
2026-09-23T08:49:36.7387716Z ##[endgroup]
2026-09-23T08:49:36.8343908Z Syncing repository: DhruvHegde/log-generation
2026-09-23T08:49:36.8346123Z ##[group]Getting Git version info
2026-09-23T08:49:36.8346891Z Working directory is '/home/runner/work/log-generation/log-generation'
2026-09-23T08:49:36.8347996Z [command]/usr/bin/git version
2026-09-23T08:49:36.9040920Z git version 2.55.0
2026-09-23T08:49:36.9056479Z ##[endgroup]
2026-09-23T08:49:36.9068632Z Temporarily overriding HOME='/home/runner/work/_temp/95e14ecd-4d82-4259-98fc-69d96692f30b' before making global git config changes
2026-09-23T08:49:36.9070310Z Adding repository directory to the temporary git global config as a safe directory
2026-09-23T08:49:36.9072821Z [command]/usr/bin/git config --global --add safe.directory /home/runner/work/log-generation/log-generation
2026-09-23T08:49:36.9117618Z Deleting the contents of '/home/runner/work/log-generation/log-generation'
2026-09-23T08:49:36.9121975Z ##[group]Initializing the repository
2026-09-23T08:49:36.9125919Z [command]/usr/bin/git init /home/runner/work/log-generation/log-generation
2026-09-23T08:49:36.9216665Z hint: Using 'master' as the name for the initial branch. This default branch name
2026-09-23T08:49:36.9217698Z hint: will change to "main" in Git 3.0. To configure the initial branch name
2026-09-23T08:49:36.9218598Z hint: to use in all of your new repositories, which will suppress this warning,
2026-09-23T08:49:36.9219366Z hint: call:
2026-09-23T08:49:36.9219785Z hint:
2026-09-23T08:49:36.9220321Z hint: 	git config --global init.defaultBranch <name>
2026-09-23T08:49:36.9220977Z hint:
2026-09-23T08:49:36.9221558Z hint: Names commonly chosen instead of 'master' are 'main', 'trunk' and
2026-09-23T08:49:36.9222480Z hint: 'development'. The just-created branch can be renamed via this command:
2026-09-23T08:49:36.9223182Z hint:
2026-09-23T08:49:36.9223623Z hint: 	git branch -m <name>
2026-09-23T08:49:36.9224153Z hint:
2026-09-23T08:49:36.9224994Z hint: Disable this message with "git config set advice.defaultBranchName false"
2026-09-23T08:49:36.9229044Z Initialized empty Git repository in /home/runner/work/log-generation/log-generation/.git/
2026-09-23T08:49:36.9235144Z [command]/usr/bin/git remote add origin https://github.com/DhruvHegde/log-generation
2026-09-23T08:49:37.0763819Z ##[endgroup]
2026-09-23T08:49:37.0765013Z ##[group]Disabling automatic garbage collection
2026-09-23T08:49:37.0766167Z [command]/usr/bin/git config --local gc.auto 0
2026-09-23T08:49:37.0796796Z ##[endgroup]
2026-09-23T08:49:37.0797613Z ##[group]Setting up auth
2026-09-23T08:49:37.0802181Z [command]/usr/bin/git config --local --name-only --get-regexp core\.sshCommand
2026-09-23T08:49:37.0828762Z [command]/usr/bin/git submodule foreach --recursive sh -c "git config --local --name-only --get-regexp 'core\.sshCommand' && git config --local --unset-all 'core.sshCommand' || :"
2026-09-23T08:49:37.1331238Z [command]/usr/bin/git config --local --name-only --get-regexp http\.https\:\/\/github\.com\/\.extraheader
2026-09-23T08:49:37.1363420Z [command]/usr/bin/git submodule foreach --recursive sh -c "git config --local --name-only --get-regexp 'http\.https\:\/\/github\.com\/\.extraheader' && git config --local --unset-all 'http.https://github.com/.extraheader' || :"
2026-09-23T08:49:37.1535382Z [command]/usr/bin/git config --local --name-only --get-regexp ^includeIf\.gitdir:
2026-09-23T08:49:37.1562269Z [command]/usr/bin/git submodule foreach --recursive git config --local --show-origin --name-only --get-regexp remote.origin.url
2026-09-23T08:49:37.1733241Z [command]/usr/bin/git config --local http.https://github.com/.extraheader AUTHORIZATION: basic ***
2026-09-23T08:49:37.1758712Z ##[endgroup]
2026-09-23T08:49:37.1759931Z ##[group]Fetching the repository
2026-09-23T08:49:37.1767760Z [command]/usr/bin/git -c protocol.version=2 fetch --no-tags --prune --no-recurse-submodules --depth=1 origin +43f20917de93b9aad51cf79a69ad5239c5632917:refs/remotes/origin/feature/f3-test-failures
2026-09-23T08:49:38.0296326Z From https://github.com/DhruvHegde/log-generation
2026-09-23T08:49:38.0298364Z  * [new ref]         43f20917de93b9aad51cf79a69ad5239c5632917 -> origin/feature/f3-test-failures
2026-09-23T08:49:38.0303041Z ##[endgroup]
2026-09-23T08:49:38.0304931Z ##[group]Determining the checkout info
2026-09-23T08:49:38.0306868Z ##[endgroup]
2026-09-23T08:49:38.0309905Z [command]/usr/bin/git sparse-checkout disable
2026-09-23T08:49:38.0352849Z [command]/usr/bin/git config --local --unset-all extensions.worktreeConfig
2026-09-23T08:49:38.0376860Z ##[group]Checking out the ref
2026-09-23T08:49:38.0387663Z [command]/usr/bin/git checkout --progress --force -B feature/f3-test-failures refs/remotes/origin/feature/f3-test-failures
2026-09-23T08:49:38.0615077Z Switched to a new branch 'feature/f3-test-failures'
2026-09-23T08:49:38.0617647Z branch 'feature/f3-test-failures' set up to track 'origin/feature/f3-test-failures'.
2026-09-23T08:49:38.0623374Z ##[endgroup]
2026-09-23T08:49:38.0654068Z [command]/usr/bin/git log -1 --format=%H
2026-09-23T08:49:38.0671602Z 43f20917de93b9aad51cf79a69ad5239c5632917
2026-09-23T08:49:38.0938811Z Node 20 is being deprecated. This workflow is running with Node 24 by default. If you need to temporarily use Node 20, you can set the ACTIONS_ALLOW_USE_UNSECURE_NODE_VERSION=true environment variable. For more information see: https://github.blog/changelog/2025-09-19-deprecation-of-node-20-on-github-actions-runners/
2026-09-23T08:49:38.0942849Z ##[group]Run actions/setup-python@v5
2026-09-23T08:49:38.0943743Z with:
2026-09-23T08:49:38.0944394Z   python-version: 3.11
2026-09-23T08:49:38.0945271Z   check-latest: false
2026-09-23T08:49:38.0951364Z   token: ***
2026-09-23T08:49:38.0952054Z   update-environment: true
2026-09-23T08:49:38.0952856Z   allow-prereleases: false
2026-09-23T08:49:38.0953622Z   freethreaded: false
2026-09-23T08:49:38.0954322Z ##[endgroup]
2026-09-23T08:49:38.1906579Z ##[group]Installed versions
2026-09-23T08:49:38.1976224Z (node:2102) [DEP0040] DeprecationWarning: The `punycode` module is deprecated. Please use a userland alternative instead.
2026-09-23T08:49:38.1978871Z (Use `node --trace-deprecation ...` to show where the warning was created)
2026-09-23T08:49:38.1980436Z Successfully set up CPython (3.11.16)
2026-09-23T08:49:38.1982310Z ##[endgroup]
2026-09-23T08:49:38.2190542Z ##[group]Run pip install --no-cache-dir pytest
2026-09-23T08:49:38.2191998Z [36;1mpip install --no-cache-dir pytest[0m
2026-09-23T08:49:38.2232755Z shell: /usr/bin/bash -e {0}
2026-09-23T08:49:38.2233548Z env:
2026-09-23T08:49:38.2234337Z   pythonLocation: /opt/hostedtoolcache/Python/3.11.16/x64
2026-09-23T08:49:38.2235904Z   PKG_CONFIG_PATH: /opt/hostedtoolcache/Python/3.11.16/x64/lib/pkgconfig
2026-09-23T08:49:38.2237513Z   Python_ROOT_DIR: /opt/hostedtoolcache/Python/3.11.16/x64
2026-09-23T08:49:38.2239070Z   Python2_ROOT_DIR: /opt/hostedtoolcache/Python/3.11.16/x64
2026-09-23T08:49:38.2240593Z   Python3_ROOT_DIR: /opt/hostedtoolcache/Python/3.11.16/x64
2026-09-23T08:49:38.2242077Z   LD_LIBRARY_PATH: /opt/hostedtoolcache/Python/3.11.16/x64/lib
2026-09-23T08:49:38.2243331Z ##[endgroup]
2026-09-23T08:49:39.8689881Z Collecting pytest
2026-09-23T08:49:39.9529801Z   Downloading pytest-9.1.1-py3-none-any.whl.metadata (7.6 kB)
2026-09-23T08:49:39.9718858Z Collecting iniconfig>=1.0.1 (from pytest)
2026-09-23T08:49:39.9876644Z   Downloading iniconfig-2.3.0-py3-none-any.whl.metadata (2.5 kB)
2026-09-23T08:49:40.0080156Z Collecting packaging>=22 (from pytest)
2026-09-23T08:49:40.0242764Z   Downloading packaging-26.3-py3-none-any.whl.metadata (3.5 kB)
2026-09-23T08:49:40.0424317Z Collecting pluggy<2,>=1.5 (from pytest)
2026-09-23T08:49:40.0579962Z   Downloading pluggy-1.6.0-py3-none-any.whl.metadata (4.8 kB)
2026-09-23T08:49:40.0808286Z Collecting pygments>=2.7.2 (from pytest)
2026-09-23T08:49:40.0963295Z   Downloading pygments-2.21.0-py3-none-any.whl.metadata (2.5 kB)
2026-09-23T08:49:40.1475775Z Downloading pytest-9.1.1-py3-none-any.whl (386 kB)
2026-09-23T08:49:40.2192461Z Downloading pluggy-1.6.0-py3-none-any.whl (20 kB)
2026-09-23T08:49:40.2349238Z Downloading iniconfig-2.3.0-py3-none-any.whl (7.5 kB)
2026-09-23T08:49:40.2505791Z Downloading packaging-26.3-py3-none-any.whl (129 kB)
2026-09-23T08:49:40.2674891Z Downloading pygments-2.21.0-py3-none-any.whl (1.3 MB)
2026-09-23T08:49:40.3132773Z    ââââââââââââââââââââââââââââââââââââââââ 1.3/1.3 MB 24.9 MB/s  0:00:00
2026-09-23T08:49:40.3654306Z Installing collected packages: pygments, pluggy, packaging, iniconfig, pytest
2026-09-23T08:49:40.9463828Z 
2026-09-23T08:49:40.9471595Z Successfully installed iniconfig-2.3.0 packaging-26.3 pluggy-1.6.0 pygments-2.21.0 pytest-9.1.1
2026-09-23T08:49:41.0008459Z ##[group]Run python automation/inject_mutation.py --error-type "ZeroDivisionError"
2026-09-23T08:49:41.0008979Z [36;1mpython automation/inject_mutation.py --error-type "ZeroDivisionError"[0m
2026-09-23T08:49:41.0028342Z shell: /usr/bin/bash -e {0}
2026-09-23T08:49:41.0028692Z env:
2026-09-23T08:49:41.0029140Z   pythonLocation: /opt/hostedtoolcache/Python/3.11.16/x64
2026-09-23T08:49:41.0029525Z   PKG_CONFIG_PATH: /opt/hostedtoolcache/Python/3.11.16/x64/lib/pkgconfig
2026-09-23T08:49:41.0030001Z   Python_ROOT_DIR: /opt/hostedtoolcache/Python/3.11.16/x64
2026-09-23T08:49:41.0030359Z   Python2_ROOT_DIR: /opt/hostedtoolcache/Python/3.11.16/x64
2026-09-23T08:49:41.0030705Z   Python3_ROOT_DIR: /opt/hostedtoolcache/Python/3.11.16/x64
2026-09-23T08:49:41.0031032Z   LD_LIBRARY_PATH: /opt/hostedtoolcache/Python/3.11.16/x64/lib
2026-09-23T08:49:41.0031339Z ##[endgroup]
2026-09-23T08:49:41.0258018Z [Mutation Injected] Successfully injected ZeroDivisionError into tests/test_app.py
2026-09-23T08:49:41.0313224Z ##[group]Run pytest tests/test_app.py -v
2026-09-23T08:49:41.0313555Z [36;1mpytest tests/test_app.py -v[0m
2026-09-23T08:49:41.0330662Z shell: /usr/bin/bash -e {0}
2026-09-23T08:49:41.0330926Z env:
2026-09-23T08:49:41.0331180Z   pythonLocation: /opt/hostedtoolcache/Python/3.11.16/x64
2026-09-23T08:49:41.0331542Z   PKG_CONFIG_PATH: /opt/hostedtoolcache/Python/3.11.16/x64/lib/pkgconfig
2026-09-23T08:49:41.0331991Z   Python_ROOT_DIR: /opt/hostedtoolcache/Python/3.11.16/x64
2026-09-23T08:49:41.0332319Z   Python2_ROOT_DIR: /opt/hostedtoolcache/Python/3.11.16/x64
2026-09-23T08:49:41.0332625Z   Python3_ROOT_DIR: /opt/hostedtoolcache/Python/3.11.16/x64
2026-09-23T08:49:41.0332937Z   LD_LIBRARY_PATH: /opt/hostedtoolcache/Python/3.11.16/x64/lib
2026-09-23T08:49:41.0333199Z ##[endgroup]
2026-09-23T08:49:41.2668058Z ============================= test session starts ==============================
2026-09-23T08:49:41.2669020Z platform linux -- Python 3.11.16, pytest-9.1.1, pluggy-1.6.0 -- /opt/hostedtoolcache/Python/3.11.16/x64/bin/python
2026-09-23T08:49:41.2669757Z cachedir: .pytest_cache
2026-09-23T08:49:41.2670131Z rootdir: /home/runner/work/log-generation/log-generation
2026-09-23T08:49:41.2670587Z configfile: pytest.ini
2026-09-23T08:49:41.2724237Z collecting ... collected 6 items
2026-09-23T08:49:41.2724652Z 
2026-09-23T08:49:41.2729957Z tests/test_app.py::test_calculate_division PASSED                        [ 16%]
2026-09-23T08:49:41.2733487Z tests/test_app.py::test_convert_to_int PASSED                            [ 33%]
2026-09-23T08:49:41.2737898Z tests/test_app.py::test_get_list_item PASSED                             [ 50%]
2026-09-23T08:49:41.2741362Z tests/test_app.py::test_get_dict_value PASSED                            [ 66%]
2026-09-23T08:49:41.2745501Z tests/test_app.py::test_assert_positive PASSED                           [ 83%]
2026-09-23T08:49:41.2946695Z tests/test_app.py::test_zero_division_error FAILED                       [100%]
2026-09-23T08:49:41.2947099Z 
2026-09-23T08:49:41.2947348Z =================================== FAILURES ===================================
2026-09-23T08:49:41.2947854Z ___________________________ test_zero_division_error ___________________________
2026-09-23T08:49:41.2948266Z 
2026-09-23T08:49:41.2948398Z     def test_zero_division_error():
2026-09-23T08:49:41.2948781Z         """Injected synthetic ZeroDivisionError."""
2026-09-23T08:49:41.2949327Z         from src.app import calculate_division
2026-09-23T08:49:41.2949674Z >       calculate_division(42, 0)
2026-09-23T08:49:41.2949858Z 
2026-09-23T08:49:41.2949996Z tests/test_app.py:139: 
2026-09-23T08:49:41.2950411Z _ _ _ _ _ _ _ _ _ _ _ _ _ _ _ _ _ _ _ _ _ _ _ _ _ _ _ _ _ _ _ _ _ _ _ _ _ _ _ _ 
2026-09-23T08:49:41.2951234Z 
2026-09-23T08:49:41.2951412Z a = 42, b = 0
2026-09-23T08:49:41.2951575Z 
2026-09-23T08:49:41.2951733Z     def calculate_division(a, b):
2026-09-23T08:49:41.2952058Z >       return a / b
2026-09-23T08:49:41.2952343Z                ^^^^^
2026-09-23T08:49:41.2952739Z E       ZeroDivisionError: division by zero
2026-09-23T08:49:41.2952954Z 
2026-09-23T08:49:41.2953122Z src/app.py:2: ZeroDivisionError
2026-09-23T08:49:41.2953511Z =========================== short test summary info ============================
2026-09-23T08:49:41.2954123Z FAILED tests/test_app.py::test_zero_division_error - ZeroDivisionError: division by zero
2026-09-23T08:49:41.2955148Z ========================= 1 failed, 5 passed in 0.02s ==========================
2026-09-23T08:49:41.3144397Z ##[error]Process completed with exit code 1.
2026-09-23T08:49:41.3251506Z Node 20 is being deprecated. This workflow is running with Node 24 by default. If you need to temporarily use Node 20, you can set the ACTIONS_ALLOW_USE_UNSECURE_NODE_VERSION=true environment variable. For more information see: https://github.blog/changelog/2025-09-19-deprecation-of-node-20-on-github-actions-runners/
2026-09-23T08:49:41.3252479Z Post job cleanup.
2026-09-23T08:49:41.3868143Z [command]/usr/bin/git version
2026-09-23T08:49:41.3903610Z git version 2.55.0
2026-09-23T08:49:41.3933394Z Temporarily overriding HOME='/home/runner/work/_temp/f57b476f-4ab8-4af7-9e62-cb72db8536d2' before making global git config changes
2026-09-23T08:49:41.3934089Z Adding repository directory to the temporary git global config as a safe directory
2026-09-23T08:49:41.3938554Z [command]/usr/bin/git config --global --add safe.directory /home/runner/work/log-generation/log-generation
2026-09-23T08:49:41.3967107Z [command]/usr/bin/git config --local --name-only --get-regexp core\.sshCommand
2026-09-23T08:49:41.3991312Z [command]/usr/bin/git submodule foreach --recursive sh -c "git config --local --name-only --get-regexp 'core\.sshCommand' && git config --local --unset-all 'core.sshCommand' || :"
2026-09-23T08:49:41.4166099Z [command]/usr/bin/git config --local --name-only --get-regexp http\.https\:\/\/github\.com\/\.extraheader
2026-09-23T08:49:41.4184647Z http.https://github.com/.extraheader
2026-09-23T08:49:41.4191831Z [command]/usr/bin/git config --local --unset-all http.https://github.com/.extraheader
2026-09-23T08:49:41.4214916Z [command]/usr/bin/git submodule foreach --recursive sh -c "git config --local --name-only --get-regexp 'http\.https\:\/\/github\.com\/\.extraheader' && git config --local --unset-all 'http.https://github.com/.extraheader' || :"
2026-09-23T08:49:41.4383491Z [command]/usr/bin/git config --local --name-only --get-regexp ^includeIf\.gitdir:
2026-09-23T08:49:41.4407968Z [command]/usr/bin/git submodule foreach --recursive git config --local --show-origin --name-only --get-regexp remote.origin.url
2026-09-23T08:49:41.4669679Z Cleaning up orphan processes
2026-09-23T08:49:41.4833684Z ##[warning]Node.js 20 is deprecated. The following actions target Node.js 20 but are being forced to run on Node.js 24: actions/checkout@v4, actions/setup-python@v5. For more information see: https://github.blog/changelog/2025-09-19-deprecation-of-node-20-on-github-actions-runners/
