ï»¿2026-09-23T08:45:47.5796419Z Current runner version: '2.337.0'
2026-09-23T08:45:47.5820393Z ##[group]Runner Image Provisioner
2026-09-23T08:45:47.5821187Z Hosted Compute Agent
2026-09-23T08:45:47.5821717Z Version: 20260828.587
2026-09-23T08:45:47.5822322Z Commit: abac92662cab4cc7352de4f9f9d2e2419aad9c29
2026-09-23T08:45:47.5823016Z Build Date: 2026-08-28T16:44:25Z
2026-09-23T08:45:47.5823614Z Worker ID: {cff0ed70-2791-4a4c-a056-b977551c2cfb}
2026-09-23T08:45:47.5824312Z Azure Region: westus3
2026-09-23T08:45:47.5824827Z ##[endgroup]
2026-09-23T08:45:47.5826591Z ##[group]Operating System
2026-09-23T08:45:47.5827194Z Ubuntu
2026-09-23T08:45:47.5827655Z 24.04.5
2026-09-23T08:45:47.5828157Z LTS
2026-09-23T08:45:47.5828616Z ##[endgroup]
2026-09-23T08:45:47.5829464Z ##[group]Runner Image
2026-09-23T08:45:47.5830357Z Image: ubuntu-24.04
2026-09-23T08:45:47.5830868Z Version: 20260907.300.1
2026-09-23T08:45:47.5832044Z Included Software: https://github.com/actions/runner-images/blob/ubuntu24/20260907.300/images/ubuntu/Ubuntu2404-Readme.md
2026-09-23T08:45:47.5833412Z Image Release: https://github.com/actions/runner-images/releases/tag/ubuntu24%2F20260907.300
2026-09-23T08:45:47.5834309Z ##[endgroup]
2026-09-23T08:45:47.5835420Z ##[group]GITHUB_TOKEN Permissions
2026-09-23T08:45:47.5837636Z Contents: read
2026-09-23T08:45:47.5838208Z Metadata: read
2026-09-23T08:45:47.5838802Z Packages: read
2026-09-23T08:45:47.5839297Z ##[endgroup]
2026-09-23T08:45:47.5841609Z Secret source: Actions
2026-09-23T08:45:47.5842457Z Cache mode: write
2026-09-23T08:45:47.5843446Z Prepare workflow directory
2026-09-23T08:45:47.6164605Z Prepare all required actions
2026-09-23T08:45:47.6213151Z Getting action download info
2026-09-23T08:45:47.9578142Z Download action repository 'actions/checkout@v4' (SHA:11d5960a326750d5838078e36cf38b85af677262)
2026-09-23T08:45:48.0664777Z Download action repository 'actions/setup-python@v5' (SHA:a26af69be951a213d495a4c3e4e4022e16d87065)
2026-09-23T08:45:48.2199013Z Complete job name: test-f3 (ValueError #239)
2026-09-23T08:45:48.2870229Z Node 20 is being deprecated. This workflow is running with Node 24 by default. If you need to temporarily use Node 20, you can set the ACTIONS_ALLOW_USE_UNSECURE_NODE_VERSION=true environment variable. For more information see: https://github.blog/changelog/2025-09-19-deprecation-of-node-20-on-github-actions-runners/
2026-09-23T08:45:48.2878783Z ##[group]Run actions/checkout@v4
2026-09-23T08:45:48.2879566Z with:
2026-09-23T08:45:48.2880424Z   fetch-depth: 1
2026-09-23T08:45:48.2880955Z   repository: DhruvHegde/log-generation
2026-09-23T08:45:48.2884771Z   token: ***
2026-09-23T08:45:48.2885219Z   ssh-strict: true
2026-09-23T08:45:48.2885728Z   ssh-user: git
2026-09-23T08:45:48.2886231Z   persist-credentials: true
2026-09-23T08:45:48.2886729Z   clean: true
2026-09-23T08:45:48.2887213Z   sparse-checkout-cone-mode: true
2026-09-23T08:45:48.2887741Z   fetch-tags: false
2026-09-23T08:45:48.2888194Z   show-progress: true
2026-09-23T08:45:48.2888684Z   lfs: false
2026-09-23T08:45:48.2889226Z   submodules: false
2026-09-23T08:45:48.2889874Z   set-safe-directory: true
2026-09-23T08:45:48.2890396Z   allow-unsafe-pr-checkout: false
2026-09-23T08:45:48.2891294Z ##[endgroup]
2026-09-23T08:45:48.3999035Z Syncing repository: DhruvHegde/log-generation
2026-09-23T08:45:48.4001422Z ##[group]Getting Git version info
2026-09-23T08:45:48.4002173Z Working directory is '/home/runner/work/log-generation/log-generation'
2026-09-23T08:45:48.4003226Z [command]/usr/bin/git version
2026-09-23T08:45:48.4063666Z git version 2.55.0
2026-09-23T08:45:48.4083623Z ##[endgroup]
2026-09-23T08:45:48.4109328Z Temporarily overriding HOME='/home/runner/work/_temp/306158d8-4611-4469-87ff-716e60b8084c' before making global git config changes
2026-09-23T08:45:48.4111935Z Adding repository directory to the temporary git global config as a safe directory
2026-09-23T08:45:48.4114805Z [command]/usr/bin/git config --global --add safe.directory /home/runner/work/log-generation/log-generation
2026-09-23T08:45:48.4167063Z Deleting the contents of '/home/runner/work/log-generation/log-generation'
2026-09-23T08:45:48.4173961Z ##[group]Initializing the repository
2026-09-23T08:45:48.4175337Z [command]/usr/bin/git init /home/runner/work/log-generation/log-generation
2026-09-23T08:45:48.4261037Z hint: Using 'master' as the name for the initial branch. This default branch name
2026-09-23T08:45:48.4263044Z hint: will change to "main" in Git 3.0. To configure the initial branch name
2026-09-23T08:45:48.4264851Z hint: to use in all of your new repositories, which will suppress this warning,
2026-09-23T08:45:48.4266341Z hint: call:
2026-09-23T08:45:48.4267278Z hint:
2026-09-23T08:45:48.4268269Z hint: 	git config --global init.defaultBranch <name>
2026-09-23T08:45:48.4269437Z hint:
2026-09-23T08:45:48.4270797Z hint: Names commonly chosen instead of 'master' are 'main', 'trunk' and
2026-09-23T08:45:48.4273479Z hint: 'development'. The just-created branch can be renamed via this command:
2026-09-23T08:45:48.4274973Z hint:
2026-09-23T08:45:48.4275917Z hint: 	git branch -m <name>
2026-09-23T08:45:48.4277174Z hint:
2026-09-23T08:45:48.4278509Z hint: Disable this message with "git config set advice.defaultBranchName false"
2026-09-23T08:45:48.4280828Z Initialized empty Git repository in /home/runner/work/log-generation/log-generation/.git/
2026-09-23T08:45:48.4284653Z [command]/usr/bin/git remote add origin https://github.com/DhruvHegde/log-generation
2026-09-23T08:45:48.4343272Z ##[endgroup]
2026-09-23T08:45:48.4344579Z ##[group]Disabling automatic garbage collection
2026-09-23T08:45:48.4347898Z [command]/usr/bin/git config --local gc.auto 0
2026-09-23T08:45:48.4373036Z ##[endgroup]
2026-09-23T08:45:48.4374201Z ##[group]Setting up auth
2026-09-23T08:45:48.4379557Z [command]/usr/bin/git config --local --name-only --get-regexp core\.sshCommand
2026-09-23T08:45:48.4408951Z [command]/usr/bin/git submodule foreach --recursive sh -c "git config --local --name-only --get-regexp 'core\.sshCommand' && git config --local --unset-all 'core.sshCommand' || :"
2026-09-23T08:45:48.4725816Z [command]/usr/bin/git config --local --name-only --get-regexp http\.https\:\/\/github\.com\/\.extraheader
2026-09-23T08:45:48.4757254Z [command]/usr/bin/git submodule foreach --recursive sh -c "git config --local --name-only --get-regexp 'http\.https\:\/\/github\.com\/\.extraheader' && git config --local --unset-all 'http.https://github.com/.extraheader' || :"
2026-09-23T08:45:48.4947381Z [command]/usr/bin/git config --local --name-only --get-regexp ^includeIf\.gitdir:
2026-09-23T08:45:48.4976083Z [command]/usr/bin/git submodule foreach --recursive git config --local --show-origin --name-only --get-regexp remote.origin.url
2026-09-23T08:45:48.5148568Z [command]/usr/bin/git config --local http.https://github.com/.extraheader AUTHORIZATION: basic ***
2026-09-23T08:45:48.5179213Z ##[endgroup]
2026-09-23T08:45:48.5180685Z ##[group]Fetching the repository
2026-09-23T08:45:48.5190563Z [command]/usr/bin/git -c protocol.version=2 fetch --no-tags --prune --no-recurse-submodules --depth=1 origin +dfcb6f158e4bd8054252a4da5d0a9edc2ab15d57:refs/remotes/origin/feature/f3-test-failures
2026-09-23T08:45:48.9616950Z From https://github.com/DhruvHegde/log-generation
2026-09-23T08:45:48.9618652Z  * [new ref]         dfcb6f158e4bd8054252a4da5d0a9edc2ab15d57 -> origin/feature/f3-test-failures
2026-09-23T08:45:48.9622163Z ##[endgroup]
2026-09-23T08:45:48.9623506Z ##[group]Determining the checkout info
2026-09-23T08:45:48.9625180Z ##[endgroup]
2026-09-23T08:45:48.9629245Z [command]/usr/bin/git sparse-checkout disable
2026-09-23T08:45:48.9670615Z [command]/usr/bin/git config --local --unset-all extensions.worktreeConfig
2026-09-23T08:45:48.9694883Z ##[group]Checking out the ref
2026-09-23T08:45:48.9699829Z [command]/usr/bin/git checkout --progress --force -B feature/f3-test-failures refs/remotes/origin/feature/f3-test-failures
2026-09-23T08:45:48.9760072Z Switched to a new branch 'feature/f3-test-failures'
2026-09-23T08:45:48.9764298Z branch 'feature/f3-test-failures' set up to track 'origin/feature/f3-test-failures'.
2026-09-23T08:45:48.9768030Z ##[endgroup]
2026-09-23T08:45:48.9800010Z [command]/usr/bin/git log -1 --format=%H
2026-09-23T08:45:48.9819882Z dfcb6f158e4bd8054252a4da5d0a9edc2ab15d57
2026-09-23T08:45:49.0077029Z Node 20 is being deprecated. This workflow is running with Node 24 by default. If you need to temporarily use Node 20, you can set the ACTIONS_ALLOW_USE_UNSECURE_NODE_VERSION=true environment variable. For more information see: https://github.blog/changelog/2025-09-19-deprecation-of-node-20-on-github-actions-runners/
2026-09-23T08:45:49.0079650Z ##[group]Run actions/setup-python@v5
2026-09-23T08:45:49.0080394Z with:
2026-09-23T08:45:49.0080839Z   python-version: 3.11
2026-09-23T08:45:49.0081341Z   check-latest: false
2026-09-23T08:45:49.0085323Z   token: ***
2026-09-23T08:45:49.0085795Z   update-environment: true
2026-09-23T08:45:49.0086336Z   allow-prereleases: false
2026-09-23T08:45:49.0086857Z   freethreaded: false
2026-09-23T08:45:49.0087333Z ##[endgroup]
2026-09-23T08:45:49.1359284Z ##[group]Installed versions
2026-09-23T08:45:49.1497431Z (node:2196) [DEP0040] DeprecationWarning: The `punycode` module is deprecated. Please use a userland alternative instead.
2026-09-23T08:45:49.1499947Z (Use `node --trace-deprecation ...` to show where the warning was created)
2026-09-23T08:45:49.1501194Z Successfully set up CPython (3.11.16)
2026-09-23T08:45:49.1502589Z ##[endgroup]
2026-09-23T08:45:49.1658229Z ##[group]Run pip install --no-cache-dir pytest
2026-09-23T08:45:49.1659118Z [36;1mpip install --no-cache-dir pytest[0m
2026-09-23T08:45:49.1696971Z shell: /usr/bin/bash -e {0}
2026-09-23T08:45:49.1697547Z env:
2026-09-23T08:45:49.1698069Z   pythonLocation: /opt/hostedtoolcache/Python/3.11.16/x64
2026-09-23T08:45:49.1699030Z   PKG_CONFIG_PATH: /opt/hostedtoolcache/Python/3.11.16/x64/lib/pkgconfig
2026-09-23T08:45:49.1700195Z   Python_ROOT_DIR: /opt/hostedtoolcache/Python/3.11.16/x64
2026-09-23T08:45:49.1701053Z   Python2_ROOT_DIR: /opt/hostedtoolcache/Python/3.11.16/x64
2026-09-23T08:45:49.1701908Z   Python3_ROOT_DIR: /opt/hostedtoolcache/Python/3.11.16/x64
2026-09-23T08:45:49.1702801Z   LD_LIBRARY_PATH: /opt/hostedtoolcache/Python/3.11.16/x64/lib
2026-09-23T08:45:49.1703482Z ##[endgroup]
2026-09-23T08:45:51.5710650Z Collecting pytest
2026-09-23T08:45:51.6474585Z   Downloading pytest-9.1.1-py3-none-any.whl.metadata (7.6 kB)
2026-09-23T08:45:51.6624932Z Collecting iniconfig>=1.0.1 (from pytest)
2026-09-23T08:45:51.6728001Z   Downloading iniconfig-2.3.0-py3-none-any.whl.metadata (2.5 kB)
2026-09-23T08:45:51.6911579Z Collecting packaging>=22 (from pytest)
2026-09-23T08:45:51.7012322Z   Downloading packaging-26.3-py3-none-any.whl.metadata (3.5 kB)
2026-09-23T08:45:51.7164211Z Collecting pluggy<2,>=1.5 (from pytest)
2026-09-23T08:45:51.7263582Z   Downloading pluggy-1.6.0-py3-none-any.whl.metadata (4.8 kB)
2026-09-23T08:45:51.7485242Z Collecting pygments>=2.7.2 (from pytest)
2026-09-23T08:45:51.7588878Z   Downloading pygments-2.21.0-py3-none-any.whl.metadata (2.5 kB)
2026-09-23T08:45:51.7717533Z Downloading pytest-9.1.1-py3-none-any.whl (386 kB)
2026-09-23T08:45:51.8173470Z Downloading pluggy-1.6.0-py3-none-any.whl (20 kB)
2026-09-23T08:45:51.8275153Z Downloading iniconfig-2.3.0-py3-none-any.whl (7.5 kB)
2026-09-23T08:45:51.8374809Z Downloading packaging-26.3-py3-none-any.whl (129 kB)
2026-09-23T08:45:51.8484008Z Downloading pygments-2.21.0-py3-none-any.whl (1.3 MB)
2026-09-23T08:45:51.8767124Z    ââââââââââââââââââââââââââââââââââââââââ 1.3/1.3 MB 41.2 MB/s  0:00:00
2026-09-23T08:45:52.0351176Z Installing collected packages: pygments, pluggy, packaging, iniconfig, pytest
2026-09-23T08:45:52.8451873Z 
2026-09-23T08:45:52.8460568Z Successfully installed iniconfig-2.3.0 packaging-26.3 pluggy-1.6.0 pygments-2.21.0 pytest-9.1.1
2026-09-23T08:45:52.9016546Z ##[group]Run python automation/inject_mutation.py --error-type "ValueError"
2026-09-23T08:45:52.9017115Z [36;1mpython automation/inject_mutation.py --error-type "ValueError"[0m
2026-09-23T08:45:52.9041004Z shell: /usr/bin/bash -e {0}
2026-09-23T08:45:52.9041270Z env:
2026-09-23T08:45:52.9041544Z   pythonLocation: /opt/hostedtoolcache/Python/3.11.16/x64
2026-09-23T08:45:52.9042197Z   PKG_CONFIG_PATH: /opt/hostedtoolcache/Python/3.11.16/x64/lib/pkgconfig
2026-09-23T08:45:52.9042611Z   Python_ROOT_DIR: /opt/hostedtoolcache/Python/3.11.16/x64
2026-09-23T08:45:52.9042978Z   Python2_ROOT_DIR: /opt/hostedtoolcache/Python/3.11.16/x64
2026-09-23T08:45:52.9043358Z   Python3_ROOT_DIR: /opt/hostedtoolcache/Python/3.11.16/x64
2026-09-23T08:45:52.9043744Z   LD_LIBRARY_PATH: /opt/hostedtoolcache/Python/3.11.16/x64/lib
2026-09-23T08:45:52.9044106Z ##[endgroup]
2026-09-23T08:45:52.9305047Z [Mutation Injected] Successfully injected ValueError into tests/test_app.py
2026-09-23T08:45:52.9373118Z ##[group]Run pytest tests/test_app.py -v
2026-09-23T08:45:52.9373467Z [36;1mpytest tests/test_app.py -v[0m
2026-09-23T08:45:52.9396902Z shell: /usr/bin/bash -e {0}
2026-09-23T08:45:52.9397174Z env:
2026-09-23T08:45:52.9397452Z   pythonLocation: /opt/hostedtoolcache/Python/3.11.16/x64
2026-09-23T08:45:52.9397891Z   PKG_CONFIG_PATH: /opt/hostedtoolcache/Python/3.11.16/x64/lib/pkgconfig
2026-09-23T08:45:52.9398337Z   Python_ROOT_DIR: /opt/hostedtoolcache/Python/3.11.16/x64
2026-09-23T08:45:52.9398711Z   Python2_ROOT_DIR: /opt/hostedtoolcache/Python/3.11.16/x64
2026-09-23T08:45:52.9399084Z   Python3_ROOT_DIR: /opt/hostedtoolcache/Python/3.11.16/x64
2026-09-23T08:45:52.9399465Z   LD_LIBRARY_PATH: /opt/hostedtoolcache/Python/3.11.16/x64/lib
2026-09-23T08:45:52.9399992Z ##[endgroup]
2026-09-23T08:45:53.2900190Z ============================= test session starts ==============================
2026-09-23T08:45:53.2901479Z platform linux -- Python 3.11.16, pytest-9.1.1, pluggy-1.6.0 -- /opt/hostedtoolcache/Python/3.11.16/x64/bin/python
2026-09-23T08:45:53.2902301Z cachedir: .pytest_cache
2026-09-23T08:45:53.2902786Z rootdir: /home/runner/work/log-generation/log-generation
2026-09-23T08:45:53.2903379Z configfile: pytest.ini
2026-09-23T08:45:53.2977566Z collecting ... collected 6 items
2026-09-23T08:45:53.2978114Z 
2026-09-23T08:45:53.2985865Z tests/test_app.py::test_calculate_division PASSED                        [ 16%]
2026-09-23T08:45:53.2992177Z tests/test_app.py::test_convert_to_int PASSED                            [ 33%]
2026-09-23T08:45:53.2998357Z tests/test_app.py::test_get_list_item PASSED                             [ 50%]
2026-09-23T08:45:53.3004154Z tests/test_app.py::test_get_dict_value PASSED                            [ 66%]
2026-09-23T08:45:53.3009836Z tests/test_app.py::test_assert_positive PASSED                           [ 83%]
2026-09-23T08:45:53.3245200Z tests/test_app.py::test_value_error FAILED                               [100%]
2026-09-23T08:45:53.3245782Z 
2026-09-23T08:45:53.3246042Z =================================== FAILURES ===================================
2026-09-23T08:45:53.3246705Z _______________________________ test_value_error _______________________________
2026-09-23T08:45:53.3247159Z 
2026-09-23T08:45:53.3247323Z     def test_value_error():
2026-09-23T08:45:53.3247748Z         """Injected synthetic ValueError."""
2026-09-23T08:45:53.3248284Z         from src.app import convert_to_int
2026-09-23T08:45:53.3248829Z >       convert_to_int("unparseable_alphanumeric_0x99")
2026-09-23T08:45:53.3249205Z 
2026-09-23T08:45:53.3249362Z tests/test_app.py:137: 
2026-09-23T08:45:53.3249981Z _ _ _ _ _ _ _ _ _ _ _ _ _ _ _ _ _ _ _ _ _ _ _ _ _ _ _ _ _ _ _ _ _ _ _ _ _ _ _ _ 
2026-09-23T08:45:53.3250428Z 
2026-09-23T08:45:53.3250614Z val = 'unparseable_alphanumeric_0x99'
2026-09-23T08:45:53.3250936Z 
2026-09-23T08:45:53.3251099Z     def convert_to_int(val):
2026-09-23T08:45:53.3251503Z >       return int(val)
2026-09-23T08:45:53.3251868Z                ^^^^^^^^
2026-09-23T08:45:53.3252486Z E       ValueError: invalid literal for int() with base 10: 'unparseable_alphanumeric_0x99'
2026-09-23T08:45:53.3253060Z 
2026-09-23T08:45:53.3253218Z src/app.py:5: ValueError
2026-09-23T08:45:53.3253711Z =========================== short test summary info ============================
2026-09-23T08:45:53.3254818Z FAILED tests/test_app.py::test_value_error - ValueError: invalid literal for int() with base 10: 'unparseable_alphanumeric_0x99'
2026-09-23T08:45:53.3256185Z ========================= 1 failed, 5 passed in 0.03s ==========================
2026-09-23T08:45:53.3450047Z ##[error]Process completed with exit code 1.
2026-09-23T08:45:53.3586782Z Node 20 is being deprecated. This workflow is running with Node 24 by default. If you need to temporarily use Node 20, you can set the ACTIONS_ALLOW_USE_UNSECURE_NODE_VERSION=true environment variable. For more information see: https://github.blog/changelog/2025-09-19-deprecation-of-node-20-on-github-actions-runners/
2026-09-23T08:45:53.3587932Z Post job cleanup.
2026-09-23T08:45:53.4427730Z [command]/usr/bin/git version
2026-09-23T08:45:53.4471281Z git version 2.55.0
2026-09-23T08:45:53.4514582Z Temporarily overriding HOME='/home/runner/work/_temp/8e079aac-781e-43ea-a443-02bb7777346f' before making global git config changes
2026-09-23T08:45:53.4515851Z Adding repository directory to the temporary git global config as a safe directory
2026-09-23T08:45:53.4521271Z [command]/usr/bin/git config --global --add safe.directory /home/runner/work/log-generation/log-generation
2026-09-23T08:45:53.4556553Z [command]/usr/bin/git config --local --name-only --get-regexp core\.sshCommand
2026-09-23T08:45:53.4587312Z [command]/usr/bin/git submodule foreach --recursive sh -c "git config --local --name-only --get-regexp 'core\.sshCommand' && git config --local --unset-all 'core.sshCommand' || :"
2026-09-23T08:45:53.4798260Z [command]/usr/bin/git config --local --name-only --get-regexp http\.https\:\/\/github\.com\/\.extraheader
2026-09-23T08:45:53.4820512Z http.https://github.com/.extraheader
2026-09-23T08:45:53.4830830Z [command]/usr/bin/git config --local --unset-all http.https://github.com/.extraheader
2026-09-23T08:45:53.4862347Z [command]/usr/bin/git submodule foreach --recursive sh -c "git config --local --name-only --get-regexp 'http\.https\:\/\/github\.com\/\.extraheader' && git config --local --unset-all 'http.https://github.com/.extraheader' || :"
2026-09-23T08:45:53.5074528Z [command]/usr/bin/git config --local --name-only --get-regexp ^includeIf\.gitdir:
2026-09-23T08:45:53.5108028Z [command]/usr/bin/git submodule foreach --recursive git config --local --show-origin --name-only --get-regexp remote.origin.url
2026-09-23T08:45:53.5448722Z Cleaning up orphan processes
2026-09-23T08:45:53.5660211Z ##[warning]Node.js 20 is deprecated. The following actions target Node.js 20 but are being forced to run on Node.js 24: actions/checkout@v4, actions/setup-python@v5. For more information see: https://github.blog/changelog/2025-09-19-deprecation-of-node-20-on-github-actions-runners/
