ï»¿2026-09-23T08:43:51.0050082Z Current runner version: '2.337.0'
2026-09-23T08:43:51.0075006Z ##[group]Runner Image Provisioner
2026-09-23T08:43:51.0075846Z Hosted Compute Agent
2026-09-23T08:43:51.0076529Z Version: 20260828.587
2026-09-23T08:43:51.0077163Z Commit: abac92662cab4cc7352de4f9f9d2e2419aad9c29
2026-09-23T08:43:51.0077879Z Build Date: 2026-08-28T16:44:25Z
2026-09-23T08:43:51.0078928Z Worker ID: {9199b2d2-95f4-4643-b26c-414eaad7ef3d}
2026-09-23T08:43:51.0079658Z Azure Region: northcentralus
2026-09-23T08:43:51.0080329Z ##[endgroup]
2026-09-23T08:43:51.0081793Z ##[group]Operating System
2026-09-23T08:43:51.0082406Z Ubuntu
2026-09-23T08:43:51.0083058Z 24.04.5
2026-09-23T08:43:51.0083609Z LTS
2026-09-23T08:43:51.0084493Z ##[endgroup]
2026-09-23T08:43:51.0085083Z ##[group]Runner Image
2026-09-23T08:43:51.0085681Z Image: ubuntu-24.04
2026-09-23T08:43:51.0086363Z Version: 20260907.300.1
2026-09-23T08:43:51.0087571Z Included Software: https://github.com/actions/runner-images/blob/ubuntu24/20260907.300/images/ubuntu/Ubuntu2404-Readme.md
2026-09-23T08:43:51.0089670Z Image Release: https://github.com/actions/runner-images/releases/tag/ubuntu24%2F20260907.300
2026-09-23T08:43:51.0090642Z ##[endgroup]
2026-09-23T08:43:51.0091937Z ##[group]GITHUB_TOKEN Permissions
2026-09-23T08:43:51.0094101Z Contents: read
2026-09-23T08:43:51.0094877Z Metadata: read
2026-09-23T08:43:51.0095500Z Packages: read
2026-09-23T08:43:51.0096131Z ##[endgroup]
2026-09-23T08:43:51.0098503Z Secret source: Actions
2026-09-23T08:43:51.0099547Z Cache mode: write
2026-09-23T08:43:51.0100573Z Prepare workflow directory
2026-09-23T08:43:51.0443236Z Prepare all required actions
2026-09-23T08:43:51.0491941Z Getting action download info
2026-09-23T08:43:51.3016811Z Download action repository 'actions/checkout@v4' (SHA:11d5960a326750d5838078e36cf38b85af677262)
2026-09-23T08:43:51.4033833Z Download action repository 'actions/setup-python@v5' (SHA:a26af69be951a213d495a4c3e4e4022e16d87065)
2026-09-23T08:43:51.6398793Z Complete job name: test-f3 (ZeroDivisionError #28)
2026-09-23T08:43:51.7282025Z Node 20 is being deprecated. This workflow is running with Node 24 by default. If you need to temporarily use Node 20, you can set the ACTIONS_ALLOW_USE_UNSECURE_NODE_VERSION=true environment variable. For more information see: https://github.blog/changelog/2025-09-19-deprecation-of-node-20-on-github-actions-runners/
2026-09-23T08:43:51.7290651Z ##[group]Run actions/checkout@v4
2026-09-23T08:43:51.7291409Z with:
2026-09-23T08:43:51.7291821Z   fetch-depth: 1
2026-09-23T08:43:51.7292289Z   repository: DhruvHegde/log-generation
2026-09-23T08:43:51.7296777Z   token: ***
2026-09-23T08:43:51.7297325Z   ssh-strict: true
2026-09-23T08:43:51.7297766Z   ssh-user: git
2026-09-23T08:43:51.7298522Z   persist-credentials: true
2026-09-23T08:43:51.7299177Z   clean: true
2026-09-23T08:43:51.7299753Z   sparse-checkout-cone-mode: true
2026-09-23T08:43:51.7300277Z   fetch-tags: false
2026-09-23T08:43:51.7300715Z   show-progress: true
2026-09-23T08:43:51.7301159Z   lfs: false
2026-09-23T08:43:51.7301612Z   submodules: false
2026-09-23T08:43:51.7302068Z   set-safe-directory: true
2026-09-23T08:43:51.7302576Z   allow-unsafe-pr-checkout: false
2026-09-23T08:43:51.7303479Z ##[endgroup]
2026-09-23T08:43:51.8332724Z Syncing repository: DhruvHegde/log-generation
2026-09-23T08:43:51.8334526Z ##[group]Getting Git version info
2026-09-23T08:43:51.8335321Z Working directory is '/home/runner/work/log-generation/log-generation'
2026-09-23T08:43:51.8336345Z [command]/usr/bin/git version
2026-09-23T08:43:51.8383512Z git version 2.55.0
2026-09-23T08:43:51.8413217Z ##[endgroup]
2026-09-23T08:43:51.8419525Z Temporarily overriding HOME='/home/runner/work/_temp/814bb6e9-ec4d-46ea-98e2-0cc823ac2e81' before making global git config changes
2026-09-23T08:43:51.8422008Z Adding repository directory to the temporary git global config as a safe directory
2026-09-23T08:43:51.8425691Z [command]/usr/bin/git config --global --add safe.directory /home/runner/work/log-generation/log-generation
2026-09-23T08:43:51.8479555Z Deleting the contents of '/home/runner/work/log-generation/log-generation'
2026-09-23T08:43:51.8484282Z ##[group]Initializing the repository
2026-09-23T08:43:51.8488432Z [command]/usr/bin/git init /home/runner/work/log-generation/log-generation
2026-09-23T08:43:51.8611362Z hint: Using 'master' as the name for the initial branch. This default branch name
2026-09-23T08:43:51.8613211Z hint: will change to "main" in Git 3.0. To configure the initial branch name
2026-09-23T08:43:51.8614908Z hint: to use in all of your new repositories, which will suppress this warning,
2026-09-23T08:43:51.8616596Z hint: call:
2026-09-23T08:43:51.8617404Z hint:
2026-09-23T08:43:51.8618596Z hint: 	git config --global init.defaultBranch <name>
2026-09-23T08:43:51.8621022Z hint:
2026-09-23T08:43:51.8622164Z hint: Names commonly chosen instead of 'master' are 'main', 'trunk' and
2026-09-23T08:43:51.8623868Z hint: 'development'. The just-created branch can be renamed via this command:
2026-09-23T08:43:51.8625942Z hint:
2026-09-23T08:43:51.8626839Z hint: 	git branch -m <name>
2026-09-23T08:43:51.8627794Z hint:
2026-09-23T08:43:51.8629281Z hint: Disable this message with "git config set advice.defaultBranchName false"
2026-09-23T08:43:51.8631565Z Initialized empty Git repository in /home/runner/work/log-generation/log-generation/.git/
2026-09-23T08:43:51.8634849Z [command]/usr/bin/git remote add origin https://github.com/DhruvHegde/log-generation
2026-09-23T08:43:51.8705048Z ##[endgroup]
2026-09-23T08:43:51.8706355Z ##[group]Disabling automatic garbage collection
2026-09-23T08:43:51.8709974Z [command]/usr/bin/git config --local gc.auto 0
2026-09-23T08:43:51.8744315Z ##[endgroup]
2026-09-23T08:43:51.8745647Z ##[group]Setting up auth
2026-09-23T08:43:51.8760883Z [command]/usr/bin/git config --local --name-only --get-regexp core\.sshCommand
2026-09-23T08:43:51.8797391Z [command]/usr/bin/git submodule foreach --recursive sh -c "git config --local --name-only --get-regexp 'core\.sshCommand' && git config --local --unset-all 'core.sshCommand' || :"
2026-09-23T08:43:51.9214930Z [command]/usr/bin/git config --local --name-only --get-regexp http\.https\:\/\/github\.com\/\.extraheader
2026-09-23T08:43:51.9254602Z [command]/usr/bin/git submodule foreach --recursive sh -c "git config --local --name-only --get-regexp 'http\.https\:\/\/github\.com\/\.extraheader' && git config --local --unset-all 'http.https://github.com/.extraheader' || :"
2026-09-23T08:43:51.9487421Z [command]/usr/bin/git config --local --name-only --get-regexp ^includeIf\.gitdir:
2026-09-23T08:43:51.9525878Z [command]/usr/bin/git submodule foreach --recursive git config --local --show-origin --name-only --get-regexp remote.origin.url
2026-09-23T08:43:51.9762684Z [command]/usr/bin/git config --local http.https://github.com/.extraheader AUTHORIZATION: basic ***
2026-09-23T08:43:51.9811850Z ##[endgroup]
2026-09-23T08:43:51.9813580Z ##[group]Fetching the repository
2026-09-23T08:43:51.9823808Z [command]/usr/bin/git -c protocol.version=2 fetch --no-tags --prune --no-recurse-submodules --depth=1 origin +dfcb6f158e4bd8054252a4da5d0a9edc2ab15d57:refs/remotes/origin/feature/f3-test-failures
2026-09-23T08:43:52.2795058Z From https://github.com/DhruvHegde/log-generation
2026-09-23T08:43:52.2796870Z  * [new ref]         dfcb6f158e4bd8054252a4da5d0a9edc2ab15d57 -> origin/feature/f3-test-failures
2026-09-23T08:43:52.2800591Z ##[endgroup]
2026-09-23T08:43:52.2802759Z ##[group]Determining the checkout info
2026-09-23T08:43:52.2803647Z ##[endgroup]
2026-09-23T08:43:52.2809283Z [command]/usr/bin/git sparse-checkout disable
2026-09-23T08:43:52.2863399Z [command]/usr/bin/git config --local --unset-all extensions.worktreeConfig
2026-09-23T08:43:52.2895774Z ##[group]Checking out the ref
2026-09-23T08:43:52.2900477Z [command]/usr/bin/git checkout --progress --force -B feature/f3-test-failures refs/remotes/origin/feature/f3-test-failures
2026-09-23T08:43:52.2983604Z Switched to a new branch 'feature/f3-test-failures'
2026-09-23T08:43:52.2991577Z branch 'feature/f3-test-failures' set up to track 'origin/feature/f3-test-failures'.
2026-09-23T08:43:52.2996526Z ##[endgroup]
2026-09-23T08:43:52.3038565Z [command]/usr/bin/git log -1 --format=%H
2026-09-23T08:43:52.3065687Z dfcb6f158e4bd8054252a4da5d0a9edc2ab15d57
2026-09-23T08:43:52.3338467Z Node 20 is being deprecated. This workflow is running with Node 24 by default. If you need to temporarily use Node 20, you can set the ACTIONS_ALLOW_USE_UNSECURE_NODE_VERSION=true environment variable. For more information see: https://github.blog/changelog/2025-09-19-deprecation-of-node-20-on-github-actions-runners/
2026-09-23T08:43:52.3341041Z ##[group]Run actions/setup-python@v5
2026-09-23T08:43:52.3341565Z with:
2026-09-23T08:43:52.3341964Z   python-version: 3.11
2026-09-23T08:43:52.3342411Z   check-latest: false
2026-09-23T08:43:52.3346260Z   token: ***
2026-09-23T08:43:52.3346683Z   update-environment: true
2026-09-23T08:43:52.3347172Z   allow-prereleases: false
2026-09-23T08:43:52.3347655Z   freethreaded: false
2026-09-23T08:43:52.3348086Z ##[endgroup]
2026-09-23T08:43:52.4668481Z ##[group]Installed versions
2026-09-23T08:43:52.5346871Z (node:2271) [DEP0040] DeprecationWarning: The `punycode` module is deprecated. Please use a userland alternative instead.
2026-09-23T08:43:52.5349333Z (Use `node --trace-deprecation ...` to show where the warning was created)
2026-09-23T08:43:52.5350938Z Successfully set up CPython (3.11.16)
2026-09-23T08:43:52.5352729Z ##[endgroup]
2026-09-23T08:43:52.5628508Z ##[group]Run pip install --no-cache-dir pytest
2026-09-23T08:43:52.5629673Z [36;1mpip install --no-cache-dir pytest[0m
2026-09-23T08:43:52.5752033Z shell: /usr/bin/bash -e {0}
2026-09-23T08:43:52.5752629Z env:
2026-09-23T08:43:52.5753171Z   pythonLocation: /opt/hostedtoolcache/Python/3.11.16/x64
2026-09-23T08:43:52.5754000Z   PKG_CONFIG_PATH: /opt/hostedtoolcache/Python/3.11.16/x64/lib/pkgconfig
2026-09-23T08:43:52.5754824Z   Python_ROOT_DIR: /opt/hostedtoolcache/Python/3.11.16/x64
2026-09-23T08:43:52.5755576Z   Python2_ROOT_DIR: /opt/hostedtoolcache/Python/3.11.16/x64
2026-09-23T08:43:52.5756306Z   Python3_ROOT_DIR: /opt/hostedtoolcache/Python/3.11.16/x64
2026-09-23T08:43:52.5757081Z   LD_LIBRARY_PATH: /opt/hostedtoolcache/Python/3.11.16/x64/lib
2026-09-23T08:43:52.5757711Z ##[endgroup]
2026-09-23T08:43:55.7580146Z Collecting pytest
2026-09-23T08:43:55.8075251Z   Downloading pytest-9.1.1-py3-none-any.whl.metadata (7.6 kB)
2026-09-23T08:43:55.8160718Z Collecting iniconfig>=1.0.1 (from pytest)
2026-09-23T08:43:55.8200848Z   Downloading iniconfig-2.3.0-py3-none-any.whl.metadata (2.5 kB)
2026-09-23T08:43:55.8307062Z Collecting packaging>=22 (from pytest)
2026-09-23T08:43:55.8343667Z   Downloading packaging-26.3-py3-none-any.whl.metadata (3.5 kB)
2026-09-23T08:43:55.8423272Z Collecting pluggy<2,>=1.5 (from pytest)
2026-09-23T08:43:55.8458940Z   Downloading pluggy-1.6.0-py3-none-any.whl.metadata (4.8 kB)
2026-09-23T08:43:55.8593193Z Collecting pygments>=2.7.2 (from pytest)
2026-09-23T08:43:55.8629150Z   Downloading pygments-2.21.0-py3-none-any.whl.metadata (2.5 kB)
2026-09-23T08:43:55.8692573Z Downloading pytest-9.1.1-py3-none-any.whl (386 kB)
2026-09-23T08:43:55.8907556Z Downloading pluggy-1.6.0-py3-none-any.whl (20 kB)
2026-09-23T08:43:55.8943783Z Downloading iniconfig-2.3.0-py3-none-any.whl (7.5 kB)
2026-09-23T08:43:55.8978835Z Downloading packaging-26.3-py3-none-any.whl (129 kB)
2026-09-23T08:43:55.9034490Z Downloading pygments-2.21.0-py3-none-any.whl (1.3 MB)
2026-09-23T08:43:55.9239661Z    ââââââââââââââââââââââââââââââââââââââââ 1.3/1.3 MB 71.6 MB/s  0:00:00
2026-09-23T08:43:56.1360493Z Installing collected packages: pygments, pluggy, packaging, iniconfig, pytest
2026-09-23T08:43:57.1064941Z 
2026-09-23T08:43:57.1073947Z Successfully installed iniconfig-2.3.0 packaging-26.3 pluggy-1.6.0 pygments-2.21.0 pytest-9.1.1
2026-09-23T08:43:57.1574226Z ##[group]Run python automation/inject_mutation.py --error-type "ZeroDivisionError"
2026-09-23T08:43:57.1574968Z [36;1mpython automation/inject_mutation.py --error-type "ZeroDivisionError"[0m
2026-09-23T08:43:57.1613621Z shell: /usr/bin/bash -e {0}
2026-09-23T08:43:57.1613917Z env:
2026-09-23T08:43:57.1614429Z   pythonLocation: /opt/hostedtoolcache/Python/3.11.16/x64
2026-09-23T08:43:57.1614922Z   PKG_CONFIG_PATH: /opt/hostedtoolcache/Python/3.11.16/x64/lib/pkgconfig
2026-09-23T08:43:57.1615411Z   Python_ROOT_DIR: /opt/hostedtoolcache/Python/3.11.16/x64
2026-09-23T08:43:57.1615839Z   Python2_ROOT_DIR: /opt/hostedtoolcache/Python/3.11.16/x64
2026-09-23T08:43:57.1616273Z   Python3_ROOT_DIR: /opt/hostedtoolcache/Python/3.11.16/x64
2026-09-23T08:43:57.1616702Z   LD_LIBRARY_PATH: /opt/hostedtoolcache/Python/3.11.16/x64/lib
2026-09-23T08:43:57.1617092Z ##[endgroup]
2026-09-23T08:43:57.1917907Z [Mutation Injected] Successfully injected ZeroDivisionError into tests/test_app.py
2026-09-23T08:43:57.1989709Z ##[group]Run pytest tests/test_app.py -v
2026-09-23T08:43:57.1990145Z [36;1mpytest tests/test_app.py -v[0m
2026-09-23T08:43:57.2027118Z shell: /usr/bin/bash -e {0}
2026-09-23T08:43:57.2027433Z env:
2026-09-23T08:43:57.2027761Z   pythonLocation: /opt/hostedtoolcache/Python/3.11.16/x64
2026-09-23T08:43:57.2028540Z   PKG_CONFIG_PATH: /opt/hostedtoolcache/Python/3.11.16/x64/lib/pkgconfig
2026-09-23T08:43:57.2029049Z   Python_ROOT_DIR: /opt/hostedtoolcache/Python/3.11.16/x64
2026-09-23T08:43:57.2029495Z   Python2_ROOT_DIR: /opt/hostedtoolcache/Python/3.11.16/x64
2026-09-23T08:43:57.2029957Z   Python3_ROOT_DIR: /opt/hostedtoolcache/Python/3.11.16/x64
2026-09-23T08:43:57.2030412Z   LD_LIBRARY_PATH: /opt/hostedtoolcache/Python/3.11.16/x64/lib
2026-09-23T08:43:57.2030794Z ##[endgroup]
2026-09-23T08:43:57.6057044Z ============================= test session starts ==============================
2026-09-23T08:43:57.6058079Z platform linux -- Python 3.11.16, pytest-9.1.1, pluggy-1.6.0 -- /opt/hostedtoolcache/Python/3.11.16/x64/bin/python
2026-09-23T08:43:57.6059203Z cachedir: .pytest_cache
2026-09-23T08:43:57.6059638Z rootdir: /home/runner/work/log-generation/log-generation
2026-09-23T08:43:57.6060051Z configfile: pytest.ini
2026-09-23T08:43:57.6144070Z collecting ... collected 6 items
2026-09-23T08:43:57.6144497Z 
2026-09-23T08:43:57.6152919Z tests/test_app.py::test_calculate_division PASSED                        [ 16%]
2026-09-23T08:43:57.6160562Z tests/test_app.py::test_convert_to_int PASSED                            [ 33%]
2026-09-23T08:43:57.6167612Z tests/test_app.py::test_get_list_item PASSED                             [ 50%]
2026-09-23T08:43:57.6174587Z tests/test_app.py::test_get_dict_value PASSED                            [ 66%]
2026-09-23T08:43:57.6181333Z tests/test_app.py::test_assert_positive PASSED                           [ 83%]
2026-09-23T08:43:57.6463546Z tests/test_app.py::test_zero_division_error FAILED                       [100%]
2026-09-23T08:43:57.6464348Z 
2026-09-23T08:43:57.6465005Z =================================== FAILURES ===================================
2026-09-23T08:43:57.6465835Z ___________________________ test_zero_division_error ___________________________
2026-09-23T08:43:57.6466345Z 
2026-09-23T08:43:57.6466552Z     def test_zero_division_error():
2026-09-23T08:43:57.6467274Z         """Injected synthetic ZeroDivisionError."""
2026-09-23T08:43:57.6468019Z         from src.app import calculate_division
2026-09-23T08:43:57.6468800Z >       calculate_division(42, 0)
2026-09-23T08:43:57.6469145Z 
2026-09-23T08:43:57.6469334Z tests/test_app.py:137: 
2026-09-23T08:43:57.6469859Z _ _ _ _ _ _ _ _ _ _ _ _ _ _ _ _ _ _ _ _ _ _ _ _ _ _ _ _ _ _ _ _ _ _ _ _ _ _ _ _ 
2026-09-23T08:43:57.6470315Z 
2026-09-23T08:43:57.6470468Z a = 42, b = 0
2026-09-23T08:43:57.6470678Z 
2026-09-23T08:43:57.6470878Z     def calculate_division(a, b):
2026-09-23T08:43:57.6471340Z >       return a / b
2026-09-23T08:43:57.6471767Z                ^^^^^
2026-09-23T08:43:57.6472271Z E       ZeroDivisionError: division by zero
2026-09-23T08:43:57.6472649Z 
2026-09-23T08:43:57.6472843Z src/app.py:2: ZeroDivisionError
2026-09-23T08:43:57.6473446Z =========================== short test summary info ============================
2026-09-23T08:43:57.6474408Z FAILED tests/test_app.py::test_zero_division_error - ZeroDivisionError: division by zero
2026-09-23T08:43:57.6475769Z ========================= 1 failed, 5 passed in 0.03s ==========================
2026-09-23T08:43:57.6654903Z ##[error]Process completed with exit code 1.
2026-09-23T08:43:57.6801287Z Node 20 is being deprecated. This workflow is running with Node 24 by default. If you need to temporarily use Node 20, you can set the ACTIONS_ALLOW_USE_UNSECURE_NODE_VERSION=true environment variable. For more information see: https://github.blog/changelog/2025-09-19-deprecation-of-node-20-on-github-actions-runners/
2026-09-23T08:43:57.6802571Z Post job cleanup.
2026-09-23T08:43:57.7689875Z [command]/usr/bin/git version
2026-09-23T08:43:57.7735704Z git version 2.55.0
2026-09-23T08:43:57.7781068Z Temporarily overriding HOME='/home/runner/work/_temp/b724f056-fdc9-4939-96dd-e792f75b9191' before making global git config changes
2026-09-23T08:43:57.7782467Z Adding repository directory to the temporary git global config as a safe directory
2026-09-23T08:43:57.7787129Z [command]/usr/bin/git config --global --add safe.directory /home/runner/work/log-generation/log-generation
2026-09-23T08:43:57.7829840Z [command]/usr/bin/git config --local --name-only --get-regexp core\.sshCommand
2026-09-23T08:43:57.7865652Z [command]/usr/bin/git submodule foreach --recursive sh -c "git config --local --name-only --get-regexp 'core\.sshCommand' && git config --local --unset-all 'core.sshCommand' || :"
2026-09-23T08:43:57.8131506Z [command]/usr/bin/git config --local --name-only --get-regexp http\.https\:\/\/github\.com\/\.extraheader
2026-09-23T08:43:57.8160660Z http.https://github.com/.extraheader
2026-09-23T08:43:57.8172691Z [command]/usr/bin/git config --local --unset-all http.https://github.com/.extraheader
2026-09-23T08:43:57.8207271Z [command]/usr/bin/git submodule foreach --recursive sh -c "git config --local --name-only --get-regexp 'http\.https\:\/\/github\.com\/\.extraheader' && git config --local --unset-all 'http.https://github.com/.extraheader' || :"
2026-09-23T08:43:57.8472052Z [command]/usr/bin/git config --local --name-only --get-regexp ^includeIf\.gitdir:
2026-09-23T08:43:57.8519927Z [command]/usr/bin/git submodule foreach --recursive git config --local --show-origin --name-only --get-regexp remote.origin.url
2026-09-23T08:43:57.8973396Z Cleaning up orphan processes
2026-09-23T08:43:57.9297826Z ##[warning]Node.js 20 is deprecated. The following actions target Node.js 20 but are being forced to run on Node.js 24: actions/checkout@v4, actions/setup-python@v5. For more information see: https://github.blog/changelog/2025-09-19-deprecation-of-node-20-on-github-actions-runners/
