ï»¿2026-09-23T08:50:15.2946129Z Current runner version: '2.337.0'
2026-09-23T08:50:15.2970223Z ##[group]Runner Image Provisioner
2026-09-23T08:50:15.2971144Z Hosted Compute Agent
2026-09-23T08:50:15.2971756Z Version: 20260828.587
2026-09-23T08:50:15.2972483Z Commit: abac92662cab4cc7352de4f9f9d2e2419aad9c29
2026-09-23T08:50:15.2973290Z Build Date: 2026-08-28T16:44:25Z
2026-09-23T08:50:15.2974089Z Worker ID: {f97635d1-237e-49f9-8e81-10bbdc12985b}
2026-09-23T08:50:15.2974860Z Azure Region: westus
2026-09-23T08:50:15.2975485Z ##[endgroup]
2026-09-23T08:50:15.2977365Z ##[group]Operating System
2026-09-23T08:50:15.2978087Z Ubuntu
2026-09-23T08:50:15.2978649Z 24.04.5
2026-09-23T08:50:15.2979595Z LTS
2026-09-23T08:50:15.2980170Z ##[endgroup]
2026-09-23T08:50:15.2981129Z ##[group]Runner Image
2026-09-23T08:50:15.2981863Z Image: ubuntu-24.04
2026-09-23T08:50:15.2982508Z Version: 20260907.300.1
2026-09-23T08:50:15.2983931Z Included Software: https://github.com/actions/runner-images/blob/ubuntu24/20260907.300/images/ubuntu/Ubuntu2404-Readme.md
2026-09-23T08:50:15.2985660Z Image Release: https://github.com/actions/runner-images/releases/tag/ubuntu24%2F20260907.300
2026-09-23T08:50:15.2986809Z ##[endgroup]
2026-09-23T08:50:15.2988180Z ##[group]GITHUB_TOKEN Permissions
2026-09-23T08:50:15.2990739Z Contents: read
2026-09-23T08:50:15.2991352Z Metadata: read
2026-09-23T08:50:15.2992029Z Packages: read
2026-09-23T08:50:15.2992641Z ##[endgroup]
2026-09-23T08:50:15.2994729Z Secret source: Actions
2026-09-23T08:50:15.2995736Z Cache mode: write
2026-09-23T08:50:15.2996866Z Prepare workflow directory
2026-09-23T08:50:15.3334782Z Prepare all required actions
2026-09-23T08:50:15.3383854Z Getting action download info
2026-09-23T08:50:15.7064846Z Download action repository 'actions/checkout@v4' (SHA:11d5960a326750d5838078e36cf38b85af677262)
2026-09-23T08:50:15.8241181Z Download action repository 'actions/setup-python@v5' (SHA:a26af69be951a213d495a4c3e4e4022e16d87065)
2026-09-23T08:50:16.0087092Z Complete job name: test-f3 (IndexError #236)
2026-09-23T08:50:16.0856005Z Node 20 is being deprecated. This workflow is running with Node 24 by default. If you need to temporarily use Node 20, you can set the ACTIONS_ALLOW_USE_UNSECURE_NODE_VERSION=true environment variable. For more information see: https://github.blog/changelog/2025-09-19-deprecation-of-node-20-on-github-actions-runners/
2026-09-23T08:50:16.0865227Z ##[group]Run actions/checkout@v4
2026-09-23T08:50:16.0865975Z with:
2026-09-23T08:50:16.0866402Z   fetch-depth: 1
2026-09-23T08:50:16.0866876Z   repository: DhruvHegde/log-generation
2026-09-23T08:50:16.0871041Z   token: ***
2026-09-23T08:50:16.0871490Z   ssh-strict: true
2026-09-23T08:50:16.0871935Z   ssh-user: git
2026-09-23T08:50:16.0872398Z   persist-credentials: true
2026-09-23T08:50:16.0872895Z   clean: true
2026-09-23T08:50:16.0873355Z   sparse-checkout-cone-mode: true
2026-09-23T08:50:16.0873883Z   fetch-tags: false
2026-09-23T08:50:16.0874384Z   show-progress: true
2026-09-23T08:50:16.0874843Z   lfs: false
2026-09-23T08:50:16.0875297Z   submodules: false
2026-09-23T08:50:16.0875770Z   set-safe-directory: true
2026-09-23T08:50:16.0876289Z   allow-unsafe-pr-checkout: false
2026-09-23T08:50:16.0877088Z ##[endgroup]
2026-09-23T08:50:16.1910704Z Syncing repository: DhruvHegde/log-generation
2026-09-23T08:50:16.1913410Z ##[group]Getting Git version info
2026-09-23T08:50:16.1914669Z Working directory is '/home/runner/work/log-generation/log-generation'
2026-09-23T08:50:16.1916397Z [command]/usr/bin/git version
2026-09-23T08:50:16.2000471Z git version 2.55.0
2026-09-23T08:50:16.2033818Z ##[endgroup]
2026-09-23T08:50:16.2045980Z Temporarily overriding HOME='/home/runner/work/_temp/7c7d7198-3274-4e26-a94f-83ae90fbb61d' before making global git config changes
2026-09-23T08:50:16.2048523Z Adding repository directory to the temporary git global config as a safe directory
2026-09-23T08:50:16.2050647Z [command]/usr/bin/git config --global --add safe.directory /home/runner/work/log-generation/log-generation
2026-09-23T08:50:16.2111362Z Deleting the contents of '/home/runner/work/log-generation/log-generation'
2026-09-23T08:50:16.2120387Z ##[group]Initializing the repository
2026-09-23T08:50:16.2121750Z [command]/usr/bin/git init /home/runner/work/log-generation/log-generation
2026-09-23T08:50:16.2264385Z hint: Using 'master' as the name for the initial branch. This default branch name
2026-09-23T08:50:16.2266012Z hint: will change to "main" in Git 3.0. To configure the initial branch name
2026-09-23T08:50:16.2267510Z hint: to use in all of your new repositories, which will suppress this warning,
2026-09-23T08:50:16.2268696Z hint: call:
2026-09-23T08:50:16.2270026Z hint:
2026-09-23T08:50:16.2270853Z hint: 	git config --global init.defaultBranch <name>
2026-09-23T08:50:16.2271830Z hint:
2026-09-23T08:50:16.2272747Z hint: Names commonly chosen instead of 'master' are 'main', 'trunk' and
2026-09-23T08:50:16.2274256Z hint: 'development'. The just-created branch can be renamed via this command:
2026-09-23T08:50:16.2275457Z hint:
2026-09-23T08:50:16.2276147Z hint: 	git branch -m <name>
2026-09-23T08:50:16.2276911Z hint:
2026-09-23T08:50:16.2277900Z hint: Disable this message with "git config set advice.defaultBranchName false"
2026-09-23T08:50:16.2279907Z Initialized empty Git repository in /home/runner/work/log-generation/log-generation/.git/
2026-09-23T08:50:16.2282686Z [command]/usr/bin/git remote add origin https://github.com/DhruvHegde/log-generation
2026-09-23T08:50:16.2334496Z ##[endgroup]
2026-09-23T08:50:16.2335723Z ##[group]Disabling automatic garbage collection
2026-09-23T08:50:16.2339196Z [command]/usr/bin/git config --local gc.auto 0
2026-09-23T08:50:16.2375298Z ##[endgroup]
2026-09-23T08:50:16.2376418Z ##[group]Setting up auth
2026-09-23T08:50:16.2383277Z [command]/usr/bin/git config --local --name-only --get-regexp core\.sshCommand
2026-09-23T08:50:16.2415744Z [command]/usr/bin/git submodule foreach --recursive sh -c "git config --local --name-only --get-regexp 'core\.sshCommand' && git config --local --unset-all 'core.sshCommand' || :"
2026-09-23T08:50:16.2873329Z [command]/usr/bin/git config --local --name-only --get-regexp http\.https\:\/\/github\.com\/\.extraheader
2026-09-23T08:50:16.2912832Z [command]/usr/bin/git submodule foreach --recursive sh -c "git config --local --name-only --get-regexp 'http\.https\:\/\/github\.com\/\.extraheader' && git config --local --unset-all 'http.https://github.com/.extraheader' || :"
2026-09-23T08:50:16.3140070Z [command]/usr/bin/git config --local --name-only --get-regexp ^includeIf\.gitdir:
2026-09-23T08:50:16.3176335Z [command]/usr/bin/git submodule foreach --recursive git config --local --show-origin --name-only --get-regexp remote.origin.url
2026-09-23T08:50:16.3404602Z [command]/usr/bin/git config --local http.https://github.com/.extraheader AUTHORIZATION: basic ***
2026-09-23T08:50:16.3444933Z ##[endgroup]
2026-09-23T08:50:16.3455692Z ##[group]Fetching the repository
2026-09-23T08:50:16.3458826Z [command]/usr/bin/git -c protocol.version=2 fetch --no-tags --prune --no-recurse-submodules --depth=1 origin +43f20917de93b9aad51cf79a69ad5239c5632917:refs/remotes/origin/feature/f3-test-failures
2026-09-23T08:50:17.0337347Z From https://github.com/DhruvHegde/log-generation
2026-09-23T08:50:17.0339492Z  * [new ref]         43f20917de93b9aad51cf79a69ad5239c5632917 -> origin/feature/f3-test-failures
2026-09-23T08:50:17.0342970Z ##[endgroup]
2026-09-23T08:50:17.0343994Z ##[group]Determining the checkout info
2026-09-23T08:50:17.0345299Z ##[endgroup]
2026-09-23T08:50:17.0351358Z [command]/usr/bin/git sparse-checkout disable
2026-09-23T08:50:17.0412825Z [command]/usr/bin/git config --local --unset-all extensions.worktreeConfig
2026-09-23T08:50:17.0449374Z ##[group]Checking out the ref
2026-09-23T08:50:17.0455588Z [command]/usr/bin/git checkout --progress --force -B feature/f3-test-failures refs/remotes/origin/feature/f3-test-failures
2026-09-23T08:50:17.0868646Z Switched to a new branch 'feature/f3-test-failures'
2026-09-23T08:50:17.0875450Z branch 'feature/f3-test-failures' set up to track 'origin/feature/f3-test-failures'.
2026-09-23T08:50:17.0883784Z ##[endgroup]
2026-09-23T08:50:17.0933108Z [command]/usr/bin/git log -1 --format=%H
2026-09-23T08:50:17.0962034Z 43f20917de93b9aad51cf79a69ad5239c5632917
2026-09-23T08:50:17.1333206Z Node 20 is being deprecated. This workflow is running with Node 24 by default. If you need to temporarily use Node 20, you can set the ACTIONS_ALLOW_USE_UNSECURE_NODE_VERSION=true environment variable. For more information see: https://github.blog/changelog/2025-09-19-deprecation-of-node-20-on-github-actions-runners/
2026-09-23T08:50:17.1339274Z ##[group]Run actions/setup-python@v5
2026-09-23T08:50:17.1340549Z with:
2026-09-23T08:50:17.1341535Z   python-version: 3.11
2026-09-23T08:50:17.1342653Z   check-latest: false
2026-09-23T08:50:17.1353148Z   token: ***
2026-09-23T08:50:17.1354206Z   update-environment: true
2026-09-23T08:50:17.1355420Z   allow-prereleases: false
2026-09-23T08:50:17.1356596Z   freethreaded: false
2026-09-23T08:50:17.1357657Z ##[endgroup]
2026-09-23T08:50:17.2698760Z ##[group]Installed versions
2026-09-23T08:50:17.2795661Z (node:2227) [DEP0040] DeprecationWarning: The `punycode` module is deprecated. Please use a userland alternative instead.
2026-09-23T08:50:17.2800756Z (Use `node --trace-deprecation ...` to show where the warning was created)
2026-09-23T08:50:17.2803634Z Successfully set up CPython (3.11.16)
2026-09-23T08:50:17.2806692Z ##[endgroup]
2026-09-23T08:50:17.2977806Z ##[group]Run pip install --no-cache-dir pytest
2026-09-23T08:50:17.2979889Z [36;1mpip install --no-cache-dir pytest[0m
2026-09-23T08:50:17.3037009Z shell: /usr/bin/bash -e {0}
2026-09-23T08:50:17.3038126Z env:
2026-09-23T08:50:17.3039532Z   pythonLocation: /opt/hostedtoolcache/Python/3.11.16/x64
2026-09-23T08:50:17.3041451Z   PKG_CONFIG_PATH: /opt/hostedtoolcache/Python/3.11.16/x64/lib/pkgconfig
2026-09-23T08:50:17.3043354Z   Python_ROOT_DIR: /opt/hostedtoolcache/Python/3.11.16/x64
2026-09-23T08:50:17.3045064Z   Python2_ROOT_DIR: /opt/hostedtoolcache/Python/3.11.16/x64
2026-09-23T08:50:17.3046784Z   Python3_ROOT_DIR: /opt/hostedtoolcache/Python/3.11.16/x64
2026-09-23T08:50:17.3048532Z   LD_LIBRARY_PATH: /opt/hostedtoolcache/Python/3.11.16/x64/lib
2026-09-23T08:50:17.3135671Z ##[endgroup]
2026-09-23T08:50:20.6244641Z Collecting pytest
2026-09-23T08:50:20.6721215Z   Downloading pytest-9.1.1-py3-none-any.whl.metadata (7.6 kB)
2026-09-23T08:50:20.7187009Z Collecting iniconfig>=1.0.1 (from pytest)
2026-09-23T08:50:20.7236809Z   Downloading iniconfig-2.3.0-py3-none-any.whl.metadata (2.5 kB)
2026-09-23T08:50:20.7735414Z Collecting packaging>=22 (from pytest)
2026-09-23T08:50:20.7768015Z   Downloading packaging-26.3-py3-none-any.whl.metadata (3.5 kB)
2026-09-23T08:50:20.8230450Z Collecting pluggy<2,>=1.5 (from pytest)
2026-09-23T08:50:20.8264044Z   Downloading pluggy-1.6.0-py3-none-any.whl.metadata (4.8 kB)
2026-09-23T08:50:20.8814025Z Collecting pygments>=2.7.2 (from pytest)
2026-09-23T08:50:20.8848331Z   Downloading pygments-2.21.0-py3-none-any.whl.metadata (2.5 kB)
2026-09-23T08:50:20.8911306Z Downloading pytest-9.1.1-py3-none-any.whl (386 kB)
2026-09-23T08:50:20.9126230Z Downloading pluggy-1.6.0-py3-none-any.whl (20 kB)
2026-09-23T08:50:20.9163636Z Downloading iniconfig-2.3.0-py3-none-any.whl (7.5 kB)
2026-09-23T08:50:20.9196828Z Downloading packaging-26.3-py3-none-any.whl (129 kB)
2026-09-23T08:50:20.9233139Z Downloading pygments-2.21.0-py3-none-any.whl (1.3 MB)
2026-09-23T08:50:20.9312366Z    ââââââââââââââââââââââââââââââââââââââââ 1.3/1.3 MB 236.5 MB/s  0:00:00
2026-09-23T08:50:21.1312710Z Installing collected packages: pygments, pluggy, packaging, iniconfig, pytest
2026-09-23T08:50:22.0844829Z 
2026-09-23T08:50:22.0854805Z Successfully installed iniconfig-2.3.0 packaging-26.3 pluggy-1.6.0 pygments-2.21.0 pytest-9.1.1
2026-09-23T08:50:22.1336421Z ##[group]Run python automation/inject_mutation.py --error-type "IndexError"
2026-09-23T08:50:22.1337020Z [36;1mpython automation/inject_mutation.py --error-type "IndexError"[0m
2026-09-23T08:50:22.1376338Z shell: /usr/bin/bash -e {0}
2026-09-23T08:50:22.1376601Z env:
2026-09-23T08:50:22.1376881Z   pythonLocation: /opt/hostedtoolcache/Python/3.11.16/x64
2026-09-23T08:50:22.1377554Z   PKG_CONFIG_PATH: /opt/hostedtoolcache/Python/3.11.16/x64/lib/pkgconfig
2026-09-23T08:50:22.1377986Z   Python_ROOT_DIR: /opt/hostedtoolcache/Python/3.11.16/x64
2026-09-23T08:50:22.1378367Z   Python2_ROOT_DIR: /opt/hostedtoolcache/Python/3.11.16/x64
2026-09-23T08:50:22.1378754Z   Python3_ROOT_DIR: /opt/hostedtoolcache/Python/3.11.16/x64
2026-09-23T08:50:22.1379490Z   LD_LIBRARY_PATH: /opt/hostedtoolcache/Python/3.11.16/x64/lib
2026-09-23T08:50:22.1379852Z ##[endgroup]
2026-09-23T08:50:22.1676049Z [Mutation Injected] Successfully injected IndexError into tests/test_app.py
2026-09-23T08:50:22.1745215Z ##[group]Run pytest tests/test_app.py -v
2026-09-23T08:50:22.1745570Z [36;1mpytest tests/test_app.py -v[0m
2026-09-23T08:50:22.1780379Z shell: /usr/bin/bash -e {0}
2026-09-23T08:50:22.1780640Z env:
2026-09-23T08:50:22.1780915Z   pythonLocation: /opt/hostedtoolcache/Python/3.11.16/x64
2026-09-23T08:50:22.1781369Z   PKG_CONFIG_PATH: /opt/hostedtoolcache/Python/3.11.16/x64/lib/pkgconfig
2026-09-23T08:50:22.1781834Z   Python_ROOT_DIR: /opt/hostedtoolcache/Python/3.11.16/x64
2026-09-23T08:50:22.1782227Z   Python2_ROOT_DIR: /opt/hostedtoolcache/Python/3.11.16/x64
2026-09-23T08:50:22.1782619Z   Python3_ROOT_DIR: /opt/hostedtoolcache/Python/3.11.16/x64
2026-09-23T08:50:22.1783019Z   LD_LIBRARY_PATH: /opt/hostedtoolcache/Python/3.11.16/x64/lib
2026-09-23T08:50:22.1783349Z ##[endgroup]
2026-09-23T08:50:22.6372601Z ============================= test session starts ==============================
2026-09-23T08:50:22.6374081Z platform linux -- Python 3.11.16, pytest-9.1.1, pluggy-1.6.0 -- /opt/hostedtoolcache/Python/3.11.16/x64/bin/python
2026-09-23T08:50:22.6375263Z cachedir: .pytest_cache
2026-09-23T08:50:22.6375962Z rootdir: /home/runner/work/log-generation/log-generation
2026-09-23T08:50:22.6376735Z configfile: pytest.ini
2026-09-23T08:50:22.6462822Z collecting ... collected 6 items
2026-09-23T08:50:22.6463294Z 
2026-09-23T08:50:22.6473443Z tests/test_app.py::test_calculate_division PASSED                        [ 16%]
2026-09-23T08:50:22.6486822Z tests/test_app.py::test_convert_to_int PASSED                            [ 33%]
2026-09-23T08:50:22.6492346Z tests/test_app.py::test_get_list_item PASSED                             [ 50%]
2026-09-23T08:50:22.6500827Z tests/test_app.py::test_get_dict_value PASSED                            [ 66%]
2026-09-23T08:50:22.6507836Z tests/test_app.py::test_assert_positive PASSED                           [ 83%]
2026-09-23T08:50:22.6776058Z tests/test_app.py::test_index_error FAILED                               [100%]
2026-09-23T08:50:22.6776631Z 
2026-09-23T08:50:22.6776877Z =================================== FAILURES ===================================
2026-09-23T08:50:22.6777537Z _______________________________ test_index_error _______________________________
2026-09-23T08:50:22.6777978Z 
2026-09-23T08:50:22.6778153Z     def test_index_error():
2026-09-23T08:50:22.6778620Z         """Injected synthetic IndexError."""
2026-09-23T08:50:22.6779423Z         from src.app import get_list_item
2026-09-23T08:50:22.6779952Z         dataset = [10, 20, 30]
2026-09-23T08:50:22.6780417Z >       get_list_item(dataset, 999)
2026-09-23T08:50:22.6780749Z 
2026-09-23T08:50:22.6780926Z tests/test_app.py:140: 
2026-09-23T08:50:22.6781480Z _ _ _ _ _ _ _ _ _ _ _ _ _ _ _ _ _ _ _ _ _ _ _ _ _ _ _ _ _ _ _ _ _ _ _ _ _ _ _ _ 
2026-09-23T08:50:22.6781952Z 
2026-09-23T08:50:22.6782114Z lst = [10, 20, 30], index = 999
2026-09-23T08:50:22.6782409Z 
2026-09-23T08:50:22.6782590Z     def get_list_item(lst, index):
2026-09-23T08:50:22.6783077Z >       return lst[index]
2026-09-23T08:50:22.6783501Z                ^^^^^^^^^^
2026-09-23T08:50:22.6783934Z E       IndexError: list index out of range
2026-09-23T08:50:22.6784295Z 
2026-09-23T08:50:22.6784472Z src/app.py:8: IndexError
2026-09-23T08:50:22.6784997Z =========================== short test summary info ============================
2026-09-23T08:50:22.6785931Z FAILED tests/test_app.py::test_index_error - IndexError: list index out of range
2026-09-23T08:50:22.6787126Z ========================= 1 failed, 5 passed in 0.03s ==========================
2026-09-23T08:50:22.6966762Z ##[error]Process completed with exit code 1.
2026-09-23T08:50:22.7110243Z Node 20 is being deprecated. This workflow is running with Node 24 by default. If you need to temporarily use Node 20, you can set the ACTIONS_ALLOW_USE_UNSECURE_NODE_VERSION=true environment variable. For more information see: https://github.blog/changelog/2025-09-19-deprecation-of-node-20-on-github-actions-runners/
2026-09-23T08:50:22.7111473Z Post job cleanup.
2026-09-23T08:50:22.7928041Z [command]/usr/bin/git version
2026-09-23T08:50:22.7972320Z git version 2.55.0
2026-09-23T08:50:22.8014084Z Temporarily overriding HOME='/home/runner/work/_temp/b518e937-487c-4eb7-a3ad-1ba2f8345793' before making global git config changes
2026-09-23T08:50:22.8015510Z Adding repository directory to the temporary git global config as a safe directory
2026-09-23T08:50:22.8020745Z [command]/usr/bin/git config --global --add safe.directory /home/runner/work/log-generation/log-generation
2026-09-23T08:50:22.8058552Z [command]/usr/bin/git config --local --name-only --get-regexp core\.sshCommand
2026-09-23T08:50:22.8094673Z [command]/usr/bin/git submodule foreach --recursive sh -c "git config --local --name-only --get-regexp 'core\.sshCommand' && git config --local --unset-all 'core.sshCommand' || :"
2026-09-23T08:50:22.8361506Z [command]/usr/bin/git config --local --name-only --get-regexp http\.https\:\/\/github\.com\/\.extraheader
2026-09-23T08:50:22.8388124Z http.https://github.com/.extraheader
2026-09-23T08:50:22.8400070Z [command]/usr/bin/git config --local --unset-all http.https://github.com/.extraheader
2026-09-23T08:50:22.8434337Z [command]/usr/bin/git submodule foreach --recursive sh -c "git config --local --name-only --get-regexp 'http\.https\:\/\/github\.com\/\.extraheader' && git config --local --unset-all 'http.https://github.com/.extraheader' || :"
2026-09-23T08:50:22.8696987Z [command]/usr/bin/git config --local --name-only --get-regexp ^includeIf\.gitdir:
2026-09-23T08:50:22.8742277Z [command]/usr/bin/git submodule foreach --recursive git config --local --show-origin --name-only --get-regexp remote.origin.url
2026-09-23T08:50:22.9140834Z Cleaning up orphan processes
2026-09-23T08:50:22.9408609Z ##[warning]Node.js 20 is deprecated. The following actions target Node.js 20 but are being forced to run on Node.js 24: actions/checkout@v4, actions/setup-python@v5. For more information see: https://github.blog/changelog/2025-09-19-deprecation-of-node-20-on-github-actions-runners/
