ï»¿2026-09-23T08:45:22.9358286Z Current runner version: '2.337.0'
2026-09-23T08:45:22.9383289Z ##[group]Runner Image Provisioner
2026-09-23T08:45:22.9384153Z Hosted Compute Agent
2026-09-23T08:45:22.9384804Z Version: 20260828.587
2026-09-23T08:45:22.9385528Z Commit: abac92662cab4cc7352de4f9f9d2e2419aad9c29
2026-09-23T08:45:22.9386276Z Build Date: 2026-08-28T16:44:25Z
2026-09-23T08:45:22.9387090Z Worker ID: {ac06c7a0-7c47-4369-ac24-22f8c4c39b4d}
2026-09-23T08:45:22.9387836Z Azure Region: westus
2026-09-23T08:45:22.9388414Z ##[endgroup]
2026-09-23T08:45:22.9390626Z ##[group]Operating System
2026-09-23T08:45:22.9391366Z Ubuntu
2026-09-23T08:45:22.9391967Z 24.04.5
2026-09-23T08:45:22.9392509Z LTS
2026-09-23T08:45:22.9393326Z ##[endgroup]
2026-09-23T08:45:22.9394034Z ##[group]Runner Image
2026-09-23T08:45:22.9394681Z Image: ubuntu-24.04
2026-09-23T08:45:22.9395298Z Version: 20260907.300.1
2026-09-23T08:45:22.9396580Z Included Software: https://github.com/actions/runner-images/blob/ubuntu24/20260907.300/images/ubuntu/Ubuntu2404-Readme.md
2026-09-23T08:45:22.9398187Z Image Release: https://github.com/actions/runner-images/releases/tag/ubuntu24%2F20260907.300
2026-09-23T08:45:22.9399204Z ##[endgroup]
2026-09-23T08:45:22.9401247Z ##[group]GITHUB_TOKEN Permissions
2026-09-23T08:45:22.9403436Z Contents: read
2026-09-23T08:45:22.9404147Z Metadata: read
2026-09-23T08:45:22.9404762Z Packages: read
2026-09-23T08:45:22.9405313Z ##[endgroup]
2026-09-23T08:45:22.9407414Z Secret source: Actions
2026-09-23T08:45:22.9408385Z Cache mode: write
2026-09-23T08:45:22.9409823Z Prepare workflow directory
2026-09-23T08:45:22.9747657Z Prepare all required actions
2026-09-23T08:45:22.9796039Z Getting action download info
2026-09-23T08:45:23.3477665Z Download action repository 'actions/checkout@v4' (SHA:11d5960a326750d5838078e36cf38b85af677262)
2026-09-23T08:45:23.4676520Z Download action repository 'actions/setup-python@v5' (SHA:a26af69be951a213d495a4c3e4e4022e16d87065)
2026-09-23T08:45:23.6552210Z Complete job name: test-f3 (IndexError #247)
2026-09-23T08:45:23.7332598Z Node 20 is being deprecated. This workflow is running with Node 24 by default. If you need to temporarily use Node 20, you can set the ACTIONS_ALLOW_USE_UNSECURE_NODE_VERSION=true environment variable. For more information see: https://github.blog/changelog/2025-09-19-deprecation-of-node-20-on-github-actions-runners/
2026-09-23T08:45:23.7341641Z ##[group]Run actions/checkout@v4
2026-09-23T08:45:23.7342396Z with:
2026-09-23T08:45:23.7342836Z   fetch-depth: 1
2026-09-23T08:45:23.7343331Z   repository: DhruvHegde/log-generation
2026-09-23T08:45:23.7347452Z   token: ***
2026-09-23T08:45:23.7347901Z   ssh-strict: true
2026-09-23T08:45:23.7348349Z   ssh-user: git
2026-09-23T08:45:23.7348802Z   persist-credentials: true
2026-09-23T08:45:23.7349524Z   clean: true
2026-09-23T08:45:23.7349993Z   sparse-checkout-cone-mode: true
2026-09-23T08:45:23.7350533Z   fetch-tags: false
2026-09-23T08:45:23.7350988Z   show-progress: true
2026-09-23T08:45:23.7351437Z   lfs: false
2026-09-23T08:45:23.7351897Z   submodules: false
2026-09-23T08:45:23.7352365Z   set-safe-directory: true
2026-09-23T08:45:23.7352890Z   allow-unsafe-pr-checkout: false
2026-09-23T08:45:23.7353696Z ##[endgroup]
2026-09-23T08:45:23.8379673Z Syncing repository: DhruvHegde/log-generation
2026-09-23T08:45:23.8382518Z ##[group]Getting Git version info
2026-09-23T08:45:23.8383501Z Working directory is '/home/runner/work/log-generation/log-generation'
2026-09-23T08:45:23.8384615Z [command]/usr/bin/git version
2026-09-23T08:45:23.8502672Z git version 2.55.0
2026-09-23T08:45:23.8526285Z ##[endgroup]
2026-09-23T08:45:23.8542307Z Temporarily overriding HOME='/home/runner/work/_temp/aefd54d0-769e-4cf8-96fc-1455863e74ec' before making global git config changes
2026-09-23T08:45:23.8544723Z Adding repository directory to the temporary git global config as a safe directory
2026-09-23T08:45:23.8548490Z [command]/usr/bin/git config --global --add safe.directory /home/runner/work/log-generation/log-generation
2026-09-23T08:45:23.8613165Z Deleting the contents of '/home/runner/work/log-generation/log-generation'
2026-09-23T08:45:23.8619951Z ##[group]Initializing the repository
2026-09-23T08:45:23.8623933Z [command]/usr/bin/git init /home/runner/work/log-generation/log-generation
2026-09-23T08:45:23.8742437Z hint: Using 'master' as the name for the initial branch. This default branch name
2026-09-23T08:45:23.8744198Z hint: will change to "main" in Git 3.0. To configure the initial branch name
2026-09-23T08:45:23.8747481Z hint: to use in all of your new repositories, which will suppress this warning,
2026-09-23T08:45:23.8748700Z hint: call:
2026-09-23T08:45:23.8749601Z hint:
2026-09-23T08:45:23.8750507Z hint: 	git config --global init.defaultBranch <name>
2026-09-23T08:45:23.8751573Z hint:
2026-09-23T08:45:23.8752662Z hint: Names commonly chosen instead of 'master' are 'main', 'trunk' and
2026-09-23T08:45:23.8754187Z hint: 'development'. The just-created branch can be renamed via this command:
2026-09-23T08:45:23.8755467Z hint:
2026-09-23T08:45:23.8756407Z hint: 	git branch -m <name>
2026-09-23T08:45:23.8757358Z hint:
2026-09-23T08:45:23.8758456Z hint: Disable this message with "git config set advice.defaultBranchName false"
2026-09-23T08:45:23.8760591Z Initialized empty Git repository in /home/runner/work/log-generation/log-generation/.git/
2026-09-23T08:45:23.8808269Z [command]/usr/bin/git remote add origin https://github.com/DhruvHegde/log-generation
2026-09-23T08:45:23.8811623Z ##[endgroup]
2026-09-23T08:45:23.8813090Z ##[group]Disabling automatic garbage collection
2026-09-23T08:45:23.8814354Z [command]/usr/bin/git config --local gc.auto 0
2026-09-23T08:45:23.8855517Z ##[endgroup]
2026-09-23T08:45:23.8856855Z ##[group]Setting up auth
2026-09-23T08:45:23.8863235Z [command]/usr/bin/git config --local --name-only --get-regexp core\.sshCommand
2026-09-23T08:45:23.8897035Z [command]/usr/bin/git submodule foreach --recursive sh -c "git config --local --name-only --get-regexp 'core\.sshCommand' && git config --local --unset-all 'core.sshCommand' || :"
2026-09-23T08:45:23.9266801Z [command]/usr/bin/git config --local --name-only --get-regexp http\.https\:\/\/github\.com\/\.extraheader
2026-09-23T08:45:23.9318798Z [command]/usr/bin/git submodule foreach --recursive sh -c "git config --local --name-only --get-regexp 'http\.https\:\/\/github\.com\/\.extraheader' && git config --local --unset-all 'http.https://github.com/.extraheader' || :"
2026-09-23T08:45:23.9547647Z [command]/usr/bin/git config --local --name-only --get-regexp ^includeIf\.gitdir:
2026-09-23T08:45:23.9584508Z [command]/usr/bin/git submodule foreach --recursive git config --local --show-origin --name-only --get-regexp remote.origin.url
2026-09-23T08:45:23.9810736Z [command]/usr/bin/git config --local http.https://github.com/.extraheader AUTHORIZATION: basic ***
2026-09-23T08:45:23.9850516Z ##[endgroup]
2026-09-23T08:45:23.9851796Z ##[group]Fetching the repository
2026-09-23T08:45:23.9861549Z [command]/usr/bin/git -c protocol.version=2 fetch --no-tags --prune --no-recurse-submodules --depth=1 origin +dfcb6f158e4bd8054252a4da5d0a9edc2ab15d57:refs/remotes/origin/feature/f3-test-failures
2026-09-23T08:45:24.5573121Z From https://github.com/DhruvHegde/log-generation
2026-09-23T08:45:24.5574349Z  * [new ref]         dfcb6f158e4bd8054252a4da5d0a9edc2ab15d57 -> origin/feature/f3-test-failures
2026-09-23T08:45:24.5579090Z ##[endgroup]
2026-09-23T08:45:24.5581084Z ##[group]Determining the checkout info
2026-09-23T08:45:24.5583108Z ##[endgroup]
2026-09-23T08:45:24.5590581Z [command]/usr/bin/git sparse-checkout disable
2026-09-23T08:45:24.5641885Z [command]/usr/bin/git config --local --unset-all extensions.worktreeConfig
2026-09-23T08:45:24.5674378Z ##[group]Checking out the ref
2026-09-23T08:45:24.5679795Z [command]/usr/bin/git checkout --progress --force -B feature/f3-test-failures refs/remotes/origin/feature/f3-test-failures
2026-09-23T08:45:24.5776214Z Switched to a new branch 'feature/f3-test-failures'
2026-09-23T08:45:24.5787013Z branch 'feature/f3-test-failures' set up to track 'origin/feature/f3-test-failures'.
2026-09-23T08:45:24.5792208Z ##[endgroup]
2026-09-23T08:45:24.5843015Z [command]/usr/bin/git log -1 --format=%H
2026-09-23T08:45:24.5870584Z dfcb6f158e4bd8054252a4da5d0a9edc2ab15d57
2026-09-23T08:45:24.6204697Z Node 20 is being deprecated. This workflow is running with Node 24 by default. If you need to temporarily use Node 20, you can set the ACTIONS_ALLOW_USE_UNSECURE_NODE_VERSION=true environment variable. For more information see: https://github.blog/changelog/2025-09-19-deprecation-of-node-20-on-github-actions-runners/
2026-09-23T08:45:24.6207411Z ##[group]Run actions/setup-python@v5
2026-09-23T08:45:24.6207963Z with:
2026-09-23T08:45:24.6208392Z   python-version: 3.11
2026-09-23T08:45:24.6208885Z   check-latest: false
2026-09-23T08:45:24.6213391Z   token: ***
2026-09-23T08:45:24.6213877Z   update-environment: true
2026-09-23T08:45:24.6214399Z   allow-prereleases: false
2026-09-23T08:45:24.6214901Z   freethreaded: false
2026-09-23T08:45:24.6215369Z ##[endgroup]
2026-09-23T08:45:24.7566929Z ##[group]Installed versions
2026-09-23T08:45:24.7679700Z (node:2236) [DEP0040] DeprecationWarning: The `punycode` module is deprecated. Please use a userland alternative instead.
2026-09-23T08:45:24.7682336Z (Use `node --trace-deprecation ...` to show where the warning was created)
2026-09-23T08:45:24.7683975Z Successfully set up CPython (3.11.16)
2026-09-23T08:45:24.7685470Z ##[endgroup]
2026-09-23T08:45:24.7891757Z ##[group]Run pip install --no-cache-dir pytest
2026-09-23T08:45:24.7893248Z [36;1mpip install --no-cache-dir pytest[0m
2026-09-23T08:45:24.7959664Z shell: /usr/bin/bash -e {0}
2026-09-23T08:45:24.7960738Z env:
2026-09-23T08:45:24.8058803Z   pythonLocation: /opt/hostedtoolcache/Python/3.11.16/x64
2026-09-23T08:45:24.8061193Z   PKG_CONFIG_PATH: /opt/hostedtoolcache/Python/3.11.16/x64/lib/pkgconfig
2026-09-23T08:45:24.8062626Z   Python_ROOT_DIR: /opt/hostedtoolcache/Python/3.11.16/x64
2026-09-23T08:45:24.8063618Z   Python2_ROOT_DIR: /opt/hostedtoolcache/Python/3.11.16/x64
2026-09-23T08:45:24.8064603Z   Python3_ROOT_DIR: /opt/hostedtoolcache/Python/3.11.16/x64
2026-09-23T08:45:24.8065665Z   LD_LIBRARY_PATH: /opt/hostedtoolcache/Python/3.11.16/x64/lib
2026-09-23T08:45:24.8066497Z ##[endgroup]
2026-09-23T08:45:28.2333880Z Collecting pytest
2026-09-23T08:45:28.3995128Z   Downloading pytest-9.1.1-py3-none-any.whl.metadata (7.6 kB)
2026-09-23T08:45:28.4147442Z Collecting iniconfig>=1.0.1 (from pytest)
2026-09-23T08:45:28.4569064Z   Downloading iniconfig-2.3.0-py3-none-any.whl.metadata (2.5 kB)
2026-09-23T08:45:28.4761474Z Collecting packaging>=22 (from pytest)
2026-09-23T08:45:28.5181051Z   Downloading packaging-26.3-py3-none-any.whl.metadata (3.5 kB)
2026-09-23T08:45:28.5337936Z Collecting pluggy<2,>=1.5 (from pytest)
2026-09-23T08:45:28.5760029Z   Downloading pluggy-1.6.0-py3-none-any.whl.metadata (4.8 kB)
2026-09-23T08:45:28.5982664Z Collecting pygments>=2.7.2 (from pytest)
2026-09-23T08:45:28.6404451Z   Downloading pygments-2.21.0-py3-none-any.whl.metadata (2.5 kB)
2026-09-23T08:45:28.6855101Z Downloading pytest-9.1.1-py3-none-any.whl (386 kB)
2026-09-23T08:45:28.8680000Z Downloading pluggy-1.6.0-py3-none-any.whl (20 kB)
2026-09-23T08:45:28.9101027Z Downloading iniconfig-2.3.0-py3-none-any.whl (7.5 kB)
2026-09-23T08:45:28.9523585Z Downloading packaging-26.3-py3-none-any.whl (129 kB)
2026-09-23T08:45:29.0020615Z Downloading pygments-2.21.0-py3-none-any.whl (1.3 MB)
2026-09-23T08:45:29.1295348Z    ââââââââââââââââââââââââââââââââââââââââ 1.3/1.3 MB 11.7 MB/s  0:00:00
2026-09-23T08:45:29.3698851Z Installing collected packages: pygments, pluggy, packaging, iniconfig, pytest
2026-09-23T08:45:30.4000699Z 
2026-09-23T08:45:30.4010414Z Successfully installed iniconfig-2.3.0 packaging-26.3 pluggy-1.6.0 pygments-2.21.0 pytest-9.1.1
2026-09-23T08:45:30.4594830Z ##[group]Run python automation/inject_mutation.py --error-type "IndexError"
2026-09-23T08:45:30.4595448Z [36;1mpython automation/inject_mutation.py --error-type "IndexError"[0m
2026-09-23T08:45:30.4634349Z shell: /usr/bin/bash -e {0}
2026-09-23T08:45:30.4634615Z env:
2026-09-23T08:45:30.4634892Z   pythonLocation: /opt/hostedtoolcache/Python/3.11.16/x64
2026-09-23T08:45:30.4635539Z   PKG_CONFIG_PATH: /opt/hostedtoolcache/Python/3.11.16/x64/lib/pkgconfig
2026-09-23T08:45:30.4636003Z   Python_ROOT_DIR: /opt/hostedtoolcache/Python/3.11.16/x64
2026-09-23T08:45:30.4636404Z   Python2_ROOT_DIR: /opt/hostedtoolcache/Python/3.11.16/x64
2026-09-23T08:45:30.4636817Z   Python3_ROOT_DIR: /opt/hostedtoolcache/Python/3.11.16/x64
2026-09-23T08:45:30.4637215Z   LD_LIBRARY_PATH: /opt/hostedtoolcache/Python/3.11.16/x64/lib
2026-09-23T08:45:30.4637578Z ##[endgroup]
2026-09-23T08:45:30.4940502Z [Mutation Injected] Successfully injected IndexError into tests/test_app.py
2026-09-23T08:45:30.5016964Z ##[group]Run pytest tests/test_app.py -v
2026-09-23T08:45:30.5017349Z [36;1mpytest tests/test_app.py -v[0m
2026-09-23T08:45:30.5055895Z shell: /usr/bin/bash -e {0}
2026-09-23T08:45:30.5056162Z env:
2026-09-23T08:45:30.5056446Z   pythonLocation: /opt/hostedtoolcache/Python/3.11.16/x64
2026-09-23T08:45:30.5056912Z   PKG_CONFIG_PATH: /opt/hostedtoolcache/Python/3.11.16/x64/lib/pkgconfig
2026-09-23T08:45:30.5057385Z   Python_ROOT_DIR: /opt/hostedtoolcache/Python/3.11.16/x64
2026-09-23T08:45:30.5057793Z   Python2_ROOT_DIR: /opt/hostedtoolcache/Python/3.11.16/x64
2026-09-23T08:45:30.5058200Z   Python3_ROOT_DIR: /opt/hostedtoolcache/Python/3.11.16/x64
2026-09-23T08:45:30.5058610Z   LD_LIBRARY_PATH: /opt/hostedtoolcache/Python/3.11.16/x64/lib
2026-09-23T08:45:30.5058963Z ##[endgroup]
2026-09-23T08:45:30.9733718Z ============================= test session starts ==============================
2026-09-23T08:45:30.9735081Z platform linux -- Python 3.11.16, pytest-9.1.1, pluggy-1.6.0 -- /opt/hostedtoolcache/Python/3.11.16/x64/bin/python
2026-09-23T08:45:30.9736081Z cachedir: .pytest_cache
2026-09-23T08:45:30.9736643Z rootdir: /home/runner/work/log-generation/log-generation
2026-09-23T08:45:30.9737268Z configfile: pytest.ini
2026-09-23T08:45:30.9826354Z collecting ... collected 6 items
2026-09-23T08:45:30.9827170Z 
2026-09-23T08:45:30.9835829Z tests/test_app.py::test_calculate_division PASSED                        [ 16%]
2026-09-23T08:45:30.9843364Z tests/test_app.py::test_convert_to_int PASSED                            [ 33%]
2026-09-23T08:45:30.9851137Z tests/test_app.py::test_get_list_item PASSED                             [ 50%]
2026-09-23T08:45:30.9859535Z tests/test_app.py::test_get_dict_value PASSED                            [ 66%]
2026-09-23T08:45:30.9866821Z tests/test_app.py::test_assert_positive PASSED                           [ 83%]
2026-09-23T08:45:31.0154796Z tests/test_app.py::test_index_error FAILED                               [100%]
2026-09-23T08:45:31.0155387Z 
2026-09-23T08:45:31.0155650Z =================================== FAILURES ===================================
2026-09-23T08:45:31.0156359Z _______________________________ test_index_error _______________________________
2026-09-23T08:45:31.0156904Z 
2026-09-23T08:45:31.0157072Z     def test_index_error():
2026-09-23T08:45:31.0157543Z         """Injected synthetic IndexError."""
2026-09-23T08:45:31.0158138Z         from src.app import get_list_item
2026-09-23T08:45:31.0158636Z         dataset = [10, 20, 30]
2026-09-23T08:45:31.0159086Z >       get_list_item(dataset, 999)
2026-09-23T08:45:31.0159632Z 
2026-09-23T08:45:31.0159804Z tests/test_app.py:138: 
2026-09-23T08:45:31.0160347Z _ _ _ _ _ _ _ _ _ _ _ _ _ _ _ _ _ _ _ _ _ _ _ _ _ _ _ _ _ _ _ _ _ _ _ _ _ _ _ _ 
2026-09-23T08:45:31.0160814Z 
2026-09-23T08:45:31.0161014Z lst = [10, 20, 30], index = 999
2026-09-23T08:45:31.0161300Z 
2026-09-23T08:45:31.0161474Z     def get_list_item(lst, index):
2026-09-23T08:45:31.0161929Z >       return lst[index]
2026-09-23T08:45:31.0162339Z                ^^^^^^^^^^
2026-09-23T08:45:31.0162768Z E       IndexError: list index out of range
2026-09-23T08:45:31.0163113Z 
2026-09-23T08:45:31.0163283Z src/app.py:8: IndexError
2026-09-23T08:45:31.0163819Z =========================== short test summary info ============================
2026-09-23T08:45:31.0164688Z FAILED tests/test_app.py::test_index_error - IndexError: list index out of range
2026-09-23T08:45:31.0165850Z ========================= 1 failed, 5 passed in 0.03s ==========================
2026-09-23T08:45:31.0381269Z ##[error]Process completed with exit code 1.
2026-09-23T08:45:31.0527999Z Node 20 is being deprecated. This workflow is running with Node 24 by default. If you need to temporarily use Node 20, you can set the ACTIONS_ALLOW_USE_UNSECURE_NODE_VERSION=true environment variable. For more information see: https://github.blog/changelog/2025-09-19-deprecation-of-node-20-on-github-actions-runners/
2026-09-23T08:45:31.0529492Z Post job cleanup.
2026-09-23T08:45:31.1440243Z [command]/usr/bin/git version
2026-09-23T08:45:31.1474459Z git version 2.55.0
2026-09-23T08:45:31.1515490Z Temporarily overriding HOME='/home/runner/work/_temp/795d4705-1f10-410a-a865-c5155e2037c9' before making global git config changes
2026-09-23T08:45:31.1516905Z Adding repository directory to the temporary git global config as a safe directory
2026-09-23T08:45:31.1522095Z [command]/usr/bin/git config --global --add safe.directory /home/runner/work/log-generation/log-generation
2026-09-23T08:45:31.1570198Z [command]/usr/bin/git config --local --name-only --get-regexp core\.sshCommand
2026-09-23T08:45:31.1621662Z [command]/usr/bin/git submodule foreach --recursive sh -c "git config --local --name-only --get-regexp 'core\.sshCommand' && git config --local --unset-all 'core.sshCommand' || :"
2026-09-23T08:45:31.1895686Z [command]/usr/bin/git config --local --name-only --get-regexp http\.https\:\/\/github\.com\/\.extraheader
2026-09-23T08:45:31.1930536Z http.https://github.com/.extraheader
2026-09-23T08:45:31.1945069Z [command]/usr/bin/git config --local --unset-all http.https://github.com/.extraheader
2026-09-23T08:45:31.1985674Z [command]/usr/bin/git submodule foreach --recursive sh -c "git config --local --name-only --get-regexp 'http\.https\:\/\/github\.com\/\.extraheader' && git config --local --unset-all 'http.https://github.com/.extraheader' || :"
2026-09-23T08:45:31.2327977Z [command]/usr/bin/git config --local --name-only --get-regexp ^includeIf\.gitdir:
2026-09-23T08:45:31.2388941Z [command]/usr/bin/git submodule foreach --recursive git config --local --show-origin --name-only --get-regexp remote.origin.url
2026-09-23T08:45:31.2866038Z Cleaning up orphan processes
2026-09-23T08:45:31.3147340Z ##[warning]Node.js 20 is deprecated. The following actions target Node.js 20 but are being forced to run on Node.js 24: actions/checkout@v4, actions/setup-python@v5. For more information see: https://github.blog/changelog/2025-09-19-deprecation-of-node-20-on-github-actions-runners/
