ï»¿2026-09-23T08:43:55.0489143Z Current runner version: '2.337.0'
2026-09-23T08:43:55.0514790Z ##[group]Runner Image Provisioner
2026-09-23T08:43:55.0515685Z Hosted Compute Agent
2026-09-23T08:43:55.0516399Z Version: 20260828.587
2026-09-23T08:43:55.0517047Z Commit: abac92662cab4cc7352de4f9f9d2e2419aad9c29
2026-09-23T08:43:55.0517834Z Build Date: 2026-08-28T16:44:25Z
2026-09-23T08:43:55.0518595Z Worker ID: {6b450a5d-ca19-4b88-88cb-47f7854cf94b}
2026-09-23T08:43:55.0519318Z Azure Region: canadaeast
2026-09-23T08:43:55.0519975Z ##[endgroup]
2026-09-23T08:43:55.0521526Z ##[group]Operating System
2026-09-23T08:43:55.0522168Z Ubuntu
2026-09-23T08:43:55.0522894Z 24.04.5
2026-09-23T08:43:55.0523815Z LTS
2026-09-23T08:43:55.0524837Z ##[endgroup]
2026-09-23T08:43:55.0525447Z ##[group]Runner Image
2026-09-23T08:43:55.0526121Z Image: ubuntu-24.04
2026-09-23T08:43:55.0526805Z Version: 20260907.300.1
2026-09-23T08:43:55.0528101Z Included Software: https://github.com/actions/runner-images/blob/ubuntu24/20260907.300/images/ubuntu/Ubuntu2404-Readme.md
2026-09-23T08:43:55.0529719Z Image Release: https://github.com/actions/runner-images/releases/tag/ubuntu24%2F20260907.300
2026-09-23T08:43:55.0530705Z ##[endgroup]
2026-09-23T08:43:55.0532002Z ##[group]GITHUB_TOKEN Permissions
2026-09-23T08:43:55.0534609Z Contents: read
2026-09-23T08:43:55.0535255Z Metadata: read
2026-09-23T08:43:55.0535815Z Packages: read
2026-09-23T08:43:55.0536495Z ##[endgroup]
2026-09-23T08:43:55.0538662Z Secret source: Actions
2026-09-23T08:43:55.0539735Z Cache mode: write
2026-09-23T08:43:55.0540804Z Prepare workflow directory
2026-09-23T08:43:55.0980406Z Prepare all required actions
2026-09-23T08:43:55.1053509Z Getting action download info
2026-09-23T08:43:55.3630637Z Download action repository 'actions/checkout@v4' (SHA:11d5960a326750d5838078e36cf38b85af677262)
2026-09-23T08:43:55.4921490Z Download action repository 'actions/setup-python@v5' (SHA:a26af69be951a213d495a4c3e4e4022e16d87065)
2026-09-23T08:43:55.6899504Z Complete job name: test-f3 (IndexError #50)
2026-09-23T08:43:55.7682315Z Node 20 is being deprecated. This workflow is running with Node 24 by default. If you need to temporarily use Node 20, you can set the ACTIONS_ALLOW_USE_UNSECURE_NODE_VERSION=true environment variable. For more information see: https://github.blog/changelog/2025-09-19-deprecation-of-node-20-on-github-actions-runners/
2026-09-23T08:43:55.7691398Z ##[group]Run actions/checkout@v4
2026-09-23T08:43:55.7692150Z with:
2026-09-23T08:43:55.7692584Z   fetch-depth: 1
2026-09-23T08:43:55.7693071Z   repository: DhruvHegde/log-generation
2026-09-23T08:43:55.7696995Z   token: ***
2026-09-23T08:43:55.7697435Z   ssh-strict: true
2026-09-23T08:43:55.7697880Z   ssh-user: git
2026-09-23T08:43:55.7698329Z   persist-credentials: true
2026-09-23T08:43:55.7698820Z   clean: true
2026-09-23T08:43:55.7699278Z   sparse-checkout-cone-mode: true
2026-09-23T08:43:55.7699801Z   fetch-tags: false
2026-09-23T08:43:55.7700246Z   show-progress: true
2026-09-23T08:43:55.7700704Z   lfs: false
2026-09-23T08:43:55.7701163Z   submodules: false
2026-09-23T08:43:55.7701635Z   set-safe-directory: true
2026-09-23T08:43:55.7702146Z   allow-unsafe-pr-checkout: false
2026-09-23T08:43:55.7702930Z ##[endgroup]
2026-09-23T08:43:55.8752433Z Syncing repository: DhruvHegde/log-generation
2026-09-23T08:43:55.8755225Z ##[group]Getting Git version info
2026-09-23T08:43:55.8756129Z Working directory is '/home/runner/work/log-generation/log-generation'
2026-09-23T08:43:55.8757303Z [command]/usr/bin/git version
2026-09-23T08:43:55.8826255Z git version 2.55.0
2026-09-23T08:43:55.8903670Z ##[endgroup]
2026-09-23T08:43:55.8912409Z Temporarily overriding HOME='/home/runner/work/_temp/dea36f6c-cadb-46a3-b044-6d674b91c877' before making global git config changes
2026-09-23T08:43:55.8915750Z Adding repository directory to the temporary git global config as a safe directory
2026-09-23T08:43:55.8918237Z [command]/usr/bin/git config --global --add safe.directory /home/runner/work/log-generation/log-generation
2026-09-23T08:43:55.8973021Z Deleting the contents of '/home/runner/work/log-generation/log-generation'
2026-09-23T08:43:55.8978959Z ##[group]Initializing the repository
2026-09-23T08:43:55.8985208Z [command]/usr/bin/git init /home/runner/work/log-generation/log-generation
2026-09-23T08:43:55.9133246Z hint: Using 'master' as the name for the initial branch. This default branch name
2026-09-23T08:43:55.9135401Z hint: will change to "main" in Git 3.0. To configure the initial branch name
2026-09-23T08:43:55.9137692Z hint: to use in all of your new repositories, which will suppress this warning,
2026-09-23T08:43:55.9138979Z hint: call:
2026-09-23T08:43:55.9139646Z hint:
2026-09-23T08:43:55.9140450Z hint: 	git config --global init.defaultBranch <name>
2026-09-23T08:43:55.9141423Z hint:
2026-09-23T08:43:55.9142402Z hint: Names commonly chosen instead of 'master' are 'main', 'trunk' and
2026-09-23T08:43:55.9144193Z hint: 'development'. The just-created branch can be renamed via this command:
2026-09-23T08:43:55.9145471Z hint:
2026-09-23T08:43:55.9146179Z hint: 	git branch -m <name>
2026-09-23T08:43:55.9146940Z hint:
2026-09-23T08:43:55.9147937Z hint: Disable this message with "git config set advice.defaultBranchName false"
2026-09-23T08:43:55.9149738Z Initialized empty Git repository in /home/runner/work/log-generation/log-generation/.git/
2026-09-23T08:43:55.9152648Z [command]/usr/bin/git remote add origin https://github.com/DhruvHegde/log-generation
2026-09-23T08:43:55.9198317Z ##[endgroup]
2026-09-23T08:43:55.9199589Z ##[group]Disabling automatic garbage collection
2026-09-23T08:43:55.9201979Z [command]/usr/bin/git config --local gc.auto 0
2026-09-23T08:43:55.9236069Z ##[endgroup]
2026-09-23T08:43:55.9237874Z ##[group]Setting up auth
2026-09-23T08:43:55.9243641Z [command]/usr/bin/git config --local --name-only --get-regexp core\.sshCommand
2026-09-23T08:43:55.9280905Z [command]/usr/bin/git submodule foreach --recursive sh -c "git config --local --name-only --get-regexp 'core\.sshCommand' && git config --local --unset-all 'core.sshCommand' || :"
2026-09-23T08:43:55.9664859Z [command]/usr/bin/git config --local --name-only --get-regexp http\.https\:\/\/github\.com\/\.extraheader
2026-09-23T08:43:55.9702617Z [command]/usr/bin/git submodule foreach --recursive sh -c "git config --local --name-only --get-regexp 'http\.https\:\/\/github\.com\/\.extraheader' && git config --local --unset-all 'http.https://github.com/.extraheader' || :"
2026-09-23T08:43:55.9933105Z [command]/usr/bin/git config --local --name-only --get-regexp ^includeIf\.gitdir:
2026-09-23T08:43:55.9972193Z [command]/usr/bin/git submodule foreach --recursive git config --local --show-origin --name-only --get-regexp remote.origin.url
2026-09-23T08:43:56.0212128Z [command]/usr/bin/git config --local http.https://github.com/.extraheader AUTHORIZATION: basic ***
2026-09-23T08:43:56.0251875Z ##[endgroup]
2026-09-23T08:43:56.0252805Z ##[group]Fetching the repository
2026-09-23T08:43:56.0263300Z [command]/usr/bin/git -c protocol.version=2 fetch --no-tags --prune --no-recurse-submodules --depth=1 origin +dfcb6f158e4bd8054252a4da5d0a9edc2ab15d57:refs/remotes/origin/feature/f3-test-failures
2026-09-23T08:43:56.3416504Z From https://github.com/DhruvHegde/log-generation
2026-09-23T08:43:56.3417682Z  * [new ref]         dfcb6f158e4bd8054252a4da5d0a9edc2ab15d57 -> origin/feature/f3-test-failures
2026-09-23T08:43:56.3421313Z ##[endgroup]
2026-09-23T08:43:56.3422206Z ##[group]Determining the checkout info
2026-09-23T08:43:56.3424609Z ##[endgroup]
2026-09-23T08:43:56.3431000Z [command]/usr/bin/git sparse-checkout disable
2026-09-23T08:43:56.3512034Z [command]/usr/bin/git config --local --unset-all extensions.worktreeConfig
2026-09-23T08:43:56.3546537Z ##[group]Checking out the ref
2026-09-23T08:43:56.3551891Z [command]/usr/bin/git checkout --progress --force -B feature/f3-test-failures refs/remotes/origin/feature/f3-test-failures
2026-09-23T08:43:56.3639868Z Switched to a new branch 'feature/f3-test-failures'
2026-09-23T08:43:56.3645984Z branch 'feature/f3-test-failures' set up to track 'origin/feature/f3-test-failures'.
2026-09-23T08:43:56.3651418Z ##[endgroup]
2026-09-23T08:43:56.3697744Z [command]/usr/bin/git log -1 --format=%H
2026-09-23T08:43:56.3728208Z dfcb6f158e4bd8054252a4da5d0a9edc2ab15d57
2026-09-23T08:43:56.4005716Z Node 20 is being deprecated. This workflow is running with Node 24 by default. If you need to temporarily use Node 20, you can set the ACTIONS_ALLOW_USE_UNSECURE_NODE_VERSION=true environment variable. For more information see: https://github.blog/changelog/2025-09-19-deprecation-of-node-20-on-github-actions-runners/
2026-09-23T08:43:56.4008638Z ##[group]Run actions/setup-python@v5
2026-09-23T08:43:56.4009190Z with:
2026-09-23T08:43:56.4009613Z   python-version: 3.11
2026-09-23T08:43:56.4010084Z   check-latest: false
2026-09-23T08:43:56.4013627Z   token: ***
2026-09-23T08:43:56.4014295Z   update-environment: true
2026-09-23T08:43:56.4014807Z   allow-prereleases: false
2026-09-23T08:43:56.4015289Z   freethreaded: false
2026-09-23T08:43:56.4015739Z ##[endgroup]
2026-09-23T08:43:56.5360872Z ##[group]Installed versions
2026-09-23T08:43:56.5458265Z (node:2348) [DEP0040] DeprecationWarning: The `punycode` module is deprecated. Please use a userland alternative instead.
2026-09-23T08:43:56.5460248Z (Use `node --trace-deprecation ...` to show where the warning was created)
2026-09-23T08:43:56.5461622Z Successfully set up CPython (3.11.16)
2026-09-23T08:43:56.5463061Z ##[endgroup]
2026-09-23T08:43:56.5656105Z ##[group]Run pip install --no-cache-dir pytest
2026-09-23T08:43:56.5656903Z [36;1mpip install --no-cache-dir pytest[0m
2026-09-23T08:43:56.5725263Z shell: /usr/bin/bash -e {0}
2026-09-23T08:43:56.5726356Z env:
2026-09-23T08:43:56.5727833Z   pythonLocation: /opt/hostedtoolcache/Python/3.11.16/x64
2026-09-23T08:43:56.5730102Z   PKG_CONFIG_PATH: /opt/hostedtoolcache/Python/3.11.16/x64/lib/pkgconfig
2026-09-23T08:43:56.5732294Z   Python_ROOT_DIR: /opt/hostedtoolcache/Python/3.11.16/x64
2026-09-23T08:43:56.5734334Z   Python2_ROOT_DIR: /opt/hostedtoolcache/Python/3.11.16/x64
2026-09-23T08:43:56.5736374Z   Python3_ROOT_DIR: /opt/hostedtoolcache/Python/3.11.16/x64
2026-09-23T08:43:56.5828518Z   LD_LIBRARY_PATH: /opt/hostedtoolcache/Python/3.11.16/x64/lib
2026-09-23T08:43:56.5829990Z ##[endgroup]
2026-09-23T08:43:58.8968294Z Collecting pytest
2026-09-23T08:43:58.9564131Z   Downloading pytest-9.1.1-py3-none-any.whl.metadata (7.6 kB)
2026-09-23T08:43:58.9682478Z Collecting iniconfig>=1.0.1 (from pytest)
2026-09-23T08:43:58.9745752Z   Downloading iniconfig-2.3.0-py3-none-any.whl.metadata (2.5 kB)
2026-09-23T08:43:58.9891178Z Collecting packaging>=22 (from pytest)
2026-09-23T08:43:58.9953153Z   Downloading packaging-26.3-py3-none-any.whl.metadata (3.5 kB)
2026-09-23T08:43:59.0067382Z Collecting pluggy<2,>=1.5 (from pytest)
2026-09-23T08:43:59.0128099Z   Downloading pluggy-1.6.0-py3-none-any.whl.metadata (4.8 kB)
2026-09-23T08:43:59.0311041Z Collecting pygments>=2.7.2 (from pytest)
2026-09-23T08:43:59.0373820Z   Downloading pygments-2.21.0-py3-none-any.whl.metadata (2.5 kB)
2026-09-23T08:43:59.0468666Z Downloading pytest-9.1.1-py3-none-any.whl (386 kB)
2026-09-23T08:43:59.0783199Z Downloading pluggy-1.6.0-py3-none-any.whl (20 kB)
2026-09-23T08:43:59.0842866Z Downloading iniconfig-2.3.0-py3-none-any.whl (7.5 kB)
2026-09-23T08:43:59.0902678Z Downloading packaging-26.3-py3-none-any.whl (129 kB)
2026-09-23T08:43:59.1009261Z Downloading pygments-2.21.0-py3-none-any.whl (1.3 MB)
2026-09-23T08:43:59.1431188Z    ââââââââââââââââââââââââââââââââââââââââ 1.3/1.3 MB 33.4 MB/s  0:00:00
2026-09-23T08:43:59.2972286Z Installing collected packages: pygments, pluggy, packaging, iniconfig, pytest
2026-09-23T08:44:00.2953196Z 
2026-09-23T08:44:00.2970236Z Successfully installed iniconfig-2.3.0 packaging-26.3 pluggy-1.6.0 pygments-2.21.0 pytest-9.1.1
2026-09-23T08:44:00.3715333Z ##[group]Run python automation/inject_mutation.py --error-type "IndexError"
2026-09-23T08:44:00.3716023Z [36;1mpython automation/inject_mutation.py --error-type "IndexError"[0m
2026-09-23T08:44:00.3755060Z shell: /usr/bin/bash -e {0}
2026-09-23T08:44:00.3755395Z env:
2026-09-23T08:44:00.3755727Z   pythonLocation: /opt/hostedtoolcache/Python/3.11.16/x64
2026-09-23T08:44:00.3756550Z   PKG_CONFIG_PATH: /opt/hostedtoolcache/Python/3.11.16/x64/lib/pkgconfig
2026-09-23T08:44:00.3757030Z   Python_ROOT_DIR: /opt/hostedtoolcache/Python/3.11.16/x64
2026-09-23T08:44:00.3757465Z   Python2_ROOT_DIR: /opt/hostedtoolcache/Python/3.11.16/x64
2026-09-23T08:44:00.3757907Z   Python3_ROOT_DIR: /opt/hostedtoolcache/Python/3.11.16/x64
2026-09-23T08:44:00.3758362Z   LD_LIBRARY_PATH: /opt/hostedtoolcache/Python/3.11.16/x64/lib
2026-09-23T08:44:00.3758781Z ##[endgroup]
2026-09-23T08:44:00.4079180Z [Mutation Injected] Successfully injected IndexError into tests/test_app.py
2026-09-23T08:44:00.4156772Z ##[group]Run pytest tests/test_app.py -v
2026-09-23T08:44:00.4157223Z [36;1mpytest tests/test_app.py -v[0m
2026-09-23T08:44:00.4196100Z shell: /usr/bin/bash -e {0}
2026-09-23T08:44:00.4196411Z env:
2026-09-23T08:44:00.4196734Z   pythonLocation: /opt/hostedtoolcache/Python/3.11.16/x64
2026-09-23T08:44:00.4197224Z   PKG_CONFIG_PATH: /opt/hostedtoolcache/Python/3.11.16/x64/lib/pkgconfig
2026-09-23T08:44:00.4197720Z   Python_ROOT_DIR: /opt/hostedtoolcache/Python/3.11.16/x64
2026-09-23T08:44:00.4198148Z   Python2_ROOT_DIR: /opt/hostedtoolcache/Python/3.11.16/x64
2026-09-23T08:44:00.4198581Z   Python3_ROOT_DIR: /opt/hostedtoolcache/Python/3.11.16/x64
2026-09-23T08:44:00.4199249Z   LD_LIBRARY_PATH: /opt/hostedtoolcache/Python/3.11.16/x64/lib
2026-09-23T08:44:00.4199678Z ##[endgroup]
2026-09-23T08:44:00.8136597Z ============================= test session starts ==============================
2026-09-23T08:44:00.8137736Z platform linux -- Python 3.11.16, pytest-9.1.1, pluggy-1.6.0 -- /opt/hostedtoolcache/Python/3.11.16/x64/bin/python
2026-09-23T08:44:00.8138589Z cachedir: .pytest_cache
2026-09-23T08:44:00.8139077Z rootdir: /home/runner/work/log-generation/log-generation
2026-09-23T08:44:00.8139623Z configfile: pytest.ini
2026-09-23T08:44:00.8227925Z collecting ... collected 6 items
2026-09-23T08:44:00.8228343Z 
2026-09-23T08:44:00.8236667Z tests/test_app.py::test_calculate_division PASSED                        [ 16%]
2026-09-23T08:44:00.8243544Z tests/test_app.py::test_convert_to_int PASSED                            [ 33%]
2026-09-23T08:44:00.8250908Z tests/test_app.py::test_get_list_item PASSED                             [ 50%]
2026-09-23T08:44:00.8257922Z tests/test_app.py::test_get_dict_value PASSED                            [ 66%]
2026-09-23T08:44:00.8264465Z tests/test_app.py::test_assert_positive PASSED                           [ 83%]
2026-09-23T08:44:00.8538725Z tests/test_app.py::test_index_error FAILED                               [100%]
2026-09-23T08:44:00.8539260Z 
2026-09-23T08:44:00.8539519Z =================================== FAILURES ===================================
2026-09-23T08:44:00.8540164Z _______________________________ test_index_error _______________________________
2026-09-23T08:44:00.8540563Z 
2026-09-23T08:44:00.8540720Z     def test_index_error():
2026-09-23T08:44:00.8541108Z         """Injected synthetic IndexError."""
2026-09-23T08:44:00.8541598Z         from src.app import get_list_item
2026-09-23T08:44:00.8542062Z         dataset = [10, 20, 30]
2026-09-23T08:44:00.8542390Z >       get_list_item(dataset, 999)
2026-09-23T08:44:00.8542615Z 
2026-09-23T08:44:00.8542740Z tests/test_app.py:138: 
2026-09-23T08:44:00.8543109Z _ _ _ _ _ _ _ _ _ _ _ _ _ _ _ _ _ _ _ _ _ _ _ _ _ _ _ _ _ _ _ _ _ _ _ _ _ _ _ _ 
2026-09-23T08:44:00.8543427Z 
2026-09-23T08:44:00.8543554Z lst = [10, 20, 30], index = 999
2026-09-23T08:44:00.8543750Z 
2026-09-23T08:44:00.8543885Z     def get_list_item(lst, index):
2026-09-23T08:44:00.8544650Z >       return lst[index]
2026-09-23T08:44:00.8544965Z                ^^^^^^^^^^
2026-09-23T08:44:00.8545277Z E       IndexError: list index out of range
2026-09-23T08:44:00.8545537Z 
2026-09-23T08:44:00.8545660Z src/app.py:8: IndexError
2026-09-23T08:44:00.8546081Z =========================== short test summary info ============================
2026-09-23T08:44:00.8546723Z FAILED tests/test_app.py::test_index_error - IndexError: list index out of range
2026-09-23T08:44:00.8547680Z ========================= 1 failed, 5 passed in 0.03s ==========================
2026-09-23T08:44:00.8732508Z ##[error]Process completed with exit code 1.
2026-09-23T08:44:00.8879859Z Node 20 is being deprecated. This workflow is running with Node 24 by default. If you need to temporarily use Node 20, you can set the ACTIONS_ALLOW_USE_UNSECURE_NODE_VERSION=true environment variable. For more information see: https://github.blog/changelog/2025-09-19-deprecation-of-node-20-on-github-actions-runners/
2026-09-23T08:44:00.8881144Z Post job cleanup.
2026-09-23T08:44:00.9761038Z [command]/usr/bin/git version
2026-09-23T08:44:00.9814644Z git version 2.55.0
2026-09-23T08:44:00.9863225Z Temporarily overriding HOME='/home/runner/work/_temp/691bd005-d5e8-4048-820f-4854158289fd' before making global git config changes
2026-09-23T08:44:00.9864736Z Adding repository directory to the temporary git global config as a safe directory
2026-09-23T08:44:00.9871034Z [command]/usr/bin/git config --global --add safe.directory /home/runner/work/log-generation/log-generation
2026-09-23T08:44:00.9922597Z [command]/usr/bin/git config --local --name-only --get-regexp core\.sshCommand
2026-09-23T08:44:00.9962718Z [command]/usr/bin/git submodule foreach --recursive sh -c "git config --local --name-only --get-regexp 'core\.sshCommand' && git config --local --unset-all 'core.sshCommand' || :"
2026-09-23T08:44:01.0233363Z [command]/usr/bin/git config --local --name-only --get-regexp http\.https\:\/\/github\.com\/\.extraheader
2026-09-23T08:44:01.0285286Z http.https://github.com/.extraheader
2026-09-23T08:44:01.0287814Z [command]/usr/bin/git config --local --unset-all http.https://github.com/.extraheader
2026-09-23T08:44:01.0325682Z [command]/usr/bin/git submodule foreach --recursive sh -c "git config --local --name-only --get-regexp 'http\.https\:\/\/github\.com\/\.extraheader' && git config --local --unset-all 'http.https://github.com/.extraheader' || :"
2026-09-23T08:44:01.0608071Z [command]/usr/bin/git config --local --name-only --get-regexp ^includeIf\.gitdir:
2026-09-23T08:44:01.0650246Z [command]/usr/bin/git submodule foreach --recursive git config --local --show-origin --name-only --get-regexp remote.origin.url
2026-09-23T08:44:01.1132378Z Cleaning up orphan processes
2026-09-23T08:44:01.1416860Z ##[warning]Node.js 20 is deprecated. The following actions target Node.js 20 but are being forced to run on Node.js 24: actions/checkout@v4, actions/setup-python@v5. For more information see: https://github.blog/changelog/2025-09-19-deprecation-of-node-20-on-github-actions-runners/
