ï»¿2026-09-23T08:44:34.9432190Z Current runner version: '2.337.0'
2026-09-23T08:44:34.9453422Z ##[group]Runner Image Provisioner
2026-09-23T08:44:34.9454225Z Hosted Compute Agent
2026-09-23T08:44:34.9454699Z Version: 20260828.587
2026-09-23T08:44:34.9455252Z Commit: abac92662cab4cc7352de4f9f9d2e2419aad9c29
2026-09-23T08:44:34.9455866Z Build Date: 2026-08-28T16:44:25Z
2026-09-23T08:44:34.9456426Z Worker ID: {3faeed65-c61a-4a8f-ab77-5d22d6ed595a}
2026-09-23T08:44:34.9457140Z Azure Region: westus3
2026-09-23T08:44:34.9457613Z ##[endgroup]
2026-09-23T08:44:34.9459482Z ##[group]Operating System
2026-09-23T08:44:34.9460035Z Ubuntu
2026-09-23T08:44:34.9460472Z 24.04.5
2026-09-23T08:44:34.9460984Z LTS
2026-09-23T08:44:34.9461416Z ##[endgroup]
2026-09-23T08:44:34.9462177Z ##[group]Runner Image
2026-09-23T08:44:34.9462749Z Image: ubuntu-24.04
2026-09-23T08:44:34.9463280Z Version: 20260907.300.1
2026-09-23T08:44:34.9464318Z Included Software: https://github.com/actions/runner-images/blob/ubuntu24/20260907.300/images/ubuntu/Ubuntu2404-Readme.md
2026-09-23T08:44:34.9465507Z Image Release: https://github.com/actions/runner-images/releases/tag/ubuntu24%2F20260907.300
2026-09-23T08:44:34.9466350Z ##[endgroup]
2026-09-23T08:44:34.9467364Z ##[group]GITHUB_TOKEN Permissions
2026-09-23T08:44:34.9469582Z Contents: read
2026-09-23T08:44:34.9470083Z Metadata: read
2026-09-23T08:44:34.9470614Z Packages: read
2026-09-23T08:44:34.9471078Z ##[endgroup]
2026-09-23T08:44:34.9472797Z Secret source: Actions
2026-09-23T08:44:34.9473664Z Cache mode: write
2026-09-23T08:44:34.9474501Z Prepare workflow directory
2026-09-23T08:44:35.0561532Z Prepare all required actions
2026-09-23T08:44:35.0616466Z Getting action download info
2026-09-23T08:44:35.3551519Z Download action repository 'actions/checkout@v4' (SHA:11d5960a326750d5838078e36cf38b85af677262)
2026-09-23T08:44:35.7281587Z Download action repository 'actions/setup-python@v5' (SHA:a26af69be951a213d495a4c3e4e4022e16d87065)
2026-09-23T08:44:36.1824385Z Complete job name: test-f3 (AttributeError #107)
2026-09-23T08:44:36.2474809Z Node 20 is being deprecated. This workflow is running with Node 24 by default. If you need to temporarily use Node 20, you can set the ACTIONS_ALLOW_USE_UNSECURE_NODE_VERSION=true environment variable. For more information see: https://github.blog/changelog/2025-09-19-deprecation-of-node-20-on-github-actions-runners/
2026-09-23T08:44:36.2482211Z ##[group]Run actions/checkout@v4
2026-09-23T08:44:36.2482823Z with:
2026-09-23T08:44:36.2483197Z   fetch-depth: 1
2026-09-23T08:44:36.2483612Z   repository: DhruvHegde/log-generation
2026-09-23T08:44:36.2486902Z   token: ***
2026-09-23T08:44:36.2487284Z   ssh-strict: true
2026-09-23T08:44:36.2487676Z   ssh-user: git
2026-09-23T08:44:36.2488069Z   persist-credentials: true
2026-09-23T08:44:36.2488651Z   clean: true
2026-09-23T08:44:36.2489046Z   sparse-checkout-cone-mode: true
2026-09-23T08:44:36.2489507Z   fetch-tags: false
2026-09-23T08:44:36.2489890Z   show-progress: true
2026-09-23T08:44:36.2490282Z   lfs: false
2026-09-23T08:44:36.2490721Z   submodules: false
2026-09-23T08:44:36.2491125Z   set-safe-directory: true
2026-09-23T08:44:36.2491558Z   allow-unsafe-pr-checkout: false
2026-09-23T08:44:36.2492178Z ##[endgroup]
2026-09-23T08:44:36.3327819Z Syncing repository: DhruvHegde/log-generation
2026-09-23T08:44:36.3330412Z ##[group]Getting Git version info
2026-09-23T08:44:36.3331213Z Working directory is '/home/runner/work/log-generation/log-generation'
2026-09-23T08:44:36.3332594Z [command]/usr/bin/git version
2026-09-23T08:44:36.4461474Z git version 2.55.0
2026-09-23T08:44:36.4477906Z ##[endgroup]
2026-09-23T08:44:36.4491091Z Temporarily overriding HOME='/home/runner/work/_temp/835f6c95-6638-40bc-ae98-abd1db5b48ea' before making global git config changes
2026-09-23T08:44:36.4493133Z Adding repository directory to the temporary git global config as a safe directory
2026-09-23T08:44:36.4496009Z [command]/usr/bin/git config --global --add safe.directory /home/runner/work/log-generation/log-generation
2026-09-23T08:44:36.4539021Z Deleting the contents of '/home/runner/work/log-generation/log-generation'
2026-09-23T08:44:36.4546473Z ##[group]Initializing the repository
2026-09-23T08:44:36.4553343Z [command]/usr/bin/git init /home/runner/work/log-generation/log-generation
2026-09-23T08:44:36.4616056Z hint: Using 'master' as the name for the initial branch. This default branch name
2026-09-23T08:44:36.4617074Z hint: will change to "main" in Git 3.0. To configure the initial branch name
2026-09-23T08:44:36.4618473Z hint: to use in all of your new repositories, which will suppress this warning,
2026-09-23T08:44:36.4619632Z hint: call:
2026-09-23T08:44:36.4620245Z hint:
2026-09-23T08:44:36.4620986Z hint: 	git config --global init.defaultBranch <name>
2026-09-23T08:44:36.4621898Z hint:
2026-09-23T08:44:36.4622618Z hint: Names commonly chosen instead of 'master' are 'main', 'trunk' and
2026-09-23T08:44:36.4623417Z hint: 'development'. The just-created branch can be renamed via this command:
2026-09-23T08:44:36.4624069Z hint:
2026-09-23T08:44:36.4624472Z hint: 	git branch -m <name>
2026-09-23T08:44:36.4624914Z hint:
2026-09-23T08:44:36.4625618Z hint: Disable this message with "git config set advice.defaultBranchName false"
2026-09-23T08:44:36.4626810Z Initialized empty Git repository in /home/runner/work/log-generation/log-generation/.git/
2026-09-23T08:44:36.4628562Z [command]/usr/bin/git remote add origin https://github.com/DhruvHegde/log-generation
2026-09-23T08:44:36.4665933Z ##[endgroup]
2026-09-23T08:44:36.4666623Z ##[group]Disabling automatic garbage collection
2026-09-23T08:44:36.4669642Z [command]/usr/bin/git config --local gc.auto 0
2026-09-23T08:44:36.4697315Z ##[endgroup]
2026-09-23T08:44:36.4697974Z ##[group]Setting up auth
2026-09-23T08:44:36.4702982Z [command]/usr/bin/git config --local --name-only --get-regexp core\.sshCommand
2026-09-23T08:44:36.4734294Z [command]/usr/bin/git submodule foreach --recursive sh -c "git config --local --name-only --get-regexp 'core\.sshCommand' && git config --local --unset-all 'core.sshCommand' || :"
2026-09-23T08:44:36.5001895Z [command]/usr/bin/git config --local --name-only --get-regexp http\.https\:\/\/github\.com\/\.extraheader
2026-09-23T08:44:36.5034890Z [command]/usr/bin/git submodule foreach --recursive sh -c "git config --local --name-only --get-regexp 'http\.https\:\/\/github\.com\/\.extraheader' && git config --local --unset-all 'http.https://github.com/.extraheader' || :"
2026-09-23T08:44:36.5229658Z [command]/usr/bin/git config --local --name-only --get-regexp ^includeIf\.gitdir:
2026-09-23T08:44:36.5261362Z [command]/usr/bin/git submodule foreach --recursive git config --local --show-origin --name-only --get-regexp remote.origin.url
2026-09-23T08:44:36.5452034Z [command]/usr/bin/git config --local http.https://github.com/.extraheader AUTHORIZATION: basic ***
2026-09-23T08:44:36.5486078Z ##[endgroup]
2026-09-23T08:44:36.5487221Z ##[group]Fetching the repository
2026-09-23T08:44:36.5496233Z [command]/usr/bin/git -c protocol.version=2 fetch --no-tags --prune --no-recurse-submodules --depth=1 origin +dfcb6f158e4bd8054252a4da5d0a9edc2ab15d57:refs/remotes/origin/feature/f3-test-failures
2026-09-23T08:44:37.3497250Z From https://github.com/DhruvHegde/log-generation
2026-09-23T08:44:37.3499446Z  * [new ref]         dfcb6f158e4bd8054252a4da5d0a9edc2ab15d57 -> origin/feature/f3-test-failures
2026-09-23T08:44:37.3503409Z ##[endgroup]
2026-09-23T08:44:37.3504895Z ##[group]Determining the checkout info
2026-09-23T08:44:37.3506388Z ##[endgroup]
2026-09-23T08:44:37.3507490Z [command]/usr/bin/git sparse-checkout disable
2026-09-23T08:44:37.3550033Z [command]/usr/bin/git config --local --unset-all extensions.worktreeConfig
2026-09-23T08:44:37.3577705Z ##[group]Checking out the ref
2026-09-23T08:44:37.3580976Z [command]/usr/bin/git checkout --progress --force -B feature/f3-test-failures refs/remotes/origin/feature/f3-test-failures
2026-09-23T08:44:37.3646956Z Switched to a new branch 'feature/f3-test-failures'
2026-09-23T08:44:37.3651997Z branch 'feature/f3-test-failures' set up to track 'origin/feature/f3-test-failures'.
2026-09-23T08:44:37.3657234Z ##[endgroup]
2026-09-23T08:44:37.3692298Z [command]/usr/bin/git log -1 --format=%H
2026-09-23T08:44:37.3715364Z dfcb6f158e4bd8054252a4da5d0a9edc2ab15d57
2026-09-23T08:44:37.4014984Z Node 20 is being deprecated. This workflow is running with Node 24 by default. If you need to temporarily use Node 20, you can set the ACTIONS_ALLOW_USE_UNSECURE_NODE_VERSION=true environment variable. For more information see: https://github.blog/changelog/2025-09-19-deprecation-of-node-20-on-github-actions-runners/
2026-09-23T08:44:37.4019523Z ##[group]Run actions/setup-python@v5
2026-09-23T08:44:37.4020474Z with:
2026-09-23T08:44:37.4021230Z   python-version: 3.11
2026-09-23T08:44:37.4022063Z   check-latest: false
2026-09-23T08:44:37.4029167Z   token: ***
2026-09-23T08:44:37.4029920Z   update-environment: true
2026-09-23T08:44:37.4030790Z   allow-prereleases: false
2026-09-23T08:44:37.4031643Z   freethreaded: false
2026-09-23T08:44:37.4032414Z ##[endgroup]
2026-09-23T08:44:37.5081203Z ##[group]Installed versions
2026-09-23T08:44:37.5165035Z (node:2030) [DEP0040] DeprecationWarning: The `punycode` module is deprecated. Please use a userland alternative instead.
2026-09-23T08:44:37.5168028Z (Use `node --trace-deprecation ...` to show where the warning was created)
2026-09-23T08:44:37.5181969Z Successfully set up CPython (3.11.16)
2026-09-23T08:44:37.5184099Z ##[endgroup]
2026-09-23T08:44:37.5349641Z ##[group]Run pip install --no-cache-dir pytest
2026-09-23T08:44:37.5350837Z [36;1mpip install --no-cache-dir pytest[0m
2026-09-23T08:44:37.5405884Z shell: /usr/bin/bash -e {0}
2026-09-23T08:44:37.5407601Z env:
2026-09-23T08:44:37.5409633Z   pythonLocation: /opt/hostedtoolcache/Python/3.11.16/x64
2026-09-23T08:44:37.5411664Z   PKG_CONFIG_PATH: /opt/hostedtoolcache/Python/3.11.16/x64/lib/pkgconfig
2026-09-23T08:44:37.5413258Z   Python_ROOT_DIR: /opt/hostedtoolcache/Python/3.11.16/x64
2026-09-23T08:44:37.5414654Z   Python2_ROOT_DIR: /opt/hostedtoolcache/Python/3.11.16/x64
2026-09-23T08:44:37.5415951Z   Python3_ROOT_DIR: /opt/hostedtoolcache/Python/3.11.16/x64
2026-09-23T08:44:37.5418159Z   LD_LIBRARY_PATH: /opt/hostedtoolcache/Python/3.11.16/x64/lib
2026-09-23T08:44:37.5420703Z ##[endgroup]
2026-09-23T08:44:38.9080948Z Collecting pytest
2026-09-23T08:44:38.9664353Z   Downloading pytest-9.1.1-py3-none-any.whl.metadata (7.6 kB)
2026-09-23T08:44:38.9741333Z Collecting iniconfig>=1.0.1 (from pytest)
2026-09-23T08:44:38.9841679Z   Downloading iniconfig-2.3.0-py3-none-any.whl.metadata (2.5 kB)
2026-09-23T08:44:38.9931357Z Collecting packaging>=22 (from pytest)
2026-09-23T08:44:39.0030230Z   Downloading packaging-26.3-py3-none-any.whl.metadata (3.5 kB)
2026-09-23T08:44:39.0102437Z Collecting pluggy<2,>=1.5 (from pytest)
2026-09-23T08:44:39.0203567Z   Downloading pluggy-1.6.0-py3-none-any.whl.metadata (4.8 kB)
2026-09-23T08:44:39.0311781Z Collecting pygments>=2.7.2 (from pytest)
2026-09-23T08:44:39.0413997Z   Downloading pygments-2.21.0-py3-none-any.whl.metadata (2.5 kB)
2026-09-23T08:44:39.0539582Z Downloading pytest-9.1.1-py3-none-any.whl (386 kB)
2026-09-23T08:44:39.0993943Z Downloading pluggy-1.6.0-py3-none-any.whl (20 kB)
2026-09-23T08:44:39.1095918Z Downloading iniconfig-2.3.0-py3-none-any.whl (7.5 kB)
2026-09-23T08:44:39.1197655Z Downloading packaging-26.3-py3-none-any.whl (129 kB)
2026-09-23T08:44:39.1313129Z Downloading pygments-2.21.0-py3-none-any.whl (1.3 MB)
2026-09-23T08:44:39.1612714Z    ââââââââââââââââââââââââââââââââââââââââ 1.3/1.3 MB 51.9 MB/s  0:00:00
2026-09-23T08:44:39.2097732Z Installing collected packages: pygments, pluggy, packaging, iniconfig, pytest
2026-09-23T08:44:40.0249008Z 
2026-09-23T08:44:40.0256508Z Successfully installed iniconfig-2.3.0 packaging-26.3 pluggy-1.6.0 pygments-2.21.0 pytest-9.1.1
2026-09-23T08:44:40.0825309Z ##[group]Run python automation/inject_mutation.py --error-type "AttributeError"
2026-09-23T08:44:40.0825821Z [36;1mpython automation/inject_mutation.py --error-type "AttributeError"[0m
2026-09-23T08:44:40.0858852Z shell: /usr/bin/bash -e {0}
2026-09-23T08:44:40.0859067Z env:
2026-09-23T08:44:40.0859498Z   pythonLocation: /opt/hostedtoolcache/Python/3.11.16/x64
2026-09-23T08:44:40.0859843Z   PKG_CONFIG_PATH: /opt/hostedtoolcache/Python/3.11.16/x64/lib/pkgconfig
2026-09-23T08:44:40.0860170Z   Python_ROOT_DIR: /opt/hostedtoolcache/Python/3.11.16/x64
2026-09-23T08:44:40.0860466Z   Python2_ROOT_DIR: /opt/hostedtoolcache/Python/3.11.16/x64
2026-09-23T08:44:40.0860771Z   Python3_ROOT_DIR: /opt/hostedtoolcache/Python/3.11.16/x64
2026-09-23T08:44:40.0861062Z   LD_LIBRARY_PATH: /opt/hostedtoolcache/Python/3.11.16/x64/lib
2026-09-23T08:44:40.0861357Z ##[endgroup]
2026-09-23T08:44:40.1115948Z [Mutation Injected] Successfully injected AttributeError into tests/test_app.py
2026-09-23T08:44:40.1176751Z ##[group]Run pytest tests/test_app.py -v
2026-09-23T08:44:40.1177077Z [36;1mpytest tests/test_app.py -v[0m
2026-09-23T08:44:40.1210925Z shell: /usr/bin/bash -e {0}
2026-09-23T08:44:40.1211156Z env:
2026-09-23T08:44:40.1211394Z   pythonLocation: /opt/hostedtoolcache/Python/3.11.16/x64
2026-09-23T08:44:40.1211757Z   PKG_CONFIG_PATH: /opt/hostedtoolcache/Python/3.11.16/x64/lib/pkgconfig
2026-09-23T08:44:40.1212114Z   Python_ROOT_DIR: /opt/hostedtoolcache/Python/3.11.16/x64
2026-09-23T08:44:40.1212413Z   Python2_ROOT_DIR: /opt/hostedtoolcache/Python/3.11.16/x64
2026-09-23T08:44:40.1212714Z   Python3_ROOT_DIR: /opt/hostedtoolcache/Python/3.11.16/x64
2026-09-23T08:44:40.1213015Z   LD_LIBRARY_PATH: /opt/hostedtoolcache/Python/3.11.16/x64/lib
2026-09-23T08:44:40.1213274Z ##[endgroup]
2026-09-23T08:44:40.3011376Z ============================= test session starts ==============================
2026-09-23T08:44:40.3012225Z platform linux -- Python 3.11.16, pytest-9.1.1, pluggy-1.6.0 -- /opt/hostedtoolcache/Python/3.11.16/x64/bin/python
2026-09-23T08:44:40.3012890Z cachedir: .pytest_cache
2026-09-23T08:44:40.3013276Z rootdir: /home/runner/work/log-generation/log-generation
2026-09-23T08:44:40.3013697Z configfile: pytest.ini
2026-09-23T08:44:40.3081612Z collecting ... collected 6 items
2026-09-23T08:44:40.3081915Z 
2026-09-23T08:44:40.3088300Z tests/test_app.py::test_calculate_division PASSED                        [ 16%]
2026-09-23T08:44:40.3093525Z tests/test_app.py::test_convert_to_int PASSED                            [ 33%]
2026-09-23T08:44:40.3100087Z tests/test_app.py::test_get_list_item PASSED                             [ 50%]
2026-09-23T08:44:40.3104794Z tests/test_app.py::test_get_dict_value PASSED                            [ 66%]
2026-09-23T08:44:40.3109808Z tests/test_app.py::test_assert_positive PASSED                           [ 83%]
2026-09-23T08:44:40.3370229Z tests/test_app.py::test_attribute_error FAILED                           [100%]
2026-09-23T08:44:40.3370689Z 
2026-09-23T08:44:40.3370898Z =================================== FAILURES ===================================
2026-09-23T08:44:40.3371428Z _____________________________ test_attribute_error _____________________________
2026-09-23T08:44:40.3371770Z 
2026-09-23T08:44:40.3371889Z     def test_attribute_error():
2026-09-23T08:44:40.3372221Z         """Injected synthetic AttributeError."""
2026-09-23T08:44:40.3372646Z         from src.app import get_object_attribute
2026-09-23T08:44:40.3373025Z >       get_object_attribute(object())
2026-09-23T08:44:40.3373241Z 
2026-09-23T08:44:40.3373360Z tests/test_app.py:137: 
2026-09-23T08:44:40.3373692Z _ _ _ _ _ _ _ _ _ _ _ _ _ _ _ _ _ _ _ _ _ _ _ _ _ _ _ _ _ _ _ _ _ _ _ _ _ _ _ _ 
2026-09-23T08:44:40.3374010Z 
2026-09-23T08:44:40.3374140Z obj = <object object at 0x7f02d169d370>
2026-09-23T08:44:40.3374366Z 
2026-09-23T08:44:40.3374497Z     def get_object_attribute(obj):
2026-09-23T08:44:40.3374855Z >       return obj.non_existent_attribute
2026-09-23T08:44:40.3375192Z                ^^^^^^^^^^^^^^^^^^^^^^^^^^
2026-09-23T08:44:40.3375649Z E       AttributeError: 'object' object has no attribute 'non_existent_attribute'
2026-09-23T08:44:40.3376005Z 
2026-09-23T08:44:40.3376128Z src/app.py:14: AttributeError
2026-09-23T08:44:40.3548592Z =========================== short test summary info ============================
2026-09-23T08:44:40.3549456Z FAILED tests/test_app.py::test_attribute_error - AttributeError: 'object' object has no attribute 'non_existent_attribute'
2026-09-23T08:44:40.3550014Z ========================= 1 failed, 5 passed in 0.03s ==========================
2026-09-23T08:44:40.3559820Z ##[error]Process completed with exit code 1.
2026-09-23T08:44:40.3672048Z Node 20 is being deprecated. This workflow is running with Node 24 by default. If you need to temporarily use Node 20, you can set the ACTIONS_ALLOW_USE_UNSECURE_NODE_VERSION=true environment variable. For more information see: https://github.blog/changelog/2025-09-19-deprecation-of-node-20-on-github-actions-runners/
2026-09-23T08:44:40.3673004Z Post job cleanup.
2026-09-23T08:44:40.4361045Z [command]/usr/bin/git version
2026-09-23T08:44:40.4396246Z git version 2.55.0
2026-09-23T08:44:40.4426529Z Temporarily overriding HOME='/home/runner/work/_temp/6b6d5c3f-1adc-4184-b2d3-0fac5b08d08d' before making global git config changes
2026-09-23T08:44:40.4427650Z Adding repository directory to the temporary git global config as a safe directory
2026-09-23T08:44:40.4431790Z [command]/usr/bin/git config --global --add safe.directory /home/runner/work/log-generation/log-generation
2026-09-23T08:44:40.4466868Z [command]/usr/bin/git config --local --name-only --get-regexp core\.sshCommand
2026-09-23T08:44:40.4498662Z [command]/usr/bin/git submodule foreach --recursive sh -c "git config --local --name-only --get-regexp 'core\.sshCommand' && git config --local --unset-all 'core.sshCommand' || :"
2026-09-23T08:44:40.4717673Z [command]/usr/bin/git config --local --name-only --get-regexp http\.https\:\/\/github\.com\/\.extraheader
2026-09-23T08:44:40.4734721Z http.https://github.com/.extraheader
2026-09-23T08:44:40.4745020Z [command]/usr/bin/git config --local --unset-all http.https://github.com/.extraheader
2026-09-23T08:44:40.4775692Z [command]/usr/bin/git submodule foreach --recursive sh -c "git config --local --name-only --get-regexp 'http\.https\:\/\/github\.com\/\.extraheader' && git config --local --unset-all 'http.https://github.com/.extraheader' || :"
2026-09-23T08:44:40.4990489Z [command]/usr/bin/git config --local --name-only --get-regexp ^includeIf\.gitdir:
2026-09-23T08:44:40.5025038Z [command]/usr/bin/git submodule foreach --recursive git config --local --show-origin --name-only --get-regexp remote.origin.url
2026-09-23T08:44:40.5355229Z Cleaning up orphan processes
2026-09-23T08:44:40.5584125Z ##[warning]Node.js 20 is deprecated. The following actions target Node.js 20 but are being forced to run on Node.js 24: actions/checkout@v4, actions/setup-python@v5. For more information see: https://github.blog/changelog/2025-09-19-deprecation-of-node-20-on-github-actions-runners/
