ï»¿2026-09-23T08:43:30.1059560Z Current runner version: '2.337.0'
2026-09-23T08:43:30.1084808Z ##[group]Runner Image Provisioner
2026-09-23T08:43:30.1085671Z Hosted Compute Agent
2026-09-23T08:43:30.1086254Z Version: 20260828.587
2026-09-23T08:43:30.1087329Z Commit: abac92662cab4cc7352de4f9f9d2e2419aad9c29
2026-09-23T08:43:30.1088087Z Build Date: 2026-08-28T16:44:25Z
2026-09-23T08:43:30.1088821Z Worker ID: {5d80a909-7ceb-4db5-85e4-1bbc68b5d1a4}
2026-09-23T08:43:30.1089567Z Azure Region: westcentralus
2026-09-23T08:43:30.1090181Z ##[endgroup]
2026-09-23T08:43:30.1092116Z ##[group]Operating System
2026-09-23T08:43:30.1092797Z Ubuntu
2026-09-23T08:43:30.1093387Z 24.04.5
2026-09-23T08:43:30.1093916Z LTS
2026-09-23T08:43:30.1094827Z ##[endgroup]
2026-09-23T08:43:30.1095449Z ##[group]Runner Image
2026-09-23T08:43:30.1096056Z Image: ubuntu-24.04
2026-09-23T08:43:30.1097046Z Version: 20260907.300.1
2026-09-23T08:43:30.1098352Z Included Software: https://github.com/actions/runner-images/blob/ubuntu24/20260907.300/images/ubuntu/Ubuntu2404-Readme.md
2026-09-23T08:43:30.1100029Z Image Release: https://github.com/actions/runner-images/releases/tag/ubuntu24%2F20260907.300
2026-09-23T08:43:30.1100999Z ##[endgroup]
2026-09-23T08:43:30.1102200Z ##[group]GITHUB_TOKEN Permissions
2026-09-23T08:43:30.1104385Z Contents: read
2026-09-23T08:43:30.1105104Z Metadata: read
2026-09-23T08:43:30.1105659Z Packages: read
2026-09-23T08:43:30.1106198Z ##[endgroup]
2026-09-23T08:43:30.1108620Z Secret source: Actions
2026-09-23T08:43:30.1109577Z Cache mode: write
2026-09-23T08:43:30.1110766Z Prepare workflow directory
2026-09-23T08:43:30.1461570Z Prepare all required actions
2026-09-23T08:43:30.1510724Z Getting action download info
2026-09-23T08:43:30.4645215Z Download action repository 'actions/checkout@v4' (SHA:11d5960a326750d5838078e36cf38b85af677262)
2026-09-23T08:43:30.5753350Z Download action repository 'actions/setup-python@v5' (SHA:a26af69be951a213d495a4c3e4e4022e16d87065)
2026-09-23T08:43:30.7685132Z Complete job name: test-f3 (IndexError #37)
2026-09-23T08:43:30.8482698Z Node 20 is being deprecated. This workflow is running with Node 24 by default. If you need to temporarily use Node 20, you can set the ACTIONS_ALLOW_USE_UNSECURE_NODE_VERSION=true environment variable. For more information see: https://github.blog/changelog/2025-09-19-deprecation-of-node-20-on-github-actions-runners/
2026-09-23T08:43:30.8492333Z ##[group]Run actions/checkout@v4
2026-09-23T08:43:30.8493099Z with:
2026-09-23T08:43:30.8493538Z   fetch-depth: 1
2026-09-23T08:43:30.8494035Z   repository: DhruvHegde/log-generation
2026-09-23T08:43:30.8498023Z   token: ***
2026-09-23T08:43:30.8498478Z   ssh-strict: true
2026-09-23T08:43:30.8498929Z   ssh-user: git
2026-09-23T08:43:30.8499379Z   persist-credentials: true
2026-09-23T08:43:30.8499881Z   clean: true
2026-09-23T08:43:30.8500337Z   sparse-checkout-cone-mode: true
2026-09-23T08:43:30.8500872Z   fetch-tags: false
2026-09-23T08:43:30.8501325Z   show-progress: true
2026-09-23T08:43:30.8501785Z   lfs: false
2026-09-23T08:43:30.8502242Z   submodules: false
2026-09-23T08:43:30.8502727Z   set-safe-directory: true
2026-09-23T08:43:30.8503251Z   allow-unsafe-pr-checkout: false
2026-09-23T08:43:30.8504134Z ##[endgroup]
2026-09-23T08:43:30.9544021Z Syncing repository: DhruvHegde/log-generation
2026-09-23T08:43:30.9547088Z ##[group]Getting Git version info
2026-09-23T08:43:30.9547999Z Working directory is '/home/runner/work/log-generation/log-generation'
2026-09-23T08:43:30.9549094Z [command]/usr/bin/git version
2026-09-23T08:43:30.9659637Z git version 2.55.0
2026-09-23T08:43:30.9682935Z ##[endgroup]
2026-09-23T08:43:30.9699285Z Temporarily overriding HOME='/home/runner/work/_temp/75d054dd-c38b-4a93-81bf-74287e7acf38' before making global git config changes
2026-09-23T08:43:30.9701701Z Adding repository directory to the temporary git global config as a safe directory
2026-09-23T08:43:30.9704897Z [command]/usr/bin/git config --global --add safe.directory /home/runner/work/log-generation/log-generation
2026-09-23T08:43:30.9773433Z Deleting the contents of '/home/runner/work/log-generation/log-generation'
2026-09-23T08:43:30.9782581Z ##[group]Initializing the repository
2026-09-23T08:43:30.9784035Z [command]/usr/bin/git init /home/runner/work/log-generation/log-generation
2026-09-23T08:43:30.9932860Z hint: Using 'master' as the name for the initial branch. This default branch name
2026-09-23T08:43:30.9934868Z hint: will change to "main" in Git 3.0. To configure the initial branch name
2026-09-23T08:43:30.9936412Z hint: to use in all of your new repositories, which will suppress this warning,
2026-09-23T08:43:30.9937852Z hint: call:
2026-09-23T08:43:30.9938667Z hint:
2026-09-23T08:43:30.9939680Z hint: 	git config --global init.defaultBranch <name>
2026-09-23T08:43:30.9940736Z hint:
2026-09-23T08:43:30.9941735Z hint: Names commonly chosen instead of 'master' are 'main', 'trunk' and
2026-09-23T08:43:30.9943345Z hint: 'development'. The just-created branch can be renamed via this command:
2026-09-23T08:43:30.9944663Z hint:
2026-09-23T08:43:30.9945460Z hint: 	git branch -m <name>
2026-09-23T08:43:30.9946306Z hint:
2026-09-23T08:43:30.9947569Z hint: Disable this message with "git config set advice.defaultBranchName false"
2026-09-23T08:43:30.9949461Z Initialized empty Git repository in /home/runner/work/log-generation/log-generation/.git/
2026-09-23T08:43:30.9954380Z [command]/usr/bin/git remote add origin https://github.com/DhruvHegde/log-generation
2026-09-23T08:43:31.0014969Z ##[endgroup]
2026-09-23T08:43:31.0016264Z ##[group]Disabling automatic garbage collection
2026-09-23T08:43:31.0019058Z [command]/usr/bin/git config --local gc.auto 0
2026-09-23T08:43:31.0060202Z ##[endgroup]
2026-09-23T08:43:31.0061959Z ##[group]Setting up auth
2026-09-23T08:43:31.0074531Z [command]/usr/bin/git config --local --name-only --get-regexp core\.sshCommand
2026-09-23T08:43:31.0110743Z [command]/usr/bin/git submodule foreach --recursive sh -c "git config --local --name-only --get-regexp 'core\.sshCommand' && git config --local --unset-all 'core.sshCommand' || :"
2026-09-23T08:43:31.0519544Z [command]/usr/bin/git config --local --name-only --get-regexp http\.https\:\/\/github\.com\/\.extraheader
2026-09-23T08:43:31.0556423Z [command]/usr/bin/git submodule foreach --recursive sh -c "git config --local --name-only --get-regexp 'http\.https\:\/\/github\.com\/\.extraheader' && git config --local --unset-all 'http.https://github.com/.extraheader' || :"
2026-09-23T08:43:31.0796596Z [command]/usr/bin/git config --local --name-only --get-regexp ^includeIf\.gitdir:
2026-09-23T08:43:31.0839065Z [command]/usr/bin/git submodule foreach --recursive git config --local --show-origin --name-only --get-regexp remote.origin.url
2026-09-23T08:43:31.1071933Z [command]/usr/bin/git config --local http.https://github.com/.extraheader AUTHORIZATION: basic ***
2026-09-23T08:43:31.1115267Z ##[endgroup]
2026-09-23T08:43:31.1116267Z ##[group]Fetching the repository
2026-09-23T08:43:31.1126257Z [command]/usr/bin/git -c protocol.version=2 fetch --no-tags --prune --no-recurse-submodules --depth=1 origin +dfcb6f158e4bd8054252a4da5d0a9edc2ab15d57:refs/remotes/origin/feature/f3-test-failures
2026-09-23T08:43:31.5903906Z From https://github.com/DhruvHegde/log-generation
2026-09-23T08:43:31.5905147Z  * [new ref]         dfcb6f158e4bd8054252a4da5d0a9edc2ab15d57 -> origin/feature/f3-test-failures
2026-09-23T08:43:31.5908692Z ##[endgroup]
2026-09-23T08:43:31.5909551Z ##[group]Determining the checkout info
2026-09-23T08:43:31.5911640Z ##[endgroup]
2026-09-23T08:43:31.5917852Z [command]/usr/bin/git sparse-checkout disable
2026-09-23T08:43:31.5974611Z [command]/usr/bin/git config --local --unset-all extensions.worktreeConfig
2026-09-23T08:43:31.6009315Z ##[group]Checking out the ref
2026-09-23T08:43:31.6014704Z [command]/usr/bin/git checkout --progress --force -B feature/f3-test-failures refs/remotes/origin/feature/f3-test-failures
2026-09-23T08:43:31.6101603Z Switched to a new branch 'feature/f3-test-failures'
2026-09-23T08:43:31.6115352Z branch 'feature/f3-test-failures' set up to track 'origin/feature/f3-test-failures'.
2026-09-23T08:43:31.6120748Z ##[endgroup]
2026-09-23T08:43:31.6169450Z [command]/usr/bin/git log -1 --format=%H
2026-09-23T08:43:31.6197707Z dfcb6f158e4bd8054252a4da5d0a9edc2ab15d57
2026-09-23T08:43:31.6481867Z Node 20 is being deprecated. This workflow is running with Node 24 by default. If you need to temporarily use Node 20, you can set the ACTIONS_ALLOW_USE_UNSECURE_NODE_VERSION=true environment variable. For more information see: https://github.blog/changelog/2025-09-19-deprecation-of-node-20-on-github-actions-runners/
2026-09-23T08:43:31.6484515Z ##[group]Run actions/setup-python@v5
2026-09-23T08:43:31.6485054Z with:
2026-09-23T08:43:31.6485473Z   python-version: 3.11
2026-09-23T08:43:31.6485949Z   check-latest: false
2026-09-23T08:43:31.6489803Z   token: ***
2026-09-23T08:43:31.6490249Z   update-environment: true
2026-09-23T08:43:31.6490758Z   allow-prereleases: false
2026-09-23T08:43:31.6491248Z   freethreaded: false
2026-09-23T08:43:31.6491707Z ##[endgroup]
2026-09-23T08:43:31.7872798Z ##[group]Installed versions
2026-09-23T08:43:31.7994892Z (node:2285) [DEP0040] DeprecationWarning: The `punycode` module is deprecated. Please use a userland alternative instead.
2026-09-23T08:43:31.7997345Z (Use `node --trace-deprecation ...` to show where the warning was created)
2026-09-23T08:43:31.7998668Z Successfully set up CPython (3.11.16)
2026-09-23T08:43:31.8000089Z ##[endgroup]
2026-09-23T08:43:31.8186142Z ##[group]Run pip install --no-cache-dir pytest
2026-09-23T08:43:31.8187282Z [36;1mpip install --no-cache-dir pytest[0m
2026-09-23T08:43:31.8248137Z shell: /usr/bin/bash -e {0}
2026-09-23T08:43:31.8248745Z env:
2026-09-23T08:43:31.8249304Z   pythonLocation: /opt/hostedtoolcache/Python/3.11.16/x64
2026-09-23T08:43:31.8250162Z   PKG_CONFIG_PATH: /opt/hostedtoolcache/Python/3.11.16/x64/lib/pkgconfig
2026-09-23T08:43:31.8250989Z   Python_ROOT_DIR: /opt/hostedtoolcache/Python/3.11.16/x64
2026-09-23T08:43:31.8251746Z   Python2_ROOT_DIR: /opt/hostedtoolcache/Python/3.11.16/x64
2026-09-23T08:43:31.8252510Z   Python3_ROOT_DIR: /opt/hostedtoolcache/Python/3.11.16/x64
2026-09-23T08:43:31.8253309Z   LD_LIBRARY_PATH: /opt/hostedtoolcache/Python/3.11.16/x64/lib
2026-09-23T08:43:31.8253955Z ##[endgroup]
2026-09-23T08:43:32.8581967Z Collecting pytest
2026-09-23T08:43:32.9525652Z   Downloading pytest-9.1.1-py3-none-any.whl.metadata (7.6 kB)
2026-09-23T08:43:32.9776217Z Collecting iniconfig>=1.0.1 (from pytest)
2026-09-23T08:43:32.9972385Z   Downloading iniconfig-2.3.0-py3-none-any.whl.metadata (2.5 kB)
2026-09-23T08:43:33.0247857Z Collecting packaging>=22 (from pytest)
2026-09-23T08:43:33.0439367Z   Downloading packaging-26.3-py3-none-any.whl.metadata (3.5 kB)
2026-09-23T08:43:33.0687556Z Collecting pluggy<2,>=1.5 (from pytest)
2026-09-23T08:43:33.0879933Z   Downloading pluggy-1.6.0-py3-none-any.whl.metadata (4.8 kB)
2026-09-23T08:43:33.1194038Z Collecting pygments>=2.7.2 (from pytest)
2026-09-23T08:43:33.1447902Z   Downloading pygments-2.21.0-py3-none-any.whl.metadata (2.5 kB)
2026-09-23T08:43:33.1739365Z Downloading pytest-9.1.1-py3-none-any.whl (386 kB)
2026-09-23T08:43:33.2588502Z Downloading pluggy-1.6.0-py3-none-any.whl (20 kB)
2026-09-23T08:43:33.2784067Z Downloading iniconfig-2.3.0-py3-none-any.whl (7.5 kB)
2026-09-23T08:43:33.2975900Z Downloading packaging-26.3-py3-none-any.whl (129 kB)
2026-09-23T08:43:33.3181056Z Downloading pygments-2.21.0-py3-none-any.whl (1.3 MB)
2026-09-23T08:43:33.3630429Z    ââââââââââââââââââââââââââââââââââââââââ 1.3/1.3 MB 27.0 MB/s  0:00:00
2026-09-23T08:43:33.4331210Z Installing collected packages: pygments, pluggy, packaging, iniconfig, pytest
2026-09-23T08:43:34.4345555Z 
2026-09-23T08:43:34.4357333Z Successfully installed iniconfig-2.3.0 packaging-26.3 pluggy-1.6.0 pygments-2.21.0 pytest-9.1.1
2026-09-23T08:43:34.4937543Z ##[group]Run python automation/inject_mutation.py --error-type "IndexError"
2026-09-23T08:43:34.4938248Z [36;1mpython automation/inject_mutation.py --error-type "IndexError"[0m
2026-09-23T08:43:34.4976077Z shell: /usr/bin/bash -e {0}
2026-09-23T08:43:34.4976390Z env:
2026-09-23T08:43:34.4976907Z   pythonLocation: /opt/hostedtoolcache/Python/3.11.16/x64
2026-09-23T08:43:34.4977655Z   PKG_CONFIG_PATH: /opt/hostedtoolcache/Python/3.11.16/x64/lib/pkgconfig
2026-09-23T08:43:34.4978146Z   Python_ROOT_DIR: /opt/hostedtoolcache/Python/3.11.16/x64
2026-09-23T08:43:34.4978591Z   Python2_ROOT_DIR: /opt/hostedtoolcache/Python/3.11.16/x64
2026-09-23T08:43:34.4979051Z   Python3_ROOT_DIR: /opt/hostedtoolcache/Python/3.11.16/x64
2026-09-23T08:43:34.4979507Z   LD_LIBRARY_PATH: /opt/hostedtoolcache/Python/3.11.16/x64/lib
2026-09-23T08:43:34.4979918Z ##[endgroup]
2026-09-23T08:43:34.5283319Z [Mutation Injected] Successfully injected IndexError into tests/test_app.py
2026-09-23T08:43:34.5360827Z ##[group]Run pytest tests/test_app.py -v
2026-09-23T08:43:34.5361306Z [36;1mpytest tests/test_app.py -v[0m
2026-09-23T08:43:34.5399917Z shell: /usr/bin/bash -e {0}
2026-09-23T08:43:34.5400231Z env:
2026-09-23T08:43:34.5400552Z   pythonLocation: /opt/hostedtoolcache/Python/3.11.16/x64
2026-09-23T08:43:34.5401062Z   PKG_CONFIG_PATH: /opt/hostedtoolcache/Python/3.11.16/x64/lib/pkgconfig
2026-09-23T08:43:34.5401581Z   Python_ROOT_DIR: /opt/hostedtoolcache/Python/3.11.16/x64
2026-09-23T08:43:34.5402015Z   Python2_ROOT_DIR: /opt/hostedtoolcache/Python/3.11.16/x64
2026-09-23T08:43:34.5402448Z   Python3_ROOT_DIR: /opt/hostedtoolcache/Python/3.11.16/x64
2026-09-23T08:43:34.5402886Z   LD_LIBRARY_PATH: /opt/hostedtoolcache/Python/3.11.16/x64/lib
2026-09-23T08:43:34.5403263Z ##[endgroup]
2026-09-23T08:43:34.8003220Z ============================= test session starts ==============================
2026-09-23T08:43:34.8004610Z platform linux -- Python 3.11.16, pytest-9.1.1, pluggy-1.6.0 -- /opt/hostedtoolcache/Python/3.11.16/x64/bin/python
2026-09-23T08:43:34.8005607Z cachedir: .pytest_cache
2026-09-23T08:43:34.8006165Z rootdir: /home/runner/work/log-generation/log-generation
2026-09-23T08:43:34.8007043Z configfile: pytest.ini
2026-09-23T08:43:34.8095249Z collecting ... collected 6 items
2026-09-23T08:43:34.8095628Z 
2026-09-23T08:43:34.8106354Z tests/test_app.py::test_calculate_division PASSED                        [ 16%]
2026-09-23T08:43:34.8114862Z tests/test_app.py::test_convert_to_int PASSED                            [ 33%]
2026-09-23T08:43:34.8123383Z tests/test_app.py::test_get_list_item PASSED                             [ 50%]
2026-09-23T08:43:34.8131210Z tests/test_app.py::test_get_dict_value PASSED                            [ 66%]
2026-09-23T08:43:34.8138688Z tests/test_app.py::test_assert_positive PASSED                           [ 83%]
2026-09-23T08:43:34.8442650Z tests/test_app.py::test_index_error FAILED                               [100%]
2026-09-23T08:43:34.8443304Z 
2026-09-23T08:43:34.8443667Z =================================== FAILURES ===================================
2026-09-23T08:43:34.8444459Z _______________________________ test_index_error _______________________________
2026-09-23T08:43:34.8444982Z 
2026-09-23T08:43:34.8445159Z     def test_index_error():
2026-09-23T08:43:34.8445649Z         """Injected synthetic IndexError."""
2026-09-23T08:43:34.8446235Z         from src.app import get_list_item
2026-09-23T08:43:34.8447002Z         dataset = [10, 20, 30]
2026-09-23T08:43:34.8447485Z >       get_list_item(dataset, 999)
2026-09-23T08:43:34.8447812Z 
2026-09-23T08:43:34.8447994Z tests/test_app.py:138: 
2026-09-23T08:43:34.8448521Z _ _ _ _ _ _ _ _ _ _ _ _ _ _ _ _ _ _ _ _ _ _ _ _ _ _ _ _ _ _ _ _ _ _ _ _ _ _ _ _ 
2026-09-23T08:43:34.8448984Z 
2026-09-23T08:43:34.8449150Z lst = [10, 20, 30], index = 999
2026-09-23T08:43:34.8449448Z 
2026-09-23T08:43:34.8449631Z     def get_list_item(lst, index):
2026-09-23T08:43:34.8450138Z >       return lst[index]
2026-09-23T08:43:34.8450582Z                ^^^^^^^^^^
2026-09-23T08:43:34.8451030Z E       IndexError: list index out of range
2026-09-23T08:43:34.8451375Z 
2026-09-23T08:43:34.8451559Z src/app.py:8: IndexError
2026-09-23T08:43:34.8452117Z =========================== short test summary info ============================
2026-09-23T08:43:34.8453189Z FAILED tests/test_app.py::test_index_error - IndexError: list index out of range
2026-09-23T08:43:34.8454553Z ========================= 1 failed, 5 passed in 0.03s ==========================
2026-09-23T08:43:34.8648331Z ##[error]Process completed with exit code 1.
2026-09-23T08:43:34.8794403Z Node 20 is being deprecated. This workflow is running with Node 24 by default. If you need to temporarily use Node 20, you can set the ACTIONS_ALLOW_USE_UNSECURE_NODE_VERSION=true environment variable. For more information see: https://github.blog/changelog/2025-09-19-deprecation-of-node-20-on-github-actions-runners/
2026-09-23T08:43:34.8795741Z Post job cleanup.
2026-09-23T08:43:34.9664561Z [command]/usr/bin/git version
2026-09-23T08:43:34.9713048Z git version 2.55.0
2026-09-23T08:43:34.9757487Z Temporarily overriding HOME='/home/runner/work/_temp/9e5f2fdd-3e22-4c2f-804d-e91588dc1962' before making global git config changes
2026-09-23T08:43:34.9759963Z Adding repository directory to the temporary git global config as a safe directory
2026-09-23T08:43:34.9764485Z [command]/usr/bin/git config --global --add safe.directory /home/runner/work/log-generation/log-generation
2026-09-23T08:43:34.9809283Z [command]/usr/bin/git config --local --name-only --get-regexp core\.sshCommand
2026-09-23T08:43:34.9851981Z [command]/usr/bin/git submodule foreach --recursive sh -c "git config --local --name-only --get-regexp 'core\.sshCommand' && git config --local --unset-all 'core.sshCommand' || :"
2026-09-23T08:43:35.0120919Z [command]/usr/bin/git config --local --name-only --get-regexp http\.https\:\/\/github\.com\/\.extraheader
2026-09-23T08:43:35.0148329Z http.https://github.com/.extraheader
2026-09-23T08:43:35.0167901Z [command]/usr/bin/git config --local --unset-all http.https://github.com/.extraheader
2026-09-23T08:43:35.0204294Z [command]/usr/bin/git submodule foreach --recursive sh -c "git config --local --name-only --get-regexp 'http\.https\:\/\/github\.com\/\.extraheader' && git config --local --unset-all 'http.https://github.com/.extraheader' || :"
2026-09-23T08:43:35.0478611Z [command]/usr/bin/git config --local --name-only --get-regexp ^includeIf\.gitdir:
2026-09-23T08:43:35.0520983Z [command]/usr/bin/git submodule foreach --recursive git config --local --show-origin --name-only --get-regexp remote.origin.url
2026-09-23T08:43:35.0938298Z Cleaning up orphan processes
2026-09-23T08:43:35.1221910Z ##[warning]Node.js 20 is deprecated. The following actions target Node.js 20 but are being forced to run on Node.js 24: actions/checkout@v4, actions/setup-python@v5. For more information see: https://github.blog/changelog/2025-09-19-deprecation-of-node-20-on-github-actions-runners/
