ï»¿2026-09-23T08:43:53.7564988Z Current runner version: '2.337.0'
2026-09-23T08:43:53.7591033Z ##[group]Runner Image Provisioner
2026-09-23T08:43:53.7592076Z Hosted Compute Agent
2026-09-23T08:43:53.7592783Z Version: 20260828.587
2026-09-23T08:43:53.7593438Z Commit: abac92662cab4cc7352de4f9f9d2e2419aad9c29
2026-09-23T08:43:53.7594172Z Build Date: 2026-08-28T16:44:25Z
2026-09-23T08:43:53.7594997Z Worker ID: {e68c708e-421f-4d07-a369-c42c0eb540a5}
2026-09-23T08:43:53.7595731Z Azure Region: centralus
2026-09-23T08:43:53.7596436Z ##[endgroup]
2026-09-23T08:43:53.7597858Z ##[group]Operating System
2026-09-23T08:43:53.7598560Z Ubuntu
2026-09-23T08:43:53.7599165Z 24.04.5
2026-09-23T08:43:53.7600040Z LTS
2026-09-23T08:43:53.7600723Z ##[endgroup]
2026-09-23T08:43:53.7601300Z ##[group]Runner Image
2026-09-23T08:43:53.7602119Z Image: ubuntu-24.04
2026-09-23T08:43:53.7602755Z Version: 20260907.300.1
2026-09-23T08:43:53.7604116Z Included Software: https://github.com/actions/runner-images/blob/ubuntu24/20260907.300/images/ubuntu/Ubuntu2404-Readme.md
2026-09-23T08:43:53.7605666Z Image Release: https://github.com/actions/runner-images/releases/tag/ubuntu24%2F20260907.300
2026-09-23T08:43:53.7606742Z ##[endgroup]
2026-09-23T08:43:53.7607944Z ##[group]GITHUB_TOKEN Permissions
2026-09-23T08:43:53.7610300Z Contents: read
2026-09-23T08:43:53.7610946Z Metadata: read
2026-09-23T08:43:53.7611512Z Packages: read
2026-09-23T08:43:53.7612534Z ##[endgroup]
2026-09-23T08:43:53.7614655Z Secret source: Actions
2026-09-23T08:43:53.7615792Z Cache mode: write
2026-09-23T08:43:53.7616496Z Prepare workflow directory
2026-09-23T08:43:53.7954672Z Prepare all required actions
2026-09-23T08:43:53.8004871Z Getting action download info
2026-09-23T08:43:54.0820054Z Download action repository 'actions/checkout@v4' (SHA:11d5960a326750d5838078e36cf38b85af677262)
2026-09-23T08:43:54.1778809Z Download action repository 'actions/setup-python@v5' (SHA:a26af69be951a213d495a4c3e4e4022e16d87065)
2026-09-23T08:43:54.3678248Z Complete job name: test-f3 (ZeroDivisionError #6)
2026-09-23T08:43:54.4429585Z Node 20 is being deprecated. This workflow is running with Node 24 by default. If you need to temporarily use Node 20, you can set the ACTIONS_ALLOW_USE_UNSECURE_NODE_VERSION=true environment variable. For more information see: https://github.blog/changelog/2025-09-19-deprecation-of-node-20-on-github-actions-runners/
2026-09-23T08:43:54.4438474Z ##[group]Run actions/checkout@v4
2026-09-23T08:43:54.4439172Z with:
2026-09-23T08:43:54.4439606Z   fetch-depth: 1
2026-09-23T08:43:54.4440087Z   repository: DhruvHegde/log-generation
2026-09-23T08:43:54.4444325Z   token: ***
2026-09-23T08:43:54.4444771Z   ssh-strict: true
2026-09-23T08:43:54.4445219Z   ssh-user: git
2026-09-23T08:43:54.4445665Z   persist-credentials: true
2026-09-23T08:43:54.4446159Z   clean: true
2026-09-23T08:43:54.4446601Z   sparse-checkout-cone-mode: true
2026-09-23T08:43:54.4447119Z   fetch-tags: false
2026-09-23T08:43:54.4447555Z   show-progress: true
2026-09-23T08:43:54.4447996Z   lfs: false
2026-09-23T08:43:54.4448451Z   submodules: false
2026-09-23T08:43:54.4448914Z   set-safe-directory: true
2026-09-23T08:43:54.4449421Z   allow-unsafe-pr-checkout: false
2026-09-23T08:43:54.4450211Z ##[endgroup]
2026-09-23T08:43:54.5488558Z Syncing repository: DhruvHegde/log-generation
2026-09-23T08:43:54.5490504Z ##[group]Getting Git version info
2026-09-23T08:43:54.5491468Z Working directory is '/home/runner/work/log-generation/log-generation'
2026-09-23T08:43:54.5492886Z [command]/usr/bin/git version
2026-09-23T08:43:54.5542655Z git version 2.55.0
2026-09-23T08:43:54.5563477Z ##[endgroup]
2026-09-23T08:43:54.5579486Z Temporarily overriding HOME='/home/runner/work/_temp/69bf8c00-da86-4625-a8d3-1cb76ade287a' before making global git config changes
2026-09-23T08:43:54.5582079Z Adding repository directory to the temporary git global config as a safe directory
2026-09-23T08:43:54.5585851Z [command]/usr/bin/git config --global --add safe.directory /home/runner/work/log-generation/log-generation
2026-09-23T08:43:54.5658132Z Deleting the contents of '/home/runner/work/log-generation/log-generation'
2026-09-23T08:43:54.5663008Z ##[group]Initializing the repository
2026-09-23T08:43:54.5668087Z [command]/usr/bin/git init /home/runner/work/log-generation/log-generation
2026-09-23T08:43:54.5753025Z hint: Using 'master' as the name for the initial branch. This default branch name
2026-09-23T08:43:54.5754686Z hint: will change to "main" in Git 3.0. To configure the initial branch name
2026-09-23T08:43:54.5756165Z hint: to use in all of your new repositories, which will suppress this warning,
2026-09-23T08:43:54.5757321Z hint: call:
2026-09-23T08:43:54.5757938Z hint:
2026-09-23T08:43:54.5758717Z hint: 	git config --global init.defaultBranch <name>
2026-09-23T08:43:54.5759675Z hint:
2026-09-23T08:43:54.5760567Z hint: Names commonly chosen instead of 'master' are 'main', 'trunk' and
2026-09-23T08:43:54.5762205Z hint: 'development'. The just-created branch can be renamed via this command:
2026-09-23T08:43:54.5763378Z hint:
2026-09-23T08:43:54.5764059Z hint: 	git branch -m <name>
2026-09-23T08:43:54.5764806Z hint:
2026-09-23T08:43:54.5765776Z hint: Disable this message with "git config set advice.defaultBranchName false"
2026-09-23T08:43:54.5790845Z Initialized empty Git repository in /home/runner/work/log-generation/log-generation/.git/
2026-09-23T08:43:54.5793909Z [command]/usr/bin/git remote add origin https://github.com/DhruvHegde/log-generation
2026-09-23T08:43:54.5827863Z ##[endgroup]
2026-09-23T08:43:54.5828666Z ##[group]Disabling automatic garbage collection
2026-09-23T08:43:54.5832653Z [command]/usr/bin/git config --local gc.auto 0
2026-09-23T08:43:54.5865134Z ##[endgroup]
2026-09-23T08:43:54.5865864Z ##[group]Setting up auth
2026-09-23T08:43:54.5873626Z [command]/usr/bin/git config --local --name-only --get-regexp core\.sshCommand
2026-09-23T08:43:54.5910281Z [command]/usr/bin/git submodule foreach --recursive sh -c "git config --local --name-only --get-regexp 'core\.sshCommand' && git config --local --unset-all 'core.sshCommand' || :"
2026-09-23T08:43:54.6263488Z [command]/usr/bin/git config --local --name-only --get-regexp http\.https\:\/\/github\.com\/\.extraheader
2026-09-23T08:43:54.6305710Z [command]/usr/bin/git submodule foreach --recursive sh -c "git config --local --name-only --get-regexp 'http\.https\:\/\/github\.com\/\.extraheader' && git config --local --unset-all 'http.https://github.com/.extraheader' || :"
2026-09-23T08:43:54.6562538Z [command]/usr/bin/git config --local --name-only --get-regexp ^includeIf\.gitdir:
2026-09-23T08:43:54.6605433Z [command]/usr/bin/git submodule foreach --recursive git config --local --show-origin --name-only --get-regexp remote.origin.url
2026-09-23T08:43:54.6849565Z [command]/usr/bin/git config --local http.https://github.com/.extraheader AUTHORIZATION: basic ***
2026-09-23T08:43:54.6891329Z ##[endgroup]
2026-09-23T08:43:54.6892509Z ##[group]Fetching the repository
2026-09-23T08:43:54.6902071Z [command]/usr/bin/git -c protocol.version=2 fetch --no-tags --prune --no-recurse-submodules --depth=1 origin +dfcb6f158e4bd8054252a4da5d0a9edc2ab15d57:refs/remotes/origin/feature/f3-test-failures
2026-09-23T08:43:55.0434405Z From https://github.com/DhruvHegde/log-generation
2026-09-23T08:43:55.0436366Z  * [new ref]         dfcb6f158e4bd8054252a4da5d0a9edc2ab15d57 -> origin/feature/f3-test-failures
2026-09-23T08:43:55.0440379Z ##[endgroup]
2026-09-23T08:43:55.0442197Z ##[group]Determining the checkout info
2026-09-23T08:43:55.0444195Z ##[endgroup]
2026-09-23T08:43:55.0451148Z [command]/usr/bin/git sparse-checkout disable
2026-09-23T08:43:55.0506259Z [command]/usr/bin/git config --local --unset-all extensions.worktreeConfig
2026-09-23T08:43:55.0541531Z ##[group]Checking out the ref
2026-09-23T08:43:55.0547301Z [command]/usr/bin/git checkout --progress --force -B feature/f3-test-failures refs/remotes/origin/feature/f3-test-failures
2026-09-23T08:43:55.0627677Z Switched to a new branch 'feature/f3-test-failures'
2026-09-23T08:43:55.0633151Z branch 'feature/f3-test-failures' set up to track 'origin/feature/f3-test-failures'.
2026-09-23T08:43:55.0639617Z ##[endgroup]
2026-09-23T08:43:55.0684641Z [command]/usr/bin/git log -1 --format=%H
2026-09-23T08:43:55.0713911Z dfcb6f158e4bd8054252a4da5d0a9edc2ab15d57
2026-09-23T08:43:55.1001690Z Node 20 is being deprecated. This workflow is running with Node 24 by default. If you need to temporarily use Node 20, you can set the ACTIONS_ALLOW_USE_UNSECURE_NODE_VERSION=true environment variable. For more information see: https://github.blog/changelog/2025-09-19-deprecation-of-node-20-on-github-actions-runners/
2026-09-23T08:43:55.1004888Z ##[group]Run actions/setup-python@v5
2026-09-23T08:43:55.1005476Z with:
2026-09-23T08:43:55.1005931Z   python-version: 3.11
2026-09-23T08:43:55.1006442Z   check-latest: false
2026-09-23T08:43:55.1010506Z   token: ***
2026-09-23T08:43:55.1011004Z   update-environment: true
2026-09-23T08:43:55.1011557Z   allow-prereleases: false
2026-09-23T08:43:55.1012201Z   freethreaded: false
2026-09-23T08:43:55.1012692Z ##[endgroup]
2026-09-23T08:43:55.2357984Z ##[group]Installed versions
2026-09-23T08:43:55.2441293Z (node:2239) [DEP0040] DeprecationWarning: The `punycode` module is deprecated. Please use a userland alternative instead.
2026-09-23T08:43:55.2443932Z (Use `node --trace-deprecation ...` to show where the warning was created)
2026-09-23T08:43:55.2445420Z Successfully set up CPython (3.11.16)
2026-09-23T08:43:55.2447021Z ##[endgroup]
2026-09-23T08:43:55.2660908Z ##[group]Run pip install --no-cache-dir pytest
2026-09-23T08:43:55.2662378Z [36;1mpip install --no-cache-dir pytest[0m
2026-09-23T08:43:55.2721654Z shell: /usr/bin/bash -e {0}
2026-09-23T08:43:55.2722681Z env:
2026-09-23T08:43:55.2723584Z   pythonLocation: /opt/hostedtoolcache/Python/3.11.16/x64
2026-09-23T08:43:55.2725717Z   PKG_CONFIG_PATH: /opt/hostedtoolcache/Python/3.11.16/x64/lib/pkgconfig
2026-09-23T08:43:55.2728069Z   Python_ROOT_DIR: /opt/hostedtoolcache/Python/3.11.16/x64
2026-09-23T08:43:55.2730435Z   Python2_ROOT_DIR: /opt/hostedtoolcache/Python/3.11.16/x64
2026-09-23T08:43:55.2732973Z   Python3_ROOT_DIR: /opt/hostedtoolcache/Python/3.11.16/x64
2026-09-23T08:43:55.2839063Z   LD_LIBRARY_PATH: /opt/hostedtoolcache/Python/3.11.16/x64/lib
2026-09-23T08:43:55.2840251Z ##[endgroup]
2026-09-23T08:43:56.0840188Z Collecting pytest
2026-09-23T08:43:56.1594347Z   Downloading pytest-9.1.1-py3-none-any.whl.metadata (7.6 kB)
2026-09-23T08:43:56.1773374Z Collecting iniconfig>=1.0.1 (from pytest)
2026-09-23T08:43:56.1906186Z   Downloading iniconfig-2.3.0-py3-none-any.whl.metadata (2.5 kB)
2026-09-23T08:43:56.2115349Z Collecting packaging>=22 (from pytest)
2026-09-23T08:43:56.2250489Z   Downloading packaging-26.3-py3-none-any.whl.metadata (3.5 kB)
2026-09-23T08:43:56.2431444Z Collecting pluggy<2,>=1.5 (from pytest)
2026-09-23T08:43:56.2565136Z   Downloading pluggy-1.6.0-py3-none-any.whl.metadata (4.8 kB)
2026-09-23T08:43:56.2823112Z Collecting pygments>=2.7.2 (from pytest)
2026-09-23T08:43:56.2960291Z   Downloading pygments-2.21.0-py3-none-any.whl.metadata (2.5 kB)
2026-09-23T08:43:56.3121525Z Downloading pytest-9.1.1-py3-none-any.whl (386 kB)
2026-09-23T08:43:56.3772193Z Downloading pluggy-1.6.0-py3-none-any.whl (20 kB)
2026-09-23T08:43:56.3920527Z Downloading iniconfig-2.3.0-py3-none-any.whl (7.5 kB)
2026-09-23T08:43:56.4052195Z Downloading packaging-26.3-py3-none-any.whl (129 kB)
2026-09-23T08:43:56.4198903Z Downloading pygments-2.21.0-py3-none-any.whl (1.3 MB)
2026-09-23T08:43:56.4594447Z    ââââââââââââââââââââââââââââââââââââââââ 1.3/1.3 MB 39.4 MB/s  0:00:00
2026-09-23T08:43:56.5205482Z Installing collected packages: pygments, pluggy, packaging, iniconfig, pytest
2026-09-23T08:43:57.5245648Z 
2026-09-23T08:43:57.5254069Z Successfully installed iniconfig-2.3.0 packaging-26.3 pluggy-1.6.0 pygments-2.21.0 pytest-9.1.1
2026-09-23T08:43:57.5806348Z ##[group]Run python automation/inject_mutation.py --error-type "ZeroDivisionError"
2026-09-23T08:43:57.5807053Z [36;1mpython automation/inject_mutation.py --error-type "ZeroDivisionError"[0m
2026-09-23T08:43:57.5849478Z shell: /usr/bin/bash -e {0}
2026-09-23T08:43:57.5849779Z env:
2026-09-23T08:43:57.5850327Z   pythonLocation: /opt/hostedtoolcache/Python/3.11.16/x64
2026-09-23T08:43:57.5850836Z   PKG_CONFIG_PATH: /opt/hostedtoolcache/Python/3.11.16/x64/lib/pkgconfig
2026-09-23T08:43:57.5851296Z   Python_ROOT_DIR: /opt/hostedtoolcache/Python/3.11.16/x64
2026-09-23T08:43:57.5851942Z   Python2_ROOT_DIR: /opt/hostedtoolcache/Python/3.11.16/x64
2026-09-23T08:43:57.5852422Z   Python3_ROOT_DIR: /opt/hostedtoolcache/Python/3.11.16/x64
2026-09-23T08:43:57.5852845Z   LD_LIBRARY_PATH: /opt/hostedtoolcache/Python/3.11.16/x64/lib
2026-09-23T08:43:57.5853205Z ##[endgroup]
2026-09-23T08:43:57.6175384Z [Mutation Injected] Successfully injected ZeroDivisionError into tests/test_app.py
2026-09-23T08:43:57.6248344Z ##[group]Run pytest tests/test_app.py -v
2026-09-23T08:43:57.6248726Z [36;1mpytest tests/test_app.py -v[0m
2026-09-23T08:43:57.6287703Z shell: /usr/bin/bash -e {0}
2026-09-23T08:43:57.6287976Z env:
2026-09-23T08:43:57.6288262Z   pythonLocation: /opt/hostedtoolcache/Python/3.11.16/x64
2026-09-23T08:43:57.6288737Z   PKG_CONFIG_PATH: /opt/hostedtoolcache/Python/3.11.16/x64/lib/pkgconfig
2026-09-23T08:43:57.6289175Z   Python_ROOT_DIR: /opt/hostedtoolcache/Python/3.11.16/x64
2026-09-23T08:43:57.6289553Z   Python2_ROOT_DIR: /opt/hostedtoolcache/Python/3.11.16/x64
2026-09-23T08:43:57.6289938Z   Python3_ROOT_DIR: /opt/hostedtoolcache/Python/3.11.16/x64
2026-09-23T08:43:57.6290337Z   LD_LIBRARY_PATH: /opt/hostedtoolcache/Python/3.11.16/x64/lib
2026-09-23T08:43:57.6290680Z ##[endgroup]
2026-09-23T08:43:58.0323218Z ============================= test session starts ==============================
2026-09-23T08:43:58.0324574Z platform linux -- Python 3.11.16, pytest-9.1.1, pluggy-1.6.0 -- /opt/hostedtoolcache/Python/3.11.16/x64/bin/python
2026-09-23T08:43:58.0325463Z cachedir: .pytest_cache
2026-09-23T08:43:58.0325964Z rootdir: /home/runner/work/log-generation/log-generation
2026-09-23T08:43:58.0326576Z configfile: pytest.ini
2026-09-23T08:43:58.0405007Z collecting ... collected 6 items
2026-09-23T08:43:58.0405404Z 
2026-09-23T08:43:58.0413873Z tests/test_app.py::test_calculate_division PASSED                        [ 16%]
2026-09-23T08:43:58.0419624Z tests/test_app.py::test_convert_to_int PASSED                            [ 33%]
2026-09-23T08:43:58.0425987Z tests/test_app.py::test_get_list_item PASSED                             [ 50%]
2026-09-23T08:43:58.0432200Z tests/test_app.py::test_get_dict_value PASSED                            [ 66%]
2026-09-23T08:43:58.0437697Z tests/test_app.py::test_assert_positive PASSED                           [ 83%]
2026-09-23T08:43:58.0728274Z tests/test_app.py::test_zero_division_error FAILED                       [100%]
2026-09-23T08:43:58.0728707Z 
2026-09-23T08:43:58.0728917Z =================================== FAILURES ===================================
2026-09-23T08:43:58.0729408Z ___________________________ test_zero_division_error ___________________________
2026-09-23T08:43:58.0729853Z 
2026-09-23T08:43:58.0730018Z     def test_zero_division_error():
2026-09-23T08:43:58.0730506Z         """Injected synthetic ZeroDivisionError."""
2026-09-23T08:43:58.0731058Z         from src.app import calculate_division
2026-09-23T08:43:58.0731536Z >       calculate_division(42, 0)
2026-09-23T08:43:58.0732041Z 
2026-09-23T08:43:58.0732204Z tests/test_app.py:137: 
2026-09-23T08:43:58.0732710Z _ _ _ _ _ _ _ _ _ _ _ _ _ _ _ _ _ _ _ _ _ _ _ _ _ _ _ _ _ _ _ _ _ _ _ _ _ _ _ _ 
2026-09-23T08:43:58.0733099Z 
2026-09-23T08:43:58.0733252Z a = 42, b = 0
2026-09-23T08:43:58.0733498Z 
2026-09-23T08:43:58.0733659Z     def calculate_division(a, b):
2026-09-23T08:43:58.0734061Z >       return a / b
2026-09-23T08:43:58.0734387Z                ^^^^^
2026-09-23T08:43:58.0734763Z E       ZeroDivisionError: division by zero
2026-09-23T08:43:58.0735081Z 
2026-09-23T08:43:58.0735244Z src/app.py:2: ZeroDivisionError
2026-09-23T08:43:58.0735766Z =========================== short test summary info ============================
2026-09-23T08:43:58.0736634Z FAILED tests/test_app.py::test_zero_division_error - ZeroDivisionError: division by zero
2026-09-23T08:43:58.0737503Z ========================= 1 failed, 5 passed in 0.03s ==========================
2026-09-23T08:43:58.0941225Z ##[error]Process completed with exit code 1.
2026-09-23T08:43:58.1088991Z Node 20 is being deprecated. This workflow is running with Node 24 by default. If you need to temporarily use Node 20, you can set the ACTIONS_ALLOW_USE_UNSECURE_NODE_VERSION=true environment variable. For more information see: https://github.blog/changelog/2025-09-19-deprecation-of-node-20-on-github-actions-runners/
2026-09-23T08:43:58.1090454Z Post job cleanup.
2026-09-23T08:43:58.1947039Z [command]/usr/bin/git version
2026-09-23T08:43:58.1992741Z git version 2.55.0
2026-09-23T08:43:58.2037107Z Temporarily overriding HOME='/home/runner/work/_temp/385091c1-c990-4575-b753-b7bbd7fce7e5' before making global git config changes
2026-09-23T08:43:58.2038584Z Adding repository directory to the temporary git global config as a safe directory
2026-09-23T08:43:58.2042595Z [command]/usr/bin/git config --global --add safe.directory /home/runner/work/log-generation/log-generation
2026-09-23T08:43:58.2084954Z [command]/usr/bin/git config --local --name-only --get-regexp core\.sshCommand
2026-09-23T08:43:58.2122625Z [command]/usr/bin/git submodule foreach --recursive sh -c "git config --local --name-only --get-regexp 'core\.sshCommand' && git config --local --unset-all 'core.sshCommand' || :"
2026-09-23T08:43:58.2392057Z [command]/usr/bin/git config --local --name-only --get-regexp http\.https\:\/\/github\.com\/\.extraheader
2026-09-23T08:43:58.2419831Z http.https://github.com/.extraheader
2026-09-23T08:43:58.2432125Z [command]/usr/bin/git config --local --unset-all http.https://github.com/.extraheader
2026-09-23T08:43:58.2471953Z [command]/usr/bin/git submodule foreach --recursive sh -c "git config --local --name-only --get-regexp 'http\.https\:\/\/github\.com\/\.extraheader' && git config --local --unset-all 'http.https://github.com/.extraheader' || :"
2026-09-23T08:43:58.2754284Z [command]/usr/bin/git config --local --name-only --get-regexp ^includeIf\.gitdir:
2026-09-23T08:43:58.2814646Z [command]/usr/bin/git submodule foreach --recursive git config --local --show-origin --name-only --get-regexp remote.origin.url
2026-09-23T08:43:58.3252536Z Cleaning up orphan processes
2026-09-23T08:43:58.3527279Z ##[warning]Node.js 20 is deprecated. The following actions target Node.js 20 but are being forced to run on Node.js 24: actions/checkout@v4, actions/setup-python@v5. For more information see: https://github.blog/changelog/2025-09-19-deprecation-of-node-20-on-github-actions-runners/
