ï»¿2026-09-23T08:49:07.7287016Z Current runner version: '2.337.0'
2026-09-23T08:49:07.7310623Z ##[group]Runner Image Provisioner
2026-09-23T08:49:07.7311383Z Hosted Compute Agent
2026-09-23T08:49:07.7311869Z Version: 20260828.587
2026-09-23T08:49:07.7312574Z Commit: abac92662cab4cc7352de4f9f9d2e2419aad9c29
2026-09-23T08:49:07.7313166Z Build Date: 2026-08-28T16:44:25Z
2026-09-23T08:49:07.7313695Z Worker ID: {33cbdcc8-0133-40b1-82a2-436ed0cd873c}
2026-09-23T08:49:07.7314352Z Azure Region: westus3
2026-09-23T08:49:07.7314817Z ##[endgroup]
2026-09-23T08:49:07.7316253Z ##[group]Operating System
2026-09-23T08:49:07.7316779Z Ubuntu
2026-09-23T08:49:07.7317198Z 24.04.5
2026-09-23T08:49:07.7317718Z LTS
2026-09-23T08:49:07.7318147Z ##[endgroup]
2026-09-23T08:49:07.7318906Z ##[group]Runner Image
2026-09-23T08:49:07.7319421Z Image: ubuntu-24.04
2026-09-23T08:49:07.7319913Z Version: 20260907.300.1
2026-09-23T08:49:07.7320988Z Included Software: https://github.com/actions/runner-images/blob/ubuntu24/20260907.300/images/ubuntu/Ubuntu2404-Readme.md
2026-09-23T08:49:07.7322371Z Image Release: https://github.com/actions/runner-images/releases/tag/ubuntu24%2F20260907.300
2026-09-23T08:49:07.7323166Z ##[endgroup]
2026-09-23T08:49:07.7324203Z ##[group]GITHUB_TOKEN Permissions
2026-09-23T08:49:07.7326001Z Contents: read
2026-09-23T08:49:07.7326485Z Metadata: read
2026-09-23T08:49:07.7327043Z Packages: read
2026-09-23T08:49:07.7327532Z ##[endgroup]
2026-09-23T08:49:07.7329348Z Secret source: Actions
2026-09-23T08:49:07.7330095Z Cache mode: write
2026-09-23T08:49:07.7330918Z Prepare workflow directory
2026-09-23T08:49:07.7607660Z Prepare all required actions
2026-09-23T08:49:07.7648421Z Getting action download info
2026-09-23T08:49:08.0481534Z Download action repository 'actions/checkout@v4' (SHA:11d5960a326750d5838078e36cf38b85af677262)
2026-09-23T08:49:08.1985355Z Download action repository 'actions/setup-python@v5' (SHA:a26af69be951a213d495a4c3e4e4022e16d87065)
2026-09-23T08:49:08.4082094Z Complete job name: test-f3 (AssertionError #126)
2026-09-23T08:49:08.4667631Z Node 20 is being deprecated. This workflow is running with Node 24 by default. If you need to temporarily use Node 20, you can set the ACTIONS_ALLOW_USE_UNSECURE_NODE_VERSION=true environment variable. For more information see: https://github.blog/changelog/2025-09-19-deprecation-of-node-20-on-github-actions-runners/
2026-09-23T08:49:08.4674557Z ##[group]Run actions/checkout@v4
2026-09-23T08:49:08.4675093Z with:
2026-09-23T08:49:08.4675424Z   fetch-depth: 1
2026-09-23T08:49:08.4675799Z   repository: DhruvHegde/log-generation
2026-09-23T08:49:08.4678908Z   token: ***
2026-09-23T08:49:08.4679247Z   ssh-strict: true
2026-09-23T08:49:08.4679598Z   ssh-user: git
2026-09-23T08:49:08.4679952Z   persist-credentials: true
2026-09-23T08:49:08.4680336Z   clean: true
2026-09-23T08:49:08.4680686Z   sparse-checkout-cone-mode: true
2026-09-23T08:49:08.4681091Z   fetch-tags: false
2026-09-23T08:49:08.4681440Z   show-progress: true
2026-09-23T08:49:08.4681799Z   lfs: false
2026-09-23T08:49:08.4682459Z   submodules: false
2026-09-23T08:49:08.4682835Z   set-safe-directory: true
2026-09-23T08:49:08.4683236Z   allow-unsafe-pr-checkout: false
2026-09-23T08:49:08.4683848Z ##[endgroup]
2026-09-23T08:49:08.5469355Z Syncing repository: DhruvHegde/log-generation
2026-09-23T08:49:08.5471309Z ##[group]Getting Git version info
2026-09-23T08:49:08.5472127Z Working directory is '/home/runner/work/log-generation/log-generation'
2026-09-23T08:49:08.5473339Z [command]/usr/bin/git version
2026-09-23T08:49:08.5525194Z git version 2.55.0
2026-09-23T08:49:08.5544339Z ##[endgroup]
2026-09-23T08:49:08.5568985Z Temporarily overriding HOME='/home/runner/work/_temp/0274bf35-4ecb-44f8-9401-ebc7af89cbfc' before making global git config changes
2026-09-23T08:49:08.5570826Z Adding repository directory to the temporary git global config as a safe directory
2026-09-23T08:49:08.5572580Z [command]/usr/bin/git config --global --add safe.directory /home/runner/work/log-generation/log-generation
2026-09-23T08:49:08.5614167Z Deleting the contents of '/home/runner/work/log-generation/log-generation'
2026-09-23T08:49:08.5621411Z ##[group]Initializing the repository
2026-09-23T08:49:08.5623311Z [command]/usr/bin/git init /home/runner/work/log-generation/log-generation
2026-09-23T08:49:08.5696373Z hint: Using 'master' as the name for the initial branch. This default branch name
2026-09-23T08:49:08.5697400Z hint: will change to "main" in Git 3.0. To configure the initial branch name
2026-09-23T08:49:08.5698623Z hint: to use in all of your new repositories, which will suppress this warning,
2026-09-23T08:49:08.5699356Z hint: call:
2026-09-23T08:49:08.5700031Z hint:
2026-09-23T08:49:08.5700871Z hint: 	git config --global init.defaultBranch <name>
2026-09-23T08:49:08.5703321Z hint:
2026-09-23T08:49:08.5704326Z hint: Names commonly chosen instead of 'master' are 'main', 'trunk' and
2026-09-23T08:49:08.5705693Z hint: 'development'. The just-created branch can be renamed via this command:
2026-09-23T08:49:08.5706753Z hint:
2026-09-23T08:49:08.5707497Z hint: 	git branch -m <name>
2026-09-23T08:49:08.5709210Z hint:
2026-09-23T08:49:08.5710231Z hint: Disable this message with "git config set advice.defaultBranchName false"
2026-09-23T08:49:08.5711695Z Initialized empty Git repository in /home/runner/work/log-generation/log-generation/.git/
2026-09-23T08:49:08.5714630Z [command]/usr/bin/git remote add origin https://github.com/DhruvHegde/log-generation
2026-09-23T08:49:08.5748029Z ##[endgroup]
2026-09-23T08:49:08.5748926Z ##[group]Disabling automatic garbage collection
2026-09-23T08:49:08.5752557Z [command]/usr/bin/git config --local gc.auto 0
2026-09-23T08:49:08.5778402Z ##[endgroup]
2026-09-23T08:49:08.5779273Z ##[group]Setting up auth
2026-09-23T08:49:08.5784630Z [command]/usr/bin/git config --local --name-only --get-regexp core\.sshCommand
2026-09-23T08:49:08.5813633Z [command]/usr/bin/git submodule foreach --recursive sh -c "git config --local --name-only --get-regexp 'core\.sshCommand' && git config --local --unset-all 'core.sshCommand' || :"
2026-09-23T08:49:08.6096963Z [command]/usr/bin/git config --local --name-only --get-regexp http\.https\:\/\/github\.com\/\.extraheader
2026-09-23T08:49:08.6135373Z [command]/usr/bin/git submodule foreach --recursive sh -c "git config --local --name-only --get-regexp 'http\.https\:\/\/github\.com\/\.extraheader' && git config --local --unset-all 'http.https://github.com/.extraheader' || :"
2026-09-23T08:49:08.6321597Z [command]/usr/bin/git config --local --name-only --get-regexp ^includeIf\.gitdir:
2026-09-23T08:49:08.6350828Z [command]/usr/bin/git submodule foreach --recursive git config --local --show-origin --name-only --get-regexp remote.origin.url
2026-09-23T08:49:08.6538837Z [command]/usr/bin/git config --local http.https://github.com/.extraheader AUTHORIZATION: basic ***
2026-09-23T08:49:08.6570434Z ##[endgroup]
2026-09-23T08:49:08.6577881Z ##[group]Fetching the repository
2026-09-23T08:49:08.6580022Z [command]/usr/bin/git -c protocol.version=2 fetch --no-tags --prune --no-recurse-submodules --depth=1 origin +43f20917de93b9aad51cf79a69ad5239c5632917:refs/remotes/origin/feature/f3-test-failures
2026-09-23T08:49:09.4963736Z From https://github.com/DhruvHegde/log-generation
2026-09-23T08:49:09.4965678Z  * [new ref]         43f20917de93b9aad51cf79a69ad5239c5632917 -> origin/feature/f3-test-failures
2026-09-23T08:49:09.4969839Z ##[endgroup]
2026-09-23T08:49:09.4971452Z ##[group]Determining the checkout info
2026-09-23T08:49:09.4973406Z ##[endgroup]
2026-09-23T08:49:09.4974602Z [command]/usr/bin/git sparse-checkout disable
2026-09-23T08:49:09.5014892Z [command]/usr/bin/git config --local --unset-all extensions.worktreeConfig
2026-09-23T08:49:09.5044419Z ##[group]Checking out the ref
2026-09-23T08:49:09.5046286Z [command]/usr/bin/git checkout --progress --force -B feature/f3-test-failures refs/remotes/origin/feature/f3-test-failures
2026-09-23T08:49:09.5354524Z Switched to a new branch 'feature/f3-test-failures'
2026-09-23T08:49:09.5358301Z branch 'feature/f3-test-failures' set up to track 'origin/feature/f3-test-failures'.
2026-09-23T08:49:09.5365189Z ##[endgroup]
2026-09-23T08:49:09.5400955Z [command]/usr/bin/git log -1 --format=%H
2026-09-23T08:49:09.5423663Z 43f20917de93b9aad51cf79a69ad5239c5632917
2026-09-23T08:49:09.5716358Z Node 20 is being deprecated. This workflow is running with Node 24 by default. If you need to temporarily use Node 20, you can set the ACTIONS_ALLOW_USE_UNSECURE_NODE_VERSION=true environment variable. For more information see: https://github.blog/changelog/2025-09-19-deprecation-of-node-20-on-github-actions-runners/
2026-09-23T08:49:09.5720776Z ##[group]Run actions/setup-python@v5
2026-09-23T08:49:09.5721694Z with:
2026-09-23T08:49:09.5722608Z   python-version: 3.11
2026-09-23T08:49:09.5723413Z   check-latest: false
2026-09-23T08:49:09.5730987Z   token: ***
2026-09-23T08:49:09.5731742Z   update-environment: true
2026-09-23T08:49:09.5732994Z   allow-prereleases: false
2026-09-23T08:49:09.5733860Z   freethreaded: false
2026-09-23T08:49:09.5734626Z ##[endgroup]
2026-09-23T08:49:09.6773278Z ##[group]Installed versions
2026-09-23T08:49:09.7829631Z (node:2040) [DEP0040] DeprecationWarning: The `punycode` module is deprecated. Please use a userland alternative instead.
2026-09-23T08:49:09.7830733Z (Use `node --trace-deprecation ...` to show where the warning was created)
2026-09-23T08:49:09.7831328Z Successfully set up CPython (3.11.16)
2026-09-23T08:49:09.7832142Z ##[endgroup]
2026-09-23T08:49:09.7971424Z ##[group]Run pip install --no-cache-dir pytest
2026-09-23T08:49:09.7972232Z [36;1mpip install --no-cache-dir pytest[0m
2026-09-23T08:49:09.8635840Z shell: /usr/bin/bash -e {0}
2026-09-23T08:49:09.8636172Z env:
2026-09-23T08:49:09.8636458Z   pythonLocation: /opt/hostedtoolcache/Python/3.11.16/x64
2026-09-23T08:49:09.8636867Z   PKG_CONFIG_PATH: /opt/hostedtoolcache/Python/3.11.16/x64/lib/pkgconfig
2026-09-23T08:49:09.8637247Z   Python_ROOT_DIR: /opt/hostedtoolcache/Python/3.11.16/x64
2026-09-23T08:49:09.8637584Z   Python2_ROOT_DIR: /opt/hostedtoolcache/Python/3.11.16/x64
2026-09-23T08:49:09.8637927Z   Python3_ROOT_DIR: /opt/hostedtoolcache/Python/3.11.16/x64
2026-09-23T08:49:09.8638295Z   LD_LIBRARY_PATH: /opt/hostedtoolcache/Python/3.11.16/x64/lib
2026-09-23T08:49:09.8695780Z ##[endgroup]
2026-09-23T08:49:12.3249962Z Collecting pytest
2026-09-23T08:49:12.3832233Z   Downloading pytest-9.1.1-py3-none-any.whl.metadata (7.6 kB)
2026-09-23T08:49:12.3906200Z Collecting iniconfig>=1.0.1 (from pytest)
2026-09-23T08:49:12.4007817Z   Downloading iniconfig-2.3.0-py3-none-any.whl.metadata (2.5 kB)
2026-09-23T08:49:12.4090205Z Collecting packaging>=22 (from pytest)
2026-09-23T08:49:12.4192981Z   Downloading packaging-26.3-py3-none-any.whl.metadata (3.5 kB)
2026-09-23T08:49:12.4262321Z Collecting pluggy<2,>=1.5 (from pytest)
2026-09-23T08:49:12.4363146Z   Downloading pluggy-1.6.0-py3-none-any.whl.metadata (4.8 kB)
2026-09-23T08:49:12.4469246Z Collecting pygments>=2.7.2 (from pytest)
2026-09-23T08:49:12.4572709Z   Downloading pygments-2.21.0-py3-none-any.whl.metadata (2.5 kB)
2026-09-23T08:49:12.4692987Z Downloading pytest-9.1.1-py3-none-any.whl (386 kB)
2026-09-23T08:49:12.5135156Z Downloading pluggy-1.6.0-py3-none-any.whl (20 kB)
2026-09-23T08:49:12.5235103Z Downloading iniconfig-2.3.0-py3-none-any.whl (7.5 kB)
2026-09-23T08:49:12.5334743Z Downloading packaging-26.3-py3-none-any.whl (129 kB)
2026-09-23T08:49:12.5445296Z Downloading pygments-2.21.0-py3-none-any.whl (1.3 MB)
2026-09-23T08:49:12.5724082Z    ââââââââââââââââââââââââââââââââââââââââ 1.3/1.3 MB 41.9 MB/s  0:00:00
2026-09-23T08:49:12.7134101Z Installing collected packages: pygments, pluggy, packaging, iniconfig, pytest
2026-09-23T08:49:13.4976523Z 
2026-09-23T08:49:13.4984062Z Successfully installed iniconfig-2.3.0 packaging-26.3 pluggy-1.6.0 pygments-2.21.0 pytest-9.1.1
2026-09-23T08:49:13.5427711Z ##[group]Run python automation/inject_mutation.py --error-type "AssertionError"
2026-09-23T08:49:13.5428218Z [36;1mpython automation/inject_mutation.py --error-type "AssertionError"[0m
2026-09-23T08:49:13.5462410Z shell: /usr/bin/bash -e {0}
2026-09-23T08:49:13.5462647Z env:
2026-09-23T08:49:13.5463097Z   pythonLocation: /opt/hostedtoolcache/Python/3.11.16/x64
2026-09-23T08:49:13.5463463Z   PKG_CONFIG_PATH: /opt/hostedtoolcache/Python/3.11.16/x64/lib/pkgconfig
2026-09-23T08:49:13.5463816Z   Python_ROOT_DIR: /opt/hostedtoolcache/Python/3.11.16/x64
2026-09-23T08:49:13.5464136Z   Python2_ROOT_DIR: /opt/hostedtoolcache/Python/3.11.16/x64
2026-09-23T08:49:13.5464452Z   Python3_ROOT_DIR: /opt/hostedtoolcache/Python/3.11.16/x64
2026-09-23T08:49:13.5464748Z   LD_LIBRARY_PATH: /opt/hostedtoolcache/Python/3.11.16/x64/lib
2026-09-23T08:49:13.5465035Z ##[endgroup]
2026-09-23T08:49:13.5713841Z [Mutation Injected] Successfully injected AssertionError into tests/test_app.py
2026-09-23T08:49:13.5770957Z ##[group]Run pytest tests/test_app.py -v
2026-09-23T08:49:13.5771255Z [36;1mpytest tests/test_app.py -v[0m
2026-09-23T08:49:13.5802453Z shell: /usr/bin/bash -e {0}
2026-09-23T08:49:13.5802669Z env:
2026-09-23T08:49:13.5802899Z   pythonLocation: /opt/hostedtoolcache/Python/3.11.16/x64
2026-09-23T08:49:13.5803267Z   PKG_CONFIG_PATH: /opt/hostedtoolcache/Python/3.11.16/x64/lib/pkgconfig
2026-09-23T08:49:13.5803621Z   Python_ROOT_DIR: /opt/hostedtoolcache/Python/3.11.16/x64
2026-09-23T08:49:13.5803915Z   Python2_ROOT_DIR: /opt/hostedtoolcache/Python/3.11.16/x64
2026-09-23T08:49:13.5804221Z   Python3_ROOT_DIR: /opt/hostedtoolcache/Python/3.11.16/x64
2026-09-23T08:49:13.5804525Z   LD_LIBRARY_PATH: /opt/hostedtoolcache/Python/3.11.16/x64/lib
2026-09-23T08:49:13.5804798Z ##[endgroup]
2026-09-23T08:49:13.8875100Z ============================= test session starts ==============================
2026-09-23T08:49:13.8876143Z platform linux -- Python 3.11.16, pytest-9.1.1, pluggy-1.6.0 -- /opt/hostedtoolcache/Python/3.11.16/x64/bin/python
2026-09-23T08:49:13.8876816Z cachedir: .pytest_cache
2026-09-23T08:49:13.8877190Z rootdir: /home/runner/work/log-generation/log-generation
2026-09-23T08:49:13.8877614Z configfile: pytest.ini
2026-09-23T08:49:13.8942309Z collecting ... collected 6 items
2026-09-23T08:49:13.8942601Z 
2026-09-23T08:49:13.8948440Z tests/test_app.py::test_calculate_division PASSED                        [ 16%]
2026-09-23T08:49:13.8953315Z tests/test_app.py::test_convert_to_int PASSED                            [ 33%]
2026-09-23T08:49:13.8958122Z tests/test_app.py::test_get_list_item PASSED                             [ 50%]
2026-09-23T08:49:13.8962788Z tests/test_app.py::test_get_dict_value PASSED                            [ 66%]
2026-09-23T08:49:13.8967157Z tests/test_app.py::test_assert_positive PASSED                           [ 83%]
2026-09-23T08:49:13.9172890Z tests/test_app.py::test_assertion_failure FAILED                         [100%]
2026-09-23T08:49:13.9173318Z 
2026-09-23T08:49:13.9173514Z =================================== FAILURES ===================================
2026-09-23T08:49:13.9173972Z ____________________________ test_assertion_failure ____________________________
2026-09-23T08:49:13.9174190Z 
2026-09-23T08:49:13.9174281Z     def test_assertion_failure():
2026-09-23T08:49:13.9174519Z         """Injected synthetic AssertionError."""
2026-09-23T08:49:13.9174781Z         expected_status = 200
2026-09-23T08:49:13.9174990Z         actual_status = 500
2026-09-23T08:49:13.9175356Z >       assert actual_status == expected_status, f"Expected {expected_status}, received {actual_status}"
2026-09-23T08:49:13.9175755Z E       AssertionError: Expected 200, received 500
2026-09-23T08:49:13.9175997Z E       assert 500 == 200
2026-09-23T08:49:13.9176136Z 
2026-09-23T08:49:13.9176233Z tests/test_app.py:140: AssertionError
2026-09-23T08:49:13.9176499Z =========================== short test summary info ============================
2026-09-23T08:49:13.9176926Z FAILED tests/test_app.py::test_assertion_failure - AssertionError: Expected 200, received 500
2026-09-23T08:49:13.9177273Z assert 500 == 200
2026-09-23T08:49:13.9177496Z ========================= 1 failed, 5 passed in 0.02s ==========================
2026-09-23T08:49:13.9336454Z ##[error]Process completed with exit code 1.
2026-09-23T08:49:13.9451574Z Node 20 is being deprecated. This workflow is running with Node 24 by default. If you need to temporarily use Node 20, you can set the ACTIONS_ALLOW_USE_UNSECURE_NODE_VERSION=true environment variable. For more information see: https://github.blog/changelog/2025-09-19-deprecation-of-node-20-on-github-actions-runners/
2026-09-23T08:49:13.9452881Z Post job cleanup.
2026-09-23T08:49:14.0108634Z [command]/usr/bin/git version
2026-09-23T08:49:14.0144074Z git version 2.55.0
2026-09-23T08:49:14.0175929Z Temporarily overriding HOME='/home/runner/work/_temp/62e50263-3ff8-422f-a5bf-c8d47a256f5e' before making global git config changes
2026-09-23T08:49:14.0176686Z Adding repository directory to the temporary git global config as a safe directory
2026-09-23T08:49:14.0180493Z [command]/usr/bin/git config --global --add safe.directory /home/runner/work/log-generation/log-generation
2026-09-23T08:49:14.0214712Z [command]/usr/bin/git config --local --name-only --get-regexp core\.sshCommand
2026-09-23T08:49:14.0243819Z [command]/usr/bin/git submodule foreach --recursive sh -c "git config --local --name-only --get-regexp 'core\.sshCommand' && git config --local --unset-all 'core.sshCommand' || :"
2026-09-23T08:49:14.0458959Z [command]/usr/bin/git config --local --name-only --get-regexp http\.https\:\/\/github\.com\/\.extraheader
2026-09-23T08:49:14.0481149Z http.https://github.com/.extraheader
2026-09-23T08:49:14.0491122Z [command]/usr/bin/git config --local --unset-all http.https://github.com/.extraheader
2026-09-23T08:49:14.0519468Z [command]/usr/bin/git submodule foreach --recursive sh -c "git config --local --name-only --get-regexp 'http\.https\:\/\/github\.com\/\.extraheader' && git config --local --unset-all 'http.https://github.com/.extraheader' || :"
2026-09-23T08:49:14.0739956Z [command]/usr/bin/git config --local --name-only --get-regexp ^includeIf\.gitdir:
2026-09-23T08:49:14.0772028Z [command]/usr/bin/git submodule foreach --recursive git config --local --show-origin --name-only --get-regexp remote.origin.url
2026-09-23T08:49:14.1097543Z Cleaning up orphan processes
2026-09-23T08:49:14.1333616Z ##[warning]Node.js 20 is deprecated. The following actions target Node.js 20 but are being forced to run on Node.js 24: actions/checkout@v4, actions/setup-python@v5. For more information see: https://github.blog/changelog/2025-09-19-deprecation-of-node-20-on-github-actions-runners/
