ï»¿2026-09-23T08:50:17.0658702Z Current runner version: '2.337.0'
2026-09-23T08:50:17.0686593Z ##[group]Runner Image Provisioner
2026-09-23T08:50:17.0687507Z Hosted Compute Agent
2026-09-23T08:50:17.0688130Z Version: 20260828.587
2026-09-23T08:50:17.0688912Z Commit: abac92662cab4cc7352de4f9f9d2e2419aad9c29
2026-09-23T08:50:17.0689648Z Build Date: 2026-08-28T16:44:25Z
2026-09-23T08:50:17.0690291Z Worker ID: {ea816183-c32a-4094-a975-c94a6922f0ae}
2026-09-23T08:50:17.0691212Z Azure Region: westcentralus
2026-09-23T08:50:17.0691853Z ##[endgroup]
2026-09-23T08:50:17.0693676Z ##[group]Operating System
2026-09-23T08:50:17.0694344Z Ubuntu
2026-09-23T08:50:17.0694849Z 24.04.5
2026-09-23T08:50:17.0695472Z LTS
2026-09-23T08:50:17.0695988Z ##[endgroup]
2026-09-23T08:50:17.0696872Z ##[group]Runner Image
2026-09-23T08:50:17.0697515Z Image: ubuntu-24.04
2026-09-23T08:50:17.0698071Z Version: 20260907.300.1
2026-09-23T08:50:17.0699436Z Included Software: https://github.com/actions/runner-images/blob/ubuntu24/20260907.300/images/ubuntu/Ubuntu2404-Readme.md
2026-09-23T08:50:17.0701103Z Image Release: https://github.com/actions/runner-images/releases/tag/ubuntu24%2F20260907.300
2026-09-23T08:50:17.0702084Z ##[endgroup]
2026-09-23T08:50:17.0703289Z ##[group]GITHUB_TOKEN Permissions
2026-09-23T08:50:17.0705567Z Contents: read
2026-09-23T08:50:17.0706150Z Metadata: read
2026-09-23T08:50:17.0706732Z Packages: read
2026-09-23T08:50:17.0707272Z ##[endgroup]
2026-09-23T08:50:17.0709474Z Secret source: Actions
2026-09-23T08:50:17.0710400Z Cache mode: write
2026-09-23T08:50:17.0711591Z Prepare workflow directory
2026-09-23T08:50:17.1029788Z Prepare all required actions
2026-09-23T08:50:17.1080668Z Getting action download info
2026-09-23T08:50:17.4289893Z Download action repository 'actions/checkout@v4' (SHA:11d5960a326750d5838078e36cf38b85af677262)
2026-09-23T08:50:17.5301656Z Download action repository 'actions/setup-python@v5' (SHA:a26af69be951a213d495a4c3e4e4022e16d87065)
2026-09-23T08:50:17.7669331Z Complete job name: test-f3 (AttributeError #210)
2026-09-23T08:50:17.8380863Z Node 20 is being deprecated. This workflow is running with Node 24 by default. If you need to temporarily use Node 20, you can set the ACTIONS_ALLOW_USE_UNSECURE_NODE_VERSION=true environment variable. For more information see: https://github.blog/changelog/2025-09-19-deprecation-of-node-20-on-github-actions-runners/
2026-09-23T08:50:17.8389683Z ##[group]Run actions/checkout@v4
2026-09-23T08:50:17.8390489Z with:
2026-09-23T08:50:17.8391200Z   fetch-depth: 1
2026-09-23T08:50:17.8391782Z   repository: DhruvHegde/log-generation
2026-09-23T08:50:17.8396055Z   token: ***
2026-09-23T08:50:17.8396569Z   ssh-strict: true
2026-09-23T08:50:17.8397107Z   ssh-user: git
2026-09-23T08:50:17.8397647Z   persist-credentials: true
2026-09-23T08:50:17.8398185Z   clean: true
2026-09-23T08:50:17.8398757Z   sparse-checkout-cone-mode: true
2026-09-23T08:50:17.8399427Z   fetch-tags: false
2026-09-23T08:50:17.8400354Z   show-progress: true
2026-09-23T08:50:17.8401099Z   lfs: false
2026-09-23T08:50:17.8401918Z   submodules: false
2026-09-23T08:50:17.8402530Z   set-safe-directory: true
2026-09-23T08:50:17.8403174Z   allow-unsafe-pr-checkout: false
2026-09-23T08:50:17.8404666Z ##[endgroup]
2026-09-23T08:50:17.9459246Z Syncing repository: DhruvHegde/log-generation
2026-09-23T08:50:17.9461971Z ##[group]Getting Git version info
2026-09-23T08:50:17.9462852Z Working directory is '/home/runner/work/log-generation/log-generation'
2026-09-23T08:50:17.9464120Z [command]/usr/bin/git version
2026-09-23T08:50:17.9536185Z git version 2.55.0
2026-09-23T08:50:17.9557158Z ##[endgroup]
2026-09-23T08:50:17.9572461Z Temporarily overriding HOME='/home/runner/work/_temp/a9d81125-9c01-4142-b305-f9b79094b9ae' before making global git config changes
2026-09-23T08:50:17.9578209Z Adding repository directory to the temporary git global config as a safe directory
2026-09-23T08:50:17.9580036Z [command]/usr/bin/git config --global --add safe.directory /home/runner/work/log-generation/log-generation
2026-09-23T08:50:17.9632813Z Deleting the contents of '/home/runner/work/log-generation/log-generation'
2026-09-23T08:50:17.9641021Z ##[group]Initializing the repository
2026-09-23T08:50:17.9642540Z [command]/usr/bin/git init /home/runner/work/log-generation/log-generation
2026-09-23T08:50:17.9742374Z hint: Using 'master' as the name for the initial branch. This default branch name
2026-09-23T08:50:17.9744207Z hint: will change to "main" in Git 3.0. To configure the initial branch name
2026-09-23T08:50:17.9746923Z hint: to use in all of your new repositories, which will suppress this warning,
2026-09-23T08:50:17.9748528Z hint: call:
2026-09-23T08:50:17.9749599Z hint:
2026-09-23T08:50:17.9751316Z hint: 	git config --global init.defaultBranch <name>
2026-09-23T08:50:17.9752659Z hint:
2026-09-23T08:50:17.9754193Z hint: Names commonly chosen instead of 'master' are 'main', 'trunk' and
2026-09-23T08:50:17.9756534Z hint: 'development'. The just-created branch can be renamed via this command:
2026-09-23T08:50:17.9758265Z hint:
2026-09-23T08:50:17.9759694Z hint: 	git branch -m <name>
2026-09-23T08:50:17.9761555Z hint:
2026-09-23T08:50:17.9763146Z hint: Disable this message with "git config set advice.defaultBranchName false"
2026-09-23T08:50:17.9765676Z Initialized empty Git repository in /home/runner/work/log-generation/log-generation/.git/
2026-09-23T08:50:17.9770040Z [command]/usr/bin/git remote add origin https://github.com/DhruvHegde/log-generation
2026-09-23T08:50:17.9804969Z ##[endgroup]
2026-09-23T08:50:17.9806340Z ##[group]Disabling automatic garbage collection
2026-09-23T08:50:17.9808800Z [command]/usr/bin/git config --local gc.auto 0
2026-09-23T08:50:17.9852329Z ##[endgroup]
2026-09-23T08:50:17.9853820Z ##[group]Setting up auth
2026-09-23T08:50:17.9859925Z [command]/usr/bin/git config --local --name-only --get-regexp core\.sshCommand
2026-09-23T08:50:17.9893881Z [command]/usr/bin/git submodule foreach --recursive sh -c "git config --local --name-only --get-regexp 'core\.sshCommand' && git config --local --unset-all 'core.sshCommand' || :"
2026-09-23T08:50:18.0255646Z [command]/usr/bin/git config --local --name-only --get-regexp http\.https\:\/\/github\.com\/\.extraheader
2026-09-23T08:50:18.0301782Z [command]/usr/bin/git submodule foreach --recursive sh -c "git config --local --name-only --get-regexp 'http\.https\:\/\/github\.com\/\.extraheader' && git config --local --unset-all 'http.https://github.com/.extraheader' || :"
2026-09-23T08:50:18.0544825Z [command]/usr/bin/git config --local --name-only --get-regexp ^includeIf\.gitdir:
2026-09-23T08:50:18.0577483Z [command]/usr/bin/git submodule foreach --recursive git config --local --show-origin --name-only --get-regexp remote.origin.url
2026-09-23T08:50:18.0776201Z [command]/usr/bin/git config --local http.https://github.com/.extraheader AUTHORIZATION: basic ***
2026-09-23T08:50:18.0811828Z ##[endgroup]
2026-09-23T08:50:18.0822958Z ##[group]Fetching the repository
2026-09-23T08:50:18.0825261Z [command]/usr/bin/git -c protocol.version=2 fetch --no-tags --prune --no-recurse-submodules --depth=1 origin +43f20917de93b9aad51cf79a69ad5239c5632917:refs/remotes/origin/feature/f3-test-failures
2026-09-23T08:50:18.8095514Z From https://github.com/DhruvHegde/log-generation
2026-09-23T08:50:18.8098413Z  * [new ref]         43f20917de93b9aad51cf79a69ad5239c5632917 -> origin/feature/f3-test-failures
2026-09-23T08:50:18.8105528Z ##[endgroup]
2026-09-23T08:50:18.8108064Z ##[group]Determining the checkout info
2026-09-23T08:50:18.8111089Z ##[endgroup]
2026-09-23T08:50:18.8112722Z [command]/usr/bin/git sparse-checkout disable
2026-09-23T08:50:18.8162477Z [command]/usr/bin/git config --local --unset-all extensions.worktreeConfig
2026-09-23T08:50:18.8204672Z ##[group]Checking out the ref
2026-09-23T08:50:18.8213464Z [command]/usr/bin/git checkout --progress --force -B feature/f3-test-failures refs/remotes/origin/feature/f3-test-failures
2026-09-23T08:50:18.8544724Z Switched to a new branch 'feature/f3-test-failures'
2026-09-23T08:50:18.8552044Z branch 'feature/f3-test-failures' set up to track 'origin/feature/f3-test-failures'.
2026-09-23T08:50:18.8558461Z ##[endgroup]
2026-09-23T08:50:18.8609843Z [command]/usr/bin/git log -1 --format=%H
2026-09-23T08:50:18.8635587Z 43f20917de93b9aad51cf79a69ad5239c5632917
2026-09-23T08:50:18.9016795Z Node 20 is being deprecated. This workflow is running with Node 24 by default. If you need to temporarily use Node 20, you can set the ACTIONS_ALLOW_USE_UNSECURE_NODE_VERSION=true environment variable. For more information see: https://github.blog/changelog/2025-09-19-deprecation-of-node-20-on-github-actions-runners/
2026-09-23T08:50:18.9023293Z ##[group]Run actions/setup-python@v5
2026-09-23T08:50:18.9024534Z with:
2026-09-23T08:50:18.9025537Z   python-version: 3.11
2026-09-23T08:50:18.9026616Z   check-latest: false
2026-09-23T08:50:18.9037166Z   token: ***
2026-09-23T08:50:18.9038208Z   update-environment: true
2026-09-23T08:50:18.9039428Z   allow-prereleases: false
2026-09-23T08:50:18.9040524Z   freethreaded: false
2026-09-23T08:50:18.9041693Z ##[endgroup]
2026-09-23T08:50:19.0428525Z ##[group]Installed versions
2026-09-23T08:50:19.0558007Z (node:2234) [DEP0040] DeprecationWarning: The `punycode` module is deprecated. Please use a userland alternative instead.
2026-09-23T08:50:19.0559908Z (Use `node --trace-deprecation ...` to show where the warning was created)
2026-09-23T08:50:19.0561067Z Successfully set up CPython (3.11.16)
2026-09-23T08:50:19.0562195Z ##[endgroup]
2026-09-23T08:50:19.0704999Z ##[group]Run pip install --no-cache-dir pytest
2026-09-23T08:50:19.0705993Z [36;1mpip install --no-cache-dir pytest[0m
2026-09-23T08:50:19.0751909Z shell: /usr/bin/bash -e {0}
2026-09-23T08:50:19.0752605Z env:
2026-09-23T08:50:19.0753445Z   pythonLocation: /opt/hostedtoolcache/Python/3.11.16/x64
2026-09-23T08:50:19.0754357Z   PKG_CONFIG_PATH: /opt/hostedtoolcache/Python/3.11.16/x64/lib/pkgconfig
2026-09-23T08:50:19.0755315Z   Python_ROOT_DIR: /opt/hostedtoolcache/Python/3.11.16/x64
2026-09-23T08:50:19.0756137Z   Python2_ROOT_DIR: /opt/hostedtoolcache/Python/3.11.16/x64
2026-09-23T08:50:19.0756949Z   Python3_ROOT_DIR: /opt/hostedtoolcache/Python/3.11.16/x64
2026-09-23T08:50:19.0757843Z   LD_LIBRARY_PATH: /opt/hostedtoolcache/Python/3.11.16/x64/lib
2026-09-23T08:50:19.0758568Z ##[endgroup]
2026-09-23T08:50:20.1057130Z Collecting pytest
2026-09-23T08:50:20.2009706Z   Downloading pytest-9.1.1-py3-none-any.whl.metadata (7.6 kB)
2026-09-23T08:50:20.2253123Z Collecting iniconfig>=1.0.1 (from pytest)
2026-09-23T08:50:20.2444368Z   Downloading iniconfig-2.3.0-py3-none-any.whl.metadata (2.5 kB)
2026-09-23T08:50:20.2702510Z Collecting packaging>=22 (from pytest)
2026-09-23T08:50:20.2896892Z   Downloading packaging-26.3-py3-none-any.whl.metadata (3.5 kB)
2026-09-23T08:50:20.3133418Z Collecting pluggy<2,>=1.5 (from pytest)
2026-09-23T08:50:20.3323378Z   Downloading pluggy-1.6.0-py3-none-any.whl.metadata (4.8 kB)
2026-09-23T08:50:20.3617406Z Collecting pygments>=2.7.2 (from pytest)
2026-09-23T08:50:20.3815406Z   Downloading pygments-2.21.0-py3-none-any.whl.metadata (2.5 kB)
2026-09-23T08:50:20.4032970Z Downloading pytest-9.1.1-py3-none-any.whl (386 kB)
2026-09-23T08:50:20.4883433Z Downloading pluggy-1.6.0-py3-none-any.whl (20 kB)
2026-09-23T08:50:20.5075693Z Downloading iniconfig-2.3.0-py3-none-any.whl (7.5 kB)
2026-09-23T08:50:20.5267581Z Downloading packaging-26.3-py3-none-any.whl (129 kB)
2026-09-23T08:50:20.5474338Z Downloading pygments-2.21.0-py3-none-any.whl (1.3 MB)
2026-09-23T08:50:20.6010864Z    ââââââââââââââââââââââââââââââââââââââââ 1.3/1.3 MB 21.0 MB/s  0:00:00
2026-09-23T08:50:20.6715523Z Installing collected packages: pygments, pluggy, packaging, iniconfig, pytest
2026-09-23T08:50:21.5232498Z 
2026-09-23T08:50:21.5242181Z Successfully installed iniconfig-2.3.0 packaging-26.3 pluggy-1.6.0 pygments-2.21.0 pytest-9.1.1
2026-09-23T08:50:21.5954850Z ##[group]Run python automation/inject_mutation.py --error-type "AttributeError"
2026-09-23T08:50:21.5955582Z [36;1mpython automation/inject_mutation.py --error-type "AttributeError"[0m
2026-09-23T08:50:21.5983134Z shell: /usr/bin/bash -e {0}
2026-09-23T08:50:21.5983526Z env:
2026-09-23T08:50:21.5984322Z   pythonLocation: /opt/hostedtoolcache/Python/3.11.16/x64
2026-09-23T08:50:21.5984979Z   PKG_CONFIG_PATH: /opt/hostedtoolcache/Python/3.11.16/x64/lib/pkgconfig
2026-09-23T08:50:21.5985583Z   Python_ROOT_DIR: /opt/hostedtoolcache/Python/3.11.16/x64
2026-09-23T08:50:21.5986172Z   Python2_ROOT_DIR: /opt/hostedtoolcache/Python/3.11.16/x64
2026-09-23T08:50:21.5986689Z   Python3_ROOT_DIR: /opt/hostedtoolcache/Python/3.11.16/x64
2026-09-23T08:50:21.5987261Z   LD_LIBRARY_PATH: /opt/hostedtoolcache/Python/3.11.16/x64/lib
2026-09-23T08:50:21.5987973Z ##[endgroup]
2026-09-23T08:50:21.6280658Z [Mutation Injected] Successfully injected AttributeError into tests/test_app.py
2026-09-23T08:50:21.6361767Z ##[group]Run pytest tests/test_app.py -v
2026-09-23T08:50:21.6362313Z [36;1mpytest tests/test_app.py -v[0m
2026-09-23T08:50:21.6389879Z shell: /usr/bin/bash -e {0}
2026-09-23T08:50:21.6390335Z env:
2026-09-23T08:50:21.6390726Z   pythonLocation: /opt/hostedtoolcache/Python/3.11.16/x64
2026-09-23T08:50:21.6391515Z   PKG_CONFIG_PATH: /opt/hostedtoolcache/Python/3.11.16/x64/lib/pkgconfig
2026-09-23T08:50:21.6392118Z   Python_ROOT_DIR: /opt/hostedtoolcache/Python/3.11.16/x64
2026-09-23T08:50:21.6392615Z   Python2_ROOT_DIR: /opt/hostedtoolcache/Python/3.11.16/x64
2026-09-23T08:50:21.6393092Z   Python3_ROOT_DIR: /opt/hostedtoolcache/Python/3.11.16/x64
2026-09-23T08:50:21.6393615Z   LD_LIBRARY_PATH: /opt/hostedtoolcache/Python/3.11.16/x64/lib
2026-09-23T08:50:21.6394006Z ##[endgroup]
2026-09-23T08:50:22.1069957Z ============================= test session starts ==============================
2026-09-23T08:50:22.1071506Z platform linux -- Python 3.11.16, pytest-9.1.1, pluggy-1.6.0 -- /opt/hostedtoolcache/Python/3.11.16/x64/bin/python
2026-09-23T08:50:22.1149410Z cachedir: .pytest_cache
2026-09-23T08:50:22.1150157Z rootdir: /home/runner/work/log-generation/log-generation
2026-09-23T08:50:22.1150586Z configfile: pytest.ini
2026-09-23T08:50:22.1151090Z collecting ... collected 6 items
2026-09-23T08:50:22.1156001Z 
2026-09-23T08:50:22.1156568Z tests/test_app.py::test_calculate_division PASSED                        [ 16%]
2026-09-23T08:50:22.1162069Z tests/test_app.py::test_convert_to_int PASSED                            [ 33%]
2026-09-23T08:50:22.1167699Z tests/test_app.py::test_get_list_item PASSED                             [ 50%]
2026-09-23T08:50:22.1172655Z tests/test_app.py::test_get_dict_value PASSED                            [ 66%]
2026-09-23T08:50:22.1177449Z tests/test_app.py::test_assert_positive PASSED                           [ 83%]
2026-09-23T08:50:22.1432283Z tests/test_app.py::test_attribute_error FAILED                           [100%]
2026-09-23T08:50:22.1433213Z 
2026-09-23T08:50:22.1433770Z =================================== FAILURES ===================================
2026-09-23T08:50:22.1434467Z _____________________________ test_attribute_error _____________________________
2026-09-23T08:50:22.1434791Z 
2026-09-23T08:50:22.1434992Z     def test_attribute_error():
2026-09-23T08:50:22.1435431Z         """Injected synthetic AttributeError."""
2026-09-23T08:50:22.1435878Z         from src.app import get_object_attribute
2026-09-23T08:50:22.1436270Z >       get_object_attribute(object())
2026-09-23T08:50:22.1436559Z 
2026-09-23T08:50:22.1436725Z tests/test_app.py:139: 
2026-09-23T08:50:22.1437085Z _ _ _ _ _ _ _ _ _ _ _ _ _ _ _ _ _ _ _ _ _ _ _ _ _ _ _ _ _ _ _ _ _ _ _ _ _ _ _ _ 
2026-09-23T08:50:22.1437360Z 
2026-09-23T08:50:22.1437573Z obj = <object object at 0x7ffa39185370>
2026-09-23T08:50:22.1437780Z 
2026-09-23T08:50:22.1437963Z     def get_object_attribute(obj):
2026-09-23T08:50:22.1438336Z >       return obj.non_existent_attribute
2026-09-23T08:50:22.1438744Z                ^^^^^^^^^^^^^^^^^^^^^^^^^^
2026-09-23T08:50:22.1439213Z E       AttributeError: 'object' object has no attribute 'non_existent_attribute'
2026-09-23T08:50:22.1439568Z 
2026-09-23T08:50:22.1439760Z src/app.py:14: AttributeError
2026-09-23T08:50:22.1440156Z =========================== short test summary info ============================
2026-09-23T08:50:22.1441456Z FAILED tests/test_app.py::test_attribute_error - AttributeError: 'object' object has no attribute 'non_existent_attribute'
2026-09-23T08:50:22.1442143Z ========================= 1 failed, 5 passed in 0.02s ==========================
2026-09-23T08:50:22.1655484Z ##[error]Process completed with exit code 1.
2026-09-23T08:50:22.1807832Z Node 20 is being deprecated. This workflow is running with Node 24 by default. If you need to temporarily use Node 20, you can set the ACTIONS_ALLOW_USE_UNSECURE_NODE_VERSION=true environment variable. For more information see: https://github.blog/changelog/2025-09-19-deprecation-of-node-20-on-github-actions-runners/
2026-09-23T08:50:22.1809050Z Post job cleanup.
2026-09-23T08:50:22.2654125Z [command]/usr/bin/git version
2026-09-23T08:50:22.2690016Z git version 2.55.0
2026-09-23T08:50:22.2722700Z Temporarily overriding HOME='/home/runner/work/_temp/69fbd0b3-fe4d-444c-af87-fa1fcaf1faa9' before making global git config changes
2026-09-23T08:50:22.2724159Z Adding repository directory to the temporary git global config as a safe directory
2026-09-23T08:50:22.2727096Z [command]/usr/bin/git config --global --add safe.directory /home/runner/work/log-generation/log-generation
2026-09-23T08:50:22.2766567Z [command]/usr/bin/git config --local --name-only --get-regexp core\.sshCommand
2026-09-23T08:50:22.2799247Z [command]/usr/bin/git submodule foreach --recursive sh -c "git config --local --name-only --get-regexp 'core\.sshCommand' && git config --local --unset-all 'core.sshCommand' || :"
2026-09-23T08:50:22.3025239Z [command]/usr/bin/git config --local --name-only --get-regexp http\.https\:\/\/github\.com\/\.extraheader
2026-09-23T08:50:22.3051869Z http.https://github.com/.extraheader
2026-09-23T08:50:22.3065294Z [command]/usr/bin/git config --local --unset-all http.https://github.com/.extraheader
2026-09-23T08:50:22.3101340Z [command]/usr/bin/git submodule foreach --recursive sh -c "git config --local --name-only --get-regexp 'http\.https\:\/\/github\.com\/\.extraheader' && git config --local --unset-all 'http.https://github.com/.extraheader' || :"
2026-09-23T08:50:22.3318541Z [command]/usr/bin/git config --local --name-only --get-regexp ^includeIf\.gitdir:
2026-09-23T08:50:22.3349119Z [command]/usr/bin/git submodule foreach --recursive git config --local --show-origin --name-only --get-regexp remote.origin.url
2026-09-23T08:50:22.3718029Z Cleaning up orphan processes
2026-09-23T08:50:22.3943785Z ##[warning]Node.js 20 is deprecated. The following actions target Node.js 20 but are being forced to run on Node.js 24: actions/checkout@v4, actions/setup-python@v5. For more information see: https://github.blog/changelog/2025-09-19-deprecation-of-node-20-on-github-actions-runners/
