ï»¿2026-09-23T08:44:46.1317887Z Current runner version: '2.337.0'
2026-09-23T08:44:46.1337524Z ##[group]Runner Image Provisioner
2026-09-23T08:44:46.1338078Z Hosted Compute Agent
2026-09-23T08:44:46.1338427Z Version: 20260828.587
2026-09-23T08:44:46.1338862Z Commit: abac92662cab4cc7352de4f9f9d2e2419aad9c29
2026-09-23T08:44:46.1339305Z Build Date: 2026-08-28T16:44:25Z
2026-09-23T08:44:46.1339769Z Worker ID: {f230d4cc-67b0-477b-af19-d54482f32463}
2026-09-23T08:44:46.1340208Z Azure Region: centralus
2026-09-23T08:44:46.1340569Z ##[endgroup]
2026-09-23T08:44:46.1341619Z ##[group]Operating System
2026-09-23T08:44:46.1342019Z Ubuntu
2026-09-23T08:44:46.1342406Z 24.04.5
2026-09-23T08:44:46.1342733Z LTS
2026-09-23T08:44:46.1343054Z ##[endgroup]
2026-09-23T08:44:46.1343686Z ##[group]Runner Image
2026-09-23T08:44:46.1344042Z Image: ubuntu-24.04
2026-09-23T08:44:46.1344407Z Version: 20260920.314.1
2026-09-23T08:44:46.1345598Z Included Software: https://github.com/actions/runner-images/blob/ubuntu24/20260920.314/images/ubuntu/Ubuntu2404-Readme.md
2026-09-23T08:44:46.1346511Z Image Release: https://github.com/actions/runner-images/releases/tag/ubuntu24%2F20260920.314
2026-09-23T08:44:46.1347074Z ##[endgroup]
2026-09-23T08:44:46.1347864Z ##[group]GITHUB_TOKEN Permissions
2026-09-23T08:44:46.1349309Z Contents: read
2026-09-23T08:44:46.1349650Z Metadata: read
2026-09-23T08:44:46.1350055Z Packages: read
2026-09-23T08:44:46.1350431Z ##[endgroup]
2026-09-23T08:44:46.1351954Z Secret source: Actions
2026-09-23T08:44:46.1352498Z Cache mode: write
2026-09-23T08:44:46.1353178Z Prepare workflow directory
2026-09-23T08:44:46.1577938Z Prepare all required actions
2026-09-23T08:44:46.1609478Z Getting action download info
2026-09-23T08:44:46.4036876Z Download action repository 'actions/checkout@v4' (SHA:11d5960a326750d5838078e36cf38b85af677262)
2026-09-23T08:44:46.6602400Z Download action repository 'actions/setup-python@v5' (SHA:a26af69be951a213d495a4c3e4e4022e16d87065)
2026-09-23T08:44:47.1577248Z Complete job name: test-f3 (AssertionError #153)
2026-09-23T08:44:47.2216540Z Node 20 is being deprecated. This workflow is running with Node 24 by default. If you need to temporarily use Node 20, you can set the ACTIONS_ALLOW_USE_UNSECURE_NODE_VERSION=true environment variable. For more information see: https://github.blog/changelog/2025-09-19-deprecation-of-node-20-on-github-actions-runners/
2026-09-23T08:44:47.2223240Z ##[group]Run actions/checkout@v4
2026-09-23T08:44:47.2224139Z with:
2026-09-23T08:44:47.2224568Z   fetch-depth: 1
2026-09-23T08:44:47.2225266Z   repository: DhruvHegde/log-generation
2026-09-23T08:44:47.2230553Z   token: ***
2026-09-23T08:44:47.2230995Z   ssh-strict: true
2026-09-23T08:44:47.2231467Z   ssh-user: git
2026-09-23T08:44:47.2231935Z   persist-credentials: true
2026-09-23T08:44:47.2232467Z   clean: true
2026-09-23T08:44:47.2232945Z   sparse-checkout-cone-mode: true
2026-09-23T08:44:47.2233507Z   fetch-tags: false
2026-09-23T08:44:47.2233974Z   show-progress: true
2026-09-23T08:44:47.2234464Z   lfs: false
2026-09-23T08:44:47.2235035Z   submodules: false
2026-09-23T08:44:47.2235531Z   set-safe-directory: true
2026-09-23T08:44:47.2236092Z   allow-unsafe-pr-checkout: false
2026-09-23T08:44:47.2236794Z ##[endgroup]
2026-09-23T08:44:47.2971775Z Syncing repository: DhruvHegde/log-generation
2026-09-23T08:44:47.2973992Z ##[group]Getting Git version info
2026-09-23T08:44:47.2974909Z Working directory is '/home/runner/work/log-generation/log-generation'
2026-09-23T08:44:47.2976432Z [command]/usr/bin/git version
2026-09-23T08:44:47.3046736Z git version 2.55.0
2026-09-23T08:44:47.3062795Z ##[endgroup]
2026-09-23T08:44:47.3076475Z Temporarily overriding HOME='/home/runner/work/_temp/e4239074-7d1c-4d65-8796-b54304bd2fd3' before making global git config changes
2026-09-23T08:44:47.3078897Z Adding repository directory to the temporary git global config as a safe directory
2026-09-23T08:44:47.3081455Z [command]/usr/bin/git config --global --add safe.directory /home/runner/work/log-generation/log-generation
2026-09-23T08:44:47.3549215Z Deleting the contents of '/home/runner/work/log-generation/log-generation'
2026-09-23T08:44:47.3551874Z ##[group]Initializing the repository
2026-09-23T08:44:47.3555539Z [command]/usr/bin/git init /home/runner/work/log-generation/log-generation
2026-09-23T08:44:47.4842948Z hint: Using 'master' as the name for the initial branch. This default branch name
2026-09-23T08:44:47.4844828Z hint: will change to "main" in Git 3.0. To configure the initial branch name
2026-09-23T08:44:47.4846522Z hint: to use in all of your new repositories, which will suppress this warning,
2026-09-23T08:44:47.4847675Z hint: call:
2026-09-23T08:44:47.4848238Z hint:
2026-09-23T08:44:47.4849018Z hint: 	git config --global init.defaultBranch <name>
2026-09-23T08:44:47.4849958Z hint:
2026-09-23T08:44:47.4850824Z hint: Names commonly chosen instead of 'master' are 'main', 'trunk' and
2026-09-23T08:44:47.4852338Z hint: 'development'. The just-created branch can be renamed via this command:
2026-09-23T08:44:47.4853489Z hint:
2026-09-23T08:44:47.4854119Z hint: 	git branch -m <name>
2026-09-23T08:44:47.4854810Z hint:
2026-09-23T08:44:47.4856634Z hint: Disable this message with "git config set advice.defaultBranchName false"
2026-09-23T08:44:47.4858300Z Initialized empty Git repository in /home/runner/work/log-generation/log-generation/.git/
2026-09-23T08:44:47.4863869Z [command]/usr/bin/git remote add origin https://github.com/DhruvHegde/log-generation
2026-09-23T08:44:47.5143619Z ##[endgroup]
2026-09-23T08:44:47.5144540Z ##[group]Disabling automatic garbage collection
2026-09-23T08:44:47.5147031Z [command]/usr/bin/git config --local gc.auto 0
2026-09-23T08:44:47.5232357Z ##[endgroup]
2026-09-23T08:44:47.5232908Z ##[group]Setting up auth
2026-09-23T08:44:47.5239441Z [command]/usr/bin/git config --local --name-only --get-regexp core\.sshCommand
2026-09-23T08:44:47.5272271Z [command]/usr/bin/git submodule foreach --recursive sh -c "git config --local --name-only --get-regexp 'core\.sshCommand' && git config --local --unset-all 'core.sshCommand' || :"
2026-09-23T08:44:47.5675301Z [command]/usr/bin/git config --local --name-only --get-regexp http\.https\:\/\/github\.com\/\.extraheader
2026-09-23T08:44:47.5704357Z [command]/usr/bin/git submodule foreach --recursive sh -c "git config --local --name-only --get-regexp 'http\.https\:\/\/github\.com\/\.extraheader' && git config --local --unset-all 'http.https://github.com/.extraheader' || :"
2026-09-23T08:44:47.5886213Z [command]/usr/bin/git config --local --name-only --get-regexp ^includeIf\.gitdir:
2026-09-23T08:44:47.5916656Z [command]/usr/bin/git submodule foreach --recursive git config --local --show-origin --name-only --get-regexp remote.origin.url
2026-09-23T08:44:47.6094205Z [command]/usr/bin/git config --local http.https://github.com/.extraheader AUTHORIZATION: basic ***
2026-09-23T08:44:47.6141248Z ##[endgroup]
2026-09-23T08:44:47.6142121Z ##[group]Fetching the repository
2026-09-23T08:44:47.6149373Z [command]/usr/bin/git -c protocol.version=2 fetch --no-tags --prune --no-recurse-submodules --depth=1 origin +dfcb6f158e4bd8054252a4da5d0a9edc2ab15d57:refs/remotes/origin/feature/f3-test-failures
2026-09-23T08:44:47.9482784Z From https://github.com/DhruvHegde/log-generation
2026-09-23T08:44:47.9484302Z  * [new ref]         dfcb6f158e4bd8054252a4da5d0a9edc2ab15d57 -> origin/feature/f3-test-failures
2026-09-23T08:44:47.9486653Z ##[endgroup]
2026-09-23T08:44:47.9487458Z ##[group]Determining the checkout info
2026-09-23T08:44:47.9488695Z ##[endgroup]
2026-09-23T08:44:47.9493169Z [command]/usr/bin/git sparse-checkout disable
2026-09-23T08:44:48.0732576Z [command]/usr/bin/git config --local --unset-all extensions.worktreeConfig
2026-09-23T08:44:48.0931454Z ##[group]Checking out the ref
2026-09-23T08:44:48.0934734Z [command]/usr/bin/git checkout --progress --force -B feature/f3-test-failures refs/remotes/origin/feature/f3-test-failures
2026-09-23T08:44:48.1634449Z Switched to a new branch 'feature/f3-test-failures'
2026-09-23T08:44:48.1635846Z branch 'feature/f3-test-failures' set up to track 'origin/feature/f3-test-failures'.
2026-09-23T08:44:48.1638422Z ##[endgroup]
2026-09-23T08:44:48.1677164Z [command]/usr/bin/git log -1 --format=%H
2026-09-23T08:44:48.1700116Z dfcb6f158e4bd8054252a4da5d0a9edc2ab15d57
2026-09-23T08:44:48.1997632Z Node 20 is being deprecated. This workflow is running with Node 24 by default. If you need to temporarily use Node 20, you can set the ACTIONS_ALLOW_USE_UNSECURE_NODE_VERSION=true environment variable. For more information see: https://github.blog/changelog/2025-09-19-deprecation-of-node-20-on-github-actions-runners/
2026-09-23T08:44:48.1999932Z ##[group]Run actions/setup-python@v5
2026-09-23T08:44:48.2000349Z with:
2026-09-23T08:44:48.2000706Z   python-version: 3.11
2026-09-23T08:44:48.2001082Z   check-latest: false
2026-09-23T08:44:48.2003763Z   token: ***
2026-09-23T08:44:48.2004136Z   update-environment: true
2026-09-23T08:44:48.2004574Z   allow-prereleases: false
2026-09-23T08:44:48.2005112Z   freethreaded: false
2026-09-23T08:44:48.2005471Z ##[endgroup]
2026-09-23T08:44:48.2902269Z ##[group]Installed versions
2026-09-23T08:44:48.3135887Z (node:2023) [DEP0040] DeprecationWarning: The `punycode` module is deprecated. Please use a userland alternative instead.
2026-09-23T08:44:48.3136832Z Successfully set up CPython (3.11.16)
2026-09-23T08:44:48.3137511Z ##[endgroup]
2026-09-23T08:44:48.3159932Z (Use `node --trace-deprecation ...` to show where the warning was created)
2026-09-23T08:44:48.3360147Z ##[group]Run pip install --no-cache-dir pytest
2026-09-23T08:44:48.3360882Z [36;1mpip install --no-cache-dir pytest[0m
2026-09-23T08:44:48.3978764Z shell: /usr/bin/bash -e {0}
2026-09-23T08:44:48.3979125Z env:
2026-09-23T08:44:48.3979446Z   pythonLocation: /opt/hostedtoolcache/Python/3.11.16/x64
2026-09-23T08:44:48.3979854Z   PKG_CONFIG_PATH: /opt/hostedtoolcache/Python/3.11.16/x64/lib/pkgconfig
2026-09-23T08:44:48.3980245Z   Python_ROOT_DIR: /opt/hostedtoolcache/Python/3.11.16/x64
2026-09-23T08:44:48.3980600Z   Python2_ROOT_DIR: /opt/hostedtoolcache/Python/3.11.16/x64
2026-09-23T08:44:48.3980955Z   Python3_ROOT_DIR: /opt/hostedtoolcache/Python/3.11.16/x64
2026-09-23T08:44:48.3981332Z   LD_LIBRARY_PATH: /opt/hostedtoolcache/Python/3.11.16/x64/lib
2026-09-23T08:44:48.3981649Z ##[endgroup]
2026-09-23T08:44:51.7912439Z Collecting pytest
2026-09-23T08:44:51.8679765Z   Downloading pytest-9.1.1-py3-none-any.whl.metadata (7.6 kB)
2026-09-23T08:44:51.8842159Z Collecting iniconfig>=1.0.1 (from pytest)
2026-09-23T08:44:51.8994342Z   Downloading iniconfig-2.3.0-py3-none-any.whl.metadata (2.5 kB)
2026-09-23T08:44:51.9183213Z Collecting packaging>=22 (from pytest)
2026-09-23T08:44:51.9334406Z   Downloading packaging-26.3-py3-none-any.whl.metadata (3.5 kB)
2026-09-23T08:44:51.9497743Z Collecting pluggy<2,>=1.5 (from pytest)
2026-09-23T08:44:51.9648637Z   Downloading pluggy-1.6.0-py3-none-any.whl.metadata (4.8 kB)
2026-09-23T08:44:51.9871094Z Collecting pygments>=2.7.2 (from pytest)
2026-09-23T08:44:52.0022519Z   Downloading pygments-2.21.0-py3-none-any.whl.metadata (2.5 kB)
2026-09-23T08:44:52.0193620Z Downloading pytest-9.1.1-py3-none-any.whl (386 kB)
2026-09-23T08:44:52.0850838Z Downloading pluggy-1.6.0-py3-none-any.whl (20 kB)
2026-09-23T08:44:52.1003030Z Downloading iniconfig-2.3.0-py3-none-any.whl (7.5 kB)
2026-09-23T08:44:52.1154371Z Downloading packaging-26.3-py3-none-any.whl (129 kB)
2026-09-23T08:44:52.1329417Z Downloading pygments-2.21.0-py3-none-any.whl (1.3 MB)
2026-09-23T08:44:52.1789850Z    ââââââââââââââââââââââââââââââââââââââââ 1.3/1.3 MB 33.8 MB/s  0:00:00
2026-09-23T08:44:52.3401457Z Installing collected packages: pygments, pluggy, packaging, iniconfig, pytest
2026-09-23T08:44:52.9664810Z 
2026-09-23T08:44:52.9672783Z Successfully installed iniconfig-2.3.0 packaging-26.3 pluggy-1.6.0 pygments-2.21.0 pytest-9.1.1
2026-09-23T08:44:53.0126818Z ##[group]Run python automation/inject_mutation.py --error-type "AssertionError"
2026-09-23T08:44:53.0127168Z [36;1mpython automation/inject_mutation.py --error-type "AssertionError"[0m
2026-09-23T08:44:53.0177152Z shell: /usr/bin/bash -e {0}
2026-09-23T08:44:53.0177286Z env:
2026-09-23T08:44:53.0177570Z   pythonLocation: /opt/hostedtoolcache/Python/3.11.16/x64
2026-09-23T08:44:53.0177796Z   PKG_CONFIG_PATH: /opt/hostedtoolcache/Python/3.11.16/x64/lib/pkgconfig
2026-09-23T08:44:53.0178021Z   Python_ROOT_DIR: /opt/hostedtoolcache/Python/3.11.16/x64
2026-09-23T08:44:53.0178222Z   Python2_ROOT_DIR: /opt/hostedtoolcache/Python/3.11.16/x64
2026-09-23T08:44:53.0178435Z   Python3_ROOT_DIR: /opt/hostedtoolcache/Python/3.11.16/x64
2026-09-23T08:44:53.0178637Z   LD_LIBRARY_PATH: /opt/hostedtoolcache/Python/3.11.16/x64/lib
2026-09-23T08:44:53.0178834Z ##[endgroup]
2026-09-23T08:44:53.0394009Z [Mutation Injected] Successfully injected AssertionError into tests/test_app.py
2026-09-23T08:44:53.0444499Z ##[group]Run pytest tests/test_app.py -v
2026-09-23T08:44:53.0444699Z [36;1mpytest tests/test_app.py -v[0m
2026-09-23T08:44:53.0493955Z shell: /usr/bin/bash -e {0}
2026-09-23T08:44:53.0494091Z env:
2026-09-23T08:44:53.0494239Z   pythonLocation: /opt/hostedtoolcache/Python/3.11.16/x64
2026-09-23T08:44:53.0494473Z   PKG_CONFIG_PATH: /opt/hostedtoolcache/Python/3.11.16/x64/lib/pkgconfig
2026-09-23T08:44:53.0494707Z   Python_ROOT_DIR: /opt/hostedtoolcache/Python/3.11.16/x64
2026-09-23T08:44:53.0494909Z   Python2_ROOT_DIR: /opt/hostedtoolcache/Python/3.11.16/x64
2026-09-23T08:44:53.0495253Z   Python3_ROOT_DIR: /opt/hostedtoolcache/Python/3.11.16/x64
2026-09-23T08:44:53.0495460Z   LD_LIBRARY_PATH: /opt/hostedtoolcache/Python/3.11.16/x64/lib
2026-09-23T08:44:53.0495632Z ##[endgroup]
2026-09-23T08:44:53.3698342Z ============================= test session starts ==============================
2026-09-23T08:44:53.3698798Z platform linux -- Python 3.11.16, pytest-9.1.1, pluggy-1.6.0 -- /opt/hostedtoolcache/Python/3.11.16/x64/bin/python
2026-09-23T08:44:53.3699075Z cachedir: .pytest_cache
2026-09-23T08:44:53.3699245Z rootdir: /home/runner/work/log-generation/log-generation
2026-09-23T08:44:53.3699431Z configfile: pytest.ini
2026-09-23T08:44:53.3753930Z collecting ... collected 6 items
2026-09-23T08:44:53.3754105Z 
2026-09-23T08:44:53.3759817Z tests/test_app.py::test_calculate_division PASSED                        [ 16%]
2026-09-23T08:44:53.3763665Z tests/test_app.py::test_convert_to_int PASSED                            [ 33%]
2026-09-23T08:44:53.3767872Z tests/test_app.py::test_get_list_item PASSED                             [ 50%]
2026-09-23T08:44:53.3771341Z tests/test_app.py::test_get_dict_value PASSED                            [ 66%]
2026-09-23T08:44:53.3774735Z tests/test_app.py::test_assert_positive PASSED                           [ 83%]
2026-09-23T08:44:53.3993374Z tests/test_app.py::test_assertion_failure FAILED                         [100%]
2026-09-23T08:44:53.3993711Z 
2026-09-23T08:44:53.3993871Z =================================== FAILURES ===================================
2026-09-23T08:44:53.3994236Z ____________________________ test_assertion_failure ____________________________
2026-09-23T08:44:53.3994466Z 
2026-09-23T08:44:53.3994564Z     def test_assertion_failure():
2026-09-23T08:44:53.3994813Z         """Injected synthetic AssertionError."""
2026-09-23T08:44:53.3997902Z         expected_status = 200
2026-09-23T08:44:53.3998120Z         actual_status = 500
2026-09-23T08:44:53.3998497Z >       assert actual_status == expected_status, f"Expected {expected_status}, received {actual_status}"
2026-09-23T08:44:53.3998915Z E       AssertionError: Expected 200, received 500
2026-09-23T08:44:53.3999171Z E       assert 500 == 200
2026-09-23T08:44:53.3999291Z 
2026-09-23T08:44:53.3999389Z tests/test_app.py:138: AssertionError
2026-09-23T08:44:53.3999662Z =========================== short test summary info ============================
2026-09-23T08:44:53.4000122Z FAILED tests/test_app.py::test_assertion_failure - AssertionError: Expected 200, received 500
2026-09-23T08:44:53.4000487Z assert 500 == 200
2026-09-23T08:44:53.4000717Z ========================= 1 failed, 5 passed in 0.02s ==========================
2026-09-23T08:44:53.4155674Z ##[error]Process completed with exit code 1.
2026-09-23T08:44:53.4261214Z Node 20 is being deprecated. This workflow is running with Node 24 by default. If you need to temporarily use Node 20, you can set the ACTIONS_ALLOW_USE_UNSECURE_NODE_VERSION=true environment variable. For more information see: https://github.blog/changelog/2025-09-19-deprecation-of-node-20-on-github-actions-runners/
2026-09-23T08:44:53.4261983Z Post job cleanup.
2026-09-23T08:44:53.4830587Z [command]/usr/bin/git version
2026-09-23T08:44:53.4865903Z git version 2.55.0
2026-09-23T08:44:53.4892081Z Temporarily overriding HOME='/home/runner/work/_temp/458ec27d-3176-4fcc-9986-85aa7f5104a5' before making global git config changes
2026-09-23T08:44:53.4892716Z Adding repository directory to the temporary git global config as a safe directory
2026-09-23T08:44:53.4896255Z [command]/usr/bin/git config --global --add safe.directory /home/runner/work/log-generation/log-generation
2026-09-23T08:44:53.4928973Z [command]/usr/bin/git config --local --name-only --get-regexp core\.sshCommand
2026-09-23T08:44:53.4957158Z [command]/usr/bin/git submodule foreach --recursive sh -c "git config --local --name-only --get-regexp 'core\.sshCommand' && git config --local --unset-all 'core.sshCommand' || :"
2026-09-23T08:44:53.5158839Z [command]/usr/bin/git config --local --name-only --get-regexp http\.https\:\/\/github\.com\/\.extraheader
2026-09-23T08:44:53.5193434Z http.https://github.com/.extraheader
2026-09-23T08:44:53.5206081Z [command]/usr/bin/git config --local --unset-all http.https://github.com/.extraheader
2026-09-23T08:44:53.5240951Z [command]/usr/bin/git submodule foreach --recursive sh -c "git config --local --name-only --get-regexp 'http\.https\:\/\/github\.com\/\.extraheader' && git config --local --unset-all 'http.https://github.com/.extraheader' || :"
2026-09-23T08:44:53.5453691Z [command]/usr/bin/git config --local --name-only --get-regexp ^includeIf\.gitdir:
2026-09-23T08:44:53.5484381Z [command]/usr/bin/git submodule foreach --recursive git config --local --show-origin --name-only --get-regexp remote.origin.url
2026-09-23T08:44:53.5776039Z Cleaning up orphan processes
2026-09-23T08:44:53.5979235Z ##[warning]Node.js 20 is deprecated. The following actions target Node.js 20 but are being forced to run on Node.js 24: actions/checkout@v4, actions/setup-python@v5. For more information see: https://github.blog/changelog/2025-09-19-deprecation-of-node-20-on-github-actions-runners/
