ï»¿2026-09-23T08:43:41.9064889Z Current runner version: '2.337.0'
2026-09-23T08:43:41.9091430Z ##[group]Runner Image Provisioner
2026-09-23T08:43:41.9092748Z Hosted Compute Agent
2026-09-23T08:43:41.9093363Z Version: 20260828.587
2026-09-23T08:43:41.9094058Z Commit: abac92662cab4cc7352de4f9f9d2e2419aad9c29
2026-09-23T08:43:41.9094838Z Build Date: 2026-08-28T16:44:25Z
2026-09-23T08:43:41.9095580Z Worker ID: {78800431-7873-4a48-a511-baed577594e0}
2026-09-23T08:43:41.9096371Z Azure Region: eastus
2026-09-23T08:43:41.9096995Z ##[endgroup]
2026-09-23T08:43:41.9098574Z ##[group]Operating System
2026-09-23T08:43:41.9099248Z Ubuntu
2026-09-23T08:43:41.9099872Z 24.04.5
2026-09-23T08:43:41.9100857Z LTS
2026-09-23T08:43:41.9101399Z ##[endgroup]
2026-09-23T08:43:41.9101952Z ##[group]Runner Image
2026-09-23T08:43:41.9103351Z Image: ubuntu-24.04
2026-09-23T08:43:41.9104294Z Version: 20260907.300.1
2026-09-23T08:43:41.9106385Z Included Software: https://github.com/actions/runner-images/blob/ubuntu24/20260907.300/images/ubuntu/Ubuntu2404-Readme.md
2026-09-23T08:43:41.9108074Z Image Release: https://github.com/actions/runner-images/releases/tag/ubuntu24%2F20260907.300
2026-09-23T08:43:41.9109251Z ##[endgroup]
2026-09-23T08:43:41.9110519Z ##[group]GITHUB_TOKEN Permissions
2026-09-23T08:43:41.9113156Z Contents: read
2026-09-23T08:43:41.9113890Z Metadata: read
2026-09-23T08:43:41.9114561Z Packages: read
2026-09-23T08:43:41.9115175Z ##[endgroup]
2026-09-23T08:43:41.9117513Z Secret source: Actions
2026-09-23T08:43:41.9118552Z Cache mode: write
2026-09-23T08:43:41.9119550Z Prepare workflow directory
2026-09-23T08:43:41.9453326Z Prepare all required actions
2026-09-23T08:43:41.9501796Z Getting action download info
2026-09-23T08:43:42.2178264Z Download action repository 'actions/checkout@v4' (SHA:11d5960a326750d5838078e36cf38b85af677262)
2026-09-23T08:43:42.3307189Z Download action repository 'actions/setup-python@v5' (SHA:a26af69be951a213d495a4c3e4e4022e16d87065)
2026-09-23T08:43:42.5171497Z Complete job name: test-f3 (FileNotFoundError #52)
2026-09-23T08:43:42.6057593Z Node 20 is being deprecated. This workflow is running with Node 24 by default. If you need to temporarily use Node 20, you can set the ACTIONS_ALLOW_USE_UNSECURE_NODE_VERSION=true environment variable. For more information see: https://github.blog/changelog/2025-09-19-deprecation-of-node-20-on-github-actions-runners/
2026-09-23T08:43:42.6066716Z ##[group]Run actions/checkout@v4
2026-09-23T08:43:42.6067484Z with:
2026-09-23T08:43:42.6067930Z   fetch-depth: 1
2026-09-23T08:43:42.6068434Z   repository: DhruvHegde/log-generation
2026-09-23T08:43:42.6072689Z   token: ***
2026-09-23T08:43:42.6073146Z   ssh-strict: true
2026-09-23T08:43:42.6073594Z   ssh-user: git
2026-09-23T08:43:42.6074047Z   persist-credentials: true
2026-09-23T08:43:42.6074546Z   clean: true
2026-09-23T08:43:42.6075014Z   sparse-checkout-cone-mode: true
2026-09-23T08:43:42.6075548Z   fetch-tags: false
2026-09-23T08:43:42.6076009Z   show-progress: true
2026-09-23T08:43:42.6076471Z   lfs: false
2026-09-23T08:43:42.6076941Z   submodules: false
2026-09-23T08:43:42.6077428Z   set-safe-directory: true
2026-09-23T08:43:42.6077996Z   allow-unsafe-pr-checkout: false
2026-09-23T08:43:42.6078873Z ##[endgroup]
2026-09-23T08:43:42.7106330Z Syncing repository: DhruvHegde/log-generation
2026-09-23T08:43:42.7109141Z ##[group]Getting Git version info
2026-09-23T08:43:42.7110405Z Working directory is '/home/runner/work/log-generation/log-generation'
2026-09-23T08:43:42.7112436Z [command]/usr/bin/git version
2026-09-23T08:43:42.7221136Z git version 2.55.0
2026-09-23T08:43:42.7244147Z ##[endgroup]
2026-09-23T08:43:42.7260568Z Temporarily overriding HOME='/home/runner/work/_temp/0920ab4e-723e-47be-ac76-5e085f04b4fc' before making global git config changes
2026-09-23T08:43:42.7263301Z Adding repository directory to the temporary git global config as a safe directory
2026-09-23T08:43:42.7266881Z [command]/usr/bin/git config --global --add safe.directory /home/runner/work/log-generation/log-generation
2026-09-23T08:43:42.7323595Z Deleting the contents of '/home/runner/work/log-generation/log-generation'
2026-09-23T08:43:42.7328314Z ##[group]Initializing the repository
2026-09-23T08:43:42.7332462Z [command]/usr/bin/git init /home/runner/work/log-generation/log-generation
2026-09-23T08:43:42.7477212Z hint: Using 'master' as the name for the initial branch. This default branch name
2026-09-23T08:43:42.7479122Z hint: will change to "main" in Git 3.0. To configure the initial branch name
2026-09-23T08:43:42.7480667Z hint: to use in all of your new repositories, which will suppress this warning,
2026-09-23T08:43:42.7481879Z hint: call:
2026-09-23T08:43:42.7482746Z hint:
2026-09-23T08:43:42.7483680Z hint: 	git config --global init.defaultBranch <name>
2026-09-23T08:43:42.7484710Z hint:
2026-09-23T08:43:42.7485636Z hint: Names commonly chosen instead of 'master' are 'main', 'trunk' and
2026-09-23T08:43:42.7487135Z hint: 'development'. The just-created branch can be renamed via this command:
2026-09-23T08:43:42.7488320Z hint:
2026-09-23T08:43:42.7489079Z hint: 	git branch -m <name>
2026-09-23T08:43:42.7489903Z hint:
2026-09-23T08:43:42.7490966Z hint: Disable this message with "git config set advice.defaultBranchName false"
2026-09-23T08:43:42.7492995Z Initialized empty Git repository in /home/runner/work/log-generation/log-generation/.git/
2026-09-23T08:43:42.7497932Z [command]/usr/bin/git remote add origin https://github.com/DhruvHegde/log-generation
2026-09-23T08:43:42.7553443Z ##[endgroup]
2026-09-23T08:43:42.7555432Z ##[group]Disabling automatic garbage collection
2026-09-23T08:43:42.7558830Z [command]/usr/bin/git config --local gc.auto 0
2026-09-23T08:43:42.7591947Z ##[endgroup]
2026-09-23T08:43:42.7593305Z ##[group]Setting up auth
2026-09-23T08:43:42.7598629Z [command]/usr/bin/git config --local --name-only --get-regexp core\.sshCommand
2026-09-23T08:43:42.7631668Z [command]/usr/bin/git submodule foreach --recursive sh -c "git config --local --name-only --get-regexp 'core\.sshCommand' && git config --local --unset-all 'core.sshCommand' || :"
2026-09-23T08:43:42.8040638Z [command]/usr/bin/git config --local --name-only --get-regexp http\.https\:\/\/github\.com\/\.extraheader
2026-09-23T08:43:42.8085626Z [command]/usr/bin/git submodule foreach --recursive sh -c "git config --local --name-only --get-regexp 'http\.https\:\/\/github\.com\/\.extraheader' && git config --local --unset-all 'http.https://github.com/.extraheader' || :"
2026-09-23T08:43:42.8315424Z [command]/usr/bin/git config --local --name-only --get-regexp ^includeIf\.gitdir:
2026-09-23T08:43:42.8351539Z [command]/usr/bin/git submodule foreach --recursive git config --local --show-origin --name-only --get-regexp remote.origin.url
2026-09-23T08:43:42.8579800Z [command]/usr/bin/git config --local http.https://github.com/.extraheader AUTHORIZATION: basic ***
2026-09-23T08:43:42.8620059Z ##[endgroup]
2026-09-23T08:43:42.8621509Z ##[group]Fetching the repository
2026-09-23T08:43:42.8631724Z [command]/usr/bin/git -c protocol.version=2 fetch --no-tags --prune --no-recurse-submodules --depth=1 origin +dfcb6f158e4bd8054252a4da5d0a9edc2ab15d57:refs/remotes/origin/feature/f3-test-failures
2026-09-23T08:43:43.1057048Z From https://github.com/DhruvHegde/log-generation
2026-09-23T08:43:43.1059058Z  * [new ref]         dfcb6f158e4bd8054252a4da5d0a9edc2ab15d57 -> origin/feature/f3-test-failures
2026-09-23T08:43:43.1062899Z ##[endgroup]
2026-09-23T08:43:43.1063906Z ##[group]Determining the checkout info
2026-09-23T08:43:43.1065448Z ##[endgroup]
2026-09-23T08:43:43.1071071Z [command]/usr/bin/git sparse-checkout disable
2026-09-23T08:43:43.1123828Z [command]/usr/bin/git config --local --unset-all extensions.worktreeConfig
2026-09-23T08:43:43.1155647Z ##[group]Checking out the ref
2026-09-23T08:43:43.1160462Z [command]/usr/bin/git checkout --progress --force -B feature/f3-test-failures refs/remotes/origin/feature/f3-test-failures
2026-09-23T08:43:43.1239152Z Switched to a new branch 'feature/f3-test-failures'
2026-09-23T08:43:43.1246319Z branch 'feature/f3-test-failures' set up to track 'origin/feature/f3-test-failures'.
2026-09-23T08:43:43.1251957Z ##[endgroup]
2026-09-23T08:43:43.1295421Z [command]/usr/bin/git log -1 --format=%H
2026-09-23T08:43:43.1321653Z dfcb6f158e4bd8054252a4da5d0a9edc2ab15d57
2026-09-23T08:43:43.1589010Z Node 20 is being deprecated. This workflow is running with Node 24 by default. If you need to temporarily use Node 20, you can set the ACTIONS_ALLOW_USE_UNSECURE_NODE_VERSION=true environment variable. For more information see: https://github.blog/changelog/2025-09-19-deprecation-of-node-20-on-github-actions-runners/
2026-09-23T08:43:43.1591630Z ##[group]Run actions/setup-python@v5
2026-09-23T08:43:43.1592404Z with:
2026-09-23T08:43:43.1592876Z   python-version: 3.11
2026-09-23T08:43:43.1593359Z   check-latest: false
2026-09-23T08:43:43.1597269Z   token: ***
2026-09-23T08:43:43.1597716Z   update-environment: true
2026-09-23T08:43:43.1598231Z   allow-prereleases: false
2026-09-23T08:43:43.1598725Z   freethreaded: false
2026-09-23T08:43:43.1599190Z ##[endgroup]
2026-09-23T08:43:43.2915268Z ##[group]Installed versions
2026-09-23T08:43:43.3019269Z (node:2220) [DEP0040] DeprecationWarning: The `punycode` module is deprecated. Please use a userland alternative instead.
2026-09-23T08:43:43.3021251Z (Use `node --trace-deprecation ...` to show where the warning was created)
2026-09-23T08:43:43.3023327Z Successfully set up CPython (3.11.16)
2026-09-23T08:43:43.3025054Z ##[endgroup]
2026-09-23T08:43:43.3297185Z ##[group]Run pip install --no-cache-dir pytest
2026-09-23T08:43:43.3298133Z [36;1mpip install --no-cache-dir pytest[0m
2026-09-23T08:43:43.3372466Z shell: /usr/bin/bash -e {0}
2026-09-23T08:43:43.3373280Z env:
2026-09-23T08:43:43.3373847Z   pythonLocation: /opt/hostedtoolcache/Python/3.11.16/x64
2026-09-23T08:43:43.3374897Z   PKG_CONFIG_PATH: /opt/hostedtoolcache/Python/3.11.16/x64/lib/pkgconfig
2026-09-23T08:43:43.3376191Z   Python_ROOT_DIR: /opt/hostedtoolcache/Python/3.11.16/x64
2026-09-23T08:43:43.3377280Z   Python2_ROOT_DIR: /opt/hostedtoolcache/Python/3.11.16/x64
2026-09-23T08:43:43.3378289Z   Python3_ROOT_DIR: /opt/hostedtoolcache/Python/3.11.16/x64
2026-09-23T08:43:43.3379358Z   LD_LIBRARY_PATH: /opt/hostedtoolcache/Python/3.11.16/x64/lib
2026-09-23T08:43:43.3380063Z ##[endgroup]
2026-09-23T08:43:46.2113021Z Collecting pytest
2026-09-23T08:43:46.2596104Z   Downloading pytest-9.1.1-py3-none-any.whl.metadata (7.6 kB)
2026-09-23T08:43:46.2679946Z Collecting iniconfig>=1.0.1 (from pytest)
2026-09-23T08:43:46.2716661Z   Downloading iniconfig-2.3.0-py3-none-any.whl.metadata (2.5 kB)
2026-09-23T08:43:46.2819105Z Collecting packaging>=22 (from pytest)
2026-09-23T08:43:46.2857968Z   Downloading packaging-26.3-py3-none-any.whl.metadata (3.5 kB)
2026-09-23T08:43:46.2936019Z Collecting pluggy<2,>=1.5 (from pytest)
2026-09-23T08:43:46.2971043Z   Downloading pluggy-1.6.0-py3-none-any.whl.metadata (4.8 kB)
2026-09-23T08:43:46.3098491Z Collecting pygments>=2.7.2 (from pytest)
2026-09-23T08:43:46.3134036Z   Downloading pygments-2.21.0-py3-none-any.whl.metadata (2.5 kB)
2026-09-23T08:43:46.3198155Z Downloading pytest-9.1.1-py3-none-any.whl (386 kB)
2026-09-23T08:43:46.3376206Z Downloading pluggy-1.6.0-py3-none-any.whl (20 kB)
2026-09-23T08:43:46.3411202Z Downloading iniconfig-2.3.0-py3-none-any.whl (7.5 kB)
2026-09-23T08:43:46.3448380Z Downloading packaging-26.3-py3-none-any.whl (129 kB)
2026-09-23T08:43:46.3484850Z Downloading pygments-2.21.0-py3-none-any.whl (1.3 MB)
2026-09-23T08:43:46.3586474Z    ââââââââââââââââââââââââââââââââââââââââ 1.3/1.3 MB 164.5 MB/s  0:00:00
2026-09-23T08:43:46.5444261Z Installing collected packages: pygments, pluggy, packaging, iniconfig, pytest
2026-09-23T08:43:47.5101148Z 
2026-09-23T08:43:47.5111450Z Successfully installed iniconfig-2.3.0 packaging-26.3 pluggy-1.6.0 pygments-2.21.0 pytest-9.1.1
2026-09-23T08:43:47.5643588Z ##[group]Run python automation/inject_mutation.py --error-type "FileNotFoundError"
2026-09-23T08:43:47.5644354Z [36;1mpython automation/inject_mutation.py --error-type "FileNotFoundError"[0m
2026-09-23T08:43:47.5684076Z shell: /usr/bin/bash -e {0}
2026-09-23T08:43:47.5684400Z env:
2026-09-23T08:43:47.5684919Z   pythonLocation: /opt/hostedtoolcache/Python/3.11.16/x64
2026-09-23T08:43:47.5685422Z   PKG_CONFIG_PATH: /opt/hostedtoolcache/Python/3.11.16/x64/lib/pkgconfig
2026-09-23T08:43:47.5685907Z   Python_ROOT_DIR: /opt/hostedtoolcache/Python/3.11.16/x64
2026-09-23T08:43:47.5686362Z   Python2_ROOT_DIR: /opt/hostedtoolcache/Python/3.11.16/x64
2026-09-23T08:43:47.5686828Z   Python3_ROOT_DIR: /opt/hostedtoolcache/Python/3.11.16/x64
2026-09-23T08:43:47.5687274Z   LD_LIBRARY_PATH: /opt/hostedtoolcache/Python/3.11.16/x64/lib
2026-09-23T08:43:47.5687671Z ##[endgroup]
2026-09-23T08:43:47.5993125Z [Mutation Injected] Successfully injected FileNotFoundError into tests/test_app.py
2026-09-23T08:43:47.6073702Z ##[group]Run pytest tests/test_app.py -v
2026-09-23T08:43:47.6074164Z [36;1mpytest tests/test_app.py -v[0m
2026-09-23T08:43:47.6113634Z shell: /usr/bin/bash -e {0}
2026-09-23T08:43:47.6113956Z env:
2026-09-23T08:43:47.6114298Z   pythonLocation: /opt/hostedtoolcache/Python/3.11.16/x64
2026-09-23T08:43:47.6114820Z   PKG_CONFIG_PATH: /opt/hostedtoolcache/Python/3.11.16/x64/lib/pkgconfig
2026-09-23T08:43:47.6115316Z   Python_ROOT_DIR: /opt/hostedtoolcache/Python/3.11.16/x64
2026-09-23T08:43:47.6115761Z   Python2_ROOT_DIR: /opt/hostedtoolcache/Python/3.11.16/x64
2026-09-23T08:43:47.6116203Z   Python3_ROOT_DIR: /opt/hostedtoolcache/Python/3.11.16/x64
2026-09-23T08:43:47.6116651Z   LD_LIBRARY_PATH: /opt/hostedtoolcache/Python/3.11.16/x64/lib
2026-09-23T08:43:47.6117042Z ##[endgroup]
2026-09-23T08:43:48.0383610Z ============================= test session starts ==============================
2026-09-23T08:43:48.0385241Z platform linux -- Python 3.11.16, pytest-9.1.1, pluggy-1.6.0 -- /opt/hostedtoolcache/Python/3.11.16/x64/bin/python
2026-09-23T08:43:48.0386438Z cachedir: .pytest_cache
2026-09-23T08:43:48.0387107Z rootdir: /home/runner/work/log-generation/log-generation
2026-09-23T08:43:48.0387614Z configfile: pytest.ini
2026-09-23T08:43:48.0471120Z collecting ... collected 6 items
2026-09-23T08:43:48.0471452Z 
2026-09-23T08:43:48.0480491Z tests/test_app.py::test_calculate_division PASSED                        [ 16%]
2026-09-23T08:43:48.0488246Z tests/test_app.py::test_convert_to_int PASSED                            [ 33%]
2026-09-23T08:43:48.0496261Z tests/test_app.py::test_get_list_item PASSED                             [ 50%]
2026-09-23T08:43:48.0503769Z tests/test_app.py::test_get_dict_value PASSED                            [ 66%]
2026-09-23T08:43:48.0510755Z tests/test_app.py::test_assert_positive PASSED                           [ 83%]
2026-09-23T08:43:48.0760794Z tests/test_app.py::test_file_not_found_error FAILED                      [100%]
2026-09-23T08:43:48.0761469Z 
2026-09-23T08:43:48.0761802Z =================================== FAILURES ===================================
2026-09-23T08:43:48.0762839Z __________________________ test_file_not_found_error ___________________________
2026-09-23T08:43:48.0763390Z 
2026-09-23T08:43:48.0763603Z     def test_file_not_found_error():
2026-09-23T08:43:48.0764187Z         """Injected synthetic FileNotFoundError."""
2026-09-23T08:43:48.0764860Z         from src.app import read_config_file
2026-09-23T08:43:48.0765676Z >       read_config_file("fixtures/non_existent_pipeline_config.json")
2026-09-23T08:43:48.0766208Z 
2026-09-23T08:43:48.0766398Z tests/test_app.py:137: 
2026-09-23T08:43:48.0766936Z _ _ _ _ _ _ _ _ _ _ _ _ _ _ _ _ _ _ _ _ _ _ _ _ _ _ _ _ _ _ _ _ _ _ _ _ _ _ _ _ 
2026-09-23T08:43:48.0767398Z 
2026-09-23T08:43:48.0767657Z path = 'fixtures/non_existent_pipeline_config.json'
2026-09-23T08:43:48.0768095Z 
2026-09-23T08:43:48.0768287Z     def read_config_file(path):
2026-09-23T08:43:48.0768775Z >       with open(path, "r") as f:
2026-09-23T08:43:48.0769306Z              ^^^^^^^^^^^^^^^
2026-09-23T08:43:48.0770163Z E       FileNotFoundError: [Errno 2] No such file or directory: 'fixtures/non_existent_pipeline_config.json'
2026-09-23T08:43:48.0770924Z 
2026-09-23T08:43:48.0771135Z src/app.py:17: FileNotFoundError
2026-09-23T08:43:48.0771734Z =========================== short test summary info ============================
2026-09-23T08:43:48.0773851Z FAILED tests/test_app.py::test_file_not_found_error - FileNotFoundError: [Errno 2] No such file or directory: 'fixtures/non_existent_pipeline_config.json'
2026-09-23T08:43:48.0775198Z ========================= 1 failed, 5 passed in 0.03s ==========================
2026-09-23T08:43:48.0963978Z ##[error]Process completed with exit code 1.
2026-09-23T08:43:48.1110835Z Node 20 is being deprecated. This workflow is running with Node 24 by default. If you need to temporarily use Node 20, you can set the ACTIONS_ALLOW_USE_UNSECURE_NODE_VERSION=true environment variable. For more information see: https://github.blog/changelog/2025-09-19-deprecation-of-node-20-on-github-actions-runners/
2026-09-23T08:43:48.1112508Z Post job cleanup.
2026-09-23T08:43:48.1960786Z [command]/usr/bin/git version
2026-09-23T08:43:48.2006558Z git version 2.55.0
2026-09-23T08:43:48.2044890Z Temporarily overriding HOME='/home/runner/work/_temp/75cb7cf4-508f-42df-b9c6-f2e943a3be3d' before making global git config changes
2026-09-23T08:43:48.2046419Z Adding repository directory to the temporary git global config as a safe directory
2026-09-23T08:43:48.2051586Z [command]/usr/bin/git config --global --add safe.directory /home/runner/work/log-generation/log-generation
2026-09-23T08:43:48.2090845Z [command]/usr/bin/git config --local --name-only --get-regexp core\.sshCommand
2026-09-23T08:43:48.2133098Z [command]/usr/bin/git submodule foreach --recursive sh -c "git config --local --name-only --get-regexp 'core\.sshCommand' && git config --local --unset-all 'core.sshCommand' || :"
2026-09-23T08:43:48.2388513Z [command]/usr/bin/git config --local --name-only --get-regexp http\.https\:\/\/github\.com\/\.extraheader
2026-09-23T08:43:48.2421961Z http.https://github.com/.extraheader
2026-09-23T08:43:48.2434120Z [command]/usr/bin/git config --local --unset-all http.https://github.com/.extraheader
2026-09-23T08:43:48.2470671Z [command]/usr/bin/git submodule foreach --recursive sh -c "git config --local --name-only --get-regexp 'http\.https\:\/\/github\.com\/\.extraheader' && git config --local --unset-all 'http.https://github.com/.extraheader' || :"
2026-09-23T08:43:48.2748858Z [command]/usr/bin/git config --local --name-only --get-regexp ^includeIf\.gitdir:
2026-09-23T08:43:48.2792906Z [command]/usr/bin/git submodule foreach --recursive git config --local --show-origin --name-only --get-regexp remote.origin.url
2026-09-23T08:43:48.3234736Z Cleaning up orphan processes
2026-09-23T08:43:48.3550940Z ##[warning]Node.js 20 is deprecated. The following actions target Node.js 20 but are being forced to run on Node.js 24: actions/checkout@v4, actions/setup-python@v5. For more information see: https://github.blog/changelog/2025-09-19-deprecation-of-node-20-on-github-actions-runners/
