ï»¿2026-09-23T08:48:23.8911728Z Current runner version: '2.337.0'
2026-09-23T08:48:23.8930515Z ##[group]Runner Image Provisioner
2026-09-23T08:48:23.8931119Z Hosted Compute Agent
2026-09-23T08:48:23.8931500Z Version: 20260828.587
2026-09-23T08:48:23.8931982Z Commit: abac92662cab4cc7352de4f9f9d2e2419aad9c29
2026-09-23T08:48:23.8932467Z Build Date: 2026-08-28T16:44:25Z
2026-09-23T08:48:23.8932915Z Worker ID: {6990fa68-9094-4969-a976-d37a4bba20b5}
2026-09-23T08:48:23.8933399Z Azure Region: centralus
2026-09-23T08:48:23.8934016Z ##[endgroup]
2026-09-23T08:48:23.8935281Z ##[group]Operating System
2026-09-23T08:48:23.8935737Z Ubuntu
2026-09-23T08:48:23.8936102Z 24.04.5
2026-09-23T08:48:23.8936498Z LTS
2026-09-23T08:48:23.8937052Z ##[endgroup]
2026-09-23T08:48:23.8937526Z ##[group]Runner Image
2026-09-23T08:48:23.8938059Z Image: ubuntu-24.04
2026-09-23T08:48:23.8938452Z Version: 20260907.300.1
2026-09-23T08:48:23.8939319Z Included Software: https://github.com/actions/runner-images/blob/ubuntu24/20260907.300/images/ubuntu/Ubuntu2404-Readme.md
2026-09-23T08:48:23.8940367Z Image Release: https://github.com/actions/runner-images/releases/tag/ubuntu24%2F20260907.300
2026-09-23T08:48:23.8941049Z ##[endgroup]
2026-09-23T08:48:23.8941850Z ##[group]GITHUB_TOKEN Permissions
2026-09-23T08:48:23.8943764Z Contents: read
2026-09-23T08:48:23.8944197Z Metadata: read
2026-09-23T08:48:23.8944568Z Packages: read
2026-09-23T08:48:23.8944925Z ##[endgroup]
2026-09-23T08:48:23.8946424Z Secret source: Actions
2026-09-23T08:48:23.8947112Z Cache mode: write
2026-09-23T08:48:23.8947847Z Prepare workflow directory
2026-09-23T08:48:23.9188162Z Prepare all required actions
2026-09-23T08:48:23.9223539Z Getting action download info
2026-09-23T08:48:24.1630411Z Download action repository 'actions/checkout@v4' (SHA:11d5960a326750d5838078e36cf38b85af677262)
2026-09-23T08:48:24.4271898Z Download action repository 'actions/setup-python@v5' (SHA:a26af69be951a213d495a4c3e4e4022e16d87065)
2026-09-23T08:48:24.6132116Z Complete job name: test-f3 (ZeroDivisionError #22)
2026-09-23T08:48:24.6655725Z Node 20 is being deprecated. This workflow is running with Node 24 by default. If you need to temporarily use Node 20, you can set the ACTIONS_ALLOW_USE_UNSECURE_NODE_VERSION=true environment variable. For more information see: https://github.blog/changelog/2025-09-19-deprecation-of-node-20-on-github-actions-runners/
2026-09-23T08:48:24.6662373Z ##[group]Run actions/checkout@v4
2026-09-23T08:48:24.6662962Z with:
2026-09-23T08:48:24.6663384Z   fetch-depth: 1
2026-09-23T08:48:24.6664142Z   repository: DhruvHegde/log-generation
2026-09-23T08:48:24.6667713Z   token: ***
2026-09-23T08:48:24.6668115Z   ssh-strict: true
2026-09-23T08:48:24.6668513Z   ssh-user: git
2026-09-23T08:48:24.6668934Z   persist-credentials: true
2026-09-23T08:48:24.6669383Z   clean: true
2026-09-23T08:48:24.6669828Z   sparse-checkout-cone-mode: true
2026-09-23T08:48:24.6670317Z   fetch-tags: false
2026-09-23T08:48:24.6670717Z   show-progress: true
2026-09-23T08:48:24.6671127Z   lfs: false
2026-09-23T08:48:24.6671643Z   submodules: false
2026-09-23T08:48:24.6672047Z   set-safe-directory: true
2026-09-23T08:48:24.6672625Z   allow-unsafe-pr-checkout: false
2026-09-23T08:48:24.6673257Z ##[endgroup]
2026-09-23T08:48:24.7418156Z Syncing repository: DhruvHegde/log-generation
2026-09-23T08:48:24.7420531Z ##[group]Getting Git version info
2026-09-23T08:48:24.7421518Z Working directory is '/home/runner/work/log-generation/log-generation'
2026-09-23T08:48:24.7422896Z [command]/usr/bin/git version
2026-09-23T08:48:24.7476004Z git version 2.55.0
2026-09-23T08:48:24.7492433Z ##[endgroup]
2026-09-23T08:48:24.7500350Z Temporarily overriding HOME='/home/runner/work/_temp/ab7d1790-4495-4581-ad95-0b854db7fd2c' before making global git config changes
2026-09-23T08:48:24.7502082Z Adding repository directory to the temporary git global config as a safe directory
2026-09-23T08:48:24.7514944Z [command]/usr/bin/git config --global --add safe.directory /home/runner/work/log-generation/log-generation
2026-09-23T08:48:24.7546821Z Deleting the contents of '/home/runner/work/log-generation/log-generation'
2026-09-23T08:48:24.7550239Z ##[group]Initializing the repository
2026-09-23T08:48:24.7554190Z [command]/usr/bin/git init /home/runner/work/log-generation/log-generation
2026-09-23T08:48:24.7629486Z hint: Using 'master' as the name for the initial branch. This default branch name
2026-09-23T08:48:24.7631168Z hint: will change to "main" in Git 3.0. To configure the initial branch name
2026-09-23T08:48:24.7633438Z hint: to use in all of your new repositories, which will suppress this warning,
2026-09-23T08:48:24.7634895Z hint: call:
2026-09-23T08:48:24.7635457Z hint:
2026-09-23T08:48:24.7636098Z hint: 	git config --global init.defaultBranch <name>
2026-09-23T08:48:24.7636899Z hint:
2026-09-23T08:48:24.7637616Z hint: Names commonly chosen instead of 'master' are 'main', 'trunk' and
2026-09-23T08:48:24.7639758Z hint: 'development'. The just-created branch can be renamed via this command:
2026-09-23T08:48:24.7640693Z hint:
2026-09-23T08:48:24.7641311Z hint: 	git branch -m <name>
2026-09-23T08:48:24.7641938Z hint:
2026-09-23T08:48:24.7642717Z hint: Disable this message with "git config set advice.defaultBranchName false"
2026-09-23T08:48:24.7644376Z Initialized empty Git repository in /home/runner/work/log-generation/log-generation/.git/
2026-09-23T08:48:24.7646357Z [command]/usr/bin/git remote add origin https://github.com/DhruvHegde/log-generation
2026-09-23T08:48:24.7679928Z ##[endgroup]
2026-09-23T08:48:24.7681288Z ##[group]Disabling automatic garbage collection
2026-09-23T08:48:24.7682069Z [command]/usr/bin/git config --local gc.auto 0
2026-09-23T08:48:24.7704511Z ##[endgroup]
2026-09-23T08:48:24.7705748Z ##[group]Setting up auth
2026-09-23T08:48:24.7709603Z [command]/usr/bin/git config --local --name-only --get-regexp core\.sshCommand
2026-09-23T08:48:24.7734145Z [command]/usr/bin/git submodule foreach --recursive sh -c "git config --local --name-only --get-regexp 'core\.sshCommand' && git config --local --unset-all 'core.sshCommand' || :"
2026-09-23T08:48:24.7997379Z [command]/usr/bin/git config --local --name-only --get-regexp http\.https\:\/\/github\.com\/\.extraheader
2026-09-23T08:48:24.8027927Z [command]/usr/bin/git submodule foreach --recursive sh -c "git config --local --name-only --get-regexp 'http\.https\:\/\/github\.com\/\.extraheader' && git config --local --unset-all 'http.https://github.com/.extraheader' || :"
2026-09-23T08:48:24.8163374Z [command]/usr/bin/git config --local --name-only --get-regexp ^includeIf\.gitdir:
2026-09-23T08:48:24.8185368Z [command]/usr/bin/git submodule foreach --recursive git config --local --show-origin --name-only --get-regexp remote.origin.url
2026-09-23T08:48:24.8322916Z [command]/usr/bin/git config --local http.https://github.com/.extraheader AUTHORIZATION: basic ***
2026-09-23T08:48:24.8347963Z ##[endgroup]
2026-09-23T08:48:24.8353760Z ##[group]Fetching the repository
2026-09-23T08:48:24.8355329Z [command]/usr/bin/git -c protocol.version=2 fetch --no-tags --prune --no-recurse-submodules --depth=1 origin +43f20917de93b9aad51cf79a69ad5239c5632917:refs/remotes/origin/feature/f3-test-failures
2026-09-23T08:48:25.8217616Z From https://github.com/DhruvHegde/log-generation
2026-09-23T08:48:25.8219475Z  * [new ref]         43f20917de93b9aad51cf79a69ad5239c5632917 -> origin/feature/f3-test-failures
2026-09-23T08:48:25.8223341Z ##[endgroup]
2026-09-23T08:48:25.8225459Z ##[group]Determining the checkout info
2026-09-23T08:48:25.8227177Z ##[endgroup]
2026-09-23T08:48:25.8228464Z [command]/usr/bin/git sparse-checkout disable
2026-09-23T08:48:25.8266655Z [command]/usr/bin/git config --local --unset-all extensions.worktreeConfig
2026-09-23T08:48:25.8289779Z ##[group]Checking out the ref
2026-09-23T08:48:25.8300081Z [command]/usr/bin/git checkout --progress --force -B feature/f3-test-failures refs/remotes/origin/feature/f3-test-failures
2026-09-23T08:48:25.8522976Z Switched to a new branch 'feature/f3-test-failures'
2026-09-23T08:48:25.8527128Z branch 'feature/f3-test-failures' set up to track 'origin/feature/f3-test-failures'.
2026-09-23T08:48:25.8531578Z ##[endgroup]
2026-09-23T08:48:25.8557432Z [command]/usr/bin/git log -1 --format=%H
2026-09-23T08:48:25.8573987Z 43f20917de93b9aad51cf79a69ad5239c5632917
2026-09-23T08:48:25.8854243Z Node 20 is being deprecated. This workflow is running with Node 24 by default. If you need to temporarily use Node 20, you can set the ACTIONS_ALLOW_USE_UNSECURE_NODE_VERSION=true environment variable. For more information see: https://github.blog/changelog/2025-09-19-deprecation-of-node-20-on-github-actions-runners/
2026-09-23T08:48:25.8858609Z ##[group]Run actions/setup-python@v5
2026-09-23T08:48:25.8859500Z with:
2026-09-23T08:48:25.8860222Z   python-version: 3.11
2026-09-23T08:48:25.8861001Z   check-latest: false
2026-09-23T08:48:25.8868547Z   token: ***
2026-09-23T08:48:25.8869376Z   update-environment: true
2026-09-23T08:48:25.8870229Z   allow-prereleases: false
2026-09-23T08:48:25.8871126Z   freethreaded: false
2026-09-23T08:48:25.8871892Z ##[endgroup]
2026-09-23T08:48:25.9811986Z ##[group]Installed versions
2026-09-23T08:48:25.9931533Z (node:2054) [DEP0040] DeprecationWarning: The `punycode` module is deprecated. Please use a userland alternative instead.
2026-09-23T08:48:25.9934419Z (Use `node --trace-deprecation ...` to show where the warning was created)
2026-09-23T08:48:25.9936189Z Successfully set up CPython (3.11.16)
2026-09-23T08:48:25.9938011Z ##[endgroup]
2026-09-23T08:48:26.0128985Z ##[group]Run pip install --no-cache-dir pytest
2026-09-23T08:48:26.0130520Z [36;1mpip install --no-cache-dir pytest[0m
2026-09-23T08:48:26.0179329Z shell: /usr/bin/bash -e {0}
2026-09-23T08:48:26.0181153Z env:
2026-09-23T08:48:26.0182970Z   pythonLocation: /opt/hostedtoolcache/Python/3.11.16/x64
2026-09-23T08:48:26.0185804Z   PKG_CONFIG_PATH: /opt/hostedtoolcache/Python/3.11.16/x64/lib/pkgconfig
2026-09-23T08:48:26.0188530Z   Python_ROOT_DIR: /opt/hostedtoolcache/Python/3.11.16/x64
2026-09-23T08:48:26.0190058Z   Python2_ROOT_DIR: /opt/hostedtoolcache/Python/3.11.16/x64
2026-09-23T08:48:26.0191397Z   Python3_ROOT_DIR: /opt/hostedtoolcache/Python/3.11.16/x64
2026-09-23T08:48:26.0192770Z   LD_LIBRARY_PATH: /opt/hostedtoolcache/Python/3.11.16/x64/lib
2026-09-23T08:48:26.0194015Z ##[endgroup]
2026-09-23T08:48:26.9187846Z Collecting pytest
2026-09-23T08:48:26.9894131Z   Downloading pytest-9.1.1-py3-none-any.whl.metadata (7.6 kB)
2026-09-23T08:48:27.0071875Z Collecting iniconfig>=1.0.1 (from pytest)
2026-09-23T08:48:27.0205768Z   Downloading iniconfig-2.3.0-py3-none-any.whl.metadata (2.5 kB)
2026-09-23T08:48:27.0398503Z Collecting packaging>=22 (from pytest)
2026-09-23T08:48:27.0526069Z   Downloading packaging-26.3-py3-none-any.whl.metadata (3.5 kB)
2026-09-23T08:48:27.0701049Z Collecting pluggy<2,>=1.5 (from pytest)
2026-09-23T08:48:27.0826985Z   Downloading pluggy-1.6.0-py3-none-any.whl.metadata (4.8 kB)
2026-09-23T08:48:27.1042403Z Collecting pygments>=2.7.2 (from pytest)
2026-09-23T08:48:27.1168978Z   Downloading pygments-2.21.0-py3-none-any.whl.metadata (2.5 kB)
2026-09-23T08:48:27.1318583Z Downloading pytest-9.1.1-py3-none-any.whl (386 kB)
2026-09-23T08:48:27.1915514Z Downloading pluggy-1.6.0-py3-none-any.whl (20 kB)
2026-09-23T08:48:27.2042814Z Downloading iniconfig-2.3.0-py3-none-any.whl (7.5 kB)
2026-09-23T08:48:27.2170569Z Downloading packaging-26.3-py3-none-any.whl (129 kB)
2026-09-23T08:48:27.2307433Z Downloading pygments-2.21.0-py3-none-any.whl (1.3 MB)
2026-09-23T08:48:27.2678565Z    ââââââââââââââââââââââââââââââââââââââââ 1.3/1.3 MB 31.0 MB/s  0:00:00
2026-09-23T08:48:27.3173264Z Installing collected packages: pygments, pluggy, packaging, iniconfig, pytest
2026-09-23T08:48:27.9323972Z 
2026-09-23T08:48:27.9331628Z Successfully installed iniconfig-2.3.0 packaging-26.3 pluggy-1.6.0 pygments-2.21.0 pytest-9.1.1
2026-09-23T08:48:27.9892191Z ##[group]Run python automation/inject_mutation.py --error-type "ZeroDivisionError"
2026-09-23T08:48:27.9892744Z [36;1mpython automation/inject_mutation.py --error-type "ZeroDivisionError"[0m
2026-09-23T08:48:27.9914748Z shell: /usr/bin/bash -e {0}
2026-09-23T08:48:27.9915044Z env:
2026-09-23T08:48:27.9915496Z   pythonLocation: /opt/hostedtoolcache/Python/3.11.16/x64
2026-09-23T08:48:27.9915891Z   PKG_CONFIG_PATH: /opt/hostedtoolcache/Python/3.11.16/x64/lib/pkgconfig
2026-09-23T08:48:27.9916293Z   Python_ROOT_DIR: /opt/hostedtoolcache/Python/3.11.16/x64
2026-09-23T08:48:27.9916645Z   Python2_ROOT_DIR: /opt/hostedtoolcache/Python/3.11.16/x64
2026-09-23T08:48:27.9917018Z   Python3_ROOT_DIR: /opt/hostedtoolcache/Python/3.11.16/x64
2026-09-23T08:48:27.9917387Z   LD_LIBRARY_PATH: /opt/hostedtoolcache/Python/3.11.16/x64/lib
2026-09-23T08:48:27.9917748Z ##[endgroup]
2026-09-23T08:48:28.0119738Z [Mutation Injected] Successfully injected ZeroDivisionError into tests/test_app.py
2026-09-23T08:48:28.0171856Z ##[group]Run pytest tests/test_app.py -v
2026-09-23T08:48:28.0172185Z [36;1mpytest tests/test_app.py -v[0m
2026-09-23T08:48:28.0186513Z shell: /usr/bin/bash -e {0}
2026-09-23T08:48:28.0186789Z env:
2026-09-23T08:48:28.0187049Z   pythonLocation: /opt/hostedtoolcache/Python/3.11.16/x64
2026-09-23T08:48:28.0187423Z   PKG_CONFIG_PATH: /opt/hostedtoolcache/Python/3.11.16/x64/lib/pkgconfig
2026-09-23T08:48:28.0187787Z   Python_ROOT_DIR: /opt/hostedtoolcache/Python/3.11.16/x64
2026-09-23T08:48:28.0188124Z   Python2_ROOT_DIR: /opt/hostedtoolcache/Python/3.11.16/x64
2026-09-23T08:48:28.0188461Z   Python3_ROOT_DIR: /opt/hostedtoolcache/Python/3.11.16/x64
2026-09-23T08:48:28.0188792Z   LD_LIBRARY_PATH: /opt/hostedtoolcache/Python/3.11.16/x64/lib
2026-09-23T08:48:28.0189067Z ##[endgroup]
2026-09-23T08:48:28.3052011Z ============================= test session starts ==============================
2026-09-23T08:48:28.3052874Z platform linux -- Python 3.11.16, pytest-9.1.1, pluggy-1.6.0 -- /opt/hostedtoolcache/Python/3.11.16/x64/bin/python
2026-09-23T08:48:28.3053294Z cachedir: .pytest_cache
2026-09-23T08:48:28.3053694Z rootdir: /home/runner/work/log-generation/log-generation
2026-09-23T08:48:28.3054110Z configfile: pytest.ini
2026-09-23T08:48:28.3107614Z collecting ... collected 6 items
2026-09-23T08:48:28.3107892Z 
2026-09-23T08:48:28.3112919Z tests/test_app.py::test_calculate_division PASSED                        [ 16%]
2026-09-23T08:48:28.3117063Z tests/test_app.py::test_convert_to_int PASSED                            [ 33%]
2026-09-23T08:48:28.3121370Z tests/test_app.py::test_get_list_item PASSED                             [ 50%]
2026-09-23T08:48:28.3125039Z tests/test_app.py::test_get_dict_value PASSED                            [ 66%]
2026-09-23T08:48:28.3128395Z tests/test_app.py::test_assert_positive PASSED                           [ 83%]
2026-09-23T08:48:28.3322861Z tests/test_app.py::test_zero_division_error FAILED                       [100%]
2026-09-23T08:48:28.3323243Z 
2026-09-23T08:48:28.3323960Z =================================== FAILURES ===================================
2026-09-23T08:48:28.3324461Z ___________________________ test_zero_division_error ___________________________
2026-09-23T08:48:28.3324738Z 
2026-09-23T08:48:28.3324912Z     def test_zero_division_error():
2026-09-23T08:48:28.3325355Z         """Injected synthetic ZeroDivisionError."""
2026-09-23T08:48:28.3325783Z         from src.app import calculate_division
2026-09-23T08:48:28.3326169Z >       calculate_division(42, 0)
2026-09-23T08:48:28.3326403Z 
2026-09-23T08:48:28.3326520Z tests/test_app.py:139: 
2026-09-23T08:48:28.3326942Z _ _ _ _ _ _ _ _ _ _ _ _ _ _ _ _ _ _ _ _ _ _ _ _ _ _ _ _ _ _ _ _ _ _ _ _ _ _ _ _ 
2026-09-23T08:48:28.3327233Z 
2026-09-23T08:48:28.3327426Z a = 42, b = 0
2026-09-23T08:48:28.3327563Z 
2026-09-23T08:48:28.3327720Z     def calculate_division(a, b):
2026-09-23T08:48:28.3328053Z >       return a / b
2026-09-23T08:48:28.3328343Z                ^^^^^
2026-09-23T08:48:28.3328673Z E       ZeroDivisionError: division by zero
2026-09-23T08:48:28.3328912Z 
2026-09-23T08:48:28.3329049Z src/app.py:2: ZeroDivisionError
2026-09-23T08:48:28.3329424Z =========================== short test summary info ============================
2026-09-23T08:48:28.3330174Z FAILED tests/test_app.py::test_zero_division_error - ZeroDivisionError: division by zero
2026-09-23T08:48:28.3331029Z ========================= 1 failed, 5 passed in 0.02s ==========================
2026-09-23T08:48:28.3517951Z ##[error]Process completed with exit code 1.
2026-09-23T08:48:28.3627933Z Node 20 is being deprecated. This workflow is running with Node 24 by default. If you need to temporarily use Node 20, you can set the ACTIONS_ALLOW_USE_UNSECURE_NODE_VERSION=true environment variable. For more information see: https://github.blog/changelog/2025-09-19-deprecation-of-node-20-on-github-actions-runners/
2026-09-23T08:48:28.3628866Z Post job cleanup.
2026-09-23T08:48:28.4233766Z [command]/usr/bin/git version
2026-09-23T08:48:28.4261879Z git version 2.55.0
2026-09-23T08:48:28.4286119Z Temporarily overriding HOME='/home/runner/work/_temp/d537685d-44e3-4889-8612-721ba381e125' before making global git config changes
2026-09-23T08:48:28.4287146Z Adding repository directory to the temporary git global config as a safe directory
2026-09-23T08:48:28.4290309Z [command]/usr/bin/git config --global --add safe.directory /home/runner/work/log-generation/log-generation
2026-09-23T08:48:28.4321983Z [command]/usr/bin/git config --local --name-only --get-regexp core\.sshCommand
2026-09-23T08:48:28.4352422Z [command]/usr/bin/git submodule foreach --recursive sh -c "git config --local --name-only --get-regexp 'core\.sshCommand' && git config --local --unset-all 'core.sshCommand' || :"
2026-09-23T08:48:28.4523021Z [command]/usr/bin/git config --local --name-only --get-regexp http\.https\:\/\/github\.com\/\.extraheader
2026-09-23T08:48:28.4539495Z http.https://github.com/.extraheader
2026-09-23T08:48:28.4548022Z [command]/usr/bin/git config --local --unset-all http.https://github.com/.extraheader
2026-09-23T08:48:28.4573918Z [command]/usr/bin/git submodule foreach --recursive sh -c "git config --local --name-only --get-regexp 'http\.https\:\/\/github\.com\/\.extraheader' && git config --local --unset-all 'http.https://github.com/.extraheader' || :"
2026-09-23T08:48:28.4742437Z [command]/usr/bin/git config --local --name-only --get-regexp ^includeIf\.gitdir:
2026-09-23T08:48:28.4764085Z [command]/usr/bin/git submodule foreach --recursive git config --local --show-origin --name-only --get-regexp remote.origin.url
2026-09-23T08:48:28.5032464Z Cleaning up orphan processes
2026-09-23T08:48:28.5210888Z ##[warning]Node.js 20 is deprecated. The following actions target Node.js 20 but are being forced to run on Node.js 24: actions/checkout@v4, actions/setup-python@v5. For more information see: https://github.blog/changelog/2025-09-19-deprecation-of-node-20-on-github-actions-runners/
