ï»¿2026-09-23T08:43:55.0903517Z Current runner version: '2.337.0'
2026-09-23T08:43:55.0938679Z ##[group]Runner Image Provisioner
2026-09-23T08:43:55.0940001Z Hosted Compute Agent
2026-09-23T08:43:55.0941137Z Version: 20260828.587
2026-09-23T08:43:55.0942192Z Commit: abac92662cab4cc7352de4f9f9d2e2419aad9c29
2026-09-23T08:43:55.0943424Z Build Date: 2026-08-28T16:44:25Z
2026-09-23T08:43:55.0944963Z Worker ID: {f2257bfa-5cd0-4508-956d-25feb38381af}
2026-09-23T08:43:55.0946201Z Azure Region: eastus2
2026-09-23T08:43:55.0947243Z ##[endgroup]
2026-09-23T08:43:55.0950113Z ##[group]Operating System
2026-09-23T08:43:55.0951635Z Ubuntu
2026-09-23T08:43:55.0952514Z 24.04.5
2026-09-23T08:43:55.0953399Z LTS
2026-09-23T08:43:55.0954663Z ##[endgroup]
2026-09-23T08:43:55.0955558Z ##[group]Runner Image
2026-09-23T08:43:55.0956652Z Image: ubuntu-24.04
2026-09-23T08:43:55.0957617Z Version: 20260920.314.1
2026-09-23T08:43:55.0959833Z Included Software: https://github.com/actions/runner-images/blob/ubuntu24/20260920.314/images/ubuntu/Ubuntu2404-Readme.md
2026-09-23T08:43:55.0962529Z Image Release: https://github.com/actions/runner-images/releases/tag/ubuntu24%2F20260920.314
2026-09-23T08:43:55.0964552Z ##[endgroup]
2026-09-23T08:43:55.0966889Z ##[group]GITHUB_TOKEN Permissions
2026-09-23T08:43:55.0970031Z Contents: read
2026-09-23T08:43:55.0971014Z Metadata: read
2026-09-23T08:43:55.0971975Z Packages: read
2026-09-23T08:43:55.0972864Z ##[endgroup]
2026-09-23T08:43:55.0976112Z Secret source: Actions
2026-09-23T08:43:55.0977877Z Cache mode: write
2026-09-23T08:43:55.0979446Z Prepare workflow directory
2026-09-23T08:43:55.1459444Z Prepare all required actions
2026-09-23T08:43:55.1530445Z Getting action download info
2026-09-23T08:43:55.3736836Z Download action repository 'actions/checkout@v4' (SHA:11d5960a326750d5838078e36cf38b85af677262)
2026-09-23T08:43:55.4722427Z Download action repository 'actions/setup-python@v5' (SHA:a26af69be951a213d495a4c3e4e4022e16d87065)
2026-09-23T08:43:55.6559963Z Complete job name: test-f3 (ValueError #49)
2026-09-23T08:43:55.7330804Z Node 20 is being deprecated. This workflow is running with Node 24 by default. If you need to temporarily use Node 20, you can set the ACTIONS_ALLOW_USE_UNSECURE_NODE_VERSION=true environment variable. For more information see: https://github.blog/changelog/2025-09-19-deprecation-of-node-20-on-github-actions-runners/
2026-09-23T08:43:55.7339667Z ##[group]Run actions/checkout@v4
2026-09-23T08:43:55.7340406Z with:
2026-09-23T08:43:55.7340881Z   fetch-depth: 1
2026-09-23T08:43:55.7341372Z   repository: DhruvHegde/log-generation
2026-09-23T08:43:55.7345744Z   token: ***
2026-09-23T08:43:55.7346195Z   ssh-strict: true
2026-09-23T08:43:55.7346638Z   ssh-user: git
2026-09-23T08:43:55.7347094Z   persist-credentials: true
2026-09-23T08:43:55.7347596Z   clean: true
2026-09-23T08:43:55.7348095Z   sparse-checkout-cone-mode: true
2026-09-23T08:43:55.7348629Z   fetch-tags: false
2026-09-23T08:43:55.7349084Z   show-progress: true
2026-09-23T08:43:55.7349542Z   lfs: false
2026-09-23T08:43:55.7349996Z   submodules: false
2026-09-23T08:43:55.7350476Z   set-safe-directory: true
2026-09-23T08:43:55.7350983Z   allow-unsafe-pr-checkout: false
2026-09-23T08:43:55.7351812Z ##[endgroup]
2026-09-23T08:43:55.8369932Z Syncing repository: DhruvHegde/log-generation
2026-09-23T08:43:55.8372456Z ##[group]Getting Git version info
2026-09-23T08:43:55.8373757Z Working directory is '/home/runner/work/log-generation/log-generation'
2026-09-23T08:43:55.8375840Z [command]/usr/bin/git version
2026-09-23T08:43:55.8468782Z git version 2.55.0
2026-09-23T08:43:55.8498289Z ##[endgroup]
2026-09-23T08:43:55.8516849Z Temporarily overriding HOME='/home/runner/work/_temp/39473e7f-d764-4021-a57f-6076854b52dc' before making global git config changes
2026-09-23T08:43:55.8519119Z Adding repository directory to the temporary git global config as a safe directory
2026-09-23T08:43:55.8523369Z [command]/usr/bin/git config --global --add safe.directory /home/runner/work/log-generation/log-generation
2026-09-23T08:43:55.8589351Z Deleting the contents of '/home/runner/work/log-generation/log-generation'
2026-09-23T08:43:55.8594621Z ##[group]Initializing the repository
2026-09-23T08:43:55.8598635Z [command]/usr/bin/git init /home/runner/work/log-generation/log-generation
2026-09-23T08:43:55.8727275Z hint: Using 'master' as the name for the initial branch. This default branch name
2026-09-23T08:43:55.8729176Z hint: will change to "main" in Git 3.0. To configure the initial branch name
2026-09-23T08:43:55.8730941Z hint: to use in all of your new repositories, which will suppress this warning,
2026-09-23T08:43:55.8732450Z hint: call:
2026-09-23T08:43:55.8733340Z hint:
2026-09-23T08:43:55.8734548Z hint: 	git config --global init.defaultBranch <name>
2026-09-23T08:43:55.8735747Z hint:
2026-09-23T08:43:55.8738227Z hint: Names commonly chosen instead of 'master' are 'main', 'trunk' and
2026-09-23T08:43:55.8739973Z hint: 'development'. The just-created branch can be renamed via this command:
2026-09-23T08:43:55.8741343Z hint:
2026-09-23T08:43:55.8742291Z hint: 	git branch -m <name>
2026-09-23T08:43:55.8743360Z hint:
2026-09-23T08:43:55.8744760Z hint: Disable this message with "git config set advice.defaultBranchName false"
2026-09-23T08:43:55.8746745Z Initialized empty Git repository in /home/runner/work/log-generation/log-generation/.git/
2026-09-23T08:43:55.8749082Z [command]/usr/bin/git remote add origin https://github.com/DhruvHegde/log-generation
2026-09-23T08:43:55.8796878Z ##[endgroup]
2026-09-23T08:43:55.8798195Z ##[group]Disabling automatic garbage collection
2026-09-23T08:43:55.8801996Z [command]/usr/bin/git config --local gc.auto 0
2026-09-23T08:43:55.8835249Z ##[endgroup]
2026-09-23T08:43:55.8836103Z ##[group]Setting up auth
2026-09-23T08:43:55.8843259Z [command]/usr/bin/git config --local --name-only --get-regexp core\.sshCommand
2026-09-23T08:43:55.8892258Z [command]/usr/bin/git submodule foreach --recursive sh -c "git config --local --name-only --get-regexp 'core\.sshCommand' && git config --local --unset-all 'core.sshCommand' || :"
2026-09-23T08:43:55.9325101Z [command]/usr/bin/git config --local --name-only --get-regexp http\.https\:\/\/github\.com\/\.extraheader
2026-09-23T08:43:55.9363481Z [command]/usr/bin/git submodule foreach --recursive sh -c "git config --local --name-only --get-regexp 'http\.https\:\/\/github\.com\/\.extraheader' && git config --local --unset-all 'http.https://github.com/.extraheader' || :"
2026-09-23T08:43:55.9591478Z [command]/usr/bin/git config --local --name-only --get-regexp ^includeIf\.gitdir:
2026-09-23T08:43:55.9627808Z [command]/usr/bin/git submodule foreach --recursive git config --local --show-origin --name-only --get-regexp remote.origin.url
2026-09-23T08:43:55.9856683Z [command]/usr/bin/git config --local http.https://github.com/.extraheader AUTHORIZATION: basic ***
2026-09-23T08:43:55.9899501Z ##[endgroup]
2026-09-23T08:43:55.9900421Z ##[group]Fetching the repository
2026-09-23T08:43:55.9909981Z [command]/usr/bin/git -c protocol.version=2 fetch --no-tags --prune --no-recurse-submodules --depth=1 origin +dfcb6f158e4bd8054252a4da5d0a9edc2ab15d57:refs/remotes/origin/feature/f3-test-failures
2026-09-23T08:43:56.2412282Z From https://github.com/DhruvHegde/log-generation
2026-09-23T08:43:56.2413491Z  * [new ref]         dfcb6f158e4bd8054252a4da5d0a9edc2ab15d57 -> origin/feature/f3-test-failures
2026-09-23T08:43:56.2418119Z ##[endgroup]
2026-09-23T08:43:56.2419889Z ##[group]Determining the checkout info
2026-09-23T08:43:56.2421873Z ##[endgroup]
2026-09-23T08:43:56.2429025Z [command]/usr/bin/git sparse-checkout disable
2026-09-23T08:43:56.2485668Z [command]/usr/bin/git config --local --unset-all extensions.worktreeConfig
2026-09-23T08:43:56.2517724Z ##[group]Checking out the ref
2026-09-23T08:43:56.2524613Z [command]/usr/bin/git checkout --progress --force -B feature/f3-test-failures refs/remotes/origin/feature/f3-test-failures
2026-09-23T08:43:56.2643166Z Switched to a new branch 'feature/f3-test-failures'
2026-09-23T08:43:56.2649990Z branch 'feature/f3-test-failures' set up to track 'origin/feature/f3-test-failures'.
2026-09-23T08:43:56.2656435Z ##[endgroup]
2026-09-23T08:43:56.2702364Z [command]/usr/bin/git log -1 --format=%H
2026-09-23T08:43:56.2729108Z dfcb6f158e4bd8054252a4da5d0a9edc2ab15d57
2026-09-23T08:43:56.3020246Z Node 20 is being deprecated. This workflow is running with Node 24 by default. If you need to temporarily use Node 20, you can set the ACTIONS_ALLOW_USE_UNSECURE_NODE_VERSION=true environment variable. For more information see: https://github.blog/changelog/2025-09-19-deprecation-of-node-20-on-github-actions-runners/
2026-09-23T08:43:56.3023245Z ##[group]Run actions/setup-python@v5
2026-09-23T08:43:56.3023837Z with:
2026-09-23T08:43:56.3024606Z   python-version: 3.11
2026-09-23T08:43:56.3025131Z   check-latest: false
2026-09-23T08:43:56.3029245Z   token: ***
2026-09-23T08:43:56.3029734Z   update-environment: true
2026-09-23T08:43:56.3030287Z   allow-prereleases: false
2026-09-23T08:43:56.3030821Z   freethreaded: false
2026-09-23T08:43:56.3031315Z ##[endgroup]
2026-09-23T08:43:56.4379922Z ##[group]Installed versions
2026-09-23T08:43:56.4514624Z (node:2251) [DEP0040] DeprecationWarning: The `punycode` module is deprecated. Please use a userland alternative instead.
2026-09-23T08:43:56.4517072Z (Use `node --trace-deprecation ...` to show where the warning was created)
2026-09-23T08:43:56.4519282Z Successfully set up CPython (3.11.16)
2026-09-23T08:43:56.4535661Z ##[endgroup]
2026-09-23T08:43:56.4722631Z ##[group]Run pip install --no-cache-dir pytest
2026-09-23T08:43:56.4723609Z [36;1mpip install --no-cache-dir pytest[0m
2026-09-23T08:43:56.5081516Z shell: /usr/bin/bash -e {0}
2026-09-23T08:43:56.5082271Z env:
2026-09-23T08:43:56.5082959Z   pythonLocation: /opt/hostedtoolcache/Python/3.11.16/x64
2026-09-23T08:43:56.5084327Z   PKG_CONFIG_PATH: /opt/hostedtoolcache/Python/3.11.16/x64/lib/pkgconfig
2026-09-23T08:43:56.5085509Z   Python_ROOT_DIR: /opt/hostedtoolcache/Python/3.11.16/x64
2026-09-23T08:43:56.5086432Z   Python2_ROOT_DIR: /opt/hostedtoolcache/Python/3.11.16/x64
2026-09-23T08:43:56.5087385Z   Python3_ROOT_DIR: /opt/hostedtoolcache/Python/3.11.16/x64
2026-09-23T08:43:56.5159772Z   LD_LIBRARY_PATH: /opt/hostedtoolcache/Python/3.11.16/x64/lib
2026-09-23T08:43:56.5161264Z ##[endgroup]
2026-09-23T08:43:57.4722760Z Collecting pytest
2026-09-23T08:43:57.5310345Z   Downloading pytest-9.1.1-py3-none-any.whl.metadata (7.6 kB)
2026-09-23T08:43:57.5436663Z Collecting iniconfig>=1.0.1 (from pytest)
2026-09-23T08:43:57.5510208Z   Downloading iniconfig-2.3.0-py3-none-any.whl.metadata (2.5 kB)
2026-09-23T08:43:57.5661585Z Collecting packaging>=22 (from pytest)
2026-09-23T08:43:57.5737917Z   Downloading packaging-26.3-py3-none-any.whl.metadata (3.5 kB)
2026-09-23T08:43:57.5870327Z Collecting pluggy<2,>=1.5 (from pytest)
2026-09-23T08:43:57.5946248Z   Downloading pluggy-1.6.0-py3-none-any.whl.metadata (4.8 kB)
2026-09-23T08:43:57.6123650Z Collecting pygments>=2.7.2 (from pytest)
2026-09-23T08:43:57.6197492Z   Downloading pygments-2.21.0-py3-none-any.whl.metadata (2.5 kB)
2026-09-23T08:43:57.6298163Z Downloading pytest-9.1.1-py3-none-any.whl (386 kB)
2026-09-23T08:43:57.6597752Z Downloading pluggy-1.6.0-py3-none-any.whl (20 kB)
2026-09-23T08:43:57.6670761Z Downloading iniconfig-2.3.0-py3-none-any.whl (7.5 kB)
2026-09-23T08:43:57.6746858Z Downloading packaging-26.3-py3-none-any.whl (129 kB)
2026-09-23T08:43:57.6829728Z Downloading pygments-2.21.0-py3-none-any.whl (1.3 MB)
2026-09-23T08:43:57.7015799Z    ââââââââââââââââââââââââââââââââââââââââ 1.3/1.3 MB 91.2 MB/s  0:00:00
2026-09-23T08:43:57.7729276Z Installing collected packages: pygments, pluggy, packaging, iniconfig, pytest
2026-09-23T08:43:58.7435374Z 
2026-09-23T08:43:58.7445227Z Successfully installed iniconfig-2.3.0 packaging-26.3 pluggy-1.6.0 pygments-2.21.0 pytest-9.1.1
2026-09-23T08:43:58.8044889Z ##[group]Run python automation/inject_mutation.py --error-type "ValueError"
2026-09-23T08:43:58.8045626Z [36;1mpython automation/inject_mutation.py --error-type "ValueError"[0m
2026-09-23T08:43:58.8112927Z shell: /usr/bin/bash -e {0}
2026-09-23T08:43:58.8113246Z env:
2026-09-23T08:43:58.8113565Z   pythonLocation: /opt/hostedtoolcache/Python/3.11.16/x64
2026-09-23T08:43:58.8114744Z   PKG_CONFIG_PATH: /opt/hostedtoolcache/Python/3.11.16/x64/lib/pkgconfig
2026-09-23T08:43:58.8115259Z   Python_ROOT_DIR: /opt/hostedtoolcache/Python/3.11.16/x64
2026-09-23T08:43:58.8115705Z   Python2_ROOT_DIR: /opt/hostedtoolcache/Python/3.11.16/x64
2026-09-23T08:43:58.8116144Z   Python3_ROOT_DIR: /opt/hostedtoolcache/Python/3.11.16/x64
2026-09-23T08:43:58.8116585Z   LD_LIBRARY_PATH: /opt/hostedtoolcache/Python/3.11.16/x64/lib
2026-09-23T08:43:58.8116966Z ##[endgroup]
2026-09-23T08:43:58.8455828Z [Mutation Injected] Successfully injected ValueError into tests/test_app.py
2026-09-23T08:43:58.8531874Z ##[group]Run pytest tests/test_app.py -v
2026-09-23T08:43:58.8532268Z [36;1mpytest tests/test_app.py -v[0m
2026-09-23T08:43:58.8598221Z shell: /usr/bin/bash -e {0}
2026-09-23T08:43:58.8598485Z env:
2026-09-23T08:43:58.8598766Z   pythonLocation: /opt/hostedtoolcache/Python/3.11.16/x64
2026-09-23T08:43:58.8599250Z   PKG_CONFIG_PATH: /opt/hostedtoolcache/Python/3.11.16/x64/lib/pkgconfig
2026-09-23T08:43:58.8599751Z   Python_ROOT_DIR: /opt/hostedtoolcache/Python/3.11.16/x64
2026-09-23T08:43:58.8600169Z   Python2_ROOT_DIR: /opt/hostedtoolcache/Python/3.11.16/x64
2026-09-23T08:43:58.8600584Z   Python3_ROOT_DIR: /opt/hostedtoolcache/Python/3.11.16/x64
2026-09-23T08:43:58.8601003Z   LD_LIBRARY_PATH: /opt/hostedtoolcache/Python/3.11.16/x64/lib
2026-09-23T08:43:58.8601357Z ##[endgroup]
2026-09-23T08:43:59.5278462Z ============================= test session starts ==============================
2026-09-23T08:43:59.5279713Z platform linux -- Python 3.11.16, pytest-9.1.1, pluggy-1.6.0 -- /opt/hostedtoolcache/Python/3.11.16/x64/bin/python
2026-09-23T08:43:59.5280657Z cachedir: .pytest_cache
2026-09-23T08:43:59.5281214Z rootdir: /home/runner/work/log-generation/log-generation
2026-09-23T08:43:59.5281891Z configfile: pytest.ini
2026-09-23T08:43:59.5369121Z collecting ... collected 6 items
2026-09-23T08:43:59.5369842Z 
2026-09-23T08:43:59.5378857Z tests/test_app.py::test_calculate_division PASSED                        [ 16%]
2026-09-23T08:43:59.5386759Z tests/test_app.py::test_convert_to_int PASSED                            [ 33%]
2026-09-23T08:43:59.5394403Z tests/test_app.py::test_get_list_item PASSED                             [ 50%]
2026-09-23T08:43:59.5402008Z tests/test_app.py::test_get_dict_value PASSED                            [ 66%]
2026-09-23T08:43:59.5409307Z tests/test_app.py::test_assert_positive PASSED                           [ 83%]
2026-09-23T08:43:59.5700414Z tests/test_app.py::test_value_error FAILED                               [100%]
2026-09-23T08:43:59.5701044Z 
2026-09-23T08:43:59.5701335Z =================================== FAILURES ===================================
2026-09-23T08:43:59.5702120Z _______________________________ test_value_error _______________________________
2026-09-23T08:43:59.5702672Z 
2026-09-23T08:43:59.5702847Z     def test_value_error():
2026-09-23T08:43:59.5703357Z         """Injected synthetic ValueError."""
2026-09-23T08:43:59.5704407Z         from src.app import convert_to_int
2026-09-23T08:43:59.5705090Z >       convert_to_int("unparseable_alphanumeric_0x99")
2026-09-23T08:43:59.5705521Z 
2026-09-23T08:43:59.5705694Z tests/test_app.py:137: 
2026-09-23T08:43:59.5706215Z _ _ _ _ _ _ _ _ _ _ _ _ _ _ _ _ _ _ _ _ _ _ _ _ _ _ _ _ _ _ _ _ _ _ _ _ _ _ _ _ 
2026-09-23T08:43:59.5706684Z 
2026-09-23T08:43:59.5706869Z val = 'unparseable_alphanumeric_0x99'
2026-09-23T08:43:59.5707211Z 
2026-09-23T08:43:59.5707378Z     def convert_to_int(val):
2026-09-23T08:43:59.5707795Z >       return int(val)
2026-09-23T08:43:59.5708170Z                ^^^^^^^^
2026-09-23T08:43:59.5708863Z E       ValueError: invalid literal for int() with base 10: 'unparseable_alphanumeric_0x99'
2026-09-23T08:43:59.5709524Z 
2026-09-23T08:43:59.5709698Z src/app.py:5: ValueError
2026-09-23T08:43:59.5710195Z =========================== short test summary info ============================
2026-09-23T08:43:59.5711393Z FAILED tests/test_app.py::test_value_error - ValueError: invalid literal for int() with base 10: 'unparseable_alphanumeric_0x99'
2026-09-23T08:43:59.5713017Z ========================= 1 failed, 5 passed in 0.03s ==========================
2026-09-23T08:43:59.5928951Z ##[error]Process completed with exit code 1.
2026-09-23T08:43:59.6081573Z Node 20 is being deprecated. This workflow is running with Node 24 by default. If you need to temporarily use Node 20, you can set the ACTIONS_ALLOW_USE_UNSECURE_NODE_VERSION=true environment variable. For more information see: https://github.blog/changelog/2025-09-19-deprecation-of-node-20-on-github-actions-runners/
2026-09-23T08:43:59.6082886Z Post job cleanup.
2026-09-23T08:43:59.6958888Z [command]/usr/bin/git version
2026-09-23T08:43:59.7008379Z git version 2.55.0
2026-09-23T08:43:59.7050183Z Temporarily overriding HOME='/home/runner/work/_temp/6df8fe0e-ff28-424a-9796-a2ddaa7462ac' before making global git config changes
2026-09-23T08:43:59.7051812Z Adding repository directory to the temporary git global config as a safe directory
2026-09-23T08:43:59.7056337Z [command]/usr/bin/git config --global --add safe.directory /home/runner/work/log-generation/log-generation
2026-09-23T08:43:59.7098721Z [command]/usr/bin/git config --local --name-only --get-regexp core\.sshCommand
2026-09-23T08:43:59.7148074Z [command]/usr/bin/git submodule foreach --recursive sh -c "git config --local --name-only --get-regexp 'core\.sshCommand' && git config --local --unset-all 'core.sshCommand' || :"
2026-09-23T08:43:59.7433492Z [command]/usr/bin/git config --local --name-only --get-regexp http\.https\:\/\/github\.com\/\.extraheader
2026-09-23T08:43:59.7474493Z http.https://github.com/.extraheader
2026-09-23T08:43:59.7490593Z [command]/usr/bin/git config --local --unset-all http.https://github.com/.extraheader
2026-09-23T08:43:59.7525852Z [command]/usr/bin/git submodule foreach --recursive sh -c "git config --local --name-only --get-regexp 'http\.https\:\/\/github\.com\/\.extraheader' && git config --local --unset-all 'http.https://github.com/.extraheader' || :"
2026-09-23T08:43:59.7803616Z [command]/usr/bin/git config --local --name-only --get-regexp ^includeIf\.gitdir:
2026-09-23T08:43:59.7847813Z [command]/usr/bin/git submodule foreach --recursive git config --local --show-origin --name-only --get-regexp remote.origin.url
2026-09-23T08:43:59.8243543Z Cleaning up orphan processes
2026-09-23T08:43:59.8522984Z ##[warning]Node.js 20 is deprecated. The following actions target Node.js 20 but are being forced to run on Node.js 24: actions/checkout@v4, actions/setup-python@v5. For more information see: https://github.blog/changelog/2025-09-19-deprecation-of-node-20-on-github-actions-runners/
