ï»¿2026-09-23T08:49:09.4615539Z Current runner version: '2.337.0'
2026-09-23T08:49:09.4636056Z ##[group]Runner Image Provisioner
2026-09-23T08:49:09.4636765Z Hosted Compute Agent
2026-09-23T08:49:09.4637241Z Version: 20260828.587
2026-09-23T08:49:09.4637863Z Commit: abac92662cab4cc7352de4f9f9d2e2419aad9c29
2026-09-23T08:49:09.4638467Z Build Date: 2026-08-28T16:44:25Z
2026-09-23T08:49:09.4639090Z Worker ID: {ba966f02-e532-429d-a85b-476d36092f3b}
2026-09-23T08:49:09.4639673Z Azure Region: westcentralus
2026-09-23T08:49:09.4640152Z ##[endgroup]
2026-09-23T08:49:09.4641528Z ##[group]Operating System
2026-09-23T08:49:09.4642041Z Ubuntu
2026-09-23T08:49:09.4642526Z 24.04.5
2026-09-23T08:49:09.4642970Z LTS
2026-09-23T08:49:09.4643853Z ##[endgroup]
2026-09-23T08:49:09.4644349Z ##[group]Runner Image
2026-09-23T08:49:09.4644858Z Image: ubuntu-24.04
2026-09-23T08:49:09.4645359Z Version: 20260907.300.1
2026-09-23T08:49:09.4646395Z Included Software: https://github.com/actions/runner-images/blob/ubuntu24/20260907.300/images/ubuntu/Ubuntu2404-Readme.md
2026-09-23T08:49:09.4647690Z Image Release: https://github.com/actions/runner-images/releases/tag/ubuntu24%2F20260907.300
2026-09-23T08:49:09.4648483Z ##[endgroup]
2026-09-23T08:49:09.4649536Z ##[group]GITHUB_TOKEN Permissions
2026-09-23T08:49:09.4651252Z Contents: read
2026-09-23T08:49:09.4651833Z Metadata: read
2026-09-23T08:49:09.4652296Z Packages: read
2026-09-23T08:49:09.4652743Z ##[endgroup]
2026-09-23T08:49:09.4654624Z Secret source: Actions
2026-09-23T08:49:09.4655403Z Cache mode: write
2026-09-23T08:49:09.4656368Z Prepare workflow directory
2026-09-23T08:49:09.5806763Z Prepare all required actions
2026-09-23T08:49:09.5848993Z Getting action download info
2026-09-23T08:49:09.8581400Z Download action repository 'actions/checkout@v4' (SHA:11d5960a326750d5838078e36cf38b85af677262)
2026-09-23T08:49:10.1679169Z Download action repository 'actions/setup-python@v5' (SHA:a26af69be951a213d495a4c3e4e4022e16d87065)
2026-09-23T08:49:10.3514936Z Complete job name: test-f3 (ZeroDivisionError #94)
2026-09-23T08:49:10.4147986Z Node 20 is being deprecated. This workflow is running with Node 24 by default. If you need to temporarily use Node 20, you can set the ACTIONS_ALLOW_USE_UNSECURE_NODE_VERSION=true environment variable. For more information see: https://github.blog/changelog/2025-09-19-deprecation-of-node-20-on-github-actions-runners/
2026-09-23T08:49:10.4154961Z ##[group]Run actions/checkout@v4
2026-09-23T08:49:10.4155507Z with:
2026-09-23T08:49:10.4155843Z   fetch-depth: 1
2026-09-23T08:49:10.4156228Z   repository: DhruvHegde/log-generation
2026-09-23T08:49:10.4159524Z   token: ***
2026-09-23T08:49:10.4159878Z   ssh-strict: true
2026-09-23T08:49:10.4160234Z   ssh-user: git
2026-09-23T08:49:10.4160592Z   persist-credentials: true
2026-09-23T08:49:10.4160994Z   clean: true
2026-09-23T08:49:10.4161350Z   sparse-checkout-cone-mode: true
2026-09-23T08:49:10.4161757Z   fetch-tags: false
2026-09-23T08:49:10.4162110Z   show-progress: true
2026-09-23T08:49:10.4162468Z   lfs: false
2026-09-23T08:49:10.4162837Z   submodules: false
2026-09-23T08:49:10.4163340Z   set-safe-directory: true
2026-09-23T08:49:10.4163742Z   allow-unsafe-pr-checkout: false
2026-09-23T08:49:10.4164294Z ##[endgroup]
2026-09-23T08:49:10.4998945Z Syncing repository: DhruvHegde/log-generation
2026-09-23T08:49:10.5001064Z ##[group]Getting Git version info
2026-09-23T08:49:10.5002005Z Working directory is '/home/runner/work/log-generation/log-generation'
2026-09-23T08:49:10.5003516Z [command]/usr/bin/git version
2026-09-23T08:49:10.5088996Z git version 2.55.0
2026-09-23T08:49:10.5123249Z ##[endgroup]
2026-09-23T08:49:10.5130298Z Temporarily overriding HOME='/home/runner/work/_temp/bb12c9a7-8535-4199-836b-ceedd979bb38' before making global git config changes
2026-09-23T08:49:10.5132253Z Adding repository directory to the temporary git global config as a safe directory
2026-09-23T08:49:10.5133977Z [command]/usr/bin/git config --global --add safe.directory /home/runner/work/log-generation/log-generation
2026-09-23T08:49:10.5183900Z Deleting the contents of '/home/runner/work/log-generation/log-generation'
2026-09-23T08:49:10.5191462Z ##[group]Initializing the repository
2026-09-23T08:49:10.5193764Z [command]/usr/bin/git init /home/runner/work/log-generation/log-generation
2026-09-23T08:49:10.5460012Z hint: Using 'master' as the name for the initial branch. This default branch name
2026-09-23T08:49:10.5462212Z hint: will change to "main" in Git 3.0. To configure the initial branch name
2026-09-23T08:49:10.5464252Z hint: to use in all of your new repositories, which will suppress this warning,
2026-09-23T08:49:10.5465504Z hint: call:
2026-09-23T08:49:10.5466801Z hint:
2026-09-23T08:49:10.5467855Z hint: 	git config --global init.defaultBranch <name>
2026-09-23T08:49:10.5469272Z hint:
2026-09-23T08:49:10.5470409Z hint: Names commonly chosen instead of 'master' are 'main', 'trunk' and
2026-09-23T08:49:10.5472233Z hint: 'development'. The just-created branch can be renamed via this command:
2026-09-23T08:49:10.5473609Z hint:
2026-09-23T08:49:10.5474740Z hint: 	git branch -m <name>
2026-09-23T08:49:10.5475737Z hint:
2026-09-23T08:49:10.5477676Z hint: Disable this message with "git config set advice.defaultBranchName false"
2026-09-23T08:49:10.5481729Z Initialized empty Git repository in /home/runner/work/log-generation/log-generation/.git/
2026-09-23T08:49:10.5485935Z [command]/usr/bin/git remote add origin https://github.com/DhruvHegde/log-generation
2026-09-23T08:49:10.5525922Z ##[endgroup]
2026-09-23T08:49:10.5526852Z ##[group]Disabling automatic garbage collection
2026-09-23T08:49:10.5529784Z [command]/usr/bin/git config --local gc.auto 0
2026-09-23T08:49:10.5560423Z ##[endgroup]
2026-09-23T08:49:10.5561461Z ##[group]Setting up auth
2026-09-23T08:49:10.5567616Z [command]/usr/bin/git config --local --name-only --get-regexp core\.sshCommand
2026-09-23T08:49:10.5597552Z [command]/usr/bin/git submodule foreach --recursive sh -c "git config --local --name-only --get-regexp 'core\.sshCommand' && git config --local --unset-all 'core.sshCommand' || :"
2026-09-23T08:49:10.5876533Z [command]/usr/bin/git config --local --name-only --get-regexp http\.https\:\/\/github\.com\/\.extraheader
2026-09-23T08:49:10.5909113Z [command]/usr/bin/git submodule foreach --recursive sh -c "git config --local --name-only --get-regexp 'http\.https\:\/\/github\.com\/\.extraheader' && git config --local --unset-all 'http.https://github.com/.extraheader' || :"
2026-09-23T08:49:10.6098412Z [command]/usr/bin/git config --local --name-only --get-regexp ^includeIf\.gitdir:
2026-09-23T08:49:10.6128891Z [command]/usr/bin/git submodule foreach --recursive git config --local --show-origin --name-only --get-regexp remote.origin.url
2026-09-23T08:49:10.6319848Z [command]/usr/bin/git config --local http.https://github.com/.extraheader AUTHORIZATION: basic ***
2026-09-23T08:49:10.6352488Z ##[endgroup]
2026-09-23T08:49:10.6353600Z ##[group]Fetching the repository
2026-09-23T08:49:10.6361121Z [command]/usr/bin/git -c protocol.version=2 fetch --no-tags --prune --no-recurse-submodules --depth=1 origin +43f20917de93b9aad51cf79a69ad5239c5632917:refs/remotes/origin/feature/f3-test-failures
2026-09-23T08:49:11.4562643Z From https://github.com/DhruvHegde/log-generation
2026-09-23T08:49:11.4564515Z  * [new ref]         43f20917de93b9aad51cf79a69ad5239c5632917 -> origin/feature/f3-test-failures
2026-09-23T08:49:11.4568087Z ##[endgroup]
2026-09-23T08:49:11.4569363Z ##[group]Determining the checkout info
2026-09-23T08:49:11.4570690Z ##[endgroup]
2026-09-23T08:49:11.4574231Z [command]/usr/bin/git sparse-checkout disable
2026-09-23T08:49:11.4617211Z [command]/usr/bin/git config --local --unset-all extensions.worktreeConfig
2026-09-23T08:49:11.4645678Z ##[group]Checking out the ref
2026-09-23T08:49:11.4648695Z [command]/usr/bin/git checkout --progress --force -B feature/f3-test-failures refs/remotes/origin/feature/f3-test-failures
2026-09-23T08:49:11.5567892Z Switched to a new branch 'feature/f3-test-failures'
2026-09-23T08:49:11.5570929Z branch 'feature/f3-test-failures' set up to track 'origin/feature/f3-test-failures'.
2026-09-23T08:49:11.5578974Z ##[endgroup]
2026-09-23T08:49:11.5617478Z [command]/usr/bin/git log -1 --format=%H
2026-09-23T08:49:11.5640443Z 43f20917de93b9aad51cf79a69ad5239c5632917
2026-09-23T08:49:11.5925787Z Node 20 is being deprecated. This workflow is running with Node 24 by default. If you need to temporarily use Node 20, you can set the ACTIONS_ALLOW_USE_UNSECURE_NODE_VERSION=true environment variable. For more information see: https://github.blog/changelog/2025-09-19-deprecation-of-node-20-on-github-actions-runners/
2026-09-23T08:49:11.5929478Z ##[group]Run actions/setup-python@v5
2026-09-23T08:49:11.5930464Z with:
2026-09-23T08:49:11.5931197Z   python-version: 3.11
2026-09-23T08:49:11.5932012Z   check-latest: false
2026-09-23T08:49:11.5939116Z   token: ***
2026-09-23T08:49:11.5939924Z   update-environment: true
2026-09-23T08:49:11.5940799Z   allow-prereleases: false
2026-09-23T08:49:11.5941657Z   freethreaded: false
2026-09-23T08:49:11.5942448Z ##[endgroup]
2026-09-23T08:49:11.6993722Z ##[group]Installed versions
2026-09-23T08:49:11.7113395Z (node:2086) [DEP0040] DeprecationWarning: The `punycode` module is deprecated. Please use a userland alternative instead.
2026-09-23T08:49:11.7115936Z (Use `node --trace-deprecation ...` to show where the warning was created)
2026-09-23T08:49:11.7117234Z Successfully set up CPython (3.11.16)
2026-09-23T08:49:11.7119009Z ##[endgroup]
2026-09-23T08:49:11.7340405Z ##[group]Run pip install --no-cache-dir pytest
2026-09-23T08:49:11.7341675Z [36;1mpip install --no-cache-dir pytest[0m
2026-09-23T08:49:11.7396884Z shell: /usr/bin/bash -e {0}
2026-09-23T08:49:11.7397766Z env:
2026-09-23T08:49:11.7398630Z   pythonLocation: /opt/hostedtoolcache/Python/3.11.16/x64
2026-09-23T08:49:11.7399940Z   PKG_CONFIG_PATH: /opt/hostedtoolcache/Python/3.11.16/x64/lib/pkgconfig
2026-09-23T08:49:11.7401214Z   Python_ROOT_DIR: /opt/hostedtoolcache/Python/3.11.16/x64
2026-09-23T08:49:11.7402384Z   Python2_ROOT_DIR: /opt/hostedtoolcache/Python/3.11.16/x64
2026-09-23T08:49:11.7403790Z   Python3_ROOT_DIR: /opt/hostedtoolcache/Python/3.11.16/x64
2026-09-23T08:49:11.7405009Z   LD_LIBRARY_PATH: /opt/hostedtoolcache/Python/3.11.16/x64/lib
2026-09-23T08:49:11.7406024Z ##[endgroup]
2026-09-23T08:49:12.5183345Z Collecting pytest
2026-09-23T08:49:12.6291023Z   Downloading pytest-9.1.1-py3-none-any.whl.metadata (7.6 kB)
2026-09-23T08:49:12.6527140Z Collecting iniconfig>=1.0.1 (from pytest)
2026-09-23T08:49:12.6712703Z   Downloading iniconfig-2.3.0-py3-none-any.whl.metadata (2.5 kB)
2026-09-23T08:49:12.6953753Z Collecting packaging>=22 (from pytest)
2026-09-23T08:49:12.7138822Z   Downloading packaging-26.3-py3-none-any.whl.metadata (3.5 kB)
2026-09-23T08:49:12.7364213Z Collecting pluggy<2,>=1.5 (from pytest)
2026-09-23T08:49:12.7551853Z   Downloading pluggy-1.6.0-py3-none-any.whl.metadata (4.8 kB)
2026-09-23T08:49:12.7832850Z Collecting pygments>=2.7.2 (from pytest)
2026-09-23T08:49:12.8020163Z   Downloading pygments-2.21.0-py3-none-any.whl.metadata (2.5 kB)
2026-09-23T08:49:12.8224937Z Downloading pytest-9.1.1-py3-none-any.whl (386 kB)
2026-09-23T08:49:12.9039792Z Downloading pluggy-1.6.0-py3-none-any.whl (20 kB)
2026-09-23T08:49:12.9225321Z Downloading iniconfig-2.3.0-py3-none-any.whl (7.5 kB)
2026-09-23T08:49:12.9410472Z Downloading packaging-26.3-py3-none-any.whl (129 kB)
2026-09-23T08:49:12.9616243Z Downloading pygments-2.21.0-py3-none-any.whl (1.3 MB)
2026-09-23T08:49:13.0143093Z    ââââââââââââââââââââââââââââââââââââââââ 1.3/1.3 MB 21.7 MB/s  0:00:00
2026-09-23T08:49:13.2176380Z Installing collected packages: pygments, pluggy, packaging, iniconfig, pytest
2026-09-23T08:49:14.0082163Z 
2026-09-23T08:49:14.0090110Z Successfully installed iniconfig-2.3.0 packaging-26.3 pluggy-1.6.0 pygments-2.21.0 pytest-9.1.1
2026-09-23T08:49:14.0659096Z ##[group]Run python automation/inject_mutation.py --error-type "ZeroDivisionError"
2026-09-23T08:49:14.0659611Z [36;1mpython automation/inject_mutation.py --error-type "ZeroDivisionError"[0m
2026-09-23T08:49:14.0694204Z shell: /usr/bin/bash -e {0}
2026-09-23T08:49:14.0694422Z env:
2026-09-23T08:49:14.0694834Z   pythonLocation: /opt/hostedtoolcache/Python/3.11.16/x64
2026-09-23T08:49:14.0695169Z   PKG_CONFIG_PATH: /opt/hostedtoolcache/Python/3.11.16/x64/lib/pkgconfig
2026-09-23T08:49:14.0695521Z   Python_ROOT_DIR: /opt/hostedtoolcache/Python/3.11.16/x64
2026-09-23T08:49:14.0695810Z   Python2_ROOT_DIR: /opt/hostedtoolcache/Python/3.11.16/x64
2026-09-23T08:49:14.0696116Z   Python3_ROOT_DIR: /opt/hostedtoolcache/Python/3.11.16/x64
2026-09-23T08:49:14.0696405Z   LD_LIBRARY_PATH: /opt/hostedtoolcache/Python/3.11.16/x64/lib
2026-09-23T08:49:14.0696656Z ##[endgroup]
2026-09-23T08:49:14.0952290Z [Mutation Injected] Successfully injected ZeroDivisionError into tests/test_app.py
2026-09-23T08:49:14.1013522Z ##[group]Run pytest tests/test_app.py -v
2026-09-23T08:49:14.1013851Z [36;1mpytest tests/test_app.py -v[0m
2026-09-23T08:49:14.1047539Z shell: /usr/bin/bash -e {0}
2026-09-23T08:49:14.1047773Z env:
2026-09-23T08:49:14.1048019Z   pythonLocation: /opt/hostedtoolcache/Python/3.11.16/x64
2026-09-23T08:49:14.1048396Z   PKG_CONFIG_PATH: /opt/hostedtoolcache/Python/3.11.16/x64/lib/pkgconfig
2026-09-23T08:49:14.1048742Z   Python_ROOT_DIR: /opt/hostedtoolcache/Python/3.11.16/x64
2026-09-23T08:49:14.1049056Z   Python2_ROOT_DIR: /opt/hostedtoolcache/Python/3.11.16/x64
2026-09-23T08:49:14.1049361Z   Python3_ROOT_DIR: /opt/hostedtoolcache/Python/3.11.16/x64
2026-09-23T08:49:14.1049669Z   LD_LIBRARY_PATH: /opt/hostedtoolcache/Python/3.11.16/x64/lib
2026-09-23T08:49:14.1049933Z ##[endgroup]
2026-09-23T08:49:14.4862805Z ============================= test session starts ==============================
2026-09-23T08:49:14.4863681Z platform linux -- Python 3.11.16, pytest-9.1.1, pluggy-1.6.0 -- /opt/hostedtoolcache/Python/3.11.16/x64/bin/python
2026-09-23T08:49:14.4864107Z cachedir: .pytest_cache
2026-09-23T08:49:14.4864365Z rootdir: /home/runner/work/log-generation/log-generation
2026-09-23T08:49:14.4864634Z configfile: pytest.ini
2026-09-23T08:49:14.4927567Z collecting ... collected 6 items
2026-09-23T08:49:14.4927780Z 
2026-09-23T08:49:14.4934107Z tests/test_app.py::test_calculate_division PASSED                        [ 16%]
2026-09-23T08:49:14.4938968Z tests/test_app.py::test_convert_to_int PASSED                            [ 33%]
2026-09-23T08:49:14.4944096Z tests/test_app.py::test_get_list_item PASSED                             [ 50%]
2026-09-23T08:49:14.4948786Z tests/test_app.py::test_get_dict_value PASSED                            [ 66%]
2026-09-23T08:49:14.4953283Z tests/test_app.py::test_assert_positive PASSED                           [ 83%]
2026-09-23T08:49:14.5183797Z tests/test_app.py::test_zero_division_error FAILED                       [100%]
2026-09-23T08:49:14.5184394Z 
2026-09-23T08:49:14.5184553Z =================================== FAILURES ===================================
2026-09-23T08:49:14.5184897Z ___________________________ test_zero_division_error ___________________________
2026-09-23T08:49:14.5185106Z 
2026-09-23T08:49:14.5185197Z     def test_zero_division_error():
2026-09-23T08:49:14.5185437Z         """Injected synthetic ZeroDivisionError."""
2026-09-23T08:49:14.5185711Z         from src.app import calculate_division
2026-09-23T08:49:14.5185952Z >       calculate_division(42, 0)
2026-09-23T08:49:14.5186091Z 
2026-09-23T08:49:14.5186170Z tests/test_app.py:139: 
2026-09-23T08:49:14.5186404Z _ _ _ _ _ _ _ _ _ _ _ _ _ _ _ _ _ _ _ _ _ _ _ _ _ _ _ _ _ _ _ _ _ _ _ _ _ _ _ _ 
2026-09-23T08:49:14.5186610Z 
2026-09-23T08:49:14.5186692Z a = 42, b = 0
2026-09-23T08:49:14.5186786Z 
2026-09-23T08:49:14.5186885Z     def calculate_division(a, b):
2026-09-23T08:49:14.5187091Z >       return a / b
2026-09-23T08:49:14.5187258Z                ^^^^^
2026-09-23T08:49:14.5187453Z E       ZeroDivisionError: division by zero
2026-09-23T08:49:14.5187614Z 
2026-09-23T08:49:14.5187699Z src/app.py:2: ZeroDivisionError
2026-09-23T08:49:14.5187952Z =========================== short test summary info ============================
2026-09-23T08:49:14.5188364Z FAILED tests/test_app.py::test_zero_division_error - ZeroDivisionError: division by zero
2026-09-23T08:49:14.5188981Z ========================= 1 failed, 5 passed in 0.02s ==========================
2026-09-23T08:49:14.5356417Z ##[error]Process completed with exit code 1.
2026-09-23T08:49:14.5474714Z Node 20 is being deprecated. This workflow is running with Node 24 by default. If you need to temporarily use Node 20, you can set the ACTIONS_ALLOW_USE_UNSECURE_NODE_VERSION=true environment variable. For more information see: https://github.blog/changelog/2025-09-19-deprecation-of-node-20-on-github-actions-runners/
2026-09-23T08:49:14.5475632Z Post job cleanup.
2026-09-23T08:49:14.6168011Z [command]/usr/bin/git version
2026-09-23T08:49:14.6204300Z git version 2.55.0
2026-09-23T08:49:14.6236267Z Temporarily overriding HOME='/home/runner/work/_temp/6ddadd9a-4633-41b1-a962-4b5f7bd163c8' before making global git config changes
2026-09-23T08:49:14.6237026Z Adding repository directory to the temporary git global config as a safe directory
2026-09-23T08:49:14.6241070Z [command]/usr/bin/git config --global --add safe.directory /home/runner/work/log-generation/log-generation
2026-09-23T08:49:14.6274071Z [command]/usr/bin/git config --local --name-only --get-regexp core\.sshCommand
2026-09-23T08:49:14.6303310Z [command]/usr/bin/git submodule foreach --recursive sh -c "git config --local --name-only --get-regexp 'core\.sshCommand' && git config --local --unset-all 'core.sshCommand' || :"
2026-09-23T08:49:14.6522587Z [command]/usr/bin/git config --local --name-only --get-regexp http\.https\:\/\/github\.com\/\.extraheader
2026-09-23T08:49:14.6545433Z http.https://github.com/.extraheader
2026-09-23T08:49:14.6554891Z [command]/usr/bin/git config --local --unset-all http.https://github.com/.extraheader
2026-09-23T08:49:14.6585405Z [command]/usr/bin/git submodule foreach --recursive sh -c "git config --local --name-only --get-regexp 'http\.https\:\/\/github\.com\/\.extraheader' && git config --local --unset-all 'http.https://github.com/.extraheader' || :"
2026-09-23T08:49:14.6820666Z [command]/usr/bin/git config --local --name-only --get-regexp ^includeIf\.gitdir:
2026-09-23T08:49:14.6860590Z [command]/usr/bin/git submodule foreach --recursive git config --local --show-origin --name-only --get-regexp remote.origin.url
2026-09-23T08:49:14.7233527Z Cleaning up orphan processes
2026-09-23T08:49:14.7491300Z ##[warning]Node.js 20 is deprecated. The following actions target Node.js 20 but are being forced to run on Node.js 24: actions/checkout@v4, actions/setup-python@v5. For more information see: https://github.blog/changelog/2025-09-19-deprecation-of-node-20-on-github-actions-runners/
