ï»¿2026-09-23T08:48:50.5136293Z Current runner version: '2.337.0'
2026-09-23T08:48:50.5160034Z ##[group]Runner Image Provisioner
2026-09-23T08:48:50.5161083Z Hosted Compute Agent
2026-09-23T08:48:50.5161660Z Version: 20260828.587
2026-09-23T08:48:50.5162426Z Commit: abac92662cab4cc7352de4f9f9d2e2419aad9c29
2026-09-23T08:48:50.5163161Z Build Date: 2026-08-28T16:44:25Z
2026-09-23T08:48:50.5163884Z Worker ID: {31a8b919-1017-4989-9b62-7b01882c4489}
2026-09-23T08:48:50.5164571Z Azure Region: westus3
2026-09-23T08:48:50.5165115Z ##[endgroup]
2026-09-23T08:48:50.5167016Z ##[group]Operating System
2026-09-23T08:48:50.5167649Z Ubuntu
2026-09-23T08:48:50.5168180Z 24.04.5
2026-09-23T08:48:50.5168698Z LTS
2026-09-23T08:48:50.5169706Z ##[endgroup]
2026-09-23T08:48:50.5170376Z ##[group]Runner Image
2026-09-23T08:48:50.5170997Z Image: ubuntu-24.04
2026-09-23T08:48:50.5171567Z Version: 20260920.314.1
2026-09-23T08:48:50.5172941Z Included Software: https://github.com/actions/runner-images/blob/ubuntu24/20260920.314/images/ubuntu/Ubuntu2404-Readme.md
2026-09-23T08:48:50.5174408Z Image Release: https://github.com/actions/runner-images/releases/tag/ubuntu24%2F20260920.314
2026-09-23T08:48:50.5175536Z ##[endgroup]
2026-09-23T08:48:50.5176901Z ##[group]GITHUB_TOKEN Permissions
2026-09-23T08:48:50.5179446Z Contents: read
2026-09-23T08:48:50.5180087Z Metadata: read
2026-09-23T08:48:50.5180629Z Packages: read
2026-09-23T08:48:50.5181162Z ##[endgroup]
2026-09-23T08:48:50.5183332Z Secret source: Actions
2026-09-23T08:48:50.5184224Z Cache mode: write
2026-09-23T08:48:50.5185284Z Prepare workflow directory
2026-09-23T08:48:50.5490521Z Prepare all required actions
2026-09-23T08:48:50.5539985Z Getting action download info
2026-09-23T08:48:50.8925466Z Download action repository 'actions/checkout@v4' (SHA:11d5960a326750d5838078e36cf38b85af677262)
2026-09-23T08:48:51.0070361Z Download action repository 'actions/setup-python@v5' (SHA:a26af69be951a213d495a4c3e4e4022e16d87065)
2026-09-23T08:48:51.1963954Z Complete job name: test-f3 (IndexError #75)
2026-09-23T08:48:51.2627843Z Node 20 is being deprecated. This workflow is running with Node 24 by default. If you need to temporarily use Node 20, you can set the ACTIONS_ALLOW_USE_UNSECURE_NODE_VERSION=true environment variable. For more information see: https://github.blog/changelog/2025-09-19-deprecation-of-node-20-on-github-actions-runners/
2026-09-23T08:48:51.2636122Z ##[group]Run actions/checkout@v4
2026-09-23T08:48:51.2636903Z with:
2026-09-23T08:48:51.2637371Z   fetch-depth: 1
2026-09-23T08:48:51.2637903Z   repository: DhruvHegde/log-generation
2026-09-23T08:48:51.2642033Z   token: ***
2026-09-23T08:48:51.2642503Z   ssh-strict: true
2026-09-23T08:48:51.2643019Z   ssh-user: git
2026-09-23T08:48:51.2643505Z   persist-credentials: true
2026-09-23T08:48:51.2644031Z   clean: true
2026-09-23T08:48:51.2644556Z   sparse-checkout-cone-mode: true
2026-09-23T08:48:51.2645112Z   fetch-tags: false
2026-09-23T08:48:51.2645809Z   show-progress: true
2026-09-23T08:48:51.2646329Z   lfs: false
2026-09-23T08:48:51.2646903Z   submodules: false
2026-09-23T08:48:51.2647408Z   set-safe-directory: true
2026-09-23T08:48:51.2647979Z   allow-unsafe-pr-checkout: false
2026-09-23T08:48:51.2648697Z ##[endgroup]
2026-09-23T08:48:51.3614294Z Syncing repository: DhruvHegde/log-generation
2026-09-23T08:48:51.3616979Z ##[group]Getting Git version info
2026-09-23T08:48:51.3618601Z Working directory is '/home/runner/work/log-generation/log-generation'
2026-09-23T08:48:51.3620489Z [command]/usr/bin/git version
2026-09-23T08:48:51.3706533Z git version 2.55.0
2026-09-23T08:48:51.3724746Z ##[endgroup]
2026-09-23T08:48:51.3739846Z Temporarily overriding HOME='/home/runner/work/_temp/b83a4af6-db8b-4383-ba13-f03ce76c0c71' before making global git config changes
2026-09-23T08:48:51.3742027Z Adding repository directory to the temporary git global config as a safe directory
2026-09-23T08:48:51.3746478Z [command]/usr/bin/git config --global --add safe.directory /home/runner/work/log-generation/log-generation
2026-09-23T08:48:51.3791122Z Deleting the contents of '/home/runner/work/log-generation/log-generation'
2026-09-23T08:48:51.3801752Z ##[group]Initializing the repository
2026-09-23T08:48:51.3807328Z [command]/usr/bin/git init /home/runner/work/log-generation/log-generation
2026-09-23T08:48:51.3892071Z hint: Using 'master' as the name for the initial branch. This default branch name
2026-09-23T08:48:51.3893736Z hint: will change to "main" in Git 3.0. To configure the initial branch name
2026-09-23T08:48:51.3895019Z hint: to use in all of your new repositories, which will suppress this warning,
2026-09-23T08:48:51.3895938Z hint: call:
2026-09-23T08:48:51.3896407Z hint:
2026-09-23T08:48:51.3897144Z hint: 	git config --global init.defaultBranch <name>
2026-09-23T08:48:51.3897978Z hint:
2026-09-23T08:48:51.3898617Z hint: Names commonly chosen instead of 'master' are 'main', 'trunk' and
2026-09-23T08:48:51.3900011Z hint: 'development'. The just-created branch can be renamed via this command:
2026-09-23T08:48:51.3900803Z hint:
2026-09-23T08:48:51.3901350Z hint: 	git branch -m <name>
2026-09-23T08:48:51.3901988Z hint:
2026-09-23T08:48:51.3902746Z hint: Disable this message with "git config set advice.defaultBranchName false"
2026-09-23T08:48:51.3904273Z Initialized empty Git repository in /home/runner/work/log-generation/log-generation/.git/
2026-09-23T08:48:51.3906207Z [command]/usr/bin/git remote add origin https://github.com/DhruvHegde/log-generation
2026-09-23T08:48:51.3949679Z ##[endgroup]
2026-09-23T08:48:51.3950709Z ##[group]Disabling automatic garbage collection
2026-09-23T08:48:51.3955850Z [command]/usr/bin/git config --local gc.auto 0
2026-09-23T08:48:51.3987252Z ##[endgroup]
2026-09-23T08:48:51.3988296Z ##[group]Setting up auth
2026-09-23T08:48:51.3993942Z [command]/usr/bin/git config --local --name-only --get-regexp core\.sshCommand
2026-09-23T08:48:51.4026841Z [command]/usr/bin/git submodule foreach --recursive sh -c "git config --local --name-only --get-regexp 'core\.sshCommand' && git config --local --unset-all 'core.sshCommand' || :"
2026-09-23T08:48:51.4331502Z [command]/usr/bin/git config --local --name-only --get-regexp http\.https\:\/\/github\.com\/\.extraheader
2026-09-23T08:48:51.4366382Z [command]/usr/bin/git submodule foreach --recursive sh -c "git config --local --name-only --get-regexp 'http\.https\:\/\/github\.com\/\.extraheader' && git config --local --unset-all 'http.https://github.com/.extraheader' || :"
2026-09-23T08:48:51.4559562Z [command]/usr/bin/git config --local --name-only --get-regexp ^includeIf\.gitdir:
2026-09-23T08:48:51.4589613Z [command]/usr/bin/git submodule foreach --recursive git config --local --show-origin --name-only --get-regexp remote.origin.url
2026-09-23T08:48:51.4767888Z [command]/usr/bin/git config --local http.https://github.com/.extraheader AUTHORIZATION: basic ***
2026-09-23T08:48:51.4802187Z ##[endgroup]
2026-09-23T08:48:51.4803349Z ##[group]Fetching the repository
2026-09-23T08:48:51.4811228Z [command]/usr/bin/git -c protocol.version=2 fetch --no-tags --prune --no-recurse-submodules --depth=1 origin +43f20917de93b9aad51cf79a69ad5239c5632917:refs/remotes/origin/feature/f3-test-failures
2026-09-23T08:48:52.2649483Z From https://github.com/DhruvHegde/log-generation
2026-09-23T08:48:52.2651350Z  * [new ref]         43f20917de93b9aad51cf79a69ad5239c5632917 -> origin/feature/f3-test-failures
2026-09-23T08:48:52.2656000Z ##[endgroup]
2026-09-23T08:48:52.2657679Z ##[group]Determining the checkout info
2026-09-23T08:48:52.2659454Z ##[endgroup]
2026-09-23T08:48:52.2663267Z [command]/usr/bin/git sparse-checkout disable
2026-09-23T08:48:52.2709588Z [command]/usr/bin/git config --local --unset-all extensions.worktreeConfig
2026-09-23T08:48:52.2737848Z ##[group]Checking out the ref
2026-09-23T08:48:52.2741264Z [command]/usr/bin/git checkout --progress --force -B feature/f3-test-failures refs/remotes/origin/feature/f3-test-failures
2026-09-23T08:48:52.3093986Z Switched to a new branch 'feature/f3-test-failures'
2026-09-23T08:48:52.3096724Z branch 'feature/f3-test-failures' set up to track 'origin/feature/f3-test-failures'.
2026-09-23T08:48:52.3103565Z ##[endgroup]
2026-09-23T08:48:52.3135809Z [command]/usr/bin/git log -1 --format=%H
2026-09-23T08:48:52.3156412Z 43f20917de93b9aad51cf79a69ad5239c5632917
2026-09-23T08:48:52.3490265Z Node 20 is being deprecated. This workflow is running with Node 24 by default. If you need to temporarily use Node 20, you can set the ACTIONS_ALLOW_USE_UNSECURE_NODE_VERSION=true environment variable. For more information see: https://github.blog/changelog/2025-09-19-deprecation-of-node-20-on-github-actions-runners/
2026-09-23T08:48:52.3495320Z ##[group]Run actions/setup-python@v5
2026-09-23T08:48:52.3496463Z with:
2026-09-23T08:48:52.3497309Z   python-version: 3.11
2026-09-23T08:48:52.3498277Z   check-latest: false
2026-09-23T08:48:52.3507956Z   token: ***
2026-09-23T08:48:52.3509173Z   update-environment: true
2026-09-23T08:48:52.3510414Z   allow-prereleases: false
2026-09-23T08:48:52.3511550Z   freethreaded: false
2026-09-23T08:48:52.3512616Z ##[endgroup]
2026-09-23T08:48:52.4715949Z ##[group]Installed versions
2026-09-23T08:48:52.4796050Z (node:2017) [DEP0040] DeprecationWarning: The `punycode` module is deprecated. Please use a userland alternative instead.
2026-09-23T08:48:52.4800508Z (Use `node --trace-deprecation ...` to show where the warning was created)
2026-09-23T08:48:52.4802961Z Successfully set up CPython (3.11.16)
2026-09-23T08:48:52.4806113Z ##[endgroup]
2026-09-23T08:48:52.4957706Z ##[group]Run pip install --no-cache-dir pytest
2026-09-23T08:48:52.4959538Z [36;1mpip install --no-cache-dir pytest[0m
2026-09-23T08:48:52.5191249Z shell: /usr/bin/bash -e {0}
2026-09-23T08:48:52.5192504Z env:
2026-09-23T08:48:52.5193602Z   pythonLocation: /opt/hostedtoolcache/Python/3.11.16/x64
2026-09-23T08:48:52.5195382Z   PKG_CONFIG_PATH: /opt/hostedtoolcache/Python/3.11.16/x64/lib/pkgconfig
2026-09-23T08:48:52.5197252Z   Python_ROOT_DIR: /opt/hostedtoolcache/Python/3.11.16/x64
2026-09-23T08:48:52.5198878Z   Python2_ROOT_DIR: /opt/hostedtoolcache/Python/3.11.16/x64
2026-09-23T08:48:52.5200692Z   Python3_ROOT_DIR: /opt/hostedtoolcache/Python/3.11.16/x64
2026-09-23T08:48:52.5202403Z   LD_LIBRARY_PATH: /opt/hostedtoolcache/Python/3.11.16/x64/lib
2026-09-23T08:48:52.5203787Z ##[endgroup]
2026-09-23T08:48:53.2928346Z Collecting pytest
2026-09-23T08:48:53.3443235Z   Downloading pytest-9.1.1-py3-none-any.whl.metadata (7.6 kB)
2026-09-23T08:48:53.3518658Z Collecting iniconfig>=1.0.1 (from pytest)
2026-09-23T08:48:53.3550483Z   Downloading iniconfig-2.3.0-py3-none-any.whl.metadata (2.5 kB)
2026-09-23T08:48:53.3633158Z Collecting packaging>=22 (from pytest)
2026-09-23T08:48:53.3667174Z   Downloading packaging-26.3-py3-none-any.whl.metadata (3.5 kB)
2026-09-23T08:48:53.3734102Z Collecting pluggy<2,>=1.5 (from pytest)
2026-09-23T08:48:53.3766358Z   Downloading pluggy-1.6.0-py3-none-any.whl.metadata (4.8 kB)
2026-09-23T08:48:53.3870299Z Collecting pygments>=2.7.2 (from pytest)
2026-09-23T08:48:53.3900925Z   Downloading pygments-2.21.0-py3-none-any.whl.metadata (2.5 kB)
2026-09-23T08:48:53.3953745Z Downloading pytest-9.1.1-py3-none-any.whl (386 kB)
2026-09-23T08:48:53.4114687Z Downloading pluggy-1.6.0-py3-none-any.whl (20 kB)
2026-09-23T08:48:53.4143811Z Downloading iniconfig-2.3.0-py3-none-any.whl (7.5 kB)
2026-09-23T08:48:53.4173424Z Downloading packaging-26.3-py3-none-any.whl (129 kB)
2026-09-23T08:48:53.4210612Z Downloading pygments-2.21.0-py3-none-any.whl (1.3 MB)
2026-09-23T08:48:53.4343295Z    ââââââââââââââââââââââââââââââââââââââââ 1.3/1.3 MB 108.3 MB/s  0:00:00
2026-09-23T08:48:53.4924100Z Installing collected packages: pygments, pluggy, packaging, iniconfig, pytest
2026-09-23T08:48:54.2497751Z 
2026-09-23T08:48:54.2506355Z Successfully installed iniconfig-2.3.0 packaging-26.3 pluggy-1.6.0 pygments-2.21.0 pytest-9.1.1
2026-09-23T08:48:54.3090389Z ##[group]Run python automation/inject_mutation.py --error-type "IndexError"
2026-09-23T08:48:54.3091048Z [36;1mpython automation/inject_mutation.py --error-type "IndexError"[0m
2026-09-23T08:48:54.3134082Z shell: /usr/bin/bash -e {0}
2026-09-23T08:48:54.3134468Z env:
2026-09-23T08:48:54.3134942Z   pythonLocation: /opt/hostedtoolcache/Python/3.11.16/x64
2026-09-23T08:48:54.3135689Z   PKG_CONFIG_PATH: /opt/hostedtoolcache/Python/3.11.16/x64/lib/pkgconfig
2026-09-23T08:48:54.3136187Z   Python_ROOT_DIR: /opt/hostedtoolcache/Python/3.11.16/x64
2026-09-23T08:48:54.3136649Z   Python2_ROOT_DIR: /opt/hostedtoolcache/Python/3.11.16/x64
2026-09-23T08:48:54.3137088Z   Python3_ROOT_DIR: /opt/hostedtoolcache/Python/3.11.16/x64
2026-09-23T08:48:54.3137549Z   LD_LIBRARY_PATH: /opt/hostedtoolcache/Python/3.11.16/x64/lib
2026-09-23T08:48:54.3137966Z ##[endgroup]
2026-09-23T08:48:54.3418233Z [Mutation Injected] Successfully injected IndexError into tests/test_app.py
2026-09-23T08:48:54.3490619Z ##[group]Run pytest tests/test_app.py -v
2026-09-23T08:48:54.3491079Z [36;1mpytest tests/test_app.py -v[0m
2026-09-23T08:48:54.3528865Z shell: /usr/bin/bash -e {0}
2026-09-23T08:48:54.3529340Z env:
2026-09-23T08:48:54.3529721Z   pythonLocation: /opt/hostedtoolcache/Python/3.11.16/x64
2026-09-23T08:48:54.3530215Z   PKG_CONFIG_PATH: /opt/hostedtoolcache/Python/3.11.16/x64/lib/pkgconfig
2026-09-23T08:48:54.3530717Z   Python_ROOT_DIR: /opt/hostedtoolcache/Python/3.11.16/x64
2026-09-23T08:48:54.3531186Z   Python2_ROOT_DIR: /opt/hostedtoolcache/Python/3.11.16/x64
2026-09-23T08:48:54.3531604Z   Python3_ROOT_DIR: /opt/hostedtoolcache/Python/3.11.16/x64
2026-09-23T08:48:54.3532083Z   LD_LIBRARY_PATH: /opt/hostedtoolcache/Python/3.11.16/x64/lib
2026-09-23T08:48:54.3532473Z ##[endgroup]
2026-09-23T08:48:54.5462094Z ============================= test session starts ==============================
2026-09-23T08:48:54.5463256Z platform linux -- Python 3.11.16, pytest-9.1.1, pluggy-1.6.0 -- /opt/hostedtoolcache/Python/3.11.16/x64/bin/python
2026-09-23T08:48:54.5463991Z cachedir: .pytest_cache
2026-09-23T08:48:54.5464428Z rootdir: /home/runner/work/log-generation/log-generation
2026-09-23T08:48:54.5464935Z configfile: pytest.ini
2026-09-23T08:48:54.5539819Z collecting ... collected 6 items
2026-09-23T08:48:54.5540307Z 
2026-09-23T08:48:54.5547512Z tests/test_app.py::test_calculate_division PASSED                        [ 16%]
2026-09-23T08:48:54.5553611Z tests/test_app.py::test_convert_to_int PASSED                            [ 33%]
2026-09-23T08:48:54.5559547Z tests/test_app.py::test_get_list_item PASSED                             [ 50%]
2026-09-23T08:48:54.5565351Z tests/test_app.py::test_get_dict_value PASSED                            [ 66%]
2026-09-23T08:48:54.5571313Z tests/test_app.py::test_assert_positive PASSED                           [ 83%]
2026-09-23T08:48:54.5811803Z tests/test_app.py::test_index_error FAILED                               [100%]
2026-09-23T08:48:54.5812580Z 
2026-09-23T08:48:54.5813299Z =================================== FAILURES ===================================
2026-09-23T08:48:54.5814222Z _______________________________ test_index_error _______________________________
2026-09-23T08:48:54.5814836Z 
2026-09-23T08:48:54.5815062Z     def test_index_error():
2026-09-23T08:48:54.5815800Z         """Injected synthetic IndexError."""
2026-09-23T08:48:54.5816409Z         from src.app import get_list_item
2026-09-23T08:48:54.5816950Z         dataset = [10, 20, 30]
2026-09-23T08:48:54.5817579Z >       get_list_item(dataset, 999)
2026-09-23T08:48:54.5817881Z 
2026-09-23T08:48:54.5818105Z tests/test_app.py:140: 
2026-09-23T08:48:54.5818677Z _ _ _ _ _ _ _ _ _ _ _ _ _ _ _ _ _ _ _ _ _ _ _ _ _ _ _ _ _ _ _ _ _ _ _ _ _ _ _ _ 
2026-09-23T08:48:54.5819364Z 
2026-09-23T08:48:54.5819679Z lst = [10, 20, 30], index = 999
2026-09-23T08:48:54.5820016Z 
2026-09-23T08:48:54.5820246Z     def get_list_item(lst, index):
2026-09-23T08:48:54.5820797Z >       return lst[index]
2026-09-23T08:48:54.5821297Z                ^^^^^^^^^^
2026-09-23T08:48:54.5821767Z E       IndexError: list index out of range
2026-09-23T08:48:54.5822192Z 
2026-09-23T08:48:54.5822420Z src/app.py:8: IndexError
2026-09-23T08:48:54.5823020Z =========================== short test summary info ============================
2026-09-23T08:48:54.5823897Z FAILED tests/test_app.py::test_index_error - IndexError: list index out of range
2026-09-23T08:48:54.5825028Z ========================= 1 failed, 5 passed in 0.02s ==========================
2026-09-23T08:48:54.6031630Z ##[error]Process completed with exit code 1.
2026-09-23T08:48:54.6191702Z Node 20 is being deprecated. This workflow is running with Node 24 by default. If you need to temporarily use Node 20, you can set the ACTIONS_ALLOW_USE_UNSECURE_NODE_VERSION=true environment variable. For more information see: https://github.blog/changelog/2025-09-19-deprecation-of-node-20-on-github-actions-runners/
2026-09-23T08:48:54.6192848Z Post job cleanup.
2026-09-23T08:48:54.7031075Z [command]/usr/bin/git version
2026-09-23T08:48:54.7068706Z git version 2.55.0
2026-09-23T08:48:54.7102592Z Temporarily overriding HOME='/home/runner/work/_temp/bff16cc2-c5f9-402a-a127-c8385e640a5d' before making global git config changes
2026-09-23T08:48:54.7104102Z Adding repository directory to the temporary git global config as a safe directory
2026-09-23T08:48:54.7107906Z [command]/usr/bin/git config --global --add safe.directory /home/runner/work/log-generation/log-generation
2026-09-23T08:48:54.7146416Z [command]/usr/bin/git config --local --name-only --get-regexp core\.sshCommand
2026-09-23T08:48:54.7181038Z [command]/usr/bin/git submodule foreach --recursive sh -c "git config --local --name-only --get-regexp 'core\.sshCommand' && git config --local --unset-all 'core.sshCommand' || :"
2026-09-23T08:48:54.7399825Z [command]/usr/bin/git config --local --name-only --get-regexp http\.https\:\/\/github\.com\/\.extraheader
2026-09-23T08:48:54.7412679Z http.https://github.com/.extraheader
2026-09-23T08:48:54.7431160Z [command]/usr/bin/git config --local --unset-all http.https://github.com/.extraheader
2026-09-23T08:48:54.7469331Z [command]/usr/bin/git submodule foreach --recursive sh -c "git config --local --name-only --get-regexp 'http\.https\:\/\/github\.com\/\.extraheader' && git config --local --unset-all 'http.https://github.com/.extraheader' || :"
2026-09-23T08:48:54.7678492Z [command]/usr/bin/git config --local --name-only --get-regexp ^includeIf\.gitdir:
2026-09-23T08:48:54.7711086Z [command]/usr/bin/git submodule foreach --recursive git config --local --show-origin --name-only --get-regexp remote.origin.url
2026-09-23T08:48:54.8055110Z Cleaning up orphan processes
2026-09-23T08:48:54.8293565Z ##[warning]Node.js 20 is deprecated. The following actions target Node.js 20 but are being forced to run on Node.js 24: actions/checkout@v4, actions/setup-python@v5. For more information see: https://github.blog/changelog/2025-09-19-deprecation-of-node-20-on-github-actions-runners/
