ï»¿2026-09-23T08:49:07.7224648Z Current runner version: '2.337.0'
2026-09-23T08:49:07.7246431Z ##[group]Runner Image Provisioner
2026-09-23T08:49:07.7247560Z Hosted Compute Agent
2026-09-23T08:49:07.7248267Z Version: 20260828.587
2026-09-23T08:49:07.7248875Z Commit: abac92662cab4cc7352de4f9f9d2e2419aad9c29
2026-09-23T08:49:07.7249555Z Build Date: 2026-08-28T16:44:25Z
2026-09-23T08:49:07.7250228Z Worker ID: {afd3f7e1-c2ca-4987-abe0-5e451069730d}
2026-09-23T08:49:07.7250906Z Azure Region: westcentralus
2026-09-23T08:49:07.7251499Z ##[endgroup]
2026-09-23T08:49:07.7253091Z ##[group]Operating System
2026-09-23T08:49:07.7253686Z Ubuntu
2026-09-23T08:49:07.7254252Z 24.04.5
2026-09-23T08:49:07.7254739Z LTS
2026-09-23T08:49:07.7255538Z ##[endgroup]
2026-09-23T08:49:07.7256097Z ##[group]Runner Image
2026-09-23T08:49:07.7256654Z Image: ubuntu-24.04
2026-09-23T08:49:07.7257195Z Version: 20260907.300.1
2026-09-23T08:49:07.7258616Z Included Software: https://github.com/actions/runner-images/blob/ubuntu24/20260907.300/images/ubuntu/Ubuntu2404-Readme.md
2026-09-23T08:49:07.7260050Z Image Release: https://github.com/actions/runner-images/releases/tag/ubuntu24%2F20260907.300
2026-09-23T08:49:07.7260932Z ##[endgroup]
2026-09-23T08:49:07.7262090Z ##[group]GITHUB_TOKEN Permissions
2026-09-23T08:49:07.7264347Z Contents: read
2026-09-23T08:49:07.7264928Z Metadata: read
2026-09-23T08:49:07.7265456Z Packages: read
2026-09-23T08:49:07.7265967Z ##[endgroup]
2026-09-23T08:49:07.7268219Z Secret source: Actions
2026-09-23T08:49:07.7269082Z Cache mode: write
2026-09-23T08:49:07.7270075Z Prepare workflow directory
2026-09-23T08:49:07.7575087Z Prepare all required actions
2026-09-23T08:49:07.7622431Z Getting action download info
2026-09-23T08:49:08.0855472Z Download action repository 'actions/checkout@v4' (SHA:11d5960a326750d5838078e36cf38b85af677262)
2026-09-23T08:49:08.2036941Z Download action repository 'actions/setup-python@v5' (SHA:a26af69be951a213d495a4c3e4e4022e16d87065)
2026-09-23T08:49:08.4036427Z Complete job name: test-f3 (AttributeError #108)
2026-09-23T08:49:08.4680054Z Node 20 is being deprecated. This workflow is running with Node 24 by default. If you need to temporarily use Node 20, you can set the ACTIONS_ALLOW_USE_UNSECURE_NODE_VERSION=true environment variable. For more information see: https://github.blog/changelog/2025-09-19-deprecation-of-node-20-on-github-actions-runners/
2026-09-23T08:49:08.4688355Z ##[group]Run actions/checkout@v4
2026-09-23T08:49:08.4689129Z with:
2026-09-23T08:49:08.4689622Z   fetch-depth: 1
2026-09-23T08:49:08.4690186Z   repository: DhruvHegde/log-generation
2026-09-23T08:49:08.4694235Z   token: ***
2026-09-23T08:49:08.4694711Z   ssh-strict: true
2026-09-23T08:49:08.4695203Z   ssh-user: git
2026-09-23T08:49:08.4695700Z   persist-credentials: true
2026-09-23T08:49:08.4696256Z   clean: true
2026-09-23T08:49:08.4696763Z   sparse-checkout-cone-mode: true
2026-09-23T08:49:08.4697523Z   fetch-tags: false
2026-09-23T08:49:08.4698032Z   show-progress: true
2026-09-23T08:49:08.4698549Z   lfs: false
2026-09-23T08:49:08.4699124Z   submodules: false
2026-09-23T08:49:08.4699671Z   set-safe-directory: true
2026-09-23T08:49:08.4700215Z   allow-unsafe-pr-checkout: false
2026-09-23T08:49:08.4700969Z ##[endgroup]
2026-09-23T08:49:08.5643752Z Syncing repository: DhruvHegde/log-generation
2026-09-23T08:49:08.5645498Z ##[group]Getting Git version info
2026-09-23T08:49:08.5646283Z Working directory is '/home/runner/work/log-generation/log-generation'
2026-09-23T08:49:08.5672756Z [command]/usr/bin/git version
2026-09-23T08:49:08.5780341Z git version 2.55.0
2026-09-23T08:49:08.5840028Z ##[endgroup]
2026-09-23T08:49:08.5854868Z Temporarily overriding HOME='/home/runner/work/_temp/d76cc255-335b-4b66-a155-413b448100ca' before making global git config changes
2026-09-23T08:49:08.5856952Z Adding repository directory to the temporary git global config as a safe directory
2026-09-23T08:49:08.5859172Z [command]/usr/bin/git config --global --add safe.directory /home/runner/work/log-generation/log-generation
2026-09-23T08:49:08.5894504Z Deleting the contents of '/home/runner/work/log-generation/log-generation'
2026-09-23T08:49:08.5901196Z ##[group]Initializing the repository
2026-09-23T08:49:08.5904381Z [command]/usr/bin/git init /home/runner/work/log-generation/log-generation
2026-09-23T08:49:08.5985840Z hint: Using 'master' as the name for the initial branch. This default branch name
2026-09-23T08:49:08.5987513Z hint: will change to "main" in Git 3.0. To configure the initial branch name
2026-09-23T08:49:08.5989063Z hint: to use in all of your new repositories, which will suppress this warning,
2026-09-23T08:49:08.5990134Z hint: call:
2026-09-23T08:49:08.5990867Z hint:
2026-09-23T08:49:08.5991695Z hint: 	git config --global init.defaultBranch <name>
2026-09-23T08:49:08.5992604Z hint:
2026-09-23T08:49:08.5993534Z hint: Names commonly chosen instead of 'master' are 'main', 'trunk' and
2026-09-23T08:49:08.5994863Z hint: 'development'. The just-created branch can be renamed via this command:
2026-09-23T08:49:08.5995948Z hint:
2026-09-23T08:49:08.5996658Z hint: 	git branch -m <name>
2026-09-23T08:49:08.5997513Z hint:
2026-09-23T08:49:08.5998540Z hint: Disable this message with "git config set advice.defaultBranchName false"
2026-09-23T08:49:08.6000113Z Initialized empty Git repository in /home/runner/work/log-generation/log-generation/.git/
2026-09-23T08:49:08.6002657Z [command]/usr/bin/git remote add origin https://github.com/DhruvHegde/log-generation
2026-09-23T08:49:08.6050390Z ##[endgroup]
2026-09-23T08:49:08.6051889Z ##[group]Disabling automatic garbage collection
2026-09-23T08:49:08.6053851Z [command]/usr/bin/git config --local gc.auto 0
2026-09-23T08:49:08.6082568Z ##[endgroup]
2026-09-23T08:49:08.6084002Z ##[group]Setting up auth
2026-09-23T08:49:08.6088811Z [command]/usr/bin/git config --local --name-only --get-regexp core\.sshCommand
2026-09-23T08:49:08.6139644Z [command]/usr/bin/git submodule foreach --recursive sh -c "git config --local --name-only --get-regexp 'core\.sshCommand' && git config --local --unset-all 'core.sshCommand' || :"
2026-09-23T08:49:08.6436805Z [command]/usr/bin/git config --local --name-only --get-regexp http\.https\:\/\/github\.com\/\.extraheader
2026-09-23T08:49:08.6468277Z [command]/usr/bin/git submodule foreach --recursive sh -c "git config --local --name-only --get-regexp 'http\.https\:\/\/github\.com\/\.extraheader' && git config --local --unset-all 'http.https://github.com/.extraheader' || :"
2026-09-23T08:49:08.6657884Z [command]/usr/bin/git config --local --name-only --get-regexp ^includeIf\.gitdir:
2026-09-23T08:49:08.6685184Z [command]/usr/bin/git submodule foreach --recursive git config --local --show-origin --name-only --get-regexp remote.origin.url
2026-09-23T08:49:08.6865256Z [command]/usr/bin/git config --local http.https://github.com/.extraheader AUTHORIZATION: basic ***
2026-09-23T08:49:08.6896524Z ##[endgroup]
2026-09-23T08:49:08.6899087Z ##[group]Fetching the repository
2026-09-23T08:49:08.6906436Z [command]/usr/bin/git -c protocol.version=2 fetch --no-tags --prune --no-recurse-submodules --depth=1 origin +43f20917de93b9aad51cf79a69ad5239c5632917:refs/remotes/origin/feature/f3-test-failures
2026-09-23T08:49:09.4751105Z From https://github.com/DhruvHegde/log-generation
2026-09-23T08:49:09.4752853Z  * [new ref]         43f20917de93b9aad51cf79a69ad5239c5632917 -> origin/feature/f3-test-failures
2026-09-23T08:49:09.4755736Z ##[endgroup]
2026-09-23T08:49:09.4756993Z ##[group]Determining the checkout info
2026-09-23T08:49:09.4758466Z ##[endgroup]
2026-09-23T08:49:09.4784701Z [command]/usr/bin/git sparse-checkout disable
2026-09-23T08:49:09.4816611Z [command]/usr/bin/git config --local --unset-all extensions.worktreeConfig
2026-09-23T08:49:09.4848289Z ##[group]Checking out the ref
2026-09-23T08:49:09.4852707Z [command]/usr/bin/git checkout --progress --force -B feature/f3-test-failures refs/remotes/origin/feature/f3-test-failures
2026-09-23T08:49:09.5164389Z Switched to a new branch 'feature/f3-test-failures'
2026-09-23T08:49:09.5169714Z branch 'feature/f3-test-failures' set up to track 'origin/feature/f3-test-failures'.
2026-09-23T08:49:09.5174786Z ##[endgroup]
2026-09-23T08:49:09.5208866Z [command]/usr/bin/git log -1 --format=%H
2026-09-23T08:49:09.5229709Z 43f20917de93b9aad51cf79a69ad5239c5632917
2026-09-23T08:49:09.5583972Z Node 20 is being deprecated. This workflow is running with Node 24 by default. If you need to temporarily use Node 20, you can set the ACTIONS_ALLOW_USE_UNSECURE_NODE_VERSION=true environment variable. For more information see: https://github.blog/changelog/2025-09-19-deprecation-of-node-20-on-github-actions-runners/
2026-09-23T08:49:09.5589911Z ##[group]Run actions/setup-python@v5
2026-09-23T08:49:09.5591356Z with:
2026-09-23T08:49:09.5592393Z   python-version: 3.11
2026-09-23T08:49:09.5593582Z   check-latest: false
2026-09-23T08:49:09.5604122Z   token: ***
2026-09-23T08:49:09.5605246Z   update-environment: true
2026-09-23T08:49:09.5606582Z   allow-prereleases: false
2026-09-23T08:49:09.5608126Z   freethreaded: false
2026-09-23T08:49:09.5609309Z ##[endgroup]
2026-09-23T08:49:09.6873387Z ##[group]Installed versions
2026-09-23T08:49:09.7072192Z (node:2235) [DEP0040] DeprecationWarning: The `punycode` module is deprecated. Please use a userland alternative instead.
2026-09-23T08:49:09.7076678Z (Use `node --trace-deprecation ...` to show where the warning was created)
2026-09-23T08:49:09.7079995Z Successfully set up CPython (3.11.16)
2026-09-23T08:49:09.7083385Z ##[endgroup]
2026-09-23T08:49:09.7276980Z ##[group]Run pip install --no-cache-dir pytest
2026-09-23T08:49:09.7279067Z [36;1mpip install --no-cache-dir pytest[0m
2026-09-23T08:49:09.7329817Z shell: /usr/bin/bash -e {0}
2026-09-23T08:49:09.7331523Z env:
2026-09-23T08:49:09.7333045Z   pythonLocation: /opt/hostedtoolcache/Python/3.11.16/x64
2026-09-23T08:49:09.7335551Z   PKG_CONFIG_PATH: /opt/hostedtoolcache/Python/3.11.16/x64/lib/pkgconfig
2026-09-23T08:49:09.7338771Z   Python_ROOT_DIR: /opt/hostedtoolcache/Python/3.11.16/x64
2026-09-23T08:49:09.7340515Z   Python2_ROOT_DIR: /opt/hostedtoolcache/Python/3.11.16/x64
2026-09-23T08:49:09.7342230Z   Python3_ROOT_DIR: /opt/hostedtoolcache/Python/3.11.16/x64
2026-09-23T08:49:09.7344536Z   LD_LIBRARY_PATH: /opt/hostedtoolcache/Python/3.11.16/x64/lib
2026-09-23T08:49:09.7346663Z ##[endgroup]
2026-09-23T08:49:12.4425761Z Collecting pytest
2026-09-23T08:49:12.5365557Z   Downloading pytest-9.1.1-py3-none-any.whl.metadata (7.6 kB)
2026-09-23T08:49:12.5593505Z Collecting iniconfig>=1.0.1 (from pytest)
2026-09-23T08:49:12.5810179Z   Downloading iniconfig-2.3.0-py3-none-any.whl.metadata (2.5 kB)
2026-09-23T08:49:12.6057722Z Collecting packaging>=22 (from pytest)
2026-09-23T08:49:12.6245966Z   Downloading packaging-26.3-py3-none-any.whl.metadata (3.5 kB)
2026-09-23T08:49:12.6480259Z Collecting pluggy<2,>=1.5 (from pytest)
2026-09-23T08:49:12.6667728Z   Downloading pluggy-1.6.0-py3-none-any.whl.metadata (4.8 kB)
2026-09-23T08:49:12.6955788Z Collecting pygments>=2.7.2 (from pytest)
2026-09-23T08:49:12.7148103Z   Downloading pygments-2.21.0-py3-none-any.whl.metadata (2.5 kB)
2026-09-23T08:49:12.7356729Z Downloading pytest-9.1.1-py3-none-any.whl (386 kB)
2026-09-23T08:49:12.8229299Z Downloading pluggy-1.6.0-py3-none-any.whl (20 kB)
2026-09-23T08:49:12.8418687Z Downloading iniconfig-2.3.0-py3-none-any.whl (7.5 kB)
2026-09-23T08:49:12.8607882Z Downloading packaging-26.3-py3-none-any.whl (129 kB)
2026-09-23T08:49:12.8822115Z Downloading pygments-2.21.0-py3-none-any.whl (1.3 MB)
2026-09-23T08:49:12.9366424Z    ââââââââââââââââââââââââââââââââââââââââ 1.3/1.3 MB 21.1 MB/s  0:00:00
2026-09-23T08:49:13.1322299Z Installing collected packages: pygments, pluggy, packaging, iniconfig, pytest
2026-09-23T08:49:13.9124367Z 
2026-09-23T08:49:13.9134534Z Successfully installed iniconfig-2.3.0 packaging-26.3 pluggy-1.6.0 pygments-2.21.0 pytest-9.1.1
2026-09-23T08:49:13.9711262Z ##[group]Run python automation/inject_mutation.py --error-type "AttributeError"
2026-09-23T08:49:13.9711983Z [36;1mpython automation/inject_mutation.py --error-type "AttributeError"[0m
2026-09-23T08:49:13.9739033Z shell: /usr/bin/bash -e {0}
2026-09-23T08:49:13.9739411Z env:
2026-09-23T08:49:13.9740015Z   pythonLocation: /opt/hostedtoolcache/Python/3.11.16/x64
2026-09-23T08:49:13.9740532Z   PKG_CONFIG_PATH: /opt/hostedtoolcache/Python/3.11.16/x64/lib/pkgconfig
2026-09-23T08:49:13.9741041Z   Python_ROOT_DIR: /opt/hostedtoolcache/Python/3.11.16/x64
2026-09-23T08:49:13.9741510Z   Python2_ROOT_DIR: /opt/hostedtoolcache/Python/3.11.16/x64
2026-09-23T08:49:13.9741982Z   Python3_ROOT_DIR: /opt/hostedtoolcache/Python/3.11.16/x64
2026-09-23T08:49:13.9742427Z   LD_LIBRARY_PATH: /opt/hostedtoolcache/Python/3.11.16/x64/lib
2026-09-23T08:49:13.9742849Z ##[endgroup]
2026-09-23T08:49:14.0012488Z [Mutation Injected] Successfully injected AttributeError into tests/test_app.py
2026-09-23T08:49:14.0085129Z ##[group]Run pytest tests/test_app.py -v
2026-09-23T08:49:14.0085554Z [36;1mpytest tests/test_app.py -v[0m
2026-09-23T08:49:14.0107780Z shell: /usr/bin/bash -e {0}
2026-09-23T08:49:14.0108168Z env:
2026-09-23T08:49:14.0108533Z   pythonLocation: /opt/hostedtoolcache/Python/3.11.16/x64
2026-09-23T08:49:14.0109021Z   PKG_CONFIG_PATH: /opt/hostedtoolcache/Python/3.11.16/x64/lib/pkgconfig
2026-09-23T08:49:14.0109557Z   Python_ROOT_DIR: /opt/hostedtoolcache/Python/3.11.16/x64
2026-09-23T08:49:14.0110024Z   Python2_ROOT_DIR: /opt/hostedtoolcache/Python/3.11.16/x64
2026-09-23T08:49:14.0110483Z   Python3_ROOT_DIR: /opt/hostedtoolcache/Python/3.11.16/x64
2026-09-23T08:49:14.0110969Z   LD_LIBRARY_PATH: /opt/hostedtoolcache/Python/3.11.16/x64/lib
2026-09-23T08:49:14.0111336Z ##[endgroup]
2026-09-23T08:49:14.3655797Z ============================= test session starts ==============================
2026-09-23T08:49:14.3657745Z platform linux -- Python 3.11.16, pytest-9.1.1, pluggy-1.6.0 -- /opt/hostedtoolcache/Python/3.11.16/x64/bin/python
2026-09-23T08:49:14.3658880Z cachedir: .pytest_cache
2026-09-23T08:49:14.3659803Z rootdir: /home/runner/work/log-generation/log-generation
2026-09-23T08:49:14.3660712Z configfile: pytest.ini
2026-09-23T08:49:14.3732471Z collecting ... collected 6 items
2026-09-23T08:49:14.3733546Z 
2026-09-23T08:49:14.3740901Z tests/test_app.py::test_calculate_division PASSED                        [ 16%]
2026-09-23T08:49:14.3746413Z tests/test_app.py::test_convert_to_int PASSED                            [ 33%]
2026-09-23T08:49:14.3752571Z tests/test_app.py::test_get_list_item PASSED                             [ 50%]
2026-09-23T08:49:14.3758281Z tests/test_app.py::test_get_dict_value PASSED                            [ 66%]
2026-09-23T08:49:14.3764044Z tests/test_app.py::test_assert_positive PASSED                           [ 83%]
2026-09-23T08:49:14.4000469Z tests/test_app.py::test_attribute_error FAILED                           [100%]
2026-09-23T08:49:14.4001327Z 
2026-09-23T08:49:14.4001727Z =================================== FAILURES ===================================
2026-09-23T08:49:14.4002873Z _____________________________ test_attribute_error _____________________________
2026-09-23T08:49:14.4003578Z 
2026-09-23T08:49:14.4003849Z     def test_attribute_error():
2026-09-23T08:49:14.4006572Z         """Injected synthetic AttributeError."""
2026-09-23T08:49:14.4007527Z         from src.app import get_object_attribute
2026-09-23T08:49:14.4008188Z >       get_object_attribute(object())
2026-09-23T08:49:14.4008499Z 
2026-09-23T08:49:14.4008733Z tests/test_app.py:139: 
2026-09-23T08:49:14.4009251Z _ _ _ _ _ _ _ _ _ _ _ _ _ _ _ _ _ _ _ _ _ _ _ _ _ _ _ _ _ _ _ _ _ _ _ _ _ _ _ _ 
2026-09-23T08:49:14.4009853Z 
2026-09-23T08:49:14.4010077Z obj = <object object at 0x7f53bb385370>
2026-09-23T08:49:14.4010459Z 
2026-09-23T08:49:14.4011240Z     def get_object_attribute(obj):
2026-09-23T08:49:14.4012069Z >       return obj.non_existent_attribute
2026-09-23T08:49:14.4012792Z                ^^^^^^^^^^^^^^^^^^^^^^^^^^
2026-09-23T08:49:14.4013682Z E       AttributeError: 'object' object has no attribute 'non_existent_attribute'
2026-09-23T08:49:14.4014234Z 
2026-09-23T08:49:14.4014507Z src/app.py:14: AttributeError
2026-09-23T08:49:14.4015182Z =========================== short test summary info ============================
2026-09-23T08:49:14.4016613Z FAILED tests/test_app.py::test_attribute_error - AttributeError: 'object' object has no attribute 'non_existent_attribute'
2026-09-23T08:49:14.4017953Z ========================= 1 failed, 5 passed in 0.02s ==========================
2026-09-23T08:49:14.4212446Z ##[error]Process completed with exit code 1.
2026-09-23T08:49:14.4353230Z Node 20 is being deprecated. This workflow is running with Node 24 by default. If you need to temporarily use Node 20, you can set the ACTIONS_ALLOW_USE_UNSECURE_NODE_VERSION=true environment variable. For more information see: https://github.blog/changelog/2025-09-19-deprecation-of-node-20-on-github-actions-runners/
2026-09-23T08:49:14.4354377Z Post job cleanup.
2026-09-23T08:49:14.5164928Z [command]/usr/bin/git version
2026-09-23T08:49:14.5206817Z git version 2.55.0
2026-09-23T08:49:14.5245991Z Temporarily overriding HOME='/home/runner/work/_temp/6486dd58-880d-4895-ab42-9c581e1abf24' before making global git config changes
2026-09-23T08:49:14.5247179Z Adding repository directory to the temporary git global config as a safe directory
2026-09-23T08:49:14.5252820Z [command]/usr/bin/git config --global --add safe.directory /home/runner/work/log-generation/log-generation
2026-09-23T08:49:14.5288968Z [command]/usr/bin/git config --local --name-only --get-regexp core\.sshCommand
2026-09-23T08:49:14.5323479Z [command]/usr/bin/git submodule foreach --recursive sh -c "git config --local --name-only --get-regexp 'core\.sshCommand' && git config --local --unset-all 'core.sshCommand' || :"
2026-09-23T08:49:14.5533858Z [command]/usr/bin/git config --local --name-only --get-regexp http\.https\:\/\/github\.com\/\.extraheader
2026-09-23T08:49:14.5558553Z http.https://github.com/.extraheader
2026-09-23T08:49:14.5568600Z [command]/usr/bin/git config --local --unset-all http.https://github.com/.extraheader
2026-09-23T08:49:14.5596786Z [command]/usr/bin/git submodule foreach --recursive sh -c "git config --local --name-only --get-regexp 'http\.https\:\/\/github\.com\/\.extraheader' && git config --local --unset-all 'http.https://github.com/.extraheader' || :"
2026-09-23T08:49:14.5801273Z [command]/usr/bin/git config --local --name-only --get-regexp ^includeIf\.gitdir:
2026-09-23T08:49:14.5831247Z [command]/usr/bin/git submodule foreach --recursive git config --local --show-origin --name-only --get-regexp remote.origin.url
2026-09-23T08:49:14.6178777Z Cleaning up orphan processes
2026-09-23T08:49:14.6405546Z ##[warning]Node.js 20 is deprecated. The following actions target Node.js 20 but are being forced to run on Node.js 24: actions/checkout@v4, actions/setup-python@v5. For more information see: https://github.blog/changelog/2025-09-19-deprecation-of-node-20-on-github-actions-runners/
