ï»¿2026-09-23T08:45:07.1590387Z Current runner version: '2.337.0'
2026-09-23T08:45:07.1616881Z ##[group]Runner Image Provisioner
2026-09-23T08:45:07.1617854Z Hosted Compute Agent
2026-09-23T08:45:07.1618502Z Version: 20260828.587
2026-09-23T08:45:07.1619412Z Commit: abac92662cab4cc7352de4f9f9d2e2419aad9c29
2026-09-23T08:45:07.1620245Z Build Date: 2026-08-28T16:44:25Z
2026-09-23T08:45:07.1620998Z Worker ID: {4a8d74d5-998f-4ffa-b012-f3ae127e67f3}
2026-09-23T08:45:07.1621829Z Azure Region: northcentralus
2026-09-23T08:45:07.1622512Z ##[endgroup]
2026-09-23T08:45:07.1623881Z ##[group]Operating System
2026-09-23T08:45:07.1624648Z Ubuntu
2026-09-23T08:45:07.1625197Z 24.04.5
2026-09-23T08:45:07.1626169Z LTS
2026-09-23T08:45:07.1626817Z ##[endgroup]
2026-09-23T08:45:07.1627399Z ##[group]Runner Image
2026-09-23T08:45:07.1628056Z Image: ubuntu-24.04
2026-09-23T08:45:07.1628848Z Version: 20260907.300.1
2026-09-23T08:45:07.1630146Z Included Software: https://github.com/actions/runner-images/blob/ubuntu24/20260907.300/images/ubuntu/Ubuntu2404-Readme.md
2026-09-23T08:45:07.1631770Z Image Release: https://github.com/actions/runner-images/releases/tag/ubuntu24%2F20260907.300
2026-09-23T08:45:07.1632766Z ##[endgroup]
2026-09-23T08:45:07.1634031Z ##[group]GITHUB_TOKEN Permissions
2026-09-23T08:45:07.1636582Z Contents: read
2026-09-23T08:45:07.1637224Z Metadata: read
2026-09-23T08:45:07.1637792Z Packages: read
2026-09-23T08:45:07.1638450Z ##[endgroup]
2026-09-23T08:45:07.1641374Z Secret source: Actions
2026-09-23T08:45:07.1642956Z Cache mode: write
2026-09-23T08:45:07.1643887Z Prepare workflow directory
2026-09-23T08:45:07.1991391Z Prepare all required actions
2026-09-23T08:45:07.2040829Z Getting action download info
2026-09-23T08:45:07.4744849Z Download action repository 'actions/checkout@v4' (SHA:11d5960a326750d5838078e36cf38b85af677262)
2026-09-23T08:45:07.5634579Z Download action repository 'actions/setup-python@v5' (SHA:a26af69be951a213d495a4c3e4e4022e16d87065)
2026-09-23T08:45:07.7975515Z Complete job name: test-f3 (IndexError #134)
2026-09-23T08:45:07.8742529Z Node 20 is being deprecated. This workflow is running with Node 24 by default. If you need to temporarily use Node 20, you can set the ACTIONS_ALLOW_USE_UNSECURE_NODE_VERSION=true environment variable. For more information see: https://github.blog/changelog/2025-09-19-deprecation-of-node-20-on-github-actions-runners/
2026-09-23T08:45:07.8751629Z ##[group]Run actions/checkout@v4
2026-09-23T08:45:07.8752323Z with:
2026-09-23T08:45:07.8752755Z   fetch-depth: 1
2026-09-23T08:45:07.8753240Z   repository: DhruvHegde/log-generation
2026-09-23T08:45:07.8757304Z   token: ***
2026-09-23T08:45:07.8757739Z   ssh-strict: true
2026-09-23T08:45:07.8758182Z   ssh-user: git
2026-09-23T08:45:07.8758631Z   persist-credentials: true
2026-09-23T08:45:07.8759282Z   clean: true
2026-09-23T08:45:07.8759734Z   sparse-checkout-cone-mode: true
2026-09-23T08:45:07.8760246Z   fetch-tags: false
2026-09-23T08:45:07.8760689Z   show-progress: true
2026-09-23T08:45:07.8761139Z   lfs: false
2026-09-23T08:45:07.8761608Z   submodules: false
2026-09-23T08:45:07.8762068Z   set-safe-directory: true
2026-09-23T08:45:07.8762570Z   allow-unsafe-pr-checkout: false
2026-09-23T08:45:07.8763291Z ##[endgroup]
2026-09-23T08:45:07.9810223Z Syncing repository: DhruvHegde/log-generation
2026-09-23T08:45:07.9813018Z ##[group]Getting Git version info
2026-09-23T08:45:07.9814269Z Working directory is '/home/runner/work/log-generation/log-generation'
2026-09-23T08:45:07.9816079Z [command]/usr/bin/git version
2026-09-23T08:45:07.9828362Z git version 2.55.0
2026-09-23T08:45:07.9849516Z ##[endgroup]
2026-09-23T08:45:07.9864272Z Temporarily overriding HOME='/home/runner/work/_temp/01b937a6-cead-4e63-9869-4b7dc31d2545' before making global git config changes
2026-09-23T08:45:07.9866495Z Adding repository directory to the temporary git global config as a safe directory
2026-09-23T08:45:07.9869703Z [command]/usr/bin/git config --global --add safe.directory /home/runner/work/log-generation/log-generation
2026-09-23T08:45:07.9917508Z Deleting the contents of '/home/runner/work/log-generation/log-generation'
2026-09-23T08:45:07.9922600Z ##[group]Initializing the repository
2026-09-23T08:45:07.9926712Z [command]/usr/bin/git init /home/runner/work/log-generation/log-generation
2026-09-23T08:45:08.0021156Z hint: Using 'master' as the name for the initial branch. This default branch name
2026-09-23T08:45:08.0022965Z hint: will change to "main" in Git 3.0. To configure the initial branch name
2026-09-23T08:45:08.0025147Z hint: to use in all of your new repositories, which will suppress this warning,
2026-09-23T08:45:08.0026769Z hint: call:
2026-09-23T08:45:08.0027740Z hint:
2026-09-23T08:45:08.0029003Z hint: 	git config --global init.defaultBranch <name>
2026-09-23T08:45:08.0030287Z hint:
2026-09-23T08:45:08.0031485Z hint: Names commonly chosen instead of 'master' are 'main', 'trunk' and
2026-09-23T08:45:08.0033214Z hint: 'development'. The just-created branch can be renamed via this command:
2026-09-23T08:45:08.0034570Z hint:
2026-09-23T08:45:08.0035495Z hint: 	git branch -m <name>
2026-09-23T08:45:08.0036548Z hint:
2026-09-23T08:45:08.0037846Z hint: Disable this message with "git config set advice.defaultBranchName false"
2026-09-23T08:45:08.0040331Z Initialized empty Git repository in /home/runner/work/log-generation/log-generation/.git/
2026-09-23T08:45:08.0043948Z [command]/usr/bin/git remote add origin https://github.com/DhruvHegde/log-generation
2026-09-23T08:45:08.0095280Z ##[endgroup]
2026-09-23T08:45:08.0096466Z ##[group]Disabling automatic garbage collection
2026-09-23T08:45:08.0100366Z [command]/usr/bin/git config --local gc.auto 0
2026-09-23T08:45:08.0137954Z ##[endgroup]
2026-09-23T08:45:08.0139213Z ##[group]Setting up auth
2026-09-23T08:45:08.0145581Z [command]/usr/bin/git config --local --name-only --get-regexp core\.sshCommand
2026-09-23T08:45:08.0184973Z [command]/usr/bin/git submodule foreach --recursive sh -c "git config --local --name-only --get-regexp 'core\.sshCommand' && git config --local --unset-all 'core.sshCommand' || :"
2026-09-23T08:45:08.0545019Z [command]/usr/bin/git config --local --name-only --get-regexp http\.https\:\/\/github\.com\/\.extraheader
2026-09-23T08:45:08.0586562Z [command]/usr/bin/git submodule foreach --recursive sh -c "git config --local --name-only --get-regexp 'http\.https\:\/\/github\.com\/\.extraheader' && git config --local --unset-all 'http.https://github.com/.extraheader' || :"
2026-09-23T08:45:08.0852789Z [command]/usr/bin/git config --local --name-only --get-regexp ^includeIf\.gitdir:
2026-09-23T08:45:08.0892992Z [command]/usr/bin/git submodule foreach --recursive git config --local --show-origin --name-only --get-regexp remote.origin.url
2026-09-23T08:45:08.1140605Z [command]/usr/bin/git config --local http.https://github.com/.extraheader AUTHORIZATION: basic ***
2026-09-23T08:45:08.1184396Z ##[endgroup]
2026-09-23T08:45:08.1185580Z ##[group]Fetching the repository
2026-09-23T08:45:08.1195481Z [command]/usr/bin/git -c protocol.version=2 fetch --no-tags --prune --no-recurse-submodules --depth=1 origin +dfcb6f158e4bd8054252a4da5d0a9edc2ab15d57:refs/remotes/origin/feature/f3-test-failures
2026-09-23T08:45:08.4131688Z From https://github.com/DhruvHegde/log-generation
2026-09-23T08:45:08.4132911Z  * [new ref]         dfcb6f158e4bd8054252a4da5d0a9edc2ab15d57 -> origin/feature/f3-test-failures
2026-09-23T08:45:08.4135411Z ##[endgroup]
2026-09-23T08:45:08.4136222Z ##[group]Determining the checkout info
2026-09-23T08:45:08.4138048Z ##[endgroup]
2026-09-23T08:45:08.4144616Z [command]/usr/bin/git sparse-checkout disable
2026-09-23T08:45:08.4196945Z [command]/usr/bin/git config --local --unset-all extensions.worktreeConfig
2026-09-23T08:45:08.4233421Z ##[group]Checking out the ref
2026-09-23T08:45:08.4238953Z [command]/usr/bin/git checkout --progress --force -B feature/f3-test-failures refs/remotes/origin/feature/f3-test-failures
2026-09-23T08:45:08.4324459Z Switched to a new branch 'feature/f3-test-failures'
2026-09-23T08:45:08.4329121Z branch 'feature/f3-test-failures' set up to track 'origin/feature/f3-test-failures'.
2026-09-23T08:45:08.4335150Z ##[endgroup]
2026-09-23T08:45:08.4383061Z [command]/usr/bin/git log -1 --format=%H
2026-09-23T08:45:08.4413109Z dfcb6f158e4bd8054252a4da5d0a9edc2ab15d57
2026-09-23T08:45:08.4692775Z Node 20 is being deprecated. This workflow is running with Node 24 by default. If you need to temporarily use Node 20, you can set the ACTIONS_ALLOW_USE_UNSECURE_NODE_VERSION=true environment variable. For more information see: https://github.blog/changelog/2025-09-19-deprecation-of-node-20-on-github-actions-runners/
2026-09-23T08:45:08.4695886Z ##[group]Run actions/setup-python@v5
2026-09-23T08:45:08.4696433Z with:
2026-09-23T08:45:08.4696859Z   python-version: 3.11
2026-09-23T08:45:08.4697331Z   check-latest: false
2026-09-23T08:45:08.4701350Z   token: ***
2026-09-23T08:45:08.4701799Z   update-environment: true
2026-09-23T08:45:08.4702303Z   allow-prereleases: false
2026-09-23T08:45:08.4702783Z   freethreaded: false
2026-09-23T08:45:08.4703241Z ##[endgroup]
2026-09-23T08:45:08.6126290Z ##[group]Installed versions
2026-09-23T08:45:08.6229635Z (node:2256) [DEP0040] DeprecationWarning: The `punycode` module is deprecated. Please use a userland alternative instead.
2026-09-23T08:45:08.6231918Z (Use `node --trace-deprecation ...` to show where the warning was created)
2026-09-23T08:45:08.6249573Z Successfully set up CPython (3.11.16)
2026-09-23T08:45:08.6251128Z ##[endgroup]
2026-09-23T08:45:08.6448182Z ##[group]Run pip install --no-cache-dir pytest
2026-09-23T08:45:08.6449224Z [36;1mpip install --no-cache-dir pytest[0m
2026-09-23T08:45:08.6510771Z shell: /usr/bin/bash -e {0}
2026-09-23T08:45:08.6511738Z env:
2026-09-23T08:45:08.6512726Z   pythonLocation: /opt/hostedtoolcache/Python/3.11.16/x64
2026-09-23T08:45:08.6514437Z   PKG_CONFIG_PATH: /opt/hostedtoolcache/Python/3.11.16/x64/lib/pkgconfig
2026-09-23T08:45:08.6516049Z   Python_ROOT_DIR: /opt/hostedtoolcache/Python/3.11.16/x64
2026-09-23T08:45:08.6517548Z   Python2_ROOT_DIR: /opt/hostedtoolcache/Python/3.11.16/x64
2026-09-23T08:45:08.6621422Z   Python3_ROOT_DIR: /opt/hostedtoolcache/Python/3.11.16/x64
2026-09-23T08:45:08.6623116Z   LD_LIBRARY_PATH: /opt/hostedtoolcache/Python/3.11.16/x64/lib
2026-09-23T08:45:08.6623936Z ##[endgroup]
2026-09-23T08:45:11.3931994Z Collecting pytest
2026-09-23T08:45:11.4403251Z   Downloading pytest-9.1.1-py3-none-any.whl.metadata (7.6 kB)
2026-09-23T08:45:11.4484295Z Collecting iniconfig>=1.0.1 (from pytest)
2026-09-23T08:45:11.4518266Z   Downloading iniconfig-2.3.0-py3-none-any.whl.metadata (2.5 kB)
2026-09-23T08:45:11.4627159Z Collecting packaging>=22 (from pytest)
2026-09-23T08:45:11.4664930Z   Downloading packaging-26.3-py3-none-any.whl.metadata (3.5 kB)
2026-09-23T08:45:11.4742740Z Collecting pluggy<2,>=1.5 (from pytest)
2026-09-23T08:45:11.4775862Z   Downloading pluggy-1.6.0-py3-none-any.whl.metadata (4.8 kB)
2026-09-23T08:45:11.4897009Z Collecting pygments>=2.7.2 (from pytest)
2026-09-23T08:45:11.4931057Z   Downloading pygments-2.21.0-py3-none-any.whl.metadata (2.5 kB)
2026-09-23T08:45:11.5031301Z Downloading pytest-9.1.1-py3-none-any.whl (386 kB)
2026-09-23T08:45:11.5315519Z Downloading pluggy-1.6.0-py3-none-any.whl (20 kB)
2026-09-23T08:45:11.5381366Z Downloading iniconfig-2.3.0-py3-none-any.whl (7.5 kB)
2026-09-23T08:45:11.5416657Z Downloading packaging-26.3-py3-none-any.whl (129 kB)
2026-09-23T08:45:11.5474919Z Downloading pygments-2.21.0-py3-none-any.whl (1.3 MB)
2026-09-23T08:45:11.5650681Z    ââââââââââââââââââââââââââââââââââââââââ 1.3/1.3 MB 74.9 MB/s  0:00:00
2026-09-23T08:45:11.7361979Z Installing collected packages: pygments, pluggy, packaging, iniconfig, pytest
2026-09-23T08:45:12.7408067Z 
2026-09-23T08:45:12.7419249Z Successfully installed iniconfig-2.3.0 packaging-26.3 pluggy-1.6.0 pygments-2.21.0 pytest-9.1.1
2026-09-23T08:45:12.8026878Z ##[group]Run python automation/inject_mutation.py --error-type "IndexError"
2026-09-23T08:45:12.8027506Z [36;1mpython automation/inject_mutation.py --error-type "IndexError"[0m
2026-09-23T08:45:12.8070298Z shell: /usr/bin/bash -e {0}
2026-09-23T08:45:12.8070576Z env:
2026-09-23T08:45:12.8070875Z   pythonLocation: /opt/hostedtoolcache/Python/3.11.16/x64
2026-09-23T08:45:12.8071574Z   PKG_CONFIG_PATH: /opt/hostedtoolcache/Python/3.11.16/x64/lib/pkgconfig
2026-09-23T08:45:12.8072010Z   Python_ROOT_DIR: /opt/hostedtoolcache/Python/3.11.16/x64
2026-09-23T08:45:12.8072392Z   Python2_ROOT_DIR: /opt/hostedtoolcache/Python/3.11.16/x64
2026-09-23T08:45:12.8072786Z   Python3_ROOT_DIR: /opt/hostedtoolcache/Python/3.11.16/x64
2026-09-23T08:45:12.8073167Z   LD_LIBRARY_PATH: /opt/hostedtoolcache/Python/3.11.16/x64/lib
2026-09-23T08:45:12.8073496Z ##[endgroup]
2026-09-23T08:45:12.8399414Z [Mutation Injected] Successfully injected IndexError into tests/test_app.py
2026-09-23T08:45:12.8477422Z ##[group]Run pytest tests/test_app.py -v
2026-09-23T08:45:12.8477794Z [36;1mpytest tests/test_app.py -v[0m
2026-09-23T08:45:12.8519988Z shell: /usr/bin/bash -e {0}
2026-09-23T08:45:12.8520256Z env:
2026-09-23T08:45:12.8520547Z   pythonLocation: /opt/hostedtoolcache/Python/3.11.16/x64
2026-09-23T08:45:12.8521016Z   PKG_CONFIG_PATH: /opt/hostedtoolcache/Python/3.11.16/x64/lib/pkgconfig
2026-09-23T08:45:12.8521477Z   Python_ROOT_DIR: /opt/hostedtoolcache/Python/3.11.16/x64
2026-09-23T08:45:12.8521862Z   Python2_ROOT_DIR: /opt/hostedtoolcache/Python/3.11.16/x64
2026-09-23T08:45:12.8522260Z   Python3_ROOT_DIR: /opt/hostedtoolcache/Python/3.11.16/x64
2026-09-23T08:45:12.8522632Z   LD_LIBRARY_PATH: /opt/hostedtoolcache/Python/3.11.16/x64/lib
2026-09-23T08:45:12.8522969Z ##[endgroup]
2026-09-23T08:45:13.2959965Z ============================= test session starts ==============================
2026-09-23T08:45:13.2961006Z platform linux -- Python 3.11.16, pytest-9.1.1, pluggy-1.6.0 -- /opt/hostedtoolcache/Python/3.11.16/x64/bin/python
2026-09-23T08:45:13.2961526Z cachedir: .pytest_cache
2026-09-23T08:45:13.2962980Z rootdir: /home/runner/work/log-generation/log-generation
2026-09-23T08:45:13.3047647Z configfile: pytest.ini
2026-09-23T08:45:13.3048101Z collecting ... collected 6 items
2026-09-23T08:45:13.3048299Z 
2026-09-23T08:45:13.3059057Z tests/test_app.py::test_calculate_division PASSED                        [ 16%]
2026-09-23T08:45:13.3068002Z tests/test_app.py::test_convert_to_int PASSED                            [ 33%]
2026-09-23T08:45:13.3077526Z tests/test_app.py::test_get_list_item PASSED                             [ 50%]
2026-09-23T08:45:13.3086867Z tests/test_app.py::test_get_dict_value PASSED                            [ 66%]
2026-09-23T08:45:13.3095675Z tests/test_app.py::test_assert_positive PASSED                           [ 83%]
2026-09-23T08:45:13.3437964Z tests/test_app.py::test_index_error FAILED                               [100%]
2026-09-23T08:45:13.3438440Z 
2026-09-23T08:45:13.3438622Z =================================== FAILURES ===================================
2026-09-23T08:45:13.3439329Z _______________________________ test_index_error _______________________________
2026-09-23T08:45:13.3439607Z 
2026-09-23T08:45:13.3439722Z     def test_index_error():
2026-09-23T08:45:13.3440000Z         """Injected synthetic IndexError."""
2026-09-23T08:45:13.3440347Z         from src.app import get_list_item
2026-09-23T08:45:13.3440632Z         dataset = [10, 20, 30]
2026-09-23T08:45:13.3440887Z >       get_list_item(dataset, 999)
2026-09-23T08:45:13.3441226Z 
2026-09-23T08:45:13.3441327Z tests/test_app.py:138: 
2026-09-23T08:45:13.3441638Z _ _ _ _ _ _ _ _ _ _ _ _ _ _ _ _ _ _ _ _ _ _ _ _ _ _ _ _ _ _ _ _ _ _ _ _ _ _ _ _ 
2026-09-23T08:45:13.3441919Z 
2026-09-23T08:45:13.3442016Z lst = [10, 20, 30], index = 999
2026-09-23T08:45:13.3442218Z 
2026-09-23T08:45:13.3442329Z     def get_list_item(lst, index):
2026-09-23T08:45:13.3442591Z >       return lst[index]
2026-09-23T08:45:13.3442830Z                ^^^^^^^^^^
2026-09-23T08:45:13.3443072Z E       IndexError: list index out of range
2026-09-23T08:45:13.3443264Z 
2026-09-23T08:45:13.3443374Z src/app.py:8: IndexError
2026-09-23T08:45:13.3443670Z =========================== short test summary info ============================
2026-09-23T08:45:13.3444187Z FAILED tests/test_app.py::test_index_error - IndexError: list index out of range
2026-09-23T08:45:13.3444991Z ========================= 1 failed, 5 passed in 0.04s ==========================
2026-09-23T08:45:13.3727540Z ##[error]Process completed with exit code 1.
2026-09-23T08:45:13.3866135Z Node 20 is being deprecated. This workflow is running with Node 24 by default. If you need to temporarily use Node 20, you can set the ACTIONS_ALLOW_USE_UNSECURE_NODE_VERSION=true environment variable. For more information see: https://github.blog/changelog/2025-09-19-deprecation-of-node-20-on-github-actions-runners/
2026-09-23T08:45:13.3867308Z Post job cleanup.
2026-09-23T08:45:13.4740047Z [command]/usr/bin/git version
2026-09-23T08:45:13.4785407Z git version 2.55.0
2026-09-23T08:45:13.4826990Z Temporarily overriding HOME='/home/runner/work/_temp/95c6f503-0c96-4278-9db0-21e96dbeed98' before making global git config changes
2026-09-23T08:45:13.4828304Z Adding repository directory to the temporary git global config as a safe directory
2026-09-23T08:45:13.4833713Z [command]/usr/bin/git config --global --add safe.directory /home/runner/work/log-generation/log-generation
2026-09-23T08:45:13.4878111Z [command]/usr/bin/git config --local --name-only --get-regexp core\.sshCommand
2026-09-23T08:45:13.4916965Z [command]/usr/bin/git submodule foreach --recursive sh -c "git config --local --name-only --get-regexp 'core\.sshCommand' && git config --local --unset-all 'core.sshCommand' || :"
2026-09-23T08:45:13.5195978Z [command]/usr/bin/git config --local --name-only --get-regexp http\.https\:\/\/github\.com\/\.extraheader
2026-09-23T08:45:13.5225340Z http.https://github.com/.extraheader
2026-09-23T08:45:13.5236974Z [command]/usr/bin/git config --local --unset-all http.https://github.com/.extraheader
2026-09-23T08:45:13.5274976Z [command]/usr/bin/git submodule foreach --recursive sh -c "git config --local --name-only --get-regexp 'http\.https\:\/\/github\.com\/\.extraheader' && git config --local --unset-all 'http.https://github.com/.extraheader' || :"
2026-09-23T08:45:13.5550380Z [command]/usr/bin/git config --local --name-only --get-regexp ^includeIf\.gitdir:
2026-09-23T08:45:13.5595371Z [command]/usr/bin/git submodule foreach --recursive git config --local --show-origin --name-only --get-regexp remote.origin.url
2026-09-23T08:45:13.6077981Z Cleaning up orphan processes
2026-09-23T08:45:13.6358622Z ##[warning]Node.js 20 is deprecated. The following actions target Node.js 20 but are being forced to run on Node.js 24: actions/checkout@v4, actions/setup-python@v5. For more information see: https://github.blog/changelog/2025-09-19-deprecation-of-node-20-on-github-actions-runners/
