ï»¿2026-09-23T08:48:03.3595994Z Current runner version: '2.337.0'
2026-09-23T08:48:03.3614204Z ##[group]Runner Image Provisioner
2026-09-23T08:48:03.3614922Z Hosted Compute Agent
2026-09-23T08:48:03.3615412Z Version: 20260828.587
2026-09-23T08:48:03.3615958Z Commit: abac92662cab4cc7352de4f9f9d2e2419aad9c29
2026-09-23T08:48:03.3616558Z Build Date: 2026-08-28T16:44:25Z
2026-09-23T08:48:03.3617101Z Worker ID: {06534a16-749d-4665-8d0c-0d67780c65f1}
2026-09-23T08:48:03.3617681Z Azure Region: westus3
2026-09-23T08:48:03.3618169Z ##[endgroup]
2026-09-23T08:48:03.3619909Z ##[group]Operating System
2026-09-23T08:48:03.3620424Z Ubuntu
2026-09-23T08:48:03.3620921Z 24.04.5
2026-09-23T08:48:03.3621388Z LTS
2026-09-23T08:48:03.3622037Z ##[endgroup]
2026-09-23T08:48:03.3622577Z ##[group]Runner Image
2026-09-23T08:48:03.3623061Z Image: ubuntu-24.04
2026-09-23T08:48:03.3623532Z Version: 20260920.314.1
2026-09-23T08:48:03.3624570Z Included Software: https://github.com/actions/runner-images/blob/ubuntu24/20260920.314/images/ubuntu/Ubuntu2404-Readme.md
2026-09-23T08:48:03.3625809Z Image Release: https://github.com/actions/runner-images/releases/tag/ubuntu24%2F20260920.314
2026-09-23T08:48:03.3626571Z ##[endgroup]
2026-09-23T08:48:03.3627526Z ##[group]GITHUB_TOKEN Permissions
2026-09-23T08:48:03.3629784Z Contents: read
2026-09-23T08:48:03.3630311Z Metadata: read
2026-09-23T08:48:03.3630789Z Packages: read
2026-09-23T08:48:03.3631222Z ##[endgroup]
2026-09-23T08:48:03.3632948Z Secret source: Actions
2026-09-23T08:48:03.3633722Z Cache mode: write
2026-09-23T08:48:03.3634588Z Prepare workflow directory
2026-09-23T08:48:03.3888310Z Prepare all required actions
2026-09-23T08:48:03.3928489Z Getting action download info
2026-09-23T08:48:03.6971234Z Download action repository 'actions/checkout@v4' (SHA:11d5960a326750d5838078e36cf38b85af677262)
2026-09-23T08:48:03.8220614Z Download action repository 'actions/setup-python@v5' (SHA:a26af69be951a213d495a4c3e4e4022e16d87065)
2026-09-23T08:48:04.1343047Z Complete job name: test-f3 (AssertionError #8)
2026-09-23T08:48:04.1908680Z Node 20 is being deprecated. This workflow is running with Node 24 by default. If you need to temporarily use Node 20, you can set the ACTIONS_ALLOW_USE_UNSECURE_NODE_VERSION=true environment variable. For more information see: https://github.blog/changelog/2025-09-19-deprecation-of-node-20-on-github-actions-runners/
2026-09-23T08:48:04.1915952Z ##[group]Run actions/checkout@v4
2026-09-23T08:48:04.1916566Z with:
2026-09-23T08:48:04.1917012Z   fetch-depth: 1
2026-09-23T08:48:04.1917501Z   repository: DhruvHegde/log-generation
2026-09-23T08:48:04.1921240Z   token: ***
2026-09-23T08:48:04.1921893Z   ssh-strict: true
2026-09-23T08:48:04.1922311Z   ssh-user: git
2026-09-23T08:48:04.1922750Z   persist-credentials: true
2026-09-23T08:48:04.1923232Z   clean: true
2026-09-23T08:48:04.1923660Z   sparse-checkout-cone-mode: true
2026-09-23T08:48:04.1924182Z   fetch-tags: false
2026-09-23T08:48:04.1924601Z   show-progress: true
2026-09-23T08:48:04.1925026Z   lfs: false
2026-09-23T08:48:04.1925547Z   submodules: false
2026-09-23T08:48:04.1925982Z   set-safe-directory: true
2026-09-23T08:48:04.1926462Z   allow-unsafe-pr-checkout: false
2026-09-23T08:48:04.1927106Z ##[endgroup]
2026-09-23T08:48:04.2792541Z Syncing repository: DhruvHegde/log-generation
2026-09-23T08:48:04.2794848Z ##[group]Getting Git version info
2026-09-23T08:48:04.2795990Z Working directory is '/home/runner/work/log-generation/log-generation'
2026-09-23T08:48:04.2797427Z [command]/usr/bin/git version
2026-09-23T08:48:04.2815139Z git version 2.55.0
2026-09-23T08:48:04.2832937Z ##[endgroup]
2026-09-23T08:48:04.2844624Z Temporarily overriding HOME='/home/runner/work/_temp/807eb276-4e94-4a43-944b-911715d49191' before making global git config changes
2026-09-23T08:48:04.2848827Z Adding repository directory to the temporary git global config as a safe directory
2026-09-23T08:48:04.2850351Z [command]/usr/bin/git config --global --add safe.directory /home/runner/work/log-generation/log-generation
2026-09-23T08:48:04.2887775Z Deleting the contents of '/home/runner/work/log-generation/log-generation'
2026-09-23T08:48:04.2892309Z ##[group]Initializing the repository
2026-09-23T08:48:04.2896304Z [command]/usr/bin/git init /home/runner/work/log-generation/log-generation
2026-09-23T08:48:04.2970950Z hint: Using 'master' as the name for the initial branch. This default branch name
2026-09-23T08:48:04.2972372Z hint: will change to "main" in Git 3.0. To configure the initial branch name
2026-09-23T08:48:04.2973986Z hint: to use in all of your new repositories, which will suppress this warning,
2026-09-23T08:48:04.2974873Z hint: call:
2026-09-23T08:48:04.2975414Z hint:
2026-09-23T08:48:04.2976671Z hint: 	git config --global init.defaultBranch <name>
2026-09-23T08:48:04.2978920Z hint:
2026-09-23T08:48:04.2981157Z hint: Names commonly chosen instead of 'master' are 'main', 'trunk' and
2026-09-23T08:48:04.2984198Z hint: 'development'. The just-created branch can be renamed via this command:
2026-09-23T08:48:04.2985267Z hint:
2026-09-23T08:48:04.2986066Z hint: 	git branch -m <name>
2026-09-23T08:48:04.2986810Z hint:
2026-09-23T08:48:04.2987709Z hint: Disable this message with "git config set advice.defaultBranchName false"
2026-09-23T08:48:04.2989381Z Initialized empty Git repository in /home/runner/work/log-generation/log-generation/.git/
2026-09-23T08:48:04.2992416Z [command]/usr/bin/git remote add origin https://github.com/DhruvHegde/log-generation
2026-09-23T08:48:04.3023244Z ##[endgroup]
2026-09-23T08:48:04.3024318Z ##[group]Disabling automatic garbage collection
2026-09-23T08:48:04.3026686Z [command]/usr/bin/git config --local gc.auto 0
2026-09-23T08:48:04.3051198Z ##[endgroup]
2026-09-23T08:48:04.3052205Z ##[group]Setting up auth
2026-09-23T08:48:04.3057265Z [command]/usr/bin/git config --local --name-only --get-regexp core\.sshCommand
2026-09-23T08:48:04.3080368Z [command]/usr/bin/git submodule foreach --recursive sh -c "git config --local --name-only --get-regexp 'core\.sshCommand' && git config --local --unset-all 'core.sshCommand' || :"
2026-09-23T08:48:04.3354676Z [command]/usr/bin/git config --local --name-only --get-regexp http\.https\:\/\/github\.com\/\.extraheader
2026-09-23T08:48:04.3389941Z [command]/usr/bin/git submodule foreach --recursive sh -c "git config --local --name-only --get-regexp 'http\.https\:\/\/github\.com\/\.extraheader' && git config --local --unset-all 'http.https://github.com/.extraheader' || :"
2026-09-23T08:48:04.3568103Z [command]/usr/bin/git config --local --name-only --get-regexp ^includeIf\.gitdir:
2026-09-23T08:48:04.3594884Z [command]/usr/bin/git submodule foreach --recursive git config --local --show-origin --name-only --get-regexp remote.origin.url
2026-09-23T08:48:04.3753104Z [command]/usr/bin/git config --local http.https://github.com/.extraheader AUTHORIZATION: basic ***
2026-09-23T08:48:04.3781145Z ##[endgroup]
2026-09-23T08:48:04.3782082Z ##[group]Fetching the repository
2026-09-23T08:48:04.3788918Z [command]/usr/bin/git -c protocol.version=2 fetch --no-tags --prune --no-recurse-submodules --depth=1 origin +43f20917de93b9aad51cf79a69ad5239c5632917:refs/remotes/origin/feature/f3-test-failures
2026-09-23T08:48:05.1973336Z From https://github.com/DhruvHegde/log-generation
2026-09-23T08:48:05.1975119Z  * [new ref]         43f20917de93b9aad51cf79a69ad5239c5632917 -> origin/feature/f3-test-failures
2026-09-23T08:48:05.1980673Z ##[endgroup]
2026-09-23T08:48:05.1982007Z ##[group]Determining the checkout info
2026-09-23T08:48:05.1983322Z ##[endgroup]
2026-09-23T08:48:05.1994053Z [command]/usr/bin/git sparse-checkout disable
2026-09-23T08:48:05.2031330Z [command]/usr/bin/git config --local --unset-all extensions.worktreeConfig
2026-09-23T08:48:05.2068101Z ##[group]Checking out the ref
2026-09-23T08:48:05.2072664Z [command]/usr/bin/git checkout --progress --force -B feature/f3-test-failures refs/remotes/origin/feature/f3-test-failures
2026-09-23T08:48:05.2507633Z Switched to a new branch 'feature/f3-test-failures'
2026-09-23T08:48:05.2512504Z branch 'feature/f3-test-failures' set up to track 'origin/feature/f3-test-failures'.
2026-09-23T08:48:05.2516076Z ##[endgroup]
2026-09-23T08:48:05.2546965Z [command]/usr/bin/git log -1 --format=%H
2026-09-23T08:48:05.2564704Z 43f20917de93b9aad51cf79a69ad5239c5632917
2026-09-23T08:48:05.2858953Z Node 20 is being deprecated. This workflow is running with Node 24 by default. If you need to temporarily use Node 20, you can set the ACTIONS_ALLOW_USE_UNSECURE_NODE_VERSION=true environment variable. For more information see: https://github.blog/changelog/2025-09-19-deprecation-of-node-20-on-github-actions-runners/
2026-09-23T08:48:05.2863189Z ##[group]Run actions/setup-python@v5
2026-09-23T08:48:05.2864299Z with:
2026-09-23T08:48:05.2865168Z   python-version: 3.11
2026-09-23T08:48:05.2866154Z   check-latest: false
2026-09-23T08:48:05.2873757Z   token: ***
2026-09-23T08:48:05.2874752Z   update-environment: true
2026-09-23T08:48:05.2875810Z   allow-prereleases: false
2026-09-23T08:48:05.2876825Z   freethreaded: false
2026-09-23T08:48:05.2877771Z ##[endgroup]
2026-09-23T08:48:05.3993637Z ##[group]Installed versions
2026-09-23T08:48:05.5311956Z (node:2037) [DEP0040] DeprecationWarning: The `punycode` module is deprecated. Please use a userland alternative instead.
2026-09-23T08:48:05.5313340Z (Use `node --trace-deprecation ...` to show where the warning was created)
2026-09-23T08:48:05.5313974Z Successfully set up CPython (3.11.16)
2026-09-23T08:48:05.5314819Z ##[endgroup]
2026-09-23T08:48:05.5461022Z ##[group]Run pip install --no-cache-dir pytest
2026-09-23T08:48:05.5461604Z [36;1mpip install --no-cache-dir pytest[0m
2026-09-23T08:48:05.5911988Z shell: /usr/bin/bash -e {0}
2026-09-23T08:48:05.5912463Z env:
2026-09-23T08:48:05.5912888Z   pythonLocation: /opt/hostedtoolcache/Python/3.11.16/x64
2026-09-23T08:48:05.5913379Z   PKG_CONFIG_PATH: /opt/hostedtoolcache/Python/3.11.16/x64/lib/pkgconfig
2026-09-23T08:48:05.5913889Z   Python_ROOT_DIR: /opt/hostedtoolcache/Python/3.11.16/x64
2026-09-23T08:48:05.5914357Z   Python2_ROOT_DIR: /opt/hostedtoolcache/Python/3.11.16/x64
2026-09-23T08:48:05.5914789Z   Python3_ROOT_DIR: /opt/hostedtoolcache/Python/3.11.16/x64
2026-09-23T08:48:05.5915262Z   LD_LIBRARY_PATH: /opt/hostedtoolcache/Python/3.11.16/x64/lib
2026-09-23T08:48:05.5915653Z ##[endgroup]
2026-09-23T08:48:08.4585398Z Collecting pytest
2026-09-23T08:48:08.5201358Z   Downloading pytest-9.1.1-py3-none-any.whl.metadata (7.6 kB)
2026-09-23T08:48:08.5339707Z Collecting iniconfig>=1.0.1 (from pytest)
2026-09-23T08:48:08.5371589Z   Downloading iniconfig-2.3.0-py3-none-any.whl.metadata (2.5 kB)
2026-09-23T08:48:08.5522333Z Collecting packaging>=22 (from pytest)
2026-09-23T08:48:08.5555290Z   Downloading packaging-26.3-py3-none-any.whl.metadata (3.5 kB)
2026-09-23T08:48:08.5684365Z Collecting pluggy<2,>=1.5 (from pytest)
2026-09-23T08:48:08.5717337Z   Downloading pluggy-1.6.0-py3-none-any.whl.metadata (4.8 kB)
2026-09-23T08:48:08.5889366Z Collecting pygments>=2.7.2 (from pytest)
2026-09-23T08:48:08.5921310Z   Downloading pygments-2.21.0-py3-none-any.whl.metadata (2.5 kB)
2026-09-23T08:48:08.5970157Z Downloading pytest-9.1.1-py3-none-any.whl (386 kB)
2026-09-23T08:48:08.6102823Z Downloading pluggy-1.6.0-py3-none-any.whl (20 kB)
2026-09-23T08:48:08.6132519Z Downloading iniconfig-2.3.0-py3-none-any.whl (7.5 kB)
2026-09-23T08:48:08.6161219Z Downloading packaging-26.3-py3-none-any.whl (129 kB)
2026-09-23T08:48:08.6204245Z Downloading pygments-2.21.0-py3-none-any.whl (1.3 MB)
2026-09-23T08:48:08.6350196Z    ââââââââââââââââââââââââââââââââââââââââ 1.3/1.3 MB 102.6 MB/s  0:00:00
2026-09-23T08:48:08.7965485Z Installing collected packages: pygments, pluggy, packaging, iniconfig, pytest
2026-09-23T08:48:09.4682572Z 
2026-09-23T08:48:09.4690137Z Successfully installed iniconfig-2.3.0 packaging-26.3 pluggy-1.6.0 pygments-2.21.0 pytest-9.1.1
2026-09-23T08:48:09.5229768Z ##[group]Run python automation/inject_mutation.py --error-type "AssertionError"
2026-09-23T08:48:09.5230385Z [36;1mpython automation/inject_mutation.py --error-type "AssertionError"[0m
2026-09-23T08:48:09.5268893Z shell: /usr/bin/bash -e {0}
2026-09-23T08:48:09.5269415Z env:
2026-09-23T08:48:09.5269986Z   pythonLocation: /opt/hostedtoolcache/Python/3.11.16/x64
2026-09-23T08:48:09.5270474Z   PKG_CONFIG_PATH: /opt/hostedtoolcache/Python/3.11.16/x64/lib/pkgconfig
2026-09-23T08:48:09.5270900Z   Python_ROOT_DIR: /opt/hostedtoolcache/Python/3.11.16/x64
2026-09-23T08:48:09.5271286Z   Python2_ROOT_DIR: /opt/hostedtoolcache/Python/3.11.16/x64
2026-09-23T08:48:09.5271711Z   Python3_ROOT_DIR: /opt/hostedtoolcache/Python/3.11.16/x64
2026-09-23T08:48:09.5272106Z   LD_LIBRARY_PATH: /opt/hostedtoolcache/Python/3.11.16/x64/lib
2026-09-23T08:48:09.5272469Z ##[endgroup]
2026-09-23T08:48:09.5518746Z [Mutation Injected] Successfully injected AssertionError into tests/test_app.py
2026-09-23T08:48:09.5583175Z ##[group]Run pytest tests/test_app.py -v
2026-09-23T08:48:09.5583545Z [36;1mpytest tests/test_app.py -v[0m
2026-09-23T08:48:09.5614635Z shell: /usr/bin/bash -e {0}
2026-09-23T08:48:09.5615058Z env:
2026-09-23T08:48:09.5615375Z   pythonLocation: /opt/hostedtoolcache/Python/3.11.16/x64
2026-09-23T08:48:09.5615832Z   PKG_CONFIG_PATH: /opt/hostedtoolcache/Python/3.11.16/x64/lib/pkgconfig
2026-09-23T08:48:09.5616299Z   Python_ROOT_DIR: /opt/hostedtoolcache/Python/3.11.16/x64
2026-09-23T08:48:09.5616734Z   Python2_ROOT_DIR: /opt/hostedtoolcache/Python/3.11.16/x64
2026-09-23T08:48:09.5617160Z   Python3_ROOT_DIR: /opt/hostedtoolcache/Python/3.11.16/x64
2026-09-23T08:48:09.5617553Z   LD_LIBRARY_PATH: /opt/hostedtoolcache/Python/3.11.16/x64/lib
2026-09-23T08:48:09.5617906Z ##[endgroup]
2026-09-23T08:48:09.9134001Z ============================= test session starts ==============================
2026-09-23T08:48:09.9135446Z platform linux -- Python 3.11.16, pytest-9.1.1, pluggy-1.6.0 -- /opt/hostedtoolcache/Python/3.11.16/x64/bin/python
2026-09-23T08:48:09.9136351Z cachedir: .pytest_cache
2026-09-23T08:48:09.9136850Z rootdir: /home/runner/work/log-generation/log-generation
2026-09-23T08:48:09.9137433Z configfile: pytest.ini
2026-09-23T08:48:09.9212887Z collecting ... collected 6 items
2026-09-23T08:48:09.9213312Z 
2026-09-23T08:48:09.9221823Z tests/test_app.py::test_calculate_division PASSED                        [ 16%]
2026-09-23T08:48:09.9228521Z tests/test_app.py::test_convert_to_int PASSED                            [ 33%]
2026-09-23T08:48:09.9235883Z tests/test_app.py::test_get_list_item PASSED                             [ 50%]
2026-09-23T08:48:09.9242450Z tests/test_app.py::test_get_dict_value PASSED                            [ 66%]
2026-09-23T08:48:09.9249157Z tests/test_app.py::test_assert_positive PASSED                           [ 83%]
2026-09-23T08:48:09.9470214Z tests/test_app.py::test_assertion_failure FAILED                         [100%]
2026-09-23T08:48:09.9470815Z 
2026-09-23T08:48:09.9471108Z =================================== FAILURES ===================================
2026-09-23T08:48:09.9471730Z ____________________________ test_assertion_failure ____________________________
2026-09-23T08:48:09.9472093Z 
2026-09-23T08:48:09.9472428Z     def test_assertion_failure():
2026-09-23T08:48:09.9472951Z         """Injected synthetic AssertionError."""
2026-09-23T08:48:09.9473461Z         expected_status = 200
2026-09-23T08:48:09.9473899Z         actual_status = 500
2026-09-23T08:48:09.9474542Z >       assert actual_status == expected_status, f"Expected {expected_status}, received {actual_status}"
2026-09-23T08:48:09.9475303Z E       AssertionError: Expected 200, received 500
2026-09-23T08:48:09.9475972Z E       assert 500 == 200
2026-09-23T08:48:09.9476236Z 
2026-09-23T08:48:09.9476461Z tests/test_app.py:140: AssertionError
2026-09-23T08:48:09.9476965Z =========================== short test summary info ============================
2026-09-23T08:48:09.9477907Z FAILED tests/test_app.py::test_assertion_failure - AssertionError: Expected 200, received 500
2026-09-23T08:48:09.9479164Z assert 500 == 200
2026-09-23T08:48:09.9479768Z ========================= 1 failed, 5 passed in 0.02s ==========================
2026-09-23T08:48:09.9665561Z ##[error]Process completed with exit code 1.
2026-09-23T08:48:09.9820595Z Node 20 is being deprecated. This workflow is running with Node 24 by default. If you need to temporarily use Node 20, you can set the ACTIONS_ALLOW_USE_UNSECURE_NODE_VERSION=true environment variable. For more information see: https://github.blog/changelog/2025-09-19-deprecation-of-node-20-on-github-actions-runners/
2026-09-23T08:48:09.9821701Z Post job cleanup.
2026-09-23T08:48:10.0525255Z [command]/usr/bin/git version
2026-09-23T08:48:10.0555947Z git version 2.55.0
2026-09-23T08:48:10.0583881Z Temporarily overriding HOME='/home/runner/work/_temp/fa6227b7-35ec-48d9-a044-25a75fae4833' before making global git config changes
2026-09-23T08:48:10.0584989Z Adding repository directory to the temporary git global config as a safe directory
2026-09-23T08:48:10.0588428Z [command]/usr/bin/git config --global --add safe.directory /home/runner/work/log-generation/log-generation
2026-09-23T08:48:10.0619858Z [command]/usr/bin/git config --local --name-only --get-regexp core\.sshCommand
2026-09-23T08:48:10.0645642Z [command]/usr/bin/git submodule foreach --recursive sh -c "git config --local --name-only --get-regexp 'core\.sshCommand' && git config --local --unset-all 'core.sshCommand' || :"
2026-09-23T08:48:10.0827243Z [command]/usr/bin/git config --local --name-only --get-regexp http\.https\:\/\/github\.com\/\.extraheader
2026-09-23T08:48:10.0847985Z http.https://github.com/.extraheader
2026-09-23T08:48:10.0856398Z [command]/usr/bin/git config --local --unset-all http.https://github.com/.extraheader
2026-09-23T08:48:10.0883108Z [command]/usr/bin/git submodule foreach --recursive sh -c "git config --local --name-only --get-regexp 'http\.https\:\/\/github\.com\/\.extraheader' && git config --local --unset-all 'http.https://github.com/.extraheader' || :"
2026-09-23T08:48:10.1069176Z [command]/usr/bin/git config --local --name-only --get-regexp ^includeIf\.gitdir:
2026-09-23T08:48:10.1103218Z [command]/usr/bin/git submodule foreach --recursive git config --local --show-origin --name-only --get-regexp remote.origin.url
2026-09-23T08:48:10.1429186Z Cleaning up orphan processes
2026-09-23T08:48:10.1641223Z ##[warning]Node.js 20 is deprecated. The following actions target Node.js 20 but are being forced to run on Node.js 24: actions/checkout@v4, actions/setup-python@v5. For more information see: https://github.blog/changelog/2025-09-19-deprecation-of-node-20-on-github-actions-runners/
