ï»¿2026-09-23T08:48:55.6814012Z Current runner version: '2.337.0'
2026-09-23T08:48:55.6850262Z ##[group]Runner Image Provisioner
2026-09-23T08:48:55.6852020Z Hosted Compute Agent
2026-09-23T08:48:55.6853292Z Version: 20260828.587
2026-09-23T08:48:55.6854573Z Commit: abac92662cab4cc7352de4f9f9d2e2419aad9c29
2026-09-23T08:48:55.6856014Z Build Date: 2026-08-28T16:44:25Z
2026-09-23T08:48:55.6857218Z Worker ID: {1d01464d-574f-4274-a1fb-add7989dfa49}
2026-09-23T08:48:55.6858485Z Azure Region: eastus
2026-09-23T08:48:55.6859595Z ##[endgroup]
2026-09-23T08:48:55.6862404Z ##[group]Operating System
2026-09-23T08:48:55.6863645Z Ubuntu
2026-09-23T08:48:55.6864781Z 24.04.5
2026-09-23T08:48:55.6865871Z LTS
2026-09-23T08:48:55.6866828Z ##[endgroup]
2026-09-23T08:48:55.6867890Z ##[group]Runner Image
2026-09-23T08:48:55.6869103Z Image: ubuntu-24.04
2026-09-23T08:48:55.6870201Z Version: 20260907.300.1
2026-09-23T08:48:55.6872940Z Included Software: https://github.com/actions/runner-images/blob/ubuntu24/20260907.300/images/ubuntu/Ubuntu2404-Readme.md
2026-09-23T08:48:55.6875890Z Image Release: https://github.com/actions/runner-images/releases/tag/ubuntu24%2F20260907.300
2026-09-23T08:48:55.6877716Z ##[endgroup]
2026-09-23T08:48:55.6879989Z ##[group]GITHUB_TOKEN Permissions
2026-09-23T08:48:55.6883165Z Contents: read
2026-09-23T08:48:55.6884150Z Metadata: read
2026-09-23T08:48:55.6885164Z Packages: read
2026-09-23T08:48:55.6886108Z ##[endgroup]
2026-09-23T08:48:55.6889214Z Secret source: Actions
2026-09-23T08:48:55.6890822Z Cache mode: write
2026-09-23T08:48:55.6892482Z Prepare workflow directory
2026-09-23T08:48:55.7382353Z Prepare all required actions
2026-09-23T08:48:55.7457334Z Getting action download info
2026-09-23T08:48:55.9194901Z Download action repository 'actions/checkout@v4' (SHA:11d5960a326750d5838078e36cf38b85af677262)
2026-09-23T08:48:56.0623957Z Download action repository 'actions/setup-python@v5' (SHA:a26af69be951a213d495a4c3e4e4022e16d87065)
2026-09-23T08:48:56.2616983Z Complete job name: test-f3 (ZeroDivisionError #86)
2026-09-23T08:48:56.3385851Z Node 20 is being deprecated. This workflow is running with Node 24 by default. If you need to temporarily use Node 20, you can set the ACTIONS_ALLOW_USE_UNSECURE_NODE_VERSION=true environment variable. For more information see: https://github.blog/changelog/2025-09-19-deprecation-of-node-20-on-github-actions-runners/
2026-09-23T08:48:56.3394995Z ##[group]Run actions/checkout@v4
2026-09-23T08:48:56.3395765Z with:
2026-09-23T08:48:56.3396209Z   fetch-depth: 1
2026-09-23T08:48:56.3396715Z   repository: DhruvHegde/log-generation
2026-09-23T08:48:56.3400807Z   token: ***
2026-09-23T08:48:56.3401509Z   ssh-strict: true
2026-09-23T08:48:56.3401980Z   ssh-user: git
2026-09-23T08:48:56.3402451Z   persist-credentials: true
2026-09-23T08:48:56.3402958Z   clean: true
2026-09-23T08:48:56.3403411Z   sparse-checkout-cone-mode: true
2026-09-23T08:48:56.3403948Z   fetch-tags: false
2026-09-23T08:48:56.3404407Z   show-progress: true
2026-09-23T08:48:56.3404882Z   lfs: false
2026-09-23T08:48:56.3405335Z   submodules: false
2026-09-23T08:48:56.3405991Z   set-safe-directory: true
2026-09-23T08:48:56.3406627Z   allow-unsafe-pr-checkout: false
2026-09-23T08:48:56.3407467Z ##[endgroup]
2026-09-23T08:48:56.4416726Z Syncing repository: DhruvHegde/log-generation
2026-09-23T08:48:56.4418798Z ##[group]Getting Git version info
2026-09-23T08:48:56.4419620Z Working directory is '/home/runner/work/log-generation/log-generation'
2026-09-23T08:48:56.4421136Z [command]/usr/bin/git version
2026-09-23T08:48:56.4498013Z git version 2.55.0
2026-09-23T08:48:56.4523547Z ##[endgroup]
2026-09-23T08:48:56.4546284Z Temporarily overriding HOME='/home/runner/work/_temp/8df11fad-3ef8-42e7-809c-36a7341c1524' before making global git config changes
2026-09-23T08:48:56.4548594Z Adding repository directory to the temporary git global config as a safe directory
2026-09-23T08:48:56.4553287Z [command]/usr/bin/git config --global --add safe.directory /home/runner/work/log-generation/log-generation
2026-09-23T08:48:56.4613262Z Deleting the contents of '/home/runner/work/log-generation/log-generation'
2026-09-23T08:48:56.4617768Z ##[group]Initializing the repository
2026-09-23T08:48:56.4621929Z [command]/usr/bin/git init /home/runner/work/log-generation/log-generation
2026-09-23T08:48:56.4750896Z hint: Using 'master' as the name for the initial branch. This default branch name
2026-09-23T08:48:56.4753440Z hint: will change to "main" in Git 3.0. To configure the initial branch name
2026-09-23T08:48:56.4755046Z hint: to use in all of your new repositories, which will suppress this warning,
2026-09-23T08:48:56.4756244Z hint: call:
2026-09-23T08:48:56.4756869Z hint:
2026-09-23T08:48:56.4757661Z hint: 	git config --global init.defaultBranch <name>
2026-09-23T08:48:56.4758703Z hint:
2026-09-23T08:48:56.4759735Z hint: Names commonly chosen instead of 'master' are 'main', 'trunk' and
2026-09-23T08:48:56.4761484Z hint: 'development'. The just-created branch can be renamed via this command:
2026-09-23T08:48:56.4762732Z hint:
2026-09-23T08:48:56.4763489Z hint: 	git branch -m <name>
2026-09-23T08:48:56.4764309Z hint:
2026-09-23T08:48:56.4765353Z hint: Disable this message with "git config set advice.defaultBranchName false"
2026-09-23T08:48:56.4767090Z Initialized empty Git repository in /home/runner/work/log-generation/log-generation/.git/
2026-09-23T08:48:56.4769945Z [command]/usr/bin/git remote add origin https://github.com/DhruvHegde/log-generation
2026-09-23T08:48:56.4826138Z ##[endgroup]
2026-09-23T08:48:56.4827518Z ##[group]Disabling automatic garbage collection
2026-09-23T08:48:56.4831455Z [command]/usr/bin/git config --local gc.auto 0
2026-09-23T08:48:56.4864959Z ##[endgroup]
2026-09-23T08:48:56.4866451Z ##[group]Setting up auth
2026-09-23T08:48:56.4872993Z [command]/usr/bin/git config --local --name-only --get-regexp core\.sshCommand
2026-09-23T08:48:56.4933852Z [command]/usr/bin/git submodule foreach --recursive sh -c "git config --local --name-only --get-regexp 'core\.sshCommand' && git config --local --unset-all 'core.sshCommand' || :"
2026-09-23T08:48:56.5306381Z [command]/usr/bin/git config --local --name-only --get-regexp http\.https\:\/\/github\.com\/\.extraheader
2026-09-23T08:48:56.5347959Z [command]/usr/bin/git submodule foreach --recursive sh -c "git config --local --name-only --get-regexp 'http\.https\:\/\/github\.com\/\.extraheader' && git config --local --unset-all 'http.https://github.com/.extraheader' || :"
2026-09-23T08:48:56.5572102Z [command]/usr/bin/git config --local --name-only --get-regexp ^includeIf\.gitdir:
2026-09-23T08:48:56.5609220Z [command]/usr/bin/git submodule foreach --recursive git config --local --show-origin --name-only --get-regexp remote.origin.url
2026-09-23T08:48:56.5831506Z [command]/usr/bin/git config --local http.https://github.com/.extraheader AUTHORIZATION: basic ***
2026-09-23T08:48:56.5870389Z ##[endgroup]
2026-09-23T08:48:56.5871519Z ##[group]Fetching the repository
2026-09-23T08:48:56.5881904Z [command]/usr/bin/git -c protocol.version=2 fetch --no-tags --prune --no-recurse-submodules --depth=1 origin +43f20917de93b9aad51cf79a69ad5239c5632917:refs/remotes/origin/feature/f3-test-failures
2026-09-23T08:48:56.8394728Z From https://github.com/DhruvHegde/log-generation
2026-09-23T08:48:56.8396117Z  * [new ref]         43f20917de93b9aad51cf79a69ad5239c5632917 -> origin/feature/f3-test-failures
2026-09-23T08:48:56.8399782Z ##[endgroup]
2026-09-23T08:48:56.8400809Z ##[group]Determining the checkout info
2026-09-23T08:48:56.8402841Z ##[endgroup]
2026-09-23T08:48:56.8408231Z [command]/usr/bin/git sparse-checkout disable
2026-09-23T08:48:56.8461736Z [command]/usr/bin/git config --local --unset-all extensions.worktreeConfig
2026-09-23T08:48:56.8493120Z ##[group]Checking out the ref
2026-09-23T08:48:56.8497751Z [command]/usr/bin/git checkout --progress --force -B feature/f3-test-failures refs/remotes/origin/feature/f3-test-failures
2026-09-23T08:48:56.8897321Z Switched to a new branch 'feature/f3-test-failures'
2026-09-23T08:48:56.8903972Z branch 'feature/f3-test-failures' set up to track 'origin/feature/f3-test-failures'.
2026-09-23T08:48:56.8911898Z ##[endgroup]
2026-09-23T08:48:56.8956488Z [command]/usr/bin/git log -1 --format=%H
2026-09-23T08:48:56.8983457Z 43f20917de93b9aad51cf79a69ad5239c5632917
2026-09-23T08:48:56.9279373Z Node 20 is being deprecated. This workflow is running with Node 24 by default. If you need to temporarily use Node 20, you can set the ACTIONS_ALLOW_USE_UNSECURE_NODE_VERSION=true environment variable. For more information see: https://github.blog/changelog/2025-09-19-deprecation-of-node-20-on-github-actions-runners/
2026-09-23T08:48:56.9282552Z ##[group]Run actions/setup-python@v5
2026-09-23T08:48:56.9283184Z with:
2026-09-23T08:48:56.9283670Z   python-version: 3.11
2026-09-23T08:48:56.9284200Z   check-latest: false
2026-09-23T08:48:56.9288401Z   token: ***
2026-09-23T08:48:56.9288919Z   update-environment: true
2026-09-23T08:48:56.9289499Z   allow-prereleases: false
2026-09-23T08:48:56.9290080Z   freethreaded: false
2026-09-23T08:48:56.9290597Z ##[endgroup]
2026-09-23T08:48:57.0599370Z ##[group]Installed versions
2026-09-23T08:48:57.0703197Z (node:2228) [DEP0040] DeprecationWarning: The `punycode` module is deprecated. Please use a userland alternative instead.
2026-09-23T08:48:57.0705894Z (Use `node --trace-deprecation ...` to show where the warning was created)
2026-09-23T08:48:57.0707433Z Successfully set up CPython (3.11.16)
2026-09-23T08:48:57.0709057Z ##[endgroup]
2026-09-23T08:48:57.0884233Z ##[group]Run pip install --no-cache-dir pytest
2026-09-23T08:48:57.0885192Z [36;1mpip install --no-cache-dir pytest[0m
2026-09-23T08:48:57.0939633Z shell: /usr/bin/bash -e {0}
2026-09-23T08:48:57.0940279Z env:
2026-09-23T08:48:57.0940900Z   pythonLocation: /opt/hostedtoolcache/Python/3.11.16/x64
2026-09-23T08:48:57.0942759Z   PKG_CONFIG_PATH: /opt/hostedtoolcache/Python/3.11.16/x64/lib/pkgconfig
2026-09-23T08:48:57.0944443Z   Python_ROOT_DIR: /opt/hostedtoolcache/Python/3.11.16/x64
2026-09-23T08:48:57.0945837Z   Python2_ROOT_DIR: /opt/hostedtoolcache/Python/3.11.16/x64
2026-09-23T08:48:57.0947231Z   Python3_ROOT_DIR: /opt/hostedtoolcache/Python/3.11.16/x64
2026-09-23T08:48:57.1039717Z   LD_LIBRARY_PATH: /opt/hostedtoolcache/Python/3.11.16/x64/lib
2026-09-23T08:48:57.1041763Z ##[endgroup]
2026-09-23T08:48:59.1009921Z Collecting pytest
2026-09-23T08:48:59.1505302Z   Downloading pytest-9.1.1-py3-none-any.whl.metadata (7.6 kB)
2026-09-23T08:48:59.1588761Z Collecting iniconfig>=1.0.1 (from pytest)
2026-09-23T08:48:59.1627428Z   Downloading iniconfig-2.3.0-py3-none-any.whl.metadata (2.5 kB)
2026-09-23T08:48:59.1730162Z Collecting packaging>=22 (from pytest)
2026-09-23T08:48:59.1773886Z   Downloading packaging-26.3-py3-none-any.whl.metadata (3.5 kB)
2026-09-23T08:48:59.1851286Z Collecting pluggy<2,>=1.5 (from pytest)
2026-09-23T08:48:59.1885778Z   Downloading pluggy-1.6.0-py3-none-any.whl.metadata (4.8 kB)
2026-09-23T08:48:59.2016682Z Collecting pygments>=2.7.2 (from pytest)
2026-09-23T08:48:59.2053327Z   Downloading pygments-2.21.0-py3-none-any.whl.metadata (2.5 kB)
2026-09-23T08:48:59.2113969Z Downloading pytest-9.1.1-py3-none-any.whl (386 kB)
2026-09-23T08:48:59.2332864Z Downloading pluggy-1.6.0-py3-none-any.whl (20 kB)
2026-09-23T08:48:59.2373155Z Downloading iniconfig-2.3.0-py3-none-any.whl (7.5 kB)
2026-09-23T08:48:59.2409852Z Downloading packaging-26.3-py3-none-any.whl (129 kB)
2026-09-23T08:48:59.2448660Z Downloading pygments-2.21.0-py3-none-any.whl (1.3 MB)
2026-09-23T08:48:59.2535652Z    ââââââââââââââââââââââââââââââââââââââââ 1.3/1.3 MB 215.3 MB/s  0:00:00
2026-09-23T08:48:59.4145859Z Installing collected packages: pygments, pluggy, packaging, iniconfig, pytest
2026-09-23T08:49:00.3785749Z 
2026-09-23T08:49:00.3795164Z Successfully installed iniconfig-2.3.0 packaging-26.3 pluggy-1.6.0 pygments-2.21.0 pytest-9.1.1
2026-09-23T08:49:00.4307352Z ##[group]Run python automation/inject_mutation.py --error-type "ZeroDivisionError"
2026-09-23T08:49:00.4308022Z [36;1mpython automation/inject_mutation.py --error-type "ZeroDivisionError"[0m
2026-09-23T08:49:00.4346385Z shell: /usr/bin/bash -e {0}
2026-09-23T08:49:00.4346647Z env:
2026-09-23T08:49:00.4347156Z   pythonLocation: /opt/hostedtoolcache/Python/3.11.16/x64
2026-09-23T08:49:00.4347605Z   PKG_CONFIG_PATH: /opt/hostedtoolcache/Python/3.11.16/x64/lib/pkgconfig
2026-09-23T08:49:00.4348035Z   Python_ROOT_DIR: /opt/hostedtoolcache/Python/3.11.16/x64
2026-09-23T08:49:00.4348431Z   Python2_ROOT_DIR: /opt/hostedtoolcache/Python/3.11.16/x64
2026-09-23T08:49:00.4348828Z   Python3_ROOT_DIR: /opt/hostedtoolcache/Python/3.11.16/x64
2026-09-23T08:49:00.4349208Z   LD_LIBRARY_PATH: /opt/hostedtoolcache/Python/3.11.16/x64/lib
2026-09-23T08:49:00.4349551Z ##[endgroup]
2026-09-23T08:49:00.4647364Z [Mutation Injected] Successfully injected ZeroDivisionError into tests/test_app.py
2026-09-23T08:49:00.4715471Z ##[group]Run pytest tests/test_app.py -v
2026-09-23T08:49:00.4715843Z [36;1mpytest tests/test_app.py -v[0m
2026-09-23T08:49:00.4752095Z shell: /usr/bin/bash -e {0}
2026-09-23T08:49:00.4752353Z env:
2026-09-23T08:49:00.4752633Z   pythonLocation: /opt/hostedtoolcache/Python/3.11.16/x64
2026-09-23T08:49:00.4753113Z   PKG_CONFIG_PATH: /opt/hostedtoolcache/Python/3.11.16/x64/lib/pkgconfig
2026-09-23T08:49:00.4753550Z   Python_ROOT_DIR: /opt/hostedtoolcache/Python/3.11.16/x64
2026-09-23T08:49:00.4753934Z   Python2_ROOT_DIR: /opt/hostedtoolcache/Python/3.11.16/x64
2026-09-23T08:49:00.4754322Z   Python3_ROOT_DIR: /opt/hostedtoolcache/Python/3.11.16/x64
2026-09-23T08:49:00.4754712Z   LD_LIBRARY_PATH: /opt/hostedtoolcache/Python/3.11.16/x64/lib
2026-09-23T08:49:00.4755043Z ##[endgroup]
2026-09-23T08:49:00.8502688Z ============================= test session starts ==============================
2026-09-23T08:49:00.8504108Z platform linux -- Python 3.11.16, pytest-9.1.1, pluggy-1.6.0 -- /opt/hostedtoolcache/Python/3.11.16/x64/bin/python
2026-09-23T08:49:00.8505232Z cachedir: .pytest_cache
2026-09-23T08:49:00.8505853Z rootdir: /home/runner/work/log-generation/log-generation
2026-09-23T08:49:00.8506570Z configfile: pytest.ini
2026-09-23T08:49:00.8591539Z collecting ... collected 6 items
2026-09-23T08:49:00.8593336Z 
2026-09-23T08:49:00.8601376Z tests/test_app.py::test_calculate_division PASSED                        [ 16%]
2026-09-23T08:49:00.8608662Z tests/test_app.py::test_convert_to_int PASSED                            [ 33%]
2026-09-23T08:49:00.8616371Z tests/test_app.py::test_get_list_item PASSED                             [ 50%]
2026-09-23T08:49:00.8623448Z tests/test_app.py::test_get_dict_value PASSED                            [ 66%]
2026-09-23T08:49:00.8630285Z tests/test_app.py::test_assert_positive PASSED                           [ 83%]
2026-09-23T08:49:00.8894394Z tests/test_app.py::test_zero_division_error FAILED                       [100%]
2026-09-23T08:49:00.8895063Z 
2026-09-23T08:49:00.8895438Z =================================== FAILURES ===================================
2026-09-23T08:49:00.8896400Z ___________________________ test_zero_division_error ___________________________
2026-09-23T08:49:00.8897055Z 
2026-09-23T08:49:00.8897273Z     def test_zero_division_error():
2026-09-23T08:49:00.8897903Z         """Injected synthetic ZeroDivisionError."""
2026-09-23T08:49:00.8898369Z         from src.app import calculate_division
2026-09-23T08:49:00.8898767Z >       calculate_division(42, 0)
2026-09-23T08:49:00.8899070Z 
2026-09-23T08:49:00.8899281Z tests/test_app.py:139: 
2026-09-23T08:49:00.8899909Z _ _ _ _ _ _ _ _ _ _ _ _ _ _ _ _ _ _ _ _ _ _ _ _ _ _ _ _ _ _ _ _ _ _ _ _ _ _ _ _ 
2026-09-23T08:49:00.8900433Z 
2026-09-23T08:49:00.8900632Z a = 42, b = 0
2026-09-23T08:49:00.8900864Z 
2026-09-23T08:49:00.8901470Z     def calculate_division(a, b):
2026-09-23T08:49:00.8901924Z >       return a / b
2026-09-23T08:49:00.8902192Z                ^^^^^
2026-09-23T08:49:00.8902496Z E       ZeroDivisionError: division by zero
2026-09-23T08:49:00.8902764Z 
2026-09-23T08:49:00.8902906Z src/app.py:2: ZeroDivisionError
2026-09-23T08:49:00.8903240Z =========================== short test summary info ============================
2026-09-23T08:49:00.8903811Z FAILED tests/test_app.py::test_zero_division_error - ZeroDivisionError: division by zero
2026-09-23T08:49:00.8904596Z ========================= 1 failed, 5 passed in 0.03s ==========================
2026-09-23T08:49:00.9084507Z ##[error]Process completed with exit code 1.
2026-09-23T08:49:00.9230948Z Node 20 is being deprecated. This workflow is running with Node 24 by default. If you need to temporarily use Node 20, you can set the ACTIONS_ALLOW_USE_UNSECURE_NODE_VERSION=true environment variable. For more information see: https://github.blog/changelog/2025-09-19-deprecation-of-node-20-on-github-actions-runners/
2026-09-23T08:49:00.9232545Z Post job cleanup.
2026-09-23T08:49:01.0081428Z [command]/usr/bin/git version
2026-09-23T08:49:01.0125579Z git version 2.55.0
2026-09-23T08:49:01.0166067Z Temporarily overriding HOME='/home/runner/work/_temp/a488fa76-b23c-4c69-826e-4a0d3a5aba5a' before making global git config changes
2026-09-23T08:49:01.0167424Z Adding repository directory to the temporary git global config as a safe directory
2026-09-23T08:49:01.0173047Z [command]/usr/bin/git config --global --add safe.directory /home/runner/work/log-generation/log-generation
2026-09-23T08:49:01.0213369Z [command]/usr/bin/git config --local --name-only --get-regexp core\.sshCommand
2026-09-23T08:49:01.0248282Z [command]/usr/bin/git submodule foreach --recursive sh -c "git config --local --name-only --get-regexp 'core\.sshCommand' && git config --local --unset-all 'core.sshCommand' || :"
2026-09-23T08:49:01.0505051Z [command]/usr/bin/git config --local --name-only --get-regexp http\.https\:\/\/github\.com\/\.extraheader
2026-09-23T08:49:01.0532520Z http.https://github.com/.extraheader
2026-09-23T08:49:01.0544986Z [command]/usr/bin/git config --local --unset-all http.https://github.com/.extraheader
2026-09-23T08:49:01.0581918Z [command]/usr/bin/git submodule foreach --recursive sh -c "git config --local --name-only --get-regexp 'http\.https\:\/\/github\.com\/\.extraheader' && git config --local --unset-all 'http.https://github.com/.extraheader' || :"
2026-09-23T08:49:01.0838852Z [command]/usr/bin/git config --local --name-only --get-regexp ^includeIf\.gitdir:
2026-09-23T08:49:01.0884176Z [command]/usr/bin/git submodule foreach --recursive git config --local --show-origin --name-only --get-regexp remote.origin.url
2026-09-23T08:49:01.1389902Z Cleaning up orphan processes
2026-09-23T08:49:01.1657704Z ##[warning]Node.js 20 is deprecated. The following actions target Node.js 20 but are being forced to run on Node.js 24: actions/checkout@v4, actions/setup-python@v5. For more information see: https://github.blog/changelog/2025-09-19-deprecation-of-node-20-on-github-actions-runners/
