ï»¿2026-09-23T08:44:40.2975872Z Current runner version: '2.337.0'
2026-09-23T08:44:40.3002375Z ##[group]Runner Image Provisioner
2026-09-23T08:44:40.3003222Z Hosted Compute Agent
2026-09-23T08:44:40.3003975Z Version: 20260828.587
2026-09-23T08:44:40.3004637Z Commit: abac92662cab4cc7352de4f9f9d2e2419aad9c29
2026-09-23T08:44:40.3005485Z Build Date: 2026-08-28T16:44:25Z
2026-09-23T08:44:40.3006195Z Worker ID: {a547e25f-0fb4-4002-8f51-4671496690e8}
2026-09-23T08:44:40.3006929Z Azure Region: northcentralus
2026-09-23T08:44:40.3007624Z ##[endgroup]
2026-09-23T08:44:40.3009164Z ##[group]Operating System
2026-09-23T08:44:40.3010013Z Ubuntu
2026-09-23T08:44:40.3010579Z 24.04.5
2026-09-23T08:44:40.3011070Z LTS
2026-09-23T08:44:40.3012380Z ##[endgroup]
2026-09-23T08:44:40.3013003Z ##[group]Runner Image
2026-09-23T08:44:40.3013697Z Image: ubuntu-24.04
2026-09-23T08:44:40.3014297Z Version: 20260907.300.1
2026-09-23T08:44:40.3015728Z Included Software: https://github.com/actions/runner-images/blob/ubuntu24/20260907.300/images/ubuntu/Ubuntu2404-Readme.md
2026-09-23T08:44:40.3017382Z Image Release: https://github.com/actions/runner-images/releases/tag/ubuntu24%2F20260907.300
2026-09-23T08:44:40.3018432Z ##[endgroup]
2026-09-23T08:44:40.3019688Z ##[group]GITHUB_TOKEN Permissions
2026-09-23T08:44:40.3023607Z Contents: read
2026-09-23T08:44:40.3024741Z Metadata: read
2026-09-23T08:44:40.3025874Z Packages: read
2026-09-23T08:44:40.3026989Z ##[endgroup]
2026-09-23T08:44:40.3029848Z Secret source: Actions
2026-09-23T08:44:40.3031710Z Cache mode: write
2026-09-23T08:44:40.3033355Z Prepare workflow directory
2026-09-23T08:44:40.3535103Z Prepare all required actions
2026-09-23T08:44:40.3613771Z Getting action download info
2026-09-23T08:44:40.6033234Z Download action repository 'actions/checkout@v4' (SHA:11d5960a326750d5838078e36cf38b85af677262)
2026-09-23T08:44:40.7494150Z Download action repository 'actions/setup-python@v5' (SHA:a26af69be951a213d495a4c3e4e4022e16d87065)
2026-09-23T08:44:40.9887003Z Complete job name: test-f3 (ValueError #128)
2026-09-23T08:44:41.0713202Z Node 20 is being deprecated. This workflow is running with Node 24 by default. If you need to temporarily use Node 20, you can set the ACTIONS_ALLOW_USE_UNSECURE_NODE_VERSION=true environment variable. For more information see: https://github.blog/changelog/2025-09-19-deprecation-of-node-20-on-github-actions-runners/
2026-09-23T08:44:41.0722484Z ##[group]Run actions/checkout@v4
2026-09-23T08:44:41.0723287Z with:
2026-09-23T08:44:41.0723731Z   fetch-depth: 1
2026-09-23T08:44:41.0724218Z   repository: DhruvHegde/log-generation
2026-09-23T08:44:41.0728483Z   token: ***
2026-09-23T08:44:41.0728917Z   ssh-strict: true
2026-09-23T08:44:41.0729362Z   ssh-user: git
2026-09-23T08:44:41.0729818Z   persist-credentials: true
2026-09-23T08:44:41.0730315Z   clean: true
2026-09-23T08:44:41.0730761Z   sparse-checkout-cone-mode: true
2026-09-23T08:44:41.0731289Z   fetch-tags: false
2026-09-23T08:44:41.0732015Z   show-progress: true
2026-09-23T08:44:41.0732498Z   lfs: false
2026-09-23T08:44:41.0732964Z   submodules: false
2026-09-23T08:44:41.0733428Z   set-safe-directory: true
2026-09-23T08:44:41.0733939Z   allow-unsafe-pr-checkout: false
2026-09-23T08:44:41.0734755Z ##[endgroup]
2026-09-23T08:44:41.1826905Z Syncing repository: DhruvHegde/log-generation
2026-09-23T08:44:41.1829727Z ##[group]Getting Git version info
2026-09-23T08:44:41.1831063Z Working directory is '/home/runner/work/log-generation/log-generation'
2026-09-23T08:44:41.1833156Z [command]/usr/bin/git version
2026-09-23T08:44:41.1962219Z git version 2.55.0
2026-09-23T08:44:41.1987444Z ##[endgroup]
2026-09-23T08:44:41.2005587Z Temporarily overriding HOME='/home/runner/work/_temp/e896d375-6de3-4b11-8eb2-a79b75ad7d2a' before making global git config changes
2026-09-23T08:44:41.2008318Z Adding repository directory to the temporary git global config as a safe directory
2026-09-23T08:44:41.2014092Z [command]/usr/bin/git config --global --add safe.directory /home/runner/work/log-generation/log-generation
2026-09-23T08:44:41.2083363Z Deleting the contents of '/home/runner/work/log-generation/log-generation'
2026-09-23T08:44:41.2090405Z ##[group]Initializing the repository
2026-09-23T08:44:41.2096848Z [command]/usr/bin/git init /home/runner/work/log-generation/log-generation
2026-09-23T08:44:41.2236524Z hint: Using 'master' as the name for the initial branch. This default branch name
2026-09-23T08:44:41.2239102Z hint: will change to "main" in Git 3.0. To configure the initial branch name
2026-09-23T08:44:41.2241139Z hint: to use in all of your new repositories, which will suppress this warning,
2026-09-23T08:44:41.2243649Z hint: call:
2026-09-23T08:44:41.2244557Z hint:
2026-09-23T08:44:41.2245703Z hint: 	git config --global init.defaultBranch <name>
2026-09-23T08:44:41.2247183Z hint:
2026-09-23T08:44:41.2248404Z hint: Names commonly chosen instead of 'master' are 'main', 'trunk' and
2026-09-23T08:44:41.2250240Z hint: 'development'. The just-created branch can be renamed via this command:
2026-09-23T08:44:41.2252062Z hint:
2026-09-23T08:44:41.2252942Z hint: 	git branch -m <name>
2026-09-23T08:44:41.2253784Z hint:
2026-09-23T08:44:41.2254807Z hint: Disable this message with "git config set advice.defaultBranchName false"
2026-09-23T08:44:41.2256700Z Initialized empty Git repository in /home/runner/work/log-generation/log-generation/.git/
2026-09-23T08:44:41.2259276Z [command]/usr/bin/git remote add origin https://github.com/DhruvHegde/log-generation
2026-09-23T08:44:41.2319583Z ##[endgroup]
2026-09-23T08:44:41.2320720Z ##[group]Disabling automatic garbage collection
2026-09-23T08:44:41.2325402Z [command]/usr/bin/git config --local gc.auto 0
2026-09-23T08:44:41.2370229Z ##[endgroup]
2026-09-23T08:44:41.2371470Z ##[group]Setting up auth
2026-09-23T08:44:41.2380289Z [command]/usr/bin/git config --local --name-only --get-regexp core\.sshCommand
2026-09-23T08:44:41.2422578Z [command]/usr/bin/git submodule foreach --recursive sh -c "git config --local --name-only --get-regexp 'core\.sshCommand' && git config --local --unset-all 'core.sshCommand' || :"
2026-09-23T08:44:41.2854312Z [command]/usr/bin/git config --local --name-only --get-regexp http\.https\:\/\/github\.com\/\.extraheader
2026-09-23T08:44:41.2897280Z [command]/usr/bin/git submodule foreach --recursive sh -c "git config --local --name-only --get-regexp 'http\.https\:\/\/github\.com\/\.extraheader' && git config --local --unset-all 'http.https://github.com/.extraheader' || :"
2026-09-23T08:44:41.3150849Z [command]/usr/bin/git config --local --name-only --get-regexp ^includeIf\.gitdir:
2026-09-23T08:44:41.3196608Z [command]/usr/bin/git submodule foreach --recursive git config --local --show-origin --name-only --get-regexp remote.origin.url
2026-09-23T08:44:41.3460272Z [command]/usr/bin/git config --local http.https://github.com/.extraheader AUTHORIZATION: basic ***
2026-09-23T08:44:41.3507492Z ##[endgroup]
2026-09-23T08:44:41.3508993Z ##[group]Fetching the repository
2026-09-23T08:44:41.3519923Z [command]/usr/bin/git -c protocol.version=2 fetch --no-tags --prune --no-recurse-submodules --depth=1 origin +dfcb6f158e4bd8054252a4da5d0a9edc2ab15d57:refs/remotes/origin/feature/f3-test-failures
2026-09-23T08:44:41.6702033Z From https://github.com/DhruvHegde/log-generation
2026-09-23T08:44:41.6704243Z  * [new ref]         dfcb6f158e4bd8054252a4da5d0a9edc2ab15d57 -> origin/feature/f3-test-failures
2026-09-23T08:44:41.6708008Z ##[endgroup]
2026-09-23T08:44:41.6709494Z ##[group]Determining the checkout info
2026-09-23T08:44:41.6711300Z ##[endgroup]
2026-09-23T08:44:41.6716110Z [command]/usr/bin/git sparse-checkout disable
2026-09-23T08:44:41.6776382Z [command]/usr/bin/git config --local --unset-all extensions.worktreeConfig
2026-09-23T08:44:41.6814848Z ##[group]Checking out the ref
2026-09-23T08:44:41.6819752Z [command]/usr/bin/git checkout --progress --force -B feature/f3-test-failures refs/remotes/origin/feature/f3-test-failures
2026-09-23T08:44:41.6905928Z Switched to a new branch 'feature/f3-test-failures'
2026-09-23T08:44:41.6910395Z branch 'feature/f3-test-failures' set up to track 'origin/feature/f3-test-failures'.
2026-09-23T08:44:41.6918404Z ##[endgroup]
2026-09-23T08:44:41.6969320Z [command]/usr/bin/git log -1 --format=%H
2026-09-23T08:44:41.7001209Z dfcb6f158e4bd8054252a4da5d0a9edc2ab15d57
2026-09-23T08:44:41.7317552Z Node 20 is being deprecated. This workflow is running with Node 24 by default. If you need to temporarily use Node 20, you can set the ACTIONS_ALLOW_USE_UNSECURE_NODE_VERSION=true environment variable. For more information see: https://github.blog/changelog/2025-09-19-deprecation-of-node-20-on-github-actions-runners/
2026-09-23T08:44:41.7320473Z ##[group]Run actions/setup-python@v5
2026-09-23T08:44:41.7321065Z with:
2026-09-23T08:44:41.7321535Z   python-version: 3.11
2026-09-23T08:44:41.7322651Z   check-latest: false
2026-09-23T08:44:41.7327014Z   token: ***
2026-09-23T08:44:41.7327528Z   update-environment: true
2026-09-23T08:44:41.7328088Z   allow-prereleases: false
2026-09-23T08:44:41.7328622Z   freethreaded: false
2026-09-23T08:44:41.7329125Z ##[endgroup]
2026-09-23T08:44:41.8836668Z ##[group]Installed versions
2026-09-23T08:44:41.8940605Z (node:2146) [DEP0040] DeprecationWarning: The `punycode` module is deprecated. Please use a userland alternative instead.
2026-09-23T08:44:41.8943291Z (Use `node --trace-deprecation ...` to show where the warning was created)
2026-09-23T08:44:41.8944937Z Successfully set up CPython (3.11.16)
2026-09-23T08:44:41.8946686Z ##[endgroup]
2026-09-23T08:44:41.9174365Z ##[group]Run pip install --no-cache-dir pytest
2026-09-23T08:44:41.9176250Z [36;1mpip install --no-cache-dir pytest[0m
2026-09-23T08:44:41.9259517Z shell: /usr/bin/bash -e {0}
2026-09-23T08:44:41.9260786Z env:
2026-09-23T08:44:41.9262303Z   pythonLocation: /opt/hostedtoolcache/Python/3.11.16/x64
2026-09-23T08:44:41.9363299Z   PKG_CONFIG_PATH: /opt/hostedtoolcache/Python/3.11.16/x64/lib/pkgconfig
2026-09-23T08:44:41.9365055Z   Python_ROOT_DIR: /opt/hostedtoolcache/Python/3.11.16/x64
2026-09-23T08:44:41.9366440Z   Python2_ROOT_DIR: /opt/hostedtoolcache/Python/3.11.16/x64
2026-09-23T08:44:41.9367825Z   Python3_ROOT_DIR: /opt/hostedtoolcache/Python/3.11.16/x64
2026-09-23T08:44:41.9369251Z   LD_LIBRARY_PATH: /opt/hostedtoolcache/Python/3.11.16/x64/lib
2026-09-23T08:44:41.9370389Z ##[endgroup]
2026-09-23T08:44:45.1445639Z Collecting pytest
2026-09-23T08:44:45.1945855Z   Downloading pytest-9.1.1-py3-none-any.whl.metadata (7.6 kB)
2026-09-23T08:44:45.2062266Z Collecting iniconfig>=1.0.1 (from pytest)
2026-09-23T08:44:45.2098845Z   Downloading iniconfig-2.3.0-py3-none-any.whl.metadata (2.5 kB)
2026-09-23T08:44:45.2207087Z Collecting packaging>=22 (from pytest)
2026-09-23T08:44:45.2243021Z   Downloading packaging-26.3-py3-none-any.whl.metadata (3.5 kB)
2026-09-23T08:44:45.2334702Z Collecting pluggy<2,>=1.5 (from pytest)
2026-09-23T08:44:45.2370882Z   Downloading pluggy-1.6.0-py3-none-any.whl.metadata (4.8 kB)
2026-09-23T08:44:45.2513115Z Collecting pygments>=2.7.2 (from pytest)
2026-09-23T08:44:45.2552302Z   Downloading pygments-2.21.0-py3-none-any.whl.metadata (2.5 kB)
2026-09-23T08:44:45.2622221Z Downloading pytest-9.1.1-py3-none-any.whl (386 kB)
2026-09-23T08:44:45.2857845Z Downloading pluggy-1.6.0-py3-none-any.whl (20 kB)
2026-09-23T08:44:45.2905002Z Downloading iniconfig-2.3.0-py3-none-any.whl (7.5 kB)
2026-09-23T08:44:45.2942007Z Downloading packaging-26.3-py3-none-any.whl (129 kB)
2026-09-23T08:44:45.2983933Z Downloading pygments-2.21.0-py3-none-any.whl (1.3 MB)
2026-09-23T08:44:45.3134031Z    ââââââââââââââââââââââââââââââââââââââââ 1.3/1.3 MB 104.5 MB/s  0:00:00
2026-09-23T08:44:45.4922167Z Installing collected packages: pygments, pluggy, packaging, iniconfig, pytest
2026-09-23T08:44:46.5573027Z 
2026-09-23T08:44:46.5584468Z Successfully installed iniconfig-2.3.0 packaging-26.3 pluggy-1.6.0 pygments-2.21.0 pytest-9.1.1
2026-09-23T08:44:46.6445413Z ##[group]Run python automation/inject_mutation.py --error-type "ValueError"
2026-09-23T08:44:46.6446044Z [36;1mpython automation/inject_mutation.py --error-type "ValueError"[0m
2026-09-23T08:44:46.6485956Z shell: /usr/bin/bash -e {0}
2026-09-23T08:44:46.6486252Z env:
2026-09-23T08:44:46.6486547Z   pythonLocation: /opt/hostedtoolcache/Python/3.11.16/x64
2026-09-23T08:44:46.6487295Z   PKG_CONFIG_PATH: /opt/hostedtoolcache/Python/3.11.16/x64/lib/pkgconfig
2026-09-23T08:44:46.6487737Z   Python_ROOT_DIR: /opt/hostedtoolcache/Python/3.11.16/x64
2026-09-23T08:44:46.6488140Z   Python2_ROOT_DIR: /opt/hostedtoolcache/Python/3.11.16/x64
2026-09-23T08:44:46.6488545Z   Python3_ROOT_DIR: /opt/hostedtoolcache/Python/3.11.16/x64
2026-09-23T08:44:46.6488958Z   LD_LIBRARY_PATH: /opt/hostedtoolcache/Python/3.11.16/x64/lib
2026-09-23T08:44:46.6489335Z ##[endgroup]
2026-09-23T08:44:46.6817158Z [Mutation Injected] Successfully injected ValueError into tests/test_app.py
2026-09-23T08:44:46.6899337Z ##[group]Run pytest tests/test_app.py -v
2026-09-23T08:44:46.6899739Z [36;1mpytest tests/test_app.py -v[0m
2026-09-23T08:44:46.6938925Z shell: /usr/bin/bash -e {0}
2026-09-23T08:44:46.6939210Z env:
2026-09-23T08:44:46.6939496Z   pythonLocation: /opt/hostedtoolcache/Python/3.11.16/x64
2026-09-23T08:44:46.6939952Z   PKG_CONFIG_PATH: /opt/hostedtoolcache/Python/3.11.16/x64/lib/pkgconfig
2026-09-23T08:44:46.6940405Z   Python_ROOT_DIR: /opt/hostedtoolcache/Python/3.11.16/x64
2026-09-23T08:44:46.6940783Z   Python2_ROOT_DIR: /opt/hostedtoolcache/Python/3.11.16/x64
2026-09-23T08:44:46.6941162Z   Python3_ROOT_DIR: /opt/hostedtoolcache/Python/3.11.16/x64
2026-09-23T08:44:46.6941547Z   LD_LIBRARY_PATH: /opt/hostedtoolcache/Python/3.11.16/x64/lib
2026-09-23T08:44:46.6942188Z ##[endgroup]
2026-09-23T08:44:47.1104286Z ============================= test session starts ==============================
2026-09-23T08:44:47.1105717Z platform linux -- Python 3.11.16, pytest-9.1.1, pluggy-1.6.0 -- /opt/hostedtoolcache/Python/3.11.16/x64/bin/python
2026-09-23T08:44:47.1106631Z cachedir: .pytest_cache
2026-09-23T08:44:47.1107135Z rootdir: /home/runner/work/log-generation/log-generation
2026-09-23T08:44:47.1107698Z configfile: pytest.ini
2026-09-23T08:44:47.1203384Z collecting ... collected 6 items
2026-09-23T08:44:47.1203865Z 
2026-09-23T08:44:47.1213584Z tests/test_app.py::test_calculate_division PASSED                        [ 16%]
2026-09-23T08:44:47.1222083Z tests/test_app.py::test_convert_to_int PASSED                            [ 33%]
2026-09-23T08:44:47.1230325Z tests/test_app.py::test_get_list_item PASSED                             [ 50%]
2026-09-23T08:44:47.1237900Z tests/test_app.py::test_get_dict_value PASSED                            [ 66%]
2026-09-23T08:44:47.1245755Z tests/test_app.py::test_assert_positive PASSED                           [ 83%]
2026-09-23T08:44:47.1635109Z tests/test_app.py::test_value_error FAILED                               [100%]
2026-09-23T08:44:47.1635833Z 
2026-09-23T08:44:47.1636150Z =================================== FAILURES ===================================
2026-09-23T08:44:47.1636944Z _______________________________ test_value_error _______________________________
2026-09-23T08:44:47.1637437Z 
2026-09-23T08:44:47.1637612Z     def test_value_error():
2026-09-23T08:44:47.1638066Z         """Injected synthetic ValueError."""
2026-09-23T08:44:47.1638660Z         from src.app import convert_to_int
2026-09-23T08:44:47.1639216Z >       convert_to_int("unparseable_alphanumeric_0x99")
2026-09-23T08:44:47.1639508Z 
2026-09-23T08:44:47.1639624Z tests/test_app.py:137: 
2026-09-23T08:44:47.1639969Z _ _ _ _ _ _ _ _ _ _ _ _ _ _ _ _ _ _ _ _ _ _ _ _ _ _ _ _ _ _ _ _ _ _ _ _ _ _ _ _ 
2026-09-23T08:44:47.1640289Z 
2026-09-23T08:44:47.1640473Z val = 'unparseable_alphanumeric_0x99'
2026-09-23T08:44:47.1640701Z 
2026-09-23T08:44:47.1640829Z     def convert_to_int(val):
2026-09-23T08:44:47.1641118Z >       return int(val)
2026-09-23T08:44:47.1641382Z                ^^^^^^^^
2026-09-23T08:44:47.1642251Z E       ValueError: invalid literal for int() with base 10: 'unparseable_alphanumeric_0x99'
2026-09-23T08:44:47.1642754Z 
2026-09-23T08:44:47.1642872Z src/app.py:5: ValueError
2026-09-23T08:44:47.1643231Z =========================== short test summary info ============================
2026-09-23T08:44:47.1644044Z FAILED tests/test_app.py::test_value_error - ValueError: invalid literal for int() with base 10: 'unparseable_alphanumeric_0x99'
2026-09-23T08:44:47.1645134Z ========================= 1 failed, 5 passed in 0.03s ==========================
2026-09-23T08:44:47.1898638Z ##[error]Process completed with exit code 1.
2026-09-23T08:44:47.2059886Z Node 20 is being deprecated. This workflow is running with Node 24 by default. If you need to temporarily use Node 20, you can set the ACTIONS_ALLOW_USE_UNSECURE_NODE_VERSION=true environment variable. For more information see: https://github.blog/changelog/2025-09-19-deprecation-of-node-20-on-github-actions-runners/
2026-09-23T08:44:47.2061190Z Post job cleanup.
2026-09-23T08:44:47.2989875Z [command]/usr/bin/git version
2026-09-23T08:44:47.3039468Z git version 2.55.0
2026-09-23T08:44:47.3086700Z Temporarily overriding HOME='/home/runner/work/_temp/410736a3-004e-49ed-8ae5-fee4c401c77a' before making global git config changes
2026-09-23T08:44:47.3088049Z Adding repository directory to the temporary git global config as a safe directory
2026-09-23T08:44:47.3096056Z [command]/usr/bin/git config --global --add safe.directory /home/runner/work/log-generation/log-generation
2026-09-23T08:44:47.3149906Z [command]/usr/bin/git config --local --name-only --get-regexp core\.sshCommand
2026-09-23T08:44:47.3196781Z [command]/usr/bin/git submodule foreach --recursive sh -c "git config --local --name-only --get-regexp 'core\.sshCommand' && git config --local --unset-all 'core.sshCommand' || :"
2026-09-23T08:44:47.3482521Z [command]/usr/bin/git config --local --name-only --get-regexp http\.https\:\/\/github\.com\/\.extraheader
2026-09-23T08:44:47.3533540Z http.https://github.com/.extraheader
2026-09-23T08:44:47.3545678Z [command]/usr/bin/git config --local --unset-all http.https://github.com/.extraheader
2026-09-23T08:44:47.3588428Z [command]/usr/bin/git submodule foreach --recursive sh -c "git config --local --name-only --get-regexp 'http\.https\:\/\/github\.com\/\.extraheader' && git config --local --unset-all 'http.https://github.com/.extraheader' || :"
2026-09-23T08:44:47.3877786Z [command]/usr/bin/git config --local --name-only --get-regexp ^includeIf\.gitdir:
2026-09-23T08:44:47.3928262Z [command]/usr/bin/git submodule foreach --recursive git config --local --show-origin --name-only --get-regexp remote.origin.url
2026-09-23T08:44:47.4367073Z Cleaning up orphan processes
2026-09-23T08:44:47.4648928Z ##[warning]Node.js 20 is deprecated. The following actions target Node.js 20 but are being forced to run on Node.js 24: actions/checkout@v4, actions/setup-python@v5. For more information see: https://github.blog/changelog/2025-09-19-deprecation-of-node-20-on-github-actions-runners/
