ï»¿2026-09-23T08:49:23.4699204Z Current runner version: '2.337.0'
2026-09-23T08:49:23.4726560Z ##[group]Runner Image Provisioner
2026-09-23T08:49:23.4727492Z Hosted Compute Agent
2026-09-23T08:49:23.4728049Z Version: 20260828.587
2026-09-23T08:49:23.4728790Z Commit: abac92662cab4cc7352de4f9f9d2e2419aad9c29
2026-09-23T08:49:23.4729509Z Build Date: 2026-08-28T16:44:25Z
2026-09-23T08:49:23.4730179Z Worker ID: {6be0c6d6-3f00-4d55-a5da-51a4722f8260}
2026-09-23T08:49:23.4730905Z Azure Region: westcentralus
2026-09-23T08:49:23.4731585Z ##[endgroup]
2026-09-23T08:49:23.4733318Z ##[group]Operating System
2026-09-23T08:49:23.4733932Z Ubuntu
2026-09-23T08:49:23.4734451Z 24.04.5
2026-09-23T08:49:23.4734993Z LTS
2026-09-23T08:49:23.4735687Z ##[endgroup]
2026-09-23T08:49:23.4736850Z ##[group]Runner Image
2026-09-23T08:49:23.4737471Z Image: ubuntu-24.04
2026-09-23T08:49:23.4738023Z Version: 20260907.300.1
2026-09-23T08:49:23.4739347Z Included Software: https://github.com/actions/runner-images/blob/ubuntu24/20260907.300/images/ubuntu/Ubuntu2404-Readme.md
2026-09-23T08:49:23.4740841Z Image Release: https://github.com/actions/runner-images/releases/tag/ubuntu24%2F20260907.300
2026-09-23T08:49:23.4741764Z ##[endgroup]
2026-09-23T08:49:23.4742963Z ##[group]GITHUB_TOKEN Permissions
2026-09-23T08:49:23.4745865Z Contents: read
2026-09-23T08:49:23.4746540Z Metadata: read
2026-09-23T08:49:23.4747100Z Packages: read
2026-09-23T08:49:23.4747646Z ##[endgroup]
2026-09-23T08:49:23.4750171Z Secret source: Actions
2026-09-23T08:49:23.4751136Z Cache mode: write
2026-09-23T08:49:23.4752272Z Prepare workflow directory
2026-09-23T08:49:23.5127934Z Prepare all required actions
2026-09-23T08:49:23.5183641Z Getting action download info
2026-09-23T08:49:23.8142139Z Download action repository 'actions/checkout@v4' (SHA:11d5960a326750d5838078e36cf38b85af677262)
2026-09-23T08:49:23.9573011Z Download action repository 'actions/setup-python@v5' (SHA:a26af69be951a213d495a4c3e4e4022e16d87065)
2026-09-23T08:49:24.2345409Z Complete job name: test-f3 (KeyError #139)
2026-09-23T08:49:24.3069559Z Node 20 is being deprecated. This workflow is running with Node 24 by default. If you need to temporarily use Node 20, you can set the ACTIONS_ALLOW_USE_UNSECURE_NODE_VERSION=true environment variable. For more information see: https://github.blog/changelog/2025-09-19-deprecation-of-node-20-on-github-actions-runners/
2026-09-23T08:49:24.3078539Z ##[group]Run actions/checkout@v4
2026-09-23T08:49:24.3079333Z with:
2026-09-23T08:49:24.3079845Z   fetch-depth: 1
2026-09-23T08:49:24.3080392Z   repository: DhruvHegde/log-generation
2026-09-23T08:49:24.3084204Z   token: ***
2026-09-23T08:49:24.3084701Z   ssh-strict: true
2026-09-23T08:49:24.3085259Z   ssh-user: git
2026-09-23T08:49:24.3086025Z   persist-credentials: true
2026-09-23T08:49:24.3086608Z   clean: true
2026-09-23T08:49:24.3087155Z   sparse-checkout-cone-mode: true
2026-09-23T08:49:24.3087733Z   fetch-tags: false
2026-09-23T08:49:24.3088222Z   show-progress: true
2026-09-23T08:49:24.3088772Z   lfs: false
2026-09-23T08:49:24.3089383Z   submodules: false
2026-09-23T08:49:24.3089965Z   set-safe-directory: true
2026-09-23T08:49:24.3090537Z   allow-unsafe-pr-checkout: false
2026-09-23T08:49:24.3091286Z ##[endgroup]
2026-09-23T08:49:24.4194433Z Syncing repository: DhruvHegde/log-generation
2026-09-23T08:49:24.4198145Z ##[group]Getting Git version info
2026-09-23T08:49:24.4199530Z Working directory is '/home/runner/work/log-generation/log-generation'
2026-09-23T08:49:24.4201411Z [command]/usr/bin/git version
2026-09-23T08:49:24.4441143Z git version 2.55.0
2026-09-23T08:49:24.4468022Z ##[endgroup]
2026-09-23T08:49:24.4486931Z Temporarily overriding HOME='/home/runner/work/_temp/f1b13a26-b374-4a14-a345-a3125057567d' before making global git config changes
2026-09-23T08:49:24.4489523Z Adding repository directory to the temporary git global config as a safe directory
2026-09-23T08:49:24.4492301Z [command]/usr/bin/git config --global --add safe.directory /home/runner/work/log-generation/log-generation
2026-09-23T08:49:24.4551777Z Deleting the contents of '/home/runner/work/log-generation/log-generation'
2026-09-23T08:49:24.4563775Z ##[group]Initializing the repository
2026-09-23T08:49:24.4566578Z [command]/usr/bin/git init /home/runner/work/log-generation/log-generation
2026-09-23T08:49:24.4657411Z hint: Using 'master' as the name for the initial branch. This default branch name
2026-09-23T08:49:24.4659888Z hint: will change to "main" in Git 3.0. To configure the initial branch name
2026-09-23T08:49:24.4661585Z hint: to use in all of your new repositories, which will suppress this warning,
2026-09-23T08:49:24.4663593Z hint: call:
2026-09-23T08:49:24.4664570Z hint:
2026-09-23T08:49:24.4665678Z hint: 	git config --global init.defaultBranch <name>
2026-09-23T08:49:24.4666951Z hint:
2026-09-23T08:49:24.4668105Z hint: Names commonly chosen instead of 'master' are 'main', 'trunk' and
2026-09-23T08:49:24.4669718Z hint: 'development'. The just-created branch can be renamed via this command:
2026-09-23T08:49:24.4671099Z hint:
2026-09-23T08:49:24.4671974Z hint: 	git branch -m <name>
2026-09-23T08:49:24.4672943Z hint:
2026-09-23T08:49:24.4673758Z hint: Disable this message with "git config set advice.defaultBranchName false"
2026-09-23T08:49:24.4675355Z Initialized empty Git repository in /home/runner/work/log-generation/log-generation/.git/
2026-09-23T08:49:24.4679523Z [command]/usr/bin/git remote add origin https://github.com/DhruvHegde/log-generation
2026-09-23T08:49:24.4718714Z ##[endgroup]
2026-09-23T08:49:24.4719983Z ##[group]Disabling automatic garbage collection
2026-09-23T08:49:24.4723037Z [command]/usr/bin/git config --local gc.auto 0
2026-09-23T08:49:24.4760768Z ##[endgroup]
2026-09-23T08:49:24.4762109Z ##[group]Setting up auth
2026-09-23T08:49:24.4765955Z [command]/usr/bin/git config --local --name-only --get-regexp core\.sshCommand
2026-09-23T08:49:24.4805142Z [command]/usr/bin/git submodule foreach --recursive sh -c "git config --local --name-only --get-regexp 'core\.sshCommand' && git config --local --unset-all 'core.sshCommand' || :"
2026-09-23T08:49:24.5214164Z [command]/usr/bin/git config --local --name-only --get-regexp http\.https\:\/\/github\.com\/\.extraheader
2026-09-23T08:49:24.5249330Z [command]/usr/bin/git submodule foreach --recursive sh -c "git config --local --name-only --get-regexp 'http\.https\:\/\/github\.com\/\.extraheader' && git config --local --unset-all 'http.https://github.com/.extraheader' || :"
2026-09-23T08:49:24.5486290Z [command]/usr/bin/git config --local --name-only --get-regexp ^includeIf\.gitdir:
2026-09-23T08:49:24.5527457Z [command]/usr/bin/git submodule foreach --recursive git config --local --show-origin --name-only --get-regexp remote.origin.url
2026-09-23T08:49:24.5744196Z [command]/usr/bin/git config --local http.https://github.com/.extraheader AUTHORIZATION: basic ***
2026-09-23T08:49:24.5781890Z ##[endgroup]
2026-09-23T08:49:24.5783075Z ##[group]Fetching the repository
2026-09-23T08:49:24.5792546Z [command]/usr/bin/git -c protocol.version=2 fetch --no-tags --prune --no-recurse-submodules --depth=1 origin +43f20917de93b9aad51cf79a69ad5239c5632917:refs/remotes/origin/feature/f3-test-failures
2026-09-23T08:49:25.3677548Z From https://github.com/DhruvHegde/log-generation
2026-09-23T08:49:25.3679748Z  * [new ref]         43f20917de93b9aad51cf79a69ad5239c5632917 -> origin/feature/f3-test-failures
2026-09-23T08:49:25.3688737Z ##[endgroup]
2026-09-23T08:49:25.3690225Z ##[group]Determining the checkout info
2026-09-23T08:49:25.3692118Z ##[endgroup]
2026-09-23T08:49:25.3693187Z [command]/usr/bin/git sparse-checkout disable
2026-09-23T08:49:25.3740728Z [command]/usr/bin/git config --local --unset-all extensions.worktreeConfig
2026-09-23T08:49:25.3769204Z ##[group]Checking out the ref
2026-09-23T08:49:25.3774159Z [command]/usr/bin/git checkout --progress --force -B feature/f3-test-failures refs/remotes/origin/feature/f3-test-failures
2026-09-23T08:49:25.4279669Z Switched to a new branch 'feature/f3-test-failures'
2026-09-23T08:49:25.4289504Z branch 'feature/f3-test-failures' set up to track 'origin/feature/f3-test-failures'.
2026-09-23T08:49:25.4298625Z ##[endgroup]
2026-09-23T08:49:25.4334187Z [command]/usr/bin/git log -1 --format=%H
2026-09-23T08:49:25.4357834Z 43f20917de93b9aad51cf79a69ad5239c5632917
2026-09-23T08:49:25.4716220Z Node 20 is being deprecated. This workflow is running with Node 24 by default. If you need to temporarily use Node 20, you can set the ACTIONS_ALLOW_USE_UNSECURE_NODE_VERSION=true environment variable. For more information see: https://github.blog/changelog/2025-09-19-deprecation-of-node-20-on-github-actions-runners/
2026-09-23T08:49:25.4722098Z ##[group]Run actions/setup-python@v5
2026-09-23T08:49:25.4723432Z with:
2026-09-23T08:49:25.4724505Z   python-version: 3.11
2026-09-23T08:49:25.4725923Z   check-latest: false
2026-09-23T08:49:25.4734947Z   token: ***
2026-09-23T08:49:25.4736254Z   update-environment: true
2026-09-23T08:49:25.4737586Z   allow-prereleases: false
2026-09-23T08:49:25.4738866Z   freethreaded: false
2026-09-23T08:49:25.4740004Z ##[endgroup]
2026-09-23T08:49:25.6002617Z ##[group]Installed versions
2026-09-23T08:49:25.6096182Z (node:2312) [DEP0040] DeprecationWarning: The `punycode` module is deprecated. Please use a userland alternative instead.
2026-09-23T08:49:25.6100600Z (Use `node --trace-deprecation ...` to show where the warning was created)
2026-09-23T08:49:25.6103389Z Successfully set up CPython (3.11.16)
2026-09-23T08:49:25.6106609Z ##[endgroup]
2026-09-23T08:49:25.6296803Z ##[group]Run pip install --no-cache-dir pytest
2026-09-23T08:49:25.6298571Z [36;1mpip install --no-cache-dir pytest[0m
2026-09-23T08:49:25.6343807Z shell: /usr/bin/bash -e {0}
2026-09-23T08:49:25.6345201Z env:
2026-09-23T08:49:25.6346929Z   pythonLocation: /opt/hostedtoolcache/Python/3.11.16/x64
2026-09-23T08:49:25.6349085Z   PKG_CONFIG_PATH: /opt/hostedtoolcache/Python/3.11.16/x64/lib/pkgconfig
2026-09-23T08:49:25.6352574Z   Python_ROOT_DIR: /opt/hostedtoolcache/Python/3.11.16/x64
2026-09-23T08:49:25.6355117Z   Python2_ROOT_DIR: /opt/hostedtoolcache/Python/3.11.16/x64
2026-09-23T08:49:25.6357955Z   Python3_ROOT_DIR: /opt/hostedtoolcache/Python/3.11.16/x64
2026-09-23T08:49:25.6360511Z   LD_LIBRARY_PATH: /opt/hostedtoolcache/Python/3.11.16/x64/lib
2026-09-23T08:49:25.6363538Z ##[endgroup]
2026-09-23T08:49:28.5932373Z Collecting pytest
2026-09-23T08:49:28.6999319Z   Downloading pytest-9.1.1-py3-none-any.whl.metadata (7.6 kB)
2026-09-23T08:49:28.7248023Z Collecting iniconfig>=1.0.1 (from pytest)
2026-09-23T08:49:28.7434601Z   Downloading iniconfig-2.3.0-py3-none-any.whl.metadata (2.5 kB)
2026-09-23T08:49:28.7685375Z Collecting packaging>=22 (from pytest)
2026-09-23T08:49:28.7873513Z   Downloading packaging-26.3-py3-none-any.whl.metadata (3.5 kB)
2026-09-23T08:49:28.8103255Z Collecting pluggy<2,>=1.5 (from pytest)
2026-09-23T08:49:28.8293513Z   Downloading pluggy-1.6.0-py3-none-any.whl.metadata (4.8 kB)
2026-09-23T08:49:28.8575314Z Collecting pygments>=2.7.2 (from pytest)
2026-09-23T08:49:28.8768069Z   Downloading pygments-2.21.0-py3-none-any.whl.metadata (2.5 kB)
2026-09-23T08:49:28.8986182Z Downloading pytest-9.1.1-py3-none-any.whl (386 kB)
2026-09-23T08:49:28.9786881Z Downloading pluggy-1.6.0-py3-none-any.whl (20 kB)
2026-09-23T08:49:28.9980290Z Downloading iniconfig-2.3.0-py3-none-any.whl (7.5 kB)
2026-09-23T08:49:29.0169533Z Downloading packaging-26.3-py3-none-any.whl (129 kB)
2026-09-23T08:49:29.0373404Z Downloading pygments-2.21.0-py3-none-any.whl (1.3 MB)
2026-09-23T08:49:29.0926758Z    ââââââââââââââââââââââââââââââââââââââââ 1.3/1.3 MB 27.6 MB/s  0:00:00
2026-09-23T08:49:29.2887515Z Installing collected packages: pygments, pluggy, packaging, iniconfig, pytest
2026-09-23T08:49:30.1037765Z 
2026-09-23T08:49:30.1048193Z Successfully installed iniconfig-2.3.0 packaging-26.3 pluggy-1.6.0 pygments-2.21.0 pytest-9.1.1
2026-09-23T08:49:30.1675672Z ##[group]Run python automation/inject_mutation.py --error-type "KeyError"
2026-09-23T08:49:30.1676378Z [36;1mpython automation/inject_mutation.py --error-type "KeyError"[0m
2026-09-23T08:49:30.1704772Z shell: /usr/bin/bash -e {0}
2026-09-23T08:49:30.1705228Z env:
2026-09-23T08:49:30.1705750Z   pythonLocation: /opt/hostedtoolcache/Python/3.11.16/x64
2026-09-23T08:49:30.1706617Z   PKG_CONFIG_PATH: /opt/hostedtoolcache/Python/3.11.16/x64/lib/pkgconfig
2026-09-23T08:49:30.1707151Z   Python_ROOT_DIR: /opt/hostedtoolcache/Python/3.11.16/x64
2026-09-23T08:49:30.1707623Z   Python2_ROOT_DIR: /opt/hostedtoolcache/Python/3.11.16/x64
2026-09-23T08:49:30.1708120Z   Python3_ROOT_DIR: /opt/hostedtoolcache/Python/3.11.16/x64
2026-09-23T08:49:30.1708590Z   LD_LIBRARY_PATH: /opt/hostedtoolcache/Python/3.11.16/x64/lib
2026-09-23T08:49:30.1709097Z ##[endgroup]
2026-09-23T08:49:30.1988707Z [Mutation Injected] Successfully injected KeyError into tests/test_app.py
2026-09-23T08:49:30.2066596Z ##[group]Run pytest tests/test_app.py -v
2026-09-23T08:49:30.2067056Z [36;1mpytest tests/test_app.py -v[0m
2026-09-23T08:49:30.2094458Z shell: /usr/bin/bash -e {0}
2026-09-23T08:49:30.2094889Z env:
2026-09-23T08:49:30.2095274Z   pythonLocation: /opt/hostedtoolcache/Python/3.11.16/x64
2026-09-23T08:49:30.2096002Z   PKG_CONFIG_PATH: /opt/hostedtoolcache/Python/3.11.16/x64/lib/pkgconfig
2026-09-23T08:49:30.2096607Z   Python_ROOT_DIR: /opt/hostedtoolcache/Python/3.11.16/x64
2026-09-23T08:49:30.2097072Z   Python2_ROOT_DIR: /opt/hostedtoolcache/Python/3.11.16/x64
2026-09-23T08:49:30.2097525Z   Python3_ROOT_DIR: /opt/hostedtoolcache/Python/3.11.16/x64
2026-09-23T08:49:30.2098021Z   LD_LIBRARY_PATH: /opt/hostedtoolcache/Python/3.11.16/x64/lib
2026-09-23T08:49:30.2098446Z ##[endgroup]
2026-09-23T08:49:30.6349347Z ============================= test session starts ==============================
2026-09-23T08:49:30.6350819Z platform linux -- Python 3.11.16, pytest-9.1.1, pluggy-1.6.0 -- /opt/hostedtoolcache/Python/3.11.16/x64/bin/python
2026-09-23T08:49:30.6351867Z cachedir: .pytest_cache
2026-09-23T08:49:30.6352693Z rootdir: /home/runner/work/log-generation/log-generation
2026-09-23T08:49:30.6353407Z configfile: pytest.ini
2026-09-23T08:49:30.6427051Z collecting ... collected 6 items
2026-09-23T08:49:30.6427462Z 
2026-09-23T08:49:30.6435923Z tests/test_app.py::test_calculate_division PASSED                        [ 16%]
2026-09-23T08:49:30.6443290Z tests/test_app.py::test_convert_to_int PASSED                            [ 33%]
2026-09-23T08:49:30.6448039Z tests/test_app.py::test_get_list_item PASSED                             [ 50%]
2026-09-23T08:49:30.6453456Z tests/test_app.py::test_get_dict_value PASSED                            [ 66%]
2026-09-23T08:49:30.6459380Z tests/test_app.py::test_assert_positive PASSED                           [ 83%]
2026-09-23T08:49:30.6725242Z tests/test_app.py::test_key_error FAILED                                 [100%]
2026-09-23T08:49:30.6726227Z 
2026-09-23T08:49:30.6726598Z =================================== FAILURES ===================================
2026-09-23T08:49:30.6727314Z ________________________________ test_key_error ________________________________
2026-09-23T08:49:30.6727719Z 
2026-09-23T08:49:30.6728248Z     def test_key_error():
2026-09-23T08:49:30.6728794Z         """Injected synthetic KeyError."""
2026-09-23T08:49:30.6729801Z         from src.app import get_dict_value
2026-09-23T08:49:30.6730382Z         config = {"env": "staging", "retries": 3}
2026-09-23T08:49:30.6730972Z >       get_dict_value(config, "missing_auth_token")
2026-09-23T08:49:30.6731373Z 
2026-09-23T08:49:30.6731554Z tests/test_app.py:140: 
2026-09-23T08:49:30.6732262Z _ _ _ _ _ _ _ _ _ _ _ _ _ _ _ _ _ _ _ _ _ _ _ _ _ _ _ _ _ _ _ _ _ _ _ _ _ _ _ _ 
2026-09-23T08:49:30.6732651Z 
2026-09-23T08:49:30.6732937Z d = {'env': 'staging', 'retries': 3}, key = 'missing_auth_token'
2026-09-23T08:49:30.6733287Z 
2026-09-23T08:49:30.6733554Z     def get_dict_value(d, key):
2026-09-23T08:49:30.6734033Z >       return d[key]
2026-09-23T08:49:30.6734424Z                ^^^^^^
2026-09-23T08:49:30.6734931Z E       KeyError: 'missing_auth_token'
2026-09-23T08:49:30.6735265Z 
2026-09-23T08:49:30.6735441Z src/app.py:11: KeyError
2026-09-23T08:49:30.6736227Z =========================== short test summary info ============================
2026-09-23T08:49:30.6737317Z FAILED tests/test_app.py::test_key_error - KeyError: 'missing_auth_token'
2026-09-23T08:49:30.6738130Z ========================= 1 failed, 5 passed in 0.03s ==========================
2026-09-23T08:49:30.6964455Z ##[error]Process completed with exit code 1.
2026-09-23T08:49:30.7114610Z Node 20 is being deprecated. This workflow is running with Node 24 by default. If you need to temporarily use Node 20, you can set the ACTIONS_ALLOW_USE_UNSECURE_NODE_VERSION=true environment variable. For more information see: https://github.blog/changelog/2025-09-19-deprecation-of-node-20-on-github-actions-runners/
2026-09-23T08:49:30.7115987Z Post job cleanup.
2026-09-23T08:49:30.8010110Z [command]/usr/bin/git version
2026-09-23T08:49:30.8055286Z git version 2.55.0
2026-09-23T08:49:30.8099389Z Temporarily overriding HOME='/home/runner/work/_temp/ce066186-9036-48e3-b789-fc1cd4c074a2' before making global git config changes
2026-09-23T08:49:30.8100728Z Adding repository directory to the temporary git global config as a safe directory
2026-09-23T08:49:30.8106666Z [command]/usr/bin/git config --global --add safe.directory /home/runner/work/log-generation/log-generation
2026-09-23T08:49:30.8146314Z [command]/usr/bin/git config --local --name-only --get-regexp core\.sshCommand
2026-09-23T08:49:30.8177557Z [command]/usr/bin/git submodule foreach --recursive sh -c "git config --local --name-only --get-regexp 'core\.sshCommand' && git config --local --unset-all 'core.sshCommand' || :"
2026-09-23T08:49:30.8408914Z [command]/usr/bin/git config --local --name-only --get-regexp http\.https\:\/\/github\.com\/\.extraheader
2026-09-23T08:49:30.8435387Z http.https://github.com/.extraheader
2026-09-23T08:49:30.8451728Z [command]/usr/bin/git config --local --unset-all http.https://github.com/.extraheader
2026-09-23T08:49:30.8490360Z [command]/usr/bin/git submodule foreach --recursive sh -c "git config --local --name-only --get-regexp 'http\.https\:\/\/github\.com\/\.extraheader' && git config --local --unset-all 'http.https://github.com/.extraheader' || :"
2026-09-23T08:49:30.8707990Z [command]/usr/bin/git config --local --name-only --get-regexp ^includeIf\.gitdir:
2026-09-23T08:49:30.8740108Z [command]/usr/bin/git submodule foreach --recursive git config --local --show-origin --name-only --get-regexp remote.origin.url
2026-09-23T08:49:30.9108525Z Cleaning up orphan processes
2026-09-23T08:49:30.9380899Z ##[warning]Node.js 20 is deprecated. The following actions target Node.js 20 but are being forced to run on Node.js 24: actions/checkout@v4, actions/setup-python@v5. For more information see: https://github.blog/changelog/2025-09-19-deprecation-of-node-20-on-github-actions-runners/
