ï»¿2026-09-23T08:50:15.2744811Z Current runner version: '2.337.0'
2026-09-23T08:50:15.2770593Z ##[group]Runner Image Provisioner
2026-09-23T08:50:15.2771610Z Hosted Compute Agent
2026-09-23T08:50:15.2772249Z Version: 20260828.587
2026-09-23T08:50:15.2772949Z Commit: abac92662cab4cc7352de4f9f9d2e2419aad9c29
2026-09-23T08:50:15.2773684Z Build Date: 2026-08-28T16:44:25Z
2026-09-23T08:50:15.2774352Z Worker ID: {9d3ab9d9-de95-4262-9fd5-2c7afd6bd3a2}
2026-09-23T08:50:15.2775126Z Azure Region: westus
2026-09-23T08:50:15.2775732Z ##[endgroup]
2026-09-23T08:50:15.2777999Z ##[group]Operating System
2026-09-23T08:50:15.2779204Z Ubuntu
2026-09-23T08:50:15.2779771Z 24.04.5
2026-09-23T08:50:15.2780413Z LTS
2026-09-23T08:50:15.2780919Z ##[endgroup]
2026-09-23T08:50:15.2781883Z ##[group]Runner Image
2026-09-23T08:50:15.2782554Z Image: ubuntu-24.04
2026-09-23T08:50:15.2783132Z Version: 20260907.300.1
2026-09-23T08:50:15.2784492Z Included Software: https://github.com/actions/runner-images/blob/ubuntu24/20260907.300/images/ubuntu/Ubuntu2404-Readme.md
2026-09-23T08:50:15.2786144Z Image Release: https://github.com/actions/runner-images/releases/tag/ubuntu24%2F20260907.300
2026-09-23T08:50:15.2787122Z ##[endgroup]
2026-09-23T08:50:15.2788687Z ##[group]GITHUB_TOKEN Permissions
2026-09-23T08:50:15.2791036Z Contents: read
2026-09-23T08:50:15.2791713Z Metadata: read
2026-09-23T08:50:15.2792377Z Packages: read
2026-09-23T08:50:15.2792944Z ##[endgroup]
2026-09-23T08:50:15.2795173Z Secret source: Actions
2026-09-23T08:50:15.2796232Z Cache mode: write
2026-09-23T08:50:15.2797267Z Prepare workflow directory
2026-09-23T08:50:15.3152811Z Prepare all required actions
2026-09-23T08:50:15.3225827Z Getting action download info
2026-09-23T08:50:15.6903674Z Download action repository 'actions/checkout@v4' (SHA:11d5960a326750d5838078e36cf38b85af677262)
2026-09-23T08:50:15.7951559Z Download action repository 'actions/setup-python@v5' (SHA:a26af69be951a213d495a4c3e4e4022e16d87065)
2026-09-23T08:50:15.9772603Z Complete job name: test-f3 (TypeError #195)
2026-09-23T08:50:16.0570940Z Node 20 is being deprecated. This workflow is running with Node 24 by default. If you need to temporarily use Node 20, you can set the ACTIONS_ALLOW_USE_UNSECURE_NODE_VERSION=true environment variable. For more information see: https://github.blog/changelog/2025-09-19-deprecation-of-node-20-on-github-actions-runners/
2026-09-23T08:50:16.0580706Z ##[group]Run actions/checkout@v4
2026-09-23T08:50:16.0581475Z with:
2026-09-23T08:50:16.0581902Z   fetch-depth: 1
2026-09-23T08:50:16.0582391Z   repository: DhruvHegde/log-generation
2026-09-23T08:50:16.0586584Z   token: ***
2026-09-23T08:50:16.0587014Z   ssh-strict: true
2026-09-23T08:50:16.0587452Z   ssh-user: git
2026-09-23T08:50:16.0587896Z   persist-credentials: true
2026-09-23T08:50:16.0588604Z   clean: true
2026-09-23T08:50:16.0589062Z   sparse-checkout-cone-mode: true
2026-09-23T08:50:16.0589591Z   fetch-tags: false
2026-09-23T08:50:16.0590050Z   show-progress: true
2026-09-23T08:50:16.0590502Z   lfs: false
2026-09-23T08:50:16.0590958Z   submodules: false
2026-09-23T08:50:16.0591429Z   set-safe-directory: true
2026-09-23T08:50:16.0591994Z   allow-unsafe-pr-checkout: false
2026-09-23T08:50:16.0592800Z ##[endgroup]
2026-09-23T08:50:16.1645189Z Syncing repository: DhruvHegde/log-generation
2026-09-23T08:50:16.1648723Z ##[group]Getting Git version info
2026-09-23T08:50:16.1650180Z Working directory is '/home/runner/work/log-generation/log-generation'
2026-09-23T08:50:16.1659815Z [command]/usr/bin/git version
2026-09-23T08:50:16.1779425Z git version 2.55.0
2026-09-23T08:50:16.1811287Z ##[endgroup]
2026-09-23T08:50:16.1821947Z Temporarily overriding HOME='/home/runner/work/_temp/9baa8d2a-9602-4a23-b4ac-a53265fcad24' before making global git config changes
2026-09-23T08:50:16.1824411Z Adding repository directory to the temporary git global config as a safe directory
2026-09-23T08:50:16.1828409Z [command]/usr/bin/git config --global --add safe.directory /home/runner/work/log-generation/log-generation
2026-09-23T08:50:16.1886386Z Deleting the contents of '/home/runner/work/log-generation/log-generation'
2026-09-23T08:50:16.1891597Z ##[group]Initializing the repository
2026-09-23T08:50:16.1896564Z [command]/usr/bin/git init /home/runner/work/log-generation/log-generation
2026-09-23T08:50:16.2014116Z hint: Using 'master' as the name for the initial branch. This default branch name
2026-09-23T08:50:16.2015909Z hint: will change to "main" in Git 3.0. To configure the initial branch name
2026-09-23T08:50:16.2017547Z hint: to use in all of your new repositories, which will suppress this warning,
2026-09-23T08:50:16.2019571Z hint: call:
2026-09-23T08:50:16.2020278Z hint:
2026-09-23T08:50:16.2021019Z hint: 	git config --global init.defaultBranch <name>
2026-09-23T08:50:16.2022020Z hint:
2026-09-23T08:50:16.2023058Z hint: Names commonly chosen instead of 'master' are 'main', 'trunk' and
2026-09-23T08:50:16.2024053Z hint: 'development'. The just-created branch can be renamed via this command:
2026-09-23T08:50:16.2024809Z hint:
2026-09-23T08:50:16.2025264Z hint: 	git branch -m <name>
2026-09-23T08:50:16.2025771Z hint:
2026-09-23T08:50:16.2026414Z hint: Disable this message with "git config set advice.defaultBranchName false"
2026-09-23T08:50:16.2027547Z Initialized empty Git repository in /home/runner/work/log-generation/log-generation/.git/
2026-09-23T08:50:16.2031923Z [command]/usr/bin/git remote add origin https://github.com/DhruvHegde/log-generation
2026-09-23T08:50:16.2084233Z ##[endgroup]
2026-09-23T08:50:16.2085378Z ##[group]Disabling automatic garbage collection
2026-09-23T08:50:16.2088748Z [command]/usr/bin/git config --local gc.auto 0
2026-09-23T08:50:16.2133318Z ##[endgroup]
2026-09-23T08:50:16.2134431Z ##[group]Setting up auth
2026-09-23T08:50:16.2135581Z [command]/usr/bin/git config --local --name-only --get-regexp core\.sshCommand
2026-09-23T08:50:16.2182954Z [command]/usr/bin/git submodule foreach --recursive sh -c "git config --local --name-only --get-regexp 'core\.sshCommand' && git config --local --unset-all 'core.sshCommand' || :"
2026-09-23T08:50:16.2594773Z [command]/usr/bin/git config --local --name-only --get-regexp http\.https\:\/\/github\.com\/\.extraheader
2026-09-23T08:50:16.2635163Z [command]/usr/bin/git submodule foreach --recursive sh -c "git config --local --name-only --get-regexp 'http\.https\:\/\/github\.com\/\.extraheader' && git config --local --unset-all 'http.https://github.com/.extraheader' || :"
2026-09-23T08:50:16.2863838Z [command]/usr/bin/git config --local --name-only --get-regexp ^includeIf\.gitdir:
2026-09-23T08:50:16.2901435Z [command]/usr/bin/git submodule foreach --recursive git config --local --show-origin --name-only --get-regexp remote.origin.url
2026-09-23T08:50:16.3130058Z [command]/usr/bin/git config --local http.https://github.com/.extraheader AUTHORIZATION: basic ***
2026-09-23T08:50:16.3170103Z ##[endgroup]
2026-09-23T08:50:16.3171170Z ##[group]Fetching the repository
2026-09-23T08:50:16.3181063Z [command]/usr/bin/git -c protocol.version=2 fetch --no-tags --prune --no-recurse-submodules --depth=1 origin +43f20917de93b9aad51cf79a69ad5239c5632917:refs/remotes/origin/feature/f3-test-failures
2026-09-23T08:50:16.8859957Z From https://github.com/DhruvHegde/log-generation
2026-09-23T08:50:16.8861628Z  * [new ref]         43f20917de93b9aad51cf79a69ad5239c5632917 -> origin/feature/f3-test-failures
2026-09-23T08:50:16.8864701Z ##[endgroup]
2026-09-23T08:50:16.8865805Z ##[group]Determining the checkout info
2026-09-23T08:50:16.8874555Z ##[endgroup]
2026-09-23T08:50:16.8877426Z [command]/usr/bin/git sparse-checkout disable
2026-09-23T08:50:16.8932863Z [command]/usr/bin/git config --local --unset-all extensions.worktreeConfig
2026-09-23T08:50:16.8967420Z ##[group]Checking out the ref
2026-09-23T08:50:16.8973452Z [command]/usr/bin/git checkout --progress --force -B feature/f3-test-failures refs/remotes/origin/feature/f3-test-failures
2026-09-23T08:50:16.9425395Z Switched to a new branch 'feature/f3-test-failures'
2026-09-23T08:50:16.9431855Z branch 'feature/f3-test-failures' set up to track 'origin/feature/f3-test-failures'.
2026-09-23T08:50:16.9436716Z ##[endgroup]
2026-09-23T08:50:16.9484663Z [command]/usr/bin/git log -1 --format=%H
2026-09-23T08:50:16.9511585Z 43f20917de93b9aad51cf79a69ad5239c5632917
2026-09-23T08:50:16.9878064Z Node 20 is being deprecated. This workflow is running with Node 24 by default. If you need to temporarily use Node 20, you can set the ACTIONS_ALLOW_USE_UNSECURE_NODE_VERSION=true environment variable. For more information see: https://github.blog/changelog/2025-09-19-deprecation-of-node-20-on-github-actions-runners/
2026-09-23T08:50:16.9884688Z ##[group]Run actions/setup-python@v5
2026-09-23T08:50:16.9885969Z with:
2026-09-23T08:50:16.9886922Z   python-version: 3.11
2026-09-23T08:50:16.9888025Z   check-latest: false
2026-09-23T08:50:16.9899232Z   token: ***
2026-09-23T08:50:16.9900270Z   update-environment: true
2026-09-23T08:50:16.9901455Z   allow-prereleases: false
2026-09-23T08:50:16.9902599Z   freethreaded: false
2026-09-23T08:50:16.9903660Z ##[endgroup]
2026-09-23T08:50:17.1285501Z ##[group]Installed versions
2026-09-23T08:50:17.1394271Z (node:2262) [DEP0040] DeprecationWarning: The `punycode` module is deprecated. Please use a userland alternative instead.
2026-09-23T08:50:17.1398914Z (Use `node --trace-deprecation ...` to show where the warning was created)
2026-09-23T08:50:17.1401130Z Successfully set up CPython (3.11.16)
2026-09-23T08:50:17.1402957Z ##[endgroup]
2026-09-23T08:50:17.1625308Z ##[group]Run pip install --no-cache-dir pytest
2026-09-23T08:50:17.1627578Z [36;1mpip install --no-cache-dir pytest[0m
2026-09-23T08:50:17.1702146Z shell: /usr/bin/bash -e {0}
2026-09-23T08:50:17.1703300Z env:
2026-09-23T08:50:17.1782566Z   pythonLocation: /opt/hostedtoolcache/Python/3.11.16/x64
2026-09-23T08:50:17.1785322Z   PKG_CONFIG_PATH: /opt/hostedtoolcache/Python/3.11.16/x64/lib/pkgconfig
2026-09-23T08:50:17.1787201Z   Python_ROOT_DIR: /opt/hostedtoolcache/Python/3.11.16/x64
2026-09-23T08:50:17.1789546Z   Python2_ROOT_DIR: /opt/hostedtoolcache/Python/3.11.16/x64
2026-09-23T08:50:17.1791522Z   Python3_ROOT_DIR: /opt/hostedtoolcache/Python/3.11.16/x64
2026-09-23T08:50:17.1793637Z   LD_LIBRARY_PATH: /opt/hostedtoolcache/Python/3.11.16/x64/lib
2026-09-23T08:50:17.1795041Z ##[endgroup]
2026-09-23T08:50:18.0494123Z Collecting pytest
2026-09-23T08:50:18.1212492Z   Downloading pytest-9.1.1-py3-none-any.whl.metadata (7.6 kB)
2026-09-23T08:50:18.1374414Z Collecting iniconfig>=1.0.1 (from pytest)
2026-09-23T08:50:18.1487998Z   Downloading iniconfig-2.3.0-py3-none-any.whl.metadata (2.5 kB)
2026-09-23T08:50:18.1679523Z Collecting packaging>=22 (from pytest)
2026-09-23T08:50:18.1796805Z   Downloading packaging-26.3-py3-none-any.whl.metadata (3.5 kB)
2026-09-23T08:50:18.1951885Z Collecting pluggy<2,>=1.5 (from pytest)
2026-09-23T08:50:18.2063641Z   Downloading pluggy-1.6.0-py3-none-any.whl.metadata (4.8 kB)
2026-09-23T08:50:18.2301259Z Collecting pygments>=2.7.2 (from pytest)
2026-09-23T08:50:18.2449746Z   Downloading pygments-2.21.0-py3-none-any.whl.metadata (2.5 kB)
2026-09-23T08:50:18.2593022Z Downloading pytest-9.1.1-py3-none-any.whl (386 kB)
2026-09-23T08:50:18.3038781Z Downloading pluggy-1.6.0-py3-none-any.whl (20 kB)
2026-09-23T08:50:18.3151743Z Downloading iniconfig-2.3.0-py3-none-any.whl (7.5 kB)
2026-09-23T08:50:18.3260648Z Downloading packaging-26.3-py3-none-any.whl (129 kB)
2026-09-23T08:50:18.3383907Z Downloading pygments-2.21.0-py3-none-any.whl (1.3 MB)
2026-09-23T08:50:18.3687583Z    ââââââââââââââââââââââââââââââââââââââââ 1.3/1.3 MB 39.2 MB/s  0:00:00
2026-09-23T08:50:18.4350145Z Installing collected packages: pygments, pluggy, packaging, iniconfig, pytest
2026-09-23T08:50:19.4193538Z 
2026-09-23T08:50:19.4202903Z Successfully installed iniconfig-2.3.0 packaging-26.3 pluggy-1.6.0 pygments-2.21.0 pytest-9.1.1
2026-09-23T08:50:19.4755837Z ##[group]Run python automation/inject_mutation.py --error-type "TypeError"
2026-09-23T08:50:19.4756478Z [36;1mpython automation/inject_mutation.py --error-type "TypeError"[0m
2026-09-23T08:50:19.4795975Z shell: /usr/bin/bash -e {0}
2026-09-23T08:50:19.4796262Z env:
2026-09-23T08:50:19.4796557Z   pythonLocation: /opt/hostedtoolcache/Python/3.11.16/x64
2026-09-23T08:50:19.4797273Z   PKG_CONFIG_PATH: /opt/hostedtoolcache/Python/3.11.16/x64/lib/pkgconfig
2026-09-23T08:50:19.4797766Z   Python_ROOT_DIR: /opt/hostedtoolcache/Python/3.11.16/x64
2026-09-23T08:50:19.4798371Z   Python2_ROOT_DIR: /opt/hostedtoolcache/Python/3.11.16/x64
2026-09-23T08:50:19.4798837Z   Python3_ROOT_DIR: /opt/hostedtoolcache/Python/3.11.16/x64
2026-09-23T08:50:19.4799289Z   LD_LIBRARY_PATH: /opt/hostedtoolcache/Python/3.11.16/x64/lib
2026-09-23T08:50:19.4799665Z ##[endgroup]
2026-09-23T08:50:19.5109030Z [Mutation Injected] Successfully injected TypeError into tests/test_app.py
2026-09-23T08:50:19.5184462Z ##[group]Run pytest tests/test_app.py -v
2026-09-23T08:50:19.5184912Z [36;1mpytest tests/test_app.py -v[0m
2026-09-23T08:50:19.5223695Z shell: /usr/bin/bash -e {0}
2026-09-23T08:50:19.5224007Z env:
2026-09-23T08:50:19.5224326Z   pythonLocation: /opt/hostedtoolcache/Python/3.11.16/x64
2026-09-23T08:50:19.5224877Z   PKG_CONFIG_PATH: /opt/hostedtoolcache/Python/3.11.16/x64/lib/pkgconfig
2026-09-23T08:50:19.5225433Z   Python_ROOT_DIR: /opt/hostedtoolcache/Python/3.11.16/x64
2026-09-23T08:50:19.5225906Z   Python2_ROOT_DIR: /opt/hostedtoolcache/Python/3.11.16/x64
2026-09-23T08:50:19.5226390Z   Python3_ROOT_DIR: /opt/hostedtoolcache/Python/3.11.16/x64
2026-09-23T08:50:19.5226890Z   LD_LIBRARY_PATH: /opt/hostedtoolcache/Python/3.11.16/x64/lib
2026-09-23T08:50:19.5227309Z ##[endgroup]
2026-09-23T08:50:19.7465208Z ============================= test session starts ==============================
2026-09-23T08:50:19.7466397Z platform linux -- Python 3.11.16, pytest-9.1.1, pluggy-1.6.0 -- /opt/hostedtoolcache/Python/3.11.16/x64/bin/python
2026-09-23T08:50:19.7467244Z cachedir: .pytest_cache
2026-09-23T08:50:19.7467725Z rootdir: /home/runner/work/log-generation/log-generation
2026-09-23T08:50:19.7468631Z configfile: pytest.ini
2026-09-23T08:50:19.7553909Z collecting ... collected 6 items
2026-09-23T08:50:19.7554397Z 
2026-09-23T08:50:19.7562613Z tests/test_app.py::test_calculate_division PASSED                        [ 16%]
2026-09-23T08:50:19.7569990Z tests/test_app.py::test_convert_to_int PASSED                            [ 33%]
2026-09-23T08:50:19.7576988Z tests/test_app.py::test_get_list_item PASSED                             [ 50%]
2026-09-23T08:50:19.7584080Z tests/test_app.py::test_get_dict_value PASSED                            [ 66%]
2026-09-23T08:50:19.7590949Z tests/test_app.py::test_assert_positive PASSED                           [ 83%]
2026-09-23T08:50:19.7880907Z tests/test_app.py::test_type_error FAILED                                [100%]
2026-09-23T08:50:19.7881645Z 
2026-09-23T08:50:19.7881923Z =================================== FAILURES ===================================
2026-09-23T08:50:19.7882720Z _______________________________ test_type_error ________________________________
2026-09-23T08:50:19.7883296Z 
2026-09-23T08:50:19.7883497Z     def test_type_error():
2026-09-23T08:50:19.7883985Z         """Injected synthetic TypeError."""
2026-09-23T08:50:19.7884613Z         from src.app import calculate_division
2026-09-23T08:50:19.7885292Z >       calculate_division("invalid_string", 5)
2026-09-23T08:50:19.7885721Z 
2026-09-23T08:50:19.7885904Z tests/test_app.py:139: 
2026-09-23T08:50:19.7886463Z _ _ _ _ _ _ _ _ _ _ _ _ _ _ _ _ _ _ _ _ _ _ _ _ _ _ _ _ _ _ _ _ _ _ _ _ _ _ _ _ 
2026-09-23T08:50:19.7886961Z 
2026-09-23T08:50:19.7887150Z a = 'invalid_string', b = 5
2026-09-23T08:50:19.7887531Z 
2026-09-23T08:50:19.7887736Z     def calculate_division(a, b):
2026-09-23T08:50:19.7888459Z >       return a / b
2026-09-23T08:50:19.7888875Z                ^^^^^
2026-09-23T08:50:19.7889470Z E       TypeError: unsupported operand type(s) for /: 'str' and 'int'
2026-09-23T08:50:19.7890011Z 
2026-09-23T08:50:19.7890201Z src/app.py:2: TypeError
2026-09-23T08:50:19.7890759Z =========================== short test summary info ============================
2026-09-23T08:50:19.7891947Z FAILED tests/test_app.py::test_type_error - TypeError: unsupported operand type(s) for /: 'str' and 'int'
2026-09-23T08:50:19.7893280Z ========================= 1 failed, 5 passed in 0.03s ==========================
2026-09-23T08:50:19.8089649Z ##[error]Process completed with exit code 1.
2026-09-23T08:50:19.8240127Z Node 20 is being deprecated. This workflow is running with Node 24 by default. If you need to temporarily use Node 20, you can set the ACTIONS_ALLOW_USE_UNSECURE_NODE_VERSION=true environment variable. For more information see: https://github.blog/changelog/2025-09-19-deprecation-of-node-20-on-github-actions-runners/
2026-09-23T08:50:19.8241419Z Post job cleanup.
2026-09-23T08:50:19.9156692Z [command]/usr/bin/git version
2026-09-23T08:50:19.9204693Z git version 2.55.0
2026-09-23T08:50:19.9246187Z Temporarily overriding HOME='/home/runner/work/_temp/2a8d0325-e807-4383-b5cd-9d3e17bfb497' before making global git config changes
2026-09-23T08:50:19.9247589Z Adding repository directory to the temporary git global config as a safe directory
2026-09-23T08:50:19.9252381Z [command]/usr/bin/git config --global --add safe.directory /home/runner/work/log-generation/log-generation
2026-09-23T08:50:19.9296920Z [command]/usr/bin/git config --local --name-only --get-regexp core\.sshCommand
2026-09-23T08:50:19.9337835Z [command]/usr/bin/git submodule foreach --recursive sh -c "git config --local --name-only --get-regexp 'core\.sshCommand' && git config --local --unset-all 'core.sshCommand' || :"
2026-09-23T08:50:19.9600663Z [command]/usr/bin/git config --local --name-only --get-regexp http\.https\:\/\/github\.com\/\.extraheader
2026-09-23T08:50:19.9637359Z http.https://github.com/.extraheader
2026-09-23T08:50:19.9651190Z [command]/usr/bin/git config --local --unset-all http.https://github.com/.extraheader
2026-09-23T08:50:19.9687541Z [command]/usr/bin/git submodule foreach --recursive sh -c "git config --local --name-only --get-regexp 'http\.https\:\/\/github\.com\/\.extraheader' && git config --local --unset-all 'http.https://github.com/.extraheader' || :"
2026-09-23T08:50:19.9968095Z [command]/usr/bin/git config --local --name-only --get-regexp ^includeIf\.gitdir:
2026-09-23T08:50:20.0011563Z [command]/usr/bin/git submodule foreach --recursive git config --local --show-origin --name-only --get-regexp remote.origin.url
2026-09-23T08:50:20.0476086Z Cleaning up orphan processes
2026-09-23T08:50:20.0781145Z ##[warning]Node.js 20 is deprecated. The following actions target Node.js 20 but are being forced to run on Node.js 24: actions/checkout@v4, actions/setup-python@v5. For more information see: https://github.blog/changelog/2025-09-19-deprecation-of-node-20-on-github-actions-runners/
