ï»¿2026-09-23T08:50:28.6313587Z Current runner version: '2.337.0'
2026-09-23T08:50:28.6347355Z ##[group]Runner Image Provisioner
2026-09-23T08:50:28.6348604Z Hosted Compute Agent
2026-09-23T08:50:28.6349915Z Version: 20260828.587
2026-09-23T08:50:28.6350981Z Commit: abac92662cab4cc7352de4f9f9d2e2419aad9c29
2026-09-23T08:50:28.6352344Z Build Date: 2026-08-28T16:44:25Z
2026-09-23T08:50:28.6353511Z Worker ID: {3ad60dcf-00c3-403a-a3a8-75ad3d54b838}
2026-09-23T08:50:28.6354650Z Azure Region: eastus2
2026-09-23T08:50:28.6356183Z ##[endgroup]
2026-09-23T08:50:28.6358724Z ##[group]Operating System
2026-09-23T08:50:28.6360206Z Ubuntu
2026-09-23T08:50:28.6361057Z 24.04.5
2026-09-23T08:50:28.6361829Z LTS
2026-09-23T08:50:28.6362754Z ##[endgroup]
2026-09-23T08:50:28.6363697Z ##[group]Runner Image
2026-09-23T08:50:28.6364827Z Image: ubuntu-24.04
2026-09-23T08:50:28.6365721Z Version: 20260920.314.1
2026-09-23T08:50:28.6367840Z Included Software: https://github.com/actions/runner-images/blob/ubuntu24/20260920.314/images/ubuntu/Ubuntu2404-Readme.md
2026-09-23T08:50:28.6370811Z Image Release: https://github.com/actions/runner-images/releases/tag/ubuntu24%2F20260920.314
2026-09-23T08:50:28.6372687Z ##[endgroup]
2026-09-23T08:50:28.6374673Z ##[group]GITHUB_TOKEN Permissions
2026-09-23T08:50:28.6377634Z Contents: read
2026-09-23T08:50:28.6378559Z Metadata: read
2026-09-23T08:50:28.6379817Z Packages: read
2026-09-23T08:50:28.6380825Z ##[endgroup]
2026-09-23T08:50:28.6383580Z Secret source: Actions
2026-09-23T08:50:28.6385316Z Cache mode: write
2026-09-23T08:50:28.6387016Z Prepare workflow directory
2026-09-23T08:50:28.6851865Z Prepare all required actions
2026-09-23T08:50:28.6921671Z Getting action download info
2026-09-23T08:50:28.9036021Z Download action repository 'actions/checkout@v4' (SHA:11d5960a326750d5838078e36cf38b85af677262)
2026-09-23T08:50:29.0146578Z Download action repository 'actions/setup-python@v5' (SHA:a26af69be951a213d495a4c3e4e4022e16d87065)
2026-09-23T08:50:29.1970574Z Complete job name: test-f3 (FileNotFoundError #221)
2026-09-23T08:50:29.2721729Z Node 20 is being deprecated. This workflow is running with Node 24 by default. If you need to temporarily use Node 20, you can set the ACTIONS_ALLOW_USE_UNSECURE_NODE_VERSION=true environment variable. For more information see: https://github.blog/changelog/2025-09-19-deprecation-of-node-20-on-github-actions-runners/
2026-09-23T08:50:29.2730504Z ##[group]Run actions/checkout@v4
2026-09-23T08:50:29.2731250Z with:
2026-09-23T08:50:29.2731685Z   fetch-depth: 1
2026-09-23T08:50:29.2732180Z   repository: DhruvHegde/log-generation
2026-09-23T08:50:29.2736009Z   token: ***
2026-09-23T08:50:29.2736447Z   ssh-strict: true
2026-09-23T08:50:29.2736900Z   ssh-user: git
2026-09-23T08:50:29.2737353Z   persist-credentials: true
2026-09-23T08:50:29.2737839Z   clean: true
2026-09-23T08:50:29.2738299Z   sparse-checkout-cone-mode: true
2026-09-23T08:50:29.2738822Z   fetch-tags: false
2026-09-23T08:50:29.2739532Z   show-progress: true
2026-09-23T08:50:29.2740000Z   lfs: false
2026-09-23T08:50:29.2740470Z   submodules: false
2026-09-23T08:50:29.2740947Z   set-safe-directory: true
2026-09-23T08:50:29.2741454Z   allow-unsafe-pr-checkout: false
2026-09-23T08:50:29.2742250Z ##[endgroup]
2026-09-23T08:50:29.3782310Z Syncing repository: DhruvHegde/log-generation
2026-09-23T08:50:29.3784864Z ##[group]Getting Git version info
2026-09-23T08:50:29.3786173Z Working directory is '/home/runner/work/log-generation/log-generation'
2026-09-23T08:50:29.3787915Z [command]/usr/bin/git version
2026-09-23T08:50:29.3867106Z git version 2.55.0
2026-09-23T08:50:29.3910745Z ##[endgroup]
2026-09-23T08:50:29.3917357Z Temporarily overriding HOME='/home/runner/work/_temp/a7ce43cd-3660-44c4-a92f-534581cbd5fb' before making global git config changes
2026-09-23T08:50:29.3918751Z Adding repository directory to the temporary git global config as a safe directory
2026-09-23T08:50:29.3920261Z [command]/usr/bin/git config --global --add safe.directory /home/runner/work/log-generation/log-generation
2026-09-23T08:50:29.3970976Z Deleting the contents of '/home/runner/work/log-generation/log-generation'
2026-09-23T08:50:29.3976694Z ##[group]Initializing the repository
2026-09-23T08:50:29.3981869Z [command]/usr/bin/git init /home/runner/work/log-generation/log-generation
2026-09-23T08:50:29.4114273Z hint: Using 'master' as the name for the initial branch. This default branch name
2026-09-23T08:50:29.4115565Z hint: will change to "main" in Git 3.0. To configure the initial branch name
2026-09-23T08:50:29.4117107Z hint: to use in all of your new repositories, which will suppress this warning,
2026-09-23T08:50:29.4118291Z hint: call:
2026-09-23T08:50:29.4119788Z hint:
2026-09-23T08:50:29.4121025Z hint: 	git config --global init.defaultBranch <name>
2026-09-23T08:50:29.4122477Z hint:
2026-09-23T08:50:29.4123852Z hint: Names commonly chosen instead of 'master' are 'main', 'trunk' and
2026-09-23T08:50:29.4125878Z hint: 'development'. The just-created branch can be renamed via this command:
2026-09-23T08:50:29.4127493Z hint:
2026-09-23T08:50:29.4128435Z hint: 	git branch -m <name>
2026-09-23T08:50:29.4129692Z hint:
2026-09-23T08:50:29.4131493Z hint: Disable this message with "git config set advice.defaultBranchName false"
2026-09-23T08:50:29.4133345Z Initialized empty Git repository in /home/runner/work/log-generation/log-generation/.git/
2026-09-23T08:50:29.4136119Z [command]/usr/bin/git remote add origin https://github.com/DhruvHegde/log-generation
2026-09-23T08:50:29.4205421Z ##[endgroup]
2026-09-23T08:50:29.4206687Z ##[group]Disabling automatic garbage collection
2026-09-23T08:50:29.4210328Z [command]/usr/bin/git config --local gc.auto 0
2026-09-23T08:50:29.4242666Z ##[endgroup]
2026-09-23T08:50:29.4243783Z ##[group]Setting up auth
2026-09-23T08:50:29.4250671Z [command]/usr/bin/git config --local --name-only --get-regexp core\.sshCommand
2026-09-23T08:50:29.4284906Z [command]/usr/bin/git submodule foreach --recursive sh -c "git config --local --name-only --get-regexp 'core\.sshCommand' && git config --local --unset-all 'core.sshCommand' || :"
2026-09-23T08:50:29.4702059Z [command]/usr/bin/git config --local --name-only --get-regexp http\.https\:\/\/github\.com\/\.extraheader
2026-09-23T08:50:29.4746027Z [command]/usr/bin/git submodule foreach --recursive sh -c "git config --local --name-only --get-regexp 'http\.https\:\/\/github\.com\/\.extraheader' && git config --local --unset-all 'http.https://github.com/.extraheader' || :"
2026-09-23T08:50:29.4971730Z [command]/usr/bin/git config --local --name-only --get-regexp ^includeIf\.gitdir:
2026-09-23T08:50:29.5007137Z [command]/usr/bin/git submodule foreach --recursive git config --local --show-origin --name-only --get-regexp remote.origin.url
2026-09-23T08:50:29.5233023Z [command]/usr/bin/git config --local http.https://github.com/.extraheader AUTHORIZATION: basic ***
2026-09-23T08:50:29.5273398Z ##[endgroup]
2026-09-23T08:50:29.5274256Z ##[group]Fetching the repository
2026-09-23T08:50:29.5283858Z [command]/usr/bin/git -c protocol.version=2 fetch --no-tags --prune --no-recurse-submodules --depth=1 origin +43f20917de93b9aad51cf79a69ad5239c5632917:refs/remotes/origin/feature/f3-test-failures
2026-09-23T08:50:29.8182591Z From https://github.com/DhruvHegde/log-generation
2026-09-23T08:50:29.8183845Z  * [new ref]         43f20917de93b9aad51cf79a69ad5239c5632917 -> origin/feature/f3-test-failures
2026-09-23T08:50:29.8188517Z ##[endgroup]
2026-09-23T08:50:29.8189836Z ##[group]Determining the checkout info
2026-09-23T08:50:29.8191738Z ##[endgroup]
2026-09-23T08:50:29.8197359Z [command]/usr/bin/git sparse-checkout disable
2026-09-23T08:50:29.8253471Z [command]/usr/bin/git config --local --unset-all extensions.worktreeConfig
2026-09-23T08:50:29.8286133Z ##[group]Checking out the ref
2026-09-23T08:50:29.8291471Z [command]/usr/bin/git checkout --progress --force -B feature/f3-test-failures refs/remotes/origin/feature/f3-test-failures
2026-09-23T08:50:29.8685032Z Switched to a new branch 'feature/f3-test-failures'
2026-09-23T08:50:29.8691350Z branch 'feature/f3-test-failures' set up to track 'origin/feature/f3-test-failures'.
2026-09-23T08:50:29.8698803Z ##[endgroup]
2026-09-23T08:50:29.8741649Z [command]/usr/bin/git log -1 --format=%H
2026-09-23T08:50:29.8768076Z 43f20917de93b9aad51cf79a69ad5239c5632917
2026-09-23T08:50:29.9051634Z Node 20 is being deprecated. This workflow is running with Node 24 by default. If you need to temporarily use Node 20, you can set the ACTIONS_ALLOW_USE_UNSECURE_NODE_VERSION=true environment variable. For more information see: https://github.blog/changelog/2025-09-19-deprecation-of-node-20-on-github-actions-runners/
2026-09-23T08:50:29.9054489Z ##[group]Run actions/setup-python@v5
2026-09-23T08:50:29.9055082Z with:
2026-09-23T08:50:29.9055564Z   python-version: 3.11
2026-09-23T08:50:29.9056092Z   check-latest: false
2026-09-23T08:50:29.9060247Z   token: ***
2026-09-23T08:50:29.9060754Z   update-environment: true
2026-09-23T08:50:29.9061311Z   allow-prereleases: false
2026-09-23T08:50:29.9061854Z   freethreaded: false
2026-09-23T08:50:29.9062368Z ##[endgroup]
2026-09-23T08:50:30.0373417Z ##[group]Installed versions
2026-09-23T08:50:30.0490668Z (node:2152) [DEP0040] DeprecationWarning: The `punycode` module is deprecated. Please use a userland alternative instead.
2026-09-23T08:50:30.0493163Z (Use `node --trace-deprecation ...` to show where the warning was created)
2026-09-23T08:50:30.0494596Z Successfully set up CPython (3.11.16)
2026-09-23T08:50:30.0496127Z ##[endgroup]
2026-09-23T08:50:30.0685642Z ##[group]Run pip install --no-cache-dir pytest
2026-09-23T08:50:30.0686960Z [36;1mpip install --no-cache-dir pytest[0m
2026-09-23T08:50:30.1066342Z shell: /usr/bin/bash -e {0}
2026-09-23T08:50:30.1067073Z env:
2026-09-23T08:50:30.1067983Z   pythonLocation: /opt/hostedtoolcache/Python/3.11.16/x64
2026-09-23T08:50:30.1069126Z   PKG_CONFIG_PATH: /opt/hostedtoolcache/Python/3.11.16/x64/lib/pkgconfig
2026-09-23T08:50:30.1070408Z   Python_ROOT_DIR: /opt/hostedtoolcache/Python/3.11.16/x64
2026-09-23T08:50:30.1071427Z   Python2_ROOT_DIR: /opt/hostedtoolcache/Python/3.11.16/x64
2026-09-23T08:50:30.1072457Z   Python3_ROOT_DIR: /opt/hostedtoolcache/Python/3.11.16/x64
2026-09-23T08:50:30.1144230Z   LD_LIBRARY_PATH: /opt/hostedtoolcache/Python/3.11.16/x64/lib
2026-09-23T08:50:30.1145096Z ##[endgroup]
2026-09-23T08:50:31.0962255Z Collecting pytest
2026-09-23T08:50:31.1537597Z   Downloading pytest-9.1.1-py3-none-any.whl.metadata (7.6 kB)
2026-09-23T08:50:31.1664194Z Collecting iniconfig>=1.0.1 (from pytest)
2026-09-23T08:50:31.1736690Z   Downloading iniconfig-2.3.0-py3-none-any.whl.metadata (2.5 kB)
2026-09-23T08:50:31.1889698Z Collecting packaging>=22 (from pytest)
2026-09-23T08:50:31.1962156Z   Downloading packaging-26.3-py3-none-any.whl.metadata (3.5 kB)
2026-09-23T08:50:31.2079076Z Collecting pluggy<2,>=1.5 (from pytest)
2026-09-23T08:50:31.2150610Z   Downloading pluggy-1.6.0-py3-none-any.whl.metadata (4.8 kB)
2026-09-23T08:50:31.2337833Z Collecting pygments>=2.7.2 (from pytest)
2026-09-23T08:50:31.2416815Z   Downloading pygments-2.21.0-py3-none-any.whl.metadata (2.5 kB)
2026-09-23T08:50:31.2521827Z Downloading pytest-9.1.1-py3-none-any.whl (386 kB)
2026-09-23T08:50:31.2867804Z Downloading pluggy-1.6.0-py3-none-any.whl (20 kB)
2026-09-23T08:50:31.2945036Z Downloading iniconfig-2.3.0-py3-none-any.whl (7.5 kB)
2026-09-23T08:50:31.3016512Z Downloading packaging-26.3-py3-none-any.whl (129 kB)
2026-09-23T08:50:31.3144829Z Downloading pygments-2.21.0-py3-none-any.whl (1.3 MB)
2026-09-23T08:50:31.3668476Z    ââââââââââââââââââââââââââââââââââââââââ 1.3/1.3 MB 26.0 MB/s  0:00:00
2026-09-23T08:50:31.4348390Z Installing collected packages: pygments, pluggy, packaging, iniconfig, pytest
2026-09-23T08:50:32.3838661Z 
2026-09-23T08:50:32.3850271Z Successfully installed iniconfig-2.3.0 packaging-26.3 pluggy-1.6.0 pygments-2.21.0 pytest-9.1.1
2026-09-23T08:50:32.4349870Z ##[group]Run python automation/inject_mutation.py --error-type "FileNotFoundError"
2026-09-23T08:50:32.4350571Z [36;1mpython automation/inject_mutation.py --error-type "FileNotFoundError"[0m
2026-09-23T08:50:32.4417144Z shell: /usr/bin/bash -e {0}
2026-09-23T08:50:32.4417461Z env:
2026-09-23T08:50:32.4417973Z   pythonLocation: /opt/hostedtoolcache/Python/3.11.16/x64
2026-09-23T08:50:32.4418446Z   PKG_CONFIG_PATH: /opt/hostedtoolcache/Python/3.11.16/x64/lib/pkgconfig
2026-09-23T08:50:32.4418908Z   Python_ROOT_DIR: /opt/hostedtoolcache/Python/3.11.16/x64
2026-09-23T08:50:32.4419494Z   Python2_ROOT_DIR: /opt/hostedtoolcache/Python/3.11.16/x64
2026-09-23T08:50:32.4419943Z   Python3_ROOT_DIR: /opt/hostedtoolcache/Python/3.11.16/x64
2026-09-23T08:50:32.4420361Z   LD_LIBRARY_PATH: /opt/hostedtoolcache/Python/3.11.16/x64/lib
2026-09-23T08:50:32.4420708Z ##[endgroup]
2026-09-23T08:50:32.4740392Z [Mutation Injected] Successfully injected FileNotFoundError into tests/test_app.py
2026-09-23T08:50:32.4808935Z ##[group]Run pytest tests/test_app.py -v
2026-09-23T08:50:32.4809666Z [36;1mpytest tests/test_app.py -v[0m
2026-09-23T08:50:32.4869631Z shell: /usr/bin/bash -e {0}
2026-09-23T08:50:32.4869902Z env:
2026-09-23T08:50:32.4870172Z   pythonLocation: /opt/hostedtoolcache/Python/3.11.16/x64
2026-09-23T08:50:32.4870646Z   PKG_CONFIG_PATH: /opt/hostedtoolcache/Python/3.11.16/x64/lib/pkgconfig
2026-09-23T08:50:32.4871118Z   Python_ROOT_DIR: /opt/hostedtoolcache/Python/3.11.16/x64
2026-09-23T08:50:32.4871518Z   Python2_ROOT_DIR: /opt/hostedtoolcache/Python/3.11.16/x64
2026-09-23T08:50:32.4871911Z   Python3_ROOT_DIR: /opt/hostedtoolcache/Python/3.11.16/x64
2026-09-23T08:50:32.4872304Z   LD_LIBRARY_PATH: /opt/hostedtoolcache/Python/3.11.16/x64/lib
2026-09-23T08:50:32.4872642Z ##[endgroup]
2026-09-23T08:50:32.8965803Z ============================= test session starts ==============================
2026-09-23T08:50:32.8966772Z platform linux -- Python 3.11.16, pytest-9.1.1, pluggy-1.6.0 -- /opt/hostedtoolcache/Python/3.11.16/x64/bin/python
2026-09-23T08:50:32.8967514Z cachedir: .pytest_cache
2026-09-23T08:50:32.8967947Z rootdir: /home/runner/work/log-generation/log-generation
2026-09-23T08:50:32.8968453Z configfile: pytest.ini
2026-09-23T08:50:32.9055603Z collecting ... collected 6 items
2026-09-23T08:50:32.9056024Z 
2026-09-23T08:50:32.9064644Z tests/test_app.py::test_calculate_division PASSED                        [ 16%]
2026-09-23T08:50:32.9072987Z tests/test_app.py::test_convert_to_int PASSED                            [ 33%]
2026-09-23T08:50:32.9080390Z tests/test_app.py::test_get_list_item PASSED                             [ 50%]
2026-09-23T08:50:32.9088526Z tests/test_app.py::test_get_dict_value PASSED                            [ 66%]
2026-09-23T08:50:32.9095627Z tests/test_app.py::test_assert_positive PASSED                           [ 83%]
2026-09-23T08:50:32.9351271Z tests/test_app.py::test_file_not_found_error FAILED                      [100%]
2026-09-23T08:50:32.9351919Z 
2026-09-23T08:50:32.9352235Z =================================== FAILURES ===================================
2026-09-23T08:50:32.9352920Z __________________________ test_file_not_found_error ___________________________
2026-09-23T08:50:32.9353382Z 
2026-09-23T08:50:32.9353555Z     def test_file_not_found_error():
2026-09-23T08:50:32.9354080Z         """Injected synthetic FileNotFoundError."""
2026-09-23T08:50:32.9354647Z         from src.app import read_config_file
2026-09-23T08:50:32.9355299Z >       read_config_file("fixtures/non_existent_pipeline_config.json")
2026-09-23T08:50:32.9355785Z 
2026-09-23T08:50:32.9355944Z tests/test_app.py:139: 
2026-09-23T08:50:32.9356435Z _ _ _ _ _ _ _ _ _ _ _ _ _ _ _ _ _ _ _ _ _ _ _ _ _ _ _ _ _ _ _ _ _ _ _ _ _ _ _ _ 
2026-09-23T08:50:32.9356871Z 
2026-09-23T08:50:32.9357104Z path = 'fixtures/non_existent_pipeline_config.json'
2026-09-23T08:50:32.9357521Z 
2026-09-23T08:50:32.9357696Z     def read_config_file(path):
2026-09-23T08:50:32.9358114Z >       with open(path, "r") as f:
2026-09-23T08:50:32.9358534Z              ^^^^^^^^^^^^^^^
2026-09-23T08:50:32.9359515Z E       FileNotFoundError: [Errno 2] No such file or directory: 'fixtures/non_existent_pipeline_config.json'
2026-09-23T08:50:32.9360200Z 
2026-09-23T08:50:32.9360376Z src/app.py:17: FileNotFoundError
2026-09-23T08:50:32.9360909Z =========================== short test summary info ============================
2026-09-23T08:50:32.9362411Z FAILED tests/test_app.py::test_file_not_found_error - FileNotFoundError: [Errno 2] No such file or directory: 'fixtures/non_existent_pipeline_config.json'
2026-09-23T08:50:32.9363628Z ========================= 1 failed, 5 passed in 0.03s ==========================
2026-09-23T08:50:32.9542878Z ##[error]Process completed with exit code 1.
2026-09-23T08:50:32.9689171Z Node 20 is being deprecated. This workflow is running with Node 24 by default. If you need to temporarily use Node 20, you can set the ACTIONS_ALLOW_USE_UNSECURE_NODE_VERSION=true environment variable. For more information see: https://github.blog/changelog/2025-09-19-deprecation-of-node-20-on-github-actions-runners/
2026-09-23T08:50:32.9690713Z Post job cleanup.
2026-09-23T08:50:33.0552852Z [command]/usr/bin/git version
2026-09-23T08:50:33.0596938Z git version 2.55.0
2026-09-23T08:50:33.0637395Z Temporarily overriding HOME='/home/runner/work/_temp/3c0fae5b-dc3a-4b88-8012-7c214bd6bc18' before making global git config changes
2026-09-23T08:50:33.0638783Z Adding repository directory to the temporary git global config as a safe directory
2026-09-23T08:50:33.0650657Z [command]/usr/bin/git config --global --add safe.directory /home/runner/work/log-generation/log-generation
2026-09-23T08:50:33.0682500Z [command]/usr/bin/git config --local --name-only --get-regexp core\.sshCommand
2026-09-23T08:50:33.0753847Z [command]/usr/bin/git submodule foreach --recursive sh -c "git config --local --name-only --get-regexp 'core\.sshCommand' && git config --local --unset-all 'core.sshCommand' || :"
2026-09-23T08:50:33.0988230Z [command]/usr/bin/git config --local --name-only --get-regexp http\.https\:\/\/github\.com\/\.extraheader
2026-09-23T08:50:33.1028096Z http.https://github.com/.extraheader
2026-09-23T08:50:33.1045435Z [command]/usr/bin/git config --local --unset-all http.https://github.com/.extraheader
2026-09-23T08:50:33.1084613Z [command]/usr/bin/git submodule foreach --recursive sh -c "git config --local --name-only --get-regexp 'http\.https\:\/\/github\.com\/\.extraheader' && git config --local --unset-all 'http.https://github.com/.extraheader' || :"
2026-09-23T08:50:33.1376522Z [command]/usr/bin/git config --local --name-only --get-regexp ^includeIf\.gitdir:
2026-09-23T08:50:33.1426079Z [command]/usr/bin/git submodule foreach --recursive git config --local --show-origin --name-only --get-regexp remote.origin.url
2026-09-23T08:50:33.1862998Z Cleaning up orphan processes
2026-09-23T08:50:33.2121684Z ##[warning]Node.js 20 is deprecated. The following actions target Node.js 20 but are being forced to run on Node.js 24: actions/checkout@v4, actions/setup-python@v5. For more information see: https://github.blog/changelog/2025-09-19-deprecation-of-node-20-on-github-actions-runners/
