ï»¿2026-09-23T08:45:21.9524447Z Current runner version: '2.337.0'
2026-09-23T08:45:21.9540985Z ##[group]Runner Image Provisioner
2026-09-23T08:45:21.9541522Z Hosted Compute Agent
2026-09-23T08:45:21.9541905Z Version: 20260828.587
2026-09-23T08:45:21.9542349Z Commit: abac92662cab4cc7352de4f9f9d2e2419aad9c29
2026-09-23T08:45:21.9542790Z Build Date: 2026-08-28T16:44:25Z
2026-09-23T08:45:21.9543229Z Worker ID: {8f73d27f-803c-40e0-8dae-5ebc0de13bde}
2026-09-23T08:45:21.9543678Z Azure Region: westus2
2026-09-23T08:45:21.9544076Z ##[endgroup]
2026-09-23T08:45:21.9545103Z ##[group]Operating System
2026-09-23T08:45:21.9545471Z Ubuntu
2026-09-23T08:45:21.9545832Z 24.04.5
2026-09-23T08:45:21.9546163Z LTS
2026-09-23T08:45:21.9546714Z ##[endgroup]
2026-09-23T08:45:21.9547098Z ##[group]Runner Image
2026-09-23T08:45:21.9547492Z Image: ubuntu-24.04
2026-09-23T08:45:21.9547858Z Version: 20260920.314.1
2026-09-23T08:45:21.9548654Z Included Software: https://github.com/actions/runner-images/blob/ubuntu24/20260920.314/images/ubuntu/Ubuntu2404-Readme.md
2026-09-23T08:45:21.9549597Z Image Release: https://github.com/actions/runner-images/releases/tag/ubuntu24%2F20260920.314
2026-09-23T08:45:21.9550160Z ##[endgroup]
2026-09-23T08:45:21.9551063Z ##[group]GITHUB_TOKEN Permissions
2026-09-23T08:45:21.9552464Z Contents: read
2026-09-23T08:45:21.9552889Z Metadata: read
2026-09-23T08:45:21.9553232Z Packages: read
2026-09-23T08:45:21.9553564Z ##[endgroup]
2026-09-23T08:45:21.9554878Z Secret source: Actions
2026-09-23T08:45:21.9555443Z Cache mode: write
2026-09-23T08:45:21.9556141Z Prepare workflow directory
2026-09-23T08:45:21.9759876Z Prepare all required actions
2026-09-23T08:45:21.9791469Z Getting action download info
2026-09-23T08:45:22.3121867Z Download action repository 'actions/checkout@v4' (SHA:11d5960a326750d5838078e36cf38b85af677262)
2026-09-23T08:45:22.9023264Z Download action repository 'actions/setup-python@v5' (SHA:a26af69be951a213d495a4c3e4e4022e16d87065)
2026-09-23T08:45:23.0814937Z Complete job name: test-f3 (AssertionError #205)
2026-09-23T08:45:23.1351596Z Node 20 is being deprecated. This workflow is running with Node 24 by default. If you need to temporarily use Node 20, you can set the ACTIONS_ALLOW_USE_UNSECURE_NODE_VERSION=true environment variable. For more information see: https://github.blog/changelog/2025-09-19-deprecation-of-node-20-on-github-actions-runners/
2026-09-23T08:45:23.1358292Z ##[group]Run actions/checkout@v4
2026-09-23T08:45:23.1358969Z with:
2026-09-23T08:45:23.1359425Z   fetch-depth: 1
2026-09-23T08:45:23.1359959Z   repository: DhruvHegde/log-generation
2026-09-23T08:45:23.1365505Z   token: ***
2026-09-23T08:45:23.1365979Z   ssh-strict: true
2026-09-23T08:45:23.1366465Z   ssh-user: git
2026-09-23T08:45:23.1366967Z   persist-credentials: true
2026-09-23T08:45:23.1367516Z   clean: true
2026-09-23T08:45:23.1368019Z   sparse-checkout-cone-mode: true
2026-09-23T08:45:23.1368623Z   fetch-tags: false
2026-09-23T08:45:23.1369122Z   show-progress: true
2026-09-23T08:45:23.1369634Z   lfs: false
2026-09-23T08:45:23.1370133Z   submodules: false
2026-09-23T08:45:23.1370792Z   set-safe-directory: true
2026-09-23T08:45:23.1371372Z   allow-unsafe-pr-checkout: false
2026-09-23T08:45:23.1372059Z ##[endgroup]
2026-09-23T08:45:23.2042818Z Syncing repository: DhruvHegde/log-generation
2026-09-23T08:45:23.2044414Z ##[group]Getting Git version info
2026-09-23T08:45:23.2045263Z Working directory is '/home/runner/work/log-generation/log-generation'
2026-09-23T08:45:23.2046639Z [command]/usr/bin/git version
2026-09-23T08:45:23.2436160Z git version 2.55.0
2026-09-23T08:45:23.2452581Z ##[endgroup]
2026-09-23T08:45:23.2464081Z Temporarily overriding HOME='/home/runner/work/_temp/2c9dd280-8b30-4980-ade5-a77a6b373456' before making global git config changes
2026-09-23T08:45:23.2467896Z Adding repository directory to the temporary git global config as a safe directory
2026-09-23T08:45:23.2469303Z [command]/usr/bin/git config --global --add safe.directory /home/runner/work/log-generation/log-generation
2026-09-23T08:45:23.2541395Z Deleting the contents of '/home/runner/work/log-generation/log-generation'
2026-09-23T08:45:23.2544636Z ##[group]Initializing the repository
2026-09-23T08:45:23.2547061Z [command]/usr/bin/git init /home/runner/work/log-generation/log-generation
2026-09-23T08:45:23.2653051Z hint: Using 'master' as the name for the initial branch. This default branch name
2026-09-23T08:45:23.2654552Z hint: will change to "main" in Git 3.0. To configure the initial branch name
2026-09-23T08:45:23.2656216Z hint: to use in all of your new repositories, which will suppress this warning,
2026-09-23T08:45:23.2657517Z hint: call:
2026-09-23T08:45:23.2657986Z hint:
2026-09-23T08:45:23.2658684Z hint: 	git config --global init.defaultBranch <name>
2026-09-23T08:45:23.2659738Z hint:
2026-09-23T08:45:23.2660534Z hint: Names commonly chosen instead of 'master' are 'main', 'trunk' and
2026-09-23T08:45:23.2661873Z hint: 'development'. The just-created branch can be renamed via this command:
2026-09-23T08:45:23.2662941Z hint:
2026-09-23T08:45:23.2663489Z hint: 	git branch -m <name>
2026-09-23T08:45:23.2664062Z hint:
2026-09-23T08:45:23.2664843Z hint: Disable this message with "git config set advice.defaultBranchName false"
2026-09-23T08:45:23.2666138Z Initialized empty Git repository in /home/runner/work/log-generation/log-generation/.git/
2026-09-23T08:45:23.2668157Z [command]/usr/bin/git remote add origin https://github.com/DhruvHegde/log-generation
2026-09-23T08:45:23.2750866Z ##[endgroup]
2026-09-23T08:45:23.2751917Z ##[group]Disabling automatic garbage collection
2026-09-23T08:45:23.2753179Z [command]/usr/bin/git config --local gc.auto 0
2026-09-23T08:45:23.2840967Z ##[endgroup]
2026-09-23T08:45:23.2842280Z ##[group]Setting up auth
2026-09-23T08:45:23.2845464Z [command]/usr/bin/git config --local --name-only --get-regexp core\.sshCommand
2026-09-23T08:45:23.2874513Z [command]/usr/bin/git submodule foreach --recursive sh -c "git config --local --name-only --get-regexp 'core\.sshCommand' && git config --local --unset-all 'core.sshCommand' || :"
2026-09-23T08:45:23.4698120Z [command]/usr/bin/git config --local --name-only --get-regexp http\.https\:\/\/github\.com\/\.extraheader
2026-09-23T08:45:23.4727529Z [command]/usr/bin/git submodule foreach --recursive sh -c "git config --local --name-only --get-regexp 'http\.https\:\/\/github\.com\/\.extraheader' && git config --local --unset-all 'http.https://github.com/.extraheader' || :"
2026-09-23T08:45:23.4914404Z [command]/usr/bin/git config --local --name-only --get-regexp ^includeIf\.gitdir:
2026-09-23T08:45:23.4948685Z [command]/usr/bin/git submodule foreach --recursive git config --local --show-origin --name-only --get-regexp remote.origin.url
2026-09-23T08:45:23.5142670Z [command]/usr/bin/git config --local http.https://github.com/.extraheader AUTHORIZATION: basic ***
2026-09-23T08:45:23.5432306Z ##[endgroup]
2026-09-23T08:45:23.5442183Z ##[group]Fetching the repository
2026-09-23T08:45:23.5444813Z [command]/usr/bin/git -c protocol.version=2 fetch --no-tags --prune --no-recurse-submodules --depth=1 origin +dfcb6f158e4bd8054252a4da5d0a9edc2ab15d57:refs/remotes/origin/feature/f3-test-failures
2026-09-23T08:45:24.2972296Z From https://github.com/DhruvHegde/log-generation
2026-09-23T08:45:24.2973176Z  * [new ref]         dfcb6f158e4bd8054252a4da5d0a9edc2ab15d57 -> origin/feature/f3-test-failures
2026-09-23T08:45:24.2977463Z ##[endgroup]
2026-09-23T08:45:24.2978068Z ##[group]Determining the checkout info
2026-09-23T08:45:24.2980088Z ##[endgroup]
2026-09-23T08:45:24.2986835Z [command]/usr/bin/git sparse-checkout disable
2026-09-23T08:45:24.3042066Z [command]/usr/bin/git config --local --unset-all extensions.worktreeConfig
2026-09-23T08:45:24.3070424Z ##[group]Checking out the ref
2026-09-23T08:45:24.3078788Z [command]/usr/bin/git checkout --progress --force -B feature/f3-test-failures refs/remotes/origin/feature/f3-test-failures
2026-09-23T08:45:24.3169746Z Switched to a new branch 'feature/f3-test-failures'
2026-09-23T08:45:24.3174202Z branch 'feature/f3-test-failures' set up to track 'origin/feature/f3-test-failures'.
2026-09-23T08:45:24.3178432Z ##[endgroup]
2026-09-23T08:45:24.3211735Z [command]/usr/bin/git log -1 --format=%H
2026-09-23T08:45:24.3233397Z dfcb6f158e4bd8054252a4da5d0a9edc2ab15d57
2026-09-23T08:45:24.3427945Z Node 20 is being deprecated. This workflow is running with Node 24 by default. If you need to temporarily use Node 20, you can set the ACTIONS_ALLOW_USE_UNSECURE_NODE_VERSION=true environment variable. For more information see: https://github.blog/changelog/2025-09-19-deprecation-of-node-20-on-github-actions-runners/
2026-09-23T08:45:24.3429278Z ##[group]Run actions/setup-python@v5
2026-09-23T08:45:24.3429529Z with:
2026-09-23T08:45:24.3429754Z   python-version: 3.11
2026-09-23T08:45:24.3429984Z   check-latest: false
2026-09-23T08:45:24.3431649Z   token: ***
2026-09-23T08:45:24.3431866Z   update-environment: true
2026-09-23T08:45:24.3432108Z   allow-prereleases: false
2026-09-23T08:45:24.3432340Z   freethreaded: false
2026-09-23T08:45:24.3432564Z ##[endgroup]
2026-09-23T08:45:24.4295237Z ##[group]Installed versions
2026-09-23T08:45:24.4410795Z (node:2017) [DEP0040] DeprecationWarning: The `punycode` module is deprecated. Please use a userland alternative instead.
2026-09-23T08:45:24.4411593Z (Use `node --trace-deprecation ...` to show where the warning was created)
2026-09-23T08:45:24.4412107Z Successfully set up CPython (3.11.16)
2026-09-23T08:45:24.4412690Z ##[endgroup]
2026-09-23T08:45:24.4538707Z ##[group]Run pip install --no-cache-dir pytest
2026-09-23T08:45:24.4539074Z [36;1mpip install --no-cache-dir pytest[0m
2026-09-23T08:45:24.6093916Z shell: /usr/bin/bash -e {0}
2026-09-23T08:45:24.6094207Z env:
2026-09-23T08:45:24.6094486Z   pythonLocation: /opt/hostedtoolcache/Python/3.11.16/x64
2026-09-23T08:45:24.6094845Z   PKG_CONFIG_PATH: /opt/hostedtoolcache/Python/3.11.16/x64/lib/pkgconfig
2026-09-23T08:45:24.6095184Z   Python_ROOT_DIR: /opt/hostedtoolcache/Python/3.11.16/x64
2026-09-23T08:45:24.6150425Z   Python2_ROOT_DIR: /opt/hostedtoolcache/Python/3.11.16/x64
2026-09-23T08:45:24.6151027Z   Python3_ROOT_DIR: /opt/hostedtoolcache/Python/3.11.16/x64
2026-09-23T08:45:24.6151593Z   LD_LIBRARY_PATH: /opt/hostedtoolcache/Python/3.11.16/x64/lib
2026-09-23T08:45:24.6152051Z ##[endgroup]
2026-09-23T08:45:26.5898795Z Collecting pytest
2026-09-23T08:45:26.6479938Z   Downloading pytest-9.1.1-py3-none-any.whl.metadata (7.6 kB)
2026-09-23T08:45:26.6574784Z Collecting iniconfig>=1.0.1 (from pytest)
2026-09-23T08:45:26.6651565Z   Downloading iniconfig-2.3.0-py3-none-any.whl.metadata (2.5 kB)
2026-09-23T08:45:26.6768722Z Collecting packaging>=22 (from pytest)
2026-09-23T08:45:26.6833138Z   Downloading packaging-26.3-py3-none-any.whl.metadata (3.5 kB)
2026-09-23T08:45:26.6928930Z Collecting pluggy<2,>=1.5 (from pytest)
2026-09-23T08:45:26.7000446Z   Downloading pluggy-1.6.0-py3-none-any.whl.metadata (4.8 kB)
2026-09-23T08:45:26.7122638Z Collecting pygments>=2.7.2 (from pytest)
2026-09-23T08:45:26.7187692Z   Downloading pygments-2.21.0-py3-none-any.whl.metadata (2.5 kB)
2026-09-23T08:45:26.7268881Z Downloading pytest-9.1.1-py3-none-any.whl (386 kB)
2026-09-23T08:45:26.7544241Z Downloading pluggy-1.6.0-py3-none-any.whl (20 kB)
2026-09-23T08:45:26.7609003Z Downloading iniconfig-2.3.0-py3-none-any.whl (7.5 kB)
2026-09-23T08:45:26.7672578Z Downloading packaging-26.3-py3-none-any.whl (129 kB)
2026-09-23T08:45:26.7741085Z Downloading pygments-2.21.0-py3-none-any.whl (1.3 MB)
2026-09-23T08:45:26.7877602Z    ââââââââââââââââââââââââââââââââââââââââ 1.3/1.3 MB 91.4 MB/s  0:00:00
2026-09-23T08:45:27.0802711Z Installing collected packages: pygments, pluggy, packaging, iniconfig, pytest
2026-09-23T08:45:28.1772741Z 
2026-09-23T08:45:28.1779218Z Successfully installed iniconfig-2.3.0 packaging-26.3 pluggy-1.6.0 pygments-2.21.0 pytest-9.1.1
2026-09-23T08:45:28.2194525Z ##[group]Run python automation/inject_mutation.py --error-type "AssertionError"
2026-09-23T08:45:28.2194896Z [36;1mpython automation/inject_mutation.py --error-type "AssertionError"[0m
2026-09-23T08:45:28.2249196Z shell: /usr/bin/bash -e {0}
2026-09-23T08:45:28.2249345Z env:
2026-09-23T08:45:28.2249668Z   pythonLocation: /opt/hostedtoolcache/Python/3.11.16/x64
2026-09-23T08:45:28.2249919Z   PKG_CONFIG_PATH: /opt/hostedtoolcache/Python/3.11.16/x64/lib/pkgconfig
2026-09-23T08:45:28.2250161Z   Python_ROOT_DIR: /opt/hostedtoolcache/Python/3.11.16/x64
2026-09-23T08:45:28.2250378Z   Python2_ROOT_DIR: /opt/hostedtoolcache/Python/3.11.16/x64
2026-09-23T08:45:28.2250789Z   Python3_ROOT_DIR: /opt/hostedtoolcache/Python/3.11.16/x64
2026-09-23T08:45:28.2251041Z   LD_LIBRARY_PATH: /opt/hostedtoolcache/Python/3.11.16/x64/lib
2026-09-23T08:45:28.2251260Z ##[endgroup]
2026-09-23T08:45:28.2483200Z [Mutation Injected] Successfully injected AssertionError into tests/test_app.py
2026-09-23T08:45:28.2531965Z ##[group]Run pytest tests/test_app.py -v
2026-09-23T08:45:28.2532169Z [36;1mpytest tests/test_app.py -v[0m
2026-09-23T08:45:28.2578616Z shell: /usr/bin/bash -e {0}
2026-09-23T08:45:28.2578761Z env:
2026-09-23T08:45:28.2578917Z   pythonLocation: /opt/hostedtoolcache/Python/3.11.16/x64
2026-09-23T08:45:28.2579163Z   PKG_CONFIG_PATH: /opt/hostedtoolcache/Python/3.11.16/x64/lib/pkgconfig
2026-09-23T08:45:28.2579417Z   Python_ROOT_DIR: /opt/hostedtoolcache/Python/3.11.16/x64
2026-09-23T08:45:28.2579636Z   Python2_ROOT_DIR: /opt/hostedtoolcache/Python/3.11.16/x64
2026-09-23T08:45:28.2579853Z   Python3_ROOT_DIR: /opt/hostedtoolcache/Python/3.11.16/x64
2026-09-23T08:45:28.2580073Z   LD_LIBRARY_PATH: /opt/hostedtoolcache/Python/3.11.16/x64/lib
2026-09-23T08:45:28.2580259Z ##[endgroup]
2026-09-23T08:45:29.1158858Z ============================= test session starts ==============================
2026-09-23T08:45:29.1159503Z platform linux -- Python 3.11.16, pytest-9.1.1, pluggy-1.6.0 -- /opt/hostedtoolcache/Python/3.11.16/x64/bin/python
2026-09-23T08:45:29.1160831Z cachedir: .pytest_cache
2026-09-23T08:45:29.1161138Z rootdir: /home/runner/work/log-generation/log-generation
2026-09-23T08:45:29.1161406Z configfile: pytest.ini
2026-09-23T08:45:29.1218059Z collecting ... collected 6 items
2026-09-23T08:45:29.1220877Z 
2026-09-23T08:45:29.1231425Z tests/test_app.py::test_calculate_division PASSED                        [ 16%]
2026-09-23T08:45:29.1251269Z tests/test_app.py::test_convert_to_int PASSED                            [ 33%]
2026-09-23T08:45:29.1271578Z tests/test_app.py::test_get_list_item PASSED                             [ 50%]
2026-09-23T08:45:29.1272094Z tests/test_app.py::test_get_dict_value PASSED                            [ 66%]
2026-09-23T08:45:29.1272655Z tests/test_app.py::test_assert_positive PASSED                           [ 83%]
2026-09-23T08:45:29.1513046Z tests/test_app.py::test_assertion_failure FAILED                         [100%]
2026-09-23T08:45:29.1513305Z 
2026-09-23T08:45:29.1513587Z =================================== FAILURES ===================================
2026-09-23T08:45:29.1513862Z ____________________________ test_assertion_failure ____________________________
2026-09-23T08:45:29.1514077Z 
2026-09-23T08:45:29.1514181Z     def test_assertion_failure():
2026-09-23T08:45:29.1514510Z         """Injected synthetic AssertionError."""
2026-09-23T08:45:29.1514864Z         expected_status = 200
2026-09-23T08:45:29.1515122Z         actual_status = 500
2026-09-23T08:45:29.1515549Z >       assert actual_status == expected_status, f"Expected {expected_status}, received {actual_status}"
2026-09-23T08:45:29.1515950Z E       AssertionError: Expected 200, received 500
2026-09-23T08:45:29.1516269Z E       assert 500 == 200
2026-09-23T08:45:29.1516407Z 
2026-09-23T08:45:29.1516560Z tests/test_app.py:138: AssertionError
2026-09-23T08:45:29.1516899Z =========================== short test summary info ============================
2026-09-23T08:45:29.1517418Z FAILED tests/test_app.py::test_assertion_failure - AssertionError: Expected 200, received 500
2026-09-23T08:45:29.1517772Z assert 500 == 200
2026-09-23T08:45:29.1518021Z ========================= 1 failed, 5 passed in 0.03s ==========================
2026-09-23T08:45:29.1698110Z ##[error]Process completed with exit code 1.
2026-09-23T08:45:29.1787589Z Node 20 is being deprecated. This workflow is running with Node 24 by default. If you need to temporarily use Node 20, you can set the ACTIONS_ALLOW_USE_UNSECURE_NODE_VERSION=true environment variable. For more information see: https://github.blog/changelog/2025-09-19-deprecation-of-node-20-on-github-actions-runners/
2026-09-23T08:45:29.1788373Z Post job cleanup.
2026-09-23T08:45:29.2352155Z [command]/usr/bin/git version
2026-09-23T08:45:29.2386461Z git version 2.55.0
2026-09-23T08:45:29.2415159Z Temporarily overriding HOME='/home/runner/work/_temp/590c71f4-be76-4b1d-929c-78a026c0a797' before making global git config changes
2026-09-23T08:45:29.2415907Z Adding repository directory to the temporary git global config as a safe directory
2026-09-23T08:45:29.2419334Z [command]/usr/bin/git config --global --add safe.directory /home/runner/work/log-generation/log-generation
2026-09-23T08:45:29.3219081Z [command]/usr/bin/git config --local --name-only --get-regexp core\.sshCommand
2026-09-23T08:45:29.3254146Z [command]/usr/bin/git submodule foreach --recursive sh -c "git config --local --name-only --get-regexp 'core\.sshCommand' && git config --local --unset-all 'core.sshCommand' || :"
2026-09-23T08:45:29.3438515Z [command]/usr/bin/git config --local --name-only --get-regexp http\.https\:\/\/github\.com\/\.extraheader
2026-09-23T08:45:29.3462994Z http.https://github.com/.extraheader
2026-09-23T08:45:29.3470465Z [command]/usr/bin/git config --local --unset-all http.https://github.com/.extraheader
2026-09-23T08:45:29.4260163Z [command]/usr/bin/git submodule foreach --recursive sh -c "git config --local --name-only --get-regexp 'http\.https\:\/\/github\.com\/\.extraheader' && git config --local --unset-all 'http.https://github.com/.extraheader' || :"
2026-09-23T08:45:29.4454207Z [command]/usr/bin/git config --local --name-only --get-regexp ^includeIf\.gitdir:
2026-09-23T08:45:29.4483672Z [command]/usr/bin/git submodule foreach --recursive git config --local --show-origin --name-only --get-regexp remote.origin.url
2026-09-23T08:45:29.4835118Z Cleaning up orphan processes
2026-09-23T08:45:29.5035001Z ##[warning]Node.js 20 is deprecated. The following actions target Node.js 20 but are being forced to run on Node.js 24: actions/checkout@v4, actions/setup-python@v5. For more information see: https://github.blog/changelog/2025-09-19-deprecation-of-node-20-on-github-actions-runners/
