ï»¿2026-09-23T08:45:09.8957659Z Current runner version: '2.337.0'
2026-09-23T08:45:09.8985905Z ##[group]Runner Image Provisioner
2026-09-23T08:45:09.8986748Z Hosted Compute Agent
2026-09-23T08:45:09.8987435Z Version: 20260828.587
2026-09-23T08:45:09.8988106Z Commit: abac92662cab4cc7352de4f9f9d2e2419aad9c29
2026-09-23T08:45:09.8988893Z Build Date: 2026-08-28T16:44:25Z
2026-09-23T08:45:09.8989631Z Worker ID: {7542fddd-53e7-499d-99e8-f9a86a56841b}
2026-09-23T08:45:09.8990351Z Azure Region: canadaeast
2026-09-23T08:45:09.8991043Z ##[endgroup]
2026-09-23T08:45:09.8992547Z ##[group]Operating System
2026-09-23T08:45:09.8993649Z Ubuntu
2026-09-23T08:45:09.8994235Z 24.04.5
2026-09-23T08:45:09.8994780Z LTS
2026-09-23T08:45:09.8995784Z ##[endgroup]
2026-09-23T08:45:09.8996366Z ##[group]Runner Image
2026-09-23T08:45:09.8996959Z Image: ubuntu-24.04
2026-09-23T08:45:09.8997616Z Version: 20260907.300.1
2026-09-23T08:45:09.8998878Z Included Software: https://github.com/actions/runner-images/blob/ubuntu24/20260907.300/images/ubuntu/Ubuntu2404-Readme.md
2026-09-23T08:45:09.9000642Z Image Release: https://github.com/actions/runner-images/releases/tag/ubuntu24%2F20260907.300
2026-09-23T08:45:09.9001827Z ##[endgroup]
2026-09-23T08:45:09.9003492Z ##[group]GITHUB_TOKEN Permissions
2026-09-23T08:45:09.9005893Z Contents: read
2026-09-23T08:45:09.9006643Z Metadata: read
2026-09-23T08:45:09.9007221Z Packages: read
2026-09-23T08:45:09.9007941Z ##[endgroup]
2026-09-23T08:45:09.9010303Z Secret source: Actions
2026-09-23T08:45:09.9011346Z Cache mode: write
2026-09-23T08:45:09.9012430Z Prepare workflow directory
2026-09-23T08:45:09.9372056Z Prepare all required actions
2026-09-23T08:45:09.9422547Z Getting action download info
2026-09-23T08:45:10.2344757Z Download action repository 'actions/checkout@v4' (SHA:11d5960a326750d5838078e36cf38b85af677262)
2026-09-23T08:45:10.3542028Z Download action repository 'actions/setup-python@v5' (SHA:a26af69be951a213d495a4c3e4e4022e16d87065)
2026-09-23T08:45:10.5491811Z Complete job name: test-f3 (ZeroDivisionError #155)
2026-09-23T08:45:10.6411583Z Node 20 is being deprecated. This workflow is running with Node 24 by default. If you need to temporarily use Node 20, you can set the ACTIONS_ALLOW_USE_UNSECURE_NODE_VERSION=true environment variable. For more information see: https://github.blog/changelog/2025-09-19-deprecation-of-node-20-on-github-actions-runners/
2026-09-23T08:45:10.6420998Z ##[group]Run actions/checkout@v4
2026-09-23T08:45:10.6421751Z with:
2026-09-23T08:45:10.6422196Z   fetch-depth: 1
2026-09-23T08:45:10.6422671Z   repository: DhruvHegde/log-generation
2026-09-23T08:45:10.6427245Z   token: ***
2026-09-23T08:45:10.6427723Z   ssh-strict: true
2026-09-23T08:45:10.6428179Z   ssh-user: git
2026-09-23T08:45:10.6428634Z   persist-credentials: true
2026-09-23T08:45:10.6429136Z   clean: true
2026-09-23T08:45:10.6429588Z   sparse-checkout-cone-mode: true
2026-09-23T08:45:10.6430120Z   fetch-tags: false
2026-09-23T08:45:10.6430566Z   show-progress: true
2026-09-23T08:45:10.6431018Z   lfs: false
2026-09-23T08:45:10.6431486Z   submodules: false
2026-09-23T08:45:10.6431953Z   set-safe-directory: true
2026-09-23T08:45:10.6432461Z   allow-unsafe-pr-checkout: false
2026-09-23T08:45:10.6433470Z ##[endgroup]
2026-09-23T08:45:10.7510786Z Syncing repository: DhruvHegde/log-generation
2026-09-23T08:45:10.7514013Z ##[group]Getting Git version info
2026-09-23T08:45:10.7515450Z Working directory is '/home/runner/work/log-generation/log-generation'
2026-09-23T08:45:10.7517333Z [command]/usr/bin/git version
2026-09-23T08:45:10.7569816Z git version 2.55.0
2026-09-23T08:45:10.7602556Z ##[endgroup]
2026-09-23T08:45:10.7610950Z Temporarily overriding HOME='/home/runner/work/_temp/60e90f53-012a-4386-a18e-5d6100355a4e' before making global git config changes
2026-09-23T08:45:10.7616210Z Adding repository directory to the temporary git global config as a safe directory
2026-09-23T08:45:10.7618256Z [command]/usr/bin/git config --global --add safe.directory /home/runner/work/log-generation/log-generation
2026-09-23T08:45:10.7684207Z Deleting the contents of '/home/runner/work/log-generation/log-generation'
2026-09-23T08:45:10.7686519Z ##[group]Initializing the repository
2026-09-23T08:45:10.7687307Z [command]/usr/bin/git init /home/runner/work/log-generation/log-generation
2026-09-23T08:45:10.7803375Z hint: Using 'master' as the name for the initial branch. This default branch name
2026-09-23T08:45:10.7805162Z hint: will change to "main" in Git 3.0. To configure the initial branch name
2026-09-23T08:45:10.7806771Z hint: to use in all of your new repositories, which will suppress this warning,
2026-09-23T08:45:10.7808483Z hint: call:
2026-09-23T08:45:10.7809268Z hint:
2026-09-23T08:45:10.7810145Z hint: 	git config --global init.defaultBranch <name>
2026-09-23T08:45:10.7811231Z hint:
2026-09-23T08:45:10.7812244Z hint: Names commonly chosen instead of 'master' are 'main', 'trunk' and
2026-09-23T08:45:10.7814129Z hint: 'development'. The just-created branch can be renamed via this command:
2026-09-23T08:45:10.7815424Z hint:
2026-09-23T08:45:10.7816215Z hint: 	git branch -m <name>
2026-09-23T08:45:10.7817082Z hint:
2026-09-23T08:45:10.7818308Z hint: Disable this message with "git config set advice.defaultBranchName false"
2026-09-23T08:45:10.7820437Z Initialized empty Git repository in /home/runner/work/log-generation/log-generation/.git/
2026-09-23T08:45:10.7823842Z [command]/usr/bin/git remote add origin https://github.com/DhruvHegde/log-generation
2026-09-23T08:45:10.7874686Z ##[endgroup]
2026-09-23T08:45:10.7876047Z ##[group]Disabling automatic garbage collection
2026-09-23T08:45:10.7880172Z [command]/usr/bin/git config --local gc.auto 0
2026-09-23T08:45:10.7915580Z ##[endgroup]
2026-09-23T08:45:10.7916942Z ##[group]Setting up auth
2026-09-23T08:45:10.7923928Z [command]/usr/bin/git config --local --name-only --get-regexp core\.sshCommand
2026-09-23T08:45:10.7962343Z [command]/usr/bin/git submodule foreach --recursive sh -c "git config --local --name-only --get-regexp 'core\.sshCommand' && git config --local --unset-all 'core.sshCommand' || :"
2026-09-23T08:45:10.8383989Z [command]/usr/bin/git config --local --name-only --get-regexp http\.https\:\/\/github\.com\/\.extraheader
2026-09-23T08:45:10.8423999Z [command]/usr/bin/git submodule foreach --recursive sh -c "git config --local --name-only --get-regexp 'http\.https\:\/\/github\.com\/\.extraheader' && git config --local --unset-all 'http.https://github.com/.extraheader' || :"
2026-09-23T08:45:10.8664606Z [command]/usr/bin/git config --local --name-only --get-regexp ^includeIf\.gitdir:
2026-09-23T08:45:10.8718280Z [command]/usr/bin/git submodule foreach --recursive git config --local --show-origin --name-only --get-regexp remote.origin.url
2026-09-23T08:45:10.8959584Z [command]/usr/bin/git config --local http.https://github.com/.extraheader AUTHORIZATION: basic ***
2026-09-23T08:45:10.9000960Z ##[endgroup]
2026-09-23T08:45:10.9001801Z ##[group]Fetching the repository
2026-09-23T08:45:10.9012253Z [command]/usr/bin/git -c protocol.version=2 fetch --no-tags --prune --no-recurse-submodules --depth=1 origin +dfcb6f158e4bd8054252a4da5d0a9edc2ab15d57:refs/remotes/origin/feature/f3-test-failures
2026-09-23T08:45:11.2383662Z From https://github.com/DhruvHegde/log-generation
2026-09-23T08:45:11.2385869Z  * [new ref]         dfcb6f158e4bd8054252a4da5d0a9edc2ab15d57 -> origin/feature/f3-test-failures
2026-09-23T08:45:11.2389398Z ##[endgroup]
2026-09-23T08:45:11.2390768Z ##[group]Determining the checkout info
2026-09-23T08:45:11.2393138Z ##[endgroup]
2026-09-23T08:45:11.2399976Z [command]/usr/bin/git sparse-checkout disable
2026-09-23T08:45:11.2458129Z [command]/usr/bin/git config --local --unset-all extensions.worktreeConfig
2026-09-23T08:45:11.2494550Z ##[group]Checking out the ref
2026-09-23T08:45:11.2500791Z [command]/usr/bin/git checkout --progress --force -B feature/f3-test-failures refs/remotes/origin/feature/f3-test-failures
2026-09-23T08:45:11.2593296Z Switched to a new branch 'feature/f3-test-failures'
2026-09-23T08:45:11.2598655Z branch 'feature/f3-test-failures' set up to track 'origin/feature/f3-test-failures'.
2026-09-23T08:45:11.2604964Z ##[endgroup]
2026-09-23T08:45:11.2651196Z [command]/usr/bin/git log -1 --format=%H
2026-09-23T08:45:11.2681824Z dfcb6f158e4bd8054252a4da5d0a9edc2ab15d57
2026-09-23T08:45:11.2971453Z Node 20 is being deprecated. This workflow is running with Node 24 by default. If you need to temporarily use Node 20, you can set the ACTIONS_ALLOW_USE_UNSECURE_NODE_VERSION=true environment variable. For more information see: https://github.blog/changelog/2025-09-19-deprecation-of-node-20-on-github-actions-runners/
2026-09-23T08:45:11.2974564Z ##[group]Run actions/setup-python@v5
2026-09-23T08:45:11.2975104Z with:
2026-09-23T08:45:11.2975511Z   python-version: 3.11
2026-09-23T08:45:11.2975975Z   check-latest: false
2026-09-23T08:45:11.2980090Z   token: ***
2026-09-23T08:45:11.2980527Z   update-environment: true
2026-09-23T08:45:11.2981028Z   allow-prereleases: false
2026-09-23T08:45:11.2981513Z   freethreaded: false
2026-09-23T08:45:11.2981973Z ##[endgroup]
2026-09-23T08:45:11.4398356Z ##[group]Installed versions
2026-09-23T08:45:11.4495019Z (node:2242) [DEP0040] DeprecationWarning: The `punycode` module is deprecated. Please use a userland alternative instead.
2026-09-23T08:45:11.4497686Z (Use `node --trace-deprecation ...` to show where the warning was created)
2026-09-23T08:45:11.4499114Z Successfully set up CPython (3.11.16)
2026-09-23T08:45:11.4500662Z ##[endgroup]
2026-09-23T08:45:11.4828592Z ##[group]Run pip install --no-cache-dir pytest
2026-09-23T08:45:11.4830039Z [36;1mpip install --no-cache-dir pytest[0m
2026-09-23T08:45:11.4909059Z shell: /usr/bin/bash -e {0}
2026-09-23T08:45:11.4910141Z env:
2026-09-23T08:45:11.4911104Z   pythonLocation: /opt/hostedtoolcache/Python/3.11.16/x64
2026-09-23T08:45:11.4912748Z   PKG_CONFIG_PATH: /opt/hostedtoolcache/Python/3.11.16/x64/lib/pkgconfig
2026-09-23T08:45:11.4914684Z   Python_ROOT_DIR: /opt/hostedtoolcache/Python/3.11.16/x64
2026-09-23T08:45:11.4916164Z   Python2_ROOT_DIR: /opt/hostedtoolcache/Python/3.11.16/x64
2026-09-23T08:45:11.4917679Z   Python3_ROOT_DIR: /opt/hostedtoolcache/Python/3.11.16/x64
2026-09-23T08:45:11.4919275Z   LD_LIBRARY_PATH: /opt/hostedtoolcache/Python/3.11.16/x64/lib
2026-09-23T08:45:11.4920247Z ##[endgroup]
2026-09-23T08:45:13.9639208Z Collecting pytest
2026-09-23T08:45:14.0231159Z   Downloading pytest-9.1.1-py3-none-any.whl.metadata (7.6 kB)
2026-09-23T08:45:14.0343852Z Collecting iniconfig>=1.0.1 (from pytest)
2026-09-23T08:45:14.0407273Z   Downloading iniconfig-2.3.0-py3-none-any.whl.metadata (2.5 kB)
2026-09-23T08:45:14.0545713Z Collecting packaging>=22 (from pytest)
2026-09-23T08:45:14.0611781Z   Downloading packaging-26.3-py3-none-any.whl.metadata (3.5 kB)
2026-09-23T08:45:14.0723729Z Collecting pluggy<2,>=1.5 (from pytest)
2026-09-23T08:45:14.0783471Z   Downloading pluggy-1.6.0-py3-none-any.whl.metadata (4.8 kB)
2026-09-23T08:45:14.0957684Z Collecting pygments>=2.7.2 (from pytest)
2026-09-23T08:45:14.1024604Z   Downloading pygments-2.21.0-py3-none-any.whl.metadata (2.5 kB)
2026-09-23T08:45:14.1114175Z Downloading pytest-9.1.1-py3-none-any.whl (386 kB)
2026-09-23T08:45:14.1442729Z Downloading pluggy-1.6.0-py3-none-any.whl (20 kB)
2026-09-23T08:45:14.1504139Z Downloading iniconfig-2.3.0-py3-none-any.whl (7.5 kB)
2026-09-23T08:45:14.1570402Z Downloading packaging-26.3-py3-none-any.whl (129 kB)
2026-09-23T08:45:14.1676013Z Downloading pygments-2.21.0-py3-none-any.whl (1.3 MB)
2026-09-23T08:45:14.2092087Z    ââââââââââââââââââââââââââââââââââââââââ 1.3/1.3 MB 34.1 MB/s  0:00:00
2026-09-23T08:45:14.3745605Z Installing collected packages: pygments, pluggy, packaging, iniconfig, pytest
2026-09-23T08:45:15.3999254Z 
2026-09-23T08:45:15.4017806Z Successfully installed iniconfig-2.3.0 packaging-26.3 pluggy-1.6.0 pygments-2.21.0 pytest-9.1.1
2026-09-23T08:45:15.4622818Z ##[group]Run python automation/inject_mutation.py --error-type "ZeroDivisionError"
2026-09-23T08:45:15.4623911Z [36;1mpython automation/inject_mutation.py --error-type "ZeroDivisionError"[0m
2026-09-23T08:45:15.4662363Z shell: /usr/bin/bash -e {0}
2026-09-23T08:45:15.4662636Z env:
2026-09-23T08:45:15.4663302Z   pythonLocation: /opt/hostedtoolcache/Python/3.11.16/x64
2026-09-23T08:45:15.4663742Z   PKG_CONFIG_PATH: /opt/hostedtoolcache/Python/3.11.16/x64/lib/pkgconfig
2026-09-23T08:45:15.4664188Z   Python_ROOT_DIR: /opt/hostedtoolcache/Python/3.11.16/x64
2026-09-23T08:45:15.4664575Z   Python2_ROOT_DIR: /opt/hostedtoolcache/Python/3.11.16/x64
2026-09-23T08:45:15.4664990Z   Python3_ROOT_DIR: /opt/hostedtoolcache/Python/3.11.16/x64
2026-09-23T08:45:15.4665381Z   LD_LIBRARY_PATH: /opt/hostedtoolcache/Python/3.11.16/x64/lib
2026-09-23T08:45:15.4665706Z ##[endgroup]
2026-09-23T08:45:15.4970623Z [Mutation Injected] Successfully injected ZeroDivisionError into tests/test_app.py
2026-09-23T08:45:15.5047700Z ##[group]Run pytest tests/test_app.py -v
2026-09-23T08:45:15.5048072Z [36;1mpytest tests/test_app.py -v[0m
2026-09-23T08:45:15.5086918Z shell: /usr/bin/bash -e {0}
2026-09-23T08:45:15.5087172Z env:
2026-09-23T08:45:15.5087444Z   pythonLocation: /opt/hostedtoolcache/Python/3.11.16/x64
2026-09-23T08:45:15.5087899Z   PKG_CONFIG_PATH: /opt/hostedtoolcache/Python/3.11.16/x64/lib/pkgconfig
2026-09-23T08:45:15.5088325Z   Python_ROOT_DIR: /opt/hostedtoolcache/Python/3.11.16/x64
2026-09-23T08:45:15.5088709Z   Python2_ROOT_DIR: /opt/hostedtoolcache/Python/3.11.16/x64
2026-09-23T08:45:15.5089085Z   Python3_ROOT_DIR: /opt/hostedtoolcache/Python/3.11.16/x64
2026-09-23T08:45:15.5089471Z   LD_LIBRARY_PATH: /opt/hostedtoolcache/Python/3.11.16/x64/lib
2026-09-23T08:45:15.5089805Z ##[endgroup]
2026-09-23T08:45:15.8804894Z ============================= test session starts ==============================
2026-09-23T08:45:15.8806385Z platform linux -- Python 3.11.16, pytest-9.1.1, pluggy-1.6.0 -- /opt/hostedtoolcache/Python/3.11.16/x64/bin/python
2026-09-23T08:45:15.8807334Z cachedir: .pytest_cache
2026-09-23T08:45:15.8807867Z rootdir: /home/runner/work/log-generation/log-generation
2026-09-23T08:45:15.8808510Z configfile: pytest.ini
2026-09-23T08:45:15.8905714Z collecting ... collected 6 items
2026-09-23T08:45:15.8906153Z 
2026-09-23T08:45:15.8916278Z tests/test_app.py::test_calculate_division PASSED                        [ 16%]
2026-09-23T08:45:15.8924338Z tests/test_app.py::test_convert_to_int PASSED                            [ 33%]
2026-09-23T08:45:15.8933829Z tests/test_app.py::test_get_list_item PASSED                             [ 50%]
2026-09-23T08:45:15.8941493Z tests/test_app.py::test_get_dict_value PASSED                            [ 66%]
2026-09-23T08:45:15.8949349Z tests/test_app.py::test_assert_positive PASSED                           [ 83%]
2026-09-23T08:45:15.9304637Z tests/test_app.py::test_zero_division_error FAILED                       [100%]
2026-09-23T08:45:15.9305385Z 
2026-09-23T08:45:15.9305704Z =================================== FAILURES ===================================
2026-09-23T08:45:15.9306504Z ___________________________ test_zero_division_error ___________________________
2026-09-23T08:45:15.9307019Z 
2026-09-23T08:45:15.9307205Z     def test_zero_division_error():
2026-09-23T08:45:15.9307811Z         """Injected synthetic ZeroDivisionError."""
2026-09-23T08:45:15.9308421Z         from src.app import calculate_division
2026-09-23T08:45:15.9309004Z >       calculate_division(42, 0)
2026-09-23T08:45:15.9309298Z 
2026-09-23T08:45:15.9309476Z tests/test_app.py:137: 
2026-09-23T08:45:15.9309979Z _ _ _ _ _ _ _ _ _ _ _ _ _ _ _ _ _ _ _ _ _ _ _ _ _ _ _ _ _ _ _ _ _ _ _ _ _ _ _ _ 
2026-09-23T08:45:15.9310463Z 
2026-09-23T08:45:15.9310607Z a = 42, b = 0
2026-09-23T08:45:15.9310815Z 
2026-09-23T08:45:15.9310995Z     def calculate_division(a, b):
2026-09-23T08:45:15.9311448Z >       return a / b
2026-09-23T08:45:15.9311829Z                ^^^^^
2026-09-23T08:45:15.9312263Z E       ZeroDivisionError: division by zero
2026-09-23T08:45:15.9312626Z 
2026-09-23T08:45:15.9312825Z src/app.py:2: ZeroDivisionError
2026-09-23T08:45:15.9313722Z =========================== short test summary info ============================
2026-09-23T08:45:15.9314700Z FAILED tests/test_app.py::test_zero_division_error - ZeroDivisionError: division by zero
2026-09-23T08:45:15.9316082Z ========================= 1 failed, 5 passed in 0.04s ==========================
2026-09-23T08:45:15.9541244Z ##[error]Process completed with exit code 1.
2026-09-23T08:45:15.9685951Z Node 20 is being deprecated. This workflow is running with Node 24 by default. If you need to temporarily use Node 20, you can set the ACTIONS_ALLOW_USE_UNSECURE_NODE_VERSION=true environment variable. For more information see: https://github.blog/changelog/2025-09-19-deprecation-of-node-20-on-github-actions-runners/
2026-09-23T08:45:15.9687217Z Post job cleanup.
2026-09-23T08:45:16.0625514Z [command]/usr/bin/git version
2026-09-23T08:45:16.0675871Z git version 2.55.0
2026-09-23T08:45:16.0722311Z Temporarily overriding HOME='/home/runner/work/_temp/fbc5d6bc-2bb8-4525-960c-4ba3356625ee' before making global git config changes
2026-09-23T08:45:16.0724161Z Adding repository directory to the temporary git global config as a safe directory
2026-09-23T08:45:16.0729933Z [command]/usr/bin/git config --global --add safe.directory /home/runner/work/log-generation/log-generation
2026-09-23T08:45:16.0780581Z [command]/usr/bin/git config --local --name-only --get-regexp core\.sshCommand
2026-09-23T08:45:16.0820279Z [command]/usr/bin/git submodule foreach --recursive sh -c "git config --local --name-only --get-regexp 'core\.sshCommand' && git config --local --unset-all 'core.sshCommand' || :"
2026-09-23T08:45:16.1097172Z [command]/usr/bin/git config --local --name-only --get-regexp http\.https\:\/\/github\.com\/\.extraheader
2026-09-23T08:45:16.1126991Z http.https://github.com/.extraheader
2026-09-23T08:45:16.1140427Z [command]/usr/bin/git config --local --unset-all http.https://github.com/.extraheader
2026-09-23T08:45:16.1176529Z [command]/usr/bin/git submodule foreach --recursive sh -c "git config --local --name-only --get-regexp 'http\.https\:\/\/github\.com\/\.extraheader' && git config --local --unset-all 'http.https://github.com/.extraheader' || :"
2026-09-23T08:45:16.1468564Z [command]/usr/bin/git config --local --name-only --get-regexp ^includeIf\.gitdir:
2026-09-23T08:45:16.1511021Z [command]/usr/bin/git submodule foreach --recursive git config --local --show-origin --name-only --get-regexp remote.origin.url
2026-09-23T08:45:16.1950612Z Cleaning up orphan processes
2026-09-23T08:45:16.2295204Z ##[warning]Node.js 20 is deprecated. The following actions target Node.js 20 but are being forced to run on Node.js 24: actions/checkout@v4, actions/setup-python@v5. For more information see: https://github.blog/changelog/2025-09-19-deprecation-of-node-20-on-github-actions-runners/
