ï»¿2026-09-23T08:44:32.3842971Z Current runner version: '2.337.0'
2026-09-23T08:44:32.3862937Z ##[group]Runner Image Provisioner
2026-09-23T08:44:32.3863659Z Hosted Compute Agent
2026-09-23T08:44:32.3864146Z Version: 20260828.587
2026-09-23T08:44:32.3864757Z Commit: abac92662cab4cc7352de4f9f9d2e2419aad9c29
2026-09-23T08:44:32.3865242Z Build Date: 2026-08-28T16:44:25Z
2026-09-23T08:44:32.3865721Z Worker ID: {f3d50428-997d-4de6-911c-b782ed9de357}
2026-09-23T08:44:32.3866158Z Azure Region: centralus
2026-09-23T08:44:32.3866541Z ##[endgroup]
2026-09-23T08:44:32.3867613Z ##[group]Operating System
2026-09-23T08:44:32.3867981Z Ubuntu
2026-09-23T08:44:32.3868289Z 24.04.5
2026-09-23T08:44:32.3868649Z LTS
2026-09-23T08:44:32.3868993Z ##[endgroup]
2026-09-23T08:44:32.3869593Z ##[group]Runner Image
2026-09-23T08:44:32.3869961Z Image: ubuntu-24.04
2026-09-23T08:44:32.3870323Z Version: 20260907.300.1
2026-09-23T08:44:32.3871279Z Included Software: https://github.com/actions/runner-images/blob/ubuntu24/20260907.300/images/ubuntu/Ubuntu2404-Readme.md
2026-09-23T08:44:32.3872220Z Image Release: https://github.com/actions/runner-images/releases/tag/ubuntu24%2F20260907.300
2026-09-23T08:44:32.3872798Z ##[endgroup]
2026-09-23T08:44:32.3873543Z ##[group]GITHUB_TOKEN Permissions
2026-09-23T08:44:32.3874980Z Contents: read
2026-09-23T08:44:32.3875315Z Metadata: read
2026-09-23T08:44:32.3875712Z Packages: read
2026-09-23T08:44:32.3876053Z ##[endgroup]
2026-09-23T08:44:32.3877464Z Secret source: Actions
2026-09-23T08:44:32.3878070Z Cache mode: write
2026-09-23T08:44:32.3878708Z Prepare workflow directory
2026-09-23T08:44:32.4125207Z Prepare all required actions
2026-09-23T08:44:32.4159165Z Getting action download info
2026-09-23T08:44:32.6418594Z Download action repository 'actions/checkout@v4' (SHA:11d5960a326750d5838078e36cf38b85af677262)
2026-09-23T08:44:33.0431567Z Download action repository 'actions/setup-python@v5' (SHA:a26af69be951a213d495a4c3e4e4022e16d87065)
2026-09-23T08:44:33.3402965Z Complete job name: test-f3 (ValueError #85)
2026-09-23T08:44:33.3899066Z Node 20 is being deprecated. This workflow is running with Node 24 by default. If you need to temporarily use Node 20, you can set the ACTIONS_ALLOW_USE_UNSECURE_NODE_VERSION=true environment variable. For more information see: https://github.blog/changelog/2025-09-19-deprecation-of-node-20-on-github-actions-runners/
2026-09-23T08:44:33.3904573Z ##[group]Run actions/checkout@v4
2026-09-23T08:44:33.3904934Z with:
2026-09-23T08:44:33.3905166Z   fetch-depth: 1
2026-09-23T08:44:33.3905431Z   repository: DhruvHegde/log-generation
2026-09-23T08:44:33.3907470Z   token: ***
2026-09-23T08:44:33.3907702Z   ssh-strict: true
2026-09-23T08:44:33.3907940Z   ssh-user: git
2026-09-23T08:44:33.3908186Z   persist-credentials: true
2026-09-23T08:44:33.3908452Z   clean: true
2026-09-23T08:44:33.3908700Z   sparse-checkout-cone-mode: true
2026-09-23T08:44:33.3908989Z   fetch-tags: false
2026-09-23T08:44:33.3909235Z   show-progress: true
2026-09-23T08:44:33.3909506Z   lfs: false
2026-09-23T08:44:33.3909781Z   submodules: false
2026-09-23T08:44:33.3910038Z   set-safe-directory: true
2026-09-23T08:44:33.3910318Z   allow-unsafe-pr-checkout: false
2026-09-23T08:44:33.3910669Z ##[endgroup]
2026-09-23T08:44:33.4599865Z Syncing repository: DhruvHegde/log-generation
2026-09-23T08:44:33.4601566Z ##[group]Getting Git version info
2026-09-23T08:44:33.4602006Z Working directory is '/home/runner/work/log-generation/log-generation'
2026-09-23T08:44:33.4602596Z [command]/usr/bin/git version
2026-09-23T08:44:33.4678223Z git version 2.55.0
2026-09-23T08:44:33.4691994Z ##[endgroup]
2026-09-23T08:44:33.4702931Z Temporarily overriding HOME='/home/runner/work/_temp/7a661cea-b805-4df7-b85e-3f8c64c02744' before making global git config changes
2026-09-23T08:44:33.4704088Z Adding repository directory to the temporary git global config as a safe directory
2026-09-23T08:44:33.4706876Z [command]/usr/bin/git config --global --add safe.directory /home/runner/work/log-generation/log-generation
2026-09-23T08:44:33.4752708Z Deleting the contents of '/home/runner/work/log-generation/log-generation'
2026-09-23T08:44:33.4755835Z ##[group]Initializing the repository
2026-09-23T08:44:33.4758612Z [command]/usr/bin/git init /home/runner/work/log-generation/log-generation
2026-09-23T08:44:33.4859997Z hint: Using 'master' as the name for the initial branch. This default branch name
2026-09-23T08:44:33.4861176Z hint: will change to "main" in Git 3.0. To configure the initial branch name
2026-09-23T08:44:33.4862078Z hint: to use in all of your new repositories, which will suppress this warning,
2026-09-23T08:44:33.4863170Z hint: call:
2026-09-23T08:44:33.4863549Z hint:
2026-09-23T08:44:33.4864044Z hint: 	git config --global init.defaultBranch <name>
2026-09-23T08:44:33.4864630Z hint:
2026-09-23T08:44:33.4865204Z hint: Names commonly chosen instead of 'master' are 'main', 'trunk' and
2026-09-23T08:44:33.4866078Z hint: 'development'. The just-created branch can be renamed via this command:
2026-09-23T08:44:33.4866764Z hint:
2026-09-23T08:44:33.4867171Z hint: 	git branch -m <name>
2026-09-23T08:44:33.4867614Z hint:
2026-09-23T08:44:33.4868193Z hint: Disable this message with "git config set advice.defaultBranchName false"
2026-09-23T08:44:33.4869293Z Initialized empty Git repository in /home/runner/work/log-generation/log-generation/.git/
2026-09-23T08:44:33.4872288Z [command]/usr/bin/git remote add origin https://github.com/DhruvHegde/log-generation
2026-09-23T08:44:33.4915864Z ##[endgroup]
2026-09-23T08:44:33.4916700Z ##[group]Disabling automatic garbage collection
2026-09-23T08:44:33.4918758Z [command]/usr/bin/git config --local gc.auto 0
2026-09-23T08:44:33.4948562Z ##[endgroup]
2026-09-23T08:44:33.4949206Z ##[group]Setting up auth
2026-09-23T08:44:33.4953985Z [command]/usr/bin/git config --local --name-only --get-regexp core\.sshCommand
2026-09-23T08:44:33.4984348Z [command]/usr/bin/git submodule foreach --recursive sh -c "git config --local --name-only --get-regexp 'core\.sshCommand' && git config --local --unset-all 'core.sshCommand' || :"
2026-09-23T08:44:33.5283005Z [command]/usr/bin/git config --local --name-only --get-regexp http\.https\:\/\/github\.com\/\.extraheader
2026-09-23T08:44:33.5313259Z [command]/usr/bin/git submodule foreach --recursive sh -c "git config --local --name-only --get-regexp 'http\.https\:\/\/github\.com\/\.extraheader' && git config --local --unset-all 'http.https://github.com/.extraheader' || :"
2026-09-23T08:44:33.5489068Z [command]/usr/bin/git config --local --name-only --get-regexp ^includeIf\.gitdir:
2026-09-23T08:44:33.5517662Z [command]/usr/bin/git submodule foreach --recursive git config --local --show-origin --name-only --get-regexp remote.origin.url
2026-09-23T08:44:33.5690537Z [command]/usr/bin/git config --local http.https://github.com/.extraheader AUTHORIZATION: basic ***
2026-09-23T08:44:33.5723030Z ##[endgroup]
2026-09-23T08:44:33.5723857Z ##[group]Fetching the repository
2026-09-23T08:44:33.5730751Z [command]/usr/bin/git -c protocol.version=2 fetch --no-tags --prune --no-recurse-submodules --depth=1 origin +dfcb6f158e4bd8054252a4da5d0a9edc2ab15d57:refs/remotes/origin/feature/f3-test-failures
2026-09-23T08:44:33.9103862Z From https://github.com/DhruvHegde/log-generation
2026-09-23T08:44:33.9104610Z  * [new ref]         dfcb6f158e4bd8054252a4da5d0a9edc2ab15d57 -> origin/feature/f3-test-failures
2026-09-23T08:44:33.9107176Z ##[endgroup]
2026-09-23T08:44:33.9107801Z ##[group]Determining the checkout info
2026-09-23T08:44:33.9109288Z ##[endgroup]
2026-09-23T08:44:33.9113573Z [command]/usr/bin/git sparse-checkout disable
2026-09-23T08:44:33.9153365Z [command]/usr/bin/git config --local --unset-all extensions.worktreeConfig
2026-09-23T08:44:33.9177286Z ##[group]Checking out the ref
2026-09-23T08:44:33.9180315Z [command]/usr/bin/git checkout --progress --force -B feature/f3-test-failures refs/remotes/origin/feature/f3-test-failures
2026-09-23T08:44:33.9241875Z Switched to a new branch 'feature/f3-test-failures'
2026-09-23T08:44:33.9245717Z branch 'feature/f3-test-failures' set up to track 'origin/feature/f3-test-failures'.
2026-09-23T08:44:33.9249651Z ##[endgroup]
2026-09-23T08:44:33.9279932Z [command]/usr/bin/git log -1 --format=%H
2026-09-23T08:44:33.9300650Z dfcb6f158e4bd8054252a4da5d0a9edc2ab15d57
2026-09-23T08:44:33.9487518Z Node 20 is being deprecated. This workflow is running with Node 24 by default. If you need to temporarily use Node 20, you can set the ACTIONS_ALLOW_USE_UNSECURE_NODE_VERSION=true environment variable. For more information see: https://github.blog/changelog/2025-09-19-deprecation-of-node-20-on-github-actions-runners/
2026-09-23T08:44:33.9488923Z ##[group]Run actions/setup-python@v5
2026-09-23T08:44:33.9489210Z with:
2026-09-23T08:44:33.9489443Z   python-version: 3.11
2026-09-23T08:44:33.9489698Z   check-latest: false
2026-09-23T08:44:33.9491833Z   token: ***
2026-09-23T08:44:33.9492078Z   update-environment: true
2026-09-23T08:44:33.9492352Z   allow-prereleases: false
2026-09-23T08:44:33.9492623Z   freethreaded: false
2026-09-23T08:44:33.9492880Z ##[endgroup]
2026-09-23T08:44:34.0327230Z ##[group]Installed versions
2026-09-23T08:44:34.0389934Z (node:2033) [DEP0040] DeprecationWarning: The `punycode` module is deprecated. Please use a userland alternative instead.
2026-09-23T08:44:34.0391335Z (Use `node --trace-deprecation ...` to show where the warning was created)
2026-09-23T08:44:34.0392069Z Successfully set up CPython (3.11.16)
2026-09-23T08:44:34.0392925Z ##[endgroup]
2026-09-23T08:44:34.0543071Z ##[group]Run pip install --no-cache-dir pytest
2026-09-23T08:44:34.0543698Z [36;1mpip install --no-cache-dir pytest[0m
2026-09-23T08:44:34.0610531Z shell: /usr/bin/bash -e {0}
2026-09-23T08:44:34.0611263Z env:
2026-09-23T08:44:34.0611749Z   pythonLocation: /opt/hostedtoolcache/Python/3.11.16/x64
2026-09-23T08:44:34.0612410Z   PKG_CONFIG_PATH: /opt/hostedtoolcache/Python/3.11.16/x64/lib/pkgconfig
2026-09-23T08:44:34.0612967Z   Python_ROOT_DIR: /opt/hostedtoolcache/Python/3.11.16/x64
2026-09-23T08:44:34.0613706Z   Python2_ROOT_DIR: /opt/hostedtoolcache/Python/3.11.16/x64
2026-09-23T08:44:34.0614461Z   Python3_ROOT_DIR: /opt/hostedtoolcache/Python/3.11.16/x64
2026-09-23T08:44:34.0680261Z   LD_LIBRARY_PATH: /opt/hostedtoolcache/Python/3.11.16/x64/lib
2026-09-23T08:44:34.0681022Z ##[endgroup]
2026-09-23T08:44:37.2662571Z Collecting pytest
2026-09-23T08:44:37.3340294Z   Downloading pytest-9.1.1-py3-none-any.whl.metadata (7.6 kB)
2026-09-23T08:44:37.3519358Z Collecting iniconfig>=1.0.1 (from pytest)
2026-09-23T08:44:37.3618103Z   Downloading iniconfig-2.3.0-py3-none-any.whl.metadata (2.5 kB)
2026-09-23T08:44:37.3810411Z Collecting packaging>=22 (from pytest)
2026-09-23T08:44:37.3908857Z   Downloading packaging-26.3-py3-none-any.whl.metadata (3.5 kB)
2026-09-23T08:44:37.4087361Z Collecting pluggy<2,>=1.5 (from pytest)
2026-09-23T08:44:37.4185631Z   Downloading pluggy-1.6.0-py3-none-any.whl.metadata (4.8 kB)
2026-09-23T08:44:37.4406965Z Collecting pygments>=2.7.2 (from pytest)
2026-09-23T08:44:37.4504467Z   Downloading pygments-2.21.0-py3-none-any.whl.metadata (2.5 kB)
2026-09-23T08:44:37.4619755Z Downloading pytest-9.1.1-py3-none-any.whl (386 kB)
2026-09-23T08:44:37.5055162Z Downloading pluggy-1.6.0-py3-none-any.whl (20 kB)
2026-09-23T08:44:37.5153626Z Downloading iniconfig-2.3.0-py3-none-any.whl (7.5 kB)
2026-09-23T08:44:37.5251574Z Downloading packaging-26.3-py3-none-any.whl (129 kB)
2026-09-23T08:44:37.5378244Z Downloading pygments-2.21.0-py3-none-any.whl (1.3 MB)
2026-09-23T08:44:37.5689533Z    ââââââââââââââââââââââââââââââââââââââââ 1.3/1.3 MB 37.4 MB/s  0:00:00
2026-09-23T08:44:37.7399934Z Installing collected packages: pygments, pluggy, packaging, iniconfig, pytest
2026-09-23T08:44:38.3458705Z 
2026-09-23T08:44:38.3466147Z Successfully installed iniconfig-2.3.0 packaging-26.3 pluggy-1.6.0 pygments-2.21.0 pytest-9.1.1
2026-09-23T08:44:38.3921409Z ##[group]Run python automation/inject_mutation.py --error-type "ValueError"
2026-09-23T08:44:38.3921784Z [36;1mpython automation/inject_mutation.py --error-type "ValueError"[0m
2026-09-23T08:44:38.3953631Z shell: /usr/bin/bash -e {0}
2026-09-23T08:44:38.3953769Z env:
2026-09-23T08:44:38.3953926Z   pythonLocation: /opt/hostedtoolcache/Python/3.11.16/x64
2026-09-23T08:44:38.3954322Z   PKG_CONFIG_PATH: /opt/hostedtoolcache/Python/3.11.16/x64/lib/pkgconfig
2026-09-23T08:44:38.3954556Z   Python_ROOT_DIR: /opt/hostedtoolcache/Python/3.11.16/x64
2026-09-23T08:44:38.3954766Z   Python2_ROOT_DIR: /opt/hostedtoolcache/Python/3.11.16/x64
2026-09-23T08:44:38.3954989Z   Python3_ROOT_DIR: /opt/hostedtoolcache/Python/3.11.16/x64
2026-09-23T08:44:38.3955204Z   LD_LIBRARY_PATH: /opt/hostedtoolcache/Python/3.11.16/x64/lib
2026-09-23T08:44:38.3955411Z ##[endgroup]
2026-09-23T08:44:38.4163979Z [Mutation Injected] Successfully injected ValueError into tests/test_app.py
2026-09-23T08:44:38.4215467Z ##[group]Run pytest tests/test_app.py -v
2026-09-23T08:44:38.4215687Z [36;1mpytest tests/test_app.py -v[0m
2026-09-23T08:44:38.4246632Z shell: /usr/bin/bash -e {0}
2026-09-23T08:44:38.4246775Z env:
2026-09-23T08:44:38.4246929Z   pythonLocation: /opt/hostedtoolcache/Python/3.11.16/x64
2026-09-23T08:44:38.4247169Z   PKG_CONFIG_PATH: /opt/hostedtoolcache/Python/3.11.16/x64/lib/pkgconfig
2026-09-23T08:44:38.4247421Z   Python_ROOT_DIR: /opt/hostedtoolcache/Python/3.11.16/x64
2026-09-23T08:44:38.4247632Z   Python2_ROOT_DIR: /opt/hostedtoolcache/Python/3.11.16/x64
2026-09-23T08:44:38.4247843Z   Python3_ROOT_DIR: /opt/hostedtoolcache/Python/3.11.16/x64
2026-09-23T08:44:38.4248062Z   LD_LIBRARY_PATH: /opt/hostedtoolcache/Python/3.11.16/x64/lib
2026-09-23T08:44:38.4248244Z ##[endgroup]
2026-09-23T08:44:38.7345645Z ============================= test session starts ==============================
2026-09-23T08:44:38.7346136Z platform linux -- Python 3.11.16, pytest-9.1.1, pluggy-1.6.0 -- /opt/hostedtoolcache/Python/3.11.16/x64/bin/python
2026-09-23T08:44:38.7346432Z cachedir: .pytest_cache
2026-09-23T08:44:38.7346605Z rootdir: /home/runner/work/log-generation/log-generation
2026-09-23T08:44:38.7346798Z configfile: pytest.ini
2026-09-23T08:44:38.7397673Z collecting ... collected 6 items
2026-09-23T08:44:38.7397854Z 
2026-09-23T08:44:38.7403419Z tests/test_app.py::test_calculate_division PASSED                        [ 16%]
2026-09-23T08:44:38.7407358Z tests/test_app.py::test_convert_to_int PASSED                            [ 33%]
2026-09-23T08:44:38.7411558Z tests/test_app.py::test_get_list_item PASSED                             [ 50%]
2026-09-23T08:44:38.7415249Z tests/test_app.py::test_get_dict_value PASSED                            [ 66%]
2026-09-23T08:44:38.7418751Z tests/test_app.py::test_assert_positive PASSED                           [ 83%]
2026-09-23T08:44:38.7636747Z tests/test_app.py::test_value_error FAILED                               [100%]
2026-09-23T08:44:38.7637060Z 
2026-09-23T08:44:38.7637216Z =================================== FAILURES ===================================
2026-09-23T08:44:38.7637569Z _______________________________ test_value_error _______________________________
2026-09-23T08:44:38.7637725Z 
2026-09-23T08:44:38.7637796Z     def test_value_error():
2026-09-23T08:44:38.7637969Z         """Injected synthetic ValueError."""
2026-09-23T08:44:38.7638169Z         from src.app import convert_to_int
2026-09-23T08:44:38.7638376Z >       convert_to_int("unparseable_alphanumeric_0x99")
2026-09-23T08:44:38.7638516Z 
2026-09-23T08:44:38.7638580Z tests/test_app.py:137: 
2026-09-23T08:44:38.7638749Z _ _ _ _ _ _ _ _ _ _ _ _ _ _ _ _ _ _ _ _ _ _ _ _ _ _ _ _ _ _ _ _ _ _ _ _ _ _ _ _ 
2026-09-23T08:44:38.7638895Z 
2026-09-23T08:44:38.7639001Z val = 'unparseable_alphanumeric_0x99'
2026-09-23T08:44:38.7639126Z 
2026-09-23T08:44:38.7639192Z     def convert_to_int(val):
2026-09-23T08:44:38.7639358Z >       return int(val)
2026-09-23T08:44:38.7639498Z                ^^^^^^^^
2026-09-23T08:44:38.7639740Z E       ValueError: invalid literal for int() with base 10: 'unparseable_alphanumeric_0x99'
2026-09-23T08:44:38.7639964Z 
2026-09-23T08:44:38.7640029Z src/app.py:5: ValueError
2026-09-23T08:44:38.7640220Z =========================== short test summary info ============================
2026-09-23T08:44:38.7640629Z FAILED tests/test_app.py::test_value_error - ValueError: invalid literal for int() with base 10: 'unparseable_alphanumeric_0x99'
2026-09-23T08:44:38.7641403Z ========================= 1 failed, 5 passed in 0.02s ==========================
2026-09-23T08:44:38.7793281Z ##[error]Process completed with exit code 1.
2026-09-23T08:44:38.7884180Z Node 20 is being deprecated. This workflow is running with Node 24 by default. If you need to temporarily use Node 20, you can set the ACTIONS_ALLOW_USE_UNSECURE_NODE_VERSION=true environment variable. For more information see: https://github.blog/changelog/2025-09-19-deprecation-of-node-20-on-github-actions-runners/
2026-09-23T08:44:38.7884847Z Post job cleanup.
2026-09-23T08:44:38.8451834Z [command]/usr/bin/git version
2026-09-23T08:44:38.8458701Z git version 2.55.0
2026-09-23T08:44:38.8483122Z Temporarily overriding HOME='/home/runner/work/_temp/1325f71c-abfc-49ac-a6f7-7f56e2977516' before making global git config changes
2026-09-23T08:44:38.8483908Z Adding repository directory to the temporary git global config as a safe directory
2026-09-23T08:44:38.8488259Z [command]/usr/bin/git config --global --add safe.directory /home/runner/work/log-generation/log-generation
2026-09-23T08:44:38.8523287Z [command]/usr/bin/git config --local --name-only --get-regexp core\.sshCommand
2026-09-23T08:44:38.8552548Z [command]/usr/bin/git submodule foreach --recursive sh -c "git config --local --name-only --get-regexp 'core\.sshCommand' && git config --local --unset-all 'core.sshCommand' || :"
2026-09-23T08:44:38.8757670Z [command]/usr/bin/git config --local --name-only --get-regexp http\.https\:\/\/github\.com\/\.extraheader
2026-09-23T08:44:38.8783182Z http.https://github.com/.extraheader
2026-09-23T08:44:38.8804058Z [command]/usr/bin/git config --local --unset-all http.https://github.com/.extraheader
2026-09-23T08:44:38.8832657Z [command]/usr/bin/git submodule foreach --recursive sh -c "git config --local --name-only --get-regexp 'http\.https\:\/\/github\.com\/\.extraheader' && git config --local --unset-all 'http.https://github.com/.extraheader' || :"
2026-09-23T08:44:38.9034005Z [command]/usr/bin/git config --local --name-only --get-regexp ^includeIf\.gitdir:
2026-09-23T08:44:38.9066084Z [command]/usr/bin/git submodule foreach --recursive git config --local --show-origin --name-only --get-regexp remote.origin.url
2026-09-23T08:44:38.9373519Z Cleaning up orphan processes
2026-09-23T08:44:38.9554657Z ##[warning]Node.js 20 is deprecated. The following actions target Node.js 20 but are being forced to run on Node.js 24: actions/checkout@v4, actions/setup-python@v5. For more information see: https://github.blog/changelog/2025-09-19-deprecation-of-node-20-on-github-actions-runners/
