ï»¿2026-09-23T08:48:45.3360318Z Current runner version: '2.337.0'
2026-09-23T08:48:45.3397366Z ##[group]Runner Image Provisioner
2026-09-23T08:48:45.3398858Z Hosted Compute Agent
2026-09-23T08:48:45.3399938Z Version: 20260828.587
2026-09-23T08:48:45.3401243Z Commit: abac92662cab4cc7352de4f9f9d2e2419aad9c29
2026-09-23T08:48:45.3402515Z Build Date: 2026-08-28T16:44:25Z
2026-09-23T08:48:45.3403601Z Worker ID: {207c2909-d6a2-4353-b14e-8df57e5bf5cc}
2026-09-23T08:48:45.3405695Z Azure Region: eastus
2026-09-23T08:48:45.3406716Z ##[endgroup]
2026-09-23T08:48:45.3409253Z ##[group]Operating System
2026-09-23T08:48:45.3410610Z Ubuntu
2026-09-23T08:48:45.3411506Z 24.04.5
2026-09-23T08:48:45.3412555Z LTS
2026-09-23T08:48:45.3413367Z ##[endgroup]
2026-09-23T08:48:45.3414303Z ##[group]Runner Image
2026-09-23T08:48:45.3415427Z Image: ubuntu-24.04
2026-09-23T08:48:45.3416943Z Version: 20260907.300.1
2026-09-23T08:48:45.3419304Z Included Software: https://github.com/actions/runner-images/blob/ubuntu24/20260907.300/images/ubuntu/Ubuntu2404-Readme.md
2026-09-23T08:48:45.3422099Z Image Release: https://github.com/actions/runner-images/releases/tag/ubuntu24%2F20260907.300
2026-09-23T08:48:45.3423864Z ##[endgroup]
2026-09-23T08:48:45.3426349Z ##[group]GITHUB_TOKEN Permissions
2026-09-23T08:48:45.3429496Z Contents: read
2026-09-23T08:48:45.3430554Z Metadata: read
2026-09-23T08:48:45.3431554Z Packages: read
2026-09-23T08:48:45.3432502Z ##[endgroup]
2026-09-23T08:48:45.3435979Z Secret source: Actions
2026-09-23T08:48:45.3437502Z Cache mode: write
2026-09-23T08:48:45.3439248Z Prepare workflow directory
2026-09-23T08:48:45.3938492Z Prepare all required actions
2026-09-23T08:48:45.4012250Z Getting action download info
2026-09-23T08:48:45.6295042Z Download action repository 'actions/checkout@v4' (SHA:11d5960a326750d5838078e36cf38b85af677262)
2026-09-23T08:48:45.7337946Z Download action repository 'actions/setup-python@v5' (SHA:a26af69be951a213d495a4c3e4e4022e16d87065)
2026-09-23T08:48:45.9216331Z Complete job name: test-f3 (FileNotFoundError #117)
2026-09-23T08:48:46.0005816Z Node 20 is being deprecated. This workflow is running with Node 24 by default. If you need to temporarily use Node 20, you can set the ACTIONS_ALLOW_USE_UNSECURE_NODE_VERSION=true environment variable. For more information see: https://github.blog/changelog/2025-09-19-deprecation-of-node-20-on-github-actions-runners/
2026-09-23T08:48:46.0014783Z ##[group]Run actions/checkout@v4
2026-09-23T08:48:46.0015782Z with:
2026-09-23T08:48:46.0016236Z   fetch-depth: 1
2026-09-23T08:48:46.0016722Z   repository: DhruvHegde/log-generation
2026-09-23T08:48:46.0020476Z   token: ***
2026-09-23T08:48:46.0020908Z   ssh-strict: true
2026-09-23T08:48:46.0021352Z   ssh-user: git
2026-09-23T08:48:46.0021794Z   persist-credentials: true
2026-09-23T08:48:46.0022281Z   clean: true
2026-09-23T08:48:46.0022726Z   sparse-checkout-cone-mode: true
2026-09-23T08:48:46.0023241Z   fetch-tags: false
2026-09-23T08:48:46.0023686Z   show-progress: true
2026-09-23T08:48:46.0024133Z   lfs: false
2026-09-23T08:48:46.0024627Z   submodules: false
2026-09-23T08:48:46.0025111Z   set-safe-directory: true
2026-09-23T08:48:46.0026023Z   allow-unsafe-pr-checkout: false
2026-09-23T08:48:46.0026955Z ##[endgroup]
2026-09-23T08:48:46.1074011Z Syncing repository: DhruvHegde/log-generation
2026-09-23T08:48:46.1077300Z ##[group]Getting Git version info
2026-09-23T08:48:46.1078609Z Working directory is '/home/runner/work/log-generation/log-generation'
2026-09-23T08:48:46.1080550Z [command]/usr/bin/git version
2026-09-23T08:48:46.1123285Z git version 2.55.0
2026-09-23T08:48:46.1147522Z ##[endgroup]
2026-09-23T08:48:46.1163307Z Temporarily overriding HOME='/home/runner/work/_temp/98dd6e03-5aee-43a2-8577-39de0e8382f3' before making global git config changes
2026-09-23T08:48:46.1166013Z Adding repository directory to the temporary git global config as a safe directory
2026-09-23T08:48:46.1169281Z [command]/usr/bin/git config --global --add safe.directory /home/runner/work/log-generation/log-generation
2026-09-23T08:48:46.1233312Z Deleting the contents of '/home/runner/work/log-generation/log-generation'
2026-09-23T08:48:46.1238358Z ##[group]Initializing the repository
2026-09-23T08:48:46.1242297Z [command]/usr/bin/git init /home/runner/work/log-generation/log-generation
2026-09-23T08:48:46.1364917Z hint: Using 'master' as the name for the initial branch. This default branch name
2026-09-23T08:48:46.1367256Z hint: will change to "main" in Git 3.0. To configure the initial branch name
2026-09-23T08:48:46.1369147Z hint: to use in all of your new repositories, which will suppress this warning,
2026-09-23T08:48:46.1370638Z hint: call:
2026-09-23T08:48:46.1371581Z hint:
2026-09-23T08:48:46.1372694Z hint: 	git config --global init.defaultBranch <name>
2026-09-23T08:48:46.1373990Z hint:
2026-09-23T08:48:46.1375173Z hint: Names commonly chosen instead of 'master' are 'main', 'trunk' and
2026-09-23T08:48:46.1377211Z hint: 'development'. The just-created branch can be renamed via this command:
2026-09-23T08:48:46.1378681Z hint:
2026-09-23T08:48:46.1379563Z hint: 	git branch -m <name>
2026-09-23T08:48:46.1380540Z hint:
2026-09-23T08:48:46.1381754Z hint: Disable this message with "git config set advice.defaultBranchName false"
2026-09-23T08:48:46.1383934Z Initialized empty Git repository in /home/runner/work/log-generation/log-generation/.git/
2026-09-23T08:48:46.1387639Z [command]/usr/bin/git remote add origin https://github.com/DhruvHegde/log-generation
2026-09-23T08:48:46.1433946Z ##[endgroup]
2026-09-23T08:48:46.1435240Z ##[group]Disabling automatic garbage collection
2026-09-23T08:48:46.1439613Z [command]/usr/bin/git config --local gc.auto 0
2026-09-23T08:48:46.1474142Z ##[endgroup]
2026-09-23T08:48:46.1475797Z ##[group]Setting up auth
2026-09-23T08:48:46.1482858Z [command]/usr/bin/git config --local --name-only --get-regexp core\.sshCommand
2026-09-23T08:48:46.1518068Z [command]/usr/bin/git submodule foreach --recursive sh -c "git config --local --name-only --get-regexp 'core\.sshCommand' && git config --local --unset-all 'core.sshCommand' || :"
2026-09-23T08:48:46.1902086Z [command]/usr/bin/git config --local --name-only --get-regexp http\.https\:\/\/github\.com\/\.extraheader
2026-09-23T08:48:46.1950524Z [command]/usr/bin/git submodule foreach --recursive sh -c "git config --local --name-only --get-regexp 'http\.https\:\/\/github\.com\/\.extraheader' && git config --local --unset-all 'http.https://github.com/.extraheader' || :"
2026-09-23T08:48:46.2190872Z [command]/usr/bin/git config --local --name-only --get-regexp ^includeIf\.gitdir:
2026-09-23T08:48:46.2229956Z [command]/usr/bin/git submodule foreach --recursive git config --local --show-origin --name-only --get-regexp remote.origin.url
2026-09-23T08:48:46.2465051Z [command]/usr/bin/git config --local http.https://github.com/.extraheader AUTHORIZATION: basic ***
2026-09-23T08:48:46.2507018Z ##[endgroup]
2026-09-23T08:48:46.2508497Z ##[group]Fetching the repository
2026-09-23T08:48:46.2519082Z [command]/usr/bin/git -c protocol.version=2 fetch --no-tags --prune --no-recurse-submodules --depth=1 origin +43f20917de93b9aad51cf79a69ad5239c5632917:refs/remotes/origin/feature/f3-test-failures
2026-09-23T08:48:46.5031003Z From https://github.com/DhruvHegde/log-generation
2026-09-23T08:48:46.5033191Z  * [new ref]         43f20917de93b9aad51cf79a69ad5239c5632917 -> origin/feature/f3-test-failures
2026-09-23T08:48:46.5038507Z ##[endgroup]
2026-09-23T08:48:46.5040184Z ##[group]Determining the checkout info
2026-09-23T08:48:46.5042209Z ##[endgroup]
2026-09-23T08:48:46.5049347Z [command]/usr/bin/git sparse-checkout disable
2026-09-23T08:48:46.5102521Z [command]/usr/bin/git config --local --unset-all extensions.worktreeConfig
2026-09-23T08:48:46.5136135Z ##[group]Checking out the ref
2026-09-23T08:48:46.5140968Z [command]/usr/bin/git checkout --progress --force -B feature/f3-test-failures refs/remotes/origin/feature/f3-test-failures
2026-09-23T08:48:46.5543241Z Switched to a new branch 'feature/f3-test-failures'
2026-09-23T08:48:46.5549605Z branch 'feature/f3-test-failures' set up to track 'origin/feature/f3-test-failures'.
2026-09-23T08:48:46.5558391Z ##[endgroup]
2026-09-23T08:48:46.5606783Z [command]/usr/bin/git log -1 --format=%H
2026-09-23T08:48:46.5636102Z 43f20917de93b9aad51cf79a69ad5239c5632917
2026-09-23T08:48:46.5931703Z Node 20 is being deprecated. This workflow is running with Node 24 by default. If you need to temporarily use Node 20, you can set the ACTIONS_ALLOW_USE_UNSECURE_NODE_VERSION=true environment variable. For more information see: https://github.blog/changelog/2025-09-19-deprecation-of-node-20-on-github-actions-runners/
2026-09-23T08:48:46.5934682Z ##[group]Run actions/setup-python@v5
2026-09-23T08:48:46.5935287Z with:
2026-09-23T08:48:46.5936070Z   python-version: 3.11
2026-09-23T08:48:46.5936609Z   check-latest: false
2026-09-23T08:48:46.5940558Z   token: ***
2026-09-23T08:48:46.5941051Z   update-environment: true
2026-09-23T08:48:46.5941611Z   allow-prereleases: false
2026-09-23T08:48:46.5942151Z   freethreaded: false
2026-09-23T08:48:46.5942649Z ##[endgroup]
2026-09-23T08:48:46.7301257Z ##[group]Installed versions
2026-09-23T08:48:46.7398362Z (node:2434) [DEP0040] DeprecationWarning: The `punycode` module is deprecated. Please use a userland alternative instead.
2026-09-23T08:48:46.7400474Z (Use `node --trace-deprecation ...` to show where the warning was created)
2026-09-23T08:48:46.7401995Z Successfully set up CPython (3.11.16)
2026-09-23T08:48:46.7403609Z ##[endgroup]
2026-09-23T08:48:46.7589375Z ##[group]Run pip install --no-cache-dir pytest
2026-09-23T08:48:46.7590315Z [36;1mpip install --no-cache-dir pytest[0m
2026-09-23T08:48:46.7644350Z shell: /usr/bin/bash -e {0}
2026-09-23T08:48:46.7644983Z env:
2026-09-23T08:48:46.7645805Z   pythonLocation: /opt/hostedtoolcache/Python/3.11.16/x64
2026-09-23T08:48:46.7646756Z   PKG_CONFIG_PATH: /opt/hostedtoolcache/Python/3.11.16/x64/lib/pkgconfig
2026-09-23T08:48:46.7647686Z   Python_ROOT_DIR: /opt/hostedtoolcache/Python/3.11.16/x64
2026-09-23T08:48:46.7648539Z   Python2_ROOT_DIR: /opt/hostedtoolcache/Python/3.11.16/x64
2026-09-23T08:48:46.7649399Z   Python3_ROOT_DIR: /opt/hostedtoolcache/Python/3.11.16/x64
2026-09-23T08:48:46.7650307Z   LD_LIBRARY_PATH: /opt/hostedtoolcache/Python/3.11.16/x64/lib
2026-09-23T08:48:46.7739921Z ##[endgroup]
2026-09-23T08:48:47.6496703Z Collecting pytest
2026-09-23T08:48:47.7017356Z   Downloading pytest-9.1.1-py3-none-any.whl.metadata (7.6 kB)
2026-09-23T08:48:47.7107340Z Collecting iniconfig>=1.0.1 (from pytest)
2026-09-23T08:48:47.7145326Z   Downloading iniconfig-2.3.0-py3-none-any.whl.metadata (2.5 kB)
2026-09-23T08:48:47.7254136Z Collecting packaging>=22 (from pytest)
2026-09-23T08:48:47.7294183Z   Downloading packaging-26.3-py3-none-any.whl.metadata (3.5 kB)
2026-09-23T08:48:47.7379321Z Collecting pluggy<2,>=1.5 (from pytest)
2026-09-23T08:48:47.7418604Z   Downloading pluggy-1.6.0-py3-none-any.whl.metadata (4.8 kB)
2026-09-23T08:48:47.7556474Z Collecting pygments>=2.7.2 (from pytest)
2026-09-23T08:48:47.7595097Z   Downloading pygments-2.21.0-py3-none-any.whl.metadata (2.5 kB)
2026-09-23T08:48:47.7664096Z Downloading pytest-9.1.1-py3-none-any.whl (386 kB)
2026-09-23T08:48:47.7882346Z Downloading pluggy-1.6.0-py3-none-any.whl (20 kB)
2026-09-23T08:48:47.7923338Z Downloading iniconfig-2.3.0-py3-none-any.whl (7.5 kB)
2026-09-23T08:48:47.7963288Z Downloading packaging-26.3-py3-none-any.whl (129 kB)
2026-09-23T08:48:47.8032428Z Downloading pygments-2.21.0-py3-none-any.whl (1.3 MB)
2026-09-23T08:48:47.8222891Z    ââââââââââââââââââââââââââââââââââââââââ 1.3/1.3 MB 76.4 MB/s  0:00:00
2026-09-23T08:48:47.8906548Z Installing collected packages: pygments, pluggy, packaging, iniconfig, pytest
2026-09-23T08:48:48.8729600Z 
2026-09-23T08:48:48.8747267Z Successfully installed iniconfig-2.3.0 packaging-26.3 pluggy-1.6.0 pygments-2.21.0 pytest-9.1.1
2026-09-23T08:48:48.9270142Z ##[group]Run python automation/inject_mutation.py --error-type "FileNotFoundError"
2026-09-23T08:48:48.9270873Z [36;1mpython automation/inject_mutation.py --error-type "FileNotFoundError"[0m
2026-09-23T08:48:48.9309850Z shell: /usr/bin/bash -e {0}
2026-09-23T08:48:48.9310146Z env:
2026-09-23T08:48:48.9310683Z   pythonLocation: /opt/hostedtoolcache/Python/3.11.16/x64
2026-09-23T08:48:48.9311173Z   PKG_CONFIG_PATH: /opt/hostedtoolcache/Python/3.11.16/x64/lib/pkgconfig
2026-09-23T08:48:48.9311639Z   Python_ROOT_DIR: /opt/hostedtoolcache/Python/3.11.16/x64
2026-09-23T08:48:48.9312057Z   Python2_ROOT_DIR: /opt/hostedtoolcache/Python/3.11.16/x64
2026-09-23T08:48:48.9312468Z   Python3_ROOT_DIR: /opt/hostedtoolcache/Python/3.11.16/x64
2026-09-23T08:48:48.9312882Z   LD_LIBRARY_PATH: /opt/hostedtoolcache/Python/3.11.16/x64/lib
2026-09-23T08:48:48.9313244Z ##[endgroup]
2026-09-23T08:48:48.9613568Z [Mutation Injected] Successfully injected FileNotFoundError into tests/test_app.py
2026-09-23T08:48:48.9686262Z ##[group]Run pytest tests/test_app.py -v
2026-09-23T08:48:48.9686680Z [36;1mpytest tests/test_app.py -v[0m
2026-09-23T08:48:48.9724622Z shell: /usr/bin/bash -e {0}
2026-09-23T08:48:48.9724888Z env:
2026-09-23T08:48:48.9725169Z   pythonLocation: /opt/hostedtoolcache/Python/3.11.16/x64
2026-09-23T08:48:48.9725896Z   PKG_CONFIG_PATH: /opt/hostedtoolcache/Python/3.11.16/x64/lib/pkgconfig
2026-09-23T08:48:48.9726348Z   Python_ROOT_DIR: /opt/hostedtoolcache/Python/3.11.16/x64
2026-09-23T08:48:48.9726745Z   Python2_ROOT_DIR: /opt/hostedtoolcache/Python/3.11.16/x64
2026-09-23T08:48:48.9727154Z   Python3_ROOT_DIR: /opt/hostedtoolcache/Python/3.11.16/x64
2026-09-23T08:48:48.9727550Z   LD_LIBRARY_PATH: /opt/hostedtoolcache/Python/3.11.16/x64/lib
2026-09-23T08:48:48.9727885Z ##[endgroup]
2026-09-23T08:48:49.3540935Z ============================= test session starts ==============================
2026-09-23T08:48:49.3542076Z platform linux -- Python 3.11.16, pytest-9.1.1, pluggy-1.6.0 -- /opt/hostedtoolcache/Python/3.11.16/x64/bin/python
2026-09-23T08:48:49.3542778Z cachedir: .pytest_cache
2026-09-23T08:48:49.3543215Z rootdir: /home/runner/work/log-generation/log-generation
2026-09-23T08:48:49.3543592Z configfile: pytest.ini
2026-09-23T08:48:49.3668930Z collecting ... collected 6 items
2026-09-23T08:48:49.3669693Z 
2026-09-23T08:48:49.3679356Z tests/test_app.py::test_calculate_division PASSED                        [ 16%]
2026-09-23T08:48:49.3687373Z tests/test_app.py::test_convert_to_int PASSED                            [ 33%]
2026-09-23T08:48:49.3695803Z tests/test_app.py::test_get_list_item PASSED                             [ 50%]
2026-09-23T08:48:49.3702939Z tests/test_app.py::test_get_dict_value PASSED                            [ 66%]
2026-09-23T08:48:49.3710538Z tests/test_app.py::test_assert_positive PASSED                           [ 83%]
2026-09-23T08:48:49.3971243Z tests/test_app.py::test_file_not_found_error FAILED                      [100%]
2026-09-23T08:48:49.3971860Z 
2026-09-23T08:48:49.3972202Z =================================== FAILURES ===================================
2026-09-23T08:48:49.3972999Z __________________________ test_file_not_found_error ___________________________
2026-09-23T08:48:49.3973509Z 
2026-09-23T08:48:49.3973708Z     def test_file_not_found_error():
2026-09-23T08:48:49.3974287Z         """Injected synthetic FileNotFoundError."""
2026-09-23T08:48:49.3974882Z         from src.app import read_config_file
2026-09-23T08:48:49.3975964Z >       read_config_file("fixtures/non_existent_pipeline_config.json")
2026-09-23T08:48:49.3976548Z 
2026-09-23T08:48:49.3976770Z tests/test_app.py:139: 
2026-09-23T08:48:49.3977396Z _ _ _ _ _ _ _ _ _ _ _ _ _ _ _ _ _ _ _ _ _ _ _ _ _ _ _ _ _ _ _ _ _ _ _ _ _ _ _ _ 
2026-09-23T08:48:49.3977901Z 
2026-09-23T08:48:49.3978232Z path = 'fixtures/non_existent_pipeline_config.json'
2026-09-23T08:48:49.3978700Z 
2026-09-23T08:48:49.3978926Z     def read_config_file(path):
2026-09-23T08:48:49.3979541Z >       with open(path, "r") as f:
2026-09-23T08:48:49.3980090Z              ^^^^^^^^^^^^^^^
2026-09-23T08:48:49.3981023Z E       FileNotFoundError: [Errno 2] No such file or directory: 'fixtures/non_existent_pipeline_config.json'
2026-09-23T08:48:49.3981901Z 
2026-09-23T08:48:49.3982155Z src/app.py:17: FileNotFoundError
2026-09-23T08:48:49.3982831Z =========================== short test summary info ============================
2026-09-23T08:48:49.3984912Z FAILED tests/test_app.py::test_file_not_found_error - FileNotFoundError: [Errno 2] No such file or directory: 'fixtures/non_existent_pipeline_config.json'
2026-09-23T08:48:49.3986495Z ========================= 1 failed, 5 passed in 0.03s ==========================
2026-09-23T08:48:49.4184602Z ##[error]Process completed with exit code 1.
2026-09-23T08:48:49.4331550Z Node 20 is being deprecated. This workflow is running with Node 24 by default. If you need to temporarily use Node 20, you can set the ACTIONS_ALLOW_USE_UNSECURE_NODE_VERSION=true environment variable. For more information see: https://github.blog/changelog/2025-09-19-deprecation-of-node-20-on-github-actions-runners/
2026-09-23T08:48:49.4332820Z Post job cleanup.
2026-09-23T08:48:49.5223407Z [command]/usr/bin/git version
2026-09-23T08:48:49.5271151Z git version 2.55.0
2026-09-23T08:48:49.5312767Z Temporarily overriding HOME='/home/runner/work/_temp/94547fc5-0a7e-45b2-8a1c-1740ae40c07d' before making global git config changes
2026-09-23T08:48:49.5314188Z Adding repository directory to the temporary git global config as a safe directory
2026-09-23T08:48:49.5318648Z [command]/usr/bin/git config --global --add safe.directory /home/runner/work/log-generation/log-generation
2026-09-23T08:48:49.5362298Z [command]/usr/bin/git config --local --name-only --get-regexp core\.sshCommand
2026-09-23T08:48:49.5401333Z [command]/usr/bin/git submodule foreach --recursive sh -c "git config --local --name-only --get-regexp 'core\.sshCommand' && git config --local --unset-all 'core.sshCommand' || :"
2026-09-23T08:48:49.5676566Z [command]/usr/bin/git config --local --name-only --get-regexp http\.https\:\/\/github\.com\/\.extraheader
2026-09-23T08:48:49.5702514Z http.https://github.com/.extraheader
2026-09-23T08:48:49.5723952Z [command]/usr/bin/git config --local --unset-all http.https://github.com/.extraheader
2026-09-23T08:48:49.5754881Z [command]/usr/bin/git submodule foreach --recursive sh -c "git config --local --name-only --get-regexp 'http\.https\:\/\/github\.com\/\.extraheader' && git config --local --unset-all 'http.https://github.com/.extraheader' || :"
2026-09-23T08:48:49.6066437Z [command]/usr/bin/git config --local --name-only --get-regexp ^includeIf\.gitdir:
2026-09-23T08:48:49.6110205Z [command]/usr/bin/git submodule foreach --recursive git config --local --show-origin --name-only --get-regexp remote.origin.url
2026-09-23T08:48:49.6517662Z Cleaning up orphan processes
2026-09-23T08:48:49.6786753Z ##[warning]Node.js 20 is deprecated. The following actions target Node.js 20 but are being forced to run on Node.js 24: actions/checkout@v4, actions/setup-python@v5. For more information see: https://github.blog/changelog/2025-09-19-deprecation-of-node-20-on-github-actions-runners/
