ï»¿2026-09-23T08:45:04.2589096Z Current runner version: '2.337.0'
2026-09-23T08:45:04.2614969Z ##[group]Runner Image Provisioner
2026-09-23T08:45:04.2615917Z Hosted Compute Agent
2026-09-23T08:45:04.2616515Z Version: 20260828.587
2026-09-23T08:45:04.2617290Z Commit: abac92662cab4cc7352de4f9f9d2e2419aad9c29
2026-09-23T08:45:04.2618052Z Build Date: 2026-08-28T16:44:25Z
2026-09-23T08:45:04.2618816Z Worker ID: {bad69b06-621d-4e35-ab34-4978a3163b66}
2026-09-23T08:45:04.2619570Z Azure Region: westus2
2026-09-23T08:45:04.2620164Z ##[endgroup]
2026-09-23T08:45:04.2622059Z ##[group]Operating System
2026-09-23T08:45:04.2622734Z Ubuntu
2026-09-23T08:45:04.2623396Z 24.04.5
2026-09-23T08:45:04.2624231Z LTS
2026-09-23T08:45:04.2624782Z ##[endgroup]
2026-09-23T08:45:04.2625857Z ##[group]Runner Image
2026-09-23T08:45:04.2626507Z Image: ubuntu-24.04
2026-09-23T08:45:04.2627086Z Version: 20260907.300.1
2026-09-23T08:45:04.2628448Z Included Software: https://github.com/actions/runner-images/blob/ubuntu24/20260907.300/images/ubuntu/Ubuntu2404-Readme.md
2026-09-23T08:45:04.2630185Z Image Release: https://github.com/actions/runner-images/releases/tag/ubuntu24%2F20260907.300
2026-09-23T08:45:04.2631224Z ##[endgroup]
2026-09-23T08:45:04.2632555Z ##[group]GITHUB_TOKEN Permissions
2026-09-23T08:45:04.2635082Z Contents: read
2026-09-23T08:45:04.2635754Z Metadata: read
2026-09-23T08:45:04.2636445Z Packages: read
2026-09-23T08:45:04.2637032Z ##[endgroup]
2026-09-23T08:45:04.2639285Z Secret source: Actions
2026-09-23T08:45:04.2640300Z Cache mode: write
2026-09-23T08:45:04.2641466Z Prepare workflow directory
2026-09-23T08:45:04.3048846Z Prepare all required actions
2026-09-23T08:45:04.3098768Z Getting action download info
2026-09-23T08:45:04.6517813Z Download action repository 'actions/checkout@v4' (SHA:11d5960a326750d5838078e36cf38b85af677262)
2026-09-23T08:45:04.7992160Z Download action repository 'actions/setup-python@v5' (SHA:a26af69be951a213d495a4c3e4e4022e16d87065)
2026-09-23T08:45:04.9857895Z Complete job name: test-f3 (AttributeError #185)
2026-09-23T08:45:05.0714088Z Node 20 is being deprecated. This workflow is running with Node 24 by default. If you need to temporarily use Node 20, you can set the ACTIONS_ALLOW_USE_UNSECURE_NODE_VERSION=true environment variable. For more information see: https://github.blog/changelog/2025-09-19-deprecation-of-node-20-on-github-actions-runners/
2026-09-23T08:45:05.0724125Z ##[group]Run actions/checkout@v4
2026-09-23T08:45:05.0725294Z with:
2026-09-23T08:45:05.0725759Z   fetch-depth: 1
2026-09-23T08:45:05.0726261Z   repository: DhruvHegde/log-generation
2026-09-23T08:45:05.0730449Z   token: ***
2026-09-23T08:45:05.0730900Z   ssh-strict: true
2026-09-23T08:45:05.0731353Z   ssh-user: git
2026-09-23T08:45:05.0731823Z   persist-credentials: true
2026-09-23T08:45:05.0732332Z   clean: true
2026-09-23T08:45:05.0732796Z   sparse-checkout-cone-mode: true
2026-09-23T08:45:05.0733338Z   fetch-tags: false
2026-09-23T08:45:05.0734121Z   show-progress: true
2026-09-23T08:45:05.0734611Z   lfs: false
2026-09-23T08:45:05.0735102Z   submodules: false
2026-09-23T08:45:05.0735580Z   set-safe-directory: true
2026-09-23T08:45:05.0736105Z   allow-unsafe-pr-checkout: false
2026-09-23T08:45:05.0736938Z ##[endgroup]
2026-09-23T08:45:05.1837832Z Syncing repository: DhruvHegde/log-generation
2026-09-23T08:45:05.1840279Z ##[group]Getting Git version info
2026-09-23T08:45:05.1841157Z Working directory is '/home/runner/work/log-generation/log-generation'
2026-09-23T08:45:05.1842272Z [command]/usr/bin/git version
2026-09-23T08:45:05.2046780Z git version 2.55.0
2026-09-23T08:45:05.2080451Z ##[endgroup]
2026-09-23T08:45:05.2090200Z Temporarily overriding HOME='/home/runner/work/_temp/26c6110a-8463-4b7b-9122-1d8dadd3cbbd' before making global git config changes
2026-09-23T08:45:05.2092973Z Adding repository directory to the temporary git global config as a safe directory
2026-09-23T08:45:05.2095782Z [command]/usr/bin/git config --global --add safe.directory /home/runner/work/log-generation/log-generation
2026-09-23T08:45:05.2165808Z Deleting the contents of '/home/runner/work/log-generation/log-generation'
2026-09-23T08:45:05.2171387Z ##[group]Initializing the repository
2026-09-23T08:45:05.2177077Z [command]/usr/bin/git init /home/runner/work/log-generation/log-generation
2026-09-23T08:45:05.2336821Z hint: Using 'master' as the name for the initial branch. This default branch name
2026-09-23T08:45:05.2338625Z hint: will change to "main" in Git 3.0. To configure the initial branch name
2026-09-23T08:45:05.2340198Z hint: to use in all of your new repositories, which will suppress this warning,
2026-09-23T08:45:05.2341435Z hint: call:
2026-09-23T08:45:05.2342327Z hint:
2026-09-23T08:45:05.2343181Z hint: 	git config --global init.defaultBranch <name>
2026-09-23T08:45:05.2344495Z hint:
2026-09-23T08:45:05.2345482Z hint: Names commonly chosen instead of 'master' are 'main', 'trunk' and
2026-09-23T08:45:05.2347009Z hint: 'development'. The just-created branch can be renamed via this command:
2026-09-23T08:45:05.2348212Z hint:
2026-09-23T08:45:05.2348939Z hint: 	git branch -m <name>
2026-09-23T08:45:05.2349731Z hint:
2026-09-23T08:45:05.2350770Z hint: Disable this message with "git config set advice.defaultBranchName false"
2026-09-23T08:45:05.2358519Z Initialized empty Git repository in /home/runner/work/log-generation/log-generation/.git/
2026-09-23T08:45:05.2368905Z [command]/usr/bin/git remote add origin https://github.com/DhruvHegde/log-generation
2026-09-23T08:45:05.2426224Z ##[endgroup]
2026-09-23T08:45:05.2427516Z ##[group]Disabling automatic garbage collection
2026-09-23T08:45:05.2430595Z [command]/usr/bin/git config --local gc.auto 0
2026-09-23T08:45:05.2464917Z ##[endgroup]
2026-09-23T08:45:05.2466132Z ##[group]Setting up auth
2026-09-23T08:45:05.2472976Z [command]/usr/bin/git config --local --name-only --get-regexp core\.sshCommand
2026-09-23T08:45:05.2512852Z [command]/usr/bin/git submodule foreach --recursive sh -c "git config --local --name-only --get-regexp 'core\.sshCommand' && git config --local --unset-all 'core.sshCommand' || :"
2026-09-23T08:45:05.2956981Z [command]/usr/bin/git config --local --name-only --get-regexp http\.https\:\/\/github\.com\/\.extraheader
2026-09-23T08:45:05.3007094Z [command]/usr/bin/git submodule foreach --recursive sh -c "git config --local --name-only --get-regexp 'http\.https\:\/\/github\.com\/\.extraheader' && git config --local --unset-all 'http.https://github.com/.extraheader' || :"
2026-09-23T08:45:05.3258273Z [command]/usr/bin/git config --local --name-only --get-regexp ^includeIf\.gitdir:
2026-09-23T08:45:05.3303265Z [command]/usr/bin/git submodule foreach --recursive git config --local --show-origin --name-only --get-regexp remote.origin.url
2026-09-23T08:45:05.3567184Z [command]/usr/bin/git config --local http.https://github.com/.extraheader AUTHORIZATION: basic ***
2026-09-23T08:45:05.3616749Z ##[endgroup]
2026-09-23T08:45:05.3618526Z ##[group]Fetching the repository
2026-09-23T08:45:05.3629068Z [command]/usr/bin/git -c protocol.version=2 fetch --no-tags --prune --no-recurse-submodules --depth=1 origin +dfcb6f158e4bd8054252a4da5d0a9edc2ab15d57:refs/remotes/origin/feature/f3-test-failures
2026-09-23T08:45:05.7719227Z From https://github.com/DhruvHegde/log-generation
2026-09-23T08:45:05.7720964Z  * [new ref]         dfcb6f158e4bd8054252a4da5d0a9edc2ab15d57 -> origin/feature/f3-test-failures
2026-09-23T08:45:05.7724276Z ##[endgroup]
2026-09-23T08:45:05.7725536Z ##[group]Determining the checkout info
2026-09-23T08:45:05.7726905Z ##[endgroup]
2026-09-23T08:45:05.7732764Z [command]/usr/bin/git sparse-checkout disable
2026-09-23T08:45:05.7787674Z [command]/usr/bin/git config --local --unset-all extensions.worktreeConfig
2026-09-23T08:45:05.7819485Z ##[group]Checking out the ref
2026-09-23T08:45:05.7824052Z [command]/usr/bin/git checkout --progress --force -B feature/f3-test-failures refs/remotes/origin/feature/f3-test-failures
2026-09-23T08:45:05.7948145Z Switched to a new branch 'feature/f3-test-failures'
2026-09-23T08:45:05.7949956Z branch 'feature/f3-test-failures' set up to track 'origin/feature/f3-test-failures'.
2026-09-23T08:45:05.7952653Z ##[endgroup]
2026-09-23T08:45:05.7976429Z [command]/usr/bin/git log -1 --format=%H
2026-09-23T08:45:05.8006068Z dfcb6f158e4bd8054252a4da5d0a9edc2ab15d57
2026-09-23T08:45:05.8327588Z Node 20 is being deprecated. This workflow is running with Node 24 by default. If you need to temporarily use Node 20, you can set the ACTIONS_ALLOW_USE_UNSECURE_NODE_VERSION=true environment variable. For more information see: https://github.blog/changelog/2025-09-19-deprecation-of-node-20-on-github-actions-runners/
2026-09-23T08:45:05.8331237Z ##[group]Run actions/setup-python@v5
2026-09-23T08:45:05.8331875Z with:
2026-09-23T08:45:05.8332330Z   python-version: 3.11
2026-09-23T08:45:05.8332881Z   check-latest: false
2026-09-23T08:45:05.8338460Z   token: ***
2026-09-23T08:45:05.8338985Z   update-environment: true
2026-09-23T08:45:05.8339590Z   allow-prereleases: false
2026-09-23T08:45:05.8340163Z   freethreaded: false
2026-09-23T08:45:05.8340686Z ##[endgroup]
2026-09-23T08:45:05.9711218Z ##[group]Installed versions
2026-09-23T08:45:05.9908866Z (node:2260) [DEP0040] DeprecationWarning: The `punycode` module is deprecated. Please use a userland alternative instead.
2026-09-23T08:45:05.9911123Z (Use `node --trace-deprecation ...` to show where the warning was created)
2026-09-23T08:45:05.9912360Z Successfully set up CPython (3.11.16)
2026-09-23T08:45:05.9914241Z ##[endgroup]
2026-09-23T08:45:06.0050798Z ##[group]Run pip install --no-cache-dir pytest
2026-09-23T08:45:06.0051855Z [36;1mpip install --no-cache-dir pytest[0m
2026-09-23T08:45:06.0108584Z shell: /usr/bin/bash -e {0}
2026-09-23T08:45:06.0109226Z env:
2026-09-23T08:45:06.0109853Z   pythonLocation: /opt/hostedtoolcache/Python/3.11.16/x64
2026-09-23T08:45:06.0110922Z   PKG_CONFIG_PATH: /opt/hostedtoolcache/Python/3.11.16/x64/lib/pkgconfig
2026-09-23T08:45:06.0112013Z   Python_ROOT_DIR: /opt/hostedtoolcache/Python/3.11.16/x64
2026-09-23T08:45:06.0112985Z   Python2_ROOT_DIR: /opt/hostedtoolcache/Python/3.11.16/x64
2026-09-23T08:45:06.0114368Z   Python3_ROOT_DIR: /opt/hostedtoolcache/Python/3.11.16/x64
2026-09-23T08:45:06.0115410Z   LD_LIBRARY_PATH: /opt/hostedtoolcache/Python/3.11.16/x64/lib
2026-09-23T08:45:06.0116238Z ##[endgroup]
2026-09-23T08:45:07.0011778Z Collecting pytest
2026-09-23T08:45:07.0580114Z   Downloading pytest-9.1.1-py3-none-any.whl.metadata (7.6 kB)
2026-09-23T08:45:07.0702919Z Collecting iniconfig>=1.0.1 (from pytest)
2026-09-23T08:45:07.0772682Z   Downloading iniconfig-2.3.0-py3-none-any.whl.metadata (2.5 kB)
2026-09-23T08:45:07.0920959Z Collecting packaging>=22 (from pytest)
2026-09-23T08:45:07.0992175Z   Downloading packaging-26.3-py3-none-any.whl.metadata (3.5 kB)
2026-09-23T08:45:07.1109866Z Collecting pluggy<2,>=1.5 (from pytest)
2026-09-23T08:45:07.1178989Z   Downloading pluggy-1.6.0-py3-none-any.whl.metadata (4.8 kB)
2026-09-23T08:45:07.1362288Z Collecting pygments>=2.7.2 (from pytest)
2026-09-23T08:45:07.1430413Z   Downloading pygments-2.21.0-py3-none-any.whl.metadata (2.5 kB)
2026-09-23T08:45:07.1524805Z Downloading pytest-9.1.1-py3-none-any.whl (386 kB)
2026-09-23T08:45:07.1804689Z Downloading pluggy-1.6.0-py3-none-any.whl (20 kB)
2026-09-23T08:45:07.1872810Z Downloading iniconfig-2.3.0-py3-none-any.whl (7.5 kB)
2026-09-23T08:45:07.1939825Z Downloading packaging-26.3-py3-none-any.whl (129 kB)
2026-09-23T08:45:07.2026689Z Downloading pygments-2.21.0-py3-none-any.whl (1.3 MB)
2026-09-23T08:45:07.2375713Z    ââââââââââââââââââââââââââââââââââââââââ 1.3/1.3 MB 39.5 MB/s  0:00:00
2026-09-23T08:45:07.3085872Z Installing collected packages: pygments, pluggy, packaging, iniconfig, pytest
2026-09-23T08:45:08.3076860Z 
2026-09-23T08:45:08.3085435Z Successfully installed iniconfig-2.3.0 packaging-26.3 pluggy-1.6.0 pygments-2.21.0 pytest-9.1.1
2026-09-23T08:45:08.3669637Z ##[group]Run python automation/inject_mutation.py --error-type "AttributeError"
2026-09-23T08:45:08.3670304Z [36;1mpython automation/inject_mutation.py --error-type "AttributeError"[0m
2026-09-23T08:45:08.3710018Z shell: /usr/bin/bash -e {0}
2026-09-23T08:45:08.3710286Z env:
2026-09-23T08:45:08.3710812Z   pythonLocation: /opt/hostedtoolcache/Python/3.11.16/x64
2026-09-23T08:45:08.3711285Z   PKG_CONFIG_PATH: /opt/hostedtoolcache/Python/3.11.16/x64/lib/pkgconfig
2026-09-23T08:45:08.3711724Z   Python_ROOT_DIR: /opt/hostedtoolcache/Python/3.11.16/x64
2026-09-23T08:45:08.3712113Z   Python2_ROOT_DIR: /opt/hostedtoolcache/Python/3.11.16/x64
2026-09-23T08:45:08.3712532Z   Python3_ROOT_DIR: /opt/hostedtoolcache/Python/3.11.16/x64
2026-09-23T08:45:08.3712923Z   LD_LIBRARY_PATH: /opt/hostedtoolcache/Python/3.11.16/x64/lib
2026-09-23T08:45:08.3713277Z ##[endgroup]
2026-09-23T08:45:08.4018806Z [Mutation Injected] Successfully injected AttributeError into tests/test_app.py
2026-09-23T08:45:08.4091233Z ##[group]Run pytest tests/test_app.py -v
2026-09-23T08:45:08.4091603Z [36;1mpytest tests/test_app.py -v[0m
2026-09-23T08:45:08.4130142Z shell: /usr/bin/bash -e {0}
2026-09-23T08:45:08.4130393Z env:
2026-09-23T08:45:08.4130667Z   pythonLocation: /opt/hostedtoolcache/Python/3.11.16/x64
2026-09-23T08:45:08.4131118Z   PKG_CONFIG_PATH: /opt/hostedtoolcache/Python/3.11.16/x64/lib/pkgconfig
2026-09-23T08:45:08.4131564Z   Python_ROOT_DIR: /opt/hostedtoolcache/Python/3.11.16/x64
2026-09-23T08:45:08.4131935Z   Python2_ROOT_DIR: /opt/hostedtoolcache/Python/3.11.16/x64
2026-09-23T08:45:08.4132309Z   Python3_ROOT_DIR: /opt/hostedtoolcache/Python/3.11.16/x64
2026-09-23T08:45:08.4132685Z   LD_LIBRARY_PATH: /opt/hostedtoolcache/Python/3.11.16/x64/lib
2026-09-23T08:45:08.4133005Z ##[endgroup]
2026-09-23T08:45:08.8009804Z ============================= test session starts ==============================
2026-09-23T08:45:08.8011244Z platform linux -- Python 3.11.16, pytest-9.1.1, pluggy-1.6.0 -- /opt/hostedtoolcache/Python/3.11.16/x64/bin/python
2026-09-23T08:45:08.8012336Z cachedir: .pytest_cache
2026-09-23T08:45:08.8012963Z rootdir: /home/runner/work/log-generation/log-generation
2026-09-23T08:45:08.8013955Z configfile: pytest.ini
2026-09-23T08:45:08.8100278Z collecting ... collected 6 items
2026-09-23T08:45:08.8100810Z 
2026-09-23T08:45:08.8110123Z tests/test_app.py::test_calculate_division PASSED                        [ 16%]
2026-09-23T08:45:08.8118858Z tests/test_app.py::test_convert_to_int PASSED                            [ 33%]
2026-09-23T08:45:08.8127268Z tests/test_app.py::test_get_list_item PASSED                             [ 50%]
2026-09-23T08:45:08.8134374Z tests/test_app.py::test_get_dict_value PASSED                            [ 66%]
2026-09-23T08:45:08.8141100Z tests/test_app.py::test_assert_positive PASSED                           [ 83%]
2026-09-23T08:45:08.8442309Z tests/test_app.py::test_attribute_error FAILED                           [100%]
2026-09-23T08:45:08.8442934Z 
2026-09-23T08:45:08.8443201Z =================================== FAILURES ===================================
2026-09-23T08:45:08.8444177Z _____________________________ test_attribute_error _____________________________
2026-09-23T08:45:08.8444667Z 
2026-09-23T08:45:08.8444851Z     def test_attribute_error():
2026-09-23T08:45:08.8445323Z         """Injected synthetic AttributeError."""
2026-09-23T08:45:08.8445890Z         from src.app import get_object_attribute
2026-09-23T08:45:08.8446408Z >       get_object_attribute(object())
2026-09-23T08:45:08.8446725Z 
2026-09-23T08:45:08.8446881Z tests/test_app.py:137: 
2026-09-23T08:45:08.8447364Z _ _ _ _ _ _ _ _ _ _ _ _ _ _ _ _ _ _ _ _ _ _ _ _ _ _ _ _ _ _ _ _ _ _ _ _ _ _ _ _ 
2026-09-23T08:45:08.8447786Z 
2026-09-23T08:45:08.8447962Z obj = <object object at 0x7f69bc12d370>
2026-09-23T08:45:08.8448285Z 
2026-09-23T08:45:08.8448458Z     def get_object_attribute(obj):
2026-09-23T08:45:08.8448918Z >       return obj.non_existent_attribute
2026-09-23T08:45:08.8449404Z                ^^^^^^^^^^^^^^^^^^^^^^^^^^
2026-09-23T08:45:08.8450060Z E       AttributeError: 'object' object has no attribute 'non_existent_attribute'
2026-09-23T08:45:08.8450602Z 
2026-09-23T08:45:08.8450787Z src/app.py:14: AttributeError
2026-09-23T08:45:08.8451319Z =========================== short test summary info ============================
2026-09-23T08:45:08.8452821Z FAILED tests/test_app.py::test_attribute_error - AttributeError: 'object' object has no attribute 'non_existent_attribute'
2026-09-23T08:45:08.8454110Z ========================= 1 failed, 5 passed in 0.03s ==========================
2026-09-23T08:45:08.8664484Z ##[error]Process completed with exit code 1.
2026-09-23T08:45:08.8814390Z Node 20 is being deprecated. This workflow is running with Node 24 by default. If you need to temporarily use Node 20, you can set the ACTIONS_ALLOW_USE_UNSECURE_NODE_VERSION=true environment variable. For more information see: https://github.blog/changelog/2025-09-19-deprecation-of-node-20-on-github-actions-runners/
2026-09-23T08:45:08.8815688Z Post job cleanup.
2026-09-23T08:45:08.9715891Z [command]/usr/bin/git version
2026-09-23T08:45:08.9763083Z git version 2.55.0
2026-09-23T08:45:08.9808427Z Temporarily overriding HOME='/home/runner/work/_temp/ec534f1f-ac76-4a3c-b1c0-8a8915902dce' before making global git config changes
2026-09-23T08:45:08.9809585Z Adding repository directory to the temporary git global config as a safe directory
2026-09-23T08:45:08.9817160Z [command]/usr/bin/git config --global --add safe.directory /home/runner/work/log-generation/log-generation
2026-09-23T08:45:08.9858365Z [command]/usr/bin/git config --local --name-only --get-regexp core\.sshCommand
2026-09-23T08:45:08.9897799Z [command]/usr/bin/git submodule foreach --recursive sh -c "git config --local --name-only --get-regexp 'core\.sshCommand' && git config --local --unset-all 'core.sshCommand' || :"
2026-09-23T08:45:09.0161190Z [command]/usr/bin/git config --local --name-only --get-regexp http\.https\:\/\/github\.com\/\.extraheader
2026-09-23T08:45:09.0192727Z http.https://github.com/.extraheader
2026-09-23T08:45:09.0205533Z [command]/usr/bin/git config --local --unset-all http.https://github.com/.extraheader
2026-09-23T08:45:09.0265551Z [command]/usr/bin/git submodule foreach --recursive sh -c "git config --local --name-only --get-regexp 'http\.https\:\/\/github\.com\/\.extraheader' && git config --local --unset-all 'http.https://github.com/.extraheader' || :"
2026-09-23T08:45:09.0522753Z [command]/usr/bin/git config --local --name-only --get-regexp ^includeIf\.gitdir:
2026-09-23T08:45:09.0567542Z [command]/usr/bin/git submodule foreach --recursive git config --local --show-origin --name-only --get-regexp remote.origin.url
2026-09-23T08:45:09.1017399Z Cleaning up orphan processes
2026-09-23T08:45:09.1317009Z ##[warning]Node.js 20 is deprecated. The following actions target Node.js 20 but are being forced to run on Node.js 24: actions/checkout@v4, actions/setup-python@v5. For more information see: https://github.blog/changelog/2025-09-19-deprecation-of-node-20-on-github-actions-runners/
