ï»¿2026-09-23T08:48:47.2019218Z Current runner version: '2.337.0'
2026-09-23T08:48:47.2043641Z ##[group]Runner Image Provisioner
2026-09-23T08:48:47.2044792Z Hosted Compute Agent
2026-09-23T08:48:47.2045902Z Version: 20260828.587
2026-09-23T08:48:47.2046638Z Commit: abac92662cab4cc7352de4f9f9d2e2419aad9c29
2026-09-23T08:48:47.2047446Z Build Date: 2026-08-28T16:44:25Z
2026-09-23T08:48:47.2048146Z Worker ID: {90aaf503-e0fd-4b84-9930-d85d280e2049}
2026-09-23T08:48:47.2048865Z Azure Region: eastus2
2026-09-23T08:48:47.2049515Z ##[endgroup]
2026-09-23T08:48:47.2051670Z ##[group]Operating System
2026-09-23T08:48:47.2052406Z Ubuntu
2026-09-23T08:48:47.2052949Z 24.04.5
2026-09-23T08:48:47.2053475Z LTS
2026-09-23T08:48:47.2054392Z ##[endgroup]
2026-09-23T08:48:47.2055394Z ##[group]Runner Image
2026-09-23T08:48:47.2056088Z Image: ubuntu-24.04
2026-09-23T08:48:47.2056678Z Version: 20260920.314.1
2026-09-23T08:48:47.2058023Z Included Software: https://github.com/actions/runner-images/blob/ubuntu24/20260920.314/images/ubuntu/Ubuntu2404-Readme.md
2026-09-23T08:48:47.2059618Z Image Release: https://github.com/actions/runner-images/releases/tag/ubuntu24%2F20260920.314
2026-09-23T08:48:47.2060671Z ##[endgroup]
2026-09-23T08:48:47.2061859Z ##[group]GITHUB_TOKEN Permissions
2026-09-23T08:48:47.2064089Z Contents: read
2026-09-23T08:48:47.2064760Z Metadata: read
2026-09-23T08:48:47.2065534Z Packages: read
2026-09-23T08:48:47.2066159Z ##[endgroup]
2026-09-23T08:48:47.2068192Z Secret source: Actions
2026-09-23T08:48:47.2069233Z Cache mode: write
2026-09-23T08:48:47.2070202Z Prepare workflow directory
2026-09-23T08:48:47.2393984Z Prepare all required actions
2026-09-23T08:48:47.2441611Z Getting action download info
2026-09-23T08:48:47.4734239Z Download action repository 'actions/checkout@v4' (SHA:11d5960a326750d5838078e36cf38b85af677262)
2026-09-23T08:48:51.7084435Z Download action repository 'actions/setup-python@v5' (SHA:a26af69be951a213d495a4c3e4e4022e16d87065)
2026-09-23T08:48:53.1837566Z Complete job name: test-f3 (FileNotFoundError #87)
2026-09-23T08:48:53.2586234Z Node 20 is being deprecated. This workflow is running with Node 24 by default. If you need to temporarily use Node 20, you can set the ACTIONS_ALLOW_USE_UNSECURE_NODE_VERSION=true environment variable. For more information see: https://github.blog/changelog/2025-09-19-deprecation-of-node-20-on-github-actions-runners/
2026-09-23T08:48:53.2594043Z ##[group]Run actions/checkout@v4
2026-09-23T08:48:53.2594559Z with:
2026-09-23T08:48:53.2594816Z   fetch-depth: 1
2026-09-23T08:48:53.2595635Z   repository: DhruvHegde/log-generation
2026-09-23T08:48:53.2598612Z   token: ***
2026-09-23T08:48:53.2598871Z   ssh-strict: true
2026-09-23T08:48:53.2599127Z   ssh-user: git
2026-09-23T08:48:53.2599390Z   persist-credentials: true
2026-09-23T08:48:53.2599679Z   clean: true
2026-09-23T08:48:53.2599938Z   sparse-checkout-cone-mode: true
2026-09-23T08:48:53.2600252Z   fetch-tags: false
2026-09-23T08:48:53.2600522Z   show-progress: true
2026-09-23T08:48:53.2600789Z   lfs: false
2026-09-23T08:48:53.2601069Z   submodules: false
2026-09-23T08:48:53.2601348Z   set-safe-directory: true
2026-09-23T08:48:53.2601650Z   allow-unsafe-pr-checkout: false
2026-09-23T08:48:53.2602280Z ##[endgroup]
2026-09-23T08:48:53.3618636Z Syncing repository: DhruvHegde/log-generation
2026-09-23T08:48:53.3620706Z ##[group]Getting Git version info
2026-09-23T08:48:53.3621506Z Working directory is '/home/runner/work/log-generation/log-generation'
2026-09-23T08:48:53.3622658Z [command]/usr/bin/git version
2026-09-23T08:48:53.3706851Z git version 2.55.0
2026-09-23T08:48:53.3739499Z ##[endgroup]
2026-09-23T08:48:53.3758172Z Temporarily overriding HOME='/home/runner/work/_temp/2a39c455-631f-4e2f-a704-f919ce4c87c5' before making global git config changes
2026-09-23T08:48:53.3760128Z Adding repository directory to the temporary git global config as a safe directory
2026-09-23T08:48:53.3763781Z [command]/usr/bin/git config --global --add safe.directory /home/runner/work/log-generation/log-generation
2026-09-23T08:48:53.3822993Z Deleting the contents of '/home/runner/work/log-generation/log-generation'
2026-09-23T08:48:53.3839064Z ##[group]Initializing the repository
2026-09-23T08:48:53.3844238Z [command]/usr/bin/git init /home/runner/work/log-generation/log-generation
2026-09-23T08:48:53.3980966Z hint: Using 'master' as the name for the initial branch. This default branch name
2026-09-23T08:48:53.3982074Z hint: will change to "main" in Git 3.0. To configure the initial branch name
2026-09-23T08:48:53.3983347Z hint: to use in all of your new repositories, which will suppress this warning,
2026-09-23T08:48:53.3984124Z hint: call:
2026-09-23T08:48:53.3984498Z hint:
2026-09-23T08:48:53.3985259Z hint: 	git config --global init.defaultBranch <name>
2026-09-23T08:48:53.3985907Z hint:
2026-09-23T08:48:53.3986492Z hint: Names commonly chosen instead of 'master' are 'main', 'trunk' and
2026-09-23T08:48:53.3987470Z hint: 'development'. The just-created branch can be renamed via this command:
2026-09-23T08:48:53.3988231Z hint:
2026-09-23T08:48:53.3988681Z hint: 	git branch -m <name>
2026-09-23T08:48:53.3989153Z hint:
2026-09-23T08:48:53.3989802Z hint: Disable this message with "git config set advice.defaultBranchName false"
2026-09-23T08:48:53.3991132Z Initialized empty Git repository in /home/runner/work/log-generation/log-generation/.git/
2026-09-23T08:48:53.3996822Z [command]/usr/bin/git remote add origin https://github.com/DhruvHegde/log-generation
2026-09-23T08:48:53.4051489Z ##[endgroup]
2026-09-23T08:48:53.4052357Z ##[group]Disabling automatic garbage collection
2026-09-23T08:48:53.4055502Z [command]/usr/bin/git config --local gc.auto 0
2026-09-23T08:48:53.4088881Z ##[endgroup]
2026-09-23T08:48:53.4089708Z ##[group]Setting up auth
2026-09-23T08:48:53.4096724Z [command]/usr/bin/git config --local --name-only --get-regexp core\.sshCommand
2026-09-23T08:48:53.4139269Z [command]/usr/bin/git submodule foreach --recursive sh -c "git config --local --name-only --get-regexp 'core\.sshCommand' && git config --local --unset-all 'core.sshCommand' || :"
2026-09-23T08:48:53.4594349Z [command]/usr/bin/git config --local --name-only --get-regexp http\.https\:\/\/github\.com\/\.extraheader
2026-09-23T08:48:53.4631017Z [command]/usr/bin/git submodule foreach --recursive sh -c "git config --local --name-only --get-regexp 'http\.https\:\/\/github\.com\/\.extraheader' && git config --local --unset-all 'http.https://github.com/.extraheader' || :"
2026-09-23T08:48:53.4859525Z [command]/usr/bin/git config --local --name-only --get-regexp ^includeIf\.gitdir:
2026-09-23T08:48:53.4894535Z [command]/usr/bin/git submodule foreach --recursive git config --local --show-origin --name-only --get-regexp remote.origin.url
2026-09-23T08:48:53.5118952Z [command]/usr/bin/git config --local http.https://github.com/.extraheader AUTHORIZATION: basic ***
2026-09-23T08:48:53.5159776Z ##[endgroup]
2026-09-23T08:48:53.5160666Z ##[group]Fetching the repository
2026-09-23T08:48:53.5169768Z [command]/usr/bin/git -c protocol.version=2 fetch --no-tags --prune --no-recurse-submodules --depth=1 origin +43f20917de93b9aad51cf79a69ad5239c5632917:refs/remotes/origin/feature/f3-test-failures
2026-09-23T08:48:53.8184286Z From https://github.com/DhruvHegde/log-generation
2026-09-23T08:48:53.8185839Z  * [new ref]         43f20917de93b9aad51cf79a69ad5239c5632917 -> origin/feature/f3-test-failures
2026-09-23T08:48:53.8205471Z ##[endgroup]
2026-09-23T08:48:53.8206360Z ##[group]Determining the checkout info
2026-09-23T08:48:53.8207235Z ##[endgroup]
2026-09-23T08:48:53.8207735Z [command]/usr/bin/git sparse-checkout disable
2026-09-23T08:48:53.8264525Z [command]/usr/bin/git config --local --unset-all extensions.worktreeConfig
2026-09-23T08:48:53.8298740Z ##[group]Checking out the ref
2026-09-23T08:48:53.8304545Z [command]/usr/bin/git checkout --progress --force -B feature/f3-test-failures refs/remotes/origin/feature/f3-test-failures
2026-09-23T08:48:53.8703052Z Switched to a new branch 'feature/f3-test-failures'
2026-09-23T08:48:53.8709428Z branch 'feature/f3-test-failures' set up to track 'origin/feature/f3-test-failures'.
2026-09-23T08:48:53.8716454Z ##[endgroup]
2026-09-23T08:48:53.8772831Z [command]/usr/bin/git log -1 --format=%H
2026-09-23T08:48:53.8801407Z 43f20917de93b9aad51cf79a69ad5239c5632917
2026-09-23T08:48:53.9057130Z Node 20 is being deprecated. This workflow is running with Node 24 by default. If you need to temporarily use Node 20, you can set the ACTIONS_ALLOW_USE_UNSECURE_NODE_VERSION=true environment variable. For more information see: https://github.blog/changelog/2025-09-19-deprecation-of-node-20-on-github-actions-runners/
2026-09-23T08:48:53.9058947Z ##[group]Run actions/setup-python@v5
2026-09-23T08:48:53.9059221Z with:
2026-09-23T08:48:53.9059446Z   python-version: 3.11
2026-09-23T08:48:53.9059708Z   check-latest: false
2026-09-23T08:48:53.9062570Z   token: ***
2026-09-23T08:48:53.9062787Z   update-environment: true
2026-09-23T08:48:53.9063037Z   allow-prereleases: false
2026-09-23T08:48:53.9063270Z   freethreaded: false
2026-09-23T08:48:53.9063481Z ##[endgroup]
2026-09-23T08:48:54.0366150Z ##[group]Installed versions
2026-09-23T08:48:54.8350289Z (node:2245) [DEP0040] DeprecationWarning: The `punycode` module is deprecated. Please use a userland alternative instead.
2026-09-23T08:48:54.8351481Z (Use `node --trace-deprecation ...` to show where the warning was created)
2026-09-23T08:48:54.8352581Z Successfully set up CPython (3.11.16)
2026-09-23T08:48:54.8353529Z ##[endgroup]
2026-09-23T08:48:54.8590900Z ##[group]Run pip install --no-cache-dir pytest
2026-09-23T08:48:54.8591452Z [36;1mpip install --no-cache-dir pytest[0m
2026-09-23T08:48:54.9663130Z shell: /usr/bin/bash -e {0}
2026-09-23T08:48:54.9663631Z env:
2026-09-23T08:48:54.9664035Z   pythonLocation: /opt/hostedtoolcache/Python/3.11.16/x64
2026-09-23T08:48:54.9664676Z   PKG_CONFIG_PATH: /opt/hostedtoolcache/Python/3.11.16/x64/lib/pkgconfig
2026-09-23T08:48:54.9665524Z   Python_ROOT_DIR: /opt/hostedtoolcache/Python/3.11.16/x64
2026-09-23T08:48:54.9666022Z   Python2_ROOT_DIR: /opt/hostedtoolcache/Python/3.11.16/x64
2026-09-23T08:48:54.9666501Z   Python3_ROOT_DIR: /opt/hostedtoolcache/Python/3.11.16/x64
2026-09-23T08:48:54.9667033Z   LD_LIBRARY_PATH: /opt/hostedtoolcache/Python/3.11.16/x64/lib
2026-09-23T08:48:54.9667445Z ##[endgroup]
2026-09-23T08:49:00.1954612Z Collecting pytest
2026-09-23T08:49:00.2602878Z   Downloading pytest-9.1.1-py3-none-any.whl.metadata (7.6 kB)
2026-09-23T08:49:00.2719852Z Collecting iniconfig>=1.0.1 (from pytest)
2026-09-23T08:49:00.2792323Z   Downloading iniconfig-2.3.0-py3-none-any.whl.metadata (2.5 kB)
2026-09-23T08:49:00.2936625Z Collecting packaging>=22 (from pytest)
2026-09-23T08:49:00.3010046Z   Downloading packaging-26.3-py3-none-any.whl.metadata (3.5 kB)
2026-09-23T08:49:00.3123493Z Collecting pluggy<2,>=1.5 (from pytest)
2026-09-23T08:49:00.3193130Z   Downloading pluggy-1.6.0-py3-none-any.whl.metadata (4.8 kB)
2026-09-23T08:49:00.3366263Z Collecting pygments>=2.7.2 (from pytest)
2026-09-23T08:49:00.3436488Z   Downloading pygments-2.21.0-py3-none-any.whl.metadata (2.5 kB)
2026-09-23T08:49:00.3531908Z Downloading pytest-9.1.1-py3-none-any.whl (386 kB)
2026-09-23T08:49:00.3834825Z Downloading pluggy-1.6.0-py3-none-any.whl (20 kB)
2026-09-23T08:49:00.3916363Z Downloading iniconfig-2.3.0-py3-none-any.whl (7.5 kB)
2026-09-23T08:49:00.3978514Z Downloading packaging-26.3-py3-none-any.whl (129 kB)
2026-09-23T08:49:00.4073681Z Downloading pygments-2.21.0-py3-none-any.whl (1.3 MB)
2026-09-23T08:49:00.4448406Z    ââââââââââââââââââââââââââââââââââââââââ 1.3/1.3 MB 35.4 MB/s  0:00:00
2026-09-23T08:49:00.7262532Z Installing collected packages: pygments, pluggy, packaging, iniconfig, pytest
2026-09-23T08:49:01.6936948Z 
2026-09-23T08:49:01.6948056Z Successfully installed iniconfig-2.3.0 packaging-26.3 pluggy-1.6.0 pygments-2.21.0 pytest-9.1.1
2026-09-23T08:49:01.7456509Z ##[group]Run python automation/inject_mutation.py --error-type "FileNotFoundError"
2026-09-23T08:49:01.7457180Z [36;1mpython automation/inject_mutation.py --error-type "FileNotFoundError"[0m
2026-09-23T08:49:01.7520228Z shell: /usr/bin/bash -e {0}
2026-09-23T08:49:01.7520480Z env:
2026-09-23T08:49:01.7520926Z   pythonLocation: /opt/hostedtoolcache/Python/3.11.16/x64
2026-09-23T08:49:01.7521377Z   PKG_CONFIG_PATH: /opt/hostedtoolcache/Python/3.11.16/x64/lib/pkgconfig
2026-09-23T08:49:01.7521825Z   Python_ROOT_DIR: /opt/hostedtoolcache/Python/3.11.16/x64
2026-09-23T08:49:01.7522214Z   Python2_ROOT_DIR: /opt/hostedtoolcache/Python/3.11.16/x64
2026-09-23T08:49:01.7522620Z   Python3_ROOT_DIR: /opt/hostedtoolcache/Python/3.11.16/x64
2026-09-23T08:49:01.7523021Z   LD_LIBRARY_PATH: /opt/hostedtoolcache/Python/3.11.16/x64/lib
2026-09-23T08:49:01.7523350Z ##[endgroup]
2026-09-23T08:49:01.7839927Z [Mutation Injected] Successfully injected FileNotFoundError into tests/test_app.py
2026-09-23T08:49:01.7905646Z ##[group]Run pytest tests/test_app.py -v
2026-09-23T08:49:01.7906019Z [36;1mpytest tests/test_app.py -v[0m
2026-09-23T08:49:01.7962625Z shell: /usr/bin/bash -e {0}
2026-09-23T08:49:01.7962874Z env:
2026-09-23T08:49:01.7963150Z   pythonLocation: /opt/hostedtoolcache/Python/3.11.16/x64
2026-09-23T08:49:01.7963614Z   PKG_CONFIG_PATH: /opt/hostedtoolcache/Python/3.11.16/x64/lib/pkgconfig
2026-09-23T08:49:01.7964065Z   Python_ROOT_DIR: /opt/hostedtoolcache/Python/3.11.16/x64
2026-09-23T08:49:01.7964442Z   Python2_ROOT_DIR: /opt/hostedtoolcache/Python/3.11.16/x64
2026-09-23T08:49:01.7965126Z   Python3_ROOT_DIR: /opt/hostedtoolcache/Python/3.11.16/x64
2026-09-23T08:49:01.7965533Z   LD_LIBRARY_PATH: /opt/hostedtoolcache/Python/3.11.16/x64/lib
2026-09-23T08:49:01.7965857Z ##[endgroup]
2026-09-23T08:49:02.4226093Z ============================= test session starts ==============================
2026-09-23T08:49:02.4227291Z platform linux -- Python 3.11.16, pytest-9.1.1, pluggy-1.6.0 -- /opt/hostedtoolcache/Python/3.11.16/x64/bin/python
2026-09-23T08:49:02.4228291Z cachedir: .pytest_cache
2026-09-23T08:49:02.4228857Z rootdir: /home/runner/work/log-generation/log-generation
2026-09-23T08:49:02.4229494Z configfile: pytest.ini
2026-09-23T08:49:02.4317898Z collecting ... collected 6 items
2026-09-23T08:49:02.4318263Z 
2026-09-23T08:49:02.4327167Z tests/test_app.py::test_calculate_division PASSED                        [ 16%]
2026-09-23T08:49:02.4334793Z tests/test_app.py::test_convert_to_int PASSED                            [ 33%]
2026-09-23T08:49:02.4342688Z tests/test_app.py::test_get_list_item PASSED                             [ 50%]
2026-09-23T08:49:02.4350230Z tests/test_app.py::test_get_dict_value PASSED                            [ 66%]
2026-09-23T08:49:02.4357524Z tests/test_app.py::test_assert_positive PASSED                           [ 83%]
2026-09-23T08:49:02.4625876Z tests/test_app.py::test_file_not_found_error FAILED                      [100%]
2026-09-23T08:49:02.4626438Z 
2026-09-23T08:49:02.4626689Z =================================== FAILURES ===================================
2026-09-23T08:49:02.4627367Z __________________________ test_file_not_found_error ___________________________
2026-09-23T08:49:02.4627827Z 
2026-09-23T08:49:02.4627985Z     def test_file_not_found_error():
2026-09-23T08:49:02.4628475Z         """Injected synthetic FileNotFoundError."""
2026-09-23T08:49:02.4629087Z         from src.app import read_config_file
2026-09-23T08:49:02.4629766Z >       read_config_file("fixtures/non_existent_pipeline_config.json")
2026-09-23T08:49:02.4630277Z 
2026-09-23T08:49:02.4630449Z tests/test_app.py:139: 
2026-09-23T08:49:02.4630963Z _ _ _ _ _ _ _ _ _ _ _ _ _ _ _ _ _ _ _ _ _ _ _ _ _ _ _ _ _ _ _ _ _ _ _ _ _ _ _ _ 
2026-09-23T08:49:02.4631452Z 
2026-09-23T08:49:02.4631689Z path = 'fixtures/non_existent_pipeline_config.json'
2026-09-23T08:49:02.4632104Z 
2026-09-23T08:49:02.4632270Z     def read_config_file(path):
2026-09-23T08:49:02.4632730Z >       with open(path, "r") as f:
2026-09-23T08:49:02.4633189Z              ^^^^^^^^^^^^^^^
2026-09-23T08:49:02.4634007Z E       FileNotFoundError: [Errno 2] No such file or directory: 'fixtures/non_existent_pipeline_config.json'
2026-09-23T08:49:02.4634744Z 
2026-09-23T08:49:02.4635182Z src/app.py:17: FileNotFoundError
2026-09-23T08:49:02.4635780Z =========================== short test summary info ============================
2026-09-23T08:49:02.4637425Z FAILED tests/test_app.py::test_file_not_found_error - FileNotFoundError: [Errno 2] No such file or directory: 'fixtures/non_existent_pipeline_config.json'
2026-09-23T08:49:02.4638743Z ========================= 1 failed, 5 passed in 0.03s ==========================
2026-09-23T08:49:02.4816600Z ##[error]Process completed with exit code 1.
2026-09-23T08:49:02.4954661Z Node 20 is being deprecated. This workflow is running with Node 24 by default. If you need to temporarily use Node 20, you can set the ACTIONS_ALLOW_USE_UNSECURE_NODE_VERSION=true environment variable. For more information see: https://github.blog/changelog/2025-09-19-deprecation-of-node-20-on-github-actions-runners/
2026-09-23T08:49:02.4956109Z Post job cleanup.
2026-09-23T08:49:02.5781471Z [command]/usr/bin/git version
2026-09-23T08:49:02.5825534Z git version 2.55.0
2026-09-23T08:49:02.5863116Z Temporarily overriding HOME='/home/runner/work/_temp/541a4e40-6b6b-4bba-82d7-dbc5c2b5b875' before making global git config changes
2026-09-23T08:49:02.5864644Z Adding repository directory to the temporary git global config as a safe directory
2026-09-23T08:49:02.5870304Z [command]/usr/bin/git config --global --add safe.directory /home/runner/work/log-generation/log-generation
2026-09-23T08:49:02.5912663Z [command]/usr/bin/git config --local --name-only --get-regexp core\.sshCommand
2026-09-23T08:49:02.5948755Z [command]/usr/bin/git submodule foreach --recursive sh -c "git config --local --name-only --get-regexp 'core\.sshCommand' && git config --local --unset-all 'core.sshCommand' || :"
2026-09-23T08:49:02.6203840Z [command]/usr/bin/git config --local --name-only --get-regexp http\.https\:\/\/github\.com\/\.extraheader
2026-09-23T08:49:02.6238592Z http.https://github.com/.extraheader
2026-09-23T08:49:02.6251935Z [command]/usr/bin/git config --local --unset-all http.https://github.com/.extraheader
2026-09-23T08:49:02.6288242Z [command]/usr/bin/git submodule foreach --recursive sh -c "git config --local --name-only --get-regexp 'http\.https\:\/\/github\.com\/\.extraheader' && git config --local --unset-all 'http.https://github.com/.extraheader' || :"
2026-09-23T08:49:02.6594578Z [command]/usr/bin/git config --local --name-only --get-regexp ^includeIf\.gitdir:
2026-09-23T08:49:02.6634639Z [command]/usr/bin/git submodule foreach --recursive git config --local --show-origin --name-only --get-regexp remote.origin.url
2026-09-23T08:49:02.7029106Z Cleaning up orphan processes
2026-09-23T08:49:02.7313879Z ##[warning]Node.js 20 is deprecated. The following actions target Node.js 20 but are being forced to run on Node.js 24: actions/checkout@v4, actions/setup-python@v5. For more information see: https://github.blog/changelog/2025-09-19-deprecation-of-node-20-on-github-actions-runners/
