ï»¿2026-09-23T08:45:42.6825275Z Current runner version: '2.337.0'
2026-09-23T08:45:42.6862414Z ##[group]Runner Image Provisioner
2026-09-23T08:45:42.6863789Z Hosted Compute Agent
2026-09-23T08:45:42.6865222Z Version: 20260828.587
2026-09-23T08:45:42.6866343Z Commit: abac92662cab4cc7352de4f9f9d2e2419aad9c29
2026-09-23T08:45:42.6867611Z Build Date: 2026-08-28T16:44:25Z
2026-09-23T08:45:42.6869212Z Worker ID: {60a3778d-bf66-40ad-a851-2148570d59e6}
2026-09-23T08:45:42.6870806Z Azure Region: eastus
2026-09-23T08:45:42.6871926Z ##[endgroup]
2026-09-23T08:45:42.6874723Z ##[group]Operating System
2026-09-23T08:45:42.6875791Z Ubuntu
2026-09-23T08:45:42.6876800Z 24.04.5
2026-09-23T08:45:42.6877717Z LTS
2026-09-23T08:45:42.6878804Z ##[endgroup]
2026-09-23T08:45:42.6879848Z ##[group]Runner Image
2026-09-23T08:45:42.6881113Z Image: ubuntu-24.04
2026-09-23T08:45:42.6882280Z Version: 20260907.300.1
2026-09-23T08:45:42.6884926Z Included Software: https://github.com/actions/runner-images/blob/ubuntu24/20260907.300/images/ubuntu/Ubuntu2404-Readme.md
2026-09-23T08:45:42.6887767Z Image Release: https://github.com/actions/runner-images/releases/tag/ubuntu24%2F20260907.300
2026-09-23T08:45:42.6889581Z ##[endgroup]
2026-09-23T08:45:42.6891635Z ##[group]GITHUB_TOKEN Permissions
2026-09-23T08:45:42.6894637Z Contents: read
2026-09-23T08:45:42.6895657Z Metadata: read
2026-09-23T08:45:42.6896780Z Packages: read
2026-09-23T08:45:42.6897831Z ##[endgroup]
2026-09-23T08:45:42.6900896Z Secret source: Actions
2026-09-23T08:45:42.6902564Z Cache mode: write
2026-09-23T08:45:42.6903675Z Prepare workflow directory
2026-09-23T08:45:42.7405096Z Prepare all required actions
2026-09-23T08:45:42.7480291Z Getting action download info
2026-09-23T08:45:42.9416188Z Download action repository 'actions/checkout@v4' (SHA:11d5960a326750d5838078e36cf38b85af677262)
2026-09-23T08:45:43.0554721Z Download action repository 'actions/setup-python@v5' (SHA:a26af69be951a213d495a4c3e4e4022e16d87065)
2026-09-23T08:45:43.2593347Z Complete job name: test-f3 (ValueError #219)
2026-09-23T08:45:43.3378316Z Node 20 is being deprecated. This workflow is running with Node 24 by default. If you need to temporarily use Node 20, you can set the ACTIONS_ALLOW_USE_UNSECURE_NODE_VERSION=true environment variable. For more information see: https://github.blog/changelog/2025-09-19-deprecation-of-node-20-on-github-actions-runners/
2026-09-23T08:45:43.3387451Z ##[group]Run actions/checkout@v4
2026-09-23T08:45:43.3388217Z with:
2026-09-23T08:45:43.3388662Z   fetch-depth: 1
2026-09-23T08:45:43.3389161Z   repository: DhruvHegde/log-generation
2026-09-23T08:45:43.3393287Z   token: ***
2026-09-23T08:45:43.3393722Z   ssh-strict: true
2026-09-23T08:45:43.3394427Z   ssh-user: git
2026-09-23T08:45:43.3394891Z   persist-credentials: true
2026-09-23T08:45:43.3395394Z   clean: true
2026-09-23T08:45:43.3395853Z   sparse-checkout-cone-mode: true
2026-09-23T08:45:43.3396380Z   fetch-tags: false
2026-09-23T08:45:43.3396837Z   show-progress: true
2026-09-23T08:45:43.3397288Z   lfs: false
2026-09-23T08:45:43.3397978Z   submodules: false
2026-09-23T08:45:43.3398533Z   set-safe-directory: true
2026-09-23T08:45:43.3399058Z   allow-unsafe-pr-checkout: false
2026-09-23T08:45:43.3400001Z ##[endgroup]
2026-09-23T08:45:43.4440038Z Syncing repository: DhruvHegde/log-generation
2026-09-23T08:45:43.4442297Z ##[group]Getting Git version info
2026-09-23T08:45:43.4443609Z Working directory is '/home/runner/work/log-generation/log-generation'
2026-09-23T08:45:43.4445817Z [command]/usr/bin/git version
2026-09-23T08:45:43.4513357Z git version 2.55.0
2026-09-23T08:45:43.4540872Z ##[endgroup]
2026-09-23T08:45:43.4559455Z Temporarily overriding HOME='/home/runner/work/_temp/7c9e4e40-25f9-4db9-b102-ea85ce0e6821' before making global git config changes
2026-09-23T08:45:43.4561975Z Adding repository directory to the temporary git global config as a safe directory
2026-09-23T08:45:43.4566841Z [command]/usr/bin/git config --global --add safe.directory /home/runner/work/log-generation/log-generation
2026-09-23T08:45:43.4625591Z Deleting the contents of '/home/runner/work/log-generation/log-generation'
2026-09-23T08:45:43.4631845Z ##[group]Initializing the repository
2026-09-23T08:45:43.4636786Z [command]/usr/bin/git init /home/runner/work/log-generation/log-generation
2026-09-23T08:45:43.4768021Z hint: Using 'master' as the name for the initial branch. This default branch name
2026-09-23T08:45:43.4770325Z hint: will change to "main" in Git 3.0. To configure the initial branch name
2026-09-23T08:45:43.4772168Z hint: to use in all of your new repositories, which will suppress this warning,
2026-09-23T08:45:43.4773775Z hint: call:
2026-09-23T08:45:43.4775103Z hint:
2026-09-23T08:45:43.4776119Z hint: 	git config --global init.defaultBranch <name>
2026-09-23T08:45:43.4777178Z hint:
2026-09-23T08:45:43.4778171Z hint: Names commonly chosen instead of 'master' are 'main', 'trunk' and
2026-09-23T08:45:43.4779844Z hint: 'development'. The just-created branch can be renamed via this command:
2026-09-23T08:45:43.4781251Z hint:
2026-09-23T08:45:43.4782096Z hint: 	git branch -m <name>
2026-09-23T08:45:43.4782984Z hint:
2026-09-23T08:45:43.4784441Z hint: Disable this message with "git config set advice.defaultBranchName false"
2026-09-23T08:45:43.4786438Z Initialized empty Git repository in /home/runner/work/log-generation/log-generation/.git/
2026-09-23T08:45:43.4789410Z [command]/usr/bin/git remote add origin https://github.com/DhruvHegde/log-generation
2026-09-23T08:45:43.4835974Z ##[endgroup]
2026-09-23T08:45:43.4837296Z ##[group]Disabling automatic garbage collection
2026-09-23T08:45:43.4841145Z [command]/usr/bin/git config --local gc.auto 0
2026-09-23T08:45:43.4873619Z ##[endgroup]
2026-09-23T08:45:43.4875615Z ##[group]Setting up auth
2026-09-23T08:45:43.4881657Z [command]/usr/bin/git config --local --name-only --get-regexp core\.sshCommand
2026-09-23T08:45:43.4926694Z [command]/usr/bin/git submodule foreach --recursive sh -c "git config --local --name-only --get-regexp 'core\.sshCommand' && git config --local --unset-all 'core.sshCommand' || :"
2026-09-23T08:45:43.5335799Z [command]/usr/bin/git config --local --name-only --get-regexp http\.https\:\/\/github\.com\/\.extraheader
2026-09-23T08:45:43.5371967Z [command]/usr/bin/git submodule foreach --recursive sh -c "git config --local --name-only --get-regexp 'http\.https\:\/\/github\.com\/\.extraheader' && git config --local --unset-all 'http.https://github.com/.extraheader' || :"
2026-09-23T08:45:43.5601830Z [command]/usr/bin/git config --local --name-only --get-regexp ^includeIf\.gitdir:
2026-09-23T08:45:43.5639604Z [command]/usr/bin/git submodule foreach --recursive git config --local --show-origin --name-only --get-regexp remote.origin.url
2026-09-23T08:45:43.5868980Z [command]/usr/bin/git config --local http.https://github.com/.extraheader AUTHORIZATION: basic ***
2026-09-23T08:45:43.5909734Z ##[endgroup]
2026-09-23T08:45:43.5910728Z ##[group]Fetching the repository
2026-09-23T08:45:43.5920769Z [command]/usr/bin/git -c protocol.version=2 fetch --no-tags --prune --no-recurse-submodules --depth=1 origin +dfcb6f158e4bd8054252a4da5d0a9edc2ab15d57:refs/remotes/origin/feature/f3-test-failures
2026-09-23T08:45:43.8360192Z From https://github.com/DhruvHegde/log-generation
2026-09-23T08:45:43.8363639Z  * [new ref]         dfcb6f158e4bd8054252a4da5d0a9edc2ab15d57 -> origin/feature/f3-test-failures
2026-09-23T08:45:43.8369219Z ##[endgroup]
2026-09-23T08:45:43.8370781Z ##[group]Determining the checkout info
2026-09-23T08:45:43.8372488Z ##[endgroup]
2026-09-23T08:45:43.8373868Z [command]/usr/bin/git sparse-checkout disable
2026-09-23T08:45:43.8427108Z [command]/usr/bin/git config --local --unset-all extensions.worktreeConfig
2026-09-23T08:45:43.8460206Z ##[group]Checking out the ref
2026-09-23T08:45:43.8465554Z [command]/usr/bin/git checkout --progress --force -B feature/f3-test-failures refs/remotes/origin/feature/f3-test-failures
2026-09-23T08:45:43.8560004Z Switched to a new branch 'feature/f3-test-failures'
2026-09-23T08:45:43.8566887Z branch 'feature/f3-test-failures' set up to track 'origin/feature/f3-test-failures'.
2026-09-23T08:45:43.8575118Z ##[endgroup]
2026-09-23T08:45:43.8618953Z [command]/usr/bin/git log -1 --format=%H
2026-09-23T08:45:43.8646384Z dfcb6f158e4bd8054252a4da5d0a9edc2ab15d57
2026-09-23T08:45:43.9020643Z Node 20 is being deprecated. This workflow is running with Node 24 by default. If you need to temporarily use Node 20, you can set the ACTIONS_ALLOW_USE_UNSECURE_NODE_VERSION=true environment variable. For more information see: https://github.blog/changelog/2025-09-19-deprecation-of-node-20-on-github-actions-runners/
2026-09-23T08:45:43.9026540Z ##[group]Run actions/setup-python@v5
2026-09-23T08:45:43.9027623Z with:
2026-09-23T08:45:43.9028411Z   python-version: 3.11
2026-09-23T08:45:43.9029335Z   check-latest: false
2026-09-23T08:45:43.9039963Z   token: ***
2026-09-23T08:45:43.9040830Z   update-environment: true
2026-09-23T08:45:43.9041837Z   allow-prereleases: false
2026-09-23T08:45:43.9042815Z   freethreaded: false
2026-09-23T08:45:43.9043704Z ##[endgroup]
2026-09-23T08:45:44.0425822Z ##[group]Installed versions
2026-09-23T08:45:44.0520894Z (node:2256) [DEP0040] DeprecationWarning: The `punycode` module is deprecated. Please use a userland alternative instead.
2026-09-23T08:45:44.0523443Z (Use `node --trace-deprecation ...` to show where the warning was created)
2026-09-23T08:45:44.0525255Z Successfully set up CPython (3.11.16)
2026-09-23T08:45:44.0527075Z ##[endgroup]
2026-09-23T08:45:44.0722295Z ##[group]Run pip install --no-cache-dir pytest
2026-09-23T08:45:44.0723334Z [36;1mpip install --no-cache-dir pytest[0m
2026-09-23T08:45:44.0794813Z shell: /usr/bin/bash -e {0}
2026-09-23T08:45:44.0796180Z env:
2026-09-23T08:45:44.0797402Z   pythonLocation: /opt/hostedtoolcache/Python/3.11.16/x64
2026-09-23T08:45:44.0799159Z   PKG_CONFIG_PATH: /opt/hostedtoolcache/Python/3.11.16/x64/lib/pkgconfig
2026-09-23T08:45:44.0800926Z   Python_ROOT_DIR: /opt/hostedtoolcache/Python/3.11.16/x64
2026-09-23T08:45:44.0802335Z   Python2_ROOT_DIR: /opt/hostedtoolcache/Python/3.11.16/x64
2026-09-23T08:45:44.0803650Z   Python3_ROOT_DIR: /opt/hostedtoolcache/Python/3.11.16/x64
2026-09-23T08:45:44.0804965Z   LD_LIBRARY_PATH: /opt/hostedtoolcache/Python/3.11.16/x64/lib
2026-09-23T08:45:44.0806930Z ##[endgroup]
2026-09-23T08:45:44.9121899Z Collecting pytest
2026-09-23T08:45:44.9614724Z   Downloading pytest-9.1.1-py3-none-any.whl.metadata (7.6 kB)
2026-09-23T08:45:44.9704370Z Collecting iniconfig>=1.0.1 (from pytest)
2026-09-23T08:45:44.9740974Z   Downloading iniconfig-2.3.0-py3-none-any.whl.metadata (2.5 kB)
2026-09-23T08:45:44.9845932Z Collecting packaging>=22 (from pytest)
2026-09-23T08:45:44.9880465Z   Downloading packaging-26.3-py3-none-any.whl.metadata (3.5 kB)
2026-09-23T08:45:44.9958404Z Collecting pluggy<2,>=1.5 (from pytest)
2026-09-23T08:45:44.9992754Z   Downloading pluggy-1.6.0-py3-none-any.whl.metadata (4.8 kB)
2026-09-23T08:45:45.0133850Z Collecting pygments>=2.7.2 (from pytest)
2026-09-23T08:45:45.0170518Z   Downloading pygments-2.21.0-py3-none-any.whl.metadata (2.5 kB)
2026-09-23T08:45:45.0231351Z Downloading pytest-9.1.1-py3-none-any.whl (386 kB)
2026-09-23T08:45:45.0453827Z Downloading pluggy-1.6.0-py3-none-any.whl (20 kB)
2026-09-23T08:45:45.0498715Z Downloading iniconfig-2.3.0-py3-none-any.whl (7.5 kB)
2026-09-23T08:45:45.0543853Z Downloading packaging-26.3-py3-none-any.whl (129 kB)
2026-09-23T08:45:45.0590798Z Downloading pygments-2.21.0-py3-none-any.whl (1.3 MB)
2026-09-23T08:45:45.0688885Z    ââââââââââââââââââââââââââââââââââââââââ 1.3/1.3 MB 221.3 MB/s  0:00:00
2026-09-23T08:45:45.1432886Z Installing collected packages: pygments, pluggy, packaging, iniconfig, pytest
2026-09-23T08:45:46.1415615Z 
2026-09-23T08:45:46.1425235Z Successfully installed iniconfig-2.3.0 packaging-26.3 pluggy-1.6.0 pygments-2.21.0 pytest-9.1.1
2026-09-23T08:45:46.1984521Z ##[group]Run python automation/inject_mutation.py --error-type "ValueError"
2026-09-23T08:45:46.1985175Z [36;1mpython automation/inject_mutation.py --error-type "ValueError"[0m
2026-09-23T08:45:46.2023337Z shell: /usr/bin/bash -e {0}
2026-09-23T08:45:46.2023604Z env:
2026-09-23T08:45:46.2024142Z   pythonLocation: /opt/hostedtoolcache/Python/3.11.16/x64
2026-09-23T08:45:46.2024892Z   PKG_CONFIG_PATH: /opt/hostedtoolcache/Python/3.11.16/x64/lib/pkgconfig
2026-09-23T08:45:46.2025345Z   Python_ROOT_DIR: /opt/hostedtoolcache/Python/3.11.16/x64
2026-09-23T08:45:46.2025748Z   Python2_ROOT_DIR: /opt/hostedtoolcache/Python/3.11.16/x64
2026-09-23T08:45:46.2026148Z   Python3_ROOT_DIR: /opt/hostedtoolcache/Python/3.11.16/x64
2026-09-23T08:45:46.2026548Z   LD_LIBRARY_PATH: /opt/hostedtoolcache/Python/3.11.16/x64/lib
2026-09-23T08:45:46.2026888Z ##[endgroup]
2026-09-23T08:45:46.2328373Z [Mutation Injected] Successfully injected ValueError into tests/test_app.py
2026-09-23T08:45:46.2403451Z ##[group]Run pytest tests/test_app.py -v
2026-09-23T08:45:46.2403863Z [36;1mpytest tests/test_app.py -v[0m
2026-09-23T08:45:46.2441801Z shell: /usr/bin/bash -e {0}
2026-09-23T08:45:46.2442104Z env:
2026-09-23T08:45:46.2442421Z   pythonLocation: /opt/hostedtoolcache/Python/3.11.16/x64
2026-09-23T08:45:46.2442969Z   PKG_CONFIG_PATH: /opt/hostedtoolcache/Python/3.11.16/x64/lib/pkgconfig
2026-09-23T08:45:46.2443515Z   Python_ROOT_DIR: /opt/hostedtoolcache/Python/3.11.16/x64
2026-09-23T08:45:46.2444263Z   Python2_ROOT_DIR: /opt/hostedtoolcache/Python/3.11.16/x64
2026-09-23T08:45:46.2444743Z   Python3_ROOT_DIR: /opt/hostedtoolcache/Python/3.11.16/x64
2026-09-23T08:45:46.2445214Z   LD_LIBRARY_PATH: /opt/hostedtoolcache/Python/3.11.16/x64/lib
2026-09-23T08:45:46.2445609Z ##[endgroup]
2026-09-23T08:45:46.6223156Z ============================= test session starts ==============================
2026-09-23T08:45:46.6225044Z platform linux -- Python 3.11.16, pytest-9.1.1, pluggy-1.6.0 -- /opt/hostedtoolcache/Python/3.11.16/x64/bin/python
2026-09-23T08:45:46.6315131Z cachedir: .pytest_cache
2026-09-23T08:45:46.6315856Z rootdir: /home/runner/work/log-generation/log-generation
2026-09-23T08:45:46.6316537Z configfile: pytest.ini
2026-09-23T08:45:46.6317164Z collecting ... collected 6 items
2026-09-23T08:45:46.6317629Z 
2026-09-23T08:45:46.6327405Z tests/test_app.py::test_calculate_division PASSED                        [ 16%]
2026-09-23T08:45:46.6335326Z tests/test_app.py::test_convert_to_int PASSED                            [ 33%]
2026-09-23T08:45:46.6344153Z tests/test_app.py::test_get_list_item PASSED                             [ 50%]
2026-09-23T08:45:46.6352262Z tests/test_app.py::test_get_dict_value PASSED                            [ 66%]
2026-09-23T08:45:46.6360526Z tests/test_app.py::test_assert_positive PASSED                           [ 83%]
2026-09-23T08:45:46.6648957Z tests/test_app.py::test_value_error FAILED                               [100%]
2026-09-23T08:45:46.6649576Z 
2026-09-23T08:45:46.6649835Z =================================== FAILURES ===================================
2026-09-23T08:45:46.6650621Z _______________________________ test_value_error _______________________________
2026-09-23T08:45:46.6651212Z 
2026-09-23T08:45:46.6651408Z     def test_value_error():
2026-09-23T08:45:46.6651941Z         """Injected synthetic ValueError."""
2026-09-23T08:45:46.6652573Z         from src.app import convert_to_int
2026-09-23T08:45:46.6653267Z >       convert_to_int("unparseable_alphanumeric_0x99")
2026-09-23T08:45:46.6653729Z 
2026-09-23T08:45:46.6654150Z tests/test_app.py:137: 
2026-09-23T08:45:46.6654729Z _ _ _ _ _ _ _ _ _ _ _ _ _ _ _ _ _ _ _ _ _ _ _ _ _ _ _ _ _ _ _ _ _ _ _ _ _ _ _ _ 
2026-09-23T08:45:46.6655260Z 
2026-09-23T08:45:46.6655484Z val = 'unparseable_alphanumeric_0x99'
2026-09-23T08:45:46.6655893Z 
2026-09-23T08:45:46.6656092Z     def convert_to_int(val):
2026-09-23T08:45:46.6656573Z >       return int(val)
2026-09-23T08:45:46.6656998Z                ^^^^^^^^
2026-09-23T08:45:46.6657767Z E       ValueError: invalid literal for int() with base 10: 'unparseable_alphanumeric_0x99'
2026-09-23T08:45:46.6658493Z 
2026-09-23T08:45:46.6658690Z src/app.py:5: ValueError
2026-09-23T08:45:46.6659277Z =========================== short test summary info ============================
2026-09-23T08:45:46.6660592Z FAILED tests/test_app.py::test_value_error - ValueError: invalid literal for int() with base 10: 'unparseable_alphanumeric_0x99'
2026-09-23T08:45:46.6662109Z ========================= 1 failed, 5 passed in 0.03s ==========================
2026-09-23T08:45:46.6853003Z ##[error]Process completed with exit code 1.
2026-09-23T08:45:46.6997843Z Node 20 is being deprecated. This workflow is running with Node 24 by default. If you need to temporarily use Node 20, you can set the ACTIONS_ALLOW_USE_UNSECURE_NODE_VERSION=true environment variable. For more information see: https://github.blog/changelog/2025-09-19-deprecation-of-node-20-on-github-actions-runners/
2026-09-23T08:45:46.6999117Z Post job cleanup.
2026-09-23T08:45:46.7881165Z [command]/usr/bin/git version
2026-09-23T08:45:46.7928565Z git version 2.55.0
2026-09-23T08:45:46.7971644Z Temporarily overriding HOME='/home/runner/work/_temp/05b391d1-519f-46c6-9293-f6f0defe5c78' before making global git config changes
2026-09-23T08:45:46.7973235Z Adding repository directory to the temporary git global config as a safe directory
2026-09-23T08:45:46.7978420Z [command]/usr/bin/git config --global --add safe.directory /home/runner/work/log-generation/log-generation
2026-09-23T08:45:46.8022990Z [command]/usr/bin/git config --local --name-only --get-regexp core\.sshCommand
2026-09-23T08:45:46.8060266Z [command]/usr/bin/git submodule foreach --recursive sh -c "git config --local --name-only --get-regexp 'core\.sshCommand' && git config --local --unset-all 'core.sshCommand' || :"
2026-09-23T08:45:46.8321831Z [command]/usr/bin/git config --local --name-only --get-regexp http\.https\:\/\/github\.com\/\.extraheader
2026-09-23T08:45:46.8352329Z http.https://github.com/.extraheader
2026-09-23T08:45:46.8369042Z [command]/usr/bin/git config --local --unset-all http.https://github.com/.extraheader
2026-09-23T08:45:46.8405726Z [command]/usr/bin/git submodule foreach --recursive sh -c "git config --local --name-only --get-regexp 'http\.https\:\/\/github\.com\/\.extraheader' && git config --local --unset-all 'http.https://github.com/.extraheader' || :"
2026-09-23T08:45:46.8677101Z [command]/usr/bin/git config --local --name-only --get-regexp ^includeIf\.gitdir:
2026-09-23T08:45:46.8719137Z [command]/usr/bin/git submodule foreach --recursive git config --local --show-origin --name-only --get-regexp remote.origin.url
2026-09-23T08:45:46.9124922Z Cleaning up orphan processes
2026-09-23T08:45:46.9415509Z ##[warning]Node.js 20 is deprecated. The following actions target Node.js 20 but are being forced to run on Node.js 24: actions/checkout@v4, actions/setup-python@v5. For more information see: https://github.blog/changelog/2025-09-19-deprecation-of-node-20-on-github-actions-runners/
