ï»¿2026-09-23T08:50:01.2219668Z Current runner version: '2.337.0'
2026-09-23T08:50:01.2235818Z ##[group]Runner Image Provisioner
2026-09-23T08:50:01.2236330Z Hosted Compute Agent
2026-09-23T08:50:01.2236668Z Version: 20260828.587
2026-09-23T08:50:01.2237065Z Commit: abac92662cab4cc7352de4f9f9d2e2419aad9c29
2026-09-23T08:50:01.2237480Z Build Date: 2026-08-28T16:44:25Z
2026-09-23T08:50:01.2237883Z Worker ID: {585adf54-b91a-4697-9f12-7f606f36100c}
2026-09-23T08:50:01.2238337Z Azure Region: centralus
2026-09-23T08:50:01.2238677Z ##[endgroup]
2026-09-23T08:50:01.2239669Z ##[group]Operating System
2026-09-23T08:50:01.2240020Z Ubuntu
2026-09-23T08:50:01.2240338Z 24.04.5
2026-09-23T08:50:01.2240681Z LTS
2026-09-23T08:50:01.2240979Z ##[endgroup]
2026-09-23T08:50:01.2241536Z ##[group]Runner Image
2026-09-23T08:50:01.2241881Z Image: ubuntu-24.04
2026-09-23T08:50:01.2242239Z Version: 20260907.300.1
2026-09-23T08:50:01.2243005Z Included Software: https://github.com/actions/runner-images/blob/ubuntu24/20260907.300/images/ubuntu/Ubuntu2404-Readme.md
2026-09-23T08:50:01.2243874Z Image Release: https://github.com/actions/runner-images/releases/tag/ubuntu24%2F20260907.300
2026-09-23T08:50:01.2244560Z ##[endgroup]
2026-09-23T08:50:01.2245301Z ##[group]GITHUB_TOKEN Permissions
2026-09-23T08:50:01.2246599Z Contents: read
2026-09-23T08:50:01.2246933Z Metadata: read
2026-09-23T08:50:01.2247333Z Packages: read
2026-09-23T08:50:01.2247688Z ##[endgroup]
2026-09-23T08:50:01.2248969Z Secret source: Actions
2026-09-23T08:50:01.2249493Z Cache mode: write
2026-09-23T08:50:01.2250069Z Prepare workflow directory
2026-09-23T08:50:01.2450465Z Prepare all required actions
2026-09-23T08:50:01.2482134Z Getting action download info
2026-09-23T08:50:01.4795926Z Download action repository 'actions/checkout@v4' (SHA:11d5960a326750d5838078e36cf38b85af677262)
2026-09-23T08:50:01.8332827Z Download action repository 'actions/setup-python@v5' (SHA:a26af69be951a213d495a4c3e4e4022e16d87065)
2026-09-23T08:50:02.1939105Z Complete job name: test-f3 (FileNotFoundError #232)
2026-09-23T08:50:02.2408442Z Node 20 is being deprecated. This workflow is running with Node 24 by default. If you need to temporarily use Node 20, you can set the ACTIONS_ALLOW_USE_UNSECURE_NODE_VERSION=true environment variable. For more information see: https://github.blog/changelog/2025-09-19-deprecation-of-node-20-on-github-actions-runners/
2026-09-23T08:50:02.2413424Z ##[group]Run actions/checkout@v4
2026-09-23T08:50:02.2413809Z with:
2026-09-23T08:50:02.2414275Z   fetch-depth: 1
2026-09-23T08:50:02.2414553Z   repository: DhruvHegde/log-generation
2026-09-23T08:50:02.2416612Z   token: ***
2026-09-23T08:50:02.2416861Z   ssh-strict: true
2026-09-23T08:50:02.2417114Z   ssh-user: git
2026-09-23T08:50:02.2417374Z   persist-credentials: true
2026-09-23T08:50:02.2417656Z   clean: true
2026-09-23T08:50:02.2417918Z   sparse-checkout-cone-mode: true
2026-09-23T08:50:02.2418220Z   fetch-tags: false
2026-09-23T08:50:02.2418476Z   show-progress: true
2026-09-23T08:50:02.2418751Z   lfs: false
2026-09-23T08:50:02.2419034Z   submodules: false
2026-09-23T08:50:02.2419304Z   set-safe-directory: true
2026-09-23T08:50:02.2419594Z   allow-unsafe-pr-checkout: false
2026-09-23T08:50:02.2419980Z ##[endgroup]
2026-09-23T08:50:02.3502172Z Syncing repository: DhruvHegde/log-generation
2026-09-23T08:50:02.3503731Z ##[group]Getting Git version info
2026-09-23T08:50:02.3504572Z Working directory is '/home/runner/work/log-generation/log-generation'
2026-09-23T08:50:02.3505613Z [command]/usr/bin/git version
2026-09-23T08:50:02.3627917Z git version 2.55.0
2026-09-23T08:50:02.3643793Z ##[endgroup]
2026-09-23T08:50:02.3655837Z Temporarily overriding HOME='/home/runner/work/_temp/1045db8d-9d2b-426c-a688-48eb3d253ff1' before making global git config changes
2026-09-23T08:50:02.3657154Z Adding repository directory to the temporary git global config as a safe directory
2026-09-23T08:50:02.3659878Z [command]/usr/bin/git config --global --add safe.directory /home/runner/work/log-generation/log-generation
2026-09-23T08:50:02.4240288Z Deleting the contents of '/home/runner/work/log-generation/log-generation'
2026-09-23T08:50:02.4243860Z ##[group]Initializing the repository
2026-09-23T08:50:02.4247709Z [command]/usr/bin/git init /home/runner/work/log-generation/log-generation
2026-09-23T08:50:02.4839082Z hint: Using 'master' as the name for the initial branch. This default branch name
2026-09-23T08:50:02.4840047Z hint: will change to "main" in Git 3.0. To configure the initial branch name
2026-09-23T08:50:02.4840888Z hint: to use in all of your new repositories, which will suppress this warning,
2026-09-23T08:50:02.4841571Z hint: call:
2026-09-23T08:50:02.4841939Z hint:
2026-09-23T08:50:02.4842418Z hint: 	git config --global init.defaultBranch <name>
2026-09-23T08:50:02.4842978Z hint:
2026-09-23T08:50:02.4843479Z hint: Names commonly chosen instead of 'master' are 'main', 'trunk' and
2026-09-23T08:50:02.4844134Z hint: 'development'. The just-created branch can be renamed via this command:
2026-09-23T08:50:02.4844666Z hint:
2026-09-23T08:50:02.4844935Z hint: 	git branch -m <name>
2026-09-23T08:50:02.4845217Z hint:
2026-09-23T08:50:02.4845580Z hint: Disable this message with "git config set advice.defaultBranchName false"
2026-09-23T08:50:02.4846238Z Initialized empty Git repository in /home/runner/work/log-generation/log-generation/.git/
2026-09-23T08:50:02.4851483Z [command]/usr/bin/git remote add origin https://github.com/DhruvHegde/log-generation
2026-09-23T08:50:02.5136655Z ##[endgroup]
2026-09-23T08:50:02.5137570Z ##[group]Disabling automatic garbage collection
2026-09-23T08:50:02.5138499Z [command]/usr/bin/git config --local gc.auto 0
2026-09-23T08:50:02.5223240Z ##[endgroup]
2026-09-23T08:50:02.5223952Z ##[group]Setting up auth
2026-09-23T08:50:02.5228976Z [command]/usr/bin/git config --local --name-only --get-regexp core\.sshCommand
2026-09-23T08:50:02.5257638Z [command]/usr/bin/git submodule foreach --recursive sh -c "git config --local --name-only --get-regexp 'core\.sshCommand' && git config --local --unset-all 'core.sshCommand' || :"
2026-09-23T08:50:02.5558629Z [command]/usr/bin/git config --local --name-only --get-regexp http\.https\:\/\/github\.com\/\.extraheader
2026-09-23T08:50:02.5588978Z [command]/usr/bin/git submodule foreach --recursive sh -c "git config --local --name-only --get-regexp 'http\.https\:\/\/github\.com\/\.extraheader' && git config --local --unset-all 'http.https://github.com/.extraheader' || :"
2026-09-23T08:50:02.5765134Z [command]/usr/bin/git config --local --name-only --get-regexp ^includeIf\.gitdir:
2026-09-23T08:50:02.5794284Z [command]/usr/bin/git submodule foreach --recursive git config --local --show-origin --name-only --get-regexp remote.origin.url
2026-09-23T08:50:02.5973293Z [command]/usr/bin/git config --local http.https://github.com/.extraheader AUTHORIZATION: basic ***
2026-09-23T08:50:02.6124768Z ##[endgroup]
2026-09-23T08:50:02.6125792Z ##[group]Fetching the repository
2026-09-23T08:50:02.6132963Z [command]/usr/bin/git -c protocol.version=2 fetch --no-tags --prune --no-recurse-submodules --depth=1 origin +43f20917de93b9aad51cf79a69ad5239c5632917:refs/remotes/origin/feature/f3-test-failures
2026-09-23T08:50:03.5546433Z From https://github.com/DhruvHegde/log-generation
2026-09-23T08:50:03.5546981Z  * [new ref]         43f20917de93b9aad51cf79a69ad5239c5632917 -> origin/feature/f3-test-failures
2026-09-23T08:50:03.5556003Z ##[endgroup]
2026-09-23T08:50:03.5556518Z ##[group]Determining the checkout info
2026-09-23T08:50:03.5557026Z ##[endgroup]
2026-09-23T08:50:03.5565964Z [command]/usr/bin/git sparse-checkout disable
2026-09-23T08:50:03.6372943Z [command]/usr/bin/git config --local --unset-all extensions.worktreeConfig
2026-09-23T08:50:03.6476420Z ##[group]Checking out the ref
2026-09-23T08:50:03.6477193Z [command]/usr/bin/git checkout --progress --force -B feature/f3-test-failures refs/remotes/origin/feature/f3-test-failures
2026-09-23T08:50:03.7061721Z Switched to a new branch 'feature/f3-test-failures'
2026-09-23T08:50:03.7064382Z branch 'feature/f3-test-failures' set up to track 'origin/feature/f3-test-failures'.
2026-09-23T08:50:03.7072163Z ##[endgroup]
2026-09-23T08:50:03.7110512Z [command]/usr/bin/git log -1 --format=%H
2026-09-23T08:50:03.7132127Z 43f20917de93b9aad51cf79a69ad5239c5632917
2026-09-23T08:50:03.7311997Z Node 20 is being deprecated. This workflow is running with Node 24 by default. If you need to temporarily use Node 20, you can set the ACTIONS_ALLOW_USE_UNSECURE_NODE_VERSION=true environment variable. For more information see: https://github.blog/changelog/2025-09-19-deprecation-of-node-20-on-github-actions-runners/
2026-09-23T08:50:03.7313131Z ##[group]Run actions/setup-python@v5
2026-09-23T08:50:03.7313333Z with:
2026-09-23T08:50:03.7313503Z   python-version: 3.11
2026-09-23T08:50:03.7313687Z   check-latest: false
2026-09-23T08:50:03.7315328Z   token: ***
2026-09-23T08:50:03.7315500Z   update-environment: true
2026-09-23T08:50:03.7315696Z   allow-prereleases: false
2026-09-23T08:50:03.7315888Z   freethreaded: false
2026-09-23T08:50:03.7316066Z ##[endgroup]
2026-09-23T08:50:03.8146565Z ##[group]Installed versions
2026-09-23T08:50:03.8935400Z (node:2032) [DEP0040] DeprecationWarning: The `punycode` module is deprecated. Please use a userland alternative instead.
2026-09-23T08:50:03.8936391Z (Use `node --trace-deprecation ...` to show where the warning was created)
2026-09-23T08:50:03.8936901Z Successfully set up CPython (3.11.16)
2026-09-23T08:50:03.8937490Z ##[endgroup]
2026-09-23T08:50:03.9050874Z ##[group]Run pip install --no-cache-dir pytest
2026-09-23T08:50:03.9051282Z [36;1mpip install --no-cache-dir pytest[0m
2026-09-23T08:50:03.9152976Z shell: /usr/bin/bash -e {0}
2026-09-23T08:50:03.9153283Z env:
2026-09-23T08:50:03.9153557Z   pythonLocation: /opt/hostedtoolcache/Python/3.11.16/x64
2026-09-23T08:50:03.9153909Z   PKG_CONFIG_PATH: /opt/hostedtoolcache/Python/3.11.16/x64/lib/pkgconfig
2026-09-23T08:50:03.9154431Z   Python_ROOT_DIR: /opt/hostedtoolcache/Python/3.11.16/x64
2026-09-23T08:50:03.9154736Z   Python2_ROOT_DIR: /opt/hostedtoolcache/Python/3.11.16/x64
2026-09-23T08:50:03.9209696Z   Python3_ROOT_DIR: /opt/hostedtoolcache/Python/3.11.16/x64
2026-09-23T08:50:03.9210175Z   LD_LIBRARY_PATH: /opt/hostedtoolcache/Python/3.11.16/x64/lib
2026-09-23T08:50:03.9210479Z ##[endgroup]
2026-09-23T08:50:07.1915329Z Collecting pytest
2026-09-23T08:50:07.2672913Z   Downloading pytest-9.1.1-py3-none-any.whl.metadata (7.6 kB)
2026-09-23T08:50:07.2835179Z Collecting iniconfig>=1.0.1 (from pytest)
2026-09-23T08:50:07.2989154Z   Downloading iniconfig-2.3.0-py3-none-any.whl.metadata (2.5 kB)
2026-09-23T08:50:07.3162179Z Collecting packaging>=22 (from pytest)
2026-09-23T08:50:07.3316202Z   Downloading packaging-26.3-py3-none-any.whl.metadata (3.5 kB)
2026-09-23T08:50:07.3471757Z Collecting pluggy<2,>=1.5 (from pytest)
2026-09-23T08:50:07.3626633Z   Downloading pluggy-1.6.0-py3-none-any.whl.metadata (4.8 kB)
2026-09-23T08:50:07.3820624Z Collecting pygments>=2.7.2 (from pytest)
2026-09-23T08:50:07.3973550Z   Downloading pygments-2.21.0-py3-none-any.whl.metadata (2.5 kB)
2026-09-23T08:50:07.4146953Z Downloading pytest-9.1.1-py3-none-any.whl (386 kB)
2026-09-23T08:50:07.4866398Z Downloading pluggy-1.6.0-py3-none-any.whl (20 kB)
2026-09-23T08:50:07.5019840Z Downloading iniconfig-2.3.0-py3-none-any.whl (7.5 kB)
2026-09-23T08:50:07.5175239Z Downloading packaging-26.3-py3-none-any.whl (129 kB)
2026-09-23T08:50:07.5345376Z Downloading pygments-2.21.0-py3-none-any.whl (1.3 MB)
2026-09-23T08:50:07.5693247Z    ââââââââââââââââââââââââââââââââââââââââ 1.3/1.3 MB 34.3 MB/s  0:00:00
2026-09-23T08:50:07.7278248Z Installing collected packages: pygments, pluggy, packaging, iniconfig, pytest
2026-09-23T08:50:08.2819860Z 
2026-09-23T08:50:08.2825950Z Successfully installed iniconfig-2.3.0 packaging-26.3 pluggy-1.6.0 pygments-2.21.0 pytest-9.1.1
2026-09-23T08:50:08.3288992Z ##[group]Run python automation/inject_mutation.py --error-type "FileNotFoundError"
2026-09-23T08:50:08.3289346Z [36;1mpython automation/inject_mutation.py --error-type "FileNotFoundError"[0m
2026-09-23T08:50:08.3318583Z shell: /usr/bin/bash -e {0}
2026-09-23T08:50:08.3318717Z env:
2026-09-23T08:50:08.3319001Z   pythonLocation: /opt/hostedtoolcache/Python/3.11.16/x64
2026-09-23T08:50:08.3319234Z   PKG_CONFIG_PATH: /opt/hostedtoolcache/Python/3.11.16/x64/lib/pkgconfig
2026-09-23T08:50:08.3319460Z   Python_ROOT_DIR: /opt/hostedtoolcache/Python/3.11.16/x64
2026-09-23T08:50:08.3319662Z   Python2_ROOT_DIR: /opt/hostedtoolcache/Python/3.11.16/x64
2026-09-23T08:50:08.3319864Z   Python3_ROOT_DIR: /opt/hostedtoolcache/Python/3.11.16/x64
2026-09-23T08:50:08.3320069Z   LD_LIBRARY_PATH: /opt/hostedtoolcache/Python/3.11.16/x64/lib
2026-09-23T08:50:08.3320239Z ##[endgroup]
2026-09-23T08:50:08.3516246Z [Mutation Injected] Successfully injected FileNotFoundError into tests/test_app.py
2026-09-23T08:50:08.3563920Z ##[group]Run pytest tests/test_app.py -v
2026-09-23T08:50:08.3564359Z [36;1mpytest tests/test_app.py -v[0m
2026-09-23T08:50:08.3592536Z shell: /usr/bin/bash -e {0}
2026-09-23T08:50:08.3592668Z env:
2026-09-23T08:50:08.3592810Z   pythonLocation: /opt/hostedtoolcache/Python/3.11.16/x64
2026-09-23T08:50:08.3593056Z   PKG_CONFIG_PATH: /opt/hostedtoolcache/Python/3.11.16/x64/lib/pkgconfig
2026-09-23T08:50:08.3593281Z   Python_ROOT_DIR: /opt/hostedtoolcache/Python/3.11.16/x64
2026-09-23T08:50:08.3593484Z   Python2_ROOT_DIR: /opt/hostedtoolcache/Python/3.11.16/x64
2026-09-23T08:50:08.3593685Z   Python3_ROOT_DIR: /opt/hostedtoolcache/Python/3.11.16/x64
2026-09-23T08:50:08.3593888Z   LD_LIBRARY_PATH: /opt/hostedtoolcache/Python/3.11.16/x64/lib
2026-09-23T08:50:08.3594173Z ##[endgroup]
2026-09-23T08:50:08.8518164Z ============================= test session starts ==============================
2026-09-23T08:50:08.8518821Z platform linux -- Python 3.11.16, pytest-9.1.1, pluggy-1.6.0 -- /opt/hostedtoolcache/Python/3.11.16/x64/bin/python
2026-09-23T08:50:08.8519241Z cachedir: .pytest_cache
2026-09-23T08:50:08.8519490Z rootdir: /home/runner/work/log-generation/log-generation
2026-09-23T08:50:08.8519765Z configfile: pytest.ini
2026-09-23T08:50:08.8571378Z collecting ... collected 6 items
2026-09-23T08:50:08.8571538Z 
2026-09-23T08:50:08.8585245Z tests/test_app.py::test_calculate_division PASSED                        [ 16%]
2026-09-23T08:50:08.8590769Z tests/test_app.py::test_convert_to_int PASSED                            [ 33%]
2026-09-23T08:50:08.8596327Z tests/test_app.py::test_get_list_item PASSED                             [ 50%]
2026-09-23T08:50:08.8608018Z tests/test_app.py::test_get_dict_value PASSED                            [ 66%]
2026-09-23T08:50:08.8612231Z tests/test_app.py::test_assert_positive PASSED                           [ 83%]
2026-09-23T08:50:08.8880553Z tests/test_app.py::test_file_not_found_error FAILED                      [100%]
2026-09-23T08:50:08.8880869Z 
2026-09-23T08:50:08.8881035Z =================================== FAILURES ===================================
2026-09-23T08:50:08.8881397Z __________________________ test_file_not_found_error ___________________________
2026-09-23T08:50:08.8881636Z 
2026-09-23T08:50:08.8881725Z     def test_file_not_found_error():
2026-09-23T08:50:08.8881988Z         """Injected synthetic FileNotFoundError."""
2026-09-23T08:50:08.8882420Z         from src.app import read_config_file
2026-09-23T08:50:08.8882760Z >       read_config_file("fixtures/non_existent_pipeline_config.json")
2026-09-23T08:50:08.8883002Z 
2026-09-23T08:50:08.8883113Z tests/test_app.py:139: 
2026-09-23T08:50:08.8883368Z _ _ _ _ _ _ _ _ _ _ _ _ _ _ _ _ _ _ _ _ _ _ _ _ _ _ _ _ _ _ _ _ _ _ _ _ _ _ _ _ 
2026-09-23T08:50:08.8883582Z 
2026-09-23T08:50:08.8883700Z path = 'fixtures/non_existent_pipeline_config.json'
2026-09-23T08:50:08.8883900Z 
2026-09-23T08:50:08.8883988Z     def read_config_file(path):
2026-09-23T08:50:08.8884394Z >       with open(path, "r") as f:
2026-09-23T08:50:08.8884624Z              ^^^^^^^^^^^^^^^
2026-09-23T08:50:08.8885029Z E       FileNotFoundError: [Errno 2] No such file or directory: 'fixtures/non_existent_pipeline_config.json'
2026-09-23T08:50:08.8885377Z 
2026-09-23T08:50:08.8885473Z src/app.py:17: FileNotFoundError
2026-09-23T08:50:08.8885755Z =========================== short test summary info ============================
2026-09-23T08:50:08.8886769Z FAILED tests/test_app.py::test_file_not_found_error - FileNotFoundError: [Errno 2] No such file or directory: 'fixtures/non_existent_pipeline_config.json'
2026-09-23T08:50:08.8887401Z ========================= 1 failed, 5 passed in 0.03s ==========================
2026-09-23T08:50:08.9054889Z ##[error]Process completed with exit code 1.
2026-09-23T08:50:08.9138585Z Node 20 is being deprecated. This workflow is running with Node 24 by default. If you need to temporarily use Node 20, you can set the ACTIONS_ALLOW_USE_UNSECURE_NODE_VERSION=true environment variable. For more information see: https://github.blog/changelog/2025-09-19-deprecation-of-node-20-on-github-actions-runners/
2026-09-23T08:50:08.9139230Z Post job cleanup.
2026-09-23T08:50:08.9693319Z [command]/usr/bin/git version
2026-09-23T08:50:08.9727977Z git version 2.55.0
2026-09-23T08:50:08.9755127Z Temporarily overriding HOME='/home/runner/work/_temp/19c756ed-e5fd-4d56-ae85-f1b1f28c5b24' before making global git config changes
2026-09-23T08:50:08.9755796Z Adding repository directory to the temporary git global config as a safe directory
2026-09-23T08:50:08.9759691Z [command]/usr/bin/git config --global --add safe.directory /home/runner/work/log-generation/log-generation
2026-09-23T08:50:08.9798091Z [command]/usr/bin/git config --local --name-only --get-regexp core\.sshCommand
2026-09-23T08:50:08.9826689Z [command]/usr/bin/git submodule foreach --recursive sh -c "git config --local --name-only --get-regexp 'core\.sshCommand' && git config --local --unset-all 'core.sshCommand' || :"
2026-09-23T08:50:09.0030908Z [command]/usr/bin/git config --local --name-only --get-regexp http\.https\:\/\/github\.com\/\.extraheader
2026-09-23T08:50:09.0056536Z http.https://github.com/.extraheader
2026-09-23T08:50:09.0065866Z [command]/usr/bin/git config --local --unset-all http.https://github.com/.extraheader
2026-09-23T08:50:09.0149506Z [command]/usr/bin/git submodule foreach --recursive sh -c "git config --local --name-only --get-regexp 'http\.https\:\/\/github\.com\/\.extraheader' && git config --local --unset-all 'http.https://github.com/.extraheader' || :"
2026-09-23T08:50:09.0353836Z [command]/usr/bin/git config --local --name-only --get-regexp ^includeIf\.gitdir:
2026-09-23T08:50:09.0384477Z [command]/usr/bin/git submodule foreach --recursive git config --local --show-origin --name-only --get-regexp remote.origin.url
2026-09-23T08:50:09.0687931Z Cleaning up orphan processes
2026-09-23T08:50:09.0882873Z ##[warning]Node.js 20 is deprecated. The following actions target Node.js 20 but are being forced to run on Node.js 24: actions/checkout@v4, actions/setup-python@v5. For more information see: https://github.blog/changelog/2025-09-19-deprecation-of-node-20-on-github-actions-runners/
