ï»¿2026-09-23T08:48:15.1073398Z Current runner version: '2.337.0'
2026-09-23T08:48:15.1088759Z ##[group]Runner Image Provisioner
2026-09-23T08:48:15.1089393Z Hosted Compute Agent
2026-09-23T08:48:15.1089738Z Version: 20260828.587
2026-09-23T08:48:15.1090277Z Commit: abac92662cab4cc7352de4f9f9d2e2419aad9c29
2026-09-23T08:48:15.1091536Z Build Date: 2026-08-28T16:44:25Z
2026-09-23T08:48:15.1092150Z Worker ID: {0735605a-4d94-4ca6-80c0-33aae788e2bd}
2026-09-23T08:48:15.1092715Z Azure Region: westus2
2026-09-23T08:48:15.1093159Z ##[endgroup]
2026-09-23T08:48:15.1094526Z ##[group]Operating System
2026-09-23T08:48:15.1095008Z Ubuntu
2026-09-23T08:48:15.1095457Z 24.04.5
2026-09-23T08:48:15.1095880Z LTS
2026-09-23T08:48:15.1096515Z ##[endgroup]
2026-09-23T08:48:15.1097040Z ##[group]Runner Image
2026-09-23T08:48:15.1097546Z Image: ubuntu-24.04
2026-09-23T08:48:15.1098024Z Version: 20260920.314.1
2026-09-23T08:48:15.1099034Z Included Software: https://github.com/actions/runner-images/blob/ubuntu24/20260920.314/images/ubuntu/Ubuntu2404-Readme.md
2026-09-23T08:48:15.1100431Z Image Release: https://github.com/actions/runner-images/releases/tag/ubuntu24%2F20260920.314
2026-09-23T08:48:15.1101243Z ##[endgroup]
2026-09-23T08:48:15.1102205Z ##[group]GITHUB_TOKEN Permissions
2026-09-23T08:48:15.1103857Z Contents: read
2026-09-23T08:48:15.1104277Z Metadata: read
2026-09-23T08:48:15.1104601Z Packages: read
2026-09-23T08:48:15.1104913Z ##[endgroup]
2026-09-23T08:48:15.1106171Z Secret source: Actions
2026-09-23T08:48:15.1106687Z Cache mode: write
2026-09-23T08:48:15.1107348Z Prepare workflow directory
2026-09-23T08:48:15.1309997Z Prepare all required actions
2026-09-23T08:48:15.1338636Z Getting action download info
2026-09-23T08:48:15.4755841Z Download action repository 'actions/checkout@v4' (SHA:11d5960a326750d5838078e36cf38b85af677262)
2026-09-23T08:48:15.7533157Z Download action repository 'actions/setup-python@v5' (SHA:a26af69be951a213d495a4c3e4e4022e16d87065)
2026-09-23T08:48:16.4035569Z Complete job name: test-f3 (AssertionError #47)
2026-09-23T08:48:16.4514624Z Node 20 is being deprecated. This workflow is running with Node 24 by default. If you need to temporarily use Node 20, you can set the ACTIONS_ALLOW_USE_UNSECURE_NODE_VERSION=true environment variable. For more information see: https://github.blog/changelog/2025-09-19-deprecation-of-node-20-on-github-actions-runners/
2026-09-23T08:48:16.4519723Z ##[group]Run actions/checkout@v4
2026-09-23T08:48:16.4520228Z with:
2026-09-23T08:48:16.4520802Z   fetch-depth: 1
2026-09-23T08:48:16.4521208Z   repository: DhruvHegde/log-generation
2026-09-23T08:48:16.4523586Z   token: ***
2026-09-23T08:48:16.4523966Z   ssh-strict: true
2026-09-23T08:48:16.4524335Z   ssh-user: git
2026-09-23T08:48:16.4524728Z   persist-credentials: true
2026-09-23T08:48:16.4525136Z   clean: true
2026-09-23T08:48:16.4525522Z   sparse-checkout-cone-mode: true
2026-09-23T08:48:16.4525955Z   fetch-tags: false
2026-09-23T08:48:16.4526337Z   show-progress: true
2026-09-23T08:48:16.4526727Z   lfs: false
2026-09-23T08:48:16.4527132Z   submodules: false
2026-09-23T08:48:16.4527534Z   set-safe-directory: true
2026-09-23T08:48:16.4527951Z   allow-unsafe-pr-checkout: false
2026-09-23T08:48:16.4528540Z ##[endgroup]
2026-09-23T08:48:16.5147003Z Syncing repository: DhruvHegde/log-generation
2026-09-23T08:48:16.5148803Z ##[group]Getting Git version info
2026-09-23T08:48:16.5149691Z Working directory is '/home/runner/work/log-generation/log-generation'
2026-09-23T08:48:16.5151162Z [command]/usr/bin/git version
2026-09-23T08:48:16.5202642Z git version 2.55.0
2026-09-23T08:48:16.5215307Z ##[endgroup]
2026-09-23T08:48:16.5223933Z Temporarily overriding HOME='/home/runner/work/_temp/2c4d78ef-60f4-48ea-b696-f120006126a8' before making global git config changes
2026-09-23T08:48:16.5225521Z Adding repository directory to the temporary git global config as a safe directory
2026-09-23T08:48:16.5227148Z [command]/usr/bin/git config --global --add safe.directory /home/runner/work/log-generation/log-generation
2026-09-23T08:48:16.5376895Z Deleting the contents of '/home/runner/work/log-generation/log-generation'
2026-09-23T08:48:16.5378967Z ##[group]Initializing the repository
2026-09-23T08:48:16.5380114Z [command]/usr/bin/git init /home/runner/work/log-generation/log-generation
2026-09-23T08:48:16.6022886Z hint: Using 'master' as the name for the initial branch. This default branch name
2026-09-23T08:48:16.6024084Z hint: will change to "main" in Git 3.0. To configure the initial branch name
2026-09-23T08:48:16.6025562Z hint: to use in all of your new repositories, which will suppress this warning,
2026-09-23T08:48:16.6026466Z hint: call:
2026-09-23T08:48:16.6027011Z hint:
2026-09-23T08:48:16.6027654Z hint: 	git config --global init.defaultBranch <name>
2026-09-23T08:48:16.6028373Z hint:
2026-09-23T08:48:16.6029058Z hint: Names commonly chosen instead of 'master' are 'main', 'trunk' and
2026-09-23T08:48:16.6030148Z hint: 'development'. The just-created branch can be renamed via this command:
2026-09-23T08:48:16.6031149Z hint:
2026-09-23T08:48:16.6031741Z hint: 	git branch -m <name>
2026-09-23T08:48:16.6032388Z hint:
2026-09-23T08:48:16.6033163Z hint: Disable this message with "git config set advice.defaultBranchName false"
2026-09-23T08:48:16.6034300Z Initialized empty Git repository in /home/runner/work/log-generation/log-generation/.git/
2026-09-23T08:48:16.6036442Z [command]/usr/bin/git remote add origin https://github.com/DhruvHegde/log-generation
2026-09-23T08:48:16.6170578Z ##[endgroup]
2026-09-23T08:48:16.6171378Z ##[group]Disabling automatic garbage collection
2026-09-23T08:48:16.6172418Z [command]/usr/bin/git config --local gc.auto 0
2026-09-23T08:48:16.6576245Z ##[endgroup]
2026-09-23T08:48:16.6576886Z ##[group]Setting up auth
2026-09-23T08:48:16.6580096Z [command]/usr/bin/git config --local --name-only --get-regexp core\.sshCommand
2026-09-23T08:48:16.6605002Z [command]/usr/bin/git submodule foreach --recursive sh -c "git config --local --name-only --get-regexp 'core\.sshCommand' && git config --local --unset-all 'core.sshCommand' || :"
2026-09-23T08:48:16.6901941Z [command]/usr/bin/git config --local --name-only --get-regexp http\.https\:\/\/github\.com\/\.extraheader
2026-09-23T08:48:16.6927660Z [command]/usr/bin/git submodule foreach --recursive sh -c "git config --local --name-only --get-regexp 'http\.https\:\/\/github\.com\/\.extraheader' && git config --local --unset-all 'http.https://github.com/.extraheader' || :"
2026-09-23T08:48:16.7089242Z [command]/usr/bin/git config --local --name-only --get-regexp ^includeIf\.gitdir:
2026-09-23T08:48:16.7114540Z [command]/usr/bin/git submodule foreach --recursive git config --local --show-origin --name-only --get-regexp remote.origin.url
2026-09-23T08:48:16.7275580Z [command]/usr/bin/git config --local http.https://github.com/.extraheader AUTHORIZATION: basic ***
2026-09-23T08:48:16.7376318Z ##[endgroup]
2026-09-23T08:48:16.7377278Z ##[group]Fetching the repository
2026-09-23T08:48:16.7388369Z [command]/usr/bin/git -c protocol.version=2 fetch --no-tags --prune --no-recurse-submodules --depth=1 origin +43f20917de93b9aad51cf79a69ad5239c5632917:refs/remotes/origin/feature/f3-test-failures
2026-09-23T08:48:17.5895579Z From https://github.com/DhruvHegde/log-generation
2026-09-23T08:48:17.5896555Z  * [new ref]         43f20917de93b9aad51cf79a69ad5239c5632917 -> origin/feature/f3-test-failures
2026-09-23T08:48:17.5899346Z ##[endgroup]
2026-09-23T08:48:17.5899894Z ##[group]Determining the checkout info
2026-09-23T08:48:17.5901694Z ##[endgroup]
2026-09-23T08:48:17.5905654Z [command]/usr/bin/git sparse-checkout disable
2026-09-23T08:48:17.6540270Z [command]/usr/bin/git config --local --unset-all extensions.worktreeConfig
2026-09-23T08:48:17.6647370Z ##[group]Checking out the ref
2026-09-23T08:48:17.6650855Z [command]/usr/bin/git checkout --progress --force -B feature/f3-test-failures refs/remotes/origin/feature/f3-test-failures
2026-09-23T08:48:17.7851353Z Switched to a new branch 'feature/f3-test-failures'
2026-09-23T08:48:17.7856761Z branch 'feature/f3-test-failures' set up to track 'origin/feature/f3-test-failures'.
2026-09-23T08:48:17.7868927Z ##[endgroup]
2026-09-23T08:48:17.8051713Z [command]/usr/bin/git log -1 --format=%H
2026-09-23T08:48:17.8071904Z 43f20917de93b9aad51cf79a69ad5239c5632917
2026-09-23T08:48:17.8282264Z Node 20 is being deprecated. This workflow is running with Node 24 by default. If you need to temporarily use Node 20, you can set the ACTIONS_ALLOW_USE_UNSECURE_NODE_VERSION=true environment variable. For more information see: https://github.blog/changelog/2025-09-19-deprecation-of-node-20-on-github-actions-runners/
2026-09-23T08:48:17.8284646Z ##[group]Run actions/setup-python@v5
2026-09-23T08:48:17.8285015Z with:
2026-09-23T08:48:17.8285282Z   python-version: 3.11
2026-09-23T08:48:17.8285598Z   check-latest: false
2026-09-23T08:48:17.8289925Z   token: ***
2026-09-23T08:48:17.8290206Z   update-environment: true
2026-09-23T08:48:17.8290694Z   allow-prereleases: false
2026-09-23T08:48:17.8291028Z   freethreaded: false
2026-09-23T08:48:17.8291325Z ##[endgroup]
2026-09-23T08:48:17.9064897Z ##[group]Installed versions
2026-09-23T08:48:18.0122002Z (node:2028) [DEP0040] DeprecationWarning: The `punycode` module is deprecated. Please use a userland alternative instead.
2026-09-23T08:48:18.0123937Z (Use `node --trace-deprecation ...` to show where the warning was created)
2026-09-23T08:48:18.0125112Z Successfully set up CPython (3.11.16)
2026-09-23T08:48:18.0139778Z ##[endgroup]
2026-09-23T08:48:18.0367020Z ##[group]Run pip install --no-cache-dir pytest
2026-09-23T08:48:18.0367960Z [36;1mpip install --no-cache-dir pytest[0m
2026-09-23T08:48:18.0764070Z shell: /usr/bin/bash -e {0}
2026-09-23T08:48:18.0764451Z env:
2026-09-23T08:48:18.0764832Z   pythonLocation: /opt/hostedtoolcache/Python/3.11.16/x64
2026-09-23T08:48:18.0816179Z   PKG_CONFIG_PATH: /opt/hostedtoolcache/Python/3.11.16/x64/lib/pkgconfig
2026-09-23T08:48:18.0816960Z   Python_ROOT_DIR: /opt/hostedtoolcache/Python/3.11.16/x64
2026-09-23T08:48:18.0817622Z   Python2_ROOT_DIR: /opt/hostedtoolcache/Python/3.11.16/x64
2026-09-23T08:48:18.0818221Z   Python3_ROOT_DIR: /opt/hostedtoolcache/Python/3.11.16/x64
2026-09-23T08:48:18.0818846Z   LD_LIBRARY_PATH: /opt/hostedtoolcache/Python/3.11.16/x64/lib
2026-09-23T08:48:18.0819338Z ##[endgroup]
2026-09-23T08:48:22.4142292Z Collecting pytest
2026-09-23T08:48:22.4610746Z   Downloading pytest-9.1.1-py3-none-any.whl.metadata (7.6 kB)
2026-09-23T08:48:22.4697389Z Collecting iniconfig>=1.0.1 (from pytest)
2026-09-23T08:48:22.4761271Z   Downloading iniconfig-2.3.0-py3-none-any.whl.metadata (2.5 kB)
2026-09-23T08:48:22.4857933Z Collecting packaging>=22 (from pytest)
2026-09-23T08:48:22.4920559Z   Downloading packaging-26.3-py3-none-any.whl.metadata (3.5 kB)
2026-09-23T08:48:22.5007887Z Collecting pluggy<2,>=1.5 (from pytest)
2026-09-23T08:48:22.5070285Z   Downloading pluggy-1.6.0-py3-none-any.whl.metadata (4.8 kB)
2026-09-23T08:48:22.5187614Z Collecting pygments>=2.7.2 (from pytest)
2026-09-23T08:48:22.5251110Z   Downloading pygments-2.21.0-py3-none-any.whl.metadata (2.5 kB)
2026-09-23T08:48:22.5331031Z Downloading pytest-9.1.1-py3-none-any.whl (386 kB)
2026-09-23T08:48:22.5593666Z Downloading pluggy-1.6.0-py3-none-any.whl (20 kB)
2026-09-23T08:48:22.5658323Z Downloading iniconfig-2.3.0-py3-none-any.whl (7.5 kB)
2026-09-23T08:48:22.5720414Z Downloading packaging-26.3-py3-none-any.whl (129 kB)
2026-09-23T08:48:22.5790806Z Downloading pygments-2.21.0-py3-none-any.whl (1.3 MB)
2026-09-23T08:48:22.5959872Z    ââââââââââââââââââââââââââââââââââââââââ 1.3/1.3 MB 70.0 MB/s  0:00:00
2026-09-23T08:48:22.7849076Z Installing collected packages: pygments, pluggy, packaging, iniconfig, pytest
2026-09-23T08:48:23.3245796Z 
2026-09-23T08:48:23.3251714Z Successfully installed iniconfig-2.3.0 packaging-26.3 pluggy-1.6.0 pygments-2.21.0 pytest-9.1.1
2026-09-23T08:48:23.3621945Z ##[group]Run python automation/inject_mutation.py --error-type "AssertionError"
2026-09-23T08:48:23.3622279Z [36;1mpython automation/inject_mutation.py --error-type "AssertionError"[0m
2026-09-23T08:48:23.3671720Z shell: /usr/bin/bash -e {0}
2026-09-23T08:48:23.3671854Z env:
2026-09-23T08:48:23.3672134Z   pythonLocation: /opt/hostedtoolcache/Python/3.11.16/x64
2026-09-23T08:48:23.3672363Z   PKG_CONFIG_PATH: /opt/hostedtoolcache/Python/3.11.16/x64/lib/pkgconfig
2026-09-23T08:48:23.3672589Z   Python_ROOT_DIR: /opt/hostedtoolcache/Python/3.11.16/x64
2026-09-23T08:48:23.3672789Z   Python2_ROOT_DIR: /opt/hostedtoolcache/Python/3.11.16/x64
2026-09-23T08:48:23.3672998Z   Python3_ROOT_DIR: /opt/hostedtoolcache/Python/3.11.16/x64
2026-09-23T08:48:23.3673199Z   LD_LIBRARY_PATH: /opt/hostedtoolcache/Python/3.11.16/x64/lib
2026-09-23T08:48:23.3673393Z ##[endgroup]
2026-09-23T08:48:23.3881528Z [Mutation Injected] Successfully injected AssertionError into tests/test_app.py
2026-09-23T08:48:23.3925077Z ##[group]Run pytest tests/test_app.py -v
2026-09-23T08:48:23.3925260Z [36;1mpytest tests/test_app.py -v[0m
2026-09-23T08:48:23.3968283Z shell: /usr/bin/bash -e {0}
2026-09-23T08:48:23.3968411Z env:
2026-09-23T08:48:23.3968554Z   pythonLocation: /opt/hostedtoolcache/Python/3.11.16/x64
2026-09-23T08:48:23.3968780Z   PKG_CONFIG_PATH: /opt/hostedtoolcache/Python/3.11.16/x64/lib/pkgconfig
2026-09-23T08:48:23.3969013Z   Python_ROOT_DIR: /opt/hostedtoolcache/Python/3.11.16/x64
2026-09-23T08:48:23.3969213Z   Python2_ROOT_DIR: /opt/hostedtoolcache/Python/3.11.16/x64
2026-09-23T08:48:23.3969408Z   Python3_ROOT_DIR: /opt/hostedtoolcache/Python/3.11.16/x64
2026-09-23T08:48:23.3969607Z   LD_LIBRARY_PATH: /opt/hostedtoolcache/Python/3.11.16/x64/lib
2026-09-23T08:48:23.3969774Z ##[endgroup]
2026-09-23T08:48:23.8095926Z ============================= test session starts ==============================
2026-09-23T08:48:23.8096476Z platform linux -- Python 3.11.16, pytest-9.1.1, pluggy-1.6.0 -- /opt/hostedtoolcache/Python/3.11.16/x64/bin/python
2026-09-23T08:48:23.8096918Z cachedir: .pytest_cache
2026-09-23T08:48:23.8097175Z rootdir: /home/runner/work/log-generation/log-generation
2026-09-23T08:48:23.8097458Z configfile: pytest.ini
2026-09-23T08:48:23.8146156Z collecting ... collected 6 items
2026-09-23T08:48:23.8146412Z 
2026-09-23T08:48:23.8152570Z tests/test_app.py::test_calculate_division PASSED                        [ 16%]
2026-09-23T08:48:23.8157582Z tests/test_app.py::test_convert_to_int PASSED                            [ 33%]
2026-09-23T08:48:23.8163442Z tests/test_app.py::test_get_list_item PASSED                             [ 50%]
2026-09-23T08:48:23.8168449Z tests/test_app.py::test_get_dict_value PASSED                            [ 66%]
2026-09-23T08:48:23.8173445Z tests/test_app.py::test_assert_positive PASSED                           [ 83%]
2026-09-23T08:48:23.8398615Z tests/test_app.py::test_assertion_failure FAILED                         [100%]
2026-09-23T08:48:23.8398769Z 
2026-09-23T08:48:23.8398854Z =================================== FAILURES ===================================
2026-09-23T08:48:23.8399066Z ____________________________ test_assertion_failure ____________________________
2026-09-23T08:48:23.8399199Z 
2026-09-23T08:48:23.8399261Z     def test_assertion_failure():
2026-09-23T08:48:23.8399416Z         """Injected synthetic AssertionError."""
2026-09-23T08:48:23.8399595Z         expected_status = 200
2026-09-23T08:48:23.8399727Z         actual_status = 500
2026-09-23T08:48:23.8399960Z >       assert actual_status == expected_status, f"Expected {expected_status}, received {actual_status}"
2026-09-23T08:48:23.8400215Z E       AssertionError: Expected 200, received 500
2026-09-23T08:48:23.8400536Z E       assert 500 == 200
2026-09-23T08:48:23.8400665Z 
2026-09-23T08:48:23.8400756Z tests/test_app.py:140: AssertionError
2026-09-23T08:48:23.8401023Z =========================== short test summary info ============================
2026-09-23T08:48:23.8401443Z FAILED tests/test_app.py::test_assertion_failure - AssertionError: Expected 200, received 500
2026-09-23T08:48:23.8401798Z assert 500 == 200
2026-09-23T08:48:23.8402019Z ========================= 1 failed, 5 passed in 0.02s ==========================
2026-09-23T08:48:23.8543827Z ##[error]Process completed with exit code 1.
2026-09-23T08:48:23.8624314Z Node 20 is being deprecated. This workflow is running with Node 24 by default. If you need to temporarily use Node 20, you can set the ACTIONS_ALLOW_USE_UNSECURE_NODE_VERSION=true environment variable. For more information see: https://github.blog/changelog/2025-09-19-deprecation-of-node-20-on-github-actions-runners/
2026-09-23T08:48:23.8625041Z Post job cleanup.
2026-09-23T08:48:23.9132105Z [command]/usr/bin/git version
2026-09-23T08:48:23.9162278Z git version 2.55.0
2026-09-23T08:48:23.9185112Z Temporarily overriding HOME='/home/runner/work/_temp/270769e9-c18f-448f-be30-1dbcaa4ccd18' before making global git config changes
2026-09-23T08:48:23.9185617Z Adding repository directory to the temporary git global config as a safe directory
2026-09-23T08:48:23.9188638Z [command]/usr/bin/git config --global --add safe.directory /home/runner/work/log-generation/log-generation
2026-09-23T08:48:23.9216591Z [command]/usr/bin/git config --local --name-only --get-regexp core\.sshCommand
2026-09-23T08:48:23.9241589Z [command]/usr/bin/git submodule foreach --recursive sh -c "git config --local --name-only --get-regexp 'core\.sshCommand' && git config --local --unset-all 'core.sshCommand' || :"
2026-09-23T08:48:23.9423770Z [command]/usr/bin/git config --local --name-only --get-regexp http\.https\:\/\/github\.com\/\.extraheader
2026-09-23T08:48:23.9449876Z http.https://github.com/.extraheader
2026-09-23T08:48:23.9457755Z [command]/usr/bin/git config --local --unset-all http.https://github.com/.extraheader
2026-09-23T08:48:23.9484582Z [command]/usr/bin/git submodule foreach --recursive sh -c "git config --local --name-only --get-regexp 'http\.https\:\/\/github\.com\/\.extraheader' && git config --local --unset-all 'http.https://github.com/.extraheader' || :"
2026-09-23T08:48:23.9668282Z [command]/usr/bin/git config --local --name-only --get-regexp ^includeIf\.gitdir:
2026-09-23T08:48:23.9693932Z [command]/usr/bin/git submodule foreach --recursive git config --local --show-origin --name-only --get-regexp remote.origin.url
2026-09-23T08:48:23.9962465Z Cleaning up orphan processes
2026-09-23T08:48:24.0140411Z ##[warning]Node.js 20 is deprecated. The following actions target Node.js 20 but are being forced to run on Node.js 24: actions/checkout@v4, actions/setup-python@v5. For more information see: https://github.blog/changelog/2025-09-19-deprecation-of-node-20-on-github-actions-runners/
