ï»¿2026-09-23T08:49:02.9411070Z Current runner version: '2.337.0'
2026-09-23T08:49:02.9428849Z ##[group]Runner Image Provisioner
2026-09-23T08:49:02.9429499Z Hosted Compute Agent
2026-09-23T08:49:02.9429924Z Version: 20260828.587
2026-09-23T08:49:02.9430408Z Commit: abac92662cab4cc7352de4f9f9d2e2419aad9c29
2026-09-23T08:49:02.9430919Z Build Date: 2026-08-28T16:44:25Z
2026-09-23T08:49:02.9431398Z Worker ID: {a6c4b7df-4c73-467b-88a8-f86f1e571590}
2026-09-23T08:49:02.9431916Z Azure Region: centralus
2026-09-23T08:49:02.9432363Z ##[endgroup]
2026-09-23T08:49:02.9433950Z ##[group]Operating System
2026-09-23T08:49:02.9434394Z Ubuntu
2026-09-23T08:49:02.9434768Z 24.04.5
2026-09-23T08:49:02.9435156Z LTS
2026-09-23T08:49:02.9435790Z ##[endgroup]
2026-09-23T08:49:02.9436263Z ##[group]Runner Image
2026-09-23T08:49:02.9436685Z Image: ubuntu-24.04
2026-09-23T08:49:02.9437088Z Version: 20260907.300.1
2026-09-23T08:49:02.9438016Z Included Software: https://github.com/actions/runner-images/blob/ubuntu24/20260907.300/images/ubuntu/Ubuntu2404-Readme.md
2026-09-23T08:49:02.9439098Z Image Release: https://github.com/actions/runner-images/releases/tag/ubuntu24%2F20260907.300
2026-09-23T08:49:02.9439760Z ##[endgroup]
2026-09-23T08:49:02.9440716Z ##[group]GITHUB_TOKEN Permissions
2026-09-23T08:49:02.9442489Z Contents: read
2026-09-23T08:49:02.9443094Z Metadata: read
2026-09-23T08:49:02.9443492Z Packages: read
2026-09-23T08:49:02.9443869Z ##[endgroup]
2026-09-23T08:49:02.9445419Z Secret source: Actions
2026-09-23T08:49:02.9446086Z Cache mode: write
2026-09-23T08:49:02.9446994Z Prepare workflow directory
2026-09-23T08:49:02.9685860Z Prepare all required actions
2026-09-23T08:49:02.9725005Z Getting action download info
2026-09-23T08:49:03.1881543Z Download action repository 'actions/checkout@v4' (SHA:11d5960a326750d5838078e36cf38b85af677262)
2026-09-23T08:49:03.4256830Z Download action repository 'actions/setup-python@v5' (SHA:a26af69be951a213d495a4c3e4e4022e16d87065)
2026-09-23T08:49:03.6415574Z Complete job name: test-f3 (KeyError #89)
2026-09-23T08:49:03.6970053Z Node 20 is being deprecated. This workflow is running with Node 24 by default. If you need to temporarily use Node 20, you can set the ACTIONS_ALLOW_USE_UNSECURE_NODE_VERSION=true environment variable. For more information see: https://github.blog/changelog/2025-09-19-deprecation-of-node-20-on-github-actions-runners/
2026-09-23T08:49:03.6976690Z ##[group]Run actions/checkout@v4
2026-09-23T08:49:03.6977223Z with:
2026-09-23T08:49:03.6977563Z   fetch-depth: 1
2026-09-23T08:49:03.6977974Z   repository: DhruvHegde/log-generation
2026-09-23T08:49:03.6980880Z   token: ***
2026-09-23T08:49:03.6981304Z   ssh-strict: true
2026-09-23T08:49:03.6981664Z   ssh-user: git
2026-09-23T08:49:03.6982028Z   persist-credentials: true
2026-09-23T08:49:03.6982459Z   clean: true
2026-09-23T08:49:03.6983070Z   sparse-checkout-cone-mode: true
2026-09-23T08:49:03.6983489Z   fetch-tags: false
2026-09-23T08:49:03.6983861Z   show-progress: true
2026-09-23T08:49:03.6984220Z   lfs: false
2026-09-23T08:49:03.6984682Z   submodules: false
2026-09-23T08:49:03.6985058Z   set-safe-directory: true
2026-09-23T08:49:03.6985555Z   allow-unsafe-pr-checkout: false
2026-09-23T08:49:03.6986455Z ##[endgroup]
2026-09-23T08:49:03.7753242Z Syncing repository: DhruvHegde/log-generation
2026-09-23T08:49:03.7754798Z ##[group]Getting Git version info
2026-09-23T08:49:03.7755369Z Working directory is '/home/runner/work/log-generation/log-generation'
2026-09-23T08:49:03.7756233Z [command]/usr/bin/git version
2026-09-23T08:49:03.7835848Z git version 2.55.0
2026-09-23T08:49:03.7850037Z ##[endgroup]
2026-09-23T08:49:03.7862955Z Temporarily overriding HOME='/home/runner/work/_temp/664ca7ed-fe2f-4b50-a8cb-af0a26755cad' before making global git config changes
2026-09-23T08:49:03.7865722Z Adding repository directory to the temporary git global config as a safe directory
2026-09-23T08:49:03.7867011Z [command]/usr/bin/git config --global --add safe.directory /home/runner/work/log-generation/log-generation
2026-09-23T08:49:03.7914665Z Deleting the contents of '/home/runner/work/log-generation/log-generation'
2026-09-23T08:49:03.7916393Z ##[group]Initializing the repository
2026-09-23T08:49:03.7917170Z [command]/usr/bin/git init /home/runner/work/log-generation/log-generation
2026-09-23T08:49:04.0895457Z hint: Using 'master' as the name for the initial branch. This default branch name
2026-09-23T08:49:04.0897175Z hint: will change to "main" in Git 3.0. To configure the initial branch name
2026-09-23T08:49:04.0898481Z hint: to use in all of your new repositories, which will suppress this warning,
2026-09-23T08:49:04.0899553Z hint: call:
2026-09-23T08:49:04.0900321Z hint:
2026-09-23T08:49:04.0901172Z hint: 	git config --global init.defaultBranch <name>
2026-09-23T08:49:04.0902117Z hint:
2026-09-23T08:49:04.0903148Z hint: Names commonly chosen instead of 'master' are 'main', 'trunk' and
2026-09-23T08:49:04.0904323Z hint: 'development'. The just-created branch can be renamed via this command:
2026-09-23T08:49:04.0905395Z hint:
2026-09-23T08:49:04.0906168Z hint: 	git branch -m <name>
2026-09-23T08:49:04.0907029Z hint:
2026-09-23T08:49:04.0907910Z hint: Disable this message with "git config set advice.defaultBranchName false"
2026-09-23T08:49:04.0909436Z Initialized empty Git repository in /home/runner/work/log-generation/log-generation/.git/
2026-09-23T08:49:04.0912615Z [command]/usr/bin/git remote add origin https://github.com/DhruvHegde/log-generation
2026-09-23T08:49:04.0949122Z ##[endgroup]
2026-09-23T08:49:04.0949781Z ##[group]Disabling automatic garbage collection
2026-09-23T08:49:04.0951854Z [command]/usr/bin/git config --local gc.auto 0
2026-09-23T08:49:04.0977836Z ##[endgroup]
2026-09-23T08:49:04.0978707Z ##[group]Setting up auth
2026-09-23T08:49:04.0983589Z [command]/usr/bin/git config --local --name-only --get-regexp core\.sshCommand
2026-09-23T08:49:04.1007840Z [command]/usr/bin/git submodule foreach --recursive sh -c "git config --local --name-only --get-regexp 'core\.sshCommand' && git config --local --unset-all 'core.sshCommand' || :"
2026-09-23T08:49:04.1277727Z [command]/usr/bin/git config --local --name-only --get-regexp http\.https\:\/\/github\.com\/\.extraheader
2026-09-23T08:49:04.1300775Z [command]/usr/bin/git submodule foreach --recursive sh -c "git config --local --name-only --get-regexp 'http\.https\:\/\/github\.com\/\.extraheader' && git config --local --unset-all 'http.https://github.com/.extraheader' || :"
2026-09-23T08:49:04.1446518Z [command]/usr/bin/git config --local --name-only --get-regexp ^includeIf\.gitdir:
2026-09-23T08:49:04.1470401Z [command]/usr/bin/git submodule foreach --recursive git config --local --show-origin --name-only --get-regexp remote.origin.url
2026-09-23T08:49:04.1617094Z [command]/usr/bin/git config --local http.https://github.com/.extraheader AUTHORIZATION: basic ***
2026-09-23T08:49:04.1643286Z ##[endgroup]
2026-09-23T08:49:04.1644255Z ##[group]Fetching the repository
2026-09-23T08:49:04.1651307Z [command]/usr/bin/git -c protocol.version=2 fetch --no-tags --prune --no-recurse-submodules --depth=1 origin +43f20917de93b9aad51cf79a69ad5239c5632917:refs/remotes/origin/feature/f3-test-failures
2026-09-23T08:49:04.9716962Z From https://github.com/DhruvHegde/log-generation
2026-09-23T08:49:04.9718879Z  * [new ref]         43f20917de93b9aad51cf79a69ad5239c5632917 -> origin/feature/f3-test-failures
2026-09-23T08:49:04.9722345Z ##[endgroup]
2026-09-23T08:49:04.9723774Z ##[group]Determining the checkout info
2026-09-23T08:49:04.9725119Z ##[endgroup]
2026-09-23T08:49:04.9729478Z [command]/usr/bin/git sparse-checkout disable
2026-09-23T08:49:04.9826926Z [command]/usr/bin/git config --local --unset-all extensions.worktreeConfig
2026-09-23T08:49:04.9853822Z ##[group]Checking out the ref
2026-09-23T08:49:04.9856711Z [command]/usr/bin/git checkout --progress --force -B feature/f3-test-failures refs/remotes/origin/feature/f3-test-failures
2026-09-23T08:49:05.0087992Z Switched to a new branch 'feature/f3-test-failures'
2026-09-23T08:49:05.0094031Z branch 'feature/f3-test-failures' set up to track 'origin/feature/f3-test-failures'.
2026-09-23T08:49:05.0098442Z ##[endgroup]
2026-09-23T08:49:05.0127054Z [command]/usr/bin/git log -1 --format=%H
2026-09-23T08:49:05.0145516Z 43f20917de93b9aad51cf79a69ad5239c5632917
2026-09-23T08:49:05.0416784Z Node 20 is being deprecated. This workflow is running with Node 24 by default. If you need to temporarily use Node 20, you can set the ACTIONS_ALLOW_USE_UNSECURE_NODE_VERSION=true environment variable. For more information see: https://github.blog/changelog/2025-09-19-deprecation-of-node-20-on-github-actions-runners/
2026-09-23T08:49:05.0420777Z ##[group]Run actions/setup-python@v5
2026-09-23T08:49:05.0421625Z with:
2026-09-23T08:49:05.0422247Z   python-version: 3.11
2026-09-23T08:49:05.0423283Z   check-latest: false
2026-09-23T08:49:05.0430030Z   token: ***
2026-09-23T08:49:05.0430752Z   update-environment: true
2026-09-23T08:49:05.0431541Z   allow-prereleases: false
2026-09-23T08:49:05.0432290Z   freethreaded: false
2026-09-23T08:49:05.0433192Z ##[endgroup]
2026-09-23T08:49:05.1385396Z ##[group]Installed versions
2026-09-23T08:49:05.2787406Z (node:2029) [DEP0040] DeprecationWarning: The `punycode` module is deprecated. Please use a userland alternative instead.
2026-09-23T08:49:05.2788552Z (Use `node --trace-deprecation ...` to show where the warning was created)
2026-09-23T08:49:05.2789073Z Successfully set up CPython (3.11.16)
2026-09-23T08:49:05.2789741Z ##[endgroup]
2026-09-23T08:49:05.2917258Z ##[group]Run pip install --no-cache-dir pytest
2026-09-23T08:49:05.2918157Z [36;1mpip install --no-cache-dir pytest[0m
2026-09-23T08:49:05.3091669Z shell: /usr/bin/bash -e {0}
2026-09-23T08:49:05.3092402Z env:
2026-09-23T08:49:05.3093138Z   pythonLocation: /opt/hostedtoolcache/Python/3.11.16/x64
2026-09-23T08:49:05.3094004Z   PKG_CONFIG_PATH: /opt/hostedtoolcache/Python/3.11.16/x64/lib/pkgconfig
2026-09-23T08:49:05.3094812Z   Python_ROOT_DIR: /opt/hostedtoolcache/Python/3.11.16/x64
2026-09-23T08:49:05.3095528Z   Python2_ROOT_DIR: /opt/hostedtoolcache/Python/3.11.16/x64
2026-09-23T08:49:05.3096287Z   Python3_ROOT_DIR: /opt/hostedtoolcache/Python/3.11.16/x64
2026-09-23T08:49:05.3097077Z   LD_LIBRARY_PATH: /opt/hostedtoolcache/Python/3.11.16/x64/lib
2026-09-23T08:49:05.3097666Z ##[endgroup]
2026-09-23T08:49:12.8375372Z Collecting pytest
2026-09-23T08:49:12.9154847Z   Downloading pytest-9.1.1-py3-none-any.whl.metadata (7.6 kB)
2026-09-23T08:49:12.9313763Z Collecting iniconfig>=1.0.1 (from pytest)
2026-09-23T08:49:12.9468256Z   Downloading iniconfig-2.3.0-py3-none-any.whl.metadata (2.5 kB)
2026-09-23T08:49:12.9640972Z Collecting packaging>=22 (from pytest)
2026-09-23T08:49:12.9795294Z   Downloading packaging-26.3-py3-none-any.whl.metadata (3.5 kB)
2026-09-23T08:49:12.9946371Z Collecting pluggy<2,>=1.5 (from pytest)
2026-09-23T08:49:13.0099828Z   Downloading pluggy-1.6.0-py3-none-any.whl.metadata (4.8 kB)
2026-09-23T08:49:13.0293158Z Collecting pygments>=2.7.2 (from pytest)
2026-09-23T08:49:13.0446587Z   Downloading pygments-2.21.0-py3-none-any.whl.metadata (2.5 kB)
2026-09-23T08:49:13.2272191Z Downloading pytest-9.1.1-py3-none-any.whl (386 kB)
2026-09-23T08:49:13.2950102Z Downloading pluggy-1.6.0-py3-none-any.whl (20 kB)
2026-09-23T08:49:13.3104117Z Downloading iniconfig-2.3.0-py3-none-any.whl (7.5 kB)
2026-09-23T08:49:13.3259489Z Downloading packaging-26.3-py3-none-any.whl (129 kB)
2026-09-23T08:49:13.3431343Z Downloading pygments-2.21.0-py3-none-any.whl (1.3 MB)
2026-09-23T08:49:13.3883026Z    ââââââââââââââââââââââââââââââââââââââââ 1.3/1.3 MB 25.2 MB/s  0:00:00
2026-09-23T08:49:14.3265276Z Installing collected packages: pygments, pluggy, packaging, iniconfig, pytest
2026-09-23T08:49:15.1411622Z 
2026-09-23T08:49:15.1420952Z Successfully installed iniconfig-2.3.0 packaging-26.3 pluggy-1.6.0 pygments-2.21.0 pytest-9.1.1
2026-09-23T08:49:15.2005612Z ##[group]Run python automation/inject_mutation.py --error-type "KeyError"
2026-09-23T08:49:15.2006140Z [36;1mpython automation/inject_mutation.py --error-type "KeyError"[0m
2026-09-23T08:49:15.2029591Z shell: /usr/bin/bash -e {0}
2026-09-23T08:49:15.2029930Z env:
2026-09-23T08:49:15.2030252Z   pythonLocation: /opt/hostedtoolcache/Python/3.11.16/x64
2026-09-23T08:49:15.2030852Z   PKG_CONFIG_PATH: /opt/hostedtoolcache/Python/3.11.16/x64/lib/pkgconfig
2026-09-23T08:49:15.2031293Z   Python_ROOT_DIR: /opt/hostedtoolcache/Python/3.11.16/x64
2026-09-23T08:49:15.2031661Z   Python2_ROOT_DIR: /opt/hostedtoolcache/Python/3.11.16/x64
2026-09-23T08:49:15.2032060Z   Python3_ROOT_DIR: /opt/hostedtoolcache/Python/3.11.16/x64
2026-09-23T08:49:15.2032417Z   LD_LIBRARY_PATH: /opt/hostedtoolcache/Python/3.11.16/x64/lib
2026-09-23T08:49:15.2032996Z ##[endgroup]
2026-09-23T08:49:15.2261083Z [Mutation Injected] Successfully injected KeyError into tests/test_app.py
2026-09-23T08:49:15.2324925Z ##[group]Run pytest tests/test_app.py -v
2026-09-23T08:49:15.2325304Z [36;1mpytest tests/test_app.py -v[0m
2026-09-23T08:49:15.2343907Z shell: /usr/bin/bash -e {0}
2026-09-23T08:49:15.2344189Z env:
2026-09-23T08:49:15.2344536Z   pythonLocation: /opt/hostedtoolcache/Python/3.11.16/x64
2026-09-23T08:49:15.2344946Z   PKG_CONFIG_PATH: /opt/hostedtoolcache/Python/3.11.16/x64/lib/pkgconfig
2026-09-23T08:49:15.2345407Z   Python_ROOT_DIR: /opt/hostedtoolcache/Python/3.11.16/x64
2026-09-23T08:49:15.2345808Z   Python2_ROOT_DIR: /opt/hostedtoolcache/Python/3.11.16/x64
2026-09-23T08:49:15.2346181Z   Python3_ROOT_DIR: /opt/hostedtoolcache/Python/3.11.16/x64
2026-09-23T08:49:15.2346592Z   LD_LIBRARY_PATH: /opt/hostedtoolcache/Python/3.11.16/x64/lib
2026-09-23T08:49:15.2346908Z ##[endgroup]
2026-09-23T08:49:16.1367547Z ============================= test session starts ==============================
2026-09-23T08:49:16.1368301Z platform linux -- Python 3.11.16, pytest-9.1.1, pluggy-1.6.0 -- /opt/hostedtoolcache/Python/3.11.16/x64/bin/python
2026-09-23T08:49:16.1368736Z cachedir: .pytest_cache
2026-09-23T08:49:16.1369040Z rootdir: /home/runner/work/log-generation/log-generation
2026-09-23T08:49:16.1369373Z configfile: pytest.ini
2026-09-23T08:49:16.1448030Z collecting ... collected 6 items
2026-09-23T08:49:16.1453143Z 
2026-09-23T08:49:16.1453855Z tests/test_app.py::test_calculate_division PASSED                        [ 16%]
2026-09-23T08:49:16.1457491Z tests/test_app.py::test_convert_to_int PASSED                            [ 33%]
2026-09-23T08:49:16.1461799Z tests/test_app.py::test_get_list_item PASSED                             [ 50%]
2026-09-23T08:49:16.1465957Z tests/test_app.py::test_get_dict_value PASSED                            [ 66%]
2026-09-23T08:49:16.1469773Z tests/test_app.py::test_assert_positive PASSED                           [ 83%]
2026-09-23T08:49:16.1685107Z tests/test_app.py::test_key_error FAILED                                 [100%]
2026-09-23T08:49:16.1685480Z 
2026-09-23T08:49:16.1685781Z =================================== FAILURES ===================================
2026-09-23T08:49:16.1686315Z ________________________________ test_key_error ________________________________
2026-09-23T08:49:16.1686577Z 
2026-09-23T08:49:16.1686691Z     def test_key_error():
2026-09-23T08:49:16.1687053Z         """Injected synthetic KeyError."""
2026-09-23T08:49:16.1687445Z         from src.app import get_dict_value
2026-09-23T08:49:16.1687843Z         config = {"env": "staging", "retries": 3}
2026-09-23T08:49:16.1688289Z >       get_dict_value(config, "missing_auth_token")
2026-09-23T08:49:16.1688521Z 
2026-09-23T08:49:16.1688686Z tests/test_app.py:140: 
2026-09-23T08:49:16.1689097Z _ _ _ _ _ _ _ _ _ _ _ _ _ _ _ _ _ _ _ _ _ _ _ _ _ _ _ _ _ _ _ _ _ _ _ _ _ _ _ _ 
2026-09-23T08:49:16.1689394Z 
2026-09-23T08:49:16.1689572Z d = {'env': 'staging', 'retries': 3}, key = 'missing_auth_token'
2026-09-23T08:49:16.1689867Z 
2026-09-23T08:49:16.1689988Z     def get_dict_value(d, key):
2026-09-23T08:49:16.1690386Z >       return d[key]
2026-09-23T08:49:16.1690703Z                ^^^^^^
2026-09-23T08:49:16.1691010Z E       KeyError: 'missing_auth_token'
2026-09-23T08:49:16.1691238Z 
2026-09-23T08:49:16.1691380Z src/app.py:11: KeyError
2026-09-23T08:49:16.1691726Z =========================== short test summary info ============================
2026-09-23T08:49:16.1692584Z FAILED tests/test_app.py::test_key_error - KeyError: 'missing_auth_token'
2026-09-23T08:49:16.1693303Z ========================= 1 failed, 5 passed in 0.02s ==========================
2026-09-23T08:49:16.1883702Z ##[error]Process completed with exit code 1.
2026-09-23T08:49:16.2010646Z Node 20 is being deprecated. This workflow is running with Node 24 by default. If you need to temporarily use Node 20, you can set the ACTIONS_ALLOW_USE_UNSECURE_NODE_VERSION=true environment variable. For more information see: https://github.blog/changelog/2025-09-19-deprecation-of-node-20-on-github-actions-runners/
2026-09-23T08:49:16.2011568Z Post job cleanup.
2026-09-23T08:49:16.2725617Z [command]/usr/bin/git version
2026-09-23T08:49:16.2758617Z git version 2.55.0
2026-09-23T08:49:16.2784860Z Temporarily overriding HOME='/home/runner/work/_temp/95ef104f-a8b5-46c3-a864-8780bfda0005' before making global git config changes
2026-09-23T08:49:16.2786025Z Adding repository directory to the temporary git global config as a safe directory
2026-09-23T08:49:16.2789437Z [command]/usr/bin/git config --global --add safe.directory /home/runner/work/log-generation/log-generation
2026-09-23T08:49:16.2820576Z [command]/usr/bin/git config --local --name-only --get-regexp core\.sshCommand
2026-09-23T08:49:16.2848580Z [command]/usr/bin/git submodule foreach --recursive sh -c "git config --local --name-only --get-regexp 'core\.sshCommand' && git config --local --unset-all 'core.sshCommand' || :"
2026-09-23T08:49:16.3034721Z [command]/usr/bin/git config --local --name-only --get-regexp http\.https\:\/\/github\.com\/\.extraheader
2026-09-23T08:49:16.3548948Z http.https://github.com/.extraheader
2026-09-23T08:49:16.3557839Z [command]/usr/bin/git config --local --unset-all http.https://github.com/.extraheader
2026-09-23T08:49:16.3584396Z [command]/usr/bin/git submodule foreach --recursive sh -c "git config --local --name-only --get-regexp 'http\.https\:\/\/github\.com\/\.extraheader' && git config --local --unset-all 'http.https://github.com/.extraheader' || :"
2026-09-23T08:49:16.3747257Z [command]/usr/bin/git config --local --name-only --get-regexp ^includeIf\.gitdir:
2026-09-23T08:49:16.3773218Z [command]/usr/bin/git submodule foreach --recursive git config --local --show-origin --name-only --get-regexp remote.origin.url
2026-09-23T08:49:16.4049034Z Cleaning up orphan processes
2026-09-23T08:49:16.4271083Z ##[warning]Node.js 20 is deprecated. The following actions target Node.js 20 but are being forced to run on Node.js 24: actions/checkout@v4, actions/setup-python@v5. For more information see: https://github.blog/changelog/2025-09-19-deprecation-of-node-20-on-github-actions-runners/
