ï»¿2026-09-23T08:48:57.0203815Z Current runner version: '2.337.0'
2026-09-23T08:48:57.0224550Z ##[group]Runner Image Provisioner
2026-09-23T08:48:57.0225220Z Hosted Compute Agent
2026-09-23T08:48:57.0225719Z Version: 20260828.587
2026-09-23T08:48:57.0226306Z Commit: abac92662cab4cc7352de4f9f9d2e2419aad9c29
2026-09-23T08:48:57.0226904Z Build Date: 2026-08-28T16:44:25Z
2026-09-23T08:48:57.0227518Z Worker ID: {20d61f72-8fac-420e-a9a3-401623efaa42}
2026-09-23T08:48:57.0228084Z Azure Region: westus3
2026-09-23T08:48:57.0228565Z ##[endgroup]
2026-09-23T08:48:57.0229921Z ##[group]Operating System
2026-09-23T08:48:57.0230436Z Ubuntu
2026-09-23T08:48:57.0230913Z 24.04.5
2026-09-23T08:48:57.0231380Z LTS
2026-09-23T08:48:57.0232100Z ##[endgroup]
2026-09-23T08:48:57.0232607Z ##[group]Runner Image
2026-09-23T08:48:57.0233106Z Image: ubuntu-24.04
2026-09-23T08:48:57.0233853Z Version: 20260907.300.1
2026-09-23T08:48:57.0234866Z Included Software: https://github.com/actions/runner-images/blob/ubuntu24/20260907.300/images/ubuntu/Ubuntu2404-Readme.md
2026-09-23T08:48:57.0236136Z Image Release: https://github.com/actions/runner-images/releases/tag/ubuntu24%2F20260907.300
2026-09-23T08:48:57.0236931Z ##[endgroup]
2026-09-23T08:48:57.0237963Z ##[group]GITHUB_TOKEN Permissions
2026-09-23T08:48:57.0239802Z Contents: read
2026-09-23T08:48:57.0240357Z Metadata: read
2026-09-23T08:48:57.0240819Z Packages: read
2026-09-23T08:48:57.0241265Z ##[endgroup]
2026-09-23T08:48:57.0243054Z Secret source: Actions
2026-09-23T08:48:57.0244029Z Cache mode: write
2026-09-23T08:48:57.0244964Z Prepare workflow directory
2026-09-23T08:48:57.0511098Z Prepare all required actions
2026-09-23T08:48:57.0564964Z Getting action download info
2026-09-23T08:48:57.3546537Z Download action repository 'actions/checkout@v4' (SHA:11d5960a326750d5838078e36cf38b85af677262)
2026-09-23T08:48:57.4801505Z Download action repository 'actions/setup-python@v5' (SHA:a26af69be951a213d495a4c3e4e4022e16d87065)
2026-09-23T08:48:57.6669352Z Complete job name: test-f3 (AttributeError #121)
2026-09-23T08:48:57.7263944Z Node 20 is being deprecated. This workflow is running with Node 24 by default. If you need to temporarily use Node 20, you can set the ACTIONS_ALLOW_USE_UNSECURE_NODE_VERSION=true environment variable. For more information see: https://github.blog/changelog/2025-09-19-deprecation-of-node-20-on-github-actions-runners/
2026-09-23T08:48:57.7270747Z ##[group]Run actions/checkout@v4
2026-09-23T08:48:57.7271299Z with:
2026-09-23T08:48:57.7271631Z   fetch-depth: 1
2026-09-23T08:48:57.7272006Z   repository: DhruvHegde/log-generation
2026-09-23T08:48:57.7275169Z   token: ***
2026-09-23T08:48:57.7275518Z   ssh-strict: true
2026-09-23T08:48:57.7275879Z   ssh-user: git
2026-09-23T08:48:57.7276243Z   persist-credentials: true
2026-09-23T08:48:57.7276623Z   clean: true
2026-09-23T08:48:57.7276981Z   sparse-checkout-cone-mode: true
2026-09-23T08:48:57.7277389Z   fetch-tags: false
2026-09-23T08:48:57.7277748Z   show-progress: true
2026-09-23T08:48:57.7278099Z   lfs: false
2026-09-23T08:48:57.7278451Z   submodules: false
2026-09-23T08:48:57.7278826Z   set-safe-directory: true
2026-09-23T08:48:57.7279218Z   allow-unsafe-pr-checkout: false
2026-09-23T08:48:57.7279773Z ##[endgroup]
2026-09-23T08:48:57.8091386Z Syncing repository: DhruvHegde/log-generation
2026-09-23T08:48:57.8093597Z ##[group]Getting Git version info
2026-09-23T08:48:57.8094620Z Working directory is '/home/runner/work/log-generation/log-generation'
2026-09-23T08:48:57.8096046Z [command]/usr/bin/git version
2026-09-23T08:48:57.8338875Z git version 2.55.0
2026-09-23T08:48:57.8357344Z ##[endgroup]
2026-09-23T08:48:57.8370609Z Temporarily overriding HOME='/home/runner/work/_temp/a1914d70-6d64-429a-8a32-723ed1c68d30' before making global git config changes
2026-09-23T08:48:57.8372411Z Adding repository directory to the temporary git global config as a safe directory
2026-09-23T08:48:57.8375094Z [command]/usr/bin/git config --global --add safe.directory /home/runner/work/log-generation/log-generation
2026-09-23T08:48:57.8422868Z Deleting the contents of '/home/runner/work/log-generation/log-generation'
2026-09-23T08:48:57.8427450Z ##[group]Initializing the repository
2026-09-23T08:48:57.8430692Z [command]/usr/bin/git init /home/runner/work/log-generation/log-generation
2026-09-23T08:48:57.8689352Z hint: Using 'master' as the name for the initial branch. This default branch name
2026-09-23T08:48:57.8690984Z hint: will change to "main" in Git 3.0. To configure the initial branch name
2026-09-23T08:48:57.8692448Z hint: to use in all of your new repositories, which will suppress this warning,
2026-09-23T08:48:57.8693712Z hint: call:
2026-09-23T08:48:57.8694435Z hint:
2026-09-23T08:48:57.8695316Z hint: 	git config --global init.defaultBranch <name>
2026-09-23T08:48:57.8696339Z hint:
2026-09-23T08:48:57.8697259Z hint: Names commonly chosen instead of 'master' are 'main', 'trunk' and
2026-09-23T08:48:57.8698634Z hint: 'development'. The just-created branch can be renamed via this command:
2026-09-23T08:48:57.8699731Z hint:
2026-09-23T08:48:57.8700469Z hint: 	git branch -m <name>
2026-09-23T08:48:57.8701257Z hint:
2026-09-23T08:48:57.8702224Z hint: Disable this message with "git config set advice.defaultBranchName false"
2026-09-23T08:48:57.8704028Z Initialized empty Git repository in /home/runner/work/log-generation/log-generation/.git/
2026-09-23T08:48:57.8715454Z [command]/usr/bin/git remote add origin https://github.com/DhruvHegde/log-generation
2026-09-23T08:48:57.9216013Z ##[endgroup]
2026-09-23T08:48:57.9217067Z ##[group]Disabling automatic garbage collection
2026-09-23T08:48:57.9219566Z [command]/usr/bin/git config --local gc.auto 0
2026-09-23T08:48:57.9251118Z ##[endgroup]
2026-09-23T08:48:57.9251989Z ##[group]Setting up auth
2026-09-23T08:48:57.9257340Z [command]/usr/bin/git config --local --name-only --get-regexp core\.sshCommand
2026-09-23T08:48:57.9286758Z [command]/usr/bin/git submodule foreach --recursive sh -c "git config --local --name-only --get-regexp 'core\.sshCommand' && git config --local --unset-all 'core.sshCommand' || :"
2026-09-23T08:48:58.0351857Z [command]/usr/bin/git config --local --name-only --get-regexp http\.https\:\/\/github\.com\/\.extraheader
2026-09-23T08:48:58.0381749Z [command]/usr/bin/git submodule foreach --recursive sh -c "git config --local --name-only --get-regexp 'http\.https\:\/\/github\.com\/\.extraheader' && git config --local --unset-all 'http.https://github.com/.extraheader' || :"
2026-09-23T08:48:58.0571088Z [command]/usr/bin/git config --local --name-only --get-regexp ^includeIf\.gitdir:
2026-09-23T08:48:58.0603580Z [command]/usr/bin/git submodule foreach --recursive git config --local --show-origin --name-only --get-regexp remote.origin.url
2026-09-23T08:48:58.0809629Z [command]/usr/bin/git config --local http.https://github.com/.extraheader AUTHORIZATION: basic ***
2026-09-23T08:48:58.0939419Z ##[endgroup]
2026-09-23T08:48:58.0940472Z ##[group]Fetching the repository
2026-09-23T08:48:58.0948835Z [command]/usr/bin/git -c protocol.version=2 fetch --no-tags --prune --no-recurse-submodules --depth=1 origin +43f20917de93b9aad51cf79a69ad5239c5632917:refs/remotes/origin/feature/f3-test-failures
2026-09-23T08:48:58.8589629Z From https://github.com/DhruvHegde/log-generation
2026-09-23T08:48:58.8591016Z  * [new ref]         43f20917de93b9aad51cf79a69ad5239c5632917 -> origin/feature/f3-test-failures
2026-09-23T08:48:58.8593812Z ##[endgroup]
2026-09-23T08:48:58.8594708Z ##[group]Determining the checkout info
2026-09-23T08:48:58.8595760Z ##[endgroup]
2026-09-23T08:48:58.8601936Z [command]/usr/bin/git sparse-checkout disable
2026-09-23T08:48:58.8650229Z [command]/usr/bin/git config --local --unset-all extensions.worktreeConfig
2026-09-23T08:48:58.8680887Z ##[group]Checking out the ref
2026-09-23T08:48:58.8685302Z [command]/usr/bin/git checkout --progress --force -B feature/f3-test-failures refs/remotes/origin/feature/f3-test-failures
2026-09-23T08:48:58.9000879Z Switched to a new branch 'feature/f3-test-failures'
2026-09-23T08:48:58.9003828Z branch 'feature/f3-test-failures' set up to track 'origin/feature/f3-test-failures'.
2026-09-23T08:48:58.9011584Z ##[endgroup]
2026-09-23T08:48:58.9050197Z [command]/usr/bin/git log -1 --format=%H
2026-09-23T08:48:58.9074430Z 43f20917de93b9aad51cf79a69ad5239c5632917
2026-09-23T08:48:58.9355767Z Node 20 is being deprecated. This workflow is running with Node 24 by default. If you need to temporarily use Node 20, you can set the ACTIONS_ALLOW_USE_UNSECURE_NODE_VERSION=true environment variable. For more information see: https://github.blog/changelog/2025-09-19-deprecation-of-node-20-on-github-actions-runners/
2026-09-23T08:48:58.9359520Z ##[group]Run actions/setup-python@v5
2026-09-23T08:48:58.9360455Z with:
2026-09-23T08:48:58.9361197Z   python-version: 3.11
2026-09-23T08:48:58.9362020Z   check-latest: false
2026-09-23T08:48:58.9368195Z   token: ***
2026-09-23T08:48:58.9368986Z   update-environment: true
2026-09-23T08:48:58.9369862Z   allow-prereleases: false
2026-09-23T08:48:58.9370720Z   freethreaded: false
2026-09-23T08:48:58.9371520Z ##[endgroup]
2026-09-23T08:48:59.0452924Z ##[group]Installed versions
2026-09-23T08:48:59.0521101Z (node:2074) [DEP0040] DeprecationWarning: The `punycode` module is deprecated. Please use a userland alternative instead.
2026-09-23T08:48:59.0523881Z (Use `node --trace-deprecation ...` to show where the warning was created)
2026-09-23T08:48:59.0525108Z Successfully set up CPython (3.11.16)
2026-09-23T08:48:59.0526511Z ##[endgroup]
2026-09-23T08:48:59.0741494Z ##[group]Run pip install --no-cache-dir pytest
2026-09-23T08:48:59.0743167Z [36;1mpip install --no-cache-dir pytest[0m
2026-09-23T08:48:59.0803303Z shell: /usr/bin/bash -e {0}
2026-09-23T08:48:59.0804761Z env:
2026-09-23T08:48:59.0806049Z   pythonLocation: /opt/hostedtoolcache/Python/3.11.16/x64
2026-09-23T08:48:59.0808032Z   PKG_CONFIG_PATH: /opt/hostedtoolcache/Python/3.11.16/x64/lib/pkgconfig
2026-09-23T08:48:59.0884281Z   Python_ROOT_DIR: /opt/hostedtoolcache/Python/3.11.16/x64
2026-09-23T08:48:59.0886466Z   Python2_ROOT_DIR: /opt/hostedtoolcache/Python/3.11.16/x64
2026-09-23T08:48:59.0887980Z   Python3_ROOT_DIR: /opt/hostedtoolcache/Python/3.11.16/x64
2026-09-23T08:48:59.0889569Z   LD_LIBRARY_PATH: /opt/hostedtoolcache/Python/3.11.16/x64/lib
2026-09-23T08:48:59.0891005Z ##[endgroup]
2026-09-23T08:49:00.2018565Z Collecting pytest
2026-09-23T08:49:00.2604690Z   Downloading pytest-9.1.1-py3-none-any.whl.metadata (7.6 kB)
2026-09-23T08:49:00.2740651Z Collecting iniconfig>=1.0.1 (from pytest)
2026-09-23T08:49:00.2836145Z   Downloading iniconfig-2.3.0-py3-none-any.whl.metadata (2.5 kB)
2026-09-23T08:49:00.2990078Z Collecting packaging>=22 (from pytest)
2026-09-23T08:49:00.3087082Z   Downloading packaging-26.3-py3-none-any.whl.metadata (3.5 kB)
2026-09-23T08:49:00.3217270Z Collecting pluggy<2,>=1.5 (from pytest)
2026-09-23T08:49:00.3313016Z   Downloading pluggy-1.6.0-py3-none-any.whl.metadata (4.8 kB)
2026-09-23T08:49:00.3500470Z Collecting pygments>=2.7.2 (from pytest)
2026-09-23T08:49:00.3596397Z   Downloading pygments-2.21.0-py3-none-any.whl.metadata (2.5 kB)
2026-09-23T08:49:00.3712071Z Downloading pytest-9.1.1-py3-none-any.whl (386 kB)
2026-09-23T08:49:00.4150210Z Downloading pluggy-1.6.0-py3-none-any.whl (20 kB)
2026-09-23T08:49:00.4245799Z Downloading iniconfig-2.3.0-py3-none-any.whl (7.5 kB)
2026-09-23T08:49:00.4343783Z Downloading packaging-26.3-py3-none-any.whl (129 kB)
2026-09-23T08:49:00.4442336Z Downloading pygments-2.21.0-py3-none-any.whl (1.3 MB)
2026-09-23T08:49:00.4726076Z    ââââââââââââââââââââââââââââââââââââââââ 1.3/1.3 MB 57.5 MB/s  0:00:00
2026-09-23T08:49:00.5261945Z Installing collected packages: pygments, pluggy, packaging, iniconfig, pytest
2026-09-23T08:49:01.2663567Z 
2026-09-23T08:49:01.2671980Z Successfully installed iniconfig-2.3.0 packaging-26.3 pluggy-1.6.0 pygments-2.21.0 pytest-9.1.1
2026-09-23T08:49:01.3174353Z ##[group]Run python automation/inject_mutation.py --error-type "AttributeError"
2026-09-23T08:49:01.3174884Z [36;1mpython automation/inject_mutation.py --error-type "AttributeError"[0m
2026-09-23T08:49:01.3209415Z shell: /usr/bin/bash -e {0}
2026-09-23T08:49:01.3209639Z env:
2026-09-23T08:49:01.3210076Z   pythonLocation: /opt/hostedtoolcache/Python/3.11.16/x64
2026-09-23T08:49:01.3210428Z   PKG_CONFIG_PATH: /opt/hostedtoolcache/Python/3.11.16/x64/lib/pkgconfig
2026-09-23T08:49:01.3210765Z   Python_ROOT_DIR: /opt/hostedtoolcache/Python/3.11.16/x64
2026-09-23T08:49:01.3211062Z   Python2_ROOT_DIR: /opt/hostedtoolcache/Python/3.11.16/x64
2026-09-23T08:49:01.3211377Z   Python3_ROOT_DIR: /opt/hostedtoolcache/Python/3.11.16/x64
2026-09-23T08:49:01.3211679Z   LD_LIBRARY_PATH: /opt/hostedtoolcache/Python/3.11.16/x64/lib
2026-09-23T08:49:01.3211955Z ##[endgroup]
2026-09-23T08:49:01.3461782Z [Mutation Injected] Successfully injected AttributeError into tests/test_app.py
2026-09-23T08:49:01.3518717Z ##[group]Run pytest tests/test_app.py -v
2026-09-23T08:49:01.3519010Z [36;1mpytest tests/test_app.py -v[0m
2026-09-23T08:49:01.3549933Z shell: /usr/bin/bash -e {0}
2026-09-23T08:49:01.3550162Z env:
2026-09-23T08:49:01.3550402Z   pythonLocation: /opt/hostedtoolcache/Python/3.11.16/x64
2026-09-23T08:49:01.3550779Z   PKG_CONFIG_PATH: /opt/hostedtoolcache/Python/3.11.16/x64/lib/pkgconfig
2026-09-23T08:49:01.3551159Z   Python_ROOT_DIR: /opt/hostedtoolcache/Python/3.11.16/x64
2026-09-23T08:49:01.3551474Z   Python2_ROOT_DIR: /opt/hostedtoolcache/Python/3.11.16/x64
2026-09-23T08:49:01.3551791Z   Python3_ROOT_DIR: /opt/hostedtoolcache/Python/3.11.16/x64
2026-09-23T08:49:01.3552114Z   LD_LIBRARY_PATH: /opt/hostedtoolcache/Python/3.11.16/x64/lib
2026-09-23T08:49:01.3552389Z ##[endgroup]
2026-09-23T08:49:01.5314046Z ============================= test session starts ==============================
2026-09-23T08:49:01.5314860Z platform linux -- Python 3.11.16, pytest-9.1.1, pluggy-1.6.0 -- /opt/hostedtoolcache/Python/3.11.16/x64/bin/python
2026-09-23T08:49:01.5315476Z cachedir: .pytest_cache
2026-09-23T08:49:01.5315834Z rootdir: /home/runner/work/log-generation/log-generation
2026-09-23T08:49:01.5316232Z configfile: pytest.ini
2026-09-23T08:49:01.5377273Z collecting ... collected 6 items
2026-09-23T08:49:01.5377497Z 
2026-09-23T08:49:01.5383691Z tests/test_app.py::test_calculate_division PASSED                        [ 16%]
2026-09-23T08:49:01.5388654Z tests/test_app.py::test_convert_to_int PASSED                            [ 33%]
2026-09-23T08:49:01.5393711Z tests/test_app.py::test_get_list_item PASSED                             [ 50%]
2026-09-23T08:49:01.5398457Z tests/test_app.py::test_get_dict_value PASSED                            [ 66%]
2026-09-23T08:49:01.5402859Z tests/test_app.py::test_assert_positive PASSED                           [ 83%]
2026-09-23T08:49:01.5627344Z tests/test_app.py::test_attribute_error FAILED                           [100%]
2026-09-23T08:49:01.5627782Z 
2026-09-23T08:49:01.5628004Z =================================== FAILURES ===================================
2026-09-23T08:49:01.5628557Z _____________________________ test_attribute_error _____________________________
2026-09-23T08:49:01.5628921Z 
2026-09-23T08:49:01.5629063Z     def test_attribute_error():
2026-09-23T08:49:01.5629438Z         """Injected synthetic AttributeError."""
2026-09-23T08:49:01.5629902Z         from src.app import get_object_attribute
2026-09-23T08:49:01.5630460Z >       get_object_attribute(object())
2026-09-23T08:49:01.5630635Z 
2026-09-23T08:49:01.5630738Z tests/test_app.py:139: 
2026-09-23T08:49:01.5631000Z _ _ _ _ _ _ _ _ _ _ _ _ _ _ _ _ _ _ _ _ _ _ _ _ _ _ _ _ _ _ _ _ _ _ _ _ _ _ _ _ 
2026-09-23T08:49:01.5631217Z 
2026-09-23T08:49:01.5631338Z obj = <object object at 0x7f8ec812d370>
2026-09-23T08:49:01.5631511Z 
2026-09-23T08:49:01.5631624Z     def get_object_attribute(obj):
2026-09-23T08:49:01.5631881Z >       return obj.non_existent_attribute
2026-09-23T08:49:01.5632141Z                ^^^^^^^^^^^^^^^^^^^^^^^^^^
2026-09-23T08:49:01.5632476Z E       AttributeError: 'object' object has no attribute 'non_existent_attribute'
2026-09-23T08:49:01.5632751Z 
2026-09-23T08:49:01.5632854Z src/app.py:14: AttributeError
2026-09-23T08:49:01.5633141Z =========================== short test summary info ============================
2026-09-23T08:49:01.5634177Z FAILED tests/test_app.py::test_attribute_error - AttributeError: 'object' object has no attribute 'non_existent_attribute'
2026-09-23T08:49:01.5634718Z ========================= 1 failed, 5 passed in 0.02s ==========================
2026-09-23T08:49:01.5786914Z ##[error]Process completed with exit code 1.
2026-09-23T08:49:01.5905758Z Node 20 is being deprecated. This workflow is running with Node 24 by default. If you need to temporarily use Node 20, you can set the ACTIONS_ALLOW_USE_UNSECURE_NODE_VERSION=true environment variable. For more information see: https://github.blog/changelog/2025-09-19-deprecation-of-node-20-on-github-actions-runners/
2026-09-23T08:49:01.5906681Z Post job cleanup.
2026-09-23T08:49:01.6583861Z [command]/usr/bin/git version
2026-09-23T08:49:01.6620782Z git version 2.55.0
2026-09-23T08:49:01.6651608Z Temporarily overriding HOME='/home/runner/work/_temp/45457630-893b-42f1-a8b6-5134571e0c13' before making global git config changes
2026-09-23T08:49:01.6652561Z Adding repository directory to the temporary git global config as a safe directory
2026-09-23T08:49:01.6656293Z [command]/usr/bin/git config --global --add safe.directory /home/runner/work/log-generation/log-generation
2026-09-23T08:49:01.6690233Z [command]/usr/bin/git config --local --name-only --get-regexp core\.sshCommand
2026-09-23T08:49:01.6719726Z [command]/usr/bin/git submodule foreach --recursive sh -c "git config --local --name-only --get-regexp 'core\.sshCommand' && git config --local --unset-all 'core.sshCommand' || :"
2026-09-23T08:49:01.6932013Z [command]/usr/bin/git config --local --name-only --get-regexp http\.https\:\/\/github\.com\/\.extraheader
2026-09-23T08:49:01.6957238Z http.https://github.com/.extraheader
2026-09-23T08:49:01.6971542Z [command]/usr/bin/git config --local --unset-all http.https://github.com/.extraheader
2026-09-23T08:49:01.7003881Z [command]/usr/bin/git submodule foreach --recursive sh -c "git config --local --name-only --get-regexp 'http\.https\:\/\/github\.com\/\.extraheader' && git config --local --unset-all 'http.https://github.com/.extraheader' || :"
2026-09-23T08:49:01.7219646Z [command]/usr/bin/git config --local --name-only --get-regexp ^includeIf\.gitdir:
2026-09-23T08:49:01.7252482Z [command]/usr/bin/git submodule foreach --recursive git config --local --show-origin --name-only --get-regexp remote.origin.url
2026-09-23T08:49:01.7632145Z Cleaning up orphan processes
2026-09-23T08:49:01.7865134Z ##[warning]Node.js 20 is deprecated. The following actions target Node.js 20 but are being forced to run on Node.js 24: actions/checkout@v4, actions/setup-python@v5. For more information see: https://github.blog/changelog/2025-09-19-deprecation-of-node-20-on-github-actions-runners/
