ï»¿2026-09-23T08:49:20.2034771Z Current runner version: '2.337.0'
2026-09-23T08:49:20.2071753Z ##[group]Runner Image Provisioner
2026-09-23T08:49:20.2073111Z Hosted Compute Agent
2026-09-23T08:49:20.2074146Z Version: 20260828.587
2026-09-23T08:49:20.2075219Z Commit: abac92662cab4cc7352de4f9f9d2e2419aad9c29
2026-09-23T08:49:20.2076567Z Build Date: 2026-08-28T16:44:25Z
2026-09-23T08:49:20.2077752Z Worker ID: {2fd2d5e5-7895-4cf3-9498-39f9c07ac9c8}
2026-09-23T08:49:20.2079349Z Azure Region: eastus
2026-09-23T08:49:20.2080322Z ##[endgroup]
2026-09-23T08:49:20.2083654Z ##[group]Operating System
2026-09-23T08:49:20.2084723Z Ubuntu
2026-09-23T08:49:20.2085586Z 24.04.5
2026-09-23T08:49:20.2086568Z LTS
2026-09-23T08:49:20.2087447Z ##[endgroup]
2026-09-23T08:49:20.2088786Z ##[group]Runner Image
2026-09-23T08:49:20.2089819Z Image: ubuntu-24.04
2026-09-23T08:49:20.2090723Z Version: 20260907.300.1
2026-09-23T08:49:20.2092946Z Included Software: https://github.com/actions/runner-images/blob/ubuntu24/20260907.300/images/ubuntu/Ubuntu2404-Readme.md
2026-09-23T08:49:20.2095692Z Image Release: https://github.com/actions/runner-images/releases/tag/ubuntu24%2F20260907.300
2026-09-23T08:49:20.2097578Z ##[endgroup]
2026-09-23T08:49:20.2099975Z ##[group]GITHUB_TOKEN Permissions
2026-09-23T08:49:20.2103223Z Contents: read
2026-09-23T08:49:20.2104331Z Metadata: read
2026-09-23T08:49:20.2105246Z Packages: read
2026-09-23T08:49:20.2106087Z ##[endgroup]
2026-09-23T08:49:20.2109759Z Secret source: Actions
2026-09-23T08:49:20.2111361Z Cache mode: write
2026-09-23T08:49:20.2113044Z Prepare workflow directory
2026-09-23T08:49:20.2607034Z Prepare all required actions
2026-09-23T08:49:20.2680403Z Getting action download info
2026-09-23T08:49:20.5088591Z Download action repository 'actions/checkout@v4' (SHA:11d5960a326750d5838078e36cf38b85af677262)
2026-09-23T08:49:20.6190636Z Download action repository 'actions/setup-python@v5' (SHA:a26af69be951a213d495a4c3e4e4022e16d87065)
2026-09-23T08:49:20.8075299Z Complete job name: test-f3 (ValueError #191)
2026-09-23T08:49:20.8898394Z Node 20 is being deprecated. This workflow is running with Node 24 by default. If you need to temporarily use Node 20, you can set the ACTIONS_ALLOW_USE_UNSECURE_NODE_VERSION=true environment variable. For more information see: https://github.blog/changelog/2025-09-19-deprecation-of-node-20-on-github-actions-runners/
2026-09-23T08:49:20.8907589Z ##[group]Run actions/checkout@v4
2026-09-23T08:49:20.8908728Z with:
2026-09-23T08:49:20.8909191Z   fetch-depth: 1
2026-09-23T08:49:20.8909684Z   repository: DhruvHegde/log-generation
2026-09-23T08:49:20.8913434Z   token: ***
2026-09-23T08:49:20.8913867Z   ssh-strict: true
2026-09-23T08:49:20.8914309Z   ssh-user: git
2026-09-23T08:49:20.8914766Z   persist-credentials: true
2026-09-23T08:49:20.8915256Z   clean: true
2026-09-23T08:49:20.8915704Z   sparse-checkout-cone-mode: true
2026-09-23T08:49:20.8916235Z   fetch-tags: false
2026-09-23T08:49:20.8916686Z   show-progress: true
2026-09-23T08:49:20.8917146Z   lfs: false
2026-09-23T08:49:20.8917611Z   submodules: false
2026-09-23T08:49:20.8918272Z   set-safe-directory: true
2026-09-23T08:49:20.8918795Z   allow-unsafe-pr-checkout: false
2026-09-23T08:49:20.8919601Z ##[endgroup]
2026-09-23T08:49:20.9983421Z Syncing repository: DhruvHegde/log-generation
2026-09-23T08:49:20.9986213Z ##[group]Getting Git version info
2026-09-23T08:49:20.9987477Z Working directory is '/home/runner/work/log-generation/log-generation'
2026-09-23T08:49:20.9989723Z [command]/usr/bin/git version
2026-09-23T08:49:21.0105743Z git version 2.55.0
2026-09-23T08:49:21.0131124Z ##[endgroup]
2026-09-23T08:49:21.0148930Z Temporarily overriding HOME='/home/runner/work/_temp/f959c1c5-6399-453c-a15c-c42500de3dce' before making global git config changes
2026-09-23T08:49:21.0151349Z Adding repository directory to the temporary git global config as a safe directory
2026-09-23T08:49:21.0156898Z [command]/usr/bin/git config --global --add safe.directory /home/runner/work/log-generation/log-generation
2026-09-23T08:49:21.0216727Z Deleting the contents of '/home/runner/work/log-generation/log-generation'
2026-09-23T08:49:21.0223170Z ##[group]Initializing the repository
2026-09-23T08:49:21.0228988Z [command]/usr/bin/git init /home/runner/work/log-generation/log-generation
2026-09-23T08:49:21.0366964Z hint: Using 'master' as the name for the initial branch. This default branch name
2026-09-23T08:49:21.0371817Z hint: will change to "main" in Git 3.0. To configure the initial branch name
2026-09-23T08:49:21.0373819Z hint: to use in all of your new repositories, which will suppress this warning,
2026-09-23T08:49:21.0375461Z hint: call:
2026-09-23T08:49:21.0376415Z hint:
2026-09-23T08:49:21.0377526Z hint: 	git config --global init.defaultBranch <name>
2026-09-23T08:49:21.0379033Z hint:
2026-09-23T08:49:21.0380170Z hint: Names commonly chosen instead of 'master' are 'main', 'trunk' and
2026-09-23T08:49:21.0381944Z hint: 'development'. The just-created branch can be renamed via this command:
2026-09-23T08:49:21.0383517Z hint:
2026-09-23T08:49:21.0384547Z hint: 	git branch -m <name>
2026-09-23T08:49:21.0385591Z hint:
2026-09-23T08:49:21.0386852Z hint: Disable this message with "git config set advice.defaultBranchName false"
2026-09-23T08:49:21.0389083Z Initialized empty Git repository in /home/runner/work/log-generation/log-generation/.git/
2026-09-23T08:49:21.0392761Z [command]/usr/bin/git remote add origin https://github.com/DhruvHegde/log-generation
2026-09-23T08:49:21.0448274Z ##[endgroup]
2026-09-23T08:49:21.0449651Z ##[group]Disabling automatic garbage collection
2026-09-23T08:49:21.0452462Z [command]/usr/bin/git config --local gc.auto 0
2026-09-23T08:49:21.0492699Z ##[endgroup]
2026-09-23T08:49:21.0494376Z ##[group]Setting up auth
2026-09-23T08:49:21.0501783Z [command]/usr/bin/git config --local --name-only --get-regexp core\.sshCommand
2026-09-23T08:49:21.0552300Z [command]/usr/bin/git submodule foreach --recursive sh -c "git config --local --name-only --get-regexp 'core\.sshCommand' && git config --local --unset-all 'core.sshCommand' || :"
2026-09-23T08:49:21.0972033Z [command]/usr/bin/git config --local --name-only --get-regexp http\.https\:\/\/github\.com\/\.extraheader
2026-09-23T08:49:21.1011134Z [command]/usr/bin/git submodule foreach --recursive sh -c "git config --local --name-only --get-regexp 'http\.https\:\/\/github\.com\/\.extraheader' && git config --local --unset-all 'http.https://github.com/.extraheader' || :"
2026-09-23T08:49:21.1247318Z [command]/usr/bin/git config --local --name-only --get-regexp ^includeIf\.gitdir:
2026-09-23T08:49:21.1290059Z [command]/usr/bin/git submodule foreach --recursive git config --local --show-origin --name-only --get-regexp remote.origin.url
2026-09-23T08:49:21.1528081Z [command]/usr/bin/git config --local http.https://github.com/.extraheader AUTHORIZATION: basic ***
2026-09-23T08:49:21.1571188Z ##[endgroup]
2026-09-23T08:49:21.1572086Z ##[group]Fetching the repository
2026-09-23T08:49:21.1581587Z [command]/usr/bin/git -c protocol.version=2 fetch --no-tags --prune --no-recurse-submodules --depth=1 origin +43f20917de93b9aad51cf79a69ad5239c5632917:refs/remotes/origin/feature/f3-test-failures
2026-09-23T08:49:21.4154069Z From https://github.com/DhruvHegde/log-generation
2026-09-23T08:49:21.4156048Z  * [new ref]         43f20917de93b9aad51cf79a69ad5239c5632917 -> origin/feature/f3-test-failures
2026-09-23T08:49:21.4160006Z ##[endgroup]
2026-09-23T08:49:21.4161390Z ##[group]Determining the checkout info
2026-09-23T08:49:21.4163363Z ##[endgroup]
2026-09-23T08:49:21.4169981Z [command]/usr/bin/git sparse-checkout disable
2026-09-23T08:49:21.4228829Z [command]/usr/bin/git config --local --unset-all extensions.worktreeConfig
2026-09-23T08:49:21.4265266Z ##[group]Checking out the ref
2026-09-23T08:49:21.4271663Z [command]/usr/bin/git checkout --progress --force -B feature/f3-test-failures refs/remotes/origin/feature/f3-test-failures
2026-09-23T08:49:21.4681927Z Switched to a new branch 'feature/f3-test-failures'
2026-09-23T08:49:21.4689130Z branch 'feature/f3-test-failures' set up to track 'origin/feature/f3-test-failures'.
2026-09-23T08:49:21.4695898Z ##[endgroup]
2026-09-23T08:49:21.4746267Z [command]/usr/bin/git log -1 --format=%H
2026-09-23T08:49:21.4775990Z 43f20917de93b9aad51cf79a69ad5239c5632917
2026-09-23T08:49:21.5059172Z Node 20 is being deprecated. This workflow is running with Node 24 by default. If you need to temporarily use Node 20, you can set the ACTIONS_ALLOW_USE_UNSECURE_NODE_VERSION=true environment variable. For more information see: https://github.blog/changelog/2025-09-19-deprecation-of-node-20-on-github-actions-runners/
2026-09-23T08:49:21.5061875Z ##[group]Run actions/setup-python@v5
2026-09-23T08:49:21.5062403Z with:
2026-09-23T08:49:21.5062816Z   python-version: 3.11
2026-09-23T08:49:21.5063278Z   check-latest: false
2026-09-23T08:49:21.5066791Z   token: ***
2026-09-23T08:49:21.5067223Z   update-environment: true
2026-09-23T08:49:21.5067709Z   allow-prereleases: false
2026-09-23T08:49:21.5068514Z   freethreaded: false
2026-09-23T08:49:21.5068958Z ##[endgroup]
2026-09-23T08:49:21.6510154Z ##[group]Installed versions
2026-09-23T08:49:21.6618583Z (node:2265) [DEP0040] DeprecationWarning: The `punycode` module is deprecated. Please use a userland alternative instead.
2026-09-23T08:49:21.6621252Z (Use `node --trace-deprecation ...` to show where the warning was created)
2026-09-23T08:49:21.6622523Z Successfully set up CPython (3.11.16)
2026-09-23T08:49:21.6624374Z ##[endgroup]
2026-09-23T08:49:21.6873107Z ##[group]Run pip install --no-cache-dir pytest
2026-09-23T08:49:21.6874312Z [36;1mpip install --no-cache-dir pytest[0m
2026-09-23T08:49:21.6941400Z shell: /usr/bin/bash -e {0}
2026-09-23T08:49:21.6942629Z env:
2026-09-23T08:49:21.6943772Z   pythonLocation: /opt/hostedtoolcache/Python/3.11.16/x64
2026-09-23T08:49:21.6946737Z   PKG_CONFIG_PATH: /opt/hostedtoolcache/Python/3.11.16/x64/lib/pkgconfig
2026-09-23T08:49:21.6949761Z   Python_ROOT_DIR: /opt/hostedtoolcache/Python/3.11.16/x64
2026-09-23T08:49:21.7040547Z   Python2_ROOT_DIR: /opt/hostedtoolcache/Python/3.11.16/x64
2026-09-23T08:49:21.7042109Z   Python3_ROOT_DIR: /opt/hostedtoolcache/Python/3.11.16/x64
2026-09-23T08:49:21.7043539Z   LD_LIBRARY_PATH: /opt/hostedtoolcache/Python/3.11.16/x64/lib
2026-09-23T08:49:21.7044705Z ##[endgroup]
2026-09-23T08:49:22.6221151Z Collecting pytest
2026-09-23T08:49:22.6745535Z   Downloading pytest-9.1.1-py3-none-any.whl.metadata (7.6 kB)
2026-09-23T08:49:22.6835108Z Collecting iniconfig>=1.0.1 (from pytest)
2026-09-23T08:49:22.6870486Z   Downloading iniconfig-2.3.0-py3-none-any.whl.metadata (2.5 kB)
2026-09-23T08:49:22.6977654Z Collecting packaging>=22 (from pytest)
2026-09-23T08:49:22.7011889Z   Downloading packaging-26.3-py3-none-any.whl.metadata (3.5 kB)
2026-09-23T08:49:22.7094962Z Collecting pluggy<2,>=1.5 (from pytest)
2026-09-23T08:49:22.7129154Z   Downloading pluggy-1.6.0-py3-none-any.whl.metadata (4.8 kB)
2026-09-23T08:49:22.7269391Z Collecting pygments>=2.7.2 (from pytest)
2026-09-23T08:49:22.7307412Z   Downloading pygments-2.21.0-py3-none-any.whl.metadata (2.5 kB)
2026-09-23T08:49:22.7373787Z Downloading pytest-9.1.1-py3-none-any.whl (386 kB)
2026-09-23T08:49:22.7535643Z Downloading pluggy-1.6.0-py3-none-any.whl (20 kB)
2026-09-23T08:49:22.7570804Z Downloading iniconfig-2.3.0-py3-none-any.whl (7.5 kB)
2026-09-23T08:49:22.7605094Z Downloading packaging-26.3-py3-none-any.whl (129 kB)
2026-09-23T08:49:22.7644824Z Downloading pygments-2.21.0-py3-none-any.whl (1.3 MB)
2026-09-23T08:49:22.7775948Z    ââââââââââââââââââââââââââââââââââââââââ 1.3/1.3 MB 125.7 MB/s  0:00:00
2026-09-23T08:49:22.8479495Z Installing collected packages: pygments, pluggy, packaging, iniconfig, pytest
2026-09-23T08:49:23.8365984Z 
2026-09-23T08:49:23.8375813Z Successfully installed iniconfig-2.3.0 packaging-26.3 pluggy-1.6.0 pygments-2.21.0 pytest-9.1.1
2026-09-23T08:49:23.8985619Z ##[group]Run python automation/inject_mutation.py --error-type "ValueError"
2026-09-23T08:49:23.8986247Z [36;1mpython automation/inject_mutation.py --error-type "ValueError"[0m
2026-09-23T08:49:23.9026235Z shell: /usr/bin/bash -e {0}
2026-09-23T08:49:23.9026515Z env:
2026-09-23T08:49:23.9026811Z   pythonLocation: /opt/hostedtoolcache/Python/3.11.16/x64
2026-09-23T08:49:23.9027530Z   PKG_CONFIG_PATH: /opt/hostedtoolcache/Python/3.11.16/x64/lib/pkgconfig
2026-09-23T08:49:23.9028261Z   Python_ROOT_DIR: /opt/hostedtoolcache/Python/3.11.16/x64
2026-09-23T08:49:23.9028656Z   Python2_ROOT_DIR: /opt/hostedtoolcache/Python/3.11.16/x64
2026-09-23T08:49:23.9029072Z   Python3_ROOT_DIR: /opt/hostedtoolcache/Python/3.11.16/x64
2026-09-23T08:49:23.9029474Z   LD_LIBRARY_PATH: /opt/hostedtoolcache/Python/3.11.16/x64/lib
2026-09-23T08:49:23.9029800Z ##[endgroup]
2026-09-23T08:49:23.9337721Z [Mutation Injected] Successfully injected ValueError into tests/test_app.py
2026-09-23T08:49:23.9415818Z ##[group]Run pytest tests/test_app.py -v
2026-09-23T08:49:23.9416190Z [36;1mpytest tests/test_app.py -v[0m
2026-09-23T08:49:23.9454750Z shell: /usr/bin/bash -e {0}
2026-09-23T08:49:23.9455015Z env:
2026-09-23T08:49:23.9455300Z   pythonLocation: /opt/hostedtoolcache/Python/3.11.16/x64
2026-09-23T08:49:23.9455747Z   PKG_CONFIG_PATH: /opt/hostedtoolcache/Python/3.11.16/x64/lib/pkgconfig
2026-09-23T08:49:23.9456212Z   Python_ROOT_DIR: /opt/hostedtoolcache/Python/3.11.16/x64
2026-09-23T08:49:23.9456600Z   Python2_ROOT_DIR: /opt/hostedtoolcache/Python/3.11.16/x64
2026-09-23T08:49:23.9456993Z   Python3_ROOT_DIR: /opt/hostedtoolcache/Python/3.11.16/x64
2026-09-23T08:49:23.9457393Z   LD_LIBRARY_PATH: /opt/hostedtoolcache/Python/3.11.16/x64/lib
2026-09-23T08:49:23.9457722Z ##[endgroup]
2026-09-23T08:49:24.1822087Z ============================= test session starts ==============================
2026-09-23T08:49:24.1823295Z platform linux -- Python 3.11.16, pytest-9.1.1, pluggy-1.6.0 -- /opt/hostedtoolcache/Python/3.11.16/x64/bin/python
2026-09-23T08:49:24.1824188Z cachedir: .pytest_cache
2026-09-23T08:49:24.1824741Z rootdir: /home/runner/work/log-generation/log-generation
2026-09-23T08:49:24.1825425Z configfile: pytest.ini
2026-09-23T08:49:24.1916780Z collecting ... collected 6 items
2026-09-23T08:49:24.1917280Z 
2026-09-23T08:49:24.1926931Z tests/test_app.py::test_calculate_division PASSED                        [ 16%]
2026-09-23T08:49:24.1935441Z tests/test_app.py::test_convert_to_int PASSED                            [ 33%]
2026-09-23T08:49:24.1943739Z tests/test_app.py::test_get_list_item PASSED                             [ 50%]
2026-09-23T08:49:24.1951303Z tests/test_app.py::test_get_dict_value PASSED                            [ 66%]
2026-09-23T08:49:24.1958355Z tests/test_app.py::test_assert_positive PASSED                           [ 83%]
2026-09-23T08:49:24.2268468Z tests/test_app.py::test_value_error FAILED                               [100%]
2026-09-23T08:49:24.2269063Z 
2026-09-23T08:49:24.2269329Z =================================== FAILURES ===================================
2026-09-23T08:49:24.2270031Z _______________________________ test_value_error _______________________________
2026-09-23T08:49:24.2270510Z 
2026-09-23T08:49:24.2270686Z     def test_value_error():
2026-09-23T08:49:24.2271123Z         """Injected synthetic ValueError."""
2026-09-23T08:49:24.2271648Z         from src.app import convert_to_int
2026-09-23T08:49:24.2272203Z >       convert_to_int("unparseable_alphanumeric_0x99")
2026-09-23T08:49:24.2272586Z 
2026-09-23T08:49:24.2272748Z tests/test_app.py:139: 
2026-09-23T08:49:24.2273266Z _ _ _ _ _ _ _ _ _ _ _ _ _ _ _ _ _ _ _ _ _ _ _ _ _ _ _ _ _ _ _ _ _ _ _ _ _ _ _ _ 
2026-09-23T08:49:24.2273676Z 
2026-09-23T08:49:24.2273852Z val = 'unparseable_alphanumeric_0x99'
2026-09-23T08:49:24.2274196Z 
2026-09-23T08:49:24.2274352Z     def convert_to_int(val):
2026-09-23T08:49:24.2274752Z >       return int(val)
2026-09-23T08:49:24.2275096Z                ^^^^^^^^
2026-09-23T08:49:24.2275717Z E       ValueError: invalid literal for int() with base 10: 'unparseable_alphanumeric_0x99'
2026-09-23T08:49:24.2276299Z 
2026-09-23T08:49:24.2276465Z src/app.py:5: ValueError
2026-09-23T08:49:24.2276948Z =========================== short test summary info ============================
2026-09-23T08:49:24.2278290Z FAILED tests/test_app.py::test_value_error - ValueError: invalid literal for int() with base 10: 'unparseable_alphanumeric_0x99'
2026-09-23T08:49:24.2279752Z ========================= 1 failed, 5 passed in 0.03s ==========================
2026-09-23T08:49:24.2476543Z ##[error]Process completed with exit code 1.
2026-09-23T08:49:24.2613770Z Node 20 is being deprecated. This workflow is running with Node 24 by default. If you need to temporarily use Node 20, you can set the ACTIONS_ALLOW_USE_UNSECURE_NODE_VERSION=true environment variable. For more information see: https://github.blog/changelog/2025-09-19-deprecation-of-node-20-on-github-actions-runners/
2026-09-23T08:49:24.2615065Z Post job cleanup.
2026-09-23T08:49:24.3522606Z [command]/usr/bin/git version
2026-09-23T08:49:24.3572791Z git version 2.55.0
2026-09-23T08:49:24.3619142Z Temporarily overriding HOME='/home/runner/work/_temp/b3aa9fb3-0c6e-4f01-b888-2a5407065177' before making global git config changes
2026-09-23T08:49:24.3620321Z Adding repository directory to the temporary git global config as a safe directory
2026-09-23T08:49:24.3626327Z [command]/usr/bin/git config --global --add safe.directory /home/runner/work/log-generation/log-generation
2026-09-23T08:49:24.3669585Z [command]/usr/bin/git config --local --name-only --get-regexp core\.sshCommand
2026-09-23T08:49:24.3709522Z [command]/usr/bin/git submodule foreach --recursive sh -c "git config --local --name-only --get-regexp 'core\.sshCommand' && git config --local --unset-all 'core.sshCommand' || :"
2026-09-23T08:49:24.3980564Z [command]/usr/bin/git config --local --name-only --get-regexp http\.https\:\/\/github\.com\/\.extraheader
2026-09-23T08:49:24.4019015Z http.https://github.com/.extraheader
2026-09-23T08:49:24.4034358Z [command]/usr/bin/git config --local --unset-all http.https://github.com/.extraheader
2026-09-23T08:49:24.4072829Z [command]/usr/bin/git submodule foreach --recursive sh -c "git config --local --name-only --get-regexp 'http\.https\:\/\/github\.com\/\.extraheader' && git config --local --unset-all 'http.https://github.com/.extraheader' || :"
2026-09-23T08:49:24.4357442Z [command]/usr/bin/git config --local --name-only --get-regexp ^includeIf\.gitdir:
2026-09-23T08:49:24.4401148Z [command]/usr/bin/git submodule foreach --recursive git config --local --show-origin --name-only --get-regexp remote.origin.url
2026-09-23T08:49:24.4797413Z Cleaning up orphan processes
2026-09-23T08:49:24.5098039Z ##[warning]Node.js 20 is deprecated. The following actions target Node.js 20 but are being forced to run on Node.js 24: actions/checkout@v4, actions/setup-python@v5. For more information see: https://github.blog/changelog/2025-09-19-deprecation-of-node-20-on-github-actions-runners/
