ï»¿2026-09-23T08:49:28.8629763Z Current runner version: '2.337.0'
2026-09-23T08:49:28.8655397Z ##[group]Runner Image Provisioner
2026-09-23T08:49:28.8656319Z Hosted Compute Agent
2026-09-23T08:49:28.8656965Z Version: 20260828.587
2026-09-23T08:49:28.8657704Z Commit: abac92662cab4cc7352de4f9f9d2e2419aad9c29
2026-09-23T08:49:28.8658743Z Build Date: 2026-08-28T16:44:25Z
2026-09-23T08:49:28.8659477Z Worker ID: {7b6ac248-4377-4a29-9737-7c35f1d6b7a9}
2026-09-23T08:49:28.8660229Z Azure Region: centralus
2026-09-23T08:49:28.8660883Z ##[endgroup]
2026-09-23T08:49:28.8662987Z ##[group]Operating System
2026-09-23T08:49:28.8663677Z Ubuntu
2026-09-23T08:49:28.8664259Z 24.04.5
2026-09-23T08:49:28.8664818Z LTS
2026-09-23T08:49:28.8665714Z ##[endgroup]
2026-09-23T08:49:28.8666385Z ##[group]Runner Image
2026-09-23T08:49:28.8667071Z Image: ubuntu-24.04
2026-09-23T08:49:28.8667704Z Version: 20260907.300.1
2026-09-23T08:49:28.8669442Z Included Software: https://github.com/actions/runner-images/blob/ubuntu24/20260907.300/images/ubuntu/Ubuntu2404-Readme.md
2026-09-23T08:49:28.8671228Z Image Release: https://github.com/actions/runner-images/releases/tag/ubuntu24%2F20260907.300
2026-09-23T08:49:28.8672373Z ##[endgroup]
2026-09-23T08:49:28.8673640Z ##[group]GITHUB_TOKEN Permissions
2026-09-23T08:49:28.8676080Z Contents: read
2026-09-23T08:49:28.8676766Z Metadata: read
2026-09-23T08:49:28.8677348Z Packages: read
2026-09-23T08:49:28.8677911Z ##[endgroup]
2026-09-23T08:49:28.8680459Z Secret source: Actions
2026-09-23T08:49:28.8681477Z Cache mode: write
2026-09-23T08:49:28.8682724Z Prepare workflow directory
2026-09-23T08:49:28.8986117Z Prepare all required actions
2026-09-23T08:49:28.9025670Z Getting action download info
2026-09-23T08:49:29.1479695Z Download action repository 'actions/checkout@v4' (SHA:11d5960a326750d5838078e36cf38b85af677262)
2026-09-23T08:49:29.3560018Z Download action repository 'actions/setup-python@v5' (SHA:a26af69be951a213d495a4c3e4e4022e16d87065)
2026-09-23T08:49:29.5102905Z Complete job name: test-f3 (ValueError #143)
2026-09-23T08:49:29.5595999Z Node 20 is being deprecated. This workflow is running with Node 24 by default. If you need to temporarily use Node 20, you can set the ACTIONS_ALLOW_USE_UNSECURE_NODE_VERSION=true environment variable. For more information see: https://github.blog/changelog/2025-09-19-deprecation-of-node-20-on-github-actions-runners/
2026-09-23T08:49:29.5602844Z ##[group]Run actions/checkout@v4
2026-09-23T08:49:29.5603394Z with:
2026-09-23T08:49:29.5603758Z   fetch-depth: 1
2026-09-23T08:49:29.5604162Z   repository: DhruvHegde/log-generation
2026-09-23T08:49:29.5607022Z   token: ***
2026-09-23T08:49:29.5607402Z   ssh-strict: true
2026-09-23T08:49:29.5607757Z   ssh-user: git
2026-09-23T08:49:29.5608541Z   persist-credentials: true
2026-09-23T08:49:29.5608954Z   clean: true
2026-09-23T08:49:29.5609329Z   sparse-checkout-cone-mode: true
2026-09-23T08:49:29.5609742Z   fetch-tags: false
2026-09-23T08:49:29.5610086Z   show-progress: true
2026-09-23T08:49:29.5610469Z   lfs: false
2026-09-23T08:49:29.5610904Z   submodules: false
2026-09-23T08:49:29.5611314Z   set-safe-directory: true
2026-09-23T08:49:29.5611716Z   allow-unsafe-pr-checkout: false
2026-09-23T08:49:29.5612249Z ##[endgroup]
2026-09-23T08:49:29.6348944Z Syncing repository: DhruvHegde/log-generation
2026-09-23T08:49:29.6350492Z ##[group]Getting Git version info
2026-09-23T08:49:29.6351052Z Working directory is '/home/runner/work/log-generation/log-generation'
2026-09-23T08:49:29.6351920Z [command]/usr/bin/git version
2026-09-23T08:49:29.8084090Z git version 2.55.0
2026-09-23T08:49:29.8111835Z ##[endgroup]
2026-09-23T08:49:29.8118582Z Temporarily overriding HOME='/home/runner/work/_temp/63f55dfd-61f7-4c8b-8fa9-7a0e8cdd20ec' before making global git config changes
2026-09-23T08:49:29.8120869Z Adding repository directory to the temporary git global config as a safe directory
2026-09-23T08:49:29.8123073Z [command]/usr/bin/git config --global --add safe.directory /home/runner/work/log-generation/log-generation
2026-09-23T08:49:29.8158425Z Deleting the contents of '/home/runner/work/log-generation/log-generation'
2026-09-23T08:49:29.8163259Z ##[group]Initializing the repository
2026-09-23T08:49:29.8167446Z [command]/usr/bin/git init /home/runner/work/log-generation/log-generation
2026-09-23T08:49:29.9294538Z hint: Using 'master' as the name for the initial branch. This default branch name
2026-09-23T08:49:29.9295538Z hint: will change to "main" in Git 3.0. To configure the initial branch name
2026-09-23T08:49:29.9296611Z hint: to use in all of your new repositories, which will suppress this warning,
2026-09-23T08:49:29.9297548Z hint: call:
2026-09-23T08:49:29.9297991Z hint:
2026-09-23T08:49:29.9298810Z hint: 	git config --global init.defaultBranch <name>
2026-09-23T08:49:29.9299381Z hint:
2026-09-23T08:49:29.9299933Z hint: Names commonly chosen instead of 'master' are 'main', 'trunk' and
2026-09-23T08:49:29.9300825Z hint: 'development'. The just-created branch can be renamed via this command:
2026-09-23T08:49:29.9301437Z hint:
2026-09-23T08:49:29.9301879Z hint: 	git branch -m <name>
2026-09-23T08:49:29.9302451Z hint:
2026-09-23T08:49:29.9302972Z hint: Disable this message with "git config set advice.defaultBranchName false"
2026-09-23T08:49:29.9304015Z Initialized empty Git repository in /home/runner/work/log-generation/log-generation/.git/
2026-09-23T08:49:29.9305845Z [command]/usr/bin/git remote add origin https://github.com/DhruvHegde/log-generation
2026-09-23T08:49:29.9347157Z ##[endgroup]
2026-09-23T08:49:29.9347852Z ##[group]Disabling automatic garbage collection
2026-09-23T08:49:29.9349769Z [command]/usr/bin/git config --local gc.auto 0
2026-09-23T08:49:29.9372649Z ##[endgroup]
2026-09-23T08:49:29.9373463Z ##[group]Setting up auth
2026-09-23T08:49:29.9376668Z [command]/usr/bin/git config --local --name-only --get-regexp core\.sshCommand
2026-09-23T08:49:29.9399213Z [command]/usr/bin/git submodule foreach --recursive sh -c "git config --local --name-only --get-regexp 'core\.sshCommand' && git config --local --unset-all 'core.sshCommand' || :"
2026-09-23T08:49:30.1130819Z [command]/usr/bin/git config --local --name-only --get-regexp http\.https\:\/\/github\.com\/\.extraheader
2026-09-23T08:49:30.1154946Z [command]/usr/bin/git submodule foreach --recursive sh -c "git config --local --name-only --get-regexp 'http\.https\:\/\/github\.com\/\.extraheader' && git config --local --unset-all 'http.https://github.com/.extraheader' || :"
2026-09-23T08:49:30.1302479Z [command]/usr/bin/git config --local --name-only --get-regexp ^includeIf\.gitdir:
2026-09-23T08:49:30.1326286Z [command]/usr/bin/git submodule foreach --recursive git config --local --show-origin --name-only --get-regexp remote.origin.url
2026-09-23T08:49:30.1472211Z [command]/usr/bin/git config --local http.https://github.com/.extraheader AUTHORIZATION: basic ***
2026-09-23T08:49:30.1497365Z ##[endgroup]
2026-09-23T08:49:30.1498520Z ##[group]Fetching the repository
2026-09-23T08:49:30.1505904Z [command]/usr/bin/git -c protocol.version=2 fetch --no-tags --prune --no-recurse-submodules --depth=1 origin +43f20917de93b9aad51cf79a69ad5239c5632917:refs/remotes/origin/feature/f3-test-failures
2026-09-23T08:49:31.2595719Z From https://github.com/DhruvHegde/log-generation
2026-09-23T08:49:31.2597196Z  * [new ref]         43f20917de93b9aad51cf79a69ad5239c5632917 -> origin/feature/f3-test-failures
2026-09-23T08:49:31.2599351Z ##[endgroup]
2026-09-23T08:49:31.2599915Z ##[group]Determining the checkout info
2026-09-23T08:49:31.2600690Z ##[endgroup]
2026-09-23T08:49:31.2606168Z [command]/usr/bin/git sparse-checkout disable
2026-09-23T08:49:31.2651359Z [command]/usr/bin/git config --local --unset-all extensions.worktreeConfig
2026-09-23T08:49:31.2674065Z ##[group]Checking out the ref
2026-09-23T08:49:31.2677648Z [command]/usr/bin/git checkout --progress --force -B feature/f3-test-failures refs/remotes/origin/feature/f3-test-failures
2026-09-23T08:49:31.2936447Z Switched to a new branch 'feature/f3-test-failures'
2026-09-23T08:49:31.2939662Z branch 'feature/f3-test-failures' set up to track 'origin/feature/f3-test-failures'.
2026-09-23T08:49:31.2944369Z ##[endgroup]
2026-09-23T08:49:31.2974150Z [command]/usr/bin/git log -1 --format=%H
2026-09-23T08:49:31.2991922Z 43f20917de93b9aad51cf79a69ad5239c5632917
2026-09-23T08:49:31.3190954Z Node 20 is being deprecated. This workflow is running with Node 24 by default. If you need to temporarily use Node 20, you can set the ACTIONS_ALLOW_USE_UNSECURE_NODE_VERSION=true environment variable. For more information see: https://github.blog/changelog/2025-09-19-deprecation-of-node-20-on-github-actions-runners/
2026-09-23T08:49:31.3192485Z ##[group]Run actions/setup-python@v5
2026-09-23T08:49:31.3192844Z with:
2026-09-23T08:49:31.3193153Z   python-version: 3.11
2026-09-23T08:49:31.3193456Z   check-latest: false
2026-09-23T08:49:31.3195733Z   token: ***
2026-09-23T08:49:31.3196008Z   update-environment: true
2026-09-23T08:49:31.3196371Z   allow-prereleases: false
2026-09-23T08:49:31.3196681Z   freethreaded: false
2026-09-23T08:49:31.3196964Z ##[endgroup]
2026-09-23T08:49:31.4145386Z ##[group]Installed versions
2026-09-23T08:49:31.4236114Z (node:2022) [DEP0040] DeprecationWarning: The `punycode` module is deprecated. Please use a userland alternative instead.
2026-09-23T08:49:31.4237322Z (Use `node --trace-deprecation ...` to show where the warning was created)
2026-09-23T08:49:31.4237949Z Successfully set up CPython (3.11.16)
2026-09-23T08:49:31.4238920Z ##[endgroup]
2026-09-23T08:49:31.4333964Z ##[group]Run pip install --no-cache-dir pytest
2026-09-23T08:49:31.4334569Z [36;1mpip install --no-cache-dir pytest[0m
2026-09-23T08:49:31.4385268Z shell: /usr/bin/bash -e {0}
2026-09-23T08:49:31.4385668Z env:
2026-09-23T08:49:31.4386051Z   pythonLocation: /opt/hostedtoolcache/Python/3.11.16/x64
2026-09-23T08:49:31.4386630Z   PKG_CONFIG_PATH: /opt/hostedtoolcache/Python/3.11.16/x64/lib/pkgconfig
2026-09-23T08:49:31.4387153Z   Python_ROOT_DIR: /opt/hostedtoolcache/Python/3.11.16/x64
2026-09-23T08:49:31.4387630Z   Python2_ROOT_DIR: /opt/hostedtoolcache/Python/3.11.16/x64
2026-09-23T08:49:31.4388103Z   Python3_ROOT_DIR: /opt/hostedtoolcache/Python/3.11.16/x64
2026-09-23T08:49:31.4388853Z   LD_LIBRARY_PATH: /opt/hostedtoolcache/Python/3.11.16/x64/lib
2026-09-23T08:49:31.4389606Z ##[endgroup]
2026-09-23T08:49:32.7839024Z Collecting pytest
2026-09-23T08:49:32.8487011Z   Downloading pytest-9.1.1-py3-none-any.whl.metadata (7.6 kB)
2026-09-23T08:49:32.8674976Z Collecting iniconfig>=1.0.1 (from pytest)
2026-09-23T08:49:32.8774175Z   Downloading iniconfig-2.3.0-py3-none-any.whl.metadata (2.5 kB)
2026-09-23T08:49:32.8975324Z Collecting packaging>=22 (from pytest)
2026-09-23T08:49:32.9074372Z   Downloading packaging-26.3-py3-none-any.whl.metadata (3.5 kB)
2026-09-23T08:49:32.9258027Z Collecting pluggy<2,>=1.5 (from pytest)
2026-09-23T08:49:32.9356185Z   Downloading pluggy-1.6.0-py3-none-any.whl.metadata (4.8 kB)
2026-09-23T08:49:32.9578982Z Collecting pygments>=2.7.2 (from pytest)
2026-09-23T08:49:32.9677552Z   Downloading pygments-2.21.0-py3-none-any.whl.metadata (2.5 kB)
2026-09-23T08:49:32.9793478Z Downloading pytest-9.1.1-py3-none-any.whl (386 kB)
2026-09-23T08:49:33.0279065Z Downloading pluggy-1.6.0-py3-none-any.whl (20 kB)
2026-09-23T08:49:33.0376685Z Downloading iniconfig-2.3.0-py3-none-any.whl (7.5 kB)
2026-09-23T08:49:33.0474191Z Downloading packaging-26.3-py3-none-any.whl (129 kB)
2026-09-23T08:49:33.0584894Z Downloading pygments-2.21.0-py3-none-any.whl (1.3 MB)
2026-09-23T08:49:33.0873997Z    ââââââââââââââââââââââââââââââââââââââââ 1.3/1.3 MB 40.5 MB/s  0:00:00
2026-09-23T08:49:33.1463253Z Installing collected packages: pygments, pluggy, packaging, iniconfig, pytest
2026-09-23T08:49:34.2300835Z 
2026-09-23T08:49:34.2308032Z Successfully installed iniconfig-2.3.0 packaging-26.3 pluggy-1.6.0 pygments-2.21.0 pytest-9.1.1
2026-09-23T08:49:34.2840822Z ##[group]Run python automation/inject_mutation.py --error-type "ValueError"
2026-09-23T08:49:34.2841298Z [36;1mpython automation/inject_mutation.py --error-type "ValueError"[0m
2026-09-23T08:49:34.2862515Z shell: /usr/bin/bash -e {0}
2026-09-23T08:49:34.2862932Z env:
2026-09-23T08:49:34.2863219Z   pythonLocation: /opt/hostedtoolcache/Python/3.11.16/x64
2026-09-23T08:49:34.2863750Z   PKG_CONFIG_PATH: /opt/hostedtoolcache/Python/3.11.16/x64/lib/pkgconfig
2026-09-23T08:49:34.2864143Z   Python_ROOT_DIR: /opt/hostedtoolcache/Python/3.11.16/x64
2026-09-23T08:49:34.2864475Z   Python2_ROOT_DIR: /opt/hostedtoolcache/Python/3.11.16/x64
2026-09-23T08:49:34.2864795Z   Python3_ROOT_DIR: /opt/hostedtoolcache/Python/3.11.16/x64
2026-09-23T08:49:34.2865131Z   LD_LIBRARY_PATH: /opt/hostedtoolcache/Python/3.11.16/x64/lib
2026-09-23T08:49:34.2865429Z ##[endgroup]
2026-09-23T08:49:34.3071454Z [Mutation Injected] Successfully injected ValueError into tests/test_app.py
2026-09-23T08:49:34.3126256Z ##[group]Run pytest tests/test_app.py -v
2026-09-23T08:49:34.3126570Z [36;1mpytest tests/test_app.py -v[0m
2026-09-23T08:49:34.3142904Z shell: /usr/bin/bash -e {0}
2026-09-23T08:49:34.3143145Z env:
2026-09-23T08:49:34.3143475Z   pythonLocation: /opt/hostedtoolcache/Python/3.11.16/x64
2026-09-23T08:49:34.3143845Z   PKG_CONFIG_PATH: /opt/hostedtoolcache/Python/3.11.16/x64/lib/pkgconfig
2026-09-23T08:49:34.3144257Z   Python_ROOT_DIR: /opt/hostedtoolcache/Python/3.11.16/x64
2026-09-23T08:49:34.3144618Z   Python2_ROOT_DIR: /opt/hostedtoolcache/Python/3.11.16/x64
2026-09-23T08:49:34.3144973Z   Python3_ROOT_DIR: /opt/hostedtoolcache/Python/3.11.16/x64
2026-09-23T08:49:34.3145334Z   LD_LIBRARY_PATH: /opt/hostedtoolcache/Python/3.11.16/x64/lib
2026-09-23T08:49:34.3145627Z ##[endgroup]
2026-09-23T08:49:34.5790611Z ============================= test session starts ==============================
2026-09-23T08:49:34.5791523Z platform linux -- Python 3.11.16, pytest-9.1.1, pluggy-1.6.0 -- /opt/hostedtoolcache/Python/3.11.16/x64/bin/python
2026-09-23T08:49:34.5792010Z cachedir: .pytest_cache
2026-09-23T08:49:34.5792317Z rootdir: /home/runner/work/log-generation/log-generation
2026-09-23T08:49:34.5792644Z configfile: pytest.ini
2026-09-23T08:49:34.5844185Z collecting ... collected 6 items
2026-09-23T08:49:34.5844456Z 
2026-09-23T08:49:34.5849684Z tests/test_app.py::test_calculate_division PASSED                        [ 16%]
2026-09-23T08:49:34.5853511Z tests/test_app.py::test_convert_to_int PASSED                            [ 33%]
2026-09-23T08:49:34.5857419Z tests/test_app.py::test_get_list_item PASSED                             [ 50%]
2026-09-23T08:49:34.5861238Z tests/test_app.py::test_get_dict_value PASSED                            [ 66%]
2026-09-23T08:49:34.5864570Z tests/test_app.py::test_assert_positive PASSED                           [ 83%]
2026-09-23T08:49:34.6060923Z tests/test_app.py::test_value_error FAILED                               [100%]
2026-09-23T08:49:34.6061537Z 
2026-09-23T08:49:34.6061789Z =================================== FAILURES ===================================
2026-09-23T08:49:34.6062650Z _______________________________ test_value_error _______________________________
2026-09-23T08:49:34.6063106Z 
2026-09-23T08:49:34.6063272Z     def test_value_error():
2026-09-23T08:49:34.6063723Z         """Injected synthetic ValueError."""
2026-09-23T08:49:34.6064264Z         from src.app import convert_to_int
2026-09-23T08:49:34.6064745Z >       convert_to_int("unparseable_alphanumeric_0x99")
2026-09-23T08:49:34.6065003Z 
2026-09-23T08:49:34.6065240Z tests/test_app.py:139: 
2026-09-23T08:49:34.6065604Z _ _ _ _ _ _ _ _ _ _ _ _ _ _ _ _ _ _ _ _ _ _ _ _ _ _ _ _ _ _ _ _ _ _ _ _ _ _ _ _ 
2026-09-23T08:49:34.6065871Z 
2026-09-23T08:49:34.6066029Z val = 'unparseable_alphanumeric_0x99'
2026-09-23T08:49:34.6066338Z 
2026-09-23T08:49:34.6066487Z     def convert_to_int(val):
2026-09-23T08:49:34.6066835Z >       return int(val)
2026-09-23T08:49:34.6067153Z                ^^^^^^^^
2026-09-23T08:49:34.6067631Z E       ValueError: invalid literal for int() with base 10: 'unparseable_alphanumeric_0x99'
2026-09-23T08:49:34.6068032Z 
2026-09-23T08:49:34.6068363Z src/app.py:5: ValueError
2026-09-23T08:49:34.6068836Z =========================== short test summary info ============================
2026-09-23T08:49:34.6069581Z FAILED tests/test_app.py::test_value_error - ValueError: invalid literal for int() with base 10: 'unparseable_alphanumeric_0x99'
2026-09-23T08:49:34.6070553Z ========================= 1 failed, 5 passed in 0.02s ==========================
2026-09-23T08:49:34.6249298Z ##[error]Process completed with exit code 1.
2026-09-23T08:49:34.6365784Z Node 20 is being deprecated. This workflow is running with Node 24 by default. If you need to temporarily use Node 20, you can set the ACTIONS_ALLOW_USE_UNSECURE_NODE_VERSION=true environment variable. For more information see: https://github.blog/changelog/2025-09-19-deprecation-of-node-20-on-github-actions-runners/
2026-09-23T08:49:34.6366682Z Post job cleanup.
2026-09-23T08:49:34.7005444Z [command]/usr/bin/git version
2026-09-23T08:49:34.7037237Z git version 2.55.0
2026-09-23T08:49:34.7068126Z Temporarily overriding HOME='/home/runner/work/_temp/ebcc9a07-d97d-420a-86e4-cf3048451115' before making global git config changes
2026-09-23T08:49:34.7069398Z Adding repository directory to the temporary git global config as a safe directory
2026-09-23T08:49:34.7073121Z [command]/usr/bin/git config --global --add safe.directory /home/runner/work/log-generation/log-generation
2026-09-23T08:49:34.7102052Z [command]/usr/bin/git config --local --name-only --get-regexp core\.sshCommand
2026-09-23T08:49:34.7124422Z [command]/usr/bin/git submodule foreach --recursive sh -c "git config --local --name-only --get-regexp 'core\.sshCommand' && git config --local --unset-all 'core.sshCommand' || :"
2026-09-23T08:49:34.7285915Z [command]/usr/bin/git config --local --name-only --get-regexp http\.https\:\/\/github\.com\/\.extraheader
2026-09-23T08:49:34.7304638Z http.https://github.com/.extraheader
2026-09-23T08:49:34.7313948Z [command]/usr/bin/git config --local --unset-all http.https://github.com/.extraheader
2026-09-23T08:49:34.7341452Z [command]/usr/bin/git submodule foreach --recursive sh -c "git config --local --name-only --get-regexp 'http\.https\:\/\/github\.com\/\.extraheader' && git config --local --unset-all 'http.https://github.com/.extraheader' || :"
2026-09-23T08:49:34.7492286Z [command]/usr/bin/git config --local --name-only --get-regexp ^includeIf\.gitdir:
2026-09-23T08:49:34.7519088Z [command]/usr/bin/git submodule foreach --recursive git config --local --show-origin --name-only --get-regexp remote.origin.url
2026-09-23T08:49:34.7799637Z Cleaning up orphan processes
2026-09-23T08:49:34.7976977Z ##[warning]Node.js 20 is deprecated. The following actions target Node.js 20 but are being forced to run on Node.js 24: actions/checkout@v4, actions/setup-python@v5. For more information see: https://github.blog/changelog/2025-09-19-deprecation-of-node-20-on-github-actions-runners/
