ï»¿2026-09-23T08:50:11.9072601Z Current runner version: '2.337.0'
2026-09-23T08:50:11.9106225Z ##[group]Runner Image Provisioner
2026-09-23T08:50:11.9107877Z Hosted Compute Agent
2026-09-23T08:50:11.9108920Z Version: 20260828.587
2026-09-23T08:50:11.9110044Z Commit: abac92662cab4cc7352de4f9f9d2e2419aad9c29
2026-09-23T08:50:11.9111300Z Build Date: 2026-08-28T16:44:25Z
2026-09-23T08:50:11.9112562Z Worker ID: {a409ff25-f613-48e8-b145-08dc3f11ae54}
2026-09-23T08:50:11.9113755Z Azure Region: eastus
2026-09-23T08:50:11.9115304Z ##[endgroup]
2026-09-23T08:50:11.9118456Z ##[group]Operating System
2026-09-23T08:50:11.9119561Z Ubuntu
2026-09-23T08:50:11.9120495Z 24.04.5
2026-09-23T08:50:11.9121338Z LTS
2026-09-23T08:50:11.9122250Z ##[endgroup]
2026-09-23T08:50:11.9123267Z ##[group]Runner Image
2026-09-23T08:50:11.9124281Z Image: ubuntu-24.04
2026-09-23T08:50:11.9125458Z Version: 20260920.314.1
2026-09-23T08:50:11.9127779Z Included Software: https://github.com/actions/runner-images/blob/ubuntu24/20260920.314/images/ubuntu/Ubuntu2404-Readme.md
2026-09-23T08:50:11.9130640Z Image Release: https://github.com/actions/runner-images/releases/tag/ubuntu24%2F20260920.314
2026-09-23T08:50:11.9132496Z ##[endgroup]
2026-09-23T08:50:11.9134477Z ##[group]GITHUB_TOKEN Permissions
2026-09-23T08:50:11.9137774Z Contents: read
2026-09-23T08:50:11.9138803Z Metadata: read
2026-09-23T08:50:11.9139759Z Packages: read
2026-09-23T08:50:11.9140744Z ##[endgroup]
2026-09-23T08:50:11.9143715Z Secret source: Actions
2026-09-23T08:50:11.9145425Z Cache mode: write
2026-09-23T08:50:11.9147313Z Prepare workflow directory
2026-09-23T08:50:11.9621768Z Prepare all required actions
2026-09-23T08:50:11.9692587Z Getting action download info
2026-09-23T08:50:12.1676962Z Download action repository 'actions/checkout@v4' (SHA:11d5960a326750d5838078e36cf38b85af677262)
2026-09-23T08:50:12.2891806Z Download action repository 'actions/setup-python@v5' (SHA:a26af69be951a213d495a4c3e4e4022e16d87065)
2026-09-23T08:50:12.4671385Z Complete job name: test-f3 (TypeError #222)
2026-09-23T08:50:12.5434706Z Node 20 is being deprecated. This workflow is running with Node 24 by default. If you need to temporarily use Node 20, you can set the ACTIONS_ALLOW_USE_UNSECURE_NODE_VERSION=true environment variable. For more information see: https://github.blog/changelog/2025-09-19-deprecation-of-node-20-on-github-actions-runners/
2026-09-23T08:50:12.5443575Z ##[group]Run actions/checkout@v4
2026-09-23T08:50:12.5444353Z with:
2026-09-23T08:50:12.5444841Z   fetch-depth: 1
2026-09-23T08:50:12.5445379Z   repository: DhruvHegde/log-generation
2026-09-23T08:50:12.5450482Z   token: ***
2026-09-23T08:50:12.5450930Z   ssh-strict: true
2026-09-23T08:50:12.5451369Z   ssh-user: git
2026-09-23T08:50:12.5451817Z   persist-credentials: true
2026-09-23T08:50:12.5452307Z   clean: true
2026-09-23T08:50:12.5452762Z   sparse-checkout-cone-mode: true
2026-09-23T08:50:12.5453276Z   fetch-tags: false
2026-09-23T08:50:12.5453721Z   show-progress: true
2026-09-23T08:50:12.5454170Z   lfs: false
2026-09-23T08:50:12.5454629Z   submodules: false
2026-09-23T08:50:12.5455090Z   set-safe-directory: true
2026-09-23T08:50:12.5455599Z   allow-unsafe-pr-checkout: false
2026-09-23T08:50:12.5456445Z ##[endgroup]
2026-09-23T08:50:12.6514762Z Syncing repository: DhruvHegde/log-generation
2026-09-23T08:50:12.6517662Z ##[group]Getting Git version info
2026-09-23T08:50:12.6518936Z Working directory is '/home/runner/work/log-generation/log-generation'
2026-09-23T08:50:12.6520760Z [command]/usr/bin/git version
2026-09-23T08:50:12.6609725Z git version 2.55.0
2026-09-23T08:50:12.6637324Z ##[endgroup]
2026-09-23T08:50:12.6652805Z Temporarily overriding HOME='/home/runner/work/_temp/09437ec6-7548-4a67-8de1-362ef893aab0' before making global git config changes
2026-09-23T08:50:12.6655512Z Adding repository directory to the temporary git global config as a safe directory
2026-09-23T08:50:12.6658700Z [command]/usr/bin/git config --global --add safe.directory /home/runner/work/log-generation/log-generation
2026-09-23T08:50:12.6717672Z Deleting the contents of '/home/runner/work/log-generation/log-generation'
2026-09-23T08:50:12.6719989Z ##[group]Initializing the repository
2026-09-23T08:50:12.6723339Z [command]/usr/bin/git init /home/runner/work/log-generation/log-generation
2026-09-23T08:50:12.6965304Z hint: Using 'master' as the name for the initial branch. This default branch name
2026-09-23T08:50:12.6968049Z hint: will change to "main" in Git 3.0. To configure the initial branch name
2026-09-23T08:50:12.6970074Z hint: to use in all of your new repositories, which will suppress this warning,
2026-09-23T08:50:12.6971765Z hint: call:
2026-09-23T08:50:12.6972712Z hint:
2026-09-23T08:50:12.6973733Z hint: 	git config --global init.defaultBranch <name>
2026-09-23T08:50:12.6975009Z hint:
2026-09-23T08:50:12.6976180Z hint: Names commonly chosen instead of 'master' are 'main', 'trunk' and
2026-09-23T08:50:12.6978132Z hint: 'development'. The just-created branch can be renamed via this command:
2026-09-23T08:50:12.6979392Z hint:
2026-09-23T08:50:12.6980255Z hint: 	git branch -m <name>
2026-09-23T08:50:12.6981208Z hint:
2026-09-23T08:50:12.6982408Z hint: Disable this message with "git config set advice.defaultBranchName false"
2026-09-23T08:50:12.6984401Z Initialized empty Git repository in /home/runner/work/log-generation/log-generation/.git/
2026-09-23T08:50:12.6991954Z [command]/usr/bin/git remote add origin https://github.com/DhruvHegde/log-generation
2026-09-23T08:50:12.7073617Z ##[endgroup]
2026-09-23T08:50:12.7075091Z ##[group]Disabling automatic garbage collection
2026-09-23T08:50:12.7079493Z [command]/usr/bin/git config --local gc.auto 0
2026-09-23T08:50:12.7118368Z ##[endgroup]
2026-09-23T08:50:12.7119163Z ##[group]Setting up auth
2026-09-23T08:50:12.7126801Z [command]/usr/bin/git config --local --name-only --get-regexp core\.sshCommand
2026-09-23T08:50:12.7162515Z [command]/usr/bin/git submodule foreach --recursive sh -c "git config --local --name-only --get-regexp 'core\.sshCommand' && git config --local --unset-all 'core.sshCommand' || :"
2026-09-23T08:50:12.7560764Z [command]/usr/bin/git config --local --name-only --get-regexp http\.https\:\/\/github\.com\/\.extraheader
2026-09-23T08:50:12.7604106Z [command]/usr/bin/git submodule foreach --recursive sh -c "git config --local --name-only --get-regexp 'http\.https\:\/\/github\.com\/\.extraheader' && git config --local --unset-all 'http.https://github.com/.extraheader' || :"
2026-09-23T08:50:12.7828673Z [command]/usr/bin/git config --local --name-only --get-regexp ^includeIf\.gitdir:
2026-09-23T08:50:12.7867201Z [command]/usr/bin/git submodule foreach --recursive git config --local --show-origin --name-only --get-regexp remote.origin.url
2026-09-23T08:50:12.8093557Z [command]/usr/bin/git config --local http.https://github.com/.extraheader AUTHORIZATION: basic ***
2026-09-23T08:50:12.8134226Z ##[endgroup]
2026-09-23T08:50:12.8135629Z ##[group]Fetching the repository
2026-09-23T08:50:12.8146322Z [command]/usr/bin/git -c protocol.version=2 fetch --no-tags --prune --no-recurse-submodules --depth=1 origin +43f20917de93b9aad51cf79a69ad5239c5632917:refs/remotes/origin/feature/f3-test-failures
2026-09-23T08:50:13.0770126Z From https://github.com/DhruvHegde/log-generation
2026-09-23T08:50:13.0772309Z  * [new ref]         43f20917de93b9aad51cf79a69ad5239c5632917 -> origin/feature/f3-test-failures
2026-09-23T08:50:13.0776310Z ##[endgroup]
2026-09-23T08:50:13.0778250Z ##[group]Determining the checkout info
2026-09-23T08:50:13.0780294Z ##[endgroup]
2026-09-23T08:50:13.0786982Z [command]/usr/bin/git sparse-checkout disable
2026-09-23T08:50:13.0846316Z [command]/usr/bin/git config --local --unset-all extensions.worktreeConfig
2026-09-23T08:50:13.0880941Z ##[group]Checking out the ref
2026-09-23T08:50:13.0885227Z [command]/usr/bin/git checkout --progress --force -B feature/f3-test-failures refs/remotes/origin/feature/f3-test-failures
2026-09-23T08:50:13.1285402Z Switched to a new branch 'feature/f3-test-failures'
2026-09-23T08:50:13.1291832Z branch 'feature/f3-test-failures' set up to track 'origin/feature/f3-test-failures'.
2026-09-23T08:50:13.1299419Z ##[endgroup]
2026-09-23T08:50:13.1343537Z [command]/usr/bin/git log -1 --format=%H
2026-09-23T08:50:13.1370755Z 43f20917de93b9aad51cf79a69ad5239c5632917
2026-09-23T08:50:13.1663764Z Node 20 is being deprecated. This workflow is running with Node 24 by default. If you need to temporarily use Node 20, you can set the ACTIONS_ALLOW_USE_UNSECURE_NODE_VERSION=true environment variable. For more information see: https://github.blog/changelog/2025-09-19-deprecation-of-node-20-on-github-actions-runners/
2026-09-23T08:50:13.1666879Z ##[group]Run actions/setup-python@v5
2026-09-23T08:50:13.1667501Z with:
2026-09-23T08:50:13.1667972Z   python-version: 3.11
2026-09-23T08:50:13.1668491Z   check-latest: false
2026-09-23T08:50:13.1672300Z   token: ***
2026-09-23T08:50:13.1672797Z   update-environment: true
2026-09-23T08:50:13.1673361Z   allow-prereleases: false
2026-09-23T08:50:13.1673894Z   freethreaded: false
2026-09-23T08:50:13.1674401Z ##[endgroup]
2026-09-23T08:50:13.2981028Z ##[group]Installed versions
2026-09-23T08:50:13.3085596Z (node:2227) [DEP0040] DeprecationWarning: The `punycode` module is deprecated. Please use a userland alternative instead.
2026-09-23T08:50:13.3088507Z (Use `node --trace-deprecation ...` to show where the warning was created)
2026-09-23T08:50:13.3089662Z Successfully set up CPython (3.11.16)
2026-09-23T08:50:13.3090845Z ##[endgroup]
2026-09-23T08:50:13.3319293Z ##[group]Run pip install --no-cache-dir pytest
2026-09-23T08:50:13.3320204Z [36;1mpip install --no-cache-dir pytest[0m
2026-09-23T08:50:13.3698837Z shell: /usr/bin/bash -e {0}
2026-09-23T08:50:13.3699631Z env:
2026-09-23T08:50:13.3700351Z   pythonLocation: /opt/hostedtoolcache/Python/3.11.16/x64
2026-09-23T08:50:13.3701504Z   PKG_CONFIG_PATH: /opt/hostedtoolcache/Python/3.11.16/x64/lib/pkgconfig
2026-09-23T08:50:13.3702656Z   Python_ROOT_DIR: /opt/hostedtoolcache/Python/3.11.16/x64
2026-09-23T08:50:13.3703695Z   Python2_ROOT_DIR: /opt/hostedtoolcache/Python/3.11.16/x64
2026-09-23T08:50:13.3704742Z   Python3_ROOT_DIR: /opt/hostedtoolcache/Python/3.11.16/x64
2026-09-23T08:50:13.3705828Z   LD_LIBRARY_PATH: /opt/hostedtoolcache/Python/3.11.16/x64/lib
2026-09-23T08:50:13.3707016Z ##[endgroup]
2026-09-23T08:50:16.0363751Z Collecting pytest
2026-09-23T08:50:16.0843695Z   Downloading pytest-9.1.1-py3-none-any.whl.metadata (7.6 kB)
2026-09-23T08:50:16.0927412Z Collecting iniconfig>=1.0.1 (from pytest)
2026-09-23T08:50:16.0959997Z   Downloading iniconfig-2.3.0-py3-none-any.whl.metadata (2.5 kB)
2026-09-23T08:50:16.1070000Z Collecting packaging>=22 (from pytest)
2026-09-23T08:50:16.1200937Z   Downloading packaging-26.3-py3-none-any.whl.metadata (3.5 kB)
2026-09-23T08:50:16.1278087Z Collecting pluggy<2,>=1.5 (from pytest)
2026-09-23T08:50:16.1326012Z   Downloading pluggy-1.6.0-py3-none-any.whl.metadata (4.8 kB)
2026-09-23T08:50:16.1458568Z Collecting pygments>=2.7.2 (from pytest)
2026-09-23T08:50:16.1489054Z   Downloading pygments-2.21.0-py3-none-any.whl.metadata (2.5 kB)
2026-09-23T08:50:16.1548602Z Downloading pytest-9.1.1-py3-none-any.whl (386 kB)
2026-09-23T08:50:16.1761146Z Downloading pluggy-1.6.0-py3-none-any.whl (20 kB)
2026-09-23T08:50:16.1802190Z Downloading iniconfig-2.3.0-py3-none-any.whl (7.5 kB)
2026-09-23T08:50:16.1850171Z Downloading packaging-26.3-py3-none-any.whl (129 kB)
2026-09-23T08:50:16.1895337Z Downloading pygments-2.21.0-py3-none-any.whl (1.3 MB)
2026-09-23T08:50:16.1972883Z    ââââââââââââââââââââââââââââââââââââââââ 1.3/1.3 MB 264.6 MB/s  0:00:00
2026-09-23T08:50:16.4151819Z Installing collected packages: pygments, pluggy, packaging, iniconfig, pytest
2026-09-23T08:50:17.3878181Z 
2026-09-23T08:50:17.3888285Z Successfully installed iniconfig-2.3.0 packaging-26.3 pluggy-1.6.0 pygments-2.21.0 pytest-9.1.1
2026-09-23T08:50:17.4394449Z ##[group]Run python automation/inject_mutation.py --error-type "TypeError"
2026-09-23T08:50:17.4395045Z [36;1mpython automation/inject_mutation.py --error-type "TypeError"[0m
2026-09-23T08:50:17.4461669Z shell: /usr/bin/bash -e {0}
2026-09-23T08:50:17.4461942Z env:
2026-09-23T08:50:17.4462254Z   pythonLocation: /opt/hostedtoolcache/Python/3.11.16/x64
2026-09-23T08:50:17.4462952Z   PKG_CONFIG_PATH: /opt/hostedtoolcache/Python/3.11.16/x64/lib/pkgconfig
2026-09-23T08:50:17.4463420Z   Python_ROOT_DIR: /opt/hostedtoolcache/Python/3.11.16/x64
2026-09-23T08:50:17.4463826Z   Python2_ROOT_DIR: /opt/hostedtoolcache/Python/3.11.16/x64
2026-09-23T08:50:17.4464245Z   Python3_ROOT_DIR: /opt/hostedtoolcache/Python/3.11.16/x64
2026-09-23T08:50:17.4464658Z   LD_LIBRARY_PATH: /opt/hostedtoolcache/Python/3.11.16/x64/lib
2026-09-23T08:50:17.4465034Z ##[endgroup]
2026-09-23T08:50:17.4792086Z [Mutation Injected] Successfully injected TypeError into tests/test_app.py
2026-09-23T08:50:17.4864716Z ##[group]Run pytest tests/test_app.py -v
2026-09-23T08:50:17.4865092Z [36;1mpytest tests/test_app.py -v[0m
2026-09-23T08:50:17.4930339Z shell: /usr/bin/bash -e {0}
2026-09-23T08:50:17.4930614Z env:
2026-09-23T08:50:17.4930900Z   pythonLocation: /opt/hostedtoolcache/Python/3.11.16/x64
2026-09-23T08:50:17.4931371Z   PKG_CONFIG_PATH: /opt/hostedtoolcache/Python/3.11.16/x64/lib/pkgconfig
2026-09-23T08:50:17.4931871Z   Python_ROOT_DIR: /opt/hostedtoolcache/Python/3.11.16/x64
2026-09-23T08:50:17.4932282Z   Python2_ROOT_DIR: /opt/hostedtoolcache/Python/3.11.16/x64
2026-09-23T08:50:17.4932708Z   Python3_ROOT_DIR: /opt/hostedtoolcache/Python/3.11.16/x64
2026-09-23T08:50:17.4933128Z   LD_LIBRARY_PATH: /opt/hostedtoolcache/Python/3.11.16/x64/lib
2026-09-23T08:50:17.4933477Z ##[endgroup]
2026-09-23T08:50:18.1729433Z ============================= test session starts ==============================
2026-09-23T08:50:18.1731276Z platform linux -- Python 3.11.16, pytest-9.1.1, pluggy-1.6.0 -- /opt/hostedtoolcache/Python/3.11.16/x64/bin/python
2026-09-23T08:50:18.1732875Z cachedir: .pytest_cache
2026-09-23T08:50:18.1733683Z rootdir: /home/runner/work/log-generation/log-generation
2026-09-23T08:50:18.1734549Z configfile: pytest.ini
2026-09-23T08:50:18.1819391Z collecting ... collected 6 items
2026-09-23T08:50:18.1819876Z 
2026-09-23T08:50:18.1828864Z tests/test_app.py::test_calculate_division PASSED                        [ 16%]
2026-09-23T08:50:18.1836180Z tests/test_app.py::test_convert_to_int PASSED                            [ 33%]
2026-09-23T08:50:18.1843767Z tests/test_app.py::test_get_list_item PASSED                             [ 50%]
2026-09-23T08:50:18.1852393Z tests/test_app.py::test_get_dict_value PASSED                            [ 66%]
2026-09-23T08:50:18.1859590Z tests/test_app.py::test_assert_positive PASSED                           [ 83%]
2026-09-23T08:50:18.2139773Z tests/test_app.py::test_type_error FAILED                                [100%]
2026-09-23T08:50:18.2140337Z 
2026-09-23T08:50:18.2140592Z =================================== FAILURES ===================================
2026-09-23T08:50:18.2141304Z _______________________________ test_type_error ________________________________
2026-09-23T08:50:18.2141862Z 
2026-09-23T08:50:18.2142042Z     def test_type_error():
2026-09-23T08:50:18.2142532Z         """Injected synthetic TypeError."""
2026-09-23T08:50:18.2143132Z         from src.app import calculate_division
2026-09-23T08:50:18.2143734Z >       calculate_division("invalid_string", 5)
2026-09-23T08:50:18.2144138Z 
2026-09-23T08:50:18.2144318Z tests/test_app.py:139: 
2026-09-23T08:50:18.2144847Z _ _ _ _ _ _ _ _ _ _ _ _ _ _ _ _ _ _ _ _ _ _ _ _ _ _ _ _ _ _ _ _ _ _ _ _ _ _ _ _ 
2026-09-23T08:50:18.2145353Z 
2026-09-23T08:50:18.2145556Z a = 'invalid_string', b = 5
2026-09-23T08:50:18.2145883Z 
2026-09-23T08:50:18.2146083Z     def calculate_division(a, b):
2026-09-23T08:50:18.2146810Z >       return a / b
2026-09-23T08:50:18.2147231Z                ^^^^^
2026-09-23T08:50:18.2147851Z E       TypeError: unsupported operand type(s) for /: 'str' and 'int'
2026-09-23T08:50:18.2148416Z 
2026-09-23T08:50:18.2148610Z src/app.py:2: TypeError
2026-09-23T08:50:18.2149199Z =========================== short test summary info ============================
2026-09-23T08:50:18.2150398Z FAILED tests/test_app.py::test_type_error - TypeError: unsupported operand type(s) for /: 'str' and 'int'
2026-09-23T08:50:18.2151862Z ========================= 1 failed, 5 passed in 0.03s ==========================
2026-09-23T08:50:18.2335135Z ##[error]Process completed with exit code 1.
2026-09-23T08:50:18.2484145Z Node 20 is being deprecated. This workflow is running with Node 24 by default. If you need to temporarily use Node 20, you can set the ACTIONS_ALLOW_USE_UNSECURE_NODE_VERSION=true environment variable. For more information see: https://github.blog/changelog/2025-09-19-deprecation-of-node-20-on-github-actions-runners/
2026-09-23T08:50:18.2485441Z Post job cleanup.
2026-09-23T08:50:18.3340692Z [command]/usr/bin/git version
2026-09-23T08:50:18.3387288Z git version 2.55.0
2026-09-23T08:50:18.3431996Z Temporarily overriding HOME='/home/runner/work/_temp/f3dce5f5-4e96-48c7-8e25-eba196e39218' before making global git config changes
2026-09-23T08:50:18.3433346Z Adding repository directory to the temporary git global config as a safe directory
2026-09-23T08:50:18.3437031Z [command]/usr/bin/git config --global --add safe.directory /home/runner/work/log-generation/log-generation
2026-09-23T08:50:18.3478012Z [command]/usr/bin/git config --local --name-only --get-regexp core\.sshCommand
2026-09-23T08:50:18.3513506Z [command]/usr/bin/git submodule foreach --recursive sh -c "git config --local --name-only --get-regexp 'core\.sshCommand' && git config --local --unset-all 'core.sshCommand' || :"
2026-09-23T08:50:18.3775708Z [command]/usr/bin/git config --local --name-only --get-regexp http\.https\:\/\/github\.com\/\.extraheader
2026-09-23T08:50:18.3811984Z http.https://github.com/.extraheader
2026-09-23T08:50:18.3825622Z [command]/usr/bin/git config --local --unset-all http.https://github.com/.extraheader
2026-09-23T08:50:18.3859499Z [command]/usr/bin/git submodule foreach --recursive sh -c "git config --local --name-only --get-regexp 'http\.https\:\/\/github\.com\/\.extraheader' && git config --local --unset-all 'http.https://github.com/.extraheader' || :"
2026-09-23T08:50:18.4140582Z [command]/usr/bin/git config --local --name-only --get-regexp ^includeIf\.gitdir:
2026-09-23T08:50:18.4180067Z [command]/usr/bin/git submodule foreach --recursive git config --local --show-origin --name-only --get-regexp remote.origin.url
2026-09-23T08:50:18.4572341Z Cleaning up orphan processes
2026-09-23T08:50:18.4845087Z ##[warning]Node.js 20 is deprecated. The following actions target Node.js 20 but are being forced to run on Node.js 24: actions/checkout@v4, actions/setup-python@v5. For more information see: https://github.blog/changelog/2025-09-19-deprecation-of-node-20-on-github-actions-runners/
