ï»¿2026-09-23T08:48:12.4233063Z Current runner version: '2.337.0'
2026-09-23T08:48:12.4268315Z ##[group]Runner Image Provisioner
2026-09-23T08:48:12.4269618Z Hosted Compute Agent
2026-09-23T08:48:12.4270586Z Version: 20260828.587
2026-09-23T08:48:12.4271820Z Commit: abac92662cab4cc7352de4f9f9d2e2419aad9c29
2026-09-23T08:48:12.4273078Z Build Date: 2026-08-28T16:44:25Z
2026-09-23T08:48:12.4274321Z Worker ID: {08fe9e50-dd72-4454-8900-f743d0c07a20}
2026-09-23T08:48:12.4275536Z Azure Region: eastus
2026-09-23T08:48:12.4276989Z ##[endgroup]
2026-09-23T08:48:12.4280053Z ##[group]Operating System
2026-09-23T08:48:12.4281114Z Ubuntu
2026-09-23T08:48:12.4282000Z 24.04.5
2026-09-23T08:48:12.4282835Z LTS
2026-09-23T08:48:12.4283698Z ##[endgroup]
2026-09-23T08:48:12.4284733Z ##[group]Runner Image
2026-09-23T08:48:12.4285722Z Image: ubuntu-24.04
2026-09-23T08:48:12.4286739Z Version: 20260907.300.1
2026-09-23T08:48:12.4289042Z Included Software: https://github.com/actions/runner-images/blob/ubuntu24/20260907.300/images/ubuntu/Ubuntu2404-Readme.md
2026-09-23T08:48:12.4291882Z Image Release: https://github.com/actions/runner-images/releases/tag/ubuntu24%2F20260907.300
2026-09-23T08:48:12.4293612Z ##[endgroup]
2026-09-23T08:48:12.4295620Z ##[group]GITHUB_TOKEN Permissions
2026-09-23T08:48:12.4298878Z Contents: read
2026-09-23T08:48:12.4299802Z Metadata: read
2026-09-23T08:48:12.4300736Z Packages: read
2026-09-23T08:48:12.4301960Z ##[endgroup]
2026-09-23T08:48:12.4304945Z Secret source: Actions
2026-09-23T08:48:12.4306600Z Cache mode: write
2026-09-23T08:48:12.4308519Z Prepare workflow directory
2026-09-23T08:48:12.4792219Z Prepare all required actions
2026-09-23T08:48:12.4863873Z Getting action download info
2026-09-23T08:48:12.6912350Z Download action repository 'actions/checkout@v4' (SHA:11d5960a326750d5838078e36cf38b85af677262)
2026-09-23T08:48:12.8254396Z Download action repository 'actions/setup-python@v5' (SHA:a26af69be951a213d495a4c3e4e4022e16d87065)
2026-09-23T08:48:13.0152664Z Complete job name: test-f3 (FileNotFoundError #39)
2026-09-23T08:48:13.0947354Z Node 20 is being deprecated. This workflow is running with Node 24 by default. If you need to temporarily use Node 20, you can set the ACTIONS_ALLOW_USE_UNSECURE_NODE_VERSION=true environment variable. For more information see: https://github.blog/changelog/2025-09-19-deprecation-of-node-20-on-github-actions-runners/
2026-09-23T08:48:13.0956471Z ##[group]Run actions/checkout@v4
2026-09-23T08:48:13.0957239Z with:
2026-09-23T08:48:13.0957888Z   fetch-depth: 1
2026-09-23T08:48:13.0958400Z   repository: DhruvHegde/log-generation
2026-09-23T08:48:13.0962185Z   token: ***
2026-09-23T08:48:13.0962623Z   ssh-strict: true
2026-09-23T08:48:13.0963073Z   ssh-user: git
2026-09-23T08:48:13.0963528Z   persist-credentials: true
2026-09-23T08:48:13.0964021Z   clean: true
2026-09-23T08:48:13.0964476Z   sparse-checkout-cone-mode: true
2026-09-23T08:48:13.0965004Z   fetch-tags: false
2026-09-23T08:48:13.0965453Z   show-progress: true
2026-09-23T08:48:13.0965909Z   lfs: false
2026-09-23T08:48:13.0966378Z   submodules: false
2026-09-23T08:48:13.0966850Z   set-safe-directory: true
2026-09-23T08:48:13.0967365Z   allow-unsafe-pr-checkout: false
2026-09-23T08:48:13.0968315Z ##[endgroup]
2026-09-23T08:48:13.2007266Z Syncing repository: DhruvHegde/log-generation
2026-09-23T08:48:13.2010240Z ##[group]Getting Git version info
2026-09-23T08:48:13.2011529Z Working directory is '/home/runner/work/log-generation/log-generation'
2026-09-23T08:48:13.2013316Z [command]/usr/bin/git version
2026-09-23T08:48:13.2080051Z git version 2.55.0
2026-09-23T08:48:13.2104184Z ##[endgroup]
2026-09-23T08:48:13.2121775Z Temporarily overriding HOME='/home/runner/work/_temp/c8b57a06-4643-4a82-bfed-cc2b5e54a971' before making global git config changes
2026-09-23T08:48:13.2124720Z Adding repository directory to the temporary git global config as a safe directory
2026-09-23T08:48:13.2129364Z [command]/usr/bin/git config --global --add safe.directory /home/runner/work/log-generation/log-generation
2026-09-23T08:48:13.2184788Z Deleting the contents of '/home/runner/work/log-generation/log-generation'
2026-09-23T08:48:13.2189417Z ##[group]Initializing the repository
2026-09-23T08:48:13.2193791Z [command]/usr/bin/git init /home/runner/work/log-generation/log-generation
2026-09-23T08:48:13.2331788Z hint: Using 'master' as the name for the initial branch. This default branch name
2026-09-23T08:48:13.2333975Z hint: will change to "main" in Git 3.0. To configure the initial branch name
2026-09-23T08:48:13.2336030Z hint: to use in all of your new repositories, which will suppress this warning,
2026-09-23T08:48:13.2337554Z hint: call:
2026-09-23T08:48:13.2338775Z hint:
2026-09-23T08:48:13.2340074Z hint: 	git config --global init.defaultBranch <name>
2026-09-23T08:48:13.2341252Z hint:
2026-09-23T08:48:13.2342346Z hint: Names commonly chosen instead of 'master' are 'main', 'trunk' and
2026-09-23T08:48:13.2344016Z hint: 'development'. The just-created branch can be renamed via this command:
2026-09-23T08:48:13.2345292Z hint:
2026-09-23T08:48:13.2346061Z hint: 	git branch -m <name>
2026-09-23T08:48:13.2346927Z hint:
2026-09-23T08:48:13.2348358Z hint: Disable this message with "git config set advice.defaultBranchName false"
2026-09-23T08:48:13.2349879Z Initialized empty Git repository in /home/runner/work/log-generation/log-generation/.git/
2026-09-23T08:48:13.2351752Z [command]/usr/bin/git remote add origin https://github.com/DhruvHegde/log-generation
2026-09-23T08:48:13.2406892Z ##[endgroup]
2026-09-23T08:48:13.2408487Z ##[group]Disabling automatic garbage collection
2026-09-23T08:48:13.2412036Z [command]/usr/bin/git config --local gc.auto 0
2026-09-23T08:48:13.2448955Z ##[endgroup]
2026-09-23T08:48:13.2450621Z ##[group]Setting up auth
2026-09-23T08:48:13.2458182Z [command]/usr/bin/git config --local --name-only --get-regexp core\.sshCommand
2026-09-23T08:48:13.2495089Z [command]/usr/bin/git submodule foreach --recursive sh -c "git config --local --name-only --get-regexp 'core\.sshCommand' && git config --local --unset-all 'core.sshCommand' || :"
2026-09-23T08:48:13.2921937Z [command]/usr/bin/git config --local --name-only --get-regexp http\.https\:\/\/github\.com\/\.extraheader
2026-09-23T08:48:13.2965719Z [command]/usr/bin/git submodule foreach --recursive sh -c "git config --local --name-only --get-regexp 'http\.https\:\/\/github\.com\/\.extraheader' && git config --local --unset-all 'http.https://github.com/.extraheader' || :"
2026-09-23T08:48:13.3205879Z [command]/usr/bin/git config --local --name-only --get-regexp ^includeIf\.gitdir:
2026-09-23T08:48:13.3246184Z [command]/usr/bin/git submodule foreach --recursive git config --local --show-origin --name-only --get-regexp remote.origin.url
2026-09-23T08:48:13.3482025Z [command]/usr/bin/git config --local http.https://github.com/.extraheader AUTHORIZATION: basic ***
2026-09-23T08:48:13.3602839Z ##[endgroup]
2026-09-23T08:48:13.3603796Z ##[group]Fetching the repository
2026-09-23T08:48:13.3605580Z [command]/usr/bin/git -c protocol.version=2 fetch --no-tags --prune --no-recurse-submodules --depth=1 origin +43f20917de93b9aad51cf79a69ad5239c5632917:refs/remotes/origin/feature/f3-test-failures
2026-09-23T08:48:13.6329556Z From https://github.com/DhruvHegde/log-generation
2026-09-23T08:48:13.6332349Z  * [new ref]         43f20917de93b9aad51cf79a69ad5239c5632917 -> origin/feature/f3-test-failures
2026-09-23T08:48:13.6338728Z ##[endgroup]
2026-09-23T08:48:13.6340869Z ##[group]Determining the checkout info
2026-09-23T08:48:13.6343283Z ##[endgroup]
2026-09-23T08:48:13.6346818Z [command]/usr/bin/git sparse-checkout disable
2026-09-23T08:48:13.6404236Z [command]/usr/bin/git config --local --unset-all extensions.worktreeConfig
2026-09-23T08:48:13.6437505Z ##[group]Checking out the ref
2026-09-23T08:48:13.6442730Z [command]/usr/bin/git checkout --progress --force -B feature/f3-test-failures refs/remotes/origin/feature/f3-test-failures
2026-09-23T08:48:13.6869230Z Switched to a new branch 'feature/f3-test-failures'
2026-09-23T08:48:13.6875223Z branch 'feature/f3-test-failures' set up to track 'origin/feature/f3-test-failures'.
2026-09-23T08:48:13.6884253Z ##[endgroup]
2026-09-23T08:48:13.6931853Z [command]/usr/bin/git log -1 --format=%H
2026-09-23T08:48:13.6961655Z 43f20917de93b9aad51cf79a69ad5239c5632917
2026-09-23T08:48:13.7301295Z Node 20 is being deprecated. This workflow is running with Node 24 by default. If you need to temporarily use Node 20, you can set the ACTIONS_ALLOW_USE_UNSECURE_NODE_VERSION=true environment variable. For more information see: https://github.blog/changelog/2025-09-19-deprecation-of-node-20-on-github-actions-runners/
2026-09-23T08:48:13.7305667Z ##[group]Run actions/setup-python@v5
2026-09-23T08:48:13.7306768Z with:
2026-09-23T08:48:13.7308035Z   python-version: 3.11
2026-09-23T08:48:13.7309129Z   check-latest: false
2026-09-23T08:48:13.7315270Z   token: ***
2026-09-23T08:48:13.7316189Z   update-environment: true
2026-09-23T08:48:13.7317231Z   allow-prereleases: false
2026-09-23T08:48:13.7318408Z   freethreaded: false
2026-09-23T08:48:13.7319373Z ##[endgroup]
2026-09-23T08:48:13.8670456Z ##[group]Installed versions
2026-09-23T08:48:13.8769617Z (node:2265) [DEP0040] DeprecationWarning: The `punycode` module is deprecated. Please use a userland alternative instead.
2026-09-23T08:48:13.8773532Z (Use `node --trace-deprecation ...` to show where the warning was created)
2026-09-23T08:48:13.8776165Z Successfully set up CPython (3.11.16)
2026-09-23T08:48:13.8779557Z ##[endgroup]
2026-09-23T08:48:13.9002239Z ##[group]Run pip install --no-cache-dir pytest
2026-09-23T08:48:13.9003485Z [36;1mpip install --no-cache-dir pytest[0m
2026-09-23T08:48:13.9062400Z shell: /usr/bin/bash -e {0}
2026-09-23T08:48:13.9063866Z env:
2026-09-23T08:48:13.9065308Z   pythonLocation: /opt/hostedtoolcache/Python/3.11.16/x64
2026-09-23T08:48:13.9067488Z   PKG_CONFIG_PATH: /opt/hostedtoolcache/Python/3.11.16/x64/lib/pkgconfig
2026-09-23T08:48:13.9069339Z   Python_ROOT_DIR: /opt/hostedtoolcache/Python/3.11.16/x64
2026-09-23T08:48:13.9070615Z   Python2_ROOT_DIR: /opt/hostedtoolcache/Python/3.11.16/x64
2026-09-23T08:48:13.9071877Z   Python3_ROOT_DIR: /opt/hostedtoolcache/Python/3.11.16/x64
2026-09-23T08:48:13.9165713Z   LD_LIBRARY_PATH: /opt/hostedtoolcache/Python/3.11.16/x64/lib
2026-09-23T08:48:13.9167568Z ##[endgroup]
2026-09-23T08:48:14.7917107Z Collecting pytest
2026-09-23T08:48:14.8405886Z   Downloading pytest-9.1.1-py3-none-any.whl.metadata (7.6 kB)
2026-09-23T08:48:14.8500626Z Collecting iniconfig>=1.0.1 (from pytest)
2026-09-23T08:48:14.8541566Z   Downloading iniconfig-2.3.0-py3-none-any.whl.metadata (2.5 kB)
2026-09-23T08:48:14.8655018Z Collecting packaging>=22 (from pytest)
2026-09-23T08:48:14.8691307Z   Downloading packaging-26.3-py3-none-any.whl.metadata (3.5 kB)
2026-09-23T08:48:14.8775992Z Collecting pluggy<2,>=1.5 (from pytest)
2026-09-23T08:48:14.8812248Z   Downloading pluggy-1.6.0-py3-none-any.whl.metadata (4.8 kB)
2026-09-23T08:48:14.8951496Z Collecting pygments>=2.7.2 (from pytest)
2026-09-23T08:48:14.8989756Z   Downloading pygments-2.21.0-py3-none-any.whl.metadata (2.5 kB)
2026-09-23T08:48:14.9054662Z Downloading pytest-9.1.1-py3-none-any.whl (386 kB)
2026-09-23T08:48:14.9240392Z Downloading pluggy-1.6.0-py3-none-any.whl (20 kB)
2026-09-23T08:48:14.9275086Z Downloading iniconfig-2.3.0-py3-none-any.whl (7.5 kB)
2026-09-23T08:48:14.9309061Z Downloading packaging-26.3-py3-none-any.whl (129 kB)
2026-09-23T08:48:14.9361813Z Downloading pygments-2.21.0-py3-none-any.whl (1.3 MB)
2026-09-23T08:48:14.9450105Z    ââââââââââââââââââââââââââââââââââââââââ 1.3/1.3 MB 225.8 MB/s  0:00:00
2026-09-23T08:48:15.0144639Z Installing collected packages: pygments, pluggy, packaging, iniconfig, pytest
2026-09-23T08:48:15.9817340Z 
2026-09-23T08:48:15.9826624Z Successfully installed iniconfig-2.3.0 packaging-26.3 pluggy-1.6.0 pygments-2.21.0 pytest-9.1.1
2026-09-23T08:48:16.0381462Z ##[group]Run python automation/inject_mutation.py --error-type "FileNotFoundError"
2026-09-23T08:48:16.0382213Z [36;1mpython automation/inject_mutation.py --error-type "FileNotFoundError"[0m
2026-09-23T08:48:16.0422197Z shell: /usr/bin/bash -e {0}
2026-09-23T08:48:16.0422507Z env:
2026-09-23T08:48:16.0423065Z   pythonLocation: /opt/hostedtoolcache/Python/3.11.16/x64
2026-09-23T08:48:16.0423581Z   PKG_CONFIG_PATH: /opt/hostedtoolcache/Python/3.11.16/x64/lib/pkgconfig
2026-09-23T08:48:16.0424087Z   Python_ROOT_DIR: /opt/hostedtoolcache/Python/3.11.16/x64
2026-09-23T08:48:16.0424526Z   Python2_ROOT_DIR: /opt/hostedtoolcache/Python/3.11.16/x64
2026-09-23T08:48:16.0424969Z   Python3_ROOT_DIR: /opt/hostedtoolcache/Python/3.11.16/x64
2026-09-23T08:48:16.0425413Z   LD_LIBRARY_PATH: /opt/hostedtoolcache/Python/3.11.16/x64/lib
2026-09-23T08:48:16.0425788Z ##[endgroup]
2026-09-23T08:48:16.0738356Z [Mutation Injected] Successfully injected FileNotFoundError into tests/test_app.py
2026-09-23T08:48:16.0816121Z ##[group]Run pytest tests/test_app.py -v
2026-09-23T08:48:16.0816606Z [36;1mpytest tests/test_app.py -v[0m
2026-09-23T08:48:16.0855857Z shell: /usr/bin/bash -e {0}
2026-09-23T08:48:16.0856189Z env:
2026-09-23T08:48:16.0856529Z   pythonLocation: /opt/hostedtoolcache/Python/3.11.16/x64
2026-09-23T08:48:16.0857062Z   PKG_CONFIG_PATH: /opt/hostedtoolcache/Python/3.11.16/x64/lib/pkgconfig
2026-09-23T08:48:16.0857567Z   Python_ROOT_DIR: /opt/hostedtoolcache/Python/3.11.16/x64
2026-09-23T08:48:16.0858344Z   Python2_ROOT_DIR: /opt/hostedtoolcache/Python/3.11.16/x64
2026-09-23T08:48:16.0858805Z   Python3_ROOT_DIR: /opt/hostedtoolcache/Python/3.11.16/x64
2026-09-23T08:48:16.0859272Z   LD_LIBRARY_PATH: /opt/hostedtoolcache/Python/3.11.16/x64/lib
2026-09-23T08:48:16.0859675Z ##[endgroup]
2026-09-23T08:48:16.4196990Z ============================= test session starts ==============================
2026-09-23T08:48:16.4198793Z platform linux -- Python 3.11.16, pytest-9.1.1, pluggy-1.6.0 -- /opt/hostedtoolcache/Python/3.11.16/x64/bin/python
2026-09-23T08:48:16.4199657Z cachedir: .pytest_cache
2026-09-23T08:48:16.4200190Z rootdir: /home/runner/work/log-generation/log-generation
2026-09-23T08:48:16.4201892Z configfile: pytest.ini
2026-09-23T08:48:16.4290277Z collecting ... collected 6 items
2026-09-23T08:48:16.4290695Z 
2026-09-23T08:48:16.4298892Z tests/test_app.py::test_calculate_division PASSED                        [ 16%]
2026-09-23T08:48:16.4306727Z tests/test_app.py::test_convert_to_int PASSED                            [ 33%]
2026-09-23T08:48:16.4314725Z tests/test_app.py::test_get_list_item PASSED                             [ 50%]
2026-09-23T08:48:16.4323360Z tests/test_app.py::test_get_dict_value PASSED                            [ 66%]
2026-09-23T08:48:16.4330610Z tests/test_app.py::test_assert_positive PASSED                           [ 83%]
2026-09-23T08:48:16.4592980Z tests/test_app.py::test_file_not_found_error FAILED                      [100%]
2026-09-23T08:48:16.4593589Z 
2026-09-23T08:48:16.4593849Z =================================== FAILURES ===================================
2026-09-23T08:48:16.4594592Z __________________________ test_file_not_found_error ___________________________
2026-09-23T08:48:16.4595083Z 
2026-09-23T08:48:16.4595267Z     def test_file_not_found_error():
2026-09-23T08:48:16.4595770Z         """Injected synthetic FileNotFoundError."""
2026-09-23T08:48:16.4596340Z         from src.app import read_config_file
2026-09-23T08:48:16.4597006Z >       read_config_file("fixtures/non_existent_pipeline_config.json")
2026-09-23T08:48:16.4597490Z 
2026-09-23T08:48:16.4597996Z tests/test_app.py:139: 
2026-09-23T08:48:16.4598511Z _ _ _ _ _ _ _ _ _ _ _ _ _ _ _ _ _ _ _ _ _ _ _ _ _ _ _ _ _ _ _ _ _ _ _ _ _ _ _ _ 
2026-09-23T08:48:16.4598940Z 
2026-09-23T08:48:16.4599163Z path = 'fixtures/non_existent_pipeline_config.json'
2026-09-23T08:48:16.4599630Z 
2026-09-23T08:48:16.4599817Z     def read_config_file(path):
2026-09-23T08:48:16.4600251Z >       with open(path, "r") as f:
2026-09-23T08:48:16.4600722Z              ^^^^^^^^^^^^^^^
2026-09-23T08:48:16.4601493Z E       FileNotFoundError: [Errno 2] No such file or directory: 'fixtures/non_existent_pipeline_config.json'
2026-09-23T08:48:16.4602196Z 
2026-09-23T08:48:16.4602368Z src/app.py:17: FileNotFoundError
2026-09-23T08:48:16.4602899Z =========================== short test summary info ============================
2026-09-23T08:48:16.4604551Z FAILED tests/test_app.py::test_file_not_found_error - FileNotFoundError: [Errno 2] No such file or directory: 'fixtures/non_existent_pipeline_config.json'
2026-09-23T08:48:16.4605732Z ========================= 1 failed, 5 passed in 0.03s ==========================
2026-09-23T08:48:16.4804839Z ##[error]Process completed with exit code 1.
2026-09-23T08:48:16.4954237Z Node 20 is being deprecated. This workflow is running with Node 24 by default. If you need to temporarily use Node 20, you can set the ACTIONS_ALLOW_USE_UNSECURE_NODE_VERSION=true environment variable. For more information see: https://github.blog/changelog/2025-09-19-deprecation-of-node-20-on-github-actions-runners/
2026-09-23T08:48:16.4956502Z Post job cleanup.
2026-09-23T08:48:16.5867388Z [command]/usr/bin/git version
2026-09-23T08:48:16.5914740Z git version 2.55.0
2026-09-23T08:48:16.5955958Z Temporarily overriding HOME='/home/runner/work/_temp/6f27e47a-59a6-44ed-bda5-1a49f5f7b8a3' before making global git config changes
2026-09-23T08:48:16.5957339Z Adding repository directory to the temporary git global config as a safe directory
2026-09-23T08:48:16.5962610Z [command]/usr/bin/git config --global --add safe.directory /home/runner/work/log-generation/log-generation
2026-09-23T08:48:16.6006172Z [command]/usr/bin/git config --local --name-only --get-regexp core\.sshCommand
2026-09-23T08:48:16.6059146Z [command]/usr/bin/git submodule foreach --recursive sh -c "git config --local --name-only --get-regexp 'core\.sshCommand' && git config --local --unset-all 'core.sshCommand' || :"
2026-09-23T08:48:16.6317627Z [command]/usr/bin/git config --local --name-only --get-regexp http\.https\:\/\/github\.com\/\.extraheader
2026-09-23T08:48:16.6346579Z http.https://github.com/.extraheader
2026-09-23T08:48:16.6372927Z [command]/usr/bin/git config --local --unset-all http.https://github.com/.extraheader
2026-09-23T08:48:16.6411974Z [command]/usr/bin/git submodule foreach --recursive sh -c "git config --local --name-only --get-regexp 'http\.https\:\/\/github\.com\/\.extraheader' && git config --local --unset-all 'http.https://github.com/.extraheader' || :"
2026-09-23T08:48:16.6751648Z [command]/usr/bin/git config --local --name-only --get-regexp ^includeIf\.gitdir:
2026-09-23T08:48:16.6841699Z [command]/usr/bin/git submodule foreach --recursive git config --local --show-origin --name-only --get-regexp remote.origin.url
2026-09-23T08:48:16.7255850Z Cleaning up orphan processes
2026-09-23T08:48:16.7548292Z ##[warning]Node.js 20 is deprecated. The following actions target Node.js 20 but are being forced to run on Node.js 24: actions/checkout@v4, actions/setup-python@v5. For more information see: https://github.blog/changelog/2025-09-19-deprecation-of-node-20-on-github-actions-runners/
