ï»¿2026-09-23T08:48:46.8994674Z Current runner version: '2.337.0'
2026-09-23T08:48:46.9021574Z ##[group]Runner Image Provisioner
2026-09-23T08:48:46.9022935Z Hosted Compute Agent
2026-09-23T08:48:46.9023525Z Version: 20260828.587
2026-09-23T08:48:46.9024262Z Commit: abac92662cab4cc7352de4f9f9d2e2419aad9c29
2026-09-23T08:48:46.9025026Z Build Date: 2026-08-28T16:44:25Z
2026-09-23T08:48:46.9025847Z Worker ID: {06f32af1-a716-4e1f-ae38-25952722ad3f}
2026-09-23T08:48:46.9026648Z Azure Region: eastus
2026-09-23T08:48:46.9027210Z ##[endgroup]
2026-09-23T08:48:46.9029157Z ##[group]Operating System
2026-09-23T08:48:46.9029792Z Ubuntu
2026-09-23T08:48:46.9030901Z 24.04.5
2026-09-23T08:48:46.9031480Z LTS
2026-09-23T08:48:46.9032417Z ##[endgroup]
2026-09-23T08:48:46.9033018Z ##[group]Runner Image
2026-09-23T08:48:46.9033617Z Image: ubuntu-24.04
2026-09-23T08:48:46.9034302Z Version: 20260907.300.1
2026-09-23T08:48:46.9035568Z Included Software: https://github.com/actions/runner-images/blob/ubuntu24/20260907.300/images/ubuntu/Ubuntu2404-Readme.md
2026-09-23T08:48:46.9037211Z Image Release: https://github.com/actions/runner-images/releases/tag/ubuntu24%2F20260907.300
2026-09-23T08:48:46.9038173Z ##[endgroup]
2026-09-23T08:48:46.9039511Z ##[group]GITHUB_TOKEN Permissions
2026-09-23T08:48:46.9041678Z Contents: read
2026-09-23T08:48:46.9042605Z Metadata: read
2026-09-23T08:48:46.9043175Z Packages: read
2026-09-23T08:48:46.9043861Z ##[endgroup]
2026-09-23T08:48:46.9045963Z Secret source: Actions
2026-09-23T08:48:46.9046967Z Cache mode: write
2026-09-23T08:48:46.9048033Z Prepare workflow directory
2026-09-23T08:48:46.9383102Z Prepare all required actions
2026-09-23T08:48:46.9431772Z Getting action download info
2026-09-23T08:48:47.1935519Z Download action repository 'actions/checkout@v4' (SHA:11d5960a326750d5838078e36cf38b85af677262)
2026-09-23T08:48:47.3053467Z Download action repository 'actions/setup-python@v5' (SHA:a26af69be951a213d495a4c3e4e4022e16d87065)
2026-09-23T08:48:47.4929979Z Complete job name: test-f3 (AttributeError #80)
2026-09-23T08:48:47.5720304Z Node 20 is being deprecated. This workflow is running with Node 24 by default. If you need to temporarily use Node 20, you can set the ACTIONS_ALLOW_USE_UNSECURE_NODE_VERSION=true environment variable. For more information see: https://github.blog/changelog/2025-09-19-deprecation-of-node-20-on-github-actions-runners/
2026-09-23T08:48:47.5729396Z ##[group]Run actions/checkout@v4
2026-09-23T08:48:47.5730150Z with:
2026-09-23T08:48:47.5730581Z   fetch-depth: 1
2026-09-23T08:48:47.5731064Z   repository: DhruvHegde/log-generation
2026-09-23T08:48:47.5734995Z   token: ***
2026-09-23T08:48:47.5735440Z   ssh-strict: true
2026-09-23T08:48:47.5735875Z   ssh-user: git
2026-09-23T08:48:47.5736327Z   persist-credentials: true
2026-09-23T08:48:47.5736828Z   clean: true
2026-09-23T08:48:47.5737278Z   sparse-checkout-cone-mode: true
2026-09-23T08:48:47.5737798Z   fetch-tags: false
2026-09-23T08:48:47.5738249Z   show-progress: true
2026-09-23T08:48:47.5738693Z   lfs: false
2026-09-23T08:48:47.5739143Z   submodules: false
2026-09-23T08:48:47.5739622Z   set-safe-directory: true
2026-09-23T08:48:47.5740125Z   allow-unsafe-pr-checkout: false
2026-09-23T08:48:47.5740907Z ##[endgroup]
2026-09-23T08:48:47.6765128Z Syncing repository: DhruvHegde/log-generation
2026-09-23T08:48:47.6767835Z ##[group]Getting Git version info
2026-09-23T08:48:47.6769088Z Working directory is '/home/runner/work/log-generation/log-generation'
2026-09-23T08:48:47.6770917Z [command]/usr/bin/git version
2026-09-23T08:48:47.6879407Z git version 2.55.0
2026-09-23T08:48:47.6904890Z ##[endgroup]
2026-09-23T08:48:47.6922588Z Temporarily overriding HOME='/home/runner/work/_temp/2dafedc2-7abd-4454-89b3-7a95c41550f6' before making global git config changes
2026-09-23T08:48:47.6925002Z Adding repository directory to the temporary git global config as a safe directory
2026-09-23T08:48:47.6928836Z [command]/usr/bin/git config --global --add safe.directory /home/runner/work/log-generation/log-generation
2026-09-23T08:48:47.6989116Z Deleting the contents of '/home/runner/work/log-generation/log-generation'
2026-09-23T08:48:47.6993916Z ##[group]Initializing the repository
2026-09-23T08:48:47.7004283Z [command]/usr/bin/git init /home/runner/work/log-generation/log-generation
2026-09-23T08:48:47.7144009Z hint: Using 'master' as the name for the initial branch. This default branch name
2026-09-23T08:48:47.7145204Z hint: will change to "main" in Git 3.0. To configure the initial branch name
2026-09-23T08:48:47.7146230Z hint: to use in all of your new repositories, which will suppress this warning,
2026-09-23T08:48:47.7147035Z hint: call:
2026-09-23T08:48:47.7147462Z hint:
2026-09-23T08:48:47.7148007Z hint: 	git config --global init.defaultBranch <name>
2026-09-23T08:48:47.7148667Z hint:
2026-09-23T08:48:47.7149280Z hint: Names commonly chosen instead of 'master' are 'main', 'trunk' and
2026-09-23T08:48:47.7150273Z hint: 'development'. The just-created branch can be renamed via this command:
2026-09-23T08:48:47.7151059Z hint:
2026-09-23T08:48:47.7151574Z hint: 	git branch -m <name>
2026-09-23T08:48:47.7152416Z hint:
2026-09-23T08:48:47.7153092Z hint: Disable this message with "git config set advice.defaultBranchName false"
2026-09-23T08:48:47.7159207Z Initialized empty Git repository in /home/runner/work/log-generation/log-generation/.git/
2026-09-23T08:48:47.7171502Z [command]/usr/bin/git remote add origin https://github.com/DhruvHegde/log-generation
2026-09-23T08:48:47.7234168Z ##[endgroup]
2026-09-23T08:48:47.7235420Z ##[group]Disabling automatic garbage collection
2026-09-23T08:48:47.7239143Z [command]/usr/bin/git config --local gc.auto 0
2026-09-23T08:48:47.7286811Z ##[endgroup]
2026-09-23T08:48:47.7288786Z ##[group]Setting up auth
2026-09-23T08:48:47.7290656Z [command]/usr/bin/git config --local --name-only --get-regexp core\.sshCommand
2026-09-23T08:48:47.7328466Z [command]/usr/bin/git submodule foreach --recursive sh -c "git config --local --name-only --get-regexp 'core\.sshCommand' && git config --local --unset-all 'core.sshCommand' || :"
2026-09-23T08:48:47.7732366Z [command]/usr/bin/git config --local --name-only --get-regexp http\.https\:\/\/github\.com\/\.extraheader
2026-09-23T08:48:47.7773144Z [command]/usr/bin/git submodule foreach --recursive sh -c "git config --local --name-only --get-regexp 'http\.https\:\/\/github\.com\/\.extraheader' && git config --local --unset-all 'http.https://github.com/.extraheader' || :"
2026-09-23T08:48:47.7998176Z [command]/usr/bin/git config --local --name-only --get-regexp ^includeIf\.gitdir:
2026-09-23T08:48:47.8035070Z [command]/usr/bin/git submodule foreach --recursive git config --local --show-origin --name-only --get-regexp remote.origin.url
2026-09-23T08:48:47.8259967Z [command]/usr/bin/git config --local http.https://github.com/.extraheader AUTHORIZATION: basic ***
2026-09-23T08:48:47.8299447Z ##[endgroup]
2026-09-23T08:48:47.8309605Z ##[group]Fetching the repository
2026-09-23T08:48:47.8311350Z [command]/usr/bin/git -c protocol.version=2 fetch --no-tags --prune --no-recurse-submodules --depth=1 origin +43f20917de93b9aad51cf79a69ad5239c5632917:refs/remotes/origin/feature/f3-test-failures
2026-09-23T08:48:48.1048408Z From https://github.com/DhruvHegde/log-generation
2026-09-23T08:48:48.1050043Z  * [new ref]         43f20917de93b9aad51cf79a69ad5239c5632917 -> origin/feature/f3-test-failures
2026-09-23T08:48:48.1053477Z ##[endgroup]
2026-09-23T08:48:48.1054403Z ##[group]Determining the checkout info
2026-09-23T08:48:48.1055969Z ##[endgroup]
2026-09-23T08:48:48.1062459Z [command]/usr/bin/git sparse-checkout disable
2026-09-23T08:48:48.1119905Z [command]/usr/bin/git config --local --unset-all extensions.worktreeConfig
2026-09-23T08:48:48.1155739Z ##[group]Checking out the ref
2026-09-23T08:48:48.1161598Z [command]/usr/bin/git checkout --progress --force -B feature/f3-test-failures refs/remotes/origin/feature/f3-test-failures
2026-09-23T08:48:48.1567808Z Switched to a new branch 'feature/f3-test-failures'
2026-09-23T08:48:48.1573873Z branch 'feature/f3-test-failures' set up to track 'origin/feature/f3-test-failures'.
2026-09-23T08:48:48.1582804Z ##[endgroup]
2026-09-23T08:48:48.1629599Z [command]/usr/bin/git log -1 --format=%H
2026-09-23T08:48:48.1657995Z 43f20917de93b9aad51cf79a69ad5239c5632917
2026-09-23T08:48:48.1950691Z Node 20 is being deprecated. This workflow is running with Node 24 by default. If you need to temporarily use Node 20, you can set the ACTIONS_ALLOW_USE_UNSECURE_NODE_VERSION=true environment variable. For more information see: https://github.blog/changelog/2025-09-19-deprecation-of-node-20-on-github-actions-runners/
2026-09-23T08:48:48.1954196Z ##[group]Run actions/setup-python@v5
2026-09-23T08:48:48.1954813Z with:
2026-09-23T08:48:48.1955286Z   python-version: 3.11
2026-09-23T08:48:48.1955801Z   check-latest: false
2026-09-23T08:48:48.1959952Z   token: ***
2026-09-23T08:48:48.1960766Z   update-environment: true
2026-09-23T08:48:48.1961627Z   allow-prereleases: false
2026-09-23T08:48:48.1962697Z   freethreaded: false
2026-09-23T08:48:48.1963548Z ##[endgroup]
2026-09-23T08:48:48.3356073Z ##[group]Installed versions
2026-09-23T08:48:48.3479901Z (node:2260) [DEP0040] DeprecationWarning: The `punycode` module is deprecated. Please use a userland alternative instead.
2026-09-23T08:48:48.3482234Z (Use `node --trace-deprecation ...` to show where the warning was created)
2026-09-23T08:48:48.3483172Z Successfully set up CPython (3.11.16)
2026-09-23T08:48:48.3484783Z ##[endgroup]
2026-09-23T08:48:48.3669076Z ##[group]Run pip install --no-cache-dir pytest
2026-09-23T08:48:48.3670435Z [36;1mpip install --no-cache-dir pytest[0m
2026-09-23T08:48:48.3737657Z shell: /usr/bin/bash -e {0}
2026-09-23T08:48:48.3738281Z env:
2026-09-23T08:48:48.3738891Z   pythonLocation: /opt/hostedtoolcache/Python/3.11.16/x64
2026-09-23T08:48:48.3739888Z   PKG_CONFIG_PATH: /opt/hostedtoolcache/Python/3.11.16/x64/lib/pkgconfig
2026-09-23T08:48:48.3740886Z   Python_ROOT_DIR: /opt/hostedtoolcache/Python/3.11.16/x64
2026-09-23T08:48:48.3831533Z   Python2_ROOT_DIR: /opt/hostedtoolcache/Python/3.11.16/x64
2026-09-23T08:48:48.3834577Z   Python3_ROOT_DIR: /opt/hostedtoolcache/Python/3.11.16/x64
2026-09-23T08:48:48.3836494Z   LD_LIBRARY_PATH: /opt/hostedtoolcache/Python/3.11.16/x64/lib
2026-09-23T08:48:48.3837766Z ##[endgroup]
2026-09-23T08:48:49.2910943Z Collecting pytest
2026-09-23T08:48:49.3418682Z   Downloading pytest-9.1.1-py3-none-any.whl.metadata (7.6 kB)
2026-09-23T08:48:49.3510056Z Collecting iniconfig>=1.0.1 (from pytest)
2026-09-23T08:48:49.3548544Z   Downloading iniconfig-2.3.0-py3-none-any.whl.metadata (2.5 kB)
2026-09-23T08:48:49.3654826Z Collecting packaging>=22 (from pytest)
2026-09-23T08:48:49.3693375Z   Downloading packaging-26.3-py3-none-any.whl.metadata (3.5 kB)
2026-09-23T08:48:49.3778320Z Collecting pluggy<2,>=1.5 (from pytest)
2026-09-23T08:48:49.3816639Z   Downloading pluggy-1.6.0-py3-none-any.whl.metadata (4.8 kB)
2026-09-23T08:48:49.3952351Z Collecting pygments>=2.7.2 (from pytest)
2026-09-23T08:48:49.3990349Z   Downloading pygments-2.21.0-py3-none-any.whl.metadata (2.5 kB)
2026-09-23T08:48:49.4055477Z Downloading pytest-9.1.1-py3-none-any.whl (386 kB)
2026-09-23T08:48:49.4233327Z Downloading pluggy-1.6.0-py3-none-any.whl (20 kB)
2026-09-23T08:48:49.4271323Z Downloading iniconfig-2.3.0-py3-none-any.whl (7.5 kB)
2026-09-23T08:48:49.4310212Z Downloading packaging-26.3-py3-none-any.whl (129 kB)
2026-09-23T08:48:49.4350447Z Downloading pygments-2.21.0-py3-none-any.whl (1.3 MB)
2026-09-23T08:48:49.4495043Z    ââââââââââââââââââââââââââââââââââââââââ 1.3/1.3 MB 109.3 MB/s  0:00:00
2026-09-23T08:48:49.5177193Z Installing collected packages: pygments, pluggy, packaging, iniconfig, pytest
2026-09-23T08:48:50.5149916Z 
2026-09-23T08:48:50.5160083Z Successfully installed iniconfig-2.3.0 packaging-26.3 pluggy-1.6.0 pygments-2.21.0 pytest-9.1.1
2026-09-23T08:48:50.5724101Z ##[group]Run python automation/inject_mutation.py --error-type "AttributeError"
2026-09-23T08:48:50.5724783Z [36;1mpython automation/inject_mutation.py --error-type "AttributeError"[0m
2026-09-23T08:48:50.5764062Z shell: /usr/bin/bash -e {0}
2026-09-23T08:48:50.5764334Z env:
2026-09-23T08:48:50.5764846Z   pythonLocation: /opt/hostedtoolcache/Python/3.11.16/x64
2026-09-23T08:48:50.5765306Z   PKG_CONFIG_PATH: /opt/hostedtoolcache/Python/3.11.16/x64/lib/pkgconfig
2026-09-23T08:48:50.5765751Z   Python_ROOT_DIR: /opt/hostedtoolcache/Python/3.11.16/x64
2026-09-23T08:48:50.5766136Z   Python2_ROOT_DIR: /opt/hostedtoolcache/Python/3.11.16/x64
2026-09-23T08:48:50.5766528Z   Python3_ROOT_DIR: /opt/hostedtoolcache/Python/3.11.16/x64
2026-09-23T08:48:50.5766915Z   LD_LIBRARY_PATH: /opt/hostedtoolcache/Python/3.11.16/x64/lib
2026-09-23T08:48:50.5767244Z ##[endgroup]
2026-09-23T08:48:50.6070737Z [Mutation Injected] Successfully injected AttributeError into tests/test_app.py
2026-09-23T08:48:50.6147675Z ##[group]Run pytest tests/test_app.py -v
2026-09-23T08:48:50.6148088Z [36;1mpytest tests/test_app.py -v[0m
2026-09-23T08:48:50.6186733Z shell: /usr/bin/bash -e {0}
2026-09-23T08:48:50.6187004Z env:
2026-09-23T08:48:50.6187301Z   pythonLocation: /opt/hostedtoolcache/Python/3.11.16/x64
2026-09-23T08:48:50.6187757Z   PKG_CONFIG_PATH: /opt/hostedtoolcache/Python/3.11.16/x64/lib/pkgconfig
2026-09-23T08:48:50.6188209Z   Python_ROOT_DIR: /opt/hostedtoolcache/Python/3.11.16/x64
2026-09-23T08:48:50.6188603Z   Python2_ROOT_DIR: /opt/hostedtoolcache/Python/3.11.16/x64
2026-09-23T08:48:50.6189004Z   Python3_ROOT_DIR: /opt/hostedtoolcache/Python/3.11.16/x64
2026-09-23T08:48:50.6189423Z   LD_LIBRARY_PATH: /opt/hostedtoolcache/Python/3.11.16/x64/lib
2026-09-23T08:48:50.6189751Z ##[endgroup]
2026-09-23T08:48:50.8726685Z ============================= test session starts ==============================
2026-09-23T08:48:50.8728147Z platform linux -- Python 3.11.16, pytest-9.1.1, pluggy-1.6.0 -- /opt/hostedtoolcache/Python/3.11.16/x64/bin/python
2026-09-23T08:48:50.8729193Z cachedir: .pytest_cache
2026-09-23T08:48:50.8729743Z rootdir: /home/runner/work/log-generation/log-generation
2026-09-23T08:48:50.8730398Z configfile: pytest.ini
2026-09-23T08:48:50.8821465Z collecting ... collected 6 items
2026-09-23T08:48:50.8822025Z 
2026-09-23T08:48:50.8830818Z tests/test_app.py::test_calculate_division PASSED                        [ 16%]
2026-09-23T08:48:50.8838376Z tests/test_app.py::test_convert_to_int PASSED                            [ 33%]
2026-09-23T08:48:50.8845843Z tests/test_app.py::test_get_list_item PASSED                             [ 50%]
2026-09-23T08:48:50.8852784Z tests/test_app.py::test_get_dict_value PASSED                            [ 66%]
2026-09-23T08:48:50.8859646Z tests/test_app.py::test_assert_positive PASSED                           [ 83%]
2026-09-23T08:48:50.9154752Z tests/test_app.py::test_attribute_error FAILED                           [100%]
2026-09-23T08:48:50.9155281Z 
2026-09-23T08:48:50.9155529Z =================================== FAILURES ===================================
2026-09-23T08:48:50.9156364Z _____________________________ test_attribute_error _____________________________
2026-09-23T08:48:50.9156898Z 
2026-09-23T08:48:50.9157139Z     def test_attribute_error():
2026-09-23T08:48:50.9157700Z         """Injected synthetic AttributeError."""
2026-09-23T08:48:50.9158365Z         from src.app import get_object_attribute
2026-09-23T08:48:50.9158959Z >       get_object_attribute(object())
2026-09-23T08:48:50.9159322Z 
2026-09-23T08:48:50.9159505Z tests/test_app.py:139: 
2026-09-23T08:48:50.9160042Z _ _ _ _ _ _ _ _ _ _ _ _ _ _ _ _ _ _ _ _ _ _ _ _ _ _ _ _ _ _ _ _ _ _ _ _ _ _ _ _ 
2026-09-23T08:48:50.9160505Z 
2026-09-23T08:48:50.9160753Z obj = <object object at 0x7fbced985370>
2026-09-23T08:48:50.9161149Z 
2026-09-23T08:48:50.9161399Z     def get_object_attribute(obj):
2026-09-23T08:48:50.9162164Z >       return obj.non_existent_attribute
2026-09-23T08:48:50.9162704Z                ^^^^^^^^^^^^^^^^^^^^^^^^^^
2026-09-23T08:48:50.9163290Z E       AttributeError: 'object' object has no attribute 'non_existent_attribute'
2026-09-23T08:48:50.9163685Z 
2026-09-23T08:48:50.9163817Z src/app.py:14: AttributeError
2026-09-23T08:48:50.9164203Z =========================== short test summary info ============================
2026-09-23T08:48:50.9165279Z FAILED tests/test_app.py::test_attribute_error - AttributeError: 'object' object has no attribute 'non_existent_attribute'
2026-09-23T08:48:50.9166056Z ========================= 1 failed, 5 passed in 0.03s ==========================
2026-09-23T08:48:50.9350727Z ##[error]Process completed with exit code 1.
2026-09-23T08:48:50.9502391Z Node 20 is being deprecated. This workflow is running with Node 24 by default. If you need to temporarily use Node 20, you can set the ACTIONS_ALLOW_USE_UNSECURE_NODE_VERSION=true environment variable. For more information see: https://github.blog/changelog/2025-09-19-deprecation-of-node-20-on-github-actions-runners/
2026-09-23T08:48:50.9503723Z Post job cleanup.
2026-09-23T08:48:51.0349389Z [command]/usr/bin/git version
2026-09-23T08:48:51.0396562Z git version 2.55.0
2026-09-23T08:48:51.0441435Z Temporarily overriding HOME='/home/runner/work/_temp/1b748411-b1e5-418b-9d0e-4856c2a0856a' before making global git config changes
2026-09-23T08:48:51.0442904Z Adding repository directory to the temporary git global config as a safe directory
2026-09-23T08:48:51.0447824Z [command]/usr/bin/git config --global --add safe.directory /home/runner/work/log-generation/log-generation
2026-09-23T08:48:51.0491736Z [command]/usr/bin/git config --local --name-only --get-regexp core\.sshCommand
2026-09-23T08:48:51.0535007Z [command]/usr/bin/git submodule foreach --recursive sh -c "git config --local --name-only --get-regexp 'core\.sshCommand' && git config --local --unset-all 'core.sshCommand' || :"
2026-09-23T08:48:51.0802816Z [command]/usr/bin/git config --local --name-only --get-regexp http\.https\:\/\/github\.com\/\.extraheader
2026-09-23T08:48:51.0835123Z http.https://github.com/.extraheader
2026-09-23T08:48:51.0847757Z [command]/usr/bin/git config --local --unset-all http.https://github.com/.extraheader
2026-09-23T08:48:51.0883387Z [command]/usr/bin/git submodule foreach --recursive sh -c "git config --local --name-only --get-regexp 'http\.https\:\/\/github\.com\/\.extraheader' && git config --local --unset-all 'http.https://github.com/.extraheader' || :"
2026-09-23T08:48:51.1186131Z [command]/usr/bin/git config --local --name-only --get-regexp ^includeIf\.gitdir:
2026-09-23T08:48:51.1227552Z [command]/usr/bin/git submodule foreach --recursive git config --local --show-origin --name-only --get-regexp remote.origin.url
2026-09-23T08:48:51.1624368Z Cleaning up orphan processes
2026-09-23T08:48:51.1908276Z ##[warning]Node.js 20 is deprecated. The following actions target Node.js 20 but are being forced to run on Node.js 24: actions/checkout@v4, actions/setup-python@v5. For more information see: https://github.blog/changelog/2025-09-19-deprecation-of-node-20-on-github-actions-runners/
