ï»¿2026-09-23T08:49:35.0736924Z Current runner version: '2.337.0'
2026-09-23T08:49:35.0757358Z ##[group]Runner Image Provisioner
2026-09-23T08:49:35.0758079Z Hosted Compute Agent
2026-09-23T08:49:35.0758598Z Version: 20260828.587
2026-09-23T08:49:35.0759179Z Commit: abac92662cab4cc7352de4f9f9d2e2419aad9c29
2026-09-23T08:49:35.0759779Z Build Date: 2026-08-28T16:44:25Z
2026-09-23T08:49:35.0760312Z Worker ID: {4aba4664-a6b9-465c-9c89-9bb02c030611}
2026-09-23T08:49:35.0761094Z Azure Region: westus3
2026-09-23T08:49:35.0761605Z ##[endgroup]
2026-09-23T08:49:35.0763006Z ##[group]Operating System
2026-09-23T08:49:35.0763520Z Ubuntu
2026-09-23T08:49:35.0763940Z 24.04.5
2026-09-23T08:49:35.0764418Z LTS
2026-09-23T08:49:35.0764874Z ##[endgroup]
2026-09-23T08:49:35.0765601Z ##[group]Runner Image
2026-09-23T08:49:35.0766118Z Image: ubuntu-24.04
2026-09-23T08:49:35.0766578Z Version: 20260920.314.1
2026-09-23T08:49:35.0767656Z Included Software: https://github.com/actions/runner-images/blob/ubuntu24/20260920.314/images/ubuntu/Ubuntu2404-Readme.md
2026-09-23T08:49:35.0768909Z Image Release: https://github.com/actions/runner-images/releases/tag/ubuntu24%2F20260920.314
2026-09-23T08:49:35.0769715Z ##[endgroup]
2026-09-23T08:49:35.0770718Z ##[group]GITHUB_TOKEN Permissions
2026-09-23T08:49:35.0772733Z Contents: read
2026-09-23T08:49:35.0773215Z Metadata: read
2026-09-23T08:49:35.0773769Z Packages: read
2026-09-23T08:49:35.0774224Z ##[endgroup]
2026-09-23T08:49:35.0775900Z Secret source: Actions
2026-09-23T08:49:35.0776681Z Cache mode: write
2026-09-23T08:49:35.0777575Z Prepare workflow directory
2026-09-23T08:49:35.1035466Z Prepare all required actions
2026-09-23T08:49:35.1086964Z Getting action download info
2026-09-23T08:49:35.4048343Z Download action repository 'actions/checkout@v4' (SHA:11d5960a326750d5838078e36cf38b85af677262)
2026-09-23T08:49:35.4990028Z Download action repository 'actions/setup-python@v5' (SHA:a26af69be951a213d495a4c3e4e4022e16d87065)
2026-09-23T08:49:35.8158389Z Complete job name: test-f3 (KeyError #134)
2026-09-23T08:49:35.8789510Z Node 20 is being deprecated. This workflow is running with Node 24 by default. If you need to temporarily use Node 20, you can set the ACTIONS_ALLOW_USE_UNSECURE_NODE_VERSION=true environment variable. For more information see: https://github.blog/changelog/2025-09-19-deprecation-of-node-20-on-github-actions-runners/
2026-09-23T08:49:35.8796433Z ##[group]Run actions/checkout@v4
2026-09-23T08:49:35.8796979Z with:
2026-09-23T08:49:35.8797322Z   fetch-depth: 1
2026-09-23T08:49:35.8797704Z   repository: DhruvHegde/log-generation
2026-09-23T08:49:35.8800969Z   token: ***
2026-09-23T08:49:35.8801332Z   ssh-strict: true
2026-09-23T08:49:35.8801697Z   ssh-user: git
2026-09-23T08:49:35.8802059Z   persist-credentials: true
2026-09-23T08:49:35.8802448Z   clean: true
2026-09-23T08:49:35.8802805Z   sparse-checkout-cone-mode: true
2026-09-23T08:49:35.8803218Z   fetch-tags: false
2026-09-23T08:49:35.8803576Z   show-progress: true
2026-09-23T08:49:35.8803931Z   lfs: false
2026-09-23T08:49:35.8804311Z   submodules: false
2026-09-23T08:49:35.8804677Z   set-safe-directory: true
2026-09-23T08:49:35.8805077Z   allow-unsafe-pr-checkout: false
2026-09-23T08:49:35.8805629Z ##[endgroup]
2026-09-23T08:49:35.9618652Z Syncing repository: DhruvHegde/log-generation
2026-09-23T08:49:35.9620134Z ##[group]Getting Git version info
2026-09-23T08:49:35.9620938Z Working directory is '/home/runner/work/log-generation/log-generation'
2026-09-23T08:49:35.9622335Z [command]/usr/bin/git version
2026-09-23T08:49:35.9727241Z git version 2.55.0
2026-09-23T08:49:35.9744300Z ##[endgroup]
2026-09-23T08:49:35.9757464Z Temporarily overriding HOME='/home/runner/work/_temp/3681f5e0-be21-4c56-8816-85215fa4e025' before making global git config changes
2026-09-23T08:49:35.9759184Z Adding repository directory to the temporary git global config as a safe directory
2026-09-23T08:49:35.9761993Z [command]/usr/bin/git config --global --add safe.directory /home/runner/work/log-generation/log-generation
2026-09-23T08:49:35.9806506Z Deleting the contents of '/home/runner/work/log-generation/log-generation'
2026-09-23T08:49:35.9814353Z ##[group]Initializing the repository
2026-09-23T08:49:35.9820444Z [command]/usr/bin/git init /home/runner/work/log-generation/log-generation
2026-09-23T08:49:35.9913524Z hint: Using 'master' as the name for the initial branch. This default branch name
2026-09-23T08:49:35.9914619Z hint: will change to "main" in Git 3.0. To configure the initial branch name
2026-09-23T08:49:35.9915732Z hint: to use in all of your new repositories, which will suppress this warning,
2026-09-23T08:49:35.9916949Z hint: call:
2026-09-23T08:49:35.9917459Z hint:
2026-09-23T08:49:35.9918076Z hint: 	git config --global init.defaultBranch <name>
2026-09-23T08:49:35.9918836Z hint:
2026-09-23T08:49:35.9919593Z hint: Names commonly chosen instead of 'master' are 'main', 'trunk' and
2026-09-23T08:49:35.9920715Z hint: 'development'. The just-created branch can be renamed via this command:
2026-09-23T08:49:35.9921800Z hint:
2026-09-23T08:49:35.9922347Z hint: 	git branch -m <name>
2026-09-23T08:49:35.9922928Z hint:
2026-09-23T08:49:35.9923687Z hint: Disable this message with "git config set advice.defaultBranchName false"
2026-09-23T08:49:35.9925037Z Initialized empty Git repository in /home/runner/work/log-generation/log-generation/.git/
2026-09-23T08:49:35.9928379Z [command]/usr/bin/git remote add origin https://github.com/DhruvHegde/log-generation
2026-09-23T08:49:35.9972157Z ##[endgroup]
2026-09-23T08:49:35.9972820Z ##[group]Disabling automatic garbage collection
2026-09-23T08:49:35.9975994Z [command]/usr/bin/git config --local gc.auto 0
2026-09-23T08:49:36.0002937Z ##[endgroup]
2026-09-23T08:49:36.0003589Z ##[group]Setting up auth
2026-09-23T08:49:36.0008786Z [command]/usr/bin/git config --local --name-only --get-regexp core\.sshCommand
2026-09-23T08:49:36.0039619Z [command]/usr/bin/git submodule foreach --recursive sh -c "git config --local --name-only --get-regexp 'core\.sshCommand' && git config --local --unset-all 'core.sshCommand' || :"
2026-09-23T08:49:36.0364002Z [command]/usr/bin/git config --local --name-only --get-regexp http\.https\:\/\/github\.com\/\.extraheader
2026-09-23T08:49:36.0393710Z [command]/usr/bin/git submodule foreach --recursive sh -c "git config --local --name-only --get-regexp 'http\.https\:\/\/github\.com\/\.extraheader' && git config --local --unset-all 'http.https://github.com/.extraheader' || :"
2026-09-23T08:49:36.0589226Z [command]/usr/bin/git config --local --name-only --get-regexp ^includeIf\.gitdir:
2026-09-23T08:49:36.0619021Z [command]/usr/bin/git submodule foreach --recursive git config --local --show-origin --name-only --get-regexp remote.origin.url
2026-09-23T08:49:36.0809186Z [command]/usr/bin/git config --local http.https://github.com/.extraheader AUTHORIZATION: basic ***
2026-09-23T08:49:36.0843595Z ##[endgroup]
2026-09-23T08:49:36.0844240Z ##[group]Fetching the repository
2026-09-23T08:49:36.0850497Z [command]/usr/bin/git -c protocol.version=2 fetch --no-tags --prune --no-recurse-submodules --depth=1 origin +43f20917de93b9aad51cf79a69ad5239c5632917:refs/remotes/origin/feature/f3-test-failures
2026-09-23T08:49:36.9513546Z From https://github.com/DhruvHegde/log-generation
2026-09-23T08:49:36.9531651Z  * [new ref]         43f20917de93b9aad51cf79a69ad5239c5632917 -> origin/feature/f3-test-failures
2026-09-23T08:49:36.9535008Z ##[endgroup]
2026-09-23T08:49:36.9536339Z ##[group]Determining the checkout info
2026-09-23T08:49:36.9537758Z ##[endgroup]
2026-09-23T08:49:36.9538595Z [command]/usr/bin/git sparse-checkout disable
2026-09-23T08:49:36.9577042Z [command]/usr/bin/git config --local --unset-all extensions.worktreeConfig
2026-09-23T08:49:36.9606411Z ##[group]Checking out the ref
2026-09-23T08:49:36.9609882Z [command]/usr/bin/git checkout --progress --force -B feature/f3-test-failures refs/remotes/origin/feature/f3-test-failures
2026-09-23T08:49:36.9926957Z Switched to a new branch 'feature/f3-test-failures'
2026-09-23T08:49:36.9932032Z branch 'feature/f3-test-failures' set up to track 'origin/feature/f3-test-failures'.
2026-09-23T08:49:36.9939138Z ##[endgroup]
2026-09-23T08:49:36.9974842Z [command]/usr/bin/git log -1 --format=%H
2026-09-23T08:49:36.9997081Z 43f20917de93b9aad51cf79a69ad5239c5632917
2026-09-23T08:49:37.1210848Z Node 20 is being deprecated. This workflow is running with Node 24 by default. If you need to temporarily use Node 20, you can set the ACTIONS_ALLOW_USE_UNSECURE_NODE_VERSION=true environment variable. For more information see: https://github.blog/changelog/2025-09-19-deprecation-of-node-20-on-github-actions-runners/
2026-09-23T08:49:37.1215244Z ##[group]Run actions/setup-python@v5
2026-09-23T08:49:37.1216160Z with:
2026-09-23T08:49:37.1216854Z   python-version: 3.11
2026-09-23T08:49:37.1217749Z   check-latest: false
2026-09-23T08:49:37.1225106Z   token: ***
2026-09-23T08:49:37.1225855Z   update-environment: true
2026-09-23T08:49:37.1226719Z   allow-prereleases: false
2026-09-23T08:49:37.1227556Z   freethreaded: false
2026-09-23T08:49:37.1228313Z ##[endgroup]
2026-09-23T08:49:37.2261595Z ##[group]Installed versions
2026-09-23T08:49:37.2786399Z (node:2043) [DEP0040] DeprecationWarning: The `punycode` module is deprecated. Please use a userland alternative instead.
2026-09-23T08:49:37.2787599Z (Use `node --trace-deprecation ...` to show where the warning was created)
2026-09-23T08:49:37.2801990Z Successfully set up CPython (3.11.16)
2026-09-23T08:49:37.2821530Z ##[endgroup]
2026-09-23T08:49:37.2931141Z ##[group]Run pip install --no-cache-dir pytest
2026-09-23T08:49:37.2992381Z [36;1mpip install --no-cache-dir pytest[0m
2026-09-23T08:49:37.3283360Z shell: /usr/bin/bash -e {0}
2026-09-23T08:49:37.3283662Z env:
2026-09-23T08:49:37.3283943Z   pythonLocation: /opt/hostedtoolcache/Python/3.11.16/x64
2026-09-23T08:49:37.3284351Z   PKG_CONFIG_PATH: /opt/hostedtoolcache/Python/3.11.16/x64/lib/pkgconfig
2026-09-23T08:49:37.3284738Z   Python_ROOT_DIR: /opt/hostedtoolcache/Python/3.11.16/x64
2026-09-23T08:49:37.3285078Z   Python2_ROOT_DIR: /opt/hostedtoolcache/Python/3.11.16/x64
2026-09-23T08:49:37.3285417Z   Python3_ROOT_DIR: /opt/hostedtoolcache/Python/3.11.16/x64
2026-09-23T08:49:37.3285782Z   LD_LIBRARY_PATH: /opt/hostedtoolcache/Python/3.11.16/x64/lib
2026-09-23T08:49:37.3286073Z ##[endgroup]
2026-09-23T08:49:40.2213657Z Collecting pytest
2026-09-23T08:49:40.2793266Z   Downloading pytest-9.1.1-py3-none-any.whl.metadata (7.6 kB)
2026-09-23T08:49:40.2860432Z Collecting iniconfig>=1.0.1 (from pytest)
2026-09-23T08:49:40.2958648Z   Downloading iniconfig-2.3.0-py3-none-any.whl.metadata (2.5 kB)
2026-09-23T08:49:40.3034826Z Collecting packaging>=22 (from pytest)
2026-09-23T08:49:40.3133025Z   Downloading packaging-26.3-py3-none-any.whl.metadata (3.5 kB)
2026-09-23T08:49:40.3194407Z Collecting pluggy<2,>=1.5 (from pytest)
2026-09-23T08:49:40.3292330Z   Downloading pluggy-1.6.0-py3-none-any.whl.metadata (4.8 kB)
2026-09-23T08:49:40.3395820Z Collecting pygments>=2.7.2 (from pytest)
2026-09-23T08:49:40.3493919Z   Downloading pygments-2.21.0-py3-none-any.whl.metadata (2.5 kB)
2026-09-23T08:49:40.3615003Z Downloading pytest-9.1.1-py3-none-any.whl (386 kB)
2026-09-23T08:49:40.4048854Z Downloading pluggy-1.6.0-py3-none-any.whl (20 kB)
2026-09-23T08:49:40.4147403Z Downloading iniconfig-2.3.0-py3-none-any.whl (7.5 kB)
2026-09-23T08:49:40.4247084Z Downloading packaging-26.3-py3-none-any.whl (129 kB)
2026-09-23T08:49:40.4363254Z Downloading pygments-2.21.0-py3-none-any.whl (1.3 MB)
2026-09-23T08:49:40.4643270Z    ââââââââââââââââââââââââââââââââââââââââ 1.3/1.3 MB 52.5 MB/s  0:00:00
2026-09-23T08:49:40.7179925Z Installing collected packages: pygments, pluggy, packaging, iniconfig, pytest
2026-09-23T08:49:41.4635248Z 
2026-09-23T08:49:41.4643657Z Successfully installed iniconfig-2.3.0 packaging-26.3 pluggy-1.6.0 pygments-2.21.0 pytest-9.1.1
2026-09-23T08:49:41.5090431Z ##[group]Run python automation/inject_mutation.py --error-type "KeyError"
2026-09-23T08:49:41.5091057Z [36;1mpython automation/inject_mutation.py --error-type "KeyError"[0m
2026-09-23T08:49:41.5149703Z shell: /usr/bin/bash -e {0}
2026-09-23T08:49:41.5149934Z env:
2026-09-23T08:49:41.5150178Z   pythonLocation: /opt/hostedtoolcache/Python/3.11.16/x64
2026-09-23T08:49:41.5150737Z   PKG_CONFIG_PATH: /opt/hostedtoolcache/Python/3.11.16/x64/lib/pkgconfig
2026-09-23T08:49:41.5151188Z   Python_ROOT_DIR: /opt/hostedtoolcache/Python/3.11.16/x64
2026-09-23T08:49:41.5151491Z   Python2_ROOT_DIR: /opt/hostedtoolcache/Python/3.11.16/x64
2026-09-23T08:49:41.5151800Z   Python3_ROOT_DIR: /opt/hostedtoolcache/Python/3.11.16/x64
2026-09-23T08:49:41.5152096Z   LD_LIBRARY_PATH: /opt/hostedtoolcache/Python/3.11.16/x64/lib
2026-09-23T08:49:41.5152385Z ##[endgroup]
2026-09-23T08:49:41.5422899Z [Mutation Injected] Successfully injected KeyError into tests/test_app.py
2026-09-23T08:49:41.5479762Z ##[group]Run pytest tests/test_app.py -v
2026-09-23T08:49:41.5480048Z [36;1mpytest tests/test_app.py -v[0m
2026-09-23T08:49:41.5534042Z shell: /usr/bin/bash -e {0}
2026-09-23T08:49:41.5534255Z env:
2026-09-23T08:49:41.5534485Z   pythonLocation: /opt/hostedtoolcache/Python/3.11.16/x64
2026-09-23T08:49:41.5534830Z   PKG_CONFIG_PATH: /opt/hostedtoolcache/Python/3.11.16/x64/lib/pkgconfig
2026-09-23T08:49:41.5535172Z   Python_ROOT_DIR: /opt/hostedtoolcache/Python/3.11.16/x64
2026-09-23T08:49:41.5535474Z   Python2_ROOT_DIR: /opt/hostedtoolcache/Python/3.11.16/x64
2026-09-23T08:49:41.5535767Z   Python3_ROOT_DIR: /opt/hostedtoolcache/Python/3.11.16/x64
2026-09-23T08:49:41.5536066Z   LD_LIBRARY_PATH: /opt/hostedtoolcache/Python/3.11.16/x64/lib
2026-09-23T08:49:41.5536332Z ##[endgroup]
2026-09-23T08:49:41.8835891Z ============================= test session starts ==============================
2026-09-23T08:49:41.8836665Z platform linux -- Python 3.11.16, pytest-9.1.1, pluggy-1.6.0 -- /opt/hostedtoolcache/Python/3.11.16/x64/bin/python
2026-09-23T08:49:41.8837276Z cachedir: .pytest_cache
2026-09-23T08:49:41.8837635Z rootdir: /home/runner/work/log-generation/log-generation
2026-09-23T08:49:41.8838050Z configfile: pytest.ini
2026-09-23T08:49:41.8898676Z collecting ... collected 6 items
2026-09-23T08:49:41.8899031Z 
2026-09-23T08:49:41.8912439Z tests/test_app.py::test_calculate_division PASSED                        [ 16%]
2026-09-23T08:49:41.8913133Z tests/test_app.py::test_convert_to_int PASSED                            [ 33%]
2026-09-23T08:49:41.8914451Z tests/test_app.py::test_get_list_item PASSED                             [ 50%]
2026-09-23T08:49:41.8919128Z tests/test_app.py::test_get_dict_value PASSED                            [ 66%]
2026-09-23T08:49:41.8923671Z tests/test_app.py::test_assert_positive PASSED                           [ 83%]
2026-09-23T08:49:41.9148278Z tests/test_app.py::test_key_error FAILED                                 [100%]
2026-09-23T08:49:41.9148786Z 
2026-09-23T08:49:41.9148995Z =================================== FAILURES ===================================
2026-09-23T08:49:41.9149345Z ________________________________ test_key_error ________________________________
2026-09-23T08:49:41.9149551Z 
2026-09-23T08:49:41.9149633Z     def test_key_error():
2026-09-23T08:49:41.9149839Z         """Injected synthetic KeyError."""
2026-09-23T08:49:41.9150091Z         from src.app import get_dict_value
2026-09-23T08:49:41.9150341Z         config = {"env": "staging", "retries": 3}
2026-09-23T08:49:41.9150618Z >       get_dict_value(config, "missing_auth_token")
2026-09-23T08:49:41.9151030Z 
2026-09-23T08:49:41.9151149Z tests/test_app.py:140: 
2026-09-23T08:49:41.9151386Z _ _ _ _ _ _ _ _ _ _ _ _ _ _ _ _ _ _ _ _ _ _ _ _ _ _ _ _ _ _ _ _ _ _ _ _ _ _ _ _ 
2026-09-23T08:49:41.9151598Z 
2026-09-23T08:49:41.9151729Z d = {'env': 'staging', 'retries': 3}, key = 'missing_auth_token'
2026-09-23T08:49:41.9151920Z 
2026-09-23T08:49:41.9151998Z     def get_dict_value(d, key):
2026-09-23T08:49:41.9152197Z >       return d[key]
2026-09-23T08:49:41.9152363Z                ^^^^^^
2026-09-23T08:49:41.9152547Z E       KeyError: 'missing_auth_token'
2026-09-23T08:49:41.9152693Z 
2026-09-23T08:49:41.9152773Z src/app.py:11: KeyError
2026-09-23T08:49:41.9153012Z =========================== short test summary info ============================
2026-09-23T08:49:41.9153614Z FAILED tests/test_app.py::test_key_error - KeyError: 'missing_auth_token'
2026-09-23T08:49:41.9153960Z ========================= 1 failed, 5 passed in 0.02s ==========================
2026-09-23T08:49:41.9311090Z ##[error]Process completed with exit code 1.
2026-09-23T08:49:41.9425700Z Node 20 is being deprecated. This workflow is running with Node 24 by default. If you need to temporarily use Node 20, you can set the ACTIONS_ALLOW_USE_UNSECURE_NODE_VERSION=true environment variable. For more information see: https://github.blog/changelog/2025-09-19-deprecation-of-node-20-on-github-actions-runners/
2026-09-23T08:49:41.9426642Z Post job cleanup.
2026-09-23T08:49:42.0095624Z [command]/usr/bin/git version
2026-09-23T08:49:42.0129034Z git version 2.55.0
2026-09-23T08:49:42.0157391Z Temporarily overriding HOME='/home/runner/work/_temp/5f3abb4e-eafd-40f4-b759-b4cb7123681b' before making global git config changes
2026-09-23T08:49:42.0158488Z Adding repository directory to the temporary git global config as a safe directory
2026-09-23T08:49:42.0161079Z [command]/usr/bin/git config --global --add safe.directory /home/runner/work/log-generation/log-generation
2026-09-23T08:49:42.0192593Z [command]/usr/bin/git config --local --name-only --get-regexp core\.sshCommand
2026-09-23T08:49:42.0219973Z [command]/usr/bin/git submodule foreach --recursive sh -c "git config --local --name-only --get-regexp 'core\.sshCommand' && git config --local --unset-all 'core.sshCommand' || :"
2026-09-23T08:49:42.0423392Z [command]/usr/bin/git config --local --name-only --get-regexp http\.https\:\/\/github\.com\/\.extraheader
2026-09-23T08:49:42.0444942Z http.https://github.com/.extraheader
2026-09-23T08:49:42.0453593Z [command]/usr/bin/git config --local --unset-all http.https://github.com/.extraheader
2026-09-23T08:49:42.0492201Z [command]/usr/bin/git submodule foreach --recursive sh -c "git config --local --name-only --get-regexp 'http\.https\:\/\/github\.com\/\.extraheader' && git config --local --unset-all 'http.https://github.com/.extraheader' || :"
2026-09-23T08:49:42.0705562Z [command]/usr/bin/git config --local --name-only --get-regexp ^includeIf\.gitdir:
2026-09-23T08:49:42.0738190Z [command]/usr/bin/git submodule foreach --recursive git config --local --show-origin --name-only --get-regexp remote.origin.url
2026-09-23T08:49:42.1062075Z Cleaning up orphan processes
2026-09-23T08:49:42.1305984Z ##[warning]Node.js 20 is deprecated. The following actions target Node.js 20 but are being forced to run on Node.js 24: actions/checkout@v4, actions/setup-python@v5. For more information see: https://github.blog/changelog/2025-09-19-deprecation-of-node-20-on-github-actions-runners/
