ï»¿2026-09-23T08:44:33.5174747Z Current runner version: '2.337.0'
2026-09-23T08:44:33.5209808Z ##[group]Runner Image Provisioner
2026-09-23T08:44:33.5211386Z Hosted Compute Agent
2026-09-23T08:44:33.5212350Z Version: 20260828.587
2026-09-23T08:44:33.5213681Z Commit: abac92662cab4cc7352de4f9f9d2e2419aad9c29
2026-09-23T08:44:33.5215011Z Build Date: 2026-08-28T16:44:25Z
2026-09-23T08:44:33.5216152Z Worker ID: {4cd78f12-48f2-443d-976a-421e86458346}
2026-09-23T08:44:33.5218083Z Azure Region: eastus
2026-09-23T08:44:33.5219057Z ##[endgroup]
2026-09-23T08:44:33.5221923Z ##[group]Operating System
2026-09-23T08:44:33.5223312Z Ubuntu
2026-09-23T08:44:33.5224182Z 24.04.5
2026-09-23T08:44:33.5225224Z LTS
2026-09-23T08:44:33.5226030Z ##[endgroup]
2026-09-23T08:44:33.5227078Z ##[group]Runner Image
2026-09-23T08:44:33.5228126Z Image: ubuntu-24.04
2026-09-23T08:44:33.5229011Z Version: 20260907.300.1
2026-09-23T08:44:33.5231286Z Included Software: https://github.com/actions/runner-images/blob/ubuntu24/20260907.300/images/ubuntu/Ubuntu2404-Readme.md
2026-09-23T08:44:33.5234388Z Image Release: https://github.com/actions/runner-images/releases/tag/ubuntu24%2F20260907.300
2026-09-23T08:44:33.5236064Z ##[endgroup]
2026-09-23T08:44:33.5238257Z ##[group]GITHUB_TOKEN Permissions
2026-09-23T08:44:33.5241174Z Contents: read
2026-09-23T08:44:33.5242329Z Metadata: read
2026-09-23T08:44:33.5243532Z Packages: read
2026-09-23T08:44:33.5244458Z ##[endgroup]
2026-09-23T08:44:33.5247629Z Secret source: Actions
2026-09-23T08:44:33.5249084Z Cache mode: write
2026-09-23T08:44:33.5250857Z Prepare workflow directory
2026-09-23T08:44:33.5730456Z Prepare all required actions
2026-09-23T08:44:33.5801859Z Getting action download info
2026-09-23T08:44:33.7763489Z Download action repository 'actions/checkout@v4' (SHA:11d5960a326750d5838078e36cf38b85af677262)
2026-09-23T08:44:33.9028313Z Download action repository 'actions/setup-python@v5' (SHA:a26af69be951a213d495a4c3e4e4022e16d87065)
2026-09-23T08:44:34.0851203Z Complete job name: test-f3 (AssertionError #73)
2026-09-23T08:44:34.1621088Z Node 20 is being deprecated. This workflow is running with Node 24 by default. If you need to temporarily use Node 20, you can set the ACTIONS_ALLOW_USE_UNSECURE_NODE_VERSION=true environment variable. For more information see: https://github.blog/changelog/2025-09-19-deprecation-of-node-20-on-github-actions-runners/
2026-09-23T08:44:34.1629947Z ##[group]Run actions/checkout@v4
2026-09-23T08:44:34.1630693Z with:
2026-09-23T08:44:34.1631138Z   fetch-depth: 1
2026-09-23T08:44:34.1631636Z   repository: DhruvHegde/log-generation
2026-09-23T08:44:34.1635957Z   token: ***
2026-09-23T08:44:34.1636414Z   ssh-strict: true
2026-09-23T08:44:34.1636872Z   ssh-user: git
2026-09-23T08:44:34.1637332Z   persist-credentials: true
2026-09-23T08:44:34.1637876Z   clean: true
2026-09-23T08:44:34.1638331Z   sparse-checkout-cone-mode: true
2026-09-23T08:44:34.1638855Z   fetch-tags: false
2026-09-23T08:44:34.1639313Z   show-progress: true
2026-09-23T08:44:34.1639783Z   lfs: false
2026-09-23T08:44:34.1640252Z   submodules: false
2026-09-23T08:44:34.1640730Z   set-safe-directory: true
2026-09-23T08:44:34.1641252Z   allow-unsafe-pr-checkout: false
2026-09-23T08:44:34.1642137Z ##[endgroup]
2026-09-23T08:44:34.2688672Z Syncing repository: DhruvHegde/log-generation
2026-09-23T08:44:34.2691378Z ##[group]Getting Git version info
2026-09-23T08:44:34.2693010Z Working directory is '/home/runner/work/log-generation/log-generation'
2026-09-23T08:44:34.2694881Z [command]/usr/bin/git version
2026-09-23T08:44:34.2762745Z git version 2.55.0
2026-09-23T08:44:34.2785378Z ##[endgroup]
2026-09-23T08:44:34.2805778Z Temporarily overriding HOME='/home/runner/work/_temp/525eaed4-b906-4f26-9dec-26d4bb28f671' before making global git config changes
2026-09-23T08:44:34.2810794Z Adding repository directory to the temporary git global config as a safe directory
2026-09-23T08:44:34.2813859Z [command]/usr/bin/git config --global --add safe.directory /home/runner/work/log-generation/log-generation
2026-09-23T08:44:34.2872078Z Deleting the contents of '/home/runner/work/log-generation/log-generation'
2026-09-23T08:44:34.2876503Z ##[group]Initializing the repository
2026-09-23T08:44:34.2882081Z [command]/usr/bin/git init /home/runner/work/log-generation/log-generation
2026-09-23T08:44:34.3052503Z hint: Using 'master' as the name for the initial branch. This default branch name
2026-09-23T08:44:34.3054637Z hint: will change to "main" in Git 3.0. To configure the initial branch name
2026-09-23T08:44:34.3056279Z hint: to use in all of your new repositories, which will suppress this warning,
2026-09-23T08:44:34.3057616Z hint: call:
2026-09-23T08:44:34.3058207Z hint:
2026-09-23T08:44:34.3059101Z hint: 	git config --global init.defaultBranch <name>
2026-09-23T08:44:34.3059838Z hint:
2026-09-23T08:44:34.3060849Z hint: Names commonly chosen instead of 'master' are 'main', 'trunk' and
2026-09-23T08:44:34.3062192Z hint: 'development'. The just-created branch can be renamed via this command:
2026-09-23T08:44:34.3063627Z hint:
2026-09-23T08:44:34.3064413Z hint: 	git branch -m <name>
2026-09-23T08:44:34.3065079Z hint:
2026-09-23T08:44:34.3065763Z hint: Disable this message with "git config set advice.defaultBranchName false"
2026-09-23T08:44:34.3066915Z Initialized empty Git repository in /home/runner/work/log-generation/log-generation/.git/
2026-09-23T08:44:34.3069622Z [command]/usr/bin/git remote add origin https://github.com/DhruvHegde/log-generation
2026-09-23T08:44:34.3120392Z ##[endgroup]
2026-09-23T08:44:34.3121578Z ##[group]Disabling automatic garbage collection
2026-09-23T08:44:34.3124445Z [command]/usr/bin/git config --local gc.auto 0
2026-09-23T08:44:34.3157148Z ##[endgroup]
2026-09-23T08:44:34.3158309Z ##[group]Setting up auth
2026-09-23T08:44:34.3165622Z [command]/usr/bin/git config --local --name-only --get-regexp core\.sshCommand
2026-09-23T08:44:34.3198400Z [command]/usr/bin/git submodule foreach --recursive sh -c "git config --local --name-only --get-regexp 'core\.sshCommand' && git config --local --unset-all 'core.sshCommand' || :"
2026-09-23T08:44:34.3602096Z [command]/usr/bin/git config --local --name-only --get-regexp http\.https\:\/\/github\.com\/\.extraheader
2026-09-23T08:44:34.3672673Z [command]/usr/bin/git submodule foreach --recursive sh -c "git config --local --name-only --get-regexp 'http\.https\:\/\/github\.com\/\.extraheader' && git config --local --unset-all 'http.https://github.com/.extraheader' || :"
2026-09-23T08:44:34.3905542Z [command]/usr/bin/git config --local --name-only --get-regexp ^includeIf\.gitdir:
2026-09-23T08:44:34.3944708Z [command]/usr/bin/git submodule foreach --recursive git config --local --show-origin --name-only --get-regexp remote.origin.url
2026-09-23T08:44:34.4170010Z [command]/usr/bin/git config --local http.https://github.com/.extraheader AUTHORIZATION: basic ***
2026-09-23T08:44:34.4211981Z ##[endgroup]
2026-09-23T08:44:34.4213425Z ##[group]Fetching the repository
2026-09-23T08:44:34.4223108Z [command]/usr/bin/git -c protocol.version=2 fetch --no-tags --prune --no-recurse-submodules --depth=1 origin +dfcb6f158e4bd8054252a4da5d0a9edc2ab15d57:refs/remotes/origin/feature/f3-test-failures
2026-09-23T08:44:34.6527492Z From https://github.com/DhruvHegde/log-generation
2026-09-23T08:44:34.6531116Z  * [new ref]         dfcb6f158e4bd8054252a4da5d0a9edc2ab15d57 -> origin/feature/f3-test-failures
2026-09-23T08:44:34.6534427Z ##[endgroup]
2026-09-23T08:44:34.6535497Z ##[group]Determining the checkout info
2026-09-23T08:44:34.6537165Z ##[endgroup]
2026-09-23T08:44:34.6543144Z [command]/usr/bin/git sparse-checkout disable
2026-09-23T08:44:34.6596257Z [command]/usr/bin/git config --local --unset-all extensions.worktreeConfig
2026-09-23T08:44:34.6629699Z ##[group]Checking out the ref
2026-09-23T08:44:34.6635253Z [command]/usr/bin/git checkout --progress --force -B feature/f3-test-failures refs/remotes/origin/feature/f3-test-failures
2026-09-23T08:44:34.6716044Z Switched to a new branch 'feature/f3-test-failures'
2026-09-23T08:44:34.6722545Z branch 'feature/f3-test-failures' set up to track 'origin/feature/f3-test-failures'.
2026-09-23T08:44:34.6727878Z ##[endgroup]
2026-09-23T08:44:34.6771620Z [command]/usr/bin/git log -1 --format=%H
2026-09-23T08:44:34.6798228Z dfcb6f158e4bd8054252a4da5d0a9edc2ab15d57
2026-09-23T08:44:34.7080906Z Node 20 is being deprecated. This workflow is running with Node 24 by default. If you need to temporarily use Node 20, you can set the ACTIONS_ALLOW_USE_UNSECURE_NODE_VERSION=true environment variable. For more information see: https://github.blog/changelog/2025-09-19-deprecation-of-node-20-on-github-actions-runners/
2026-09-23T08:44:34.7084346Z ##[group]Run actions/setup-python@v5
2026-09-23T08:44:34.7084968Z with:
2026-09-23T08:44:34.7085435Z   python-version: 3.11
2026-09-23T08:44:34.7085952Z   check-latest: false
2026-09-23T08:44:34.7089842Z   token: ***
2026-09-23T08:44:34.7090335Z   update-environment: true
2026-09-23T08:44:34.7090899Z   allow-prereleases: false
2026-09-23T08:44:34.7091430Z   freethreaded: false
2026-09-23T08:44:34.7091918Z ##[endgroup]
2026-09-23T08:44:34.8414792Z ##[group]Installed versions
2026-09-23T08:44:34.8534842Z (node:2223) [DEP0040] DeprecationWarning: The `punycode` module is deprecated. Please use a userland alternative instead.
2026-09-23T08:44:34.8537557Z (Use `node --trace-deprecation ...` to show where the warning was created)
2026-09-23T08:44:34.8539080Z Successfully set up CPython (3.11.16)
2026-09-23T08:44:34.8540774Z ##[endgroup]
2026-09-23T08:44:34.8681483Z ##[group]Run pip install --no-cache-dir pytest
2026-09-23T08:44:34.8682409Z [36;1mpip install --no-cache-dir pytest[0m
2026-09-23T08:44:34.8738331Z shell: /usr/bin/bash -e {0}
2026-09-23T08:44:34.8738942Z env:
2026-09-23T08:44:34.8739523Z   pythonLocation: /opt/hostedtoolcache/Python/3.11.16/x64
2026-09-23T08:44:34.8740458Z   PKG_CONFIG_PATH: /opt/hostedtoolcache/Python/3.11.16/x64/lib/pkgconfig
2026-09-23T08:44:34.8741386Z   Python_ROOT_DIR: /opt/hostedtoolcache/Python/3.11.16/x64
2026-09-23T08:44:34.8742231Z   Python2_ROOT_DIR: /opt/hostedtoolcache/Python/3.11.16/x64
2026-09-23T08:44:34.8743500Z   Python3_ROOT_DIR: /opt/hostedtoolcache/Python/3.11.16/x64
2026-09-23T08:44:34.8744407Z   LD_LIBRARY_PATH: /opt/hostedtoolcache/Python/3.11.16/x64/lib
2026-09-23T08:44:34.8745135Z ##[endgroup]
2026-09-23T08:44:37.3595327Z Collecting pytest
2026-09-23T08:44:37.4101045Z   Downloading pytest-9.1.1-py3-none-any.whl.metadata (7.6 kB)
2026-09-23T08:44:37.4182623Z Collecting iniconfig>=1.0.1 (from pytest)
2026-09-23T08:44:37.4221640Z   Downloading iniconfig-2.3.0-py3-none-any.whl.metadata (2.5 kB)
2026-09-23T08:44:37.4322866Z Collecting packaging>=22 (from pytest)
2026-09-23T08:44:37.4357865Z   Downloading packaging-26.3-py3-none-any.whl.metadata (3.5 kB)
2026-09-23T08:44:37.4431168Z Collecting pluggy<2,>=1.5 (from pytest)
2026-09-23T08:44:37.4469472Z   Downloading pluggy-1.6.0-py3-none-any.whl.metadata (4.8 kB)
2026-09-23T08:44:37.4598637Z Collecting pygments>=2.7.2 (from pytest)
2026-09-23T08:44:37.4633752Z   Downloading pygments-2.21.0-py3-none-any.whl.metadata (2.5 kB)
2026-09-23T08:44:37.4697219Z Downloading pytest-9.1.1-py3-none-any.whl (386 kB)
2026-09-23T08:44:37.4902356Z Downloading pluggy-1.6.0-py3-none-any.whl (20 kB)
2026-09-23T08:44:37.4935660Z Downloading iniconfig-2.3.0-py3-none-any.whl (7.5 kB)
2026-09-23T08:44:37.4969053Z Downloading packaging-26.3-py3-none-any.whl (129 kB)
2026-09-23T08:44:37.5008508Z Downloading pygments-2.21.0-py3-none-any.whl (1.3 MB)
2026-09-23T08:44:37.5081822Z    ââââââââââââââââââââââââââââââââââââââââ 1.3/1.3 MB 276.5 MB/s  0:00:00
2026-09-23T08:44:37.6596028Z Installing collected packages: pygments, pluggy, packaging, iniconfig, pytest
2026-09-23T08:44:38.6259243Z 
2026-09-23T08:44:38.6270199Z Successfully installed iniconfig-2.3.0 packaging-26.3 pluggy-1.6.0 pygments-2.21.0 pytest-9.1.1
2026-09-23T08:44:38.6763007Z ##[group]Run python automation/inject_mutation.py --error-type "AssertionError"
2026-09-23T08:44:38.6763705Z [36;1mpython automation/inject_mutation.py --error-type "AssertionError"[0m
2026-09-23T08:44:38.6802440Z shell: /usr/bin/bash -e {0}
2026-09-23T08:44:38.6802947Z env:
2026-09-23T08:44:38.6803488Z   pythonLocation: /opt/hostedtoolcache/Python/3.11.16/x64
2026-09-23T08:44:38.6803939Z   PKG_CONFIG_PATH: /opt/hostedtoolcache/Python/3.11.16/x64/lib/pkgconfig
2026-09-23T08:44:38.6804375Z   Python_ROOT_DIR: /opt/hostedtoolcache/Python/3.11.16/x64
2026-09-23T08:44:38.6804757Z   Python2_ROOT_DIR: /opt/hostedtoolcache/Python/3.11.16/x64
2026-09-23T08:44:38.6805156Z   Python3_ROOT_DIR: /opt/hostedtoolcache/Python/3.11.16/x64
2026-09-23T08:44:38.6805547Z   LD_LIBRARY_PATH: /opt/hostedtoolcache/Python/3.11.16/x64/lib
2026-09-23T08:44:38.6805908Z ##[endgroup]
2026-09-23T08:44:38.7104288Z [Mutation Injected] Successfully injected AssertionError into tests/test_app.py
2026-09-23T08:44:38.7172182Z ##[group]Run pytest tests/test_app.py -v
2026-09-23T08:44:38.7172545Z [36;1mpytest tests/test_app.py -v[0m
2026-09-23T08:44:38.7208643Z shell: /usr/bin/bash -e {0}
2026-09-23T08:44:38.7208896Z env:
2026-09-23T08:44:38.7209164Z   pythonLocation: /opt/hostedtoolcache/Python/3.11.16/x64
2026-09-23T08:44:38.7209611Z   PKG_CONFIG_PATH: /opt/hostedtoolcache/Python/3.11.16/x64/lib/pkgconfig
2026-09-23T08:44:38.7210058Z   Python_ROOT_DIR: /opt/hostedtoolcache/Python/3.11.16/x64
2026-09-23T08:44:38.7210441Z   Python2_ROOT_DIR: /opt/hostedtoolcache/Python/3.11.16/x64
2026-09-23T08:44:38.7210819Z   Python3_ROOT_DIR: /opt/hostedtoolcache/Python/3.11.16/x64
2026-09-23T08:44:38.7211208Z   LD_LIBRARY_PATH: /opt/hostedtoolcache/Python/3.11.16/x64/lib
2026-09-23T08:44:38.7211538Z ##[endgroup]
2026-09-23T08:44:39.1152290Z ============================= test session starts ==============================
2026-09-23T08:44:39.1154100Z platform linux -- Python 3.11.16, pytest-9.1.1, pluggy-1.6.0 -- /opt/hostedtoolcache/Python/3.11.16/x64/bin/python
2026-09-23T08:44:39.1155294Z cachedir: .pytest_cache
2026-09-23T08:44:39.1155941Z rootdir: /home/runner/work/log-generation/log-generation
2026-09-23T08:44:39.1156637Z configfile: pytest.ini
2026-09-23T08:44:39.1243346Z collecting ... collected 6 items
2026-09-23T08:44:39.1243851Z 
2026-09-23T08:44:39.1252740Z tests/test_app.py::test_calculate_division PASSED                        [ 16%]
2026-09-23T08:44:39.1260154Z tests/test_app.py::test_convert_to_int PASSED                            [ 33%]
2026-09-23T08:44:39.1267808Z tests/test_app.py::test_get_list_item PASSED                             [ 50%]
2026-09-23T08:44:39.1274830Z tests/test_app.py::test_get_dict_value PASSED                            [ 66%]
2026-09-23T08:44:39.1281424Z tests/test_app.py::test_assert_positive PASSED                           [ 83%]
2026-09-23T08:44:39.1534376Z tests/test_app.py::test_assertion_failure FAILED                         [100%]
2026-09-23T08:44:39.1534939Z 
2026-09-23T08:44:39.1535185Z =================================== FAILURES ===================================
2026-09-23T08:44:39.1535880Z ____________________________ test_assertion_failure ____________________________
2026-09-23T08:44:39.1536339Z 
2026-09-23T08:44:39.1536504Z     def test_assertion_failure():
2026-09-23T08:44:39.1536960Z         """Injected synthetic AssertionError."""
2026-09-23T08:44:39.1537460Z         expected_status = 200
2026-09-23T08:44:39.1537853Z         actual_status = 500
2026-09-23T08:44:39.1538584Z >       assert actual_status == expected_status, f"Expected {expected_status}, received {actual_status}"
2026-09-23T08:44:39.1539434Z E       AssertionError: Expected 200, received 500
2026-09-23T08:44:39.1539921Z E       assert 500 == 200
2026-09-23T08:44:39.1540168Z 
2026-09-23T08:44:39.1540337Z tests/test_app.py:138: AssertionError
2026-09-23T08:44:39.1540894Z =========================== short test summary info ============================
2026-09-23T08:44:39.1541789Z FAILED tests/test_app.py::test_assertion_failure - AssertionError: Expected 200, received 500
2026-09-23T08:44:39.1542549Z assert 500 == 200
2026-09-23T08:44:39.1543218Z ========================= 1 failed, 5 passed in 0.03s ==========================
2026-09-23T08:44:39.1720526Z ##[error]Process completed with exit code 1.
2026-09-23T08:44:39.1868628Z Node 20 is being deprecated. This workflow is running with Node 24 by default. If you need to temporarily use Node 20, you can set the ACTIONS_ALLOW_USE_UNSECURE_NODE_VERSION=true environment variable. For more information see: https://github.blog/changelog/2025-09-19-deprecation-of-node-20-on-github-actions-runners/
2026-09-23T08:44:39.1870056Z Post job cleanup.
2026-09-23T08:44:39.2721251Z [command]/usr/bin/git version
2026-09-23T08:44:39.2766030Z git version 2.55.0
2026-09-23T08:44:39.2809526Z Temporarily overriding HOME='/home/runner/work/_temp/6d7977bc-64f3-41a1-a979-824c9a43710b' before making global git config changes
2026-09-23T08:44:39.2810766Z Adding repository directory to the temporary git global config as a safe directory
2026-09-23T08:44:39.2816113Z [command]/usr/bin/git config --global --add safe.directory /home/runner/work/log-generation/log-generation
2026-09-23T08:44:39.2855578Z [command]/usr/bin/git config --local --name-only --get-regexp core\.sshCommand
2026-09-23T08:44:39.2892248Z [command]/usr/bin/git submodule foreach --recursive sh -c "git config --local --name-only --get-regexp 'core\.sshCommand' && git config --local --unset-all 'core.sshCommand' || :"
2026-09-23T08:44:39.3144735Z [command]/usr/bin/git config --local --name-only --get-regexp http\.https\:\/\/github\.com\/\.extraheader
2026-09-23T08:44:39.3177067Z http.https://github.com/.extraheader
2026-09-23T08:44:39.3189116Z [command]/usr/bin/git config --local --unset-all http.https://github.com/.extraheader
2026-09-23T08:44:39.3224636Z [command]/usr/bin/git submodule foreach --recursive sh -c "git config --local --name-only --get-regexp 'http\.https\:\/\/github\.com\/\.extraheader' && git config --local --unset-all 'http.https://github.com/.extraheader' || :"
2026-09-23T08:44:39.3480646Z [command]/usr/bin/git config --local --name-only --get-regexp ^includeIf\.gitdir:
2026-09-23T08:44:39.3519922Z [command]/usr/bin/git submodule foreach --recursive git config --local --show-origin --name-only --get-regexp remote.origin.url
2026-09-23T08:44:39.3927180Z Cleaning up orphan processes
2026-09-23T08:44:39.4199195Z ##[warning]Node.js 20 is deprecated. The following actions target Node.js 20 but are being forced to run on Node.js 24: actions/checkout@v4, actions/setup-python@v5. For more information see: https://github.blog/changelog/2025-09-19-deprecation-of-node-20-on-github-actions-runners/
