ï»¿2026-09-23T08:49:42.7474909Z Current runner version: '2.337.0'
2026-09-23T08:49:42.7511420Z ##[group]Runner Image Provisioner
2026-09-23T08:49:42.7512817Z Hosted Compute Agent
2026-09-23T08:49:42.7513998Z Version: 20260828.587
2026-09-23T08:49:42.7515185Z Commit: abac92662cab4cc7352de4f9f9d2e2419aad9c29
2026-09-23T08:49:42.7516503Z Build Date: 2026-08-28T16:44:25Z
2026-09-23T08:49:42.7517880Z Worker ID: {84d1e725-b31a-4a87-8e94-8b49637001e7}
2026-09-23T08:49:42.7519465Z Azure Region: eastus
2026-09-23T08:49:42.7520545Z ##[endgroup]
2026-09-23T08:49:42.7523470Z ##[group]Operating System
2026-09-23T08:49:42.7524634Z Ubuntu
2026-09-23T08:49:42.7525520Z 24.04.5
2026-09-23T08:49:42.7526410Z LTS
2026-09-23T08:49:42.7527516Z ##[endgroup]
2026-09-23T08:49:42.7528766Z ##[group]Runner Image
2026-09-23T08:49:42.7529990Z Image: ubuntu-24.04
2026-09-23T08:49:42.7531009Z Version: 20260907.300.1
2026-09-23T08:49:42.7533224Z Included Software: https://github.com/actions/runner-images/blob/ubuntu24/20260907.300/images/ubuntu/Ubuntu2404-Readme.md
2026-09-23T08:49:42.7536287Z Image Release: https://github.com/actions/runner-images/releases/tag/ubuntu24%2F20260907.300
2026-09-23T08:49:42.7538203Z ##[endgroup]
2026-09-23T08:49:42.7540642Z ##[group]GITHUB_TOKEN Permissions
2026-09-23T08:49:42.7544045Z Contents: read
2026-09-23T08:49:42.7545076Z Metadata: read
2026-09-23T08:49:42.7546239Z Packages: read
2026-09-23T08:49:42.7547238Z ##[endgroup]
2026-09-23T08:49:42.7550698Z Secret source: Actions
2026-09-23T08:49:42.7552294Z Cache mode: write
2026-09-23T08:49:42.7553499Z Prepare workflow directory
2026-09-23T08:49:42.8044623Z Prepare all required actions
2026-09-23T08:49:42.8118377Z Getting action download info
2026-09-23T08:49:42.9938936Z Download action repository 'actions/checkout@v4' (SHA:11d5960a326750d5838078e36cf38b85af677262)
2026-09-23T08:49:43.1267204Z Download action repository 'actions/setup-python@v5' (SHA:a26af69be951a213d495a4c3e4e4022e16d87065)
2026-09-23T08:49:43.3075042Z Complete job name: test-f3 (FileNotFoundError #145)
2026-09-23T08:49:43.3838998Z Node 20 is being deprecated. This workflow is running with Node 24 by default. If you need to temporarily use Node 20, you can set the ACTIONS_ALLOW_USE_UNSECURE_NODE_VERSION=true environment variable. For more information see: https://github.blog/changelog/2025-09-19-deprecation-of-node-20-on-github-actions-runners/
2026-09-23T08:49:43.3847369Z ##[group]Run actions/checkout@v4
2026-09-23T08:49:43.3848124Z with:
2026-09-23T08:49:43.3849018Z   fetch-depth: 1
2026-09-23T08:49:43.3849563Z   repository: DhruvHegde/log-generation
2026-09-23T08:49:43.3853516Z   token: ***
2026-09-23T08:49:43.3853952Z   ssh-strict: true
2026-09-23T08:49:43.3854391Z   ssh-user: git
2026-09-23T08:49:43.3854847Z   persist-credentials: true
2026-09-23T08:49:43.3855333Z   clean: true
2026-09-23T08:49:43.3855781Z   sparse-checkout-cone-mode: true
2026-09-23T08:49:43.3856304Z   fetch-tags: false
2026-09-23T08:49:43.3856751Z   show-progress: true
2026-09-23T08:49:43.3857195Z   lfs: false
2026-09-23T08:49:43.3857809Z   submodules: false
2026-09-23T08:49:43.3858609Z   set-safe-directory: true
2026-09-23T08:49:43.3859136Z   allow-unsafe-pr-checkout: false
2026-09-23T08:49:43.3860013Z ##[endgroup]
2026-09-23T08:49:43.4866832Z Syncing repository: DhruvHegde/log-generation
2026-09-23T08:49:43.4869688Z ##[group]Getting Git version info
2026-09-23T08:49:43.4870964Z Working directory is '/home/runner/work/log-generation/log-generation'
2026-09-23T08:49:43.4872761Z [command]/usr/bin/git version
2026-09-23T08:49:43.4936855Z git version 2.55.0
2026-09-23T08:49:43.4959181Z ##[endgroup]
2026-09-23T08:49:43.4982262Z Temporarily overriding HOME='/home/runner/work/_temp/d767086f-88fb-44e2-b913-32a96b7c91f9' before making global git config changes
2026-09-23T08:49:43.4984793Z Adding repository directory to the temporary git global config as a safe directory
2026-09-23T08:49:43.4987440Z [command]/usr/bin/git config --global --add safe.directory /home/runner/work/log-generation/log-generation
2026-09-23T08:49:43.5047603Z Deleting the contents of '/home/runner/work/log-generation/log-generation'
2026-09-23T08:49:43.5065844Z ##[group]Initializing the repository
2026-09-23T08:49:43.5067370Z [command]/usr/bin/git init /home/runner/work/log-generation/log-generation
2026-09-23T08:49:43.5182396Z hint: Using 'master' as the name for the initial branch. This default branch name
2026-09-23T08:49:43.5184212Z hint: will change to "main" in Git 3.0. To configure the initial branch name
2026-09-23T08:49:43.5185826Z hint: to use in all of your new repositories, which will suppress this warning,
2026-09-23T08:49:43.5187073Z hint: call:
2026-09-23T08:49:43.5187705Z hint:
2026-09-23T08:49:43.5188719Z hint: 	git config --global init.defaultBranch <name>
2026-09-23T08:49:43.5189748Z hint:
2026-09-23T08:49:43.5190708Z hint: Names commonly chosen instead of 'master' are 'main', 'trunk' and
2026-09-23T08:49:43.5192215Z hint: 'development'. The just-created branch can be renamed via this command:
2026-09-23T08:49:43.5193438Z hint:
2026-09-23T08:49:43.5194138Z hint: 	git branch -m <name>
2026-09-23T08:49:43.5194998Z hint:
2026-09-23T08:49:43.5196044Z hint: Disable this message with "git config set advice.defaultBranchName false"
2026-09-23T08:49:43.5198043Z Initialized empty Git repository in /home/runner/work/log-generation/log-generation/.git/
2026-09-23T08:49:43.5201146Z [command]/usr/bin/git remote add origin https://github.com/DhruvHegde/log-generation
2026-09-23T08:49:43.5248692Z ##[endgroup]
2026-09-23T08:49:43.5250029Z ##[group]Disabling automatic garbage collection
2026-09-23T08:49:43.5251829Z [command]/usr/bin/git config --local gc.auto 0
2026-09-23T08:49:43.5283993Z ##[endgroup]
2026-09-23T08:49:43.5285243Z ##[group]Setting up auth
2026-09-23T08:49:43.5290942Z [command]/usr/bin/git config --local --name-only --get-regexp core\.sshCommand
2026-09-23T08:49:43.5324399Z [command]/usr/bin/git submodule foreach --recursive sh -c "git config --local --name-only --get-regexp 'core\.sshCommand' && git config --local --unset-all 'core.sshCommand' || :"
2026-09-23T08:49:43.5756201Z [command]/usr/bin/git config --local --name-only --get-regexp http\.https\:\/\/github\.com\/\.extraheader
2026-09-23T08:49:43.5794376Z [command]/usr/bin/git submodule foreach --recursive sh -c "git config --local --name-only --get-regexp 'http\.https\:\/\/github\.com\/\.extraheader' && git config --local --unset-all 'http.https://github.com/.extraheader' || :"
2026-09-23T08:49:43.6020319Z [command]/usr/bin/git config --local --name-only --get-regexp ^includeIf\.gitdir:
2026-09-23T08:49:43.6056189Z [command]/usr/bin/git submodule foreach --recursive git config --local --show-origin --name-only --get-regexp remote.origin.url
2026-09-23T08:49:43.6280802Z [command]/usr/bin/git config --local http.https://github.com/.extraheader AUTHORIZATION: basic ***
2026-09-23T08:49:43.6320526Z ##[endgroup]
2026-09-23T08:49:43.6321952Z ##[group]Fetching the repository
2026-09-23T08:49:43.6330687Z [command]/usr/bin/git -c protocol.version=2 fetch --no-tags --prune --no-recurse-submodules --depth=1 origin +43f20917de93b9aad51cf79a69ad5239c5632917:refs/remotes/origin/feature/f3-test-failures
2026-09-23T08:49:43.8793101Z From https://github.com/DhruvHegde/log-generation
2026-09-23T08:49:43.8795723Z  * [new ref]         43f20917de93b9aad51cf79a69ad5239c5632917 -> origin/feature/f3-test-failures
2026-09-23T08:49:43.8800372Z ##[endgroup]
2026-09-23T08:49:43.8802149Z ##[group]Determining the checkout info
2026-09-23T08:49:43.8804338Z ##[endgroup]
2026-09-23T08:49:43.8809991Z [command]/usr/bin/git sparse-checkout disable
2026-09-23T08:49:43.8863965Z [command]/usr/bin/git config --local --unset-all extensions.worktreeConfig
2026-09-23T08:49:43.8896602Z ##[group]Checking out the ref
2026-09-23T08:49:43.8901702Z [command]/usr/bin/git checkout --progress --force -B feature/f3-test-failures refs/remotes/origin/feature/f3-test-failures
2026-09-23T08:49:43.9293881Z Switched to a new branch 'feature/f3-test-failures'
2026-09-23T08:49:43.9299572Z branch 'feature/f3-test-failures' set up to track 'origin/feature/f3-test-failures'.
2026-09-23T08:49:43.9307585Z ##[endgroup]
2026-09-23T08:49:43.9352687Z [command]/usr/bin/git log -1 --format=%H
2026-09-23T08:49:43.9380517Z 43f20917de93b9aad51cf79a69ad5239c5632917
2026-09-23T08:49:43.9676410Z Node 20 is being deprecated. This workflow is running with Node 24 by default. If you need to temporarily use Node 20, you can set the ACTIONS_ALLOW_USE_UNSECURE_NODE_VERSION=true environment variable. For more information see: https://github.blog/changelog/2025-09-19-deprecation-of-node-20-on-github-actions-runners/
2026-09-23T08:49:43.9679413Z ##[group]Run actions/setup-python@v5
2026-09-23T08:49:43.9680000Z with:
2026-09-23T08:49:43.9680463Z   python-version: 3.11
2026-09-23T08:49:43.9680971Z   check-latest: false
2026-09-23T08:49:43.9685029Z   token: ***
2026-09-23T08:49:43.9685513Z   update-environment: true
2026-09-23T08:49:43.9686060Z   allow-prereleases: false
2026-09-23T08:49:43.9686585Z   freethreaded: false
2026-09-23T08:49:43.9687068Z ##[endgroup]
2026-09-23T08:49:44.1013179Z ##[group]Installed versions
2026-09-23T08:49:44.1123559Z (node:2162) [DEP0040] DeprecationWarning: The `punycode` module is deprecated. Please use a userland alternative instead.
2026-09-23T08:49:44.1126119Z (Use `node --trace-deprecation ...` to show where the warning was created)
2026-09-23T08:49:44.1127598Z Successfully set up CPython (3.11.16)
2026-09-23T08:49:44.1129583Z ##[endgroup]
2026-09-23T08:49:44.1332724Z ##[group]Run pip install --no-cache-dir pytest
2026-09-23T08:49:44.1334447Z [36;1mpip install --no-cache-dir pytest[0m
2026-09-23T08:49:44.1402616Z shell: /usr/bin/bash -e {0}
2026-09-23T08:49:44.1403671Z env:
2026-09-23T08:49:44.1404756Z   pythonLocation: /opt/hostedtoolcache/Python/3.11.16/x64
2026-09-23T08:49:44.1406994Z   PKG_CONFIG_PATH: /opt/hostedtoolcache/Python/3.11.16/x64/lib/pkgconfig
2026-09-23T08:49:44.1409486Z   Python_ROOT_DIR: /opt/hostedtoolcache/Python/3.11.16/x64
2026-09-23T08:49:44.1411428Z   Python2_ROOT_DIR: /opt/hostedtoolcache/Python/3.11.16/x64
2026-09-23T08:49:44.1413465Z   Python3_ROOT_DIR: /opt/hostedtoolcache/Python/3.11.16/x64
2026-09-23T08:49:44.1415549Z   LD_LIBRARY_PATH: /opt/hostedtoolcache/Python/3.11.16/x64/lib
2026-09-23T08:49:44.1507962Z ##[endgroup]
2026-09-23T08:49:44.9827736Z Collecting pytest
2026-09-23T08:49:45.0313981Z   Downloading pytest-9.1.1-py3-none-any.whl.metadata (7.6 kB)
2026-09-23T08:49:45.0397032Z Collecting iniconfig>=1.0.1 (from pytest)
2026-09-23T08:49:45.0437621Z   Downloading iniconfig-2.3.0-py3-none-any.whl.metadata (2.5 kB)
2026-09-23T08:49:45.0540065Z Collecting packaging>=22 (from pytest)
2026-09-23T08:49:45.0580080Z   Downloading packaging-26.3-py3-none-any.whl.metadata (3.5 kB)
2026-09-23T08:49:45.0657676Z Collecting pluggy<2,>=1.5 (from pytest)
2026-09-23T08:49:45.0699157Z   Downloading pluggy-1.6.0-py3-none-any.whl.metadata (4.8 kB)
2026-09-23T08:49:45.0827741Z Collecting pygments>=2.7.2 (from pytest)
2026-09-23T08:49:45.0868940Z   Downloading pygments-2.21.0-py3-none-any.whl.metadata (2.5 kB)
2026-09-23T08:49:45.0934856Z Downloading pytest-9.1.1-py3-none-any.whl (386 kB)
2026-09-23T08:49:45.1146179Z Downloading pluggy-1.6.0-py3-none-any.whl (20 kB)
2026-09-23T08:49:45.1188119Z Downloading iniconfig-2.3.0-py3-none-any.whl (7.5 kB)
2026-09-23T08:49:45.1229469Z Downloading packaging-26.3-py3-none-any.whl (129 kB)
2026-09-23T08:49:45.1286277Z Downloading pygments-2.21.0-py3-none-any.whl (1.3 MB)
2026-09-23T08:49:45.1449005Z    ââââââââââââââââââââââââââââââââââââââââ 1.3/1.3 MB 85.3 MB/s  0:00:00
2026-09-23T08:49:45.2079594Z Installing collected packages: pygments, pluggy, packaging, iniconfig, pytest
2026-09-23T08:49:46.1629677Z 
2026-09-23T08:49:46.1638007Z Successfully installed iniconfig-2.3.0 packaging-26.3 pluggy-1.6.0 pygments-2.21.0 pytest-9.1.1
2026-09-23T08:49:46.2119066Z ##[group]Run python automation/inject_mutation.py --error-type "FileNotFoundError"
2026-09-23T08:49:46.2119749Z [36;1mpython automation/inject_mutation.py --error-type "FileNotFoundError"[0m
2026-09-23T08:49:46.2157717Z shell: /usr/bin/bash -e {0}
2026-09-23T08:49:46.2157977Z env:
2026-09-23T08:49:46.2158653Z   pythonLocation: /opt/hostedtoolcache/Python/3.11.16/x64
2026-09-23T08:49:46.2159103Z   PKG_CONFIG_PATH: /opt/hostedtoolcache/Python/3.11.16/x64/lib/pkgconfig
2026-09-23T08:49:46.2159537Z   Python_ROOT_DIR: /opt/hostedtoolcache/Python/3.11.16/x64
2026-09-23T08:49:46.2159910Z   Python2_ROOT_DIR: /opt/hostedtoolcache/Python/3.11.16/x64
2026-09-23T08:49:46.2160300Z   Python3_ROOT_DIR: /opt/hostedtoolcache/Python/3.11.16/x64
2026-09-23T08:49:46.2160674Z   LD_LIBRARY_PATH: /opt/hostedtoolcache/Python/3.11.16/x64/lib
2026-09-23T08:49:46.2161008Z ##[endgroup]
2026-09-23T08:49:46.2453709Z [Mutation Injected] Successfully injected FileNotFoundError into tests/test_app.py
2026-09-23T08:49:46.2521830Z ##[group]Run pytest tests/test_app.py -v
2026-09-23T08:49:46.2522200Z [36;1mpytest tests/test_app.py -v[0m
2026-09-23T08:49:46.2557157Z shell: /usr/bin/bash -e {0}
2026-09-23T08:49:46.2557414Z env:
2026-09-23T08:49:46.2557685Z   pythonLocation: /opt/hostedtoolcache/Python/3.11.16/x64
2026-09-23T08:49:46.2558145Z   PKG_CONFIG_PATH: /opt/hostedtoolcache/Python/3.11.16/x64/lib/pkgconfig
2026-09-23T08:49:46.2558821Z   Python_ROOT_DIR: /opt/hostedtoolcache/Python/3.11.16/x64
2026-09-23T08:49:46.2559201Z   Python2_ROOT_DIR: /opt/hostedtoolcache/Python/3.11.16/x64
2026-09-23T08:49:46.2559575Z   Python3_ROOT_DIR: /opt/hostedtoolcache/Python/3.11.16/x64
2026-09-23T08:49:46.2559955Z   LD_LIBRARY_PATH: /opt/hostedtoolcache/Python/3.11.16/x64/lib
2026-09-23T08:49:46.2560287Z ##[endgroup]
2026-09-23T08:49:46.6442535Z ============================= test session starts ==============================
2026-09-23T08:49:46.6443925Z platform linux -- Python 3.11.16, pytest-9.1.1, pluggy-1.6.0 -- /opt/hostedtoolcache/Python/3.11.16/x64/bin/python
2026-09-23T08:49:46.6444508Z cachedir: .pytest_cache
2026-09-23T08:49:46.6444827Z rootdir: /home/runner/work/log-generation/log-generation
2026-09-23T08:49:46.6445172Z configfile: pytest.ini
2026-09-23T08:49:46.6530406Z collecting ... collected 6 items
2026-09-23T08:49:46.6530774Z 
2026-09-23T08:49:46.6539200Z tests/test_app.py::test_calculate_division PASSED                        [ 16%]
2026-09-23T08:49:46.6546679Z tests/test_app.py::test_convert_to_int PASSED                            [ 33%]
2026-09-23T08:49:46.6554410Z tests/test_app.py::test_get_list_item PASSED                             [ 50%]
2026-09-23T08:49:46.6561555Z tests/test_app.py::test_get_dict_value PASSED                            [ 66%]
2026-09-23T08:49:46.6568100Z tests/test_app.py::test_assert_positive PASSED                           [ 83%]
2026-09-23T08:49:46.6807056Z tests/test_app.py::test_file_not_found_error FAILED                      [100%]
2026-09-23T08:49:46.6807586Z 
2026-09-23T08:49:46.6807846Z =================================== FAILURES ===================================
2026-09-23T08:49:46.6808290Z __________________________ test_file_not_found_error ___________________________
2026-09-23T08:49:46.6808760Z 
2026-09-23T08:49:46.6808886Z     def test_file_not_found_error():
2026-09-23T08:49:46.6809202Z         """Injected synthetic FileNotFoundError."""
2026-09-23T08:49:46.6809558Z         from src.app import read_config_file
2026-09-23T08:49:46.6809962Z >       read_config_file("fixtures/non_existent_pipeline_config.json")
2026-09-23T08:49:46.6810268Z 
2026-09-23T08:49:46.6810365Z tests/test_app.py:139: 
2026-09-23T08:49:46.6810659Z _ _ _ _ _ _ _ _ _ _ _ _ _ _ _ _ _ _ _ _ _ _ _ _ _ _ _ _ _ _ _ _ _ _ _ _ _ _ _ _ 
2026-09-23T08:49:46.6810929Z 
2026-09-23T08:49:46.6811097Z path = 'fixtures/non_existent_pipeline_config.json'
2026-09-23T08:49:46.6811336Z 
2026-09-23T08:49:46.6811455Z     def read_config_file(path):
2026-09-23T08:49:46.6811725Z >       with open(path, "r") as f:
2026-09-23T08:49:46.6811998Z              ^^^^^^^^^^^^^^^
2026-09-23T08:49:46.6812471Z E       FileNotFoundError: [Errno 2] No such file or directory: 'fixtures/non_existent_pipeline_config.json'
2026-09-23T08:49:46.6812896Z 
2026-09-23T08:49:46.6813000Z src/app.py:17: FileNotFoundError
2026-09-23T08:49:46.6813327Z =========================== short test summary info ============================
2026-09-23T08:49:46.6814375Z FAILED tests/test_app.py::test_file_not_found_error - FileNotFoundError: [Errno 2] No such file or directory: 'fixtures/non_existent_pipeline_config.json'
2026-09-23T08:49:46.6815121Z ========================= 1 failed, 5 passed in 0.03s ==========================
2026-09-23T08:49:46.6991749Z ##[error]Process completed with exit code 1.
2026-09-23T08:49:46.7138886Z Node 20 is being deprecated. This workflow is running with Node 24 by default. If you need to temporarily use Node 20, you can set the ACTIONS_ALLOW_USE_UNSECURE_NODE_VERSION=true environment variable. For more information see: https://github.blog/changelog/2025-09-19-deprecation-of-node-20-on-github-actions-runners/
2026-09-23T08:49:46.7140163Z Post job cleanup.
2026-09-23T08:49:46.7957074Z [command]/usr/bin/git version
2026-09-23T08:49:46.8003029Z git version 2.55.0
2026-09-23T08:49:46.8046565Z Temporarily overriding HOME='/home/runner/work/_temp/b7d0cfde-400b-41ab-8f4c-699eafdb4341' before making global git config changes
2026-09-23T08:49:46.8047780Z Adding repository directory to the temporary git global config as a safe directory
2026-09-23T08:49:46.8052492Z [command]/usr/bin/git config --global --add safe.directory /home/runner/work/log-generation/log-generation
2026-09-23T08:49:46.8092936Z [command]/usr/bin/git config --local --name-only --get-regexp core\.sshCommand
2026-09-23T08:49:46.8130954Z [command]/usr/bin/git submodule foreach --recursive sh -c "git config --local --name-only --get-regexp 'core\.sshCommand' && git config --local --unset-all 'core.sshCommand' || :"
2026-09-23T08:49:46.8389648Z [command]/usr/bin/git config --local --name-only --get-regexp http\.https\:\/\/github\.com\/\.extraheader
2026-09-23T08:49:46.8419912Z http.https://github.com/.extraheader
2026-09-23T08:49:46.8432008Z [command]/usr/bin/git config --local --unset-all http.https://github.com/.extraheader
2026-09-23T08:49:46.8470167Z [command]/usr/bin/git submodule foreach --recursive sh -c "git config --local --name-only --get-regexp 'http\.https\:\/\/github\.com\/\.extraheader' && git config --local --unset-all 'http.https://github.com/.extraheader' || :"
2026-09-23T08:49:46.8766772Z [command]/usr/bin/git config --local --name-only --get-regexp ^includeIf\.gitdir:
2026-09-23T08:49:46.8806319Z [command]/usr/bin/git submodule foreach --recursive git config --local --show-origin --name-only --get-regexp remote.origin.url
2026-09-23T08:49:46.9192590Z Cleaning up orphan processes
2026-09-23T08:49:46.9470570Z ##[warning]Node.js 20 is deprecated. The following actions target Node.js 20 but are being forced to run on Node.js 24: actions/checkout@v4, actions/setup-python@v5. For more information see: https://github.blog/changelog/2025-09-19-deprecation-of-node-20-on-github-actions-runners/
