ï»¿2026-09-23T08:45:42.8444744Z Current runner version: '2.337.0'
2026-09-23T08:45:42.8465528Z ##[group]Runner Image Provisioner
2026-09-23T08:45:42.8466303Z Hosted Compute Agent
2026-09-23T08:45:42.8466783Z Version: 20260828.587
2026-09-23T08:45:42.8467361Z Commit: abac92662cab4cc7352de4f9f9d2e2419aad9c29
2026-09-23T08:45:42.8467964Z Build Date: 2026-08-28T16:44:25Z
2026-09-23T08:45:42.8468675Z Worker ID: {daa79068-eb3d-4e38-905a-98e998ef76cf}
2026-09-23T08:45:42.8469307Z Azure Region: westus3
2026-09-23T08:45:42.8469779Z ##[endgroup]
2026-09-23T08:45:42.8471182Z ##[group]Operating System
2026-09-23T08:45:42.8471718Z Ubuntu
2026-09-23T08:45:42.8472150Z 24.04.5
2026-09-23T08:45:42.8472676Z LTS
2026-09-23T08:45:42.8473103Z ##[endgroup]
2026-09-23T08:45:42.8473836Z ##[group]Runner Image
2026-09-23T08:45:42.8474437Z Image: ubuntu-24.04
2026-09-23T08:45:42.8474904Z Version: 20260920.314.1
2026-09-23T08:45:42.8475947Z Included Software: https://github.com/actions/runner-images/blob/ubuntu24/20260920.314/images/ubuntu/Ubuntu2404-Readme.md
2026-09-23T08:45:42.8477184Z Image Release: https://github.com/actions/runner-images/releases/tag/ubuntu24%2F20260920.314
2026-09-23T08:45:42.8478063Z ##[endgroup]
2026-09-23T08:45:42.8479138Z ##[group]GITHUB_TOKEN Permissions
2026-09-23T08:45:42.8480925Z Contents: read
2026-09-23T08:45:42.8481444Z Metadata: read
2026-09-23T08:45:42.8481965Z Packages: read
2026-09-23T08:45:42.8482425Z ##[endgroup]
2026-09-23T08:45:42.8484043Z Secret source: Actions
2026-09-23T08:45:42.8484932Z Cache mode: write
2026-09-23T08:45:42.8485747Z Prepare workflow directory
2026-09-23T08:45:42.8942222Z Prepare all required actions
2026-09-23T08:45:42.8980094Z Getting action download info
2026-09-23T08:45:43.1804293Z Download action repository 'actions/checkout@v4' (SHA:11d5960a326750d5838078e36cf38b85af677262)
2026-09-23T08:45:43.3223362Z Download action repository 'actions/setup-python@v5' (SHA:a26af69be951a213d495a4c3e4e4022e16d87065)
2026-09-23T08:45:43.5453370Z Complete job name: test-f3 (ValueError #220)
2026-09-23T08:45:43.6042864Z Node 20 is being deprecated. This workflow is running with Node 24 by default. If you need to temporarily use Node 20, you can set the ACTIONS_ALLOW_USE_UNSECURE_NODE_VERSION=true environment variable. For more information see: https://github.blog/changelog/2025-09-19-deprecation-of-node-20-on-github-actions-runners/
2026-09-23T08:45:43.6049806Z ##[group]Run actions/checkout@v4
2026-09-23T08:45:43.6050359Z with:
2026-09-23T08:45:43.6050700Z   fetch-depth: 1
2026-09-23T08:45:43.6051077Z   repository: DhruvHegde/log-generation
2026-09-23T08:45:43.6054017Z   token: ***
2026-09-23T08:45:43.6054359Z   ssh-strict: true
2026-09-23T08:45:43.6054710Z   ssh-user: git
2026-09-23T08:45:43.6055063Z   persist-credentials: true
2026-09-23T08:45:43.6055447Z   clean: true
2026-09-23T08:45:43.6055793Z   sparse-checkout-cone-mode: true
2026-09-23T08:45:43.6056197Z   fetch-tags: false
2026-09-23T08:45:43.6056541Z   show-progress: true
2026-09-23T08:45:43.6056883Z   lfs: false
2026-09-23T08:45:43.6057239Z   submodules: false
2026-09-23T08:45:43.6057598Z   set-safe-directory: true
2026-09-23T08:45:43.6057996Z   allow-unsafe-pr-checkout: false
2026-09-23T08:45:43.6058656Z ##[endgroup]
2026-09-23T08:45:43.6864226Z Syncing repository: DhruvHegde/log-generation
2026-09-23T08:45:43.6865730Z ##[group]Getting Git version info
2026-09-23T08:45:43.6866336Z Working directory is '/home/runner/work/log-generation/log-generation'
2026-09-23T08:45:43.6867175Z [command]/usr/bin/git version
2026-09-23T08:45:43.6932017Z git version 2.55.0
2026-09-23T08:45:43.6949134Z ##[endgroup]
2026-09-23T08:45:43.6963696Z Temporarily overriding HOME='/home/runner/work/_temp/c376066c-27a9-420e-8f00-46d90f8b0d89' before making global git config changes
2026-09-23T08:45:43.6979492Z Adding repository directory to the temporary git global config as a safe directory
2026-09-23T08:45:43.6981216Z [command]/usr/bin/git config --global --add safe.directory /home/runner/work/log-generation/log-generation
2026-09-23T08:45:43.7017502Z Deleting the contents of '/home/runner/work/log-generation/log-generation'
2026-09-23T08:45:43.7024581Z ##[group]Initializing the repository
2026-09-23T08:45:43.7031742Z [command]/usr/bin/git init /home/runner/work/log-generation/log-generation
2026-09-23T08:45:43.7121293Z hint: Using 'master' as the name for the initial branch. This default branch name
2026-09-23T08:45:43.7122736Z hint: will change to "main" in Git 3.0. To configure the initial branch name
2026-09-23T08:45:43.7123965Z hint: to use in all of your new repositories, which will suppress this warning,
2026-09-23T08:45:43.7125250Z hint: call:
2026-09-23T08:45:43.7125807Z hint:
2026-09-23T08:45:43.7126512Z hint: 	git config --global init.defaultBranch <name>
2026-09-23T08:45:43.7127325Z hint:
2026-09-23T08:45:43.7128145Z hint: Names commonly chosen instead of 'master' are 'main', 'trunk' and
2026-09-23T08:45:43.7129493Z hint: 'development'. The just-created branch can be renamed via this command:
2026-09-23T08:45:43.7130463Z hint:
2026-09-23T08:45:43.7131057Z hint: 	git branch -m <name>
2026-09-23T08:45:43.7131698Z hint:
2026-09-23T08:45:43.7132528Z hint: Disable this message with "git config set advice.defaultBranchName false"
2026-09-23T08:45:43.7137824Z Initialized empty Git repository in /home/runner/work/log-generation/log-generation/.git/
2026-09-23T08:45:43.7145518Z [command]/usr/bin/git remote add origin https://github.com/DhruvHegde/log-generation
2026-09-23T08:45:43.7187571Z ##[endgroup]
2026-09-23T08:45:43.7188690Z ##[group]Disabling automatic garbage collection
2026-09-23T08:45:43.7192162Z [command]/usr/bin/git config --local gc.auto 0
2026-09-23T08:45:43.7219404Z ##[endgroup]
2026-09-23T08:45:43.7220440Z ##[group]Setting up auth
2026-09-23T08:45:43.7225808Z [command]/usr/bin/git config --local --name-only --get-regexp core\.sshCommand
2026-09-23T08:45:43.7252740Z [command]/usr/bin/git submodule foreach --recursive sh -c "git config --local --name-only --get-regexp 'core\.sshCommand' && git config --local --unset-all 'core.sshCommand' || :"
2026-09-23T08:45:43.7577491Z [command]/usr/bin/git config --local --name-only --get-regexp http\.https\:\/\/github\.com\/\.extraheader
2026-09-23T08:45:43.7607624Z [command]/usr/bin/git submodule foreach --recursive sh -c "git config --local --name-only --get-regexp 'http\.https\:\/\/github\.com\/\.extraheader' && git config --local --unset-all 'http.https://github.com/.extraheader' || :"
2026-09-23T08:45:43.7797897Z [command]/usr/bin/git config --local --name-only --get-regexp ^includeIf\.gitdir:
2026-09-23T08:45:43.7826739Z [command]/usr/bin/git submodule foreach --recursive git config --local --show-origin --name-only --get-regexp remote.origin.url
2026-09-23T08:45:43.8015736Z [command]/usr/bin/git config --local http.https://github.com/.extraheader AUTHORIZATION: basic ***
2026-09-23T08:45:43.8050100Z ##[endgroup]
2026-09-23T08:45:43.8050842Z ##[group]Fetching the repository
2026-09-23T08:45:43.8057799Z [command]/usr/bin/git -c protocol.version=2 fetch --no-tags --prune --no-recurse-submodules --depth=1 origin +dfcb6f158e4bd8054252a4da5d0a9edc2ab15d57:refs/remotes/origin/feature/f3-test-failures
2026-09-23T08:45:44.3417418Z From https://github.com/DhruvHegde/log-generation
2026-09-23T08:45:44.3418868Z  * [new ref]         dfcb6f158e4bd8054252a4da5d0a9edc2ab15d57 -> origin/feature/f3-test-failures
2026-09-23T08:45:44.3421457Z ##[endgroup]
2026-09-23T08:45:44.3422321Z ##[group]Determining the checkout info
2026-09-23T08:45:44.3423924Z ##[endgroup]
2026-09-23T08:45:44.3429209Z [command]/usr/bin/git sparse-checkout disable
2026-09-23T08:45:44.3476344Z [command]/usr/bin/git config --local --unset-all extensions.worktreeConfig
2026-09-23T08:45:44.3503726Z ##[group]Checking out the ref
2026-09-23T08:45:44.3507504Z [command]/usr/bin/git checkout --progress --force -B feature/f3-test-failures refs/remotes/origin/feature/f3-test-failures
2026-09-23T08:45:44.3575333Z Switched to a new branch 'feature/f3-test-failures'
2026-09-23T08:45:44.3580589Z branch 'feature/f3-test-failures' set up to track 'origin/feature/f3-test-failures'.
2026-09-23T08:45:44.3584775Z ##[endgroup]
2026-09-23T08:45:44.3619774Z [command]/usr/bin/git log -1 --format=%H
2026-09-23T08:45:44.3641538Z dfcb6f158e4bd8054252a4da5d0a9edc2ab15d57
2026-09-23T08:45:44.3867147Z Node 20 is being deprecated. This workflow is running with Node 24 by default. If you need to temporarily use Node 20, you can set the ACTIONS_ALLOW_USE_UNSECURE_NODE_VERSION=true environment variable. For more information see: https://github.blog/changelog/2025-09-19-deprecation-of-node-20-on-github-actions-runners/
2026-09-23T08:45:44.3869304Z ##[group]Run actions/setup-python@v5
2026-09-23T08:45:44.3869718Z with:
2026-09-23T08:45:44.3870042Z   python-version: 3.11
2026-09-23T08:45:44.3870405Z   check-latest: false
2026-09-23T08:45:44.3873248Z   token: ***
2026-09-23T08:45:44.3873585Z   update-environment: true
2026-09-23T08:45:44.3873970Z   allow-prereleases: false
2026-09-23T08:45:44.3874343Z   freethreaded: false
2026-09-23T08:45:44.3874685Z ##[endgroup]
2026-09-23T08:45:44.4998578Z ##[group]Installed versions
2026-09-23T08:45:44.5492508Z (node:2043) [DEP0040] DeprecationWarning: The `punycode` module is deprecated. Please use a userland alternative instead.
2026-09-23T08:45:44.5494499Z (Use `node --trace-deprecation ...` to show where the warning was created)
2026-09-23T08:45:44.5495794Z Successfully set up CPython (3.11.16)
2026-09-23T08:45:44.5497286Z ##[endgroup]
2026-09-23T08:45:44.5687014Z ##[group]Run pip install --no-cache-dir pytest
2026-09-23T08:45:44.5688275Z [36;1mpip install --no-cache-dir pytest[0m
2026-09-23T08:45:44.6363679Z shell: /usr/bin/bash -e {0}
2026-09-23T08:45:44.6364566Z env:
2026-09-23T08:45:44.6425137Z   pythonLocation: /opt/hostedtoolcache/Python/3.11.16/x64
2026-09-23T08:45:44.6426750Z   PKG_CONFIG_PATH: /opt/hostedtoolcache/Python/3.11.16/x64/lib/pkgconfig
2026-09-23T08:45:44.6428179Z   Python_ROOT_DIR: /opt/hostedtoolcache/Python/3.11.16/x64
2026-09-23T08:45:44.6429581Z   Python2_ROOT_DIR: /opt/hostedtoolcache/Python/3.11.16/x64
2026-09-23T08:45:44.6430870Z   Python3_ROOT_DIR: /opt/hostedtoolcache/Python/3.11.16/x64
2026-09-23T08:45:44.6432238Z   LD_LIBRARY_PATH: /opt/hostedtoolcache/Python/3.11.16/x64/lib
2026-09-23T08:45:44.6433380Z ##[endgroup]
2026-09-23T08:45:49.4233714Z Collecting pytest
2026-09-23T08:45:49.4652935Z   Downloading pytest-9.1.1-py3-none-any.whl.metadata (7.6 kB)
2026-09-23T08:45:49.4796044Z Collecting iniconfig>=1.0.1 (from pytest)
2026-09-23T08:45:49.4836785Z   Downloading iniconfig-2.3.0-py3-none-any.whl.metadata (2.5 kB)
2026-09-23T08:45:49.4997772Z Collecting packaging>=22 (from pytest)
2026-09-23T08:45:49.5031594Z   Downloading packaging-26.3-py3-none-any.whl.metadata (3.5 kB)
2026-09-23T08:45:49.5167331Z Collecting pluggy<2,>=1.5 (from pytest)
2026-09-23T08:45:49.5197349Z   Downloading pluggy-1.6.0-py3-none-any.whl.metadata (4.8 kB)
2026-09-23T08:45:49.5382973Z Collecting pygments>=2.7.2 (from pytest)
2026-09-23T08:45:49.5430258Z   Downloading pygments-2.21.0-py3-none-any.whl.metadata (2.5 kB)
2026-09-23T08:45:49.5483618Z Downloading pytest-9.1.1-py3-none-any.whl (386 kB)
2026-09-23T08:45:49.5670057Z Downloading pluggy-1.6.0-py3-none-any.whl (20 kB)
2026-09-23T08:45:49.5698841Z Downloading iniconfig-2.3.0-py3-none-any.whl (7.5 kB)
2026-09-23T08:45:49.5727456Z Downloading packaging-26.3-py3-none-any.whl (129 kB)
2026-09-23T08:45:49.5771862Z Downloading pygments-2.21.0-py3-none-any.whl (1.3 MB)
2026-09-23T08:45:49.5961631Z    ââââââââââââââââââââââââââââââââââââââââ 1.3/1.3 MB 75.7 MB/s  0:00:00
2026-09-23T08:45:49.8376433Z Installing collected packages: pygments, pluggy, packaging, iniconfig, pytest
2026-09-23T08:45:50.7118140Z 
2026-09-23T08:45:50.7127747Z Successfully installed iniconfig-2.3.0 packaging-26.3 pluggy-1.6.0 pygments-2.21.0 pytest-9.1.1
2026-09-23T08:45:50.7599734Z ##[group]Run python automation/inject_mutation.py --error-type "ValueError"
2026-09-23T08:45:50.7600219Z [36;1mpython automation/inject_mutation.py --error-type "ValueError"[0m
2026-09-23T08:45:50.7659444Z shell: /usr/bin/bash -e {0}
2026-09-23T08:45:50.7659657Z env:
2026-09-23T08:45:50.7659898Z   pythonLocation: /opt/hostedtoolcache/Python/3.11.16/x64
2026-09-23T08:45:50.7660439Z   PKG_CONFIG_PATH: /opt/hostedtoolcache/Python/3.11.16/x64/lib/pkgconfig
2026-09-23T08:45:50.7660785Z   Python_ROOT_DIR: /opt/hostedtoolcache/Python/3.11.16/x64
2026-09-23T08:45:50.7661086Z   Python2_ROOT_DIR: /opt/hostedtoolcache/Python/3.11.16/x64
2026-09-23T08:45:50.7661389Z   Python3_ROOT_DIR: /opt/hostedtoolcache/Python/3.11.16/x64
2026-09-23T08:45:50.7661685Z   LD_LIBRARY_PATH: /opt/hostedtoolcache/Python/3.11.16/x64/lib
2026-09-23T08:45:50.7661941Z ##[endgroup]
2026-09-23T08:45:50.7942327Z [Mutation Injected] Successfully injected ValueError into tests/test_app.py
2026-09-23T08:45:50.8001346Z ##[group]Run pytest tests/test_app.py -v
2026-09-23T08:45:50.8001632Z [36;1mpytest tests/test_app.py -v[0m
2026-09-23T08:45:50.8055881Z shell: /usr/bin/bash -e {0}
2026-09-23T08:45:50.8056099Z env:
2026-09-23T08:45:50.8056333Z   pythonLocation: /opt/hostedtoolcache/Python/3.11.16/x64
2026-09-23T08:45:50.8056680Z   PKG_CONFIG_PATH: /opt/hostedtoolcache/Python/3.11.16/x64/lib/pkgconfig
2026-09-23T08:45:50.8057037Z   Python_ROOT_DIR: /opt/hostedtoolcache/Python/3.11.16/x64
2026-09-23T08:45:50.8057335Z   Python2_ROOT_DIR: /opt/hostedtoolcache/Python/3.11.16/x64
2026-09-23T08:45:50.8057629Z   Python3_ROOT_DIR: /opt/hostedtoolcache/Python/3.11.16/x64
2026-09-23T08:45:50.8057928Z   LD_LIBRARY_PATH: /opt/hostedtoolcache/Python/3.11.16/x64/lib
2026-09-23T08:45:50.8058195Z ##[endgroup]
2026-09-23T08:45:51.9289720Z ============================= test session starts ==============================
2026-09-23T08:45:51.9290740Z platform linux -- Python 3.11.16, pytest-9.1.1, pluggy-1.6.0 -- /opt/hostedtoolcache/Python/3.11.16/x64/bin/python
2026-09-23T08:45:51.9357371Z cachedir: .pytest_cache
2026-09-23T08:45:51.9357834Z rootdir: /home/runner/work/log-generation/log-generation
2026-09-23T08:45:51.9358280Z configfile: pytest.ini
2026-09-23T08:45:51.9358741Z collecting ... collected 6 items
2026-09-23T08:45:51.9358977Z 
2026-09-23T08:45:51.9364411Z tests/test_app.py::test_calculate_division PASSED                        [ 16%]
2026-09-23T08:45:51.9369694Z tests/test_app.py::test_convert_to_int PASSED                            [ 33%]
2026-09-23T08:45:51.9374924Z tests/test_app.py::test_get_list_item PASSED                             [ 50%]
2026-09-23T08:45:51.9379921Z tests/test_app.py::test_get_dict_value PASSED                            [ 66%]
2026-09-23T08:45:51.9384705Z tests/test_app.py::test_assert_positive PASSED                           [ 83%]
2026-09-23T08:45:51.9619755Z tests/test_app.py::test_value_error FAILED                               [100%]
2026-09-23T08:45:51.9620236Z 
2026-09-23T08:45:51.9620483Z =================================== FAILURES ===================================
2026-09-23T08:45:51.9621050Z _______________________________ test_value_error _______________________________
2026-09-23T08:45:51.9621462Z 
2026-09-23T08:45:51.9621609Z     def test_value_error():
2026-09-23T08:45:51.9622099Z         """Injected synthetic ValueError."""
2026-09-23T08:45:51.9622563Z         from src.app import convert_to_int
2026-09-23T08:45:51.9623026Z >       convert_to_int("unparseable_alphanumeric_0x99")
2026-09-23T08:45:51.9623360Z 
2026-09-23T08:45:51.9623510Z tests/test_app.py:137: 
2026-09-23T08:45:51.9623912Z _ _ _ _ _ _ _ _ _ _ _ _ _ _ _ _ _ _ _ _ _ _ _ _ _ _ _ _ _ _ _ _ _ _ _ _ _ _ _ _ 
2026-09-23T08:45:51.9624242Z 
2026-09-23T08:45:51.9624409Z val = 'unparseable_alphanumeric_0x99'
2026-09-23T08:45:51.9624668Z 
2026-09-23T08:45:51.9624820Z     def convert_to_int(val):
2026-09-23T08:45:51.9625165Z >       return int(val)
2026-09-23T08:45:51.9625485Z                ^^^^^^^^
2026-09-23T08:45:51.9626011Z E       ValueError: invalid literal for int() with base 10: 'unparseable_alphanumeric_0x99'
2026-09-23T08:45:51.9626486Z 
2026-09-23T08:45:51.9626641Z src/app.py:5: ValueError
2026-09-23T08:45:51.9627070Z =========================== short test summary info ============================
2026-09-23T08:45:51.9627964Z FAILED tests/test_app.py::test_value_error - ValueError: invalid literal for int() with base 10: 'unparseable_alphanumeric_0x99'
2026-09-23T08:45:51.9629283Z ========================= 1 failed, 5 passed in 0.03s ==========================
2026-09-23T08:45:51.9789744Z ##[error]Process completed with exit code 1.
2026-09-23T08:45:51.9898846Z Node 20 is being deprecated. This workflow is running with Node 24 by default. If you need to temporarily use Node 20, you can set the ACTIONS_ALLOW_USE_UNSECURE_NODE_VERSION=true environment variable. For more information see: https://github.blog/changelog/2025-09-19-deprecation-of-node-20-on-github-actions-runners/
2026-09-23T08:45:51.9899800Z Post job cleanup.
2026-09-23T08:45:52.0589973Z [command]/usr/bin/git version
2026-09-23T08:45:52.0626122Z git version 2.55.0
2026-09-23T08:45:52.0654500Z Temporarily overriding HOME='/home/runner/work/_temp/458a92fe-3a7f-4886-85a5-6c414f222854' before making global git config changes
2026-09-23T08:45:52.0655585Z Adding repository directory to the temporary git global config as a safe directory
2026-09-23T08:45:52.0658089Z [command]/usr/bin/git config --global --add safe.directory /home/runner/work/log-generation/log-generation
2026-09-23T08:45:52.0691807Z [command]/usr/bin/git config --local --name-only --get-regexp core\.sshCommand
2026-09-23T08:45:52.0720331Z [command]/usr/bin/git submodule foreach --recursive sh -c "git config --local --name-only --get-regexp 'core\.sshCommand' && git config --local --unset-all 'core.sshCommand' || :"
2026-09-23T08:45:52.0930041Z [command]/usr/bin/git config --local --name-only --get-regexp http\.https\:\/\/github\.com\/\.extraheader
2026-09-23T08:45:52.0955147Z http.https://github.com/.extraheader
2026-09-23T08:45:52.0964357Z [command]/usr/bin/git config --local --unset-all http.https://github.com/.extraheader
2026-09-23T08:45:52.0993784Z [command]/usr/bin/git submodule foreach --recursive sh -c "git config --local --name-only --get-regexp 'http\.https\:\/\/github\.com\/\.extraheader' && git config --local --unset-all 'http.https://github.com/.extraheader' || :"
2026-09-23T08:45:52.1215878Z [command]/usr/bin/git config --local --name-only --get-regexp ^includeIf\.gitdir:
2026-09-23T08:45:52.1249978Z [command]/usr/bin/git submodule foreach --recursive git config --local --show-origin --name-only --get-regexp remote.origin.url
2026-09-23T08:45:52.1583714Z Cleaning up orphan processes
2026-09-23T08:45:52.1810297Z ##[warning]Node.js 20 is deprecated. The following actions target Node.js 20 but are being forced to run on Node.js 24: actions/checkout@v4, actions/setup-python@v5. For more information see: https://github.blog/changelog/2025-09-19-deprecation-of-node-20-on-github-actions-runners/
