ï»¿2026-09-23T08:44:09.7119739Z Current runner version: '2.337.0'
2026-09-23T08:44:09.7144195Z ##[group]Runner Image Provisioner
2026-09-23T08:44:09.7145310Z Hosted Compute Agent
2026-09-23T08:44:09.7145942Z Version: 20260828.587
2026-09-23T08:44:09.7146612Z Commit: abac92662cab4cc7352de4f9f9d2e2419aad9c29
2026-09-23T08:44:09.7147405Z Build Date: 2026-08-28T16:44:25Z
2026-09-23T08:44:09.7148096Z Worker ID: {ba983958-ff72-4caf-bb71-21f7efaa25c3}
2026-09-23T08:44:09.7148792Z Azure Region: eastus
2026-09-23T08:44:09.7149532Z ##[endgroup]
2026-09-23T08:44:09.7151000Z ##[group]Operating System
2026-09-23T08:44:09.7151786Z Ubuntu
2026-09-23T08:44:09.7152316Z 24.04.5
2026-09-23T08:44:09.7153295Z LTS
2026-09-23T08:44:09.7153947Z ##[endgroup]
2026-09-23T08:44:09.7154696Z ##[group]Runner Image
2026-09-23T08:44:09.7155384Z Image: ubuntu-24.04
2026-09-23T08:44:09.7155948Z Version: 20260920.314.1
2026-09-23T08:44:09.7157266Z Included Software: https://github.com/actions/runner-images/blob/ubuntu24/20260920.314/images/ubuntu/Ubuntu2404-Readme.md
2026-09-23T08:44:09.7158823Z Image Release: https://github.com/actions/runner-images/releases/tag/ubuntu24%2F20260920.314
2026-09-23T08:44:09.7159902Z ##[endgroup]
2026-09-23T08:44:09.7161085Z ##[group]GITHUB_TOKEN Permissions
2026-09-23T08:44:09.7163307Z Contents: read
2026-09-23T08:44:09.7163957Z Metadata: read
2026-09-23T08:44:09.7165005Z Packages: read
2026-09-23T08:44:09.7165687Z ##[endgroup]
2026-09-23T08:44:09.7167772Z Secret source: Actions
2026-09-23T08:44:09.7168840Z Cache mode: write
2026-09-23T08:44:09.7169848Z Prepare workflow directory
2026-09-23T08:44:09.7502515Z Prepare all required actions
2026-09-23T08:44:09.7552005Z Getting action download info
2026-09-23T08:44:09.9905727Z Download action repository 'actions/checkout@v4' (SHA:11d5960a326750d5838078e36cf38b85af677262)
2026-09-23T08:44:10.1042472Z Download action repository 'actions/setup-python@v5' (SHA:a26af69be951a213d495a4c3e4e4022e16d87065)
2026-09-23T08:44:10.2874711Z Complete job name: test-f3 (IndexError #72)
2026-09-23T08:44:10.3645252Z Node 20 is being deprecated. This workflow is running with Node 24 by default. If you need to temporarily use Node 20, you can set the ACTIONS_ALLOW_USE_UNSECURE_NODE_VERSION=true environment variable. For more information see: https://github.blog/changelog/2025-09-19-deprecation-of-node-20-on-github-actions-runners/
2026-09-23T08:44:10.3653884Z ##[group]Run actions/checkout@v4
2026-09-23T08:44:10.3654900Z with:
2026-09-23T08:44:10.3655342Z   fetch-depth: 1
2026-09-23T08:44:10.3655824Z   repository: DhruvHegde/log-generation
2026-09-23T08:44:10.3659498Z   token: ***
2026-09-23T08:44:10.3659925Z   ssh-strict: true
2026-09-23T08:44:10.3660363Z   ssh-user: git
2026-09-23T08:44:10.3660812Z   persist-credentials: true
2026-09-23T08:44:10.3661301Z   clean: true
2026-09-23T08:44:10.3661744Z   sparse-checkout-cone-mode: true
2026-09-23T08:44:10.3662260Z   fetch-tags: false
2026-09-23T08:44:10.3662704Z   show-progress: true
2026-09-23T08:44:10.3663148Z   lfs: false
2026-09-23T08:44:10.3663590Z   submodules: false
2026-09-23T08:44:10.3664082Z   set-safe-directory: true
2026-09-23T08:44:10.3664750Z   allow-unsafe-pr-checkout: false
2026-09-23T08:44:10.3665591Z ##[endgroup]
2026-09-23T08:44:10.4666199Z Syncing repository: DhruvHegde/log-generation
2026-09-23T08:44:10.4668519Z ##[group]Getting Git version info
2026-09-23T08:44:10.4669563Z Working directory is '/home/runner/work/log-generation/log-generation'
2026-09-23T08:44:10.4671038Z [command]/usr/bin/git version
2026-09-23T08:44:10.4773503Z git version 2.55.0
2026-09-23T08:44:10.4806172Z ##[endgroup]
2026-09-23T08:44:10.4816184Z Temporarily overriding HOME='/home/runner/work/_temp/ea0546ce-9e5d-41be-9d8b-cce6306a647e' before making global git config changes
2026-09-23T08:44:10.4819180Z Adding repository directory to the temporary git global config as a safe directory
2026-09-23T08:44:10.4823719Z [command]/usr/bin/git config --global --add safe.directory /home/runner/work/log-generation/log-generation
2026-09-23T08:44:10.4880000Z Deleting the contents of '/home/runner/work/log-generation/log-generation'
2026-09-23T08:44:10.4885879Z ##[group]Initializing the repository
2026-09-23T08:44:10.4891069Z [command]/usr/bin/git init /home/runner/work/log-generation/log-generation
2026-09-23T08:44:10.5016436Z hint: Using 'master' as the name for the initial branch. This default branch name
2026-09-23T08:44:10.5018328Z hint: will change to "main" in Git 3.0. To configure the initial branch name
2026-09-23T08:44:10.5019964Z hint: to use in all of your new repositories, which will suppress this warning,
2026-09-23T08:44:10.5021298Z hint: call:
2026-09-23T08:44:10.5021965Z hint:
2026-09-23T08:44:10.5022541Z hint: 	git config --global init.defaultBranch <name>
2026-09-23T08:44:10.5023178Z hint:
2026-09-23T08:44:10.5023772Z hint: Names commonly chosen instead of 'master' are 'main', 'trunk' and
2026-09-23T08:44:10.5025109Z hint: 'development'. The just-created branch can be renamed via this command:
2026-09-23T08:44:10.5025883Z hint:
2026-09-23T08:44:10.5026343Z hint: 	git branch -m <name>
2026-09-23T08:44:10.5026836Z hint:
2026-09-23T08:44:10.5027506Z hint: Disable this message with "git config set advice.defaultBranchName false"
2026-09-23T08:44:10.5028628Z Initialized empty Git repository in /home/runner/work/log-generation/log-generation/.git/
2026-09-23T08:44:10.5037396Z [command]/usr/bin/git remote add origin https://github.com/DhruvHegde/log-generation
2026-09-23T08:44:10.5088614Z ##[endgroup]
2026-09-23T08:44:10.5089977Z ##[group]Disabling automatic garbage collection
2026-09-23T08:44:10.5093501Z [command]/usr/bin/git config --local gc.auto 0
2026-09-23T08:44:10.5127516Z ##[endgroup]
2026-09-23T08:44:10.5128847Z ##[group]Setting up auth
2026-09-23T08:44:10.5136596Z [command]/usr/bin/git config --local --name-only --get-regexp core\.sshCommand
2026-09-23T08:44:10.5173473Z [command]/usr/bin/git submodule foreach --recursive sh -c "git config --local --name-only --get-regexp 'core\.sshCommand' && git config --local --unset-all 'core.sshCommand' || :"
2026-09-23T08:44:10.5582307Z [command]/usr/bin/git config --local --name-only --get-regexp http\.https\:\/\/github\.com\/\.extraheader
2026-09-23T08:44:10.5623271Z [command]/usr/bin/git submodule foreach --recursive sh -c "git config --local --name-only --get-regexp 'http\.https\:\/\/github\.com\/\.extraheader' && git config --local --unset-all 'http.https://github.com/.extraheader' || :"
2026-09-23T08:44:10.5847863Z [command]/usr/bin/git config --local --name-only --get-regexp ^includeIf\.gitdir:
2026-09-23T08:44:10.5884935Z [command]/usr/bin/git submodule foreach --recursive git config --local --show-origin --name-only --get-regexp remote.origin.url
2026-09-23T08:44:10.6107701Z [command]/usr/bin/git config --local http.https://github.com/.extraheader AUTHORIZATION: basic ***
2026-09-23T08:44:10.6148750Z ##[endgroup]
2026-09-23T08:44:10.6149548Z ##[group]Fetching the repository
2026-09-23T08:44:10.6158616Z [command]/usr/bin/git -c protocol.version=2 fetch --no-tags --prune --no-recurse-submodules --depth=1 origin +dfcb6f158e4bd8054252a4da5d0a9edc2ab15d57:refs/remotes/origin/feature/f3-test-failures
2026-09-23T08:44:10.8676777Z From https://github.com/DhruvHegde/log-generation
2026-09-23T08:44:10.8678207Z  * [new ref]         dfcb6f158e4bd8054252a4da5d0a9edc2ab15d57 -> origin/feature/f3-test-failures
2026-09-23T08:44:10.8682181Z ##[endgroup]
2026-09-23T08:44:10.8683139Z ##[group]Determining the checkout info
2026-09-23T08:44:10.8685391Z ##[endgroup]
2026-09-23T08:44:10.8691183Z [command]/usr/bin/git sparse-checkout disable
2026-09-23T08:44:10.8744269Z [command]/usr/bin/git config --local --unset-all extensions.worktreeConfig
2026-09-23T08:44:10.8777732Z ##[group]Checking out the ref
2026-09-23T08:44:10.8782269Z [command]/usr/bin/git checkout --progress --force -B feature/f3-test-failures refs/remotes/origin/feature/f3-test-failures
2026-09-23T08:44:10.8868677Z Switched to a new branch 'feature/f3-test-failures'
2026-09-23T08:44:10.8874902Z branch 'feature/f3-test-failures' set up to track 'origin/feature/f3-test-failures'.
2026-09-23T08:44:10.8880398Z ##[endgroup]
2026-09-23T08:44:10.8921750Z [command]/usr/bin/git log -1 --format=%H
2026-09-23T08:44:10.8949025Z dfcb6f158e4bd8054252a4da5d0a9edc2ab15d57
2026-09-23T08:44:10.9237590Z Node 20 is being deprecated. This workflow is running with Node 24 by default. If you need to temporarily use Node 20, you can set the ACTIONS_ALLOW_USE_UNSECURE_NODE_VERSION=true environment variable. For more information see: https://github.blog/changelog/2025-09-19-deprecation-of-node-20-on-github-actions-runners/
2026-09-23T08:44:10.9240566Z ##[group]Run actions/setup-python@v5
2026-09-23T08:44:10.9241168Z with:
2026-09-23T08:44:10.9241641Z   python-version: 3.11
2026-09-23T08:44:10.9242165Z   check-latest: false
2026-09-23T08:44:10.9246354Z   token: ***
2026-09-23T08:44:10.9246862Z   update-environment: true
2026-09-23T08:44:10.9247425Z   allow-prereleases: false
2026-09-23T08:44:10.9247969Z   freethreaded: false
2026-09-23T08:44:10.9248475Z ##[endgroup]
2026-09-23T08:44:11.0563575Z ##[group]Installed versions
2026-09-23T08:44:11.0701412Z (node:2226) [DEP0040] DeprecationWarning: The `punycode` module is deprecated. Please use a userland alternative instead.
2026-09-23T08:44:11.0703428Z (Use `node --trace-deprecation ...` to show where the warning was created)
2026-09-23T08:44:11.0705054Z Successfully set up CPython (3.11.16)
2026-09-23T08:44:11.0706720Z ##[endgroup]
2026-09-23T08:44:11.0865080Z ##[group]Run pip install --no-cache-dir pytest
2026-09-23T08:44:11.0865996Z [36;1mpip install --no-cache-dir pytest[0m
2026-09-23T08:44:11.1201089Z shell: /usr/bin/bash -e {0}
2026-09-23T08:44:11.1201792Z env:
2026-09-23T08:44:11.1202426Z   pythonLocation: /opt/hostedtoolcache/Python/3.11.16/x64
2026-09-23T08:44:11.1203443Z   PKG_CONFIG_PATH: /opt/hostedtoolcache/Python/3.11.16/x64/lib/pkgconfig
2026-09-23T08:44:11.1204777Z   Python_ROOT_DIR: /opt/hostedtoolcache/Python/3.11.16/x64
2026-09-23T08:44:11.1205705Z   Python2_ROOT_DIR: /opt/hostedtoolcache/Python/3.11.16/x64
2026-09-23T08:44:11.1206584Z   Python3_ROOT_DIR: /opt/hostedtoolcache/Python/3.11.16/x64
2026-09-23T08:44:11.1273457Z   LD_LIBRARY_PATH: /opt/hostedtoolcache/Python/3.11.16/x64/lib
2026-09-23T08:44:11.1274351Z ##[endgroup]
2026-09-23T08:44:13.5060614Z Collecting pytest
2026-09-23T08:44:13.5543879Z   Downloading pytest-9.1.1-py3-none-any.whl.metadata (7.6 kB)
2026-09-23T08:44:13.5631522Z Collecting iniconfig>=1.0.1 (from pytest)
2026-09-23T08:44:13.5671627Z   Downloading iniconfig-2.3.0-py3-none-any.whl.metadata (2.5 kB)
2026-09-23T08:44:13.5780916Z Collecting packaging>=22 (from pytest)
2026-09-23T08:44:13.5819473Z   Downloading packaging-26.3-py3-none-any.whl.metadata (3.5 kB)
2026-09-23T08:44:13.5900050Z Collecting pluggy<2,>=1.5 (from pytest)
2026-09-23T08:44:13.5937822Z   Downloading pluggy-1.6.0-py3-none-any.whl.metadata (4.8 kB)
2026-09-23T08:44:13.6069920Z Collecting pygments>=2.7.2 (from pytest)
2026-09-23T08:44:13.6123428Z   Downloading pygments-2.21.0-py3-none-any.whl.metadata (2.5 kB)
2026-09-23T08:44:13.6188246Z Downloading pytest-9.1.1-py3-none-any.whl (386 kB)
2026-09-23T08:44:13.6410682Z Downloading pluggy-1.6.0-py3-none-any.whl (20 kB)
2026-09-23T08:44:13.6447582Z Downloading iniconfig-2.3.0-py3-none-any.whl (7.5 kB)
2026-09-23T08:44:13.6483348Z Downloading packaging-26.3-py3-none-any.whl (129 kB)
2026-09-23T08:44:13.6537587Z Downloading pygments-2.21.0-py3-none-any.whl (1.3 MB)
2026-09-23T08:44:13.6706855Z    ââââââââââââââââââââââââââââââââââââââââ 1.3/1.3 MB 89.0 MB/s  0:00:00
2026-09-23T08:44:13.8316385Z Installing collected packages: pygments, pluggy, packaging, iniconfig, pytest
2026-09-23T08:44:14.8066255Z 
2026-09-23T08:44:14.8079197Z Successfully installed iniconfig-2.3.0 packaging-26.3 pluggy-1.6.0 pygments-2.21.0 pytest-9.1.1
2026-09-23T08:44:14.8579449Z ##[group]Run python automation/inject_mutation.py --error-type "IndexError"
2026-09-23T08:44:14.8580055Z [36;1mpython automation/inject_mutation.py --error-type "IndexError"[0m
2026-09-23T08:44:14.8646759Z shell: /usr/bin/bash -e {0}
2026-09-23T08:44:14.8647017Z env:
2026-09-23T08:44:14.8647297Z   pythonLocation: /opt/hostedtoolcache/Python/3.11.16/x64
2026-09-23T08:44:14.8647987Z   PKG_CONFIG_PATH: /opt/hostedtoolcache/Python/3.11.16/x64/lib/pkgconfig
2026-09-23T08:44:14.8648445Z   Python_ROOT_DIR: /opt/hostedtoolcache/Python/3.11.16/x64
2026-09-23T08:44:14.8648847Z   Python2_ROOT_DIR: /opt/hostedtoolcache/Python/3.11.16/x64
2026-09-23T08:44:14.8649248Z   Python3_ROOT_DIR: /opt/hostedtoolcache/Python/3.11.16/x64
2026-09-23T08:44:14.8649641Z   LD_LIBRARY_PATH: /opt/hostedtoolcache/Python/3.11.16/x64/lib
2026-09-23T08:44:14.8649997Z ##[endgroup]
2026-09-23T08:44:14.8971076Z [Mutation Injected] Successfully injected IndexError into tests/test_app.py
2026-09-23T08:44:14.9042107Z ##[group]Run pytest tests/test_app.py -v
2026-09-23T08:44:14.9042473Z [36;1mpytest tests/test_app.py -v[0m
2026-09-23T08:44:14.9103959Z shell: /usr/bin/bash -e {0}
2026-09-23T08:44:14.9104223Z env:
2026-09-23T08:44:14.9104724Z   pythonLocation: /opt/hostedtoolcache/Python/3.11.16/x64
2026-09-23T08:44:14.9105199Z   PKG_CONFIG_PATH: /opt/hostedtoolcache/Python/3.11.16/x64/lib/pkgconfig
2026-09-23T08:44:14.9105701Z   Python_ROOT_DIR: /opt/hostedtoolcache/Python/3.11.16/x64
2026-09-23T08:44:14.9106100Z   Python2_ROOT_DIR: /opt/hostedtoolcache/Python/3.11.16/x64
2026-09-23T08:44:14.9106492Z   Python3_ROOT_DIR: /opt/hostedtoolcache/Python/3.11.16/x64
2026-09-23T08:44:14.9106893Z   LD_LIBRARY_PATH: /opt/hostedtoolcache/Python/3.11.16/x64/lib
2026-09-23T08:44:14.9107236Z ##[endgroup]
2026-09-23T08:44:15.3283700Z ============================= test session starts ==============================
2026-09-23T08:44:15.3285245Z platform linux -- Python 3.11.16, pytest-9.1.1, pluggy-1.6.0 -- /opt/hostedtoolcache/Python/3.11.16/x64/bin/python
2026-09-23T08:44:15.3286216Z cachedir: .pytest_cache
2026-09-23T08:44:15.3286788Z rootdir: /home/runner/work/log-generation/log-generation
2026-09-23T08:44:15.3287420Z configfile: pytest.ini
2026-09-23T08:44:15.3374104Z collecting ... collected 6 items
2026-09-23T08:44:15.3374637Z 
2026-09-23T08:44:15.3383903Z tests/test_app.py::test_calculate_division PASSED                        [ 16%]
2026-09-23T08:44:15.3391347Z tests/test_app.py::test_convert_to_int PASSED                            [ 33%]
2026-09-23T08:44:15.3398690Z tests/test_app.py::test_get_list_item PASSED                             [ 50%]
2026-09-23T08:44:15.3405669Z tests/test_app.py::test_get_dict_value PASSED                            [ 66%]
2026-09-23T08:44:15.3412245Z tests/test_app.py::test_assert_positive PASSED                           [ 83%]
2026-09-23T08:44:15.3678467Z tests/test_app.py::test_index_error FAILED                               [100%]
2026-09-23T08:44:15.3679166Z 
2026-09-23T08:44:15.3679446Z =================================== FAILURES ===================================
2026-09-23T08:44:15.3680015Z _______________________________ test_index_error _______________________________
2026-09-23T08:44:15.3680472Z 
2026-09-23T08:44:15.3680593Z     def test_index_error():
2026-09-23T08:44:15.3680930Z         """Injected synthetic IndexError."""
2026-09-23T08:44:15.3681328Z         from src.app import get_list_item
2026-09-23T08:44:15.3681684Z         dataset = [10, 20, 30]
2026-09-23T08:44:15.3682015Z >       get_list_item(dataset, 999)
2026-09-23T08:44:15.3682240Z 
2026-09-23T08:44:15.3682367Z tests/test_app.py:138: 
2026-09-23T08:44:15.3682740Z _ _ _ _ _ _ _ _ _ _ _ _ _ _ _ _ _ _ _ _ _ _ _ _ _ _ _ _ _ _ _ _ _ _ _ _ _ _ _ _ 
2026-09-23T08:44:15.3683074Z 
2026-09-23T08:44:15.3683186Z lst = [10, 20, 30], index = 999
2026-09-23T08:44:15.3683392Z 
2026-09-23T08:44:15.3683523Z     def get_list_item(lst, index):
2026-09-23T08:44:15.3683863Z >       return lst[index]
2026-09-23T08:44:15.3684149Z                ^^^^^^^^^^
2026-09-23T08:44:15.3684723Z E       IndexError: list index out of range
2026-09-23T08:44:15.3685069Z 
2026-09-23T08:44:15.3685195Z src/app.py:8: IndexError
2026-09-23T08:44:15.3685576Z =========================== short test summary info ============================
2026-09-23T08:44:15.3686209Z FAILED tests/test_app.py::test_index_error - IndexError: list index out of range
2026-09-23T08:44:15.3687044Z ========================= 1 failed, 5 passed in 0.03s ==========================
2026-09-23T08:44:15.3868748Z ##[error]Process completed with exit code 1.
2026-09-23T08:44:15.4016212Z Node 20 is being deprecated. This workflow is running with Node 24 by default. If you need to temporarily use Node 20, you can set the ACTIONS_ALLOW_USE_UNSECURE_NODE_VERSION=true environment variable. For more information see: https://github.blog/changelog/2025-09-19-deprecation-of-node-20-on-github-actions-runners/
2026-09-23T08:44:15.4017458Z Post job cleanup.
2026-09-23T08:44:15.4875801Z [command]/usr/bin/git version
2026-09-23T08:44:15.4920202Z git version 2.55.0
2026-09-23T08:44:15.4962110Z Temporarily overriding HOME='/home/runner/work/_temp/e5c2a78c-fafa-4c0a-ad3d-802920654ca7' before making global git config changes
2026-09-23T08:44:15.4963580Z Adding repository directory to the temporary git global config as a safe directory
2026-09-23T08:44:15.4968479Z [command]/usr/bin/git config --global --add safe.directory /home/runner/work/log-generation/log-generation
2026-09-23T08:44:15.5007868Z [command]/usr/bin/git config --local --name-only --get-regexp core\.sshCommand
2026-09-23T08:44:15.5042446Z [command]/usr/bin/git submodule foreach --recursive sh -c "git config --local --name-only --get-regexp 'core\.sshCommand' && git config --local --unset-all 'core.sshCommand' || :"
2026-09-23T08:44:15.5295331Z [command]/usr/bin/git config --local --name-only --get-regexp http\.https\:\/\/github\.com\/\.extraheader
2026-09-23T08:44:15.5326117Z http.https://github.com/.extraheader
2026-09-23T08:44:15.5355080Z [command]/usr/bin/git config --local --unset-all http.https://github.com/.extraheader
2026-09-23T08:44:15.5379316Z [command]/usr/bin/git submodule foreach --recursive sh -c "git config --local --name-only --get-regexp 'http\.https\:\/\/github\.com\/\.extraheader' && git config --local --unset-all 'http.https://github.com/.extraheader' || :"
2026-09-23T08:44:15.5639785Z [command]/usr/bin/git config --local --name-only --get-regexp ^includeIf\.gitdir:
2026-09-23T08:44:15.5683049Z [command]/usr/bin/git submodule foreach --recursive git config --local --show-origin --name-only --get-regexp remote.origin.url
2026-09-23T08:44:15.6088174Z Cleaning up orphan processes
2026-09-23T08:44:15.6360814Z ##[warning]Node.js 20 is deprecated. The following actions target Node.js 20 but are being forced to run on Node.js 24: actions/checkout@v4, actions/setup-python@v5. For more information see: https://github.blog/changelog/2025-09-19-deprecation-of-node-20-on-github-actions-runners/
