ï»¿2026-09-23T08:44:12.5679050Z Current runner version: '2.337.0'
2026-09-23T08:44:12.5707067Z ##[group]Runner Image Provisioner
2026-09-23T08:44:12.5708031Z Hosted Compute Agent
2026-09-23T08:44:12.5708924Z Version: 20260828.587
2026-09-23T08:44:12.5709597Z Commit: abac92662cab4cc7352de4f9f9d2e2419aad9c29
2026-09-23T08:44:12.5710349Z Build Date: 2026-08-28T16:44:25Z
2026-09-23T08:44:12.5711187Z Worker ID: {75de7e74-3aee-45f4-b1cf-9d083e845bd9}
2026-09-23T08:44:12.5711952Z Azure Region: westcentralus
2026-09-23T08:44:12.5712619Z ##[endgroup]
2026-09-23T08:44:12.5714418Z ##[group]Operating System
2026-09-23T08:44:12.5715086Z Ubuntu
2026-09-23T08:44:12.5715810Z 24.04.5
2026-09-23T08:44:12.5716352Z LTS
2026-09-23T08:44:12.5717313Z ##[endgroup]
2026-09-23T08:44:12.5717920Z ##[group]Runner Image
2026-09-23T08:44:12.5718800Z Image: ubuntu-24.04
2026-09-23T08:44:12.5719447Z Version: 20260907.300.1
2026-09-23T08:44:12.5720787Z Included Software: https://github.com/actions/runner-images/blob/ubuntu24/20260907.300/images/ubuntu/Ubuntu2404-Readme.md
2026-09-23T08:44:12.5722428Z Image Release: https://github.com/actions/runner-images/releases/tag/ubuntu24%2F20260907.300
2026-09-23T08:44:12.5723453Z ##[endgroup]
2026-09-23T08:44:12.5724767Z ##[group]GITHUB_TOKEN Permissions
2026-09-23T08:44:12.5727131Z Contents: read
2026-09-23T08:44:12.5727839Z Metadata: read
2026-09-23T08:44:12.5728688Z Packages: read
2026-09-23T08:44:12.5729298Z ##[endgroup]
2026-09-23T08:44:12.5731573Z Secret source: Actions
2026-09-23T08:44:12.5732556Z Cache mode: write
2026-09-23T08:44:12.5733742Z Prepare workflow directory
2026-09-23T08:44:12.6122719Z Prepare all required actions
2026-09-23T08:44:12.6171379Z Getting action download info
2026-09-23T08:44:12.9403260Z Download action repository 'actions/checkout@v4' (SHA:11d5960a326750d5838078e36cf38b85af677262)
2026-09-23T08:44:13.0557917Z Download action repository 'actions/setup-python@v5' (SHA:a26af69be951a213d495a4c3e4e4022e16d87065)
2026-09-23T08:44:13.2513266Z Complete job name: test-f3 (ZeroDivisionError #118)
2026-09-23T08:44:13.3319282Z Node 20 is being deprecated. This workflow is running with Node 24 by default. If you need to temporarily use Node 20, you can set the ACTIONS_ALLOW_USE_UNSECURE_NODE_VERSION=true environment variable. For more information see: https://github.blog/changelog/2025-09-19-deprecation-of-node-20-on-github-actions-runners/
2026-09-23T08:44:13.3328660Z ##[group]Run actions/checkout@v4
2026-09-23T08:44:13.3329415Z with:
2026-09-23T08:44:13.3329848Z   fetch-depth: 1
2026-09-23T08:44:13.3330352Z   repository: DhruvHegde/log-generation
2026-09-23T08:44:13.3334654Z   token: ***
2026-09-23T08:44:13.3335134Z   ssh-strict: true
2026-09-23T08:44:13.3335586Z   ssh-user: git
2026-09-23T08:44:13.3336035Z   persist-credentials: true
2026-09-23T08:44:13.3336518Z   clean: true
2026-09-23T08:44:13.3336965Z   sparse-checkout-cone-mode: true
2026-09-23T08:44:13.3337498Z   fetch-tags: false
2026-09-23T08:44:13.3337951Z   show-progress: true
2026-09-23T08:44:13.3338530Z   lfs: false
2026-09-23T08:44:13.3339033Z   submodules: false
2026-09-23T08:44:13.3339508Z   set-safe-directory: true
2026-09-23T08:44:13.3340024Z   allow-unsafe-pr-checkout: false
2026-09-23T08:44:13.3340784Z ##[endgroup]
2026-09-23T08:44:13.4489350Z Syncing repository: DhruvHegde/log-generation
2026-09-23T08:44:13.4492015Z ##[group]Getting Git version info
2026-09-23T08:44:13.4493141Z Working directory is '/home/runner/work/log-generation/log-generation'
2026-09-23T08:44:13.4495073Z [command]/usr/bin/git version
2026-09-23T08:44:13.4591235Z git version 2.55.0
2026-09-23T08:44:13.4613758Z ##[endgroup]
2026-09-23T08:44:13.4643372Z Temporarily overriding HOME='/home/runner/work/_temp/0db766b9-5c07-4d33-b7ee-536688ead56e' before making global git config changes
2026-09-23T08:44:13.4648077Z Adding repository directory to the temporary git global config as a safe directory
2026-09-23T08:44:13.4656707Z [command]/usr/bin/git config --global --add safe.directory /home/runner/work/log-generation/log-generation
2026-09-23T08:44:13.4712005Z Deleting the contents of '/home/runner/work/log-generation/log-generation'
2026-09-23T08:44:13.4717810Z ##[group]Initializing the repository
2026-09-23T08:44:13.4721876Z [command]/usr/bin/git init /home/runner/work/log-generation/log-generation
2026-09-23T08:44:13.4838352Z hint: Using 'master' as the name for the initial branch. This default branch name
2026-09-23T08:44:13.4840207Z hint: will change to "main" in Git 3.0. To configure the initial branch name
2026-09-23T08:44:13.4842119Z hint: to use in all of your new repositories, which will suppress this warning,
2026-09-23T08:44:13.4843311Z hint: call:
2026-09-23T08:44:13.4843938Z hint:
2026-09-23T08:44:13.4844729Z hint: 	git config --global init.defaultBranch <name>
2026-09-23T08:44:13.4845701Z hint:
2026-09-23T08:44:13.4846626Z hint: Names commonly chosen instead of 'master' are 'main', 'trunk' and
2026-09-23T08:44:13.4848173Z hint: 'development'. The just-created branch can be renamed via this command:
2026-09-23T08:44:13.4849513Z hint:
2026-09-23T08:44:13.4850211Z hint: 	git branch -m <name>
2026-09-23T08:44:13.4850961Z hint:
2026-09-23T08:44:13.4851923Z hint: Disable this message with "git config set advice.defaultBranchName false"
2026-09-23T08:44:13.4853650Z Initialized empty Git repository in /home/runner/work/log-generation/log-generation/.git/
2026-09-23T08:44:13.4864465Z [command]/usr/bin/git remote add origin https://github.com/DhruvHegde/log-generation
2026-09-23T08:44:13.4907663Z ##[endgroup]
2026-09-23T08:44:13.4909151Z ##[group]Disabling automatic garbage collection
2026-09-23T08:44:13.4912421Z [command]/usr/bin/git config --local gc.auto 0
2026-09-23T08:44:13.4952058Z ##[endgroup]
2026-09-23T08:44:13.4953351Z ##[group]Setting up auth
2026-09-23T08:44:13.4956841Z [command]/usr/bin/git config --local --name-only --get-regexp core\.sshCommand
2026-09-23T08:44:13.4995532Z [command]/usr/bin/git submodule foreach --recursive sh -c "git config --local --name-only --get-regexp 'core\.sshCommand' && git config --local --unset-all 'core.sshCommand' || :"
2026-09-23T08:44:13.5420612Z [command]/usr/bin/git config --local --name-only --get-regexp http\.https\:\/\/github\.com\/\.extraheader
2026-09-23T08:44:13.5480643Z [command]/usr/bin/git submodule foreach --recursive sh -c "git config --local --name-only --get-regexp 'http\.https\:\/\/github\.com\/\.extraheader' && git config --local --unset-all 'http.https://github.com/.extraheader' || :"
2026-09-23T08:44:13.5741806Z [command]/usr/bin/git config --local --name-only --get-regexp ^includeIf\.gitdir:
2026-09-23T08:44:13.5784868Z [command]/usr/bin/git submodule foreach --recursive git config --local --show-origin --name-only --get-regexp remote.origin.url
2026-09-23T08:44:13.6052776Z [command]/usr/bin/git config --local http.https://github.com/.extraheader AUTHORIZATION: basic ***
2026-09-23T08:44:13.6107200Z ##[endgroup]
2026-09-23T08:44:13.6108111Z ##[group]Fetching the repository
2026-09-23T08:44:13.6121313Z [command]/usr/bin/git -c protocol.version=2 fetch --no-tags --prune --no-recurse-submodules --depth=1 origin +dfcb6f158e4bd8054252a4da5d0a9edc2ab15d57:refs/remotes/origin/feature/f3-test-failures
2026-09-23T08:44:14.0333821Z From https://github.com/DhruvHegde/log-generation
2026-09-23T08:44:14.0335462Z  * [new ref]         dfcb6f158e4bd8054252a4da5d0a9edc2ab15d57 -> origin/feature/f3-test-failures
2026-09-23T08:44:14.0338363Z ##[endgroup]
2026-09-23T08:44:14.0339685Z ##[group]Determining the checkout info
2026-09-23T08:44:14.0341707Z ##[endgroup]
2026-09-23T08:44:14.0348553Z [command]/usr/bin/git sparse-checkout disable
2026-09-23T08:44:14.0407008Z [command]/usr/bin/git config --local --unset-all extensions.worktreeConfig
2026-09-23T08:44:14.0444314Z ##[group]Checking out the ref
2026-09-23T08:44:14.0450148Z [command]/usr/bin/git checkout --progress --force -B feature/f3-test-failures refs/remotes/origin/feature/f3-test-failures
2026-09-23T08:44:14.0532268Z Switched to a new branch 'feature/f3-test-failures'
2026-09-23T08:44:14.0536169Z branch 'feature/f3-test-failures' set up to track 'origin/feature/f3-test-failures'.
2026-09-23T08:44:14.0542108Z ##[endgroup]
2026-09-23T08:44:14.0591126Z [command]/usr/bin/git log -1 --format=%H
2026-09-23T08:44:14.0622212Z dfcb6f158e4bd8054252a4da5d0a9edc2ab15d57
2026-09-23T08:44:14.0910148Z Node 20 is being deprecated. This workflow is running with Node 24 by default. If you need to temporarily use Node 20, you can set the ACTIONS_ALLOW_USE_UNSECURE_NODE_VERSION=true environment variable. For more information see: https://github.blog/changelog/2025-09-19-deprecation-of-node-20-on-github-actions-runners/
2026-09-23T08:44:14.0912733Z ##[group]Run actions/setup-python@v5
2026-09-23T08:44:14.0913264Z with:
2026-09-23T08:44:14.0913692Z   python-version: 3.11
2026-09-23T08:44:14.0914152Z   check-latest: false
2026-09-23T08:44:14.0918238Z   token: ***
2026-09-23T08:44:14.0918801Z   update-environment: true
2026-09-23T08:44:14.0919306Z   allow-prereleases: false
2026-09-23T08:44:14.0919785Z   freethreaded: false
2026-09-23T08:44:14.0920230Z ##[endgroup]
2026-09-23T08:44:14.2297278Z ##[group]Installed versions
2026-09-23T08:44:14.2381950Z (node:2314) [DEP0040] DeprecationWarning: The `punycode` module is deprecated. Please use a userland alternative instead.
2026-09-23T08:44:14.2383579Z (Use `node --trace-deprecation ...` to show where the warning was created)
2026-09-23T08:44:14.2384868Z Successfully set up CPython (3.11.16)
2026-09-23T08:44:14.2386160Z ##[endgroup]
2026-09-23T08:44:14.2582558Z ##[group]Run pip install --no-cache-dir pytest
2026-09-23T08:44:14.2583362Z [36;1mpip install --no-cache-dir pytest[0m
2026-09-23T08:44:14.2641395Z shell: /usr/bin/bash -e {0}
2026-09-23T08:44:14.2642020Z env:
2026-09-23T08:44:14.2642569Z   pythonLocation: /opt/hostedtoolcache/Python/3.11.16/x64
2026-09-23T08:44:14.2643410Z   PKG_CONFIG_PATH: /opt/hostedtoolcache/Python/3.11.16/x64/lib/pkgconfig
2026-09-23T08:44:14.2752646Z   Python_ROOT_DIR: /opt/hostedtoolcache/Python/3.11.16/x64
2026-09-23T08:44:14.2754478Z   Python2_ROOT_DIR: /opt/hostedtoolcache/Python/3.11.16/x64
2026-09-23T08:44:14.2755655Z   Python3_ROOT_DIR: /opt/hostedtoolcache/Python/3.11.16/x64
2026-09-23T08:44:14.2756899Z   LD_LIBRARY_PATH: /opt/hostedtoolcache/Python/3.11.16/x64/lib
2026-09-23T08:44:14.2758081Z ##[endgroup]
2026-09-23T08:44:15.1595839Z Collecting pytest
2026-09-23T08:44:15.2533914Z   Downloading pytest-9.1.1-py3-none-any.whl.metadata (7.6 kB)
2026-09-23T08:44:15.2780112Z Collecting iniconfig>=1.0.1 (from pytest)
2026-09-23T08:44:15.2972849Z   Downloading iniconfig-2.3.0-py3-none-any.whl.metadata (2.5 kB)
2026-09-23T08:44:15.3243833Z Collecting packaging>=22 (from pytest)
2026-09-23T08:44:15.3439304Z   Downloading packaging-26.3-py3-none-any.whl.metadata (3.5 kB)
2026-09-23T08:44:15.3682840Z Collecting pluggy<2,>=1.5 (from pytest)
2026-09-23T08:44:15.3874233Z   Downloading pluggy-1.6.0-py3-none-any.whl.metadata (4.8 kB)
2026-09-23T08:44:15.4175306Z Collecting pygments>=2.7.2 (from pytest)
2026-09-23T08:44:15.4395417Z   Downloading pygments-2.21.0-py3-none-any.whl.metadata (2.5 kB)
2026-09-23T08:44:15.4614156Z Downloading pytest-9.1.1-py3-none-any.whl (386 kB)
2026-09-23T08:44:15.5434858Z Downloading pluggy-1.6.0-py3-none-any.whl (20 kB)
2026-09-23T08:44:15.5627862Z Downloading iniconfig-2.3.0-py3-none-any.whl (7.5 kB)
2026-09-23T08:44:15.5820796Z Downloading packaging-26.3-py3-none-any.whl (129 kB)
2026-09-23T08:44:15.6037600Z Downloading pygments-2.21.0-py3-none-any.whl (1.3 MB)
2026-09-23T08:44:15.6458377Z    ââââââââââââââââââââââââââââââââââââââââ 1.3/1.3 MB 27.2 MB/s  0:00:00
2026-09-23T08:44:15.7103292Z Installing collected packages: pygments, pluggy, packaging, iniconfig, pytest
2026-09-23T08:44:16.7335633Z 
2026-09-23T08:44:16.7347899Z Successfully installed iniconfig-2.3.0 packaging-26.3 pluggy-1.6.0 pygments-2.21.0 pytest-9.1.1
2026-09-23T08:44:16.8052079Z ##[group]Run python automation/inject_mutation.py --error-type "ZeroDivisionError"
2026-09-23T08:44:16.8052812Z [36;1mpython automation/inject_mutation.py --error-type "ZeroDivisionError"[0m
2026-09-23T08:44:16.8095497Z shell: /usr/bin/bash -e {0}
2026-09-23T08:44:16.8095824Z env:
2026-09-23T08:44:16.8096402Z   pythonLocation: /opt/hostedtoolcache/Python/3.11.16/x64
2026-09-23T08:44:16.8096902Z   PKG_CONFIG_PATH: /opt/hostedtoolcache/Python/3.11.16/x64/lib/pkgconfig
2026-09-23T08:44:16.8097382Z   Python_ROOT_DIR: /opt/hostedtoolcache/Python/3.11.16/x64
2026-09-23T08:44:16.8097812Z   Python2_ROOT_DIR: /opt/hostedtoolcache/Python/3.11.16/x64
2026-09-23T08:44:16.8098261Z   Python3_ROOT_DIR: /opt/hostedtoolcache/Python/3.11.16/x64
2026-09-23T08:44:16.8098957Z   LD_LIBRARY_PATH: /opt/hostedtoolcache/Python/3.11.16/x64/lib
2026-09-23T08:44:16.8099363Z ##[endgroup]
2026-09-23T08:44:16.8424506Z [Mutation Injected] Successfully injected ZeroDivisionError into tests/test_app.py
2026-09-23T08:44:16.8507025Z ##[group]Run pytest tests/test_app.py -v
2026-09-23T08:44:16.8507494Z [36;1mpytest tests/test_app.py -v[0m
2026-09-23T08:44:16.8550583Z shell: /usr/bin/bash -e {0}
2026-09-23T08:44:16.8550910Z env:
2026-09-23T08:44:16.8551249Z   pythonLocation: /opt/hostedtoolcache/Python/3.11.16/x64
2026-09-23T08:44:16.8551790Z   PKG_CONFIG_PATH: /opt/hostedtoolcache/Python/3.11.16/x64/lib/pkgconfig
2026-09-23T08:44:16.8552286Z   Python_ROOT_DIR: /opt/hostedtoolcache/Python/3.11.16/x64
2026-09-23T08:44:16.8552735Z   Python2_ROOT_DIR: /opt/hostedtoolcache/Python/3.11.16/x64
2026-09-23T08:44:16.8553177Z   Python3_ROOT_DIR: /opt/hostedtoolcache/Python/3.11.16/x64
2026-09-23T08:44:16.8553613Z   LD_LIBRARY_PATH: /opt/hostedtoolcache/Python/3.11.16/x64/lib
2026-09-23T08:44:16.8553997Z ##[endgroup]
2026-09-23T08:44:17.0900405Z ============================= test session starts ==============================
2026-09-23T08:44:17.0901898Z platform linux -- Python 3.11.16, pytest-9.1.1, pluggy-1.6.0 -- /opt/hostedtoolcache/Python/3.11.16/x64/bin/python
2026-09-23T08:44:17.0902880Z cachedir: .pytest_cache
2026-09-23T08:44:17.0903470Z rootdir: /home/runner/work/log-generation/log-generation
2026-09-23T08:44:17.0904128Z configfile: pytest.ini
2026-09-23T08:44:17.0983528Z collecting ... collected 6 items
2026-09-23T08:44:17.0983984Z 
2026-09-23T08:44:17.1007762Z tests/test_app.py::test_calculate_division PASSED                        [ 16%]
2026-09-23T08:44:17.1015514Z tests/test_app.py::test_convert_to_int PASSED                            [ 33%]
2026-09-23T08:44:17.1017341Z tests/test_app.py::test_get_list_item PASSED                             [ 50%]
2026-09-23T08:44:17.1019073Z tests/test_app.py::test_get_dict_value PASSED                            [ 66%]
2026-09-23T08:44:17.1023460Z tests/test_app.py::test_assert_positive PASSED                           [ 83%]
2026-09-23T08:44:17.1332439Z tests/test_app.py::test_zero_division_error FAILED                       [100%]
2026-09-23T08:44:17.1333211Z 
2026-09-23T08:44:17.1333634Z =================================== FAILURES ===================================
2026-09-23T08:44:17.1334479Z ___________________________ test_zero_division_error ___________________________
2026-09-23T08:44:17.1334943Z 
2026-09-23T08:44:17.1335130Z     def test_zero_division_error():
2026-09-23T08:44:17.1335671Z         """Injected synthetic ZeroDivisionError."""
2026-09-23T08:44:17.1336242Z         from src.app import calculate_division
2026-09-23T08:44:17.1336748Z >       calculate_division(42, 0)
2026-09-23T08:44:17.1337025Z 
2026-09-23T08:44:17.1337193Z tests/test_app.py:137: 
2026-09-23T08:44:17.1337686Z _ _ _ _ _ _ _ _ _ _ _ _ _ _ _ _ _ _ _ _ _ _ _ _ _ _ _ _ _ _ _ _ _ _ _ _ _ _ _ _ 
2026-09-23T08:44:17.1338081Z 
2026-09-23T08:44:17.1338221Z a = 42, b = 0
2026-09-23T08:44:17.1338642Z 
2026-09-23T08:44:17.1338833Z     def calculate_division(a, b):
2026-09-23T08:44:17.1339253Z >       return a / b
2026-09-23T08:44:17.1339595Z                ^^^^^
2026-09-23T08:44:17.1339992Z E       ZeroDivisionError: division by zero
2026-09-23T08:44:17.1340340Z 
2026-09-23T08:44:17.1340516Z src/app.py:2: ZeroDivisionError
2026-09-23T08:44:17.1341038Z =========================== short test summary info ============================
2026-09-23T08:44:17.1341933Z FAILED tests/test_app.py::test_zero_division_error - ZeroDivisionError: division by zero
2026-09-23T08:44:17.1343294Z ========================= 1 failed, 5 passed in 0.03s ==========================
2026-09-23T08:44:17.1561838Z ##[error]Process completed with exit code 1.
2026-09-23T08:44:17.1704601Z Node 20 is being deprecated. This workflow is running with Node 24 by default. If you need to temporarily use Node 20, you can set the ACTIONS_ALLOW_USE_UNSECURE_NODE_VERSION=true environment variable. For more information see: https://github.blog/changelog/2025-09-19-deprecation-of-node-20-on-github-actions-runners/
2026-09-23T08:44:17.1705820Z Post job cleanup.
2026-09-23T08:44:17.2577407Z [command]/usr/bin/git version
2026-09-23T08:44:17.2629597Z git version 2.55.0
2026-09-23T08:44:17.2662421Z Temporarily overriding HOME='/home/runner/work/_temp/56d52106-e67b-4b14-9ad5-1e5252594110' before making global git config changes
2026-09-23T08:44:17.2663812Z Adding repository directory to the temporary git global config as a safe directory
2026-09-23T08:44:17.2669751Z [command]/usr/bin/git config --global --add safe.directory /home/runner/work/log-generation/log-generation
2026-09-23T08:44:17.2717008Z [command]/usr/bin/git config --local --name-only --get-regexp core\.sshCommand
2026-09-23T08:44:17.2757117Z [command]/usr/bin/git submodule foreach --recursive sh -c "git config --local --name-only --get-regexp 'core\.sshCommand' && git config --local --unset-all 'core.sshCommand' || :"
2026-09-23T08:44:17.3037262Z [command]/usr/bin/git config --local --name-only --get-regexp http\.https\:\/\/github\.com\/\.extraheader
2026-09-23T08:44:17.3067989Z http.https://github.com/.extraheader
2026-09-23T08:44:17.3080073Z [command]/usr/bin/git config --local --unset-all http.https://github.com/.extraheader
2026-09-23T08:44:17.3115685Z [command]/usr/bin/git submodule foreach --recursive sh -c "git config --local --name-only --get-regexp 'http\.https\:\/\/github\.com\/\.extraheader' && git config --local --unset-all 'http.https://github.com/.extraheader' || :"
2026-09-23T08:44:17.3394876Z [command]/usr/bin/git config --local --name-only --get-regexp ^includeIf\.gitdir:
2026-09-23T08:44:17.3444553Z [command]/usr/bin/git submodule foreach --recursive git config --local --show-origin --name-only --get-regexp remote.origin.url
2026-09-23T08:44:17.3898062Z Cleaning up orphan processes
2026-09-23T08:44:17.4205100Z ##[warning]Node.js 20 is deprecated. The following actions target Node.js 20 but are being forced to run on Node.js 24: actions/checkout@v4, actions/setup-python@v5. For more information see: https://github.blog/changelog/2025-09-19-deprecation-of-node-20-on-github-actions-runners/
