ï»¿2026-09-23T08:45:31.0793857Z Current runner version: '2.337.0'
2026-09-23T08:45:31.0819029Z ##[group]Runner Image Provisioner
2026-09-23T08:45:31.0819905Z Hosted Compute Agent
2026-09-23T08:45:31.0820762Z Version: 20260828.587
2026-09-23T08:45:31.0821412Z Commit: abac92662cab4cc7352de4f9f9d2e2419aad9c29
2026-09-23T08:45:31.0822209Z Build Date: 2026-08-28T16:44:25Z
2026-09-23T08:45:31.0822949Z Worker ID: {79cb6678-b3ed-41f9-938a-f3450195ca59}
2026-09-23T08:45:31.0823662Z Azure Region: eastus2
2026-09-23T08:45:31.0824257Z ##[endgroup]
2026-09-23T08:45:31.0825742Z ##[group]Operating System
2026-09-23T08:45:31.0826395Z Ubuntu
2026-09-23T08:45:31.0826980Z 24.04.5
2026-09-23T08:45:31.0827475Z LTS
2026-09-23T08:45:31.0828427Z ##[endgroup]
2026-09-23T08:45:31.0829053Z ##[group]Runner Image
2026-09-23T08:45:31.0829695Z Image: ubuntu-24.04
2026-09-23T08:45:31.0830523Z Version: 20260920.314.1
2026-09-23T08:45:31.0831757Z Included Software: https://github.com/actions/runner-images/blob/ubuntu24/20260920.314/images/ubuntu/Ubuntu2404-Readme.md
2026-09-23T08:45:31.0833394Z Image Release: https://github.com/actions/runner-images/releases/tag/ubuntu24%2F20260920.314
2026-09-23T08:45:31.0834395Z ##[endgroup]
2026-09-23T08:45:31.0835601Z ##[group]GITHUB_TOKEN Permissions
2026-09-23T08:45:31.0837893Z Contents: read
2026-09-23T08:45:31.0838588Z Metadata: read
2026-09-23T08:45:31.0839183Z Packages: read
2026-09-23T08:45:31.0839767Z ##[endgroup]
2026-09-23T08:45:31.0842143Z Secret source: Actions
2026-09-23T08:45:31.0843322Z Cache mode: write
2026-09-23T08:45:31.0844312Z Prepare workflow directory
2026-09-23T08:45:31.1306620Z Prepare all required actions
2026-09-23T08:45:31.1375546Z Getting action download info
2026-09-23T08:45:31.3634089Z Download action repository 'actions/checkout@v4' (SHA:11d5960a326750d5838078e36cf38b85af677262)
2026-09-23T08:45:31.4728523Z Download action repository 'actions/setup-python@v5' (SHA:a26af69be951a213d495a4c3e4e4022e16d87065)
2026-09-23T08:45:31.6504781Z Complete job name: test-f3 (AssertionError #224)
2026-09-23T08:45:31.7371153Z Node 20 is being deprecated. This workflow is running with Node 24 by default. If you need to temporarily use Node 20, you can set the ACTIONS_ALLOW_USE_UNSECURE_NODE_VERSION=true environment variable. For more information see: https://github.blog/changelog/2025-09-19-deprecation-of-node-20-on-github-actions-runners/
2026-09-23T08:45:31.7379784Z ##[group]Run actions/checkout@v4
2026-09-23T08:45:31.7380770Z with:
2026-09-23T08:45:31.7381188Z   fetch-depth: 1
2026-09-23T08:45:31.7381659Z   repository: DhruvHegde/log-generation
2026-09-23T08:45:31.7385800Z   token: ***
2026-09-23T08:45:31.7386230Z   ssh-strict: true
2026-09-23T08:45:31.7386661Z   ssh-user: git
2026-09-23T08:45:31.7387103Z   persist-credentials: true
2026-09-23T08:45:31.7387581Z   clean: true
2026-09-23T08:45:31.7388024Z   sparse-checkout-cone-mode: true
2026-09-23T08:45:31.7388536Z   fetch-tags: false
2026-09-23T08:45:31.7388974Z   show-progress: true
2026-09-23T08:45:31.7389428Z   lfs: false
2026-09-23T08:45:31.7389882Z   submodules: false
2026-09-23T08:45:31.7390512Z   set-safe-directory: true
2026-09-23T08:45:31.7391028Z   allow-unsafe-pr-checkout: false
2026-09-23T08:45:31.7391785Z ##[endgroup]
2026-09-23T08:45:31.8426616Z Syncing repository: DhruvHegde/log-generation
2026-09-23T08:45:31.8429316Z ##[group]Getting Git version info
2026-09-23T08:45:31.8430926Z Working directory is '/home/runner/work/log-generation/log-generation'
2026-09-23T08:45:31.8432653Z [command]/usr/bin/git version
2026-09-23T08:45:31.8478440Z git version 2.55.0
2026-09-23T08:45:31.8499489Z ##[endgroup]
2026-09-23T08:45:31.8516487Z Temporarily overriding HOME='/home/runner/work/_temp/360bd206-caa9-4e8c-a97b-9a74ea1d03fd' before making global git config changes
2026-09-23T08:45:31.8518831Z Adding repository directory to the temporary git global config as a safe directory
2026-09-23T08:45:31.8521265Z [command]/usr/bin/git config --global --add safe.directory /home/runner/work/log-generation/log-generation
2026-09-23T08:45:31.8572116Z Deleting the contents of '/home/runner/work/log-generation/log-generation'
2026-09-23T08:45:31.8581241Z ##[group]Initializing the repository
2026-09-23T08:45:31.8591389Z [command]/usr/bin/git init /home/runner/work/log-generation/log-generation
2026-09-23T08:45:31.8695999Z hint: Using 'master' as the name for the initial branch. This default branch name
2026-09-23T08:45:31.8697730Z hint: will change to "main" in Git 3.0. To configure the initial branch name
2026-09-23T08:45:31.8698841Z hint: to use in all of your new repositories, which will suppress this warning,
2026-09-23T08:45:31.8699623Z hint: call:
2026-09-23T08:45:31.8700267Z hint:
2026-09-23T08:45:31.8700820Z hint: 	git config --global init.defaultBranch <name>
2026-09-23T08:45:31.8701450Z hint:
2026-09-23T08:45:31.8702038Z hint: Names commonly chosen instead of 'master' are 'main', 'trunk' and
2026-09-23T08:45:31.8702985Z hint: 'development'. The just-created branch can be renamed via this command:
2026-09-23T08:45:31.8703737Z hint:
2026-09-23T08:45:31.8704177Z hint: 	git branch -m <name>
2026-09-23T08:45:31.8704664Z hint:
2026-09-23T08:45:31.8705325Z hint: Disable this message with "git config set advice.defaultBranchName false"
2026-09-23T08:45:31.8711603Z Initialized empty Git repository in /home/runner/work/log-generation/log-generation/.git/
2026-09-23T08:45:31.8724505Z [command]/usr/bin/git remote add origin https://github.com/DhruvHegde/log-generation
2026-09-23T08:45:31.8783995Z ##[endgroup]
2026-09-23T08:45:31.8784776Z ##[group]Disabling automatic garbage collection
2026-09-23T08:45:31.8785460Z [command]/usr/bin/git config --local gc.auto 0
2026-09-23T08:45:31.8815451Z ##[endgroup]
2026-09-23T08:45:31.8816366Z ##[group]Setting up auth
2026-09-23T08:45:31.8823627Z [command]/usr/bin/git config --local --name-only --get-regexp core\.sshCommand
2026-09-23T08:45:31.8861294Z [command]/usr/bin/git submodule foreach --recursive sh -c "git config --local --name-only --get-regexp 'core\.sshCommand' && git config --local --unset-all 'core.sshCommand' || :"
2026-09-23T08:45:31.9245760Z [command]/usr/bin/git config --local --name-only --get-regexp http\.https\:\/\/github\.com\/\.extraheader
2026-09-23T08:45:31.9290706Z [command]/usr/bin/git submodule foreach --recursive sh -c "git config --local --name-only --get-regexp 'http\.https\:\/\/github\.com\/\.extraheader' && git config --local --unset-all 'http.https://github.com/.extraheader' || :"
2026-09-23T08:45:31.9519675Z [command]/usr/bin/git config --local --name-only --get-regexp ^includeIf\.gitdir:
2026-09-23T08:45:31.9555423Z [command]/usr/bin/git submodule foreach --recursive git config --local --show-origin --name-only --get-regexp remote.origin.url
2026-09-23T08:45:31.9773663Z [command]/usr/bin/git config --local http.https://github.com/.extraheader AUTHORIZATION: basic ***
2026-09-23T08:45:31.9815398Z ##[endgroup]
2026-09-23T08:45:31.9816252Z ##[group]Fetching the repository
2026-09-23T08:45:31.9825405Z [command]/usr/bin/git -c protocol.version=2 fetch --no-tags --prune --no-recurse-submodules --depth=1 origin +dfcb6f158e4bd8054252a4da5d0a9edc2ab15d57:refs/remotes/origin/feature/f3-test-failures
2026-09-23T08:45:32.2295002Z From https://github.com/DhruvHegde/log-generation
2026-09-23T08:45:32.2296189Z  * [new ref]         dfcb6f158e4bd8054252a4da5d0a9edc2ab15d57 -> origin/feature/f3-test-failures
2026-09-23T08:45:32.2299736Z ##[endgroup]
2026-09-23T08:45:32.2300932Z ##[group]Determining the checkout info
2026-09-23T08:45:32.2302782Z ##[endgroup]
2026-09-23T08:45:32.2309333Z [command]/usr/bin/git sparse-checkout disable
2026-09-23T08:45:32.2362911Z [command]/usr/bin/git config --local --unset-all extensions.worktreeConfig
2026-09-23T08:45:32.2398114Z ##[group]Checking out the ref
2026-09-23T08:45:32.2413401Z [command]/usr/bin/git checkout --progress --force -B feature/f3-test-failures refs/remotes/origin/feature/f3-test-failures
2026-09-23T08:45:32.2490995Z Switched to a new branch 'feature/f3-test-failures'
2026-09-23T08:45:32.2498637Z branch 'feature/f3-test-failures' set up to track 'origin/feature/f3-test-failures'.
2026-09-23T08:45:32.2503983Z ##[endgroup]
2026-09-23T08:45:32.2557966Z [command]/usr/bin/git log -1 --format=%H
2026-09-23T08:45:32.2584410Z dfcb6f158e4bd8054252a4da5d0a9edc2ab15d57
2026-09-23T08:45:32.2865606Z Node 20 is being deprecated. This workflow is running with Node 24 by default. If you need to temporarily use Node 20, you can set the ACTIONS_ALLOW_USE_UNSECURE_NODE_VERSION=true environment variable. For more information see: https://github.blog/changelog/2025-09-19-deprecation-of-node-20-on-github-actions-runners/
2026-09-23T08:45:32.2868388Z ##[group]Run actions/setup-python@v5
2026-09-23T08:45:32.2868952Z with:
2026-09-23T08:45:32.2869397Z   python-version: 3.11
2026-09-23T08:45:32.2869892Z   check-latest: false
2026-09-23T08:45:32.2874343Z   token: ***
2026-09-23T08:45:32.2874821Z   update-environment: true
2026-09-23T08:45:32.2875362Z   allow-prereleases: false
2026-09-23T08:45:32.2875877Z   freethreaded: false
2026-09-23T08:45:32.2876355Z ##[endgroup]
2026-09-23T08:45:32.4167900Z ##[group]Installed versions
2026-09-23T08:45:32.4273747Z (node:2153) [DEP0040] DeprecationWarning: The `punycode` module is deprecated. Please use a userland alternative instead.
2026-09-23T08:45:32.4276454Z (Use `node --trace-deprecation ...` to show where the warning was created)
2026-09-23T08:45:32.4278093Z Successfully set up CPython (3.11.16)
2026-09-23T08:45:32.4279731Z ##[endgroup]
2026-09-23T08:45:32.4546352Z ##[group]Run pip install --no-cache-dir pytest
2026-09-23T08:45:32.4547703Z [36;1mpip install --no-cache-dir pytest[0m
2026-09-23T08:45:32.4878035Z shell: /usr/bin/bash -e {0}
2026-09-23T08:45:32.4878712Z env:
2026-09-23T08:45:32.4879333Z   pythonLocation: /opt/hostedtoolcache/Python/3.11.16/x64
2026-09-23T08:45:32.4880513Z   PKG_CONFIG_PATH: /opt/hostedtoolcache/Python/3.11.16/x64/lib/pkgconfig
2026-09-23T08:45:32.4881487Z   Python_ROOT_DIR: /opt/hostedtoolcache/Python/3.11.16/x64
2026-09-23T08:45:32.4882338Z   Python2_ROOT_DIR: /opt/hostedtoolcache/Python/3.11.16/x64
2026-09-23T08:45:32.4883152Z   Python3_ROOT_DIR: /opt/hostedtoolcache/Python/3.11.16/x64
2026-09-23T08:45:32.4884000Z   LD_LIBRARY_PATH: /opt/hostedtoolcache/Python/3.11.16/x64/lib
2026-09-23T08:45:32.4884696Z ##[endgroup]
2026-09-23T08:45:33.3696814Z Collecting pytest
2026-09-23T08:45:33.4333764Z   Downloading pytest-9.1.1-py3-none-any.whl.metadata (7.6 kB)
2026-09-23T08:45:33.4457511Z Collecting iniconfig>=1.0.1 (from pytest)
2026-09-23T08:45:33.4537580Z   Downloading iniconfig-2.3.0-py3-none-any.whl.metadata (2.5 kB)
2026-09-23T08:45:33.4681584Z Collecting packaging>=22 (from pytest)
2026-09-23T08:45:33.4755102Z   Downloading packaging-26.3-py3-none-any.whl.metadata (3.5 kB)
2026-09-23T08:45:33.4867301Z Collecting pluggy<2,>=1.5 (from pytest)
2026-09-23T08:45:33.4938072Z   Downloading pluggy-1.6.0-py3-none-any.whl.metadata (4.8 kB)
2026-09-23T08:45:33.5117616Z Collecting pygments>=2.7.2 (from pytest)
2026-09-23T08:45:33.5192142Z   Downloading pygments-2.21.0-py3-none-any.whl.metadata (2.5 kB)
2026-09-23T08:45:33.5290628Z Downloading pytest-9.1.1-py3-none-any.whl (386 kB)
2026-09-23T08:45:33.5666788Z Downloading pluggy-1.6.0-py3-none-any.whl (20 kB)
2026-09-23T08:45:33.5744401Z Downloading iniconfig-2.3.0-py3-none-any.whl (7.5 kB)
2026-09-23T08:45:33.5815237Z Downloading packaging-26.3-py3-none-any.whl (129 kB)
2026-09-23T08:45:33.5942442Z Downloading pygments-2.21.0-py3-none-any.whl (1.3 MB)
2026-09-23T08:45:33.6488949Z    ââââââââââââââââââââââââââââââââââââââââ 1.3/1.3 MB 25.2 MB/s  0:00:00
2026-09-23T08:45:33.7147899Z Installing collected packages: pygments, pluggy, packaging, iniconfig, pytest
2026-09-23T08:45:34.6738408Z 
2026-09-23T08:45:34.6747033Z Successfully installed iniconfig-2.3.0 packaging-26.3 pluggy-1.6.0 pygments-2.21.0 pytest-9.1.1
2026-09-23T08:45:34.7273658Z ##[group]Run python automation/inject_mutation.py --error-type "AssertionError"
2026-09-23T08:45:34.7274317Z [36;1mpython automation/inject_mutation.py --error-type "AssertionError"[0m
2026-09-23T08:45:34.7339718Z shell: /usr/bin/bash -e {0}
2026-09-23T08:45:34.7340174Z env:
2026-09-23T08:45:34.7340816Z   pythonLocation: /opt/hostedtoolcache/Python/3.11.16/x64
2026-09-23T08:45:34.7341273Z   PKG_CONFIG_PATH: /opt/hostedtoolcache/Python/3.11.16/x64/lib/pkgconfig
2026-09-23T08:45:34.7341709Z   Python_ROOT_DIR: /opt/hostedtoolcache/Python/3.11.16/x64
2026-09-23T08:45:34.7342109Z   Python2_ROOT_DIR: /opt/hostedtoolcache/Python/3.11.16/x64
2026-09-23T08:45:34.7342495Z   Python3_ROOT_DIR: /opt/hostedtoolcache/Python/3.11.16/x64
2026-09-23T08:45:34.7342883Z   LD_LIBRARY_PATH: /opt/hostedtoolcache/Python/3.11.16/x64/lib
2026-09-23T08:45:34.7343231Z ##[endgroup]
2026-09-23T08:45:34.7665061Z [Mutation Injected] Successfully injected AssertionError into tests/test_app.py
2026-09-23T08:45:34.7738778Z ##[group]Run pytest tests/test_app.py -v
2026-09-23T08:45:34.7739151Z [36;1mpytest tests/test_app.py -v[0m
2026-09-23T08:45:34.7804049Z shell: /usr/bin/bash -e {0}
2026-09-23T08:45:34.7804301Z env:
2026-09-23T08:45:34.7804571Z   pythonLocation: /opt/hostedtoolcache/Python/3.11.16/x64
2026-09-23T08:45:34.7805025Z   PKG_CONFIG_PATH: /opt/hostedtoolcache/Python/3.11.16/x64/lib/pkgconfig
2026-09-23T08:45:34.7805470Z   Python_ROOT_DIR: /opt/hostedtoolcache/Python/3.11.16/x64
2026-09-23T08:45:34.7805845Z   Python2_ROOT_DIR: /opt/hostedtoolcache/Python/3.11.16/x64
2026-09-23T08:45:34.7806235Z   Python3_ROOT_DIR: /opt/hostedtoolcache/Python/3.11.16/x64
2026-09-23T08:45:34.7806614Z   LD_LIBRARY_PATH: /opt/hostedtoolcache/Python/3.11.16/x64/lib
2026-09-23T08:45:34.7806937Z ##[endgroup]
2026-09-23T08:45:35.3129414Z ============================= test session starts ==============================
2026-09-23T08:45:35.3131133Z platform linux -- Python 3.11.16, pytest-9.1.1, pluggy-1.6.0 -- /opt/hostedtoolcache/Python/3.11.16/x64/bin/python
2026-09-23T08:45:35.3132072Z cachedir: .pytest_cache
2026-09-23T08:45:35.3132623Z rootdir: /home/runner/work/log-generation/log-generation
2026-09-23T08:45:35.3133366Z configfile: pytest.ini
2026-09-23T08:45:35.3225081Z collecting ... collected 6 items
2026-09-23T08:45:35.3225542Z 
2026-09-23T08:45:35.3234663Z tests/test_app.py::test_calculate_division PASSED                        [ 16%]
2026-09-23T08:45:35.3242559Z tests/test_app.py::test_convert_to_int PASSED                            [ 33%]
2026-09-23T08:45:35.3249727Z tests/test_app.py::test_get_list_item PASSED                             [ 50%]
2026-09-23T08:45:35.3257189Z tests/test_app.py::test_get_dict_value PASSED                            [ 66%]
2026-09-23T08:45:35.3264513Z tests/test_app.py::test_assert_positive PASSED                           [ 83%]
2026-09-23T08:45:35.3525468Z tests/test_app.py::test_assertion_failure FAILED                         [100%]
2026-09-23T08:45:35.3526089Z 
2026-09-23T08:45:35.3526343Z =================================== FAILURES ===================================
2026-09-23T08:45:35.3527030Z ____________________________ test_assertion_failure ____________________________
2026-09-23T08:45:35.3527521Z 
2026-09-23T08:45:35.3527707Z     def test_assertion_failure():
2026-09-23T08:45:35.3528200Z         """Injected synthetic AssertionError."""
2026-09-23T08:45:35.3528732Z         expected_status = 200
2026-09-23T08:45:35.3529149Z         actual_status = 500
2026-09-23T08:45:35.3529921Z >       assert actual_status == expected_status, f"Expected {expected_status}, received {actual_status}"
2026-09-23T08:45:35.3534005Z E       AssertionError: Expected 200, received 500
2026-09-23T08:45:35.3534522Z E       assert 500 == 200
2026-09-23T08:45:35.3534770Z 
2026-09-23T08:45:35.3534984Z tests/test_app.py:138: AssertionError
2026-09-23T08:45:35.3535571Z =========================== short test summary info ============================
2026-09-23T08:45:35.3536513Z FAILED tests/test_app.py::test_assertion_failure - AssertionError: Expected 200, received 500
2026-09-23T08:45:35.3537286Z assert 500 == 200
2026-09-23T08:45:35.3537751Z ========================= 1 failed, 5 passed in 0.03s ==========================
2026-09-23T08:45:35.3738530Z ##[error]Process completed with exit code 1.
2026-09-23T08:45:35.3888609Z Node 20 is being deprecated. This workflow is running with Node 24 by default. If you need to temporarily use Node 20, you can set the ACTIONS_ALLOW_USE_UNSECURE_NODE_VERSION=true environment variable. For more information see: https://github.blog/changelog/2025-09-19-deprecation-of-node-20-on-github-actions-runners/
2026-09-23T08:45:35.3890405Z Post job cleanup.
2026-09-23T08:45:35.4749614Z [command]/usr/bin/git version
2026-09-23T08:45:35.4795760Z git version 2.55.0
2026-09-23T08:45:35.4836160Z Temporarily overriding HOME='/home/runner/work/_temp/6336ef60-1929-4ed3-81fa-585e3458f23a' before making global git config changes
2026-09-23T08:45:35.4837597Z Adding repository directory to the temporary git global config as a safe directory
2026-09-23T08:45:35.4842752Z [command]/usr/bin/git config --global --add safe.directory /home/runner/work/log-generation/log-generation
2026-09-23T08:45:35.4884109Z [command]/usr/bin/git config --local --name-only --get-regexp core\.sshCommand
2026-09-23T08:45:35.4920816Z [command]/usr/bin/git submodule foreach --recursive sh -c "git config --local --name-only --get-regexp 'core\.sshCommand' && git config --local --unset-all 'core.sshCommand' || :"
2026-09-23T08:45:35.5192430Z [command]/usr/bin/git config --local --name-only --get-regexp http\.https\:\/\/github\.com\/\.extraheader
2026-09-23T08:45:35.5224089Z http.https://github.com/.extraheader
2026-09-23T08:45:35.5235128Z [command]/usr/bin/git config --local --unset-all http.https://github.com/.extraheader
2026-09-23T08:45:35.5274234Z [command]/usr/bin/git submodule foreach --recursive sh -c "git config --local --name-only --get-regexp 'http\.https\:\/\/github\.com\/\.extraheader' && git config --local --unset-all 'http.https://github.com/.extraheader' || :"
2026-09-23T08:45:35.5651048Z [command]/usr/bin/git config --local --name-only --get-regexp ^includeIf\.gitdir:
2026-09-23T08:45:35.5707471Z [command]/usr/bin/git submodule foreach --recursive git config --local --show-origin --name-only --get-regexp remote.origin.url
2026-09-23T08:45:35.6180618Z Cleaning up orphan processes
2026-09-23T08:45:35.6489822Z ##[warning]Node.js 20 is deprecated. The following actions target Node.js 20 but are being forced to run on Node.js 24: actions/checkout@v4, actions/setup-python@v5. For more information see: https://github.blog/changelog/2025-09-19-deprecation-of-node-20-on-github-actions-runners/
