ï»¿2026-09-23T08:49:04.7791666Z Current runner version: '2.337.0'
2026-09-23T08:49:04.7819403Z ##[group]Runner Image Provisioner
2026-09-23T08:49:04.7820304Z Hosted Compute Agent
2026-09-23T08:49:04.7821033Z Version: 20260828.587
2026-09-23T08:49:04.7821687Z Commit: abac92662cab4cc7352de4f9f9d2e2419aad9c29
2026-09-23T08:49:04.7822707Z Build Date: 2026-08-28T16:44:25Z
2026-09-23T08:49:04.7823516Z Worker ID: {ebb4a779-18f9-45e4-9203-45152c1f1dc1}
2026-09-23T08:49:04.7824243Z Azure Region: westus
2026-09-23T08:49:04.7824853Z ##[endgroup]
2026-09-23T08:49:04.7826774Z ##[group]Operating System
2026-09-23T08:49:04.7827479Z Ubuntu
2026-09-23T08:49:04.7828107Z 24.04.5
2026-09-23T08:49:04.7828625Z LTS
2026-09-23T08:49:04.7829598Z ##[endgroup]
2026-09-23T08:49:04.7830246Z ##[group]Runner Image
2026-09-23T08:49:04.7830882Z Image: ubuntu-24.04
2026-09-23T08:49:04.7831528Z Version: 20260920.314.1
2026-09-23T08:49:04.7833421Z Included Software: https://github.com/actions/runner-images/blob/ubuntu24/20260920.314/images/ubuntu/Ubuntu2404-Readme.md
2026-09-23T08:49:04.7835245Z Image Release: https://github.com/actions/runner-images/releases/tag/ubuntu24%2F20260920.314
2026-09-23T08:49:04.7836232Z ##[endgroup]
2026-09-23T08:49:04.7837490Z ##[group]GITHUB_TOKEN Permissions
2026-09-23T08:49:04.7839894Z Contents: read
2026-09-23T08:49:04.7840591Z Metadata: read
2026-09-23T08:49:04.7841201Z Packages: read
2026-09-23T08:49:04.7841749Z ##[endgroup]
2026-09-23T08:49:04.7844338Z Secret source: Actions
2026-09-23T08:49:04.7845319Z Cache mode: write
2026-09-23T08:49:04.7846533Z Prepare workflow directory
2026-09-23T08:49:04.8201175Z Prepare all required actions
2026-09-23T08:49:04.8254193Z Getting action download info
2026-09-23T08:49:05.2206986Z Download action repository 'actions/checkout@v4' (SHA:11d5960a326750d5838078e36cf38b85af677262)
2026-09-23T08:49:05.3234288Z Download action repository 'actions/setup-python@v5' (SHA:a26af69be951a213d495a4c3e4e4022e16d87065)
2026-09-23T08:49:05.5098351Z Complete job name: test-f3 (AttributeError #81)
2026-09-23T08:49:05.5894982Z Node 20 is being deprecated. This workflow is running with Node 24 by default. If you need to temporarily use Node 20, you can set the ACTIONS_ALLOW_USE_UNSECURE_NODE_VERSION=true environment variable. For more information see: https://github.blog/changelog/2025-09-19-deprecation-of-node-20-on-github-actions-runners/
2026-09-23T08:49:05.5904699Z ##[group]Run actions/checkout@v4
2026-09-23T08:49:05.5905580Z with:
2026-09-23T08:49:05.5906028Z   fetch-depth: 1
2026-09-23T08:49:05.5906516Z   repository: DhruvHegde/log-generation
2026-09-23T08:49:05.5910767Z   token: ***
2026-09-23T08:49:05.5911203Z   ssh-strict: true
2026-09-23T08:49:05.5911637Z   ssh-user: git
2026-09-23T08:49:05.5912577Z   persist-credentials: true
2026-09-23T08:49:05.5913089Z   clean: true
2026-09-23T08:49:05.5913541Z   sparse-checkout-cone-mode: true
2026-09-23T08:49:05.5914073Z   fetch-tags: false
2026-09-23T08:49:05.5914532Z   show-progress: true
2026-09-23T08:49:05.5914983Z   lfs: false
2026-09-23T08:49:05.5915456Z   submodules: false
2026-09-23T08:49:05.5915936Z   set-safe-directory: true
2026-09-23T08:49:05.5916442Z   allow-unsafe-pr-checkout: false
2026-09-23T08:49:05.5917313Z ##[endgroup]
2026-09-23T08:49:05.6981682Z Syncing repository: DhruvHegde/log-generation
2026-09-23T08:49:05.6984094Z ##[group]Getting Git version info
2026-09-23T08:49:05.6984925Z Working directory is '/home/runner/work/log-generation/log-generation'
2026-09-23T08:49:05.6986308Z [command]/usr/bin/git version
2026-09-23T08:49:05.7079292Z git version 2.55.0
2026-09-23T08:49:05.7103431Z ##[endgroup]
2026-09-23T08:49:05.7120484Z Temporarily overriding HOME='/home/runner/work/_temp/dbe1bcd6-bb1a-445d-a747-566179bcb174' before making global git config changes
2026-09-23T08:49:05.7123156Z Adding repository directory to the temporary git global config as a safe directory
2026-09-23T08:49:05.7126625Z [command]/usr/bin/git config --global --add safe.directory /home/runner/work/log-generation/log-generation
2026-09-23T08:49:05.7182922Z Deleting the contents of '/home/runner/work/log-generation/log-generation'
2026-09-23T08:49:05.7188220Z ##[group]Initializing the repository
2026-09-23T08:49:05.7192512Z [command]/usr/bin/git init /home/runner/work/log-generation/log-generation
2026-09-23T08:49:05.7322188Z hint: Using 'master' as the name for the initial branch. This default branch name
2026-09-23T08:49:05.7326344Z hint: will change to "main" in Git 3.0. To configure the initial branch name
2026-09-23T08:49:05.7327899Z hint: to use in all of your new repositories, which will suppress this warning,
2026-09-23T08:49:05.7329091Z hint: call:
2026-09-23T08:49:05.7329783Z hint:
2026-09-23T08:49:05.7330609Z hint: 	git config --global init.defaultBranch <name>
2026-09-23T08:49:05.7331689Z hint:
2026-09-23T08:49:05.7332956Z hint: Names commonly chosen instead of 'master' are 'main', 'trunk' and
2026-09-23T08:49:05.7334523Z hint: 'development'. The just-created branch can be renamed via this command:
2026-09-23T08:49:05.7335713Z hint:
2026-09-23T08:49:05.7336462Z hint: 	git branch -m <name>
2026-09-23T08:49:05.7337247Z hint:
2026-09-23T08:49:05.7338297Z hint: Disable this message with "git config set advice.defaultBranchName false"
2026-09-23T08:49:05.7340359Z Initialized empty Git repository in /home/runner/work/log-generation/log-generation/.git/
2026-09-23T08:49:05.7344587Z [command]/usr/bin/git remote add origin https://github.com/DhruvHegde/log-generation
2026-09-23T08:49:05.7404029Z ##[endgroup]
2026-09-23T08:49:05.7405473Z ##[group]Disabling automatic garbage collection
2026-09-23T08:49:05.7408719Z [command]/usr/bin/git config --local gc.auto 0
2026-09-23T08:49:05.7478633Z ##[endgroup]
2026-09-23T08:49:05.7480232Z ##[group]Setting up auth
2026-09-23T08:49:05.7481711Z [command]/usr/bin/git config --local --name-only --get-regexp core\.sshCommand
2026-09-23T08:49:05.7513743Z [command]/usr/bin/git submodule foreach --recursive sh -c "git config --local --name-only --get-regexp 'core\.sshCommand' && git config --local --unset-all 'core.sshCommand' || :"
2026-09-23T08:49:05.7956340Z [command]/usr/bin/git config --local --name-only --get-regexp http\.https\:\/\/github\.com\/\.extraheader
2026-09-23T08:49:05.7996621Z [command]/usr/bin/git submodule foreach --recursive sh -c "git config --local --name-only --get-regexp 'http\.https\:\/\/github\.com\/\.extraheader' && git config --local --unset-all 'http.https://github.com/.extraheader' || :"
2026-09-23T08:49:05.8228453Z [command]/usr/bin/git config --local --name-only --get-regexp ^includeIf\.gitdir:
2026-09-23T08:49:05.8267048Z [command]/usr/bin/git submodule foreach --recursive git config --local --show-origin --name-only --get-regexp remote.origin.url
2026-09-23T08:49:05.8524528Z [command]/usr/bin/git config --local http.https://github.com/.extraheader AUTHORIZATION: basic ***
2026-09-23T08:49:05.8575409Z ##[endgroup]
2026-09-23T08:49:05.8590691Z ##[group]Fetching the repository
2026-09-23T08:49:05.8592740Z [command]/usr/bin/git -c protocol.version=2 fetch --no-tags --prune --no-recurse-submodules --depth=1 origin +43f20917de93b9aad51cf79a69ad5239c5632917:refs/remotes/origin/feature/f3-test-failures
2026-09-23T08:49:06.4525335Z From https://github.com/DhruvHegde/log-generation
2026-09-23T08:49:06.4527489Z  * [new ref]         43f20917de93b9aad51cf79a69ad5239c5632917 -> origin/feature/f3-test-failures
2026-09-23T08:49:06.4531315Z ##[endgroup]
2026-09-23T08:49:06.4533071Z ##[group]Determining the checkout info
2026-09-23T08:49:06.4534763Z ##[endgroup]
2026-09-23T08:49:06.4540917Z [command]/usr/bin/git sparse-checkout disable
2026-09-23T08:49:06.4617252Z [command]/usr/bin/git config --local --unset-all extensions.worktreeConfig
2026-09-23T08:49:06.4655383Z ##[group]Checking out the ref
2026-09-23T08:49:06.4660681Z [command]/usr/bin/git checkout --progress --force -B feature/f3-test-failures refs/remotes/origin/feature/f3-test-failures
2026-09-23T08:49:06.5071972Z Switched to a new branch 'feature/f3-test-failures'
2026-09-23T08:49:06.5080230Z branch 'feature/f3-test-failures' set up to track 'origin/feature/f3-test-failures'.
2026-09-23T08:49:06.5085975Z ##[endgroup]
2026-09-23T08:49:06.5133681Z [command]/usr/bin/git log -1 --format=%H
2026-09-23T08:49:06.5162402Z 43f20917de93b9aad51cf79a69ad5239c5632917
2026-09-23T08:49:06.5541480Z Node 20 is being deprecated. This workflow is running with Node 24 by default. If you need to temporarily use Node 20, you can set the ACTIONS_ALLOW_USE_UNSECURE_NODE_VERSION=true environment variable. For more information see: https://github.blog/changelog/2025-09-19-deprecation-of-node-20-on-github-actions-runners/
2026-09-23T08:49:06.5546928Z ##[group]Run actions/setup-python@v5
2026-09-23T08:49:06.5548141Z with:
2026-09-23T08:49:06.5549098Z   python-version: 3.11
2026-09-23T08:49:06.5550182Z   check-latest: false
2026-09-23T08:49:06.5560063Z   token: ***
2026-09-23T08:49:06.5561104Z   update-environment: true
2026-09-23T08:49:06.5562397Z   allow-prereleases: false
2026-09-23T08:49:06.5563508Z   freethreaded: false
2026-09-23T08:49:06.5564547Z ##[endgroup]
2026-09-23T08:49:06.6945376Z ##[group]Installed versions
2026-09-23T08:49:06.7059375Z (node:2221) [DEP0040] DeprecationWarning: The `punycode` module is deprecated. Please use a userland alternative instead.
2026-09-23T08:49:06.7063875Z (Use `node --trace-deprecation ...` to show where the warning was created)
2026-09-23T08:49:06.7066470Z Successfully set up CPython (3.11.16)
2026-09-23T08:49:06.7069408Z ##[endgroup]
2026-09-23T08:49:06.7278801Z ##[group]Run pip install --no-cache-dir pytest
2026-09-23T08:49:06.7280334Z [36;1mpip install --no-cache-dir pytest[0m
2026-09-23T08:49:06.7603150Z shell: /usr/bin/bash -e {0}
2026-09-23T08:49:06.7604425Z env:
2026-09-23T08:49:06.7605682Z   pythonLocation: /opt/hostedtoolcache/Python/3.11.16/x64
2026-09-23T08:49:06.7682108Z   PKG_CONFIG_PATH: /opt/hostedtoolcache/Python/3.11.16/x64/lib/pkgconfig
2026-09-23T08:49:06.7684348Z   Python_ROOT_DIR: /opt/hostedtoolcache/Python/3.11.16/x64
2026-09-23T08:49:06.7685975Z   Python2_ROOT_DIR: /opt/hostedtoolcache/Python/3.11.16/x64
2026-09-23T08:49:06.7687571Z   Python3_ROOT_DIR: /opt/hostedtoolcache/Python/3.11.16/x64
2026-09-23T08:49:06.7689223Z   LD_LIBRARY_PATH: /opt/hostedtoolcache/Python/3.11.16/x64/lib
2026-09-23T08:49:06.7690573Z ##[endgroup]
2026-09-23T08:49:07.7384063Z Collecting pytest
2026-09-23T08:49:07.9071236Z   Downloading pytest-9.1.1-py3-none-any.whl.metadata (7.6 kB)
2026-09-23T08:49:07.9337540Z Collecting iniconfig>=1.0.1 (from pytest)
2026-09-23T08:49:07.9753697Z   Downloading iniconfig-2.3.0-py3-none-any.whl.metadata (2.5 kB)
2026-09-23T08:49:08.0061638Z Collecting packaging>=22 (from pytest)
2026-09-23T08:49:08.0481402Z   Downloading packaging-26.3-py3-none-any.whl.metadata (3.5 kB)
2026-09-23T08:49:08.0751507Z Collecting pluggy<2,>=1.5 (from pytest)
2026-09-23T08:49:08.1166440Z   Downloading pluggy-1.6.0-py3-none-any.whl.metadata (4.8 kB)
2026-09-23T08:49:08.1521429Z Collecting pygments>=2.7.2 (from pytest)
2026-09-23T08:49:08.1938647Z   Downloading pygments-2.21.0-py3-none-any.whl.metadata (2.5 kB)
2026-09-23T08:49:08.2383361Z Downloading pytest-9.1.1-py3-none-any.whl (386 kB)
2026-09-23T08:49:08.4379607Z Downloading pluggy-1.6.0-py3-none-any.whl (20 kB)
2026-09-23T08:49:08.4798346Z Downloading iniconfig-2.3.0-py3-none-any.whl (7.5 kB)
2026-09-23T08:49:08.5215441Z Downloading packaging-26.3-py3-none-any.whl (129 kB)
2026-09-23T08:49:08.5699042Z Downloading pygments-2.21.0-py3-none-any.whl (1.3 MB)
2026-09-23T08:49:08.6669003Z    ââââââââââââââââââââââââââââââââââââââââ 1.3/1.3 MB 12.3 MB/s  0:00:00
2026-09-23T08:49:08.7332620Z Installing collected packages: pygments, pluggy, packaging, iniconfig, pytest
2026-09-23T08:49:09.6962487Z 
2026-09-23T08:49:09.6975997Z Successfully installed iniconfig-2.3.0 packaging-26.3 pluggy-1.6.0 pygments-2.21.0 pytest-9.1.1
2026-09-23T08:49:09.7549248Z ##[group]Run python automation/inject_mutation.py --error-type "AttributeError"
2026-09-23T08:49:09.7549919Z [36;1mpython automation/inject_mutation.py --error-type "AttributeError"[0m
2026-09-23T08:49:09.7616894Z shell: /usr/bin/bash -e {0}
2026-09-23T08:49:09.7617209Z env:
2026-09-23T08:49:09.7617755Z   pythonLocation: /opt/hostedtoolcache/Python/3.11.16/x64
2026-09-23T08:49:09.7618439Z   PKG_CONFIG_PATH: /opt/hostedtoolcache/Python/3.11.16/x64/lib/pkgconfig
2026-09-23T08:49:09.7619140Z   Python_ROOT_DIR: /opt/hostedtoolcache/Python/3.11.16/x64
2026-09-23T08:49:09.7619781Z   Python2_ROOT_DIR: /opt/hostedtoolcache/Python/3.11.16/x64
2026-09-23T08:49:09.7620504Z   Python3_ROOT_DIR: /opt/hostedtoolcache/Python/3.11.16/x64
2026-09-23T08:49:09.7621213Z   LD_LIBRARY_PATH: /opt/hostedtoolcache/Python/3.11.16/x64/lib
2026-09-23T08:49:09.7622018Z ##[endgroup]
2026-09-23T08:49:09.7954376Z [Mutation Injected] Successfully injected AttributeError into tests/test_app.py
2026-09-23T08:49:09.8026470Z ##[group]Run pytest tests/test_app.py -v
2026-09-23T08:49:09.8026863Z [36;1mpytest tests/test_app.py -v[0m
2026-09-23T08:49:09.8093688Z shell: /usr/bin/bash -e {0}
2026-09-23T08:49:09.8093985Z env:
2026-09-23T08:49:09.8094294Z   pythonLocation: /opt/hostedtoolcache/Python/3.11.16/x64
2026-09-23T08:49:09.8094805Z   PKG_CONFIG_PATH: /opt/hostedtoolcache/Python/3.11.16/x64/lib/pkgconfig
2026-09-23T08:49:09.8095316Z   Python_ROOT_DIR: /opt/hostedtoolcache/Python/3.11.16/x64
2026-09-23T08:49:09.8095756Z   Python2_ROOT_DIR: /opt/hostedtoolcache/Python/3.11.16/x64
2026-09-23T08:49:09.8096200Z   Python3_ROOT_DIR: /opt/hostedtoolcache/Python/3.11.16/x64
2026-09-23T08:49:09.8096646Z   LD_LIBRARY_PATH: /opt/hostedtoolcache/Python/3.11.16/x64/lib
2026-09-23T08:49:09.8097013Z ##[endgroup]
2026-09-23T08:49:10.0456952Z ============================= test session starts ==============================
2026-09-23T08:49:10.0458393Z platform linux -- Python 3.11.16, pytest-9.1.1, pluggy-1.6.0 -- /opt/hostedtoolcache/Python/3.11.16/x64/bin/python
2026-09-23T08:49:10.0459382Z cachedir: .pytest_cache
2026-09-23T08:49:10.0459940Z rootdir: /home/runner/work/log-generation/log-generation
2026-09-23T08:49:10.0460558Z configfile: pytest.ini
2026-09-23T08:49:10.0553032Z collecting ... collected 6 items
2026-09-23T08:49:10.0553905Z 
2026-09-23T08:49:10.0562863Z tests/test_app.py::test_calculate_division PASSED                        [ 16%]
2026-09-23T08:49:10.0570958Z tests/test_app.py::test_convert_to_int PASSED                            [ 33%]
2026-09-23T08:49:10.0579230Z tests/test_app.py::test_get_list_item PASSED                             [ 50%]
2026-09-23T08:49:10.0587472Z tests/test_app.py::test_get_dict_value PASSED                            [ 66%]
2026-09-23T08:49:10.0595358Z tests/test_app.py::test_assert_positive PASSED                           [ 83%]
2026-09-23T08:49:10.0908144Z tests/test_app.py::test_attribute_error FAILED                           [100%]
2026-09-23T08:49:10.0908818Z 
2026-09-23T08:49:10.0909120Z =================================== FAILURES ===================================
2026-09-23T08:49:10.0909916Z _____________________________ test_attribute_error _____________________________
2026-09-23T08:49:10.0910443Z 
2026-09-23T08:49:10.0910682Z     def test_attribute_error():
2026-09-23T08:49:10.0911210Z         """Injected synthetic AttributeError."""
2026-09-23T08:49:10.0912154Z         from src.app import get_object_attribute
2026-09-23T08:49:10.0912758Z >       get_object_attribute(object())
2026-09-23T08:49:10.0913101Z 
2026-09-23T08:49:10.0913282Z tests/test_app.py:139: 
2026-09-23T08:49:10.0913815Z _ _ _ _ _ _ _ _ _ _ _ _ _ _ _ _ _ _ _ _ _ _ _ _ _ _ _ _ _ _ _ _ _ _ _ _ _ _ _ _ 
2026-09-23T08:49:10.0914328Z 
2026-09-23T08:49:10.0914528Z obj = <object object at 0x7fb8bdd2d370>
2026-09-23T08:49:10.0914880Z 
2026-09-23T08:49:10.0915072Z     def get_object_attribute(obj):
2026-09-23T08:49:10.0915576Z >       return obj.non_existent_attribute
2026-09-23T08:49:10.0916082Z                ^^^^^^^^^^^^^^^^^^^^^^^^^^
2026-09-23T08:49:10.0916803Z E       AttributeError: 'object' object has no attribute 'non_existent_attribute'
2026-09-23T08:49:10.0917399Z 
2026-09-23T08:49:10.0917591Z src/app.py:14: AttributeError
2026-09-23T08:49:10.0918172Z =========================== short test summary info ============================
2026-09-23T08:49:10.0919822Z FAILED tests/test_app.py::test_attribute_error - AttributeError: 'object' object has no attribute 'non_existent_attribute'
2026-09-23T08:49:10.0920944Z ========================= 1 failed, 5 passed in 0.03s ==========================
2026-09-23T08:49:10.1124392Z ##[error]Process completed with exit code 1.
2026-09-23T08:49:10.1272486Z Node 20 is being deprecated. This workflow is running with Node 24 by default. If you need to temporarily use Node 20, you can set the ACTIONS_ALLOW_USE_UNSECURE_NODE_VERSION=true environment variable. For more information see: https://github.blog/changelog/2025-09-19-deprecation-of-node-20-on-github-actions-runners/
2026-09-23T08:49:10.1273782Z Post job cleanup.
2026-09-23T08:49:10.2133403Z [command]/usr/bin/git version
2026-09-23T08:49:10.2175242Z git version 2.55.0
2026-09-23T08:49:10.2216725Z Temporarily overriding HOME='/home/runner/work/_temp/a8da2872-d441-4b91-94dd-79ab156b5ae3' before making global git config changes
2026-09-23T08:49:10.2218047Z Adding repository directory to the temporary git global config as a safe directory
2026-09-23T08:49:10.2224700Z [command]/usr/bin/git config --global --add safe.directory /home/runner/work/log-generation/log-generation
2026-09-23T08:49:10.2265874Z [command]/usr/bin/git config --local --name-only --get-regexp core\.sshCommand
2026-09-23T08:49:10.2303162Z [command]/usr/bin/git submodule foreach --recursive sh -c "git config --local --name-only --get-regexp 'core\.sshCommand' && git config --local --unset-all 'core.sshCommand' || :"
2026-09-23T08:49:10.2571377Z [command]/usr/bin/git config --local --name-only --get-regexp http\.https\:\/\/github\.com\/\.extraheader
2026-09-23T08:49:10.2603155Z http.https://github.com/.extraheader
2026-09-23T08:49:10.2614415Z [command]/usr/bin/git config --local --unset-all http.https://github.com/.extraheader
2026-09-23T08:49:10.2657084Z [command]/usr/bin/git submodule foreach --recursive sh -c "git config --local --name-only --get-regexp 'http\.https\:\/\/github\.com\/\.extraheader' && git config --local --unset-all 'http.https://github.com/.extraheader' || :"
2026-09-23T08:49:10.2948484Z [command]/usr/bin/git config --local --name-only --get-regexp ^includeIf\.gitdir:
2026-09-23T08:49:10.2995676Z [command]/usr/bin/git submodule foreach --recursive git config --local --show-origin --name-only --get-regexp remote.origin.url
2026-09-23T08:49:10.3443453Z Cleaning up orphan processes
2026-09-23T08:49:10.3717888Z ##[warning]Node.js 20 is deprecated. The following actions target Node.js 20 but are being forced to run on Node.js 24: actions/checkout@v4, actions/setup-python@v5. For more information see: https://github.blog/changelog/2025-09-19-deprecation-of-node-20-on-github-actions-runners/
