ï»¿2026-09-23T08:45:39.5803774Z Current runner version: '2.337.0'
2026-09-23T08:45:39.5821350Z ##[group]Runner Image Provisioner
2026-09-23T08:45:39.5821956Z Hosted Compute Agent
2026-09-23T08:45:39.5822376Z Version: 20260828.587
2026-09-23T08:45:39.5822846Z Commit: abac92662cab4cc7352de4f9f9d2e2419aad9c29
2026-09-23T08:45:39.5823350Z Build Date: 2026-08-28T16:44:25Z
2026-09-23T08:45:39.5823886Z Worker ID: {d2bff575-6cb4-4ca8-9fb2-c94f1ebe9aad}
2026-09-23T08:45:39.5824454Z Azure Region: centralus
2026-09-23T08:45:39.5824875Z ##[endgroup]
2026-09-23T08:45:39.5826177Z ##[group]Operating System
2026-09-23T08:45:39.5826610Z Ubuntu
2026-09-23T08:45:39.5826974Z 24.04.5
2026-09-23T08:45:39.5827500Z LTS
2026-09-23T08:45:39.5828121Z ##[endgroup]
2026-09-23T08:45:39.5828556Z ##[group]Runner Image
2026-09-23T08:45:39.5828981Z Image: ubuntu-24.04
2026-09-23T08:45:39.5829407Z Version: 20260907.300.1
2026-09-23T08:45:39.5830274Z Included Software: https://github.com/actions/runner-images/blob/ubuntu24/20260907.300/images/ubuntu/Ubuntu2404-Readme.md
2026-09-23T08:45:39.5831394Z Image Release: https://github.com/actions/runner-images/releases/tag/ubuntu24%2F20260907.300
2026-09-23T08:45:39.5832054Z ##[endgroup]
2026-09-23T08:45:39.5832890Z ##[group]GITHUB_TOKEN Permissions
2026-09-23T08:45:39.5834648Z Contents: read
2026-09-23T08:45:39.5835074Z Metadata: read
2026-09-23T08:45:39.5835457Z Packages: read
2026-09-23T08:45:39.5835824Z ##[endgroup]
2026-09-23T08:45:39.5837615Z Secret source: Actions
2026-09-23T08:45:39.5838328Z Cache mode: write
2026-09-23T08:45:39.5839139Z Prepare workflow directory
2026-09-23T08:45:39.6074493Z Prepare all required actions
2026-09-23T08:45:39.6109619Z Getting action download info
2026-09-23T08:45:39.8538681Z Download action repository 'actions/checkout@v4' (SHA:11d5960a326750d5838078e36cf38b85af677262)
2026-09-23T08:45:40.3249778Z Download action repository 'actions/setup-python@v5' (SHA:a26af69be951a213d495a4c3e4e4022e16d87065)
2026-09-23T08:45:40.5719145Z Complete job name: test-f3 (KeyError #202)
2026-09-23T08:45:40.6257653Z Node 20 is being deprecated. This workflow is running with Node 24 by default. If you need to temporarily use Node 20, you can set the ACTIONS_ALLOW_USE_UNSECURE_NODE_VERSION=true environment variable. For more information see: https://github.blog/changelog/2025-09-19-deprecation-of-node-20-on-github-actions-runners/
2026-09-23T08:45:40.6264343Z ##[group]Run actions/checkout@v4
2026-09-23T08:45:40.6265196Z with:
2026-09-23T08:45:40.6265610Z   fetch-depth: 1
2026-09-23T08:45:40.6266085Z   repository: DhruvHegde/log-generation
2026-09-23T08:45:40.6269411Z   token: ***
2026-09-23T08:45:40.6269835Z   ssh-strict: true
2026-09-23T08:45:40.6270289Z   ssh-user: git
2026-09-23T08:45:40.6270689Z   persist-credentials: true
2026-09-23T08:45:40.6271112Z   clean: true
2026-09-23T08:45:40.6271496Z   sparse-checkout-cone-mode: true
2026-09-23T08:45:40.6271927Z   fetch-tags: false
2026-09-23T08:45:40.6272353Z   show-progress: true
2026-09-23T08:45:40.6272769Z   lfs: false
2026-09-23T08:45:40.6273300Z   submodules: false
2026-09-23T08:45:40.6273736Z   set-safe-directory: true
2026-09-23T08:45:40.6274632Z   allow-unsafe-pr-checkout: false
2026-09-23T08:45:40.6275203Z ##[endgroup]
2026-09-23T08:45:40.7045363Z Syncing repository: DhruvHegde/log-generation
2026-09-23T08:45:40.7047644Z ##[group]Getting Git version info
2026-09-23T08:45:40.7048582Z Working directory is '/home/runner/work/log-generation/log-generation'
2026-09-23T08:45:40.7049800Z [command]/usr/bin/git version
2026-09-23T08:45:40.9708124Z git version 2.55.0
2026-09-23T08:45:40.9721676Z ##[endgroup]
2026-09-23T08:45:40.9735534Z Temporarily overriding HOME='/home/runner/work/_temp/5c1c3b78-4985-4897-9807-904d825c0d73' before making global git config changes
2026-09-23T08:45:40.9736978Z Adding repository directory to the temporary git global config as a safe directory
2026-09-23T08:45:40.9741628Z [command]/usr/bin/git config --global --add safe.directory /home/runner/work/log-generation/log-generation
2026-09-23T08:45:40.9785273Z Deleting the contents of '/home/runner/work/log-generation/log-generation'
2026-09-23T08:45:40.9789914Z ##[group]Initializing the repository
2026-09-23T08:45:40.9792966Z [command]/usr/bin/git init /home/runner/work/log-generation/log-generation
2026-09-23T08:45:41.0417736Z hint: Using 'master' as the name for the initial branch. This default branch name
2026-09-23T08:45:41.0418817Z hint: will change to "main" in Git 3.0. To configure the initial branch name
2026-09-23T08:45:41.0419783Z hint: to use in all of your new repositories, which will suppress this warning,
2026-09-23T08:45:41.0420475Z hint: call:
2026-09-23T08:45:41.0420955Z hint:
2026-09-23T08:45:41.0421547Z hint: 	git config --global init.defaultBranch <name>
2026-09-23T08:45:41.0422093Z hint:
2026-09-23T08:45:41.0422587Z hint: Names commonly chosen instead of 'master' are 'main', 'trunk' and
2026-09-23T08:45:41.0423311Z hint: 'development'. The just-created branch can be renamed via this command:
2026-09-23T08:45:41.0423979Z hint:
2026-09-23T08:45:41.0424446Z hint: 	git branch -m <name>
2026-09-23T08:45:41.0424951Z hint:
2026-09-23T08:45:41.0425641Z hint: Disable this message with "git config set advice.defaultBranchName false"
2026-09-23T08:45:41.0426519Z Initialized empty Git repository in /home/runner/work/log-generation/log-generation/.git/
2026-09-23T08:45:41.0428300Z [command]/usr/bin/git remote add origin https://github.com/DhruvHegde/log-generation
2026-09-23T08:45:41.0470697Z ##[endgroup]
2026-09-23T08:45:41.0471702Z ##[group]Disabling automatic garbage collection
2026-09-23T08:45:41.0473701Z [command]/usr/bin/git config --local gc.auto 0
2026-09-23T08:45:41.0497370Z ##[endgroup]
2026-09-23T08:45:41.0498183Z ##[group]Setting up auth
2026-09-23T08:45:41.0501855Z [command]/usr/bin/git config --local --name-only --get-regexp core\.sshCommand
2026-09-23T08:45:41.0525691Z [command]/usr/bin/git submodule foreach --recursive sh -c "git config --local --name-only --get-regexp 'core\.sshCommand' && git config --local --unset-all 'core.sshCommand' || :"
2026-09-23T08:45:41.0790028Z [command]/usr/bin/git config --local --name-only --get-regexp http\.https\:\/\/github\.com\/\.extraheader
2026-09-23T08:45:41.0811581Z [command]/usr/bin/git submodule foreach --recursive sh -c "git config --local --name-only --get-regexp 'http\.https\:\/\/github\.com\/\.extraheader' && git config --local --unset-all 'http.https://github.com/.extraheader' || :"
2026-09-23T08:45:41.0959628Z [command]/usr/bin/git config --local --name-only --get-regexp ^includeIf\.gitdir:
2026-09-23T08:45:41.0982043Z [command]/usr/bin/git submodule foreach --recursive git config --local --show-origin --name-only --get-regexp remote.origin.url
2026-09-23T08:45:41.1134138Z [command]/usr/bin/git config --local http.https://github.com/.extraheader AUTHORIZATION: basic ***
2026-09-23T08:45:41.1160175Z ##[endgroup]
2026-09-23T08:45:41.1161213Z ##[group]Fetching the repository
2026-09-23T08:45:41.1168704Z [command]/usr/bin/git -c protocol.version=2 fetch --no-tags --prune --no-recurse-submodules --depth=1 origin +dfcb6f158e4bd8054252a4da5d0a9edc2ab15d57:refs/remotes/origin/feature/f3-test-failures
2026-09-23T08:45:41.6032317Z From https://github.com/DhruvHegde/log-generation
2026-09-23T08:45:41.6033308Z  * [new ref]         dfcb6f158e4bd8054252a4da5d0a9edc2ab15d57 -> origin/feature/f3-test-failures
2026-09-23T08:45:41.6035981Z ##[endgroup]
2026-09-23T08:45:41.6036851Z ##[group]Determining the checkout info
2026-09-23T08:45:41.6038777Z ##[endgroup]
2026-09-23T08:45:41.6044597Z [command]/usr/bin/git sparse-checkout disable
2026-09-23T08:45:41.6086597Z [command]/usr/bin/git config --local --unset-all extensions.worktreeConfig
2026-09-23T08:45:41.6110251Z ##[group]Checking out the ref
2026-09-23T08:45:41.6114794Z [command]/usr/bin/git checkout --progress --force -B feature/f3-test-failures refs/remotes/origin/feature/f3-test-failures
2026-09-23T08:45:41.6166143Z Switched to a new branch 'feature/f3-test-failures'
2026-09-23T08:45:41.6169738Z branch 'feature/f3-test-failures' set up to track 'origin/feature/f3-test-failures'.
2026-09-23T08:45:41.6174148Z ##[endgroup]
2026-09-23T08:45:41.6205931Z [command]/usr/bin/git log -1 --format=%H
2026-09-23T08:45:41.6223631Z dfcb6f158e4bd8054252a4da5d0a9edc2ab15d57
2026-09-23T08:45:41.6447435Z Node 20 is being deprecated. This workflow is running with Node 24 by default. If you need to temporarily use Node 20, you can set the ACTIONS_ALLOW_USE_UNSECURE_NODE_VERSION=true environment variable. For more information see: https://github.blog/changelog/2025-09-19-deprecation-of-node-20-on-github-actions-runners/
2026-09-23T08:45:41.6449141Z ##[group]Run actions/setup-python@v5
2026-09-23T08:45:41.6449488Z with:
2026-09-23T08:45:41.6449787Z   python-version: 3.11
2026-09-23T08:45:41.6450117Z   check-latest: false
2026-09-23T08:45:41.6452208Z   token: ***
2026-09-23T08:45:41.6452492Z   update-environment: true
2026-09-23T08:45:41.6452828Z   allow-prereleases: false
2026-09-23T08:45:41.6453133Z   freethreaded: false
2026-09-23T08:45:41.6453409Z ##[endgroup]
2026-09-23T08:45:41.7380710Z ##[group]Installed versions
2026-09-23T08:45:41.7444199Z (node:2017) [DEP0040] DeprecationWarning: The `punycode` module is deprecated. Please use a userland alternative instead.
2026-09-23T08:45:41.7445347Z (Use `node --trace-deprecation ...` to show where the warning was created)
2026-09-23T08:45:41.7446019Z Successfully set up CPython (3.11.16)
2026-09-23T08:45:41.7446624Z ##[endgroup]
2026-09-23T08:45:41.7576286Z ##[group]Run pip install --no-cache-dir pytest
2026-09-23T08:45:41.7577085Z [36;1mpip install --no-cache-dir pytest[0m
2026-09-23T08:45:41.7618276Z shell: /usr/bin/bash -e {0}
2026-09-23T08:45:41.7618830Z env:
2026-09-23T08:45:41.7619485Z   pythonLocation: /opt/hostedtoolcache/Python/3.11.16/x64
2026-09-23T08:45:41.7620181Z   PKG_CONFIG_PATH: /opt/hostedtoolcache/Python/3.11.16/x64/lib/pkgconfig
2026-09-23T08:45:41.7620924Z   Python_ROOT_DIR: /opt/hostedtoolcache/Python/3.11.16/x64
2026-09-23T08:45:41.7621539Z   Python2_ROOT_DIR: /opt/hostedtoolcache/Python/3.11.16/x64
2026-09-23T08:45:41.7622138Z   Python3_ROOT_DIR: /opt/hostedtoolcache/Python/3.11.16/x64
2026-09-23T08:45:41.7622825Z   LD_LIBRARY_PATH: /opt/hostedtoolcache/Python/3.11.16/x64/lib
2026-09-23T08:45:41.7623355Z ##[endgroup]
2026-09-23T08:45:46.5597123Z Collecting pytest
2026-09-23T08:45:46.6323473Z   Downloading pytest-9.1.1-py3-none-any.whl.metadata (7.6 kB)
2026-09-23T08:45:46.6486250Z Collecting iniconfig>=1.0.1 (from pytest)
2026-09-23T08:45:46.6614016Z   Downloading iniconfig-2.3.0-py3-none-any.whl.metadata (2.5 kB)
2026-09-23T08:45:46.6784304Z Collecting packaging>=22 (from pytest)
2026-09-23T08:45:46.6911112Z   Downloading packaging-26.3-py3-none-any.whl.metadata (3.5 kB)
2026-09-23T08:45:46.7065212Z Collecting pluggy<2,>=1.5 (from pytest)
2026-09-23T08:45:46.7192166Z   Downloading pluggy-1.6.0-py3-none-any.whl.metadata (4.8 kB)
2026-09-23T08:45:46.7385650Z Collecting pygments>=2.7.2 (from pytest)
2026-09-23T08:45:46.7511654Z   Downloading pygments-2.21.0-py3-none-any.whl.metadata (2.5 kB)
2026-09-23T08:45:46.7655949Z Downloading pytest-9.1.1-py3-none-any.whl (386 kB)
2026-09-23T08:45:46.8245590Z Downloading pluggy-1.6.0-py3-none-any.whl (20 kB)
2026-09-23T08:45:46.8372995Z Downloading iniconfig-2.3.0-py3-none-any.whl (7.5 kB)
2026-09-23T08:45:46.8501556Z Downloading packaging-26.3-py3-none-any.whl (129 kB)
2026-09-23T08:45:46.8643507Z Downloading pygments-2.21.0-py3-none-any.whl (1.3 MB)
2026-09-23T08:45:46.9033279Z    ââââââââââââââââââââââââââââââââââââââââ 1.3/1.3 MB 39.9 MB/s  0:00:00
2026-09-23T08:45:47.2200067Z Installing collected packages: pygments, pluggy, packaging, iniconfig, pytest
2026-09-23T08:45:48.1061153Z 
2026-09-23T08:45:48.1069380Z Successfully installed iniconfig-2.3.0 packaging-26.3 pluggy-1.6.0 pygments-2.21.0 pytest-9.1.1
2026-09-23T08:45:48.1615744Z ##[group]Run python automation/inject_mutation.py --error-type "KeyError"
2026-09-23T08:45:48.1616183Z [36;1mpython automation/inject_mutation.py --error-type "KeyError"[0m
2026-09-23T08:45:48.1637148Z shell: /usr/bin/bash -e {0}
2026-09-23T08:45:48.1637583Z env:
2026-09-23T08:45:48.1637857Z   pythonLocation: /opt/hostedtoolcache/Python/3.11.16/x64
2026-09-23T08:45:48.1638416Z   PKG_CONFIG_PATH: /opt/hostedtoolcache/Python/3.11.16/x64/lib/pkgconfig
2026-09-23T08:45:48.1638803Z   Python_ROOT_DIR: /opt/hostedtoolcache/Python/3.11.16/x64
2026-09-23T08:45:48.1639129Z   Python2_ROOT_DIR: /opt/hostedtoolcache/Python/3.11.16/x64
2026-09-23T08:45:48.1639463Z   Python3_ROOT_DIR: /opt/hostedtoolcache/Python/3.11.16/x64
2026-09-23T08:45:48.1639783Z   LD_LIBRARY_PATH: /opt/hostedtoolcache/Python/3.11.16/x64/lib
2026-09-23T08:45:48.1640055Z ##[endgroup]
2026-09-23T08:45:48.1838898Z [Mutation Injected] Successfully injected KeyError into tests/test_app.py
2026-09-23T08:45:48.1892651Z ##[group]Run pytest tests/test_app.py -v
2026-09-23T08:45:48.1892954Z [36;1mpytest tests/test_app.py -v[0m
2026-09-23T08:45:48.1908944Z shell: /usr/bin/bash -e {0}
2026-09-23T08:45:48.1909171Z env:
2026-09-23T08:45:48.1909472Z   pythonLocation: /opt/hostedtoolcache/Python/3.11.16/x64
2026-09-23T08:45:48.1909828Z   PKG_CONFIG_PATH: /opt/hostedtoolcache/Python/3.11.16/x64/lib/pkgconfig
2026-09-23T08:45:48.1910229Z   Python_ROOT_DIR: /opt/hostedtoolcache/Python/3.11.16/x64
2026-09-23T08:45:48.1910567Z   Python2_ROOT_DIR: /opt/hostedtoolcache/Python/3.11.16/x64
2026-09-23T08:45:48.1910874Z   Python3_ROOT_DIR: /opt/hostedtoolcache/Python/3.11.16/x64
2026-09-23T08:45:48.1911396Z   LD_LIBRARY_PATH: /opt/hostedtoolcache/Python/3.11.16/x64/lib
2026-09-23T08:45:48.1911671Z ##[endgroup]
2026-09-23T08:45:48.8612863Z ============================= test session starts ==============================
2026-09-23T08:45:48.8613651Z platform linux -- Python 3.11.16, pytest-9.1.1, pluggy-1.6.0 -- /opt/hostedtoolcache/Python/3.11.16/x64/bin/python
2026-09-23T08:45:48.8614051Z cachedir: .pytest_cache
2026-09-23T08:45:48.8614358Z rootdir: /home/runner/work/log-generation/log-generation
2026-09-23T08:45:48.8614685Z configfile: pytest.ini
2026-09-23T08:45:48.8671158Z collecting ... collected 6 items
2026-09-23T08:45:48.8671381Z 
2026-09-23T08:45:48.8676754Z tests/test_app.py::test_calculate_division PASSED                        [ 16%]
2026-09-23T08:45:48.8680936Z tests/test_app.py::test_convert_to_int PASSED                            [ 33%]
2026-09-23T08:45:48.8684894Z tests/test_app.py::test_get_list_item PASSED                             [ 50%]
2026-09-23T08:45:48.8689024Z tests/test_app.py::test_get_dict_value PASSED                            [ 66%]
2026-09-23T08:45:48.8693307Z tests/test_app.py::test_assert_positive PASSED                           [ 83%]
2026-09-23T08:45:48.8924260Z tests/test_app.py::test_key_error FAILED                                 [100%]
2026-09-23T08:45:48.8924575Z 
2026-09-23T08:45:48.8924730Z =================================== FAILURES ===================================
2026-09-23T08:45:48.8925241Z ________________________________ test_key_error ________________________________
2026-09-23T08:45:48.8925436Z 
2026-09-23T08:45:48.8925556Z     def test_key_error():
2026-09-23T08:45:48.8925795Z         """Injected synthetic KeyError."""
2026-09-23T08:45:48.8926106Z         from src.app import get_dict_value
2026-09-23T08:45:48.8926383Z         config = {"env": "staging", "retries": 3}
2026-09-23T08:45:48.8926703Z >       get_dict_value(config, "missing_auth_token")
2026-09-23T08:45:48.8926902Z 
2026-09-23T08:45:48.8926991Z tests/test_app.py:138: 
2026-09-23T08:45:48.8927412Z _ _ _ _ _ _ _ _ _ _ _ _ _ _ _ _ _ _ _ _ _ _ _ _ _ _ _ _ _ _ _ _ _ _ _ _ _ _ _ _ 
2026-09-23T08:45:48.8927626Z 
2026-09-23T08:45:48.8927793Z d = {'env': 'staging', 'retries': 3}, key = 'missing_auth_token'
2026-09-23T08:45:48.8927974Z 
2026-09-23T08:45:48.8928109Z     def get_dict_value(d, key):
2026-09-23T08:45:48.8928354Z >       return d[key]
2026-09-23T08:45:48.8928583Z                ^^^^^^
2026-09-23T08:45:48.8928875Z E       KeyError: 'missing_auth_token'
2026-09-23T08:45:48.8929043Z 
2026-09-23T08:45:48.8929138Z src/app.py:11: KeyError
2026-09-23T08:45:48.8929405Z =========================== short test summary info ============================
2026-09-23T08:45:48.8930010Z FAILED tests/test_app.py::test_key_error - KeyError: 'missing_auth_token'
2026-09-23T08:45:48.8930384Z ========================= 1 failed, 5 passed in 0.02s ==========================
2026-09-23T08:45:48.9123822Z ##[error]Process completed with exit code 1.
2026-09-23T08:45:48.9241004Z Node 20 is being deprecated. This workflow is running with Node 24 by default. If you need to temporarily use Node 20, you can set the ACTIONS_ALLOW_USE_UNSECURE_NODE_VERSION=true environment variable. For more information see: https://github.blog/changelog/2025-09-19-deprecation-of-node-20-on-github-actions-runners/
2026-09-23T08:45:48.9242001Z Post job cleanup.
2026-09-23T08:45:48.9832849Z [command]/usr/bin/git version
2026-09-23T08:45:48.9859244Z git version 2.55.0
2026-09-23T08:45:48.9882238Z Temporarily overriding HOME='/home/runner/work/_temp/49fb6d9b-ae63-4e3b-90f6-c5e57573b64b' before making global git config changes
2026-09-23T08:45:48.9883111Z Adding repository directory to the temporary git global config as a safe directory
2026-09-23T08:45:48.9886324Z [command]/usr/bin/git config --global --add safe.directory /home/runner/work/log-generation/log-generation
2026-09-23T08:45:48.9917106Z [command]/usr/bin/git config --local --name-only --get-regexp core\.sshCommand
2026-09-23T08:45:48.9940132Z [command]/usr/bin/git submodule foreach --recursive sh -c "git config --local --name-only --get-regexp 'core\.sshCommand' && git config --local --unset-all 'core.sshCommand' || :"
2026-09-23T08:45:49.0096912Z [command]/usr/bin/git config --local --name-only --get-regexp http\.https\:\/\/github\.com\/\.extraheader
2026-09-23T08:45:49.0152192Z http.https://github.com/.extraheader
2026-09-23T08:45:49.0159793Z [command]/usr/bin/git config --local --unset-all http.https://github.com/.extraheader
2026-09-23T08:45:49.0181075Z [command]/usr/bin/git submodule foreach --recursive sh -c "git config --local --name-only --get-regexp 'http\.https\:\/\/github\.com\/\.extraheader' && git config --local --unset-all 'http.https://github.com/.extraheader' || :"
2026-09-23T08:45:49.0335737Z [command]/usr/bin/git config --local --name-only --get-regexp ^includeIf\.gitdir:
2026-09-23T08:45:49.0360824Z [command]/usr/bin/git submodule foreach --recursive git config --local --show-origin --name-only --get-regexp remote.origin.url
2026-09-23T08:45:49.0626574Z Cleaning up orphan processes
2026-09-23T08:45:49.0800368Z ##[warning]Node.js 20 is deprecated. The following actions target Node.js 20 but are being forced to run on Node.js 24: actions/checkout@v4, actions/setup-python@v5. For more information see: https://github.blog/changelog/2025-09-19-deprecation-of-node-20-on-github-actions-runners/
