ï»¿2026-09-23T08:45:27.5920059Z Current runner version: '2.337.0'
2026-09-23T08:45:27.5943644Z ##[group]Runner Image Provisioner
2026-09-23T08:45:27.5944499Z Hosted Compute Agent
2026-09-23T08:45:27.5945122Z Version: 20260828.587
2026-09-23T08:45:27.5945834Z Commit: abac92662cab4cc7352de4f9f9d2e2419aad9c29
2026-09-23T08:45:27.5946569Z Build Date: 2026-08-28T16:44:25Z
2026-09-23T08:45:27.5947338Z Worker ID: {51deec48-d01c-4015-ab3c-133933ea5a39}
2026-09-23T08:45:27.5948082Z Azure Region: westus
2026-09-23T08:45:27.5948929Z ##[endgroup]
2026-09-23T08:45:27.5950824Z ##[group]Operating System
2026-09-23T08:45:27.5951477Z Ubuntu
2026-09-23T08:45:27.5952065Z 24.04.5
2026-09-23T08:45:27.5952596Z LTS
2026-09-23T08:45:27.5953416Z ##[endgroup]
2026-09-23T08:45:27.5954103Z ##[group]Runner Image
2026-09-23T08:45:27.5954719Z Image: ubuntu-24.04
2026-09-23T08:45:27.5955326Z Version: 20260907.300.1
2026-09-23T08:45:27.5956595Z Included Software: https://github.com/actions/runner-images/blob/ubuntu24/20260907.300/images/ubuntu/Ubuntu2404-Readme.md
2026-09-23T08:45:27.5958245Z Image Release: https://github.com/actions/runner-images/releases/tag/ubuntu24%2F20260907.300
2026-09-23T08:45:27.5959455Z ##[endgroup]
2026-09-23T08:45:27.5960686Z ##[group]GITHUB_TOKEN Permissions
2026-09-23T08:45:27.5962868Z Contents: read
2026-09-23T08:45:27.5963563Z Metadata: read
2026-09-23T08:45:27.5964139Z Packages: read
2026-09-23T08:45:27.5964675Z ##[endgroup]
2026-09-23T08:45:27.5966754Z Secret source: Actions
2026-09-23T08:45:27.5967738Z Cache mode: write
2026-09-23T08:45:27.5969120Z Prepare workflow directory
2026-09-23T08:45:27.6314171Z Prepare all required actions
2026-09-23T08:45:27.6386455Z Getting action download info
2026-09-23T08:45:28.0026783Z Download action repository 'actions/checkout@v4' (SHA:11d5960a326750d5838078e36cf38b85af677262)
2026-09-23T08:45:28.0969752Z Download action repository 'actions/setup-python@v5' (SHA:a26af69be951a213d495a4c3e4e4022e16d87065)
2026-09-23T08:45:28.2763307Z Complete job name: test-f3 (AttributeError #245)
2026-09-23T08:45:28.3664398Z Node 20 is being deprecated. This workflow is running with Node 24 by default. If you need to temporarily use Node 20, you can set the ACTIONS_ALLOW_USE_UNSECURE_NODE_VERSION=true environment variable. For more information see: https://github.blog/changelog/2025-09-19-deprecation-of-node-20-on-github-actions-runners/
2026-09-23T08:45:28.3673398Z ##[group]Run actions/checkout@v4
2026-09-23T08:45:28.3674135Z with:
2026-09-23T08:45:28.3674557Z   fetch-depth: 1
2026-09-23T08:45:28.3675033Z   repository: DhruvHegde/log-generation
2026-09-23T08:45:28.3678996Z   token: ***
2026-09-23T08:45:28.3679447Z   ssh-strict: true
2026-09-23T08:45:28.3679884Z   ssh-user: git
2026-09-23T08:45:28.3680326Z   persist-credentials: true
2026-09-23T08:45:28.3680807Z   clean: true
2026-09-23T08:45:28.3681248Z   sparse-checkout-cone-mode: true
2026-09-23T08:45:28.3681772Z   fetch-tags: false
2026-09-23T08:45:28.3682212Z   show-progress: true
2026-09-23T08:45:28.3682657Z   lfs: false
2026-09-23T08:45:28.3683395Z   submodules: false
2026-09-23T08:45:28.3684541Z   set-safe-directory: true
2026-09-23T08:45:28.3685458Z   allow-unsafe-pr-checkout: false
2026-09-23T08:45:28.3686483Z ##[endgroup]
2026-09-23T08:45:28.4729194Z Syncing repository: DhruvHegde/log-generation
2026-09-23T08:45:28.4731545Z ##[group]Getting Git version info
2026-09-23T08:45:28.4732392Z Working directory is '/home/runner/work/log-generation/log-generation'
2026-09-23T08:45:28.4733824Z [command]/usr/bin/git version
2026-09-23T08:45:28.4872863Z git version 2.55.0
2026-09-23T08:45:28.4897690Z ##[endgroup]
2026-09-23T08:45:28.4914172Z Temporarily overriding HOME='/home/runner/work/_temp/faf970aa-669d-4462-b3fd-ccf9e5db2cdd' before making global git config changes
2026-09-23T08:45:28.4915735Z Adding repository directory to the temporary git global config as a safe directory
2026-09-23T08:45:28.4921928Z [command]/usr/bin/git config --global --add safe.directory /home/runner/work/log-generation/log-generation
2026-09-23T08:45:28.4976552Z Deleting the contents of '/home/runner/work/log-generation/log-generation'
2026-09-23T08:45:28.4982514Z ##[group]Initializing the repository
2026-09-23T08:45:28.4987893Z [command]/usr/bin/git init /home/runner/work/log-generation/log-generation
2026-09-23T08:45:28.5092120Z hint: Using 'master' as the name for the initial branch. This default branch name
2026-09-23T08:45:28.5093784Z hint: will change to "main" in Git 3.0. To configure the initial branch name
2026-09-23T08:45:28.5095300Z hint: to use in all of your new repositories, which will suppress this warning,
2026-09-23T08:45:28.5096646Z hint: call:
2026-09-23T08:45:28.5097349Z hint:
2026-09-23T08:45:28.5098172Z hint: 	git config --global init.defaultBranch <name>
2026-09-23T08:45:28.5099425Z hint:
2026-09-23T08:45:28.5100360Z hint: Names commonly chosen instead of 'master' are 'main', 'trunk' and
2026-09-23T08:45:28.5101970Z hint: 'development'. The just-created branch can be renamed via this command:
2026-09-23T08:45:28.5103236Z hint:
2026-09-23T08:45:28.5103938Z hint: 	git branch -m <name>
2026-09-23T08:45:28.5104708Z hint:
2026-09-23T08:45:28.5105714Z hint: Disable this message with "git config set advice.defaultBranchName false"
2026-09-23T08:45:28.5113523Z Initialized empty Git repository in /home/runner/work/log-generation/log-generation/.git/
2026-09-23T08:45:28.5125572Z [command]/usr/bin/git remote add origin https://github.com/DhruvHegde/log-generation
2026-09-23T08:45:28.5167989Z ##[endgroup]
2026-09-23T08:45:28.5169371Z ##[group]Disabling automatic garbage collection
2026-09-23T08:45:28.5172558Z [command]/usr/bin/git config --local gc.auto 0
2026-09-23T08:45:28.5219298Z ##[endgroup]
2026-09-23T08:45:28.5220235Z ##[group]Setting up auth
2026-09-23T08:45:28.5220994Z [command]/usr/bin/git config --local --name-only --get-regexp core\.sshCommand
2026-09-23T08:45:28.5252702Z [command]/usr/bin/git submodule foreach --recursive sh -c "git config --local --name-only --get-regexp 'core\.sshCommand' && git config --local --unset-all 'core.sshCommand' || :"
2026-09-23T08:45:28.5599420Z [command]/usr/bin/git config --local --name-only --get-regexp http\.https\:\/\/github\.com\/\.extraheader
2026-09-23T08:45:28.5659439Z [command]/usr/bin/git submodule foreach --recursive sh -c "git config --local --name-only --get-regexp 'http\.https\:\/\/github\.com\/\.extraheader' && git config --local --unset-all 'http.https://github.com/.extraheader' || :"
2026-09-23T08:45:28.5893438Z [command]/usr/bin/git config --local --name-only --get-regexp ^includeIf\.gitdir:
2026-09-23T08:45:28.5929510Z [command]/usr/bin/git submodule foreach --recursive git config --local --show-origin --name-only --get-regexp remote.origin.url
2026-09-23T08:45:28.6152587Z [command]/usr/bin/git config --local http.https://github.com/.extraheader AUTHORIZATION: basic ***
2026-09-23T08:45:28.6191757Z ##[endgroup]
2026-09-23T08:45:28.6192735Z ##[group]Fetching the repository
2026-09-23T08:45:28.6201663Z [command]/usr/bin/git -c protocol.version=2 fetch --no-tags --prune --no-recurse-submodules --depth=1 origin +dfcb6f158e4bd8054252a4da5d0a9edc2ab15d57:refs/remotes/origin/feature/f3-test-failures
2026-09-23T08:45:29.0075705Z From https://github.com/DhruvHegde/log-generation
2026-09-23T08:45:29.0076808Z  * [new ref]         dfcb6f158e4bd8054252a4da5d0a9edc2ab15d57 -> origin/feature/f3-test-failures
2026-09-23T08:45:29.0081341Z ##[endgroup]
2026-09-23T08:45:29.0082355Z ##[group]Determining the checkout info
2026-09-23T08:45:29.0084148Z ##[endgroup]
2026-09-23T08:45:29.0089981Z [command]/usr/bin/git sparse-checkout disable
2026-09-23T08:45:29.0139432Z [command]/usr/bin/git config --local --unset-all extensions.worktreeConfig
2026-09-23T08:45:29.0171148Z ##[group]Checking out the ref
2026-09-23T08:45:29.0175696Z [command]/usr/bin/git checkout --progress --force -B feature/f3-test-failures refs/remotes/origin/feature/f3-test-failures
2026-09-23T08:45:29.0256575Z Switched to a new branch 'feature/f3-test-failures'
2026-09-23T08:45:29.0263447Z branch 'feature/f3-test-failures' set up to track 'origin/feature/f3-test-failures'.
2026-09-23T08:45:29.0267696Z ##[endgroup]
2026-09-23T08:45:29.0307981Z [command]/usr/bin/git log -1 --format=%H
2026-09-23T08:45:29.0334747Z dfcb6f158e4bd8054252a4da5d0a9edc2ab15d57
2026-09-23T08:45:29.0601087Z Node 20 is being deprecated. This workflow is running with Node 24 by default. If you need to temporarily use Node 20, you can set the ACTIONS_ALLOW_USE_UNSECURE_NODE_VERSION=true environment variable. For more information see: https://github.blog/changelog/2025-09-19-deprecation-of-node-20-on-github-actions-runners/
2026-09-23T08:45:29.0603738Z ##[group]Run actions/setup-python@v5
2026-09-23T08:45:29.0604304Z with:
2026-09-23T08:45:29.0604714Z   python-version: 3.11
2026-09-23T08:45:29.0605168Z   check-latest: false
2026-09-23T08:45:29.0609069Z   token: ***
2026-09-23T08:45:29.0609515Z   update-environment: true
2026-09-23T08:45:29.0610012Z   allow-prereleases: false
2026-09-23T08:45:29.0610490Z   freethreaded: false
2026-09-23T08:45:29.0610923Z ##[endgroup]
2026-09-23T08:45:29.1940392Z ##[group]Installed versions
2026-09-23T08:45:29.2031946Z (node:2236) [DEP0040] DeprecationWarning: The `punycode` module is deprecated. Please use a userland alternative instead.
2026-09-23T08:45:29.2033346Z (Use `node --trace-deprecation ...` to show where the warning was created)
2026-09-23T08:45:29.2034660Z Successfully set up CPython (3.11.16)
2026-09-23T08:45:29.2036056Z ##[endgroup]
2026-09-23T08:45:29.2300493Z ##[group]Run pip install --no-cache-dir pytest
2026-09-23T08:45:29.2301785Z [36;1mpip install --no-cache-dir pytest[0m
2026-09-23T08:45:29.2379549Z shell: /usr/bin/bash -e {0}
2026-09-23T08:45:29.2380475Z env:
2026-09-23T08:45:29.2381396Z   pythonLocation: /opt/hostedtoolcache/Python/3.11.16/x64
2026-09-23T08:45:29.2382820Z   PKG_CONFIG_PATH: /opt/hostedtoolcache/Python/3.11.16/x64/lib/pkgconfig
2026-09-23T08:45:29.2384023Z   Python_ROOT_DIR: /opt/hostedtoolcache/Python/3.11.16/x64
2026-09-23T08:45:29.2384770Z   Python2_ROOT_DIR: /opt/hostedtoolcache/Python/3.11.16/x64
2026-09-23T08:45:29.2385974Z   Python3_ROOT_DIR: /opt/hostedtoolcache/Python/3.11.16/x64
2026-09-23T08:45:29.2387025Z   LD_LIBRARY_PATH: /opt/hostedtoolcache/Python/3.11.16/x64/lib
2026-09-23T08:45:29.2387838Z ##[endgroup]
2026-09-23T08:45:30.0385686Z Collecting pytest
2026-09-23T08:45:30.1989734Z   Downloading pytest-9.1.1-py3-none-any.whl.metadata (7.6 kB)
2026-09-23T08:45:30.2149179Z Collecting iniconfig>=1.0.1 (from pytest)
2026-09-23T08:45:30.2561441Z   Downloading iniconfig-2.3.0-py3-none-any.whl.metadata (2.5 kB)
2026-09-23T08:45:30.2755884Z Collecting packaging>=22 (from pytest)
2026-09-23T08:45:30.3169590Z   Downloading packaging-26.3-py3-none-any.whl.metadata (3.5 kB)
2026-09-23T08:45:30.3332667Z Collecting pluggy<2,>=1.5 (from pytest)
2026-09-23T08:45:30.3745977Z   Downloading pluggy-1.6.0-py3-none-any.whl.metadata (4.8 kB)
2026-09-23T08:45:30.3980875Z Collecting pygments>=2.7.2 (from pytest)
2026-09-23T08:45:30.4403278Z   Downloading pygments-2.21.0-py3-none-any.whl.metadata (2.5 kB)
2026-09-23T08:45:30.4832568Z Downloading pytest-9.1.1-py3-none-any.whl (386 kB)
2026-09-23T08:45:30.6812079Z Downloading pluggy-1.6.0-py3-none-any.whl (20 kB)
2026-09-23T08:45:30.7228195Z Downloading iniconfig-2.3.0-py3-none-any.whl (7.5 kB)
2026-09-23T08:45:30.7639359Z Downloading packaging-26.3-py3-none-any.whl (129 kB)
2026-09-23T08:45:30.8114063Z Downloading pygments-2.21.0-py3-none-any.whl (1.3 MB)
2026-09-23T08:45:30.9070776Z    ââââââââââââââââââââââââââââââââââââââââ 1.3/1.3 MB 12.5 MB/s  0:00:00
2026-09-23T08:45:30.9695347Z Installing collected packages: pygments, pluggy, packaging, iniconfig, pytest
2026-09-23T08:45:31.9457606Z 
2026-09-23T08:45:31.9467949Z Successfully installed iniconfig-2.3.0 packaging-26.3 pluggy-1.6.0 pygments-2.21.0 pytest-9.1.1
2026-09-23T08:45:31.9970174Z ##[group]Run python automation/inject_mutation.py --error-type "AttributeError"
2026-09-23T08:45:31.9971336Z [36;1mpython automation/inject_mutation.py --error-type "AttributeError"[0m
2026-09-23T08:45:32.0010392Z shell: /usr/bin/bash -e {0}
2026-09-23T08:45:32.0010714Z env:
2026-09-23T08:45:32.0011280Z   pythonLocation: /opt/hostedtoolcache/Python/3.11.16/x64
2026-09-23T08:45:32.0011795Z   PKG_CONFIG_PATH: /opt/hostedtoolcache/Python/3.11.16/x64/lib/pkgconfig
2026-09-23T08:45:32.0012295Z   Python_ROOT_DIR: /opt/hostedtoolcache/Python/3.11.16/x64
2026-09-23T08:45:32.0012723Z   Python2_ROOT_DIR: /opt/hostedtoolcache/Python/3.11.16/x64
2026-09-23T08:45:32.0013169Z   Python3_ROOT_DIR: /opt/hostedtoolcache/Python/3.11.16/x64
2026-09-23T08:45:32.0013618Z   LD_LIBRARY_PATH: /opt/hostedtoolcache/Python/3.11.16/x64/lib
2026-09-23T08:45:32.0014020Z ##[endgroup]
2026-09-23T08:45:32.0310367Z [Mutation Injected] Successfully injected AttributeError into tests/test_app.py
2026-09-23T08:45:32.0380648Z ##[group]Run pytest tests/test_app.py -v
2026-09-23T08:45:32.0381089Z [36;1mpytest tests/test_app.py -v[0m
2026-09-23T08:45:32.0416531Z shell: /usr/bin/bash -e {0}
2026-09-23T08:45:32.0416825Z env:
2026-09-23T08:45:32.0417135Z   pythonLocation: /opt/hostedtoolcache/Python/3.11.16/x64
2026-09-23T08:45:32.0417633Z   PKG_CONFIG_PATH: /opt/hostedtoolcache/Python/3.11.16/x64/lib/pkgconfig
2026-09-23T08:45:32.0418150Z   Python_ROOT_DIR: /opt/hostedtoolcache/Python/3.11.16/x64
2026-09-23T08:45:32.0418808Z   Python2_ROOT_DIR: /opt/hostedtoolcache/Python/3.11.16/x64
2026-09-23T08:45:32.0419265Z   Python3_ROOT_DIR: /opt/hostedtoolcache/Python/3.11.16/x64
2026-09-23T08:45:32.0419710Z   LD_LIBRARY_PATH: /opt/hostedtoolcache/Python/3.11.16/x64/lib
2026-09-23T08:45:32.0420088Z ##[endgroup]
2026-09-23T08:45:32.4669176Z ============================= test session starts ==============================
2026-09-23T08:45:32.4670832Z platform linux -- Python 3.11.16, pytest-9.1.1, pluggy-1.6.0 -- /opt/hostedtoolcache/Python/3.11.16/x64/bin/python
2026-09-23T08:45:32.4672278Z cachedir: .pytest_cache
2026-09-23T08:45:32.4672997Z rootdir: /home/runner/work/log-generation/log-generation
2026-09-23T08:45:32.4673871Z configfile: pytest.ini
2026-09-23T08:45:32.4755869Z collecting ... collected 6 items
2026-09-23T08:45:32.4756203Z 
2026-09-23T08:45:32.4764800Z tests/test_app.py::test_calculate_division PASSED                        [ 16%]
2026-09-23T08:45:32.4772976Z tests/test_app.py::test_convert_to_int PASSED                            [ 33%]
2026-09-23T08:45:32.4780653Z tests/test_app.py::test_get_list_item PASSED                             [ 50%]
2026-09-23T08:45:32.4787620Z tests/test_app.py::test_get_dict_value PASSED                            [ 66%]
2026-09-23T08:45:32.4794736Z tests/test_app.py::test_assert_positive PASSED                           [ 83%]
2026-09-23T08:45:32.5065266Z tests/test_app.py::test_attribute_error FAILED                           [100%]
2026-09-23T08:45:32.5066053Z 
2026-09-23T08:45:32.5066411Z =================================== FAILURES ===================================
2026-09-23T08:45:32.5067355Z _____________________________ test_attribute_error _____________________________
2026-09-23T08:45:32.5067956Z 
2026-09-23T08:45:32.5068179Z     def test_attribute_error():
2026-09-23T08:45:32.5069064Z         """Injected synthetic AttributeError."""
2026-09-23T08:45:32.5069808Z         from src.app import get_object_attribute
2026-09-23T08:45:32.5070488Z >       get_object_attribute(object())
2026-09-23T08:45:32.5070894Z 
2026-09-23T08:45:32.5071102Z tests/test_app.py:137: 
2026-09-23T08:45:32.5071724Z _ _ _ _ _ _ _ _ _ _ _ _ _ _ _ _ _ _ _ _ _ _ _ _ _ _ _ _ _ _ _ _ _ _ _ _ _ _ _ _ 
2026-09-23T08:45:32.5072273Z 
2026-09-23T08:45:32.5072535Z obj = <object object at 0x7fdb1e585370>
2026-09-23T08:45:32.5072823Z 
2026-09-23T08:45:32.5072946Z     def get_object_attribute(obj):
2026-09-23T08:45:32.5073277Z >       return obj.non_existent_attribute
2026-09-23T08:45:32.5073635Z                ^^^^^^^^^^^^^^^^^^^^^^^^^^
2026-09-23T08:45:32.5074082Z E       AttributeError: 'object' object has no attribute 'non_existent_attribute'
2026-09-23T08:45:32.5074451Z 
2026-09-23T08:45:32.5074571Z src/app.py:14: AttributeError
2026-09-23T08:45:32.5074941Z =========================== short test summary info ============================
2026-09-23T08:45:32.5075927Z FAILED tests/test_app.py::test_attribute_error - AttributeError: 'object' object has no attribute 'non_existent_attribute'
2026-09-23T08:45:32.5076653Z ========================= 1 failed, 5 passed in 0.03s ==========================
2026-09-23T08:45:32.5258375Z ##[error]Process completed with exit code 1.
2026-09-23T08:45:32.5402980Z Node 20 is being deprecated. This workflow is running with Node 24 by default. If you need to temporarily use Node 20, you can set the ACTIONS_ALLOW_USE_UNSECURE_NODE_VERSION=true environment variable. For more information see: https://github.blog/changelog/2025-09-19-deprecation-of-node-20-on-github-actions-runners/
2026-09-23T08:45:32.5404278Z Post job cleanup.
2026-09-23T08:45:32.6244791Z [command]/usr/bin/git version
2026-09-23T08:45:32.6288800Z git version 2.55.0
2026-09-23T08:45:32.6332412Z Temporarily overriding HOME='/home/runner/work/_temp/1184c42d-8133-4702-a857-9be606a36e29' before making global git config changes
2026-09-23T08:45:32.6333608Z Adding repository directory to the temporary git global config as a safe directory
2026-09-23T08:45:32.6339341Z [command]/usr/bin/git config --global --add safe.directory /home/runner/work/log-generation/log-generation
2026-09-23T08:45:32.6377445Z [command]/usr/bin/git config --local --name-only --get-regexp core\.sshCommand
2026-09-23T08:45:32.6413119Z [command]/usr/bin/git submodule foreach --recursive sh -c "git config --local --name-only --get-regexp 'core\.sshCommand' && git config --local --unset-all 'core.sshCommand' || :"
2026-09-23T08:45:32.6675264Z [command]/usr/bin/git config --local --name-only --get-regexp http\.https\:\/\/github\.com\/\.extraheader
2026-09-23T08:45:32.6720789Z http.https://github.com/.extraheader
2026-09-23T08:45:32.6749837Z [command]/usr/bin/git config --local --unset-all http.https://github.com/.extraheader
2026-09-23T08:45:32.6840480Z [command]/usr/bin/git submodule foreach --recursive sh -c "git config --local --name-only --get-regexp 'http\.https\:\/\/github\.com\/\.extraheader' && git config --local --unset-all 'http.https://github.com/.extraheader' || :"
2026-09-23T08:45:32.7171596Z [command]/usr/bin/git config --local --name-only --get-regexp ^includeIf\.gitdir:
2026-09-23T08:45:32.7231232Z [command]/usr/bin/git submodule foreach --recursive git config --local --show-origin --name-only --get-regexp remote.origin.url
2026-09-23T08:45:32.7684527Z Cleaning up orphan processes
2026-09-23T08:45:32.7993719Z ##[warning]Node.js 20 is deprecated. The following actions target Node.js 20 but are being forced to run on Node.js 24: actions/checkout@v4, actions/setup-python@v5. For more information see: https://github.blog/changelog/2025-09-19-deprecation-of-node-20-on-github-actions-runners/
